nohup: ignoring input
========================================================================
KOA MECS VersionB experiment
Loss mode : CE
Seed      : 314
Epochs    : 60
Patience  : 15
Data root : /root/autodl-tmp/Knee_Osteoarthritis
Run tag   : mecsb_ce_seed314
Checkpoint: /root/autodl-tmp/MedVisionLab/Knee/checkpoints/best_resnet50_mecs_layer3_knee_oa_mecsb_ce_seed314.pt
Module    : MECS_VersionB (median-anchored dynamic router)
========================================================================
Starting ResNet(layer3)+MECS+CE Knee Osteoarthritis Baseline...
Using device: cuda
CUDA device: NVIDIA GeForce RTX 4090
Run tag: mecsb_ce_seed314
Config | seed=314, batch_size=32, epochs=60, image_size=224
Class mapping from folders: {'0': 0, '1': 1, '2': 2, '3': 3, '4': 4}

Train samples: 5778
Train class distribution:
  0_Normal: 2286
  1_Doubtful: 1046
  2_Mild: 1516
  3_Moderate: 757
  4_Severe: 173

Valid samples: 826
Valid class distribution:
  0_Normal: 328
  1_Doubtful: 153
  2_Mild: 212
  3_Moderate: 106
  4_Severe: 27

Test samples: 1656
Test class distribution:
  0_Normal: 639
  1_Doubtful: 296
  2_Mild: 447
  3_Moderate: 223
  4_Severe: 51

AutoTest samples: 1526
AutoTest class distribution:
  0_Normal: 604
  1_Doubtful: 275
  2_Mild: 403
  3_Moderate: 200
  4_Severe: 44

Split sizes | train=5778, valid=826, test=1656, auto_test=1526
Loading ResNet50 with MECS module at layer3...
Trainable parameters: 27,305,297

[INFO] Class counts in training set: [2286 1046 1516  757  173]
[INFO] Using Standard CrossEntropyLoss (No class weights).
Starting training...

Epoch 01/60 | Time 0m 10s
  Train | loss=1.3996 | top1=39.52% | top2=65.63% | top3=83.88%
  Valid | loss=1.2724 | top1=42.07% | top2=66.35% | top3=83.29% | acc=42.37% | bal_acc=22.24% | macro_f1=0.1574 | qwk=0.1618 | mae=1.0690 | weighted_f1=0.2860 | precision_macro=0.1580 | recall_macro=0.2224
         ovr_roc_auc_macro=0.7392 | ovr_pr_auc_macro=0.4009
 Initial best model saved to /root/autodl-tmp/MedVisionLab/Knee/checkpoints/best_resnet50_mecs_layer3_knee_oa_mecsb_ce_seed314.pt (QWK=0.1618)

Epoch 02/60 | Time 0m 9s
  Train | loss=1.1981 | top1=48.68% | top2=71.82% | top3=88.71%
  Valid | loss=1.2842 | top1=43.63% | top2=67.19% | top3=89.62% | acc=43.95% | bal_acc=23.89% | macro_f1=0.1855 | qwk=0.3818 | mae=0.9056 | weighted_f1=0.3196 | precision_macro=0.2569 | recall_macro=0.2389
         ovr_roc_auc_macro=0.7795 | ovr_pr_auc_macro=0.4885
 Validation improved. Saved best model to /root/autodl-tmp/MedVisionLab/Knee/checkpoints/best_resnet50_mecs_layer3_knee_oa_mecsb_ce_seed314.pt (QWK=0.3818)

Epoch 03/60 | Time 0m 9s
  Train | loss=0.9959 | top1=58.71% | top2=81.72% | top3=96.74%
  Valid | loss=1.0746 | top1=48.16% | top2=78.25% | top3=95.67% | acc=48.06% | bal_acc=54.00% | macro_f1=0.5198 | qwk=0.6017 | mae=0.6852 | weighted_f1=0.4749 | precision_macro=0.5475 | recall_macro=0.5400
         ovr_roc_auc_macro=0.8357 | ovr_pr_auc_macro=0.6017
 Validation improved. Saved best model to /root/autodl-tmp/MedVisionLab/Knee/checkpoints/best_resnet50_mecs_layer3_knee_oa_mecsb_ce_seed314.pt (QWK=0.6017)

Epoch 04/60 | Time 0m 10s
  Train | loss=0.8722 | top1=63.48% | top2=86.77% | top3=98.15%
  Valid | loss=0.9537 | top1=61.46% | top2=86.24% | top3=98.56% | acc=61.38% | bal_acc=56.86% | macro_f1=0.5564 | qwk=0.7181 | mae=0.5412 | weighted_f1=0.5441 | precision_macro=0.6372 | recall_macro=0.5686
         ovr_roc_auc_macro=0.8615 | ovr_pr_auc_macro=0.6767
 Validation improved. Saved best model to /root/autodl-tmp/MedVisionLab/Knee/checkpoints/best_resnet50_mecs_layer3_knee_oa_mecsb_ce_seed314.pt (QWK=0.7181)

Epoch 05/60 | Time 0m 10s
  Train | loss=0.8228 | top1=65.60% | top2=87.99% | top3=98.67%
  Valid | loss=0.8260 | top1=65.30% | top2=88.31% | top3=98.56% | acc=65.13% | bal_acc=65.65% | macro_f1=0.6331 | qwk=0.7741 | mae=0.4564 | weighted_f1=0.6173 | precision_macro=0.6414 | recall_macro=0.6565
         ovr_roc_auc_macro=0.8820 | ovr_pr_auc_macro=0.7108
 Validation improved. Saved best model to /root/autodl-tmp/MedVisionLab/Knee/checkpoints/best_resnet50_mecs_layer3_knee_oa_mecsb_ce_seed314.pt (QWK=0.7741)

Epoch 06/60 | Time 0m 10s
  Train | loss=0.7767 | top1=67.78% | top2=89.09% | top3=98.83%
  Valid | loss=0.8722 | top1=63.47% | top2=87.44% | top3=98.68% | acc=63.32% | bal_acc=61.91% | macro_f1=0.6340 | qwk=0.7643 | mae=0.4576 | weighted_f1=0.6197 | precision_macro=0.6840 | recall_macro=0.6191
         ovr_roc_auc_macro=0.8728 | ovr_pr_auc_macro=0.6975
 No improvement. Bad epochs: 1/15

Epoch 07/60 | Time 0m 10s
  Train | loss=0.7220 | top1=69.10% | top2=90.81% | top3=99.03%
  Valid | loss=0.9027 | top1=62.18% | top2=86.39% | top3=97.72% | acc=61.99% | bal_acc=63.53% | macro_f1=0.5910 | qwk=0.7571 | mae=0.5024 | weighted_f1=0.5817 | precision_macro=0.5913 | recall_macro=0.6353
         ovr_roc_auc_macro=0.8744 | ovr_pr_auc_macro=0.6823
 No improvement. Bad epochs: 2/15

Epoch 08/60 | Time 0m 10s
  Train | loss=0.6828 | top1=70.87% | top2=91.74% | top3=99.24%
  Valid | loss=0.8901 | top1=64.50% | top2=89.25% | top3=98.77% | acc=64.41% | bal_acc=59.99% | macro_f1=0.6235 | qwk=0.7865 | mae=0.4370 | weighted_f1=0.6167 | precision_macro=0.6843 | recall_macro=0.5999
         ovr_roc_auc_macro=0.8784 | ovr_pr_auc_macro=0.7068
 Validation improved. Saved best model to /root/autodl-tmp/MedVisionLab/Knee/checkpoints/best_resnet50_mecs_layer3_knee_oa_mecsb_ce_seed314.pt (QWK=0.7865)

Epoch 09/60 | Time 0m 9s
  Train | loss=0.6680 | top1=72.23% | top2=92.25% | top3=99.38%
  Valid | loss=0.8974 | top1=61.94% | top2=87.02% | top3=98.68% | acc=61.74% | bal_acc=64.92% | macro_f1=0.6511 | qwk=0.7984 | mae=0.4310 | weighted_f1=0.6311 | precision_macro=0.6729 | recall_macro=0.6492
         ovr_roc_auc_macro=0.8779 | ovr_pr_auc_macro=0.7041
 Validation improved. Saved best model to /root/autodl-tmp/MedVisionLab/Knee/checkpoints/best_resnet50_mecs_layer3_knee_oa_mecsb_ce_seed314.pt (QWK=0.7984)

Epoch 10/60 | Time 0m 10s
  Train | loss=0.6405 | top1=73.25% | top2=92.58% | top3=99.46%
  Valid | loss=0.9701 | top1=64.26% | top2=87.50% | top3=98.92% | acc=64.16% | bal_acc=61.22% | macro_f1=0.6270 | qwk=0.7806 | mae=0.4540 | weighted_f1=0.6105 | precision_macro=0.6748 | recall_macro=0.6122
         ovr_roc_auc_macro=0.8734 | ovr_pr_auc_macro=0.7048
 No improvement. Bad epochs: 1/15

Epoch 11/60 | Time 0m 10s
  Train | loss=0.6079 | top1=74.76% | top2=93.60% | top3=99.55%
  Valid | loss=0.7908 | top1=66.93% | top2=89.76% | top3=98.92% | acc=66.83% | bal_acc=66.86% | macro_f1=0.6786 | qwk=0.8116 | mae=0.3971 | weighted_f1=0.6646 | precision_macro=0.6904 | recall_macro=0.6686
         ovr_roc_auc_macro=0.8902 | ovr_pr_auc_macro=0.7275
 Validation improved. Saved best model to /root/autodl-tmp/MedVisionLab/Knee/checkpoints/best_resnet50_mecs_layer3_knee_oa_mecsb_ce_seed314.pt (QWK=0.8116)

Epoch 12/60 | Time 0m 9s
  Train | loss=0.5740 | top1=75.85% | top2=94.46% | top3=99.52%
  Valid | loss=0.8925 | top1=66.08% | top2=88.70% | top3=98.80% | acc=65.86% | bal_acc=68.04% | macro_f1=0.6581 | qwk=0.8012 | mae=0.4201 | weighted_f1=0.6473 | precision_macro=0.6500 | recall_macro=0.6804
         ovr_roc_auc_macro=0.8804 | ovr_pr_auc_macro=0.7144
 No improvement. Bad epochs: 1/15

Epoch 13/60 | Time 0m 10s
  Train | loss=0.5430 | top1=77.61% | top2=95.50% | top3=99.67%
  Valid | loss=0.9715 | top1=64.44% | top2=89.34% | top3=99.04% | acc=64.41% | bal_acc=60.56% | macro_f1=0.6268 | qwk=0.7786 | mae=0.4431 | weighted_f1=0.6207 | precision_macro=0.6763 | recall_macro=0.6056
         ovr_roc_auc_macro=0.8790 | ovr_pr_auc_macro=0.7031
 No improvement. Bad epochs: 2/15

Epoch 14/60 | Time 0m 10s
  Train | loss=0.5097 | top1=78.84% | top2=95.47% | top3=99.71%
  Valid | loss=1.1439 | top1=61.41% | top2=85.82% | top3=98.92% | acc=61.38% | bal_acc=58.45% | macro_f1=0.6062 | qwk=0.7677 | mae=0.4770 | weighted_f1=0.5990 | precision_macro=0.6579 | recall_macro=0.5845
         ovr_roc_auc_macro=0.8628 | ovr_pr_auc_macro=0.6832
 No improvement. Bad epochs: 3/15

Epoch 15/60 | Time 0m 9s
  Train | loss=0.4771 | top1=79.81% | top2=95.70% | top3=99.81%
  Valid | loss=1.1512 | top1=62.42% | top2=87.02% | top3=99.28% | acc=62.23% | bal_acc=61.27% | macro_f1=0.5913 | qwk=0.7643 | mae=0.4903 | weighted_f1=0.5824 | precision_macro=0.6104 | recall_macro=0.6127
         ovr_roc_auc_macro=0.8634 | ovr_pr_auc_macro=0.6888
 No improvement. Bad epochs: 4/15

Epoch 16/60 | Time 0m 10s
  Train | loss=0.4421 | top1=82.00% | top2=96.67% | top3=99.84%
  Valid | loss=1.0660 | top1=62.30% | top2=87.50% | top3=98.92% | acc=62.11% | bal_acc=64.74% | macro_f1=0.6359 | qwk=0.7712 | mae=0.4673 | weighted_f1=0.6132 | precision_macro=0.6346 | recall_macro=0.6474
         ovr_roc_auc_macro=0.8770 | ovr_pr_auc_macro=0.7033
 No improvement. Bad epochs: 5/15

Epoch 17/60 | Time 0m 10s
  Train | loss=0.4113 | top1=83.67% | top2=97.06% | top3=99.90%
  Valid | loss=1.0145 | top1=66.44% | top2=89.76% | top3=99.16% | acc=66.22% | bal_acc=67.02% | macro_f1=0.6470 | qwk=0.8166 | mae=0.4019 | weighted_f1=0.6534 | precision_macro=0.6484 | recall_macro=0.6702
         ovr_roc_auc_macro=0.8808 | ovr_pr_auc_macro=0.7024
 Validation improved. Saved best model to /root/autodl-tmp/MedVisionLab/Knee/checkpoints/best_resnet50_mecs_layer3_knee_oa_mecsb_ce_seed314.pt (QWK=0.8166)

Epoch 18/60 | Time 0m 9s
  Train | loss=0.3815 | top1=84.54% | top2=97.21% | top3=99.90%
  Valid | loss=1.0737 | top1=64.67% | top2=88.67% | top3=98.92% | acc=64.53% | bal_acc=65.11% | macro_f1=0.6638 | qwk=0.7958 | mae=0.4249 | weighted_f1=0.6425 | precision_macro=0.6815 | recall_macro=0.6511
         ovr_roc_auc_macro=0.8773 | ovr_pr_auc_macro=0.7149
 No improvement. Bad epochs: 1/15

Epoch 19/60 | Time 0m 10s
  Train | loss=0.3422 | top1=86.49% | top2=98.00% | top3=99.88%
  Valid | loss=1.1843 | top1=64.89% | top2=88.17% | top3=99.16% | acc=64.89% | bal_acc=63.44% | macro_f1=0.6516 | qwk=0.8010 | mae=0.4177 | weighted_f1=0.6460 | precision_macro=0.6879 | recall_macro=0.6344
         ovr_roc_auc_macro=0.8822 | ovr_pr_auc_macro=0.7144
 No improvement. Bad epochs: 2/15

Epoch 20/60 | Time 0m 9s
  Train | loss=0.2999 | top1=87.95% | top2=98.29% | top3=99.86%
  Valid | loss=1.1368 | top1=63.50% | top2=87.62% | top3=98.68% | acc=63.32% | bal_acc=67.31% | macro_f1=0.6587 | qwk=0.7763 | mae=0.4540 | weighted_f1=0.6307 | precision_macro=0.6497 | recall_macro=0.6731
         ovr_roc_auc_macro=0.8811 | ovr_pr_auc_macro=0.7197
 No improvement. Bad epochs: 3/15

Epoch 21/60 | Time 0m 10s
  Train | loss=0.2863 | top1=89.07% | top2=98.27% | top3=99.95%
  Valid | loss=1.2165 | top1=64.49% | top2=88.46% | top3=99.04% | acc=64.29% | bal_acc=67.95% | macro_f1=0.6585 | qwk=0.8016 | mae=0.4274 | weighted_f1=0.6448 | precision_macro=0.6493 | recall_macro=0.6795
         ovr_roc_auc_macro=0.8822 | ovr_pr_auc_macro=0.7163
 No improvement. Bad epochs: 4/15

Epoch 22/60 | Time 0m 9s
  Train | loss=0.2449 | top1=90.59% | top2=98.52% | top3=99.97%
  Valid | loss=1.1961 | top1=63.26% | top2=86.99% | top3=98.20% | acc=63.08% | bal_acc=66.44% | macro_f1=0.6626 | qwk=0.7825 | mae=0.4443 | weighted_f1=0.6372 | precision_macro=0.6633 | recall_macro=0.6644
         ovr_roc_auc_macro=0.8794 | ovr_pr_auc_macro=0.7180
 No improvement. Bad epochs: 5/15

Epoch 23/60 | Time 0m 10s
  Train | loss=0.2358 | top1=91.05% | top2=98.79% | top3=100.00%
  Valid | loss=1.4245 | top1=64.82% | top2=85.70% | top3=98.68% | acc=64.65% | bal_acc=65.37% | macro_f1=0.6375 | qwk=0.7731 | mae=0.4528 | weighted_f1=0.6288 | precision_macro=0.6349 | recall_macro=0.6537
         ovr_roc_auc_macro=0.8779 | ovr_pr_auc_macro=0.7212
 No improvement. Bad epochs: 6/15

Epoch 24/60 | Time 0m 9s
  Train | loss=0.2054 | top1=92.22% | top2=99.08% | top3=100.00%
  Valid | loss=1.4059 | top1=65.81% | top2=87.14% | top3=99.04% | acc=65.62% | bal_acc=68.65% | macro_f1=0.6600 | qwk=0.7887 | mae=0.4310 | weighted_f1=0.6552 | precision_macro=0.6445 | recall_macro=0.6865
         ovr_roc_auc_macro=0.8781 | ovr_pr_auc_macro=0.7066
 No improvement. Bad epochs: 7/15

Epoch 25/60 | Time 0m 9s
  Train | loss=0.1865 | top1=93.02% | top2=99.17% | top3=99.97%
  Valid | loss=1.3260 | top1=65.54% | top2=88.46% | top3=99.16% | acc=65.38% | bal_acc=66.40% | macro_f1=0.6701 | qwk=0.8097 | mae=0.4104 | weighted_f1=0.6486 | precision_macro=0.6813 | recall_macro=0.6640
         ovr_roc_auc_macro=0.8796 | ovr_pr_auc_macro=0.7194
 No improvement. Bad epochs: 8/15

Epoch 26/60 | Time 0m 10s
  Train | loss=0.1569 | top1=94.15% | top2=99.36% | top3=99.98%
  Valid | loss=1.6002 | top1=59.29% | top2=87.95% | top3=99.04% | acc=59.08% | bal_acc=64.78% | macro_f1=0.6439 | qwk=0.7755 | mae=0.4722 | weighted_f1=0.6071 | precision_macro=0.6620 | recall_macro=0.6478
         ovr_roc_auc_macro=0.8736 | ovr_pr_auc_macro=0.7132
 No improvement. Bad epochs: 9/15

Epoch 27/60 | Time 0m 10s
  Train | loss=0.1493 | top1=94.38% | top2=99.46% | top3=100.00%
  Valid | loss=1.5862 | top1=64.10% | top2=87.26% | top3=98.68% | acc=63.92% | bal_acc=64.14% | macro_f1=0.6358 | qwk=0.7774 | mae=0.4455 | weighted_f1=0.6252 | precision_macro=0.6549 | recall_macro=0.6414
         ovr_roc_auc_macro=0.8791 | ovr_pr_auc_macro=0.7134
 No improvement. Bad epochs: 10/15

Epoch 28/60 | Time 0m 10s
  Train | loss=0.1219 | top1=95.74% | top2=99.55% | top3=100.00%
  Valid | loss=1.5829 | top1=65.09% | top2=89.42% | top3=98.92% | acc=64.89% | bal_acc=67.03% | macro_f1=0.6638 | qwk=0.7801 | mae=0.4467 | weighted_f1=0.6359 | precision_macro=0.6665 | recall_macro=0.6703
         ovr_roc_auc_macro=0.8768 | ovr_pr_auc_macro=0.7157
 No improvement. Bad epochs: 11/15

Epoch 29/60 | Time 0m 10s
  Train | loss=0.1254 | top1=95.26% | top2=99.60% | top3=99.97%
  Valid | loss=1.6529 | top1=66.65% | top2=87.86% | top3=98.68% | acc=66.46% | bal_acc=67.26% | macro_f1=0.6719 | qwk=0.7813 | mae=0.4334 | weighted_f1=0.6509 | precision_macro=0.6838 | recall_macro=0.6726
         ovr_roc_auc_macro=0.8767 | ovr_pr_auc_macro=0.7173
 No improvement. Bad epochs: 12/15

Epoch 30/60 | Time 0m 10s
  Train | loss=0.1216 | top1=95.64% | top2=99.59% | top3=100.00%
  Valid | loss=1.5874 | top1=65.49% | top2=87.86% | top3=97.48% | acc=65.38% | bal_acc=65.22% | macro_f1=0.6419 | qwk=0.7689 | mae=0.4613 | weighted_f1=0.6221 | precision_macro=0.6731 | recall_macro=0.6522
         ovr_roc_auc_macro=0.8719 | ovr_pr_auc_macro=0.7040
 No improvement. Bad epochs: 13/15

Epoch 31/60 | Time 0m 10s
  Train | loss=0.1348 | top1=94.72% | top2=99.55% | top3=99.98%
  Valid | loss=1.7552 | top1=63.03% | top2=87.32% | top3=98.68% | acc=62.95% | bal_acc=61.85% | macro_f1=0.6491 | qwk=0.7692 | mae=0.4540 | weighted_f1=0.6304 | precision_macro=0.6925 | recall_macro=0.6185
         ovr_roc_auc_macro=0.8672 | ovr_pr_auc_macro=0.6899
 No improvement. Bad epochs: 14/15

Epoch 32/60 | Time 0m 10s
  Train | loss=0.1038 | top1=96.38% | top2=99.65% | top3=100.00%
  Valid | loss=1.6654 | top1=64.46% | top2=86.15% | top3=98.80% | acc=64.29% | bal_acc=67.29% | macro_f1=0.6705 | qwk=0.7879 | mae=0.4322 | weighted_f1=0.6458 | precision_macro=0.6727 | recall_macro=0.6729
         ovr_roc_auc_macro=0.8795 | ovr_pr_auc_macro=0.7137
 No improvement. Bad epochs: 15/15
⏹ Early stopping triggered.
 Training stopped early at epoch 32.

Loading best model and evaluating on test set...
Best validation QWK: 0.8166

Test | loss=0.8388 | top1=69.03% | top2=90.87% | top3=99.46% | acc=68.90% | bal_acc=70.18% | macro_f1=0.6912 | qwk=0.8298 | mae=0.3726 | weighted_f1=0.6802 | precision_macro=0.6908 | recall_macro=0.7018
     ovr_roc_auc_macro=0.9043 | ovr_pr_auc_macro=0.7496

Evaluating on auto_test set...

AutoTest | loss=0.8380 | top1=68.16% | top2=90.49% | top3=99.61% | acc=67.96% | bal_acc=69.82% | macro_f1=0.6846 | qwk=0.8270 | mae=0.3788 | weighted_f1=0.6692 | precision_macro=0.6828 | recall_macro=0.6982
         ovr_roc_auc_macro=0.9017 | ovr_pr_auc_macro=0.7461

ResNet(layer3)+MECS+CE Knee Osteoarthritis baseline completed!
========================================================================
KOA MECS VersionB experiment
Loss mode : DAST
Seed      : 314
Epochs    : 60
Patience  : 15
Data root : /root/autodl-tmp/Knee_Osteoarthritis
Run tag   : mecsb_dast_seed314
Checkpoint: /root/autodl-tmp/MedVisionLab/Knee/checkpoints/best_resnet50_mecs_layer3_dast_knee_oa_new_mecsb_dast_seed314.pt
DAST      : tau=1.0, gamma=1.5
Module    : MECS_VersionB (median-anchored dynamic router)
========================================================================
Starting ResNet(layer3)+MECS+DAST Knee Osteoarthritis Baseline...
Using device: cuda
CUDA device: NVIDIA GeForce RTX 4090
Run tag: mecsb_dast_seed314
Config | seed=314, batch_size=32, epochs=60, image_size=224
DAST config | tau=1.0000, gamma=1.5000
Class mapping from folders: {'0': 0, '1': 1, '2': 2, '3': 3, '4': 4}

Train samples: 5778
Train class distribution:
  0_Normal: 2286
  1_Doubtful: 1046
  2_Mild: 1516
  3_Moderate: 757
  4_Severe: 173

Valid samples: 826
Valid class distribution:
  0_Normal: 328
  1_Doubtful: 153
  2_Mild: 212
  3_Moderate: 106
  4_Severe: 27

Test samples: 1656
Test class distribution:
  0_Normal: 639
  1_Doubtful: 296
  2_Mild: 447
  3_Moderate: 223
  4_Severe: 51

AutoTest samples: 1526
AutoTest class distribution:
  0_Normal: 604
  1_Doubtful: 275
  2_Mild: 403
  3_Moderate: 200
  4_Severe: 44

Split sizes | train=5778, valid=826, test=1656, auto_test=1526
Loading ResNet50 with MECS module at layer3...
Trainable parameters: 27,305,297

[INFO] Class counts in training set: [2286 1046 1516  757  173]
[INFO] Using Clinically Distance-Aware Soft Label Loss (DAST).
Starting training...

Epoch 01/60 | Time 0m 10s
  Train | loss=1.0057 | top1=40.17% | top2=63.04% | top3=83.91%
  Valid | loss=0.9375 | top1=41.95% | top2=65.14% | top3=84.38% | acc=42.25% | bal_acc=22.71% | macro_f1=0.1733 | qwk=0.2554 | mae=1.0085 | weighted_f1=0.3015 | precision_macro=0.3717 | recall_macro=0.2271
         ovr_roc_auc_macro=0.7693 | ovr_pr_auc_macro=0.4234
 Initial best model saved to /root/autodl-tmp/MedVisionLab/Knee/checkpoints/best_resnet50_mecs_layer3_dast_knee_oa_new_mecsb_dast_seed314.pt (QWK=0.2554)

Epoch 02/60 | Time 0m 10s
  Train | loss=0.9000 | top1=50.10% | top2=73.73% | top3=90.61%
  Valid | loss=0.8780 | top1=49.16% | top2=73.92% | top3=94.33% | acc=49.52% | bal_acc=32.74% | macro_f1=0.3001 | qwk=0.5615 | mae=0.7421 | weighted_f1=0.4159 | precision_macro=0.3431 | recall_macro=0.3274
         ovr_roc_auc_macro=0.8129 | ovr_pr_auc_macro=0.4776
 Validation improved. Saved best model to /root/autodl-tmp/MedVisionLab/Knee/checkpoints/best_resnet50_mecs_layer3_dast_knee_oa_new_mecsb_dast_seed314.pt (QWK=0.5615)

Epoch 03/60 | Time 0m 10s
  Train | loss=0.8282 | top1=56.79% | top2=81.15% | top3=96.32%
  Valid | loss=0.8313 | top1=51.16% | top2=80.09% | top3=97.12% | acc=51.45% | bal_acc=43.80% | macro_f1=0.4513 | qwk=0.6711 | mae=0.5932 | weighted_f1=0.5181 | precision_macro=0.6149 | recall_macro=0.4380
         ovr_roc_auc_macro=0.8314 | ovr_pr_auc_macro=0.5534
 Validation improved. Saved best model to /root/autodl-tmp/MedVisionLab/Knee/checkpoints/best_resnet50_mecs_layer3_dast_knee_oa_new_mecsb_dast_seed314.pt (QWK=0.6711)

Epoch 04/60 | Time 0m 10s
  Train | loss=0.7840 | top1=61.27% | top2=84.88% | top3=97.79%
  Valid | loss=0.7962 | top1=62.32% | top2=85.04% | top3=98.56% | acc=62.35% | bal_acc=55.48% | macro_f1=0.5591 | qwk=0.7287 | mae=0.5194 | weighted_f1=0.5601 | precision_macro=0.6655 | recall_macro=0.5548
         ovr_roc_auc_macro=0.8568 | ovr_pr_auc_macro=0.6626
 Validation improved. Saved best model to /root/autodl-tmp/MedVisionLab/Knee/checkpoints/best_resnet50_mecs_layer3_dast_knee_oa_new_mecsb_dast_seed314.pt (QWK=0.7287)

Epoch 05/60 | Time 0m 10s
  Train | loss=0.7588 | top1=64.92% | top2=87.54% | top3=98.41%
  Valid | loss=0.7675 | top1=63.41% | top2=86.90% | top3=97.60% | acc=63.20% | bal_acc=63.84% | macro_f1=0.6119 | qwk=0.7724 | mae=0.4685 | weighted_f1=0.6073 | precision_macro=0.6066 | recall_macro=0.6384
         ovr_roc_auc_macro=0.8717 | ovr_pr_auc_macro=0.6700
 Validation improved. Saved best model to /root/autodl-tmp/MedVisionLab/Knee/checkpoints/best_resnet50_mecs_layer3_dast_knee_oa_new_mecsb_dast_seed314.pt (QWK=0.7724)

Epoch 06/60 | Time 0m 9s
  Train | loss=0.7422 | top1=67.38% | top2=88.83% | top3=98.74%
  Valid | loss=0.7726 | top1=59.87% | top2=87.35% | top3=98.32% | acc=59.69% | bal_acc=56.65% | macro_f1=0.5592 | qwk=0.7566 | mae=0.4952 | weighted_f1=0.5634 | precision_macro=0.6027 | recall_macro=0.5665
         ovr_roc_auc_macro=0.8669 | ovr_pr_auc_macro=0.6646
 No improvement. Bad epochs: 1/15

Epoch 07/60 | Time 0m 10s
  Train | loss=0.7243 | top1=68.47% | top2=90.06% | top3=99.08%
  Valid | loss=0.7520 | top1=65.10% | top2=88.10% | top3=98.08% | acc=65.01% | bal_acc=63.38% | macro_f1=0.6181 | qwk=0.7841 | mae=0.4455 | weighted_f1=0.6159 | precision_macro=0.6270 | recall_macro=0.6338
         ovr_roc_auc_macro=0.8781 | ovr_pr_auc_macro=0.6985
 Validation improved. Saved best model to /root/autodl-tmp/MedVisionLab/Knee/checkpoints/best_resnet50_mecs_layer3_dast_knee_oa_new_mecsb_dast_seed314.pt (QWK=0.7841)

Epoch 08/60 | Time 0m 10s
  Train | loss=0.7086 | top1=70.93% | top2=91.41% | top3=98.97%
  Valid | loss=0.7582 | top1=65.03% | top2=87.08% | top3=98.44% | acc=64.89% | bal_acc=61.99% | macro_f1=0.6309 | qwk=0.7876 | mae=0.4346 | weighted_f1=0.6266 | precision_macro=0.6750 | recall_macro=0.6199
         ovr_roc_auc_macro=0.8783 | ovr_pr_auc_macro=0.7047
 Validation improved. Saved best model to /root/autodl-tmp/MedVisionLab/Knee/checkpoints/best_resnet50_mecs_layer3_dast_knee_oa_new_mecsb_dast_seed314.pt (QWK=0.7876)

Epoch 09/60 | Time 0m 10s
  Train | loss=0.6995 | top1=71.70% | top2=92.27% | top3=99.26%
  Valid | loss=0.7634 | top1=60.23% | top2=87.26% | top3=97.96% | acc=60.05% | bal_acc=64.11% | macro_f1=0.6334 | qwk=0.7892 | mae=0.4528 | weighted_f1=0.6159 | precision_macro=0.6425 | recall_macro=0.6411
         ovr_roc_auc_macro=0.8792 | ovr_pr_auc_macro=0.6992
 Validation improved. Saved best model to /root/autodl-tmp/MedVisionLab/Knee/checkpoints/best_resnet50_mecs_layer3_dast_knee_oa_new_mecsb_dast_seed314.pt (QWK=0.7892)

Epoch 10/60 | Time 0m 10s
  Train | loss=0.6967 | top1=71.44% | top2=92.43% | top3=99.18%
  Valid | loss=0.7504 | top1=63.78% | top2=88.55% | top3=98.56% | acc=63.68% | bal_acc=63.06% | macro_f1=0.6366 | qwk=0.8034 | mae=0.4298 | weighted_f1=0.6314 | precision_macro=0.6491 | recall_macro=0.6306
         ovr_roc_auc_macro=0.8836 | ovr_pr_auc_macro=0.7168
 Validation improved. Saved best model to /root/autodl-tmp/MedVisionLab/Knee/checkpoints/best_resnet50_mecs_layer3_dast_knee_oa_new_mecsb_dast_seed314.pt (QWK=0.8034)

Epoch 11/60 | Time 0m 10s
  Train | loss=0.6799 | top1=73.14% | top2=93.67% | top3=99.50%
  Valid | loss=0.7780 | top1=64.34% | top2=85.16% | top3=96.63% | acc=64.16% | bal_acc=66.86% | macro_f1=0.6478 | qwk=0.7653 | mae=0.4600 | weighted_f1=0.6280 | precision_macro=0.6537 | recall_macro=0.6686
         ovr_roc_auc_macro=0.8811 | ovr_pr_auc_macro=0.7097
 No improvement. Bad epochs: 1/15

Epoch 12/60 | Time 0m 10s
  Train | loss=0.6716 | top1=74.48% | top2=94.15% | top3=99.59%
  Valid | loss=0.7751 | top1=62.20% | top2=86.42% | top3=96.03% | acc=61.99% | bal_acc=65.46% | macro_f1=0.6212 | qwk=0.7732 | mae=0.4722 | weighted_f1=0.6074 | precision_macro=0.6036 | recall_macro=0.6546
         ovr_roc_auc_macro=0.8778 | ovr_pr_auc_macro=0.7001
 No improvement. Bad epochs: 2/15

Epoch 13/60 | Time 0m 10s
  Train | loss=0.6634 | top1=76.15% | top2=94.78% | top3=99.60%
  Valid | loss=0.7678 | top1=66.13% | top2=87.57% | top3=97.84% | acc=66.22% | bal_acc=61.38% | macro_f1=0.6286 | qwk=0.7954 | mae=0.4177 | weighted_f1=0.6428 | precision_macro=0.6878 | recall_macro=0.6138
         ovr_roc_auc_macro=0.8810 | ovr_pr_auc_macro=0.6946
 No improvement. Bad epochs: 3/15

Epoch 14/60 | Time 0m 10s
  Train | loss=0.6532 | top1=77.04% | top2=95.02% | top3=99.73%
  Valid | loss=0.8081 | top1=60.25% | top2=86.06% | top3=98.68% | acc=60.05% | bal_acc=60.26% | macro_f1=0.6032 | qwk=0.7783 | mae=0.4794 | weighted_f1=0.5888 | precision_macro=0.6381 | recall_macro=0.6026
         ovr_roc_auc_macro=0.8644 | ovr_pr_auc_macro=0.6919
 No improvement. Bad epochs: 4/15

Epoch 15/60 | Time 0m 10s
  Train | loss=0.6414 | top1=78.60% | top2=96.05% | top3=99.86%
  Valid | loss=0.8448 | top1=62.56% | top2=85.46% | top3=99.04% | acc=62.35% | bal_acc=61.12% | macro_f1=0.6051 | qwk=0.7635 | mae=0.4867 | weighted_f1=0.5916 | precision_macro=0.6453 | recall_macro=0.6112
         ovr_roc_auc_macro=0.8571 | ovr_pr_auc_macro=0.6880
 No improvement. Bad epochs: 5/15

Epoch 16/60 | Time 0m 10s
  Train | loss=0.6307 | top1=80.53% | top2=96.71% | top3=99.71%
  Valid | loss=0.7871 | top1=64.28% | top2=87.71% | top3=96.27% | acc=64.16% | bal_acc=67.03% | macro_f1=0.6669 | qwk=0.8129 | mae=0.4116 | weighted_f1=0.6493 | precision_macro=0.6667 | recall_macro=0.6703
         ovr_roc_auc_macro=0.8830 | ovr_pr_auc_macro=0.7161
 Validation improved. Saved best model to /root/autodl-tmp/MedVisionLab/Knee/checkpoints/best_resnet50_mecs_layer3_dast_knee_oa_new_mecsb_dast_seed314.pt (QWK=0.8129)

Epoch 17/60 | Time 0m 10s
  Train | loss=0.6258 | top1=81.55% | top2=96.69% | top3=99.83%
  Valid | loss=0.7740 | top1=65.99% | top2=88.31% | top3=98.32% | acc=65.86% | bal_acc=64.88% | macro_f1=0.6452 | qwk=0.7985 | mae=0.4225 | weighted_f1=0.6419 | precision_macro=0.6553 | recall_macro=0.6488
         ovr_roc_auc_macro=0.8828 | ovr_pr_auc_macro=0.7165
 No improvement. Bad epochs: 1/15

Epoch 18/60 | Time 0m 10s
  Train | loss=0.6188 | top1=81.88% | top2=97.12% | top3=99.81%
  Valid | loss=0.7981 | top1=61.63% | top2=86.30% | top3=96.03% | acc=61.38% | bal_acc=67.02% | macro_f1=0.6357 | qwk=0.7780 | mae=0.4661 | weighted_f1=0.6175 | precision_macro=0.6150 | recall_macro=0.6702
         ovr_roc_auc_macro=0.8763 | ovr_pr_auc_macro=0.6971
 No improvement. Bad epochs: 2/15

Epoch 19/60 | Time 0m 10s
  Train | loss=0.6122 | top1=83.62% | top2=97.30% | top3=99.79%
  Valid | loss=0.7662 | top1=66.72% | top2=88.22% | top3=96.75% | acc=66.59% | bal_acc=66.91% | macro_f1=0.6580 | qwk=0.7967 | mae=0.4201 | weighted_f1=0.6468 | precision_macro=0.6598 | recall_macro=0.6691
         ovr_roc_auc_macro=0.8857 | ovr_pr_auc_macro=0.7196
 No improvement. Bad epochs: 3/15

Epoch 20/60 | Time 0m 10s
  Train | loss=0.6052 | top1=84.46% | top2=97.67% | top3=99.88%
  Valid | loss=0.7870 | top1=63.42% | top2=86.34% | top3=97.12% | acc=63.32% | bal_acc=63.01% | macro_f1=0.6385 | qwk=0.7814 | mae=0.4455 | weighted_f1=0.6295 | precision_macro=0.6541 | recall_macro=0.6301
         ovr_roc_auc_macro=0.8803 | ovr_pr_auc_macro=0.7093
 No improvement. Bad epochs: 4/15

Epoch 21/60 | Time 0m 10s
  Train | loss=0.5909 | top1=86.17% | top2=98.45% | top3=99.88%
  Valid | loss=0.7942 | top1=64.64% | top2=86.78% | top3=96.88% | acc=64.41% | bal_acc=68.44% | macro_f1=0.6761 | qwk=0.7997 | mae=0.4177 | weighted_f1=0.6533 | precision_macro=0.6860 | recall_macro=0.6844
         ovr_roc_auc_macro=0.8777 | ovr_pr_auc_macro=0.7021
 No improvement. Bad epochs: 5/15

Epoch 22/60 | Time 0m 10s
  Train | loss=0.5836 | top1=87.85% | top2=98.26% | top3=99.88%
  Valid | loss=0.8028 | top1=62.75% | top2=86.75% | top3=97.24% | acc=62.59% | bal_acc=67.85% | macro_f1=0.6727 | qwk=0.7991 | mae=0.4262 | weighted_f1=0.6441 | precision_macro=0.6892 | recall_macro=0.6785
         ovr_roc_auc_macro=0.8805 | ovr_pr_auc_macro=0.7067
 No improvement. Bad epochs: 6/15

Epoch 23/60 | Time 0m 10s
  Train | loss=0.5834 | top1=88.08% | top2=98.24% | top3=99.90%
  Valid | loss=0.8010 | top1=64.89% | top2=88.07% | top3=96.88% | acc=64.77% | bal_acc=64.62% | macro_f1=0.6420 | qwk=0.7900 | mae=0.4334 | weighted_f1=0.6300 | precision_macro=0.6480 | recall_macro=0.6462
         ovr_roc_auc_macro=0.8808 | ovr_pr_auc_macro=0.7082
 No improvement. Bad epochs: 7/15

Epoch 24/60 | Time 0m 10s
  Train | loss=0.5692 | top1=89.71% | top2=98.76% | top3=99.95%
  Valid | loss=0.8229 | top1=63.80% | top2=86.27% | top3=96.15% | acc=63.68% | bal_acc=65.72% | macro_f1=0.6635 | qwk=0.7815 | mae=0.4407 | weighted_f1=0.6433 | precision_macro=0.6731 | recall_macro=0.6572
         ovr_roc_auc_macro=0.8742 | ovr_pr_auc_macro=0.7024
 No improvement. Bad epochs: 8/15

Epoch 25/60 | Time 0m 10s
  Train | loss=0.5604 | top1=91.23% | top2=99.29% | top3=99.95%
  Valid | loss=0.7935 | top1=63.08% | top2=85.88% | top3=96.63% | acc=62.95% | bal_acc=66.72% | macro_f1=0.6663 | qwk=0.7958 | mae=0.4286 | weighted_f1=0.6398 | precision_macro=0.6768 | recall_macro=0.6672
         ovr_roc_auc_macro=0.8782 | ovr_pr_auc_macro=0.6925
 No improvement. Bad epochs: 9/15

Epoch 26/60 | Time 0m 10s
  Train | loss=0.5558 | top1=92.24% | top2=99.21% | top3=99.98%
  Valid | loss=0.8073 | top1=61.58% | top2=86.75% | top3=96.88% | acc=61.38% | bal_acc=63.09% | macro_f1=0.6297 | qwk=0.7881 | mae=0.4455 | weighted_f1=0.6210 | precision_macro=0.6567 | recall_macro=0.6309
         ovr_roc_auc_macro=0.8749 | ovr_pr_auc_macro=0.7002
 No improvement. Bad epochs: 10/15

Epoch 27/60 | Time 0m 10s
  Train | loss=0.5516 | top1=92.48% | top2=99.43% | top3=99.95%
  Valid | loss=0.8214 | top1=60.11% | top2=84.74% | top3=96.88% | acc=60.05% | bal_acc=60.61% | macro_f1=0.6265 | qwk=0.7813 | mae=0.4564 | weighted_f1=0.6135 | precision_macro=0.6615 | recall_macro=0.6061
         ovr_roc_auc_macro=0.8747 | ovr_pr_auc_macro=0.7000
 No improvement. Bad epochs: 11/15

Epoch 28/60 | Time 0m 9s
  Train | loss=0.5465 | top1=93.29% | top2=99.62% | top3=100.00%
  Valid | loss=0.8469 | top1=65.01% | top2=88.43% | top3=98.08% | acc=64.89% | bal_acc=63.54% | macro_f1=0.6381 | qwk=0.7976 | mae=0.4310 | weighted_f1=0.6247 | precision_macro=0.6577 | recall_macro=0.6354
         ovr_roc_auc_macro=0.8589 | ovr_pr_auc_macro=0.6778
 No improvement. Bad epochs: 12/15

Epoch 29/60 | Time 0m 10s
  Train | loss=0.5437 | top1=93.72% | top2=99.45% | top3=100.00%
  Valid | loss=0.8658 | top1=64.34% | top2=86.54% | top3=98.44% | acc=64.16% | bal_acc=64.05% | macro_f1=0.6458 | qwk=0.7894 | mae=0.4419 | weighted_f1=0.6270 | precision_macro=0.6741 | recall_macro=0.6405
         ovr_roc_auc_macro=0.8558 | ovr_pr_auc_macro=0.6793
 No improvement. Bad epochs: 13/15

Epoch 30/60 | Time 0m 9s
  Train | loss=0.5397 | top1=94.20% | top2=99.74% | top3=100.00%
  Valid | loss=0.8345 | top1=65.18% | top2=88.22% | top3=97.12% | acc=65.01% | bal_acc=64.68% | macro_f1=0.6475 | qwk=0.7934 | mae=0.4298 | weighted_f1=0.6396 | precision_macro=0.6654 | recall_macro=0.6468
         ovr_roc_auc_macro=0.8666 | ovr_pr_auc_macro=0.7007
 No improvement. Bad epochs: 14/15

Epoch 31/60 | Time 0m 10s
  Train | loss=0.5352 | top1=94.93% | top2=99.65% | top3=100.00%
  Valid | loss=0.8237 | top1=63.99% | top2=87.47% | top3=98.08% | acc=63.92% | bal_acc=62.69% | macro_f1=0.6464 | qwk=0.7943 | mae=0.4310 | weighted_f1=0.6370 | precision_macro=0.6712 | recall_macro=0.6269
         ovr_roc_auc_macro=0.8646 | ovr_pr_auc_macro=0.6755
 No improvement. Bad epochs: 15/15
⏹ Early stopping triggered.
 Training stopped early at epoch 31.

Loading best model and evaluating on test set...
Best validation QWK: 0.8129

Test | loss=0.7480 | top1=66.69% | top2=90.36% | top3=98.50% | acc=66.61% | bal_acc=68.35% | macro_f1=0.6865 | qwk=0.8357 | mae=0.3744 | weighted_f1=0.6727 | precision_macro=0.6950 | recall_macro=0.6835
     ovr_roc_auc_macro=0.8975 | ovr_pr_auc_macro=0.7161

Evaluating on auto_test set...

AutoTest | loss=0.7321 | top1=67.49% | top2=90.40% | top3=98.89% | acc=67.37% | bal_acc=69.10% | macro_f1=0.6914 | qwk=0.8376 | mae=0.3670 | weighted_f1=0.6794 | precision_macro=0.6967 | recall_macro=0.6910
         ovr_roc_auc_macro=0.9047 | ovr_pr_auc_macro=0.7348

ResNet(layer3)+MECS+DAST Knee Osteoarthritis baseline completed!
