DATASET: KOA
METHOD: ResNet50 + MESC VersionB
SEED: 3
SCRIPT: /root/autodl-tmp/MedVisionLab/Knee/ResNet_layer3+MECS+CE.py
RUN_TAG: controlled_mecsb_vb_koa_adni_10seed_20260803_234110_koa_resnet50_plus_mesc_versionb_seed3
COMMAND: /root/miniconda3/envs/medvision/bin/python -u /root/autodl-tmp/MedVisionLab/tools/run_training_with_mecsb.py --script /root/autodl-tmp/MedVisionLab/Knee/ResNet_layer3+MECS+CE.py
==========================================================================================
MESC_IMPLEMENTATION: MECS_VersionB
ORIGINAL_SCRIPT: /root/autodl-tmp/MedVisionLab/Knee/ResNet_layer3+MECS+CE.py
==========================================================================================
Injected attention module: MECS_VersionB
Original training script : /root/autodl-tmp/MedVisionLab/Knee/ResNet_layer3+MECS+CE.py
Dataset                  : KOA
Original source modified : no
==========================================================================================
Starting ResNet(layer3)+MECS+CE Knee Osteoarthritis Baseline...
Using device: cuda
CUDA device: NVIDIA GeForce RTX 3090
Run tag: controlled_mecsb_vb_koa_adni_10seed_20260803_234110_koa_resnet50_plus_mesc_versionb_seed3
Config | seed=3, batch_size=32, epochs=60, image_size=224
Class mapping from folders: {'0': 0, '1': 1, '2': 2, '3': 3, '4': 4}

Train samples: 5778
Train class distribution:
  0_Normal: 2286
  1_Doubtful: 1046
  2_Mild: 1516
  3_Moderate: 757
  4_Severe: 173

Valid samples: 826
Valid class distribution:
  0_Normal: 328
  1_Doubtful: 153
  2_Mild: 212
  3_Moderate: 106
  4_Severe: 27

Test samples: 1656
Test class distribution:
  0_Normal: 639
  1_Doubtful: 296
  2_Mild: 447
  3_Moderate: 223
  4_Severe: 51

AutoTest samples: 1526
AutoTest class distribution:
  0_Normal: 604
  1_Doubtful: 275
  2_Mild: 403
  3_Moderate: 200
  4_Severe: 44

Split sizes | train=5778, valid=826, test=1656, auto_test=1526
Loading ResNet50 with MECS module at layer3...
Trainable parameters: 27,305,297

[INFO] Class counts in training set: [2286 1046 1516  757  173]
[INFO] Using Standard CrossEntropyLoss (No class weights).
Starting training...

Epoch 01/60 | Time 0m 17s
  Train | loss=1.3984 | top1=40.34% | top2=65.56% | top3=83.35%
  Valid | loss=1.2474 | top1=44.83% | top2=67.79% | top3=84.25% | acc=45.16% | bal_acc=25.01% | macro_f1=0.1943 | qwk=0.3863 | mae=0.8801 | weighted_f1=0.3388 | precision_macro=0.1669 | recall_macro=0.2501
         ovr_roc_auc_macro=0.7646 | ovr_pr_auc_macro=0.4421
 Initial best model saved to /root/autodl-tmp/MedVisionLab/Knee/checkpoints/best_resnet50_mecs_layer3_knee_oa_controlled_mecsb_vb_koa_adni_10seed_20260803_234110_koa_resnet50_plus_mesc_versionb_seed3.pt (QWK=0.3863)

Epoch 02/60 | Time 0m 17s
  Train | loss=1.1435 | top1=51.44% | top2=75.84% | top3=91.37%
  Valid | loss=1.0503 | top1=55.65% | top2=81.33% | top3=97.12% | acc=56.05% | bal_acc=45.11% | macro_f1=0.4269 | qwk=0.6997 | mae=0.5654 | weighted_f1=0.5415 | precision_macro=0.4187 | recall_macro=0.4511
         ovr_roc_auc_macro=0.8310 | ovr_pr_auc_macro=0.5465
 Validation improved. Saved best model to /root/autodl-tmp/MedVisionLab/Knee/checkpoints/best_resnet50_mecs_layer3_knee_oa_controlled_mecsb_vb_koa_adni_10seed_20260803_234110_koa_resnet50_plus_mesc_versionb_seed3.pt (QWK=0.6997)

Epoch 03/60 | Time 0m 17s
  Train | loss=0.9644 | top1=58.76% | top2=83.33% | top3=97.08%
  Valid | loss=0.9769 | top1=58.96% | top2=83.63% | top3=97.36% | acc=58.72% | bal_acc=59.21% | macro_f1=0.5304 | qwk=0.7334 | mae=0.5569 | weighted_f1=0.5418 | precision_macro=0.5497 | recall_macro=0.5921
         ovr_roc_auc_macro=0.8570 | ovr_pr_auc_macro=0.6153
 Validation improved. Saved best model to /root/autodl-tmp/MedVisionLab/Knee/checkpoints/best_resnet50_mecs_layer3_knee_oa_controlled_mecsb_vb_koa_adni_10seed_20260803_234110_koa_resnet50_plus_mesc_versionb_seed3.pt (QWK=0.7334)

Epoch 04/60 | Time 0m 17s
  Train | loss=0.8734 | top1=62.75% | top2=86.19% | top3=98.35%
  Valid | loss=0.8794 | top1=64.49% | top2=87.71% | top3=97.96% | acc=64.29% | bal_acc=65.24% | macro_f1=0.5878 | qwk=0.7522 | mae=0.4915 | weighted_f1=0.5843 | precision_macro=0.6447 | recall_macro=0.6524
         ovr_roc_auc_macro=0.8693 | ovr_pr_auc_macro=0.6802
 Validation improved. Saved best model to /root/autodl-tmp/MedVisionLab/Knee/checkpoints/best_resnet50_mecs_layer3_knee_oa_controlled_mecsb_vb_koa_adni_10seed_20260803_234110_koa_resnet50_plus_mesc_versionb_seed3.pt (QWK=0.7522)

Epoch 05/60 | Time 0m 17s
  Train | loss=0.8076 | top1=66.16% | top2=87.73% | top3=98.83%
  Valid | loss=0.8448 | top1=63.17% | top2=87.83% | top3=98.44% | acc=63.08% | bal_acc=64.32% | macro_f1=0.6543 | qwk=0.8052 | mae=0.4249 | weighted_f1=0.6355 | precision_macro=0.6731 | recall_macro=0.6432
         ovr_roc_auc_macro=0.8775 | ovr_pr_auc_macro=0.7015
 Validation improved. Saved best model to /root/autodl-tmp/MedVisionLab/Knee/checkpoints/best_resnet50_mecs_layer3_knee_oa_controlled_mecsb_vb_koa_adni_10seed_20260803_234110_koa_resnet50_plus_mesc_versionb_seed3.pt (QWK=0.8052)

Epoch 06/60 | Time 0m 17s
  Train | loss=0.7674 | top1=67.83% | top2=89.51% | top3=98.81%
  Valid | loss=0.9246 | top1=58.12% | top2=85.58% | top3=96.88% | acc=57.87% | bal_acc=61.17% | macro_f1=0.5827 | qwk=0.7458 | mae=0.5085 | weighted_f1=0.5770 | precision_macro=0.6063 | recall_macro=0.6117
         ovr_roc_auc_macro=0.8795 | ovr_pr_auc_macro=0.6900
 No improvement. Bad epochs: 1/15

Epoch 07/60 | Time 0m 17s
  Train | loss=0.7263 | top1=70.43% | top2=90.60% | top3=99.17%
  Valid | loss=0.8129 | top1=67.38% | top2=89.03% | top3=98.32% | acc=67.31% | bal_acc=67.17% | macro_f1=0.6781 | qwk=0.8078 | mae=0.4007 | weighted_f1=0.6618 | precision_macro=0.6963 | recall_macro=0.6717
         ovr_roc_auc_macro=0.8903 | ovr_pr_auc_macro=0.7278
 Validation improved. Saved best model to /root/autodl-tmp/MedVisionLab/Knee/checkpoints/best_resnet50_mecs_layer3_knee_oa_controlled_mecsb_vb_koa_adni_10seed_20260803_234110_koa_resnet50_plus_mesc_versionb_seed3.pt (QWK=0.8078)

Epoch 08/60 | Time 0m 17s
  Train | loss=0.6973 | top1=70.89% | top2=91.08% | top3=99.11%
  Valid | loss=0.9170 | top1=63.63% | top2=87.44% | top3=98.56% | acc=63.56% | bal_acc=58.79% | macro_f1=0.5986 | qwk=0.7567 | mae=0.4794 | weighted_f1=0.5855 | precision_macro=0.6569 | recall_macro=0.5879
         ovr_roc_auc_macro=0.8738 | ovr_pr_auc_macro=0.6973
 No improvement. Bad epochs: 1/15

Epoch 09/60 | Time 0m 17s
  Train | loss=0.6668 | top1=72.36% | top2=92.06% | top3=99.38%
  Valid | loss=0.9234 | top1=63.35% | top2=88.38% | top3=98.17% | acc=63.20% | bal_acc=58.30% | macro_f1=0.5934 | qwk=0.7765 | mae=0.4492 | weighted_f1=0.6011 | precision_macro=0.6829 | recall_macro=0.5830
         ovr_roc_auc_macro=0.8827 | ovr_pr_auc_macro=0.6970
 No improvement. Bad epochs: 2/15

Epoch 10/60 | Time 0m 17s
  Train | loss=0.6441 | top1=73.20% | top2=92.74% | top3=99.34%
  Valid | loss=0.8202 | top1=64.73% | top2=90.02% | top3=98.56% | acc=64.53% | bal_acc=64.06% | macro_f1=0.6391 | qwk=0.7900 | mae=0.4322 | weighted_f1=0.6306 | precision_macro=0.6670 | recall_macro=0.6406
         ovr_roc_auc_macro=0.8833 | ovr_pr_auc_macro=0.7140
 No improvement. Bad epochs: 3/15

Epoch 11/60 | Time 0m 17s
  Train | loss=0.6174 | top1=73.66% | top2=93.09% | top3=99.55%
  Valid | loss=0.8658 | top1=63.51% | top2=87.71% | top3=99.16% | acc=63.44% | bal_acc=64.36% | macro_f1=0.6609 | qwk=0.7906 | mae=0.4286 | weighted_f1=0.6446 | precision_macro=0.6872 | recall_macro=0.6436
         ovr_roc_auc_macro=0.8909 | ovr_pr_auc_macro=0.7281
 No improvement. Bad epochs: 4/15

Epoch 12/60 | Time 0m 17s
  Train | loss=0.5728 | top1=75.98% | top2=94.17% | top3=99.55%
  Valid | loss=0.8571 | top1=66.75% | top2=89.03% | top3=98.68% | acc=66.71% | bal_acc=67.19% | macro_f1=0.6751 | qwk=0.7976 | mae=0.4153 | weighted_f1=0.6616 | precision_macro=0.6872 | recall_macro=0.6719
         ovr_roc_auc_macro=0.8915 | ovr_pr_auc_macro=0.7297
 No improvement. Bad epochs: 5/15

Epoch 13/60 | Time 0m 17s
  Train | loss=0.5642 | top1=77.22% | top2=94.35% | top3=99.72%
  Valid | loss=0.8119 | top1=66.21% | top2=90.84% | top3=99.04% | acc=66.10% | bal_acc=65.89% | macro_f1=0.6735 | qwk=0.8080 | mae=0.4031 | weighted_f1=0.6573 | precision_macro=0.6922 | recall_macro=0.6589
         ovr_roc_auc_macro=0.8955 | ovr_pr_auc_macro=0.7356
 Validation improved. Saved best model to /root/autodl-tmp/MedVisionLab/Knee/checkpoints/best_resnet50_mecs_layer3_knee_oa_controlled_mecsb_vb_koa_adni_10seed_20260803_234110_koa_resnet50_plus_mesc_versionb_seed3.pt (QWK=0.8080)

Epoch 14/60 | Time 0m 17s
  Train | loss=0.5204 | top1=78.74% | top2=95.32% | top3=99.78%
  Valid | loss=0.9259 | top1=60.08% | top2=87.11% | top3=98.56% | acc=59.93% | bal_acc=63.56% | macro_f1=0.6405 | qwk=0.7720 | mae=0.4637 | weighted_f1=0.6124 | precision_macro=0.6649 | recall_macro=0.6356
         ovr_roc_auc_macro=0.8835 | ovr_pr_auc_macro=0.7157
 No improvement. Bad epochs: 1/15

Epoch 15/60 | Time 0m 17s
  Train | loss=0.4753 | top1=80.71% | top2=95.51% | top3=99.67%
  Valid | loss=0.8779 | top1=64.74% | top2=90.06% | top3=99.16% | acc=64.65% | bal_acc=64.66% | macro_f1=0.6694 | qwk=0.8006 | mae=0.4165 | weighted_f1=0.6464 | precision_macro=0.6993 | recall_macro=0.6466
         ovr_roc_auc_macro=0.8928 | ovr_pr_auc_macro=0.7322
 No improvement. Bad epochs: 2/15

Epoch 16/60 | Time 0m 17s
  Train | loss=0.4414 | top1=81.99% | top2=96.43% | top3=99.81%
  Valid | loss=1.0781 | top1=62.68% | top2=88.34% | top3=98.80% | acc=62.47% | bal_acc=63.86% | macro_f1=0.6245 | qwk=0.7814 | mae=0.4588 | weighted_f1=0.6188 | precision_macro=0.6347 | recall_macro=0.6386
         ovr_roc_auc_macro=0.8758 | ovr_pr_auc_macro=0.7077
 No improvement. Bad epochs: 3/15

Epoch 17/60 | Time 0m 17s
  Train | loss=0.4126 | top1=83.90% | top2=97.07% | top3=99.90%
  Valid | loss=0.9519 | top1=65.54% | top2=88.67% | top3=98.56% | acc=65.38% | bal_acc=67.42% | macro_f1=0.6757 | qwk=0.7997 | mae=0.4189 | weighted_f1=0.6500 | precision_macro=0.6781 | recall_macro=0.6742
         ovr_roc_auc_macro=0.8861 | ovr_pr_auc_macro=0.7249
 No improvement. Bad epochs: 4/15

Epoch 18/60 | Time 0m 17s
  Train | loss=0.3706 | top1=85.13% | top2=97.60% | top3=99.95%
  Valid | loss=1.1215 | top1=63.54% | top2=88.46% | top3=99.04% | acc=63.44% | bal_acc=63.27% | macro_f1=0.6483 | qwk=0.7712 | mae=0.4516 | weighted_f1=0.6290 | precision_macro=0.6751 | recall_macro=0.6327
         ovr_roc_auc_macro=0.8819 | ovr_pr_auc_macro=0.7242
 No improvement. Bad epochs: 5/15

Epoch 19/60 | Time 0m 17s
  Train | loss=0.3464 | top1=86.32% | top2=97.77% | top3=99.91%
  Valid | loss=1.0062 | top1=66.48% | top2=87.71% | top3=98.92% | acc=66.34% | bal_acc=66.48% | macro_f1=0.6552 | qwk=0.7835 | mae=0.4334 | weighted_f1=0.6338 | precision_macro=0.6723 | recall_macro=0.6648
         ovr_roc_auc_macro=0.8818 | ovr_pr_auc_macro=0.7279
 No improvement. Bad epochs: 6/15

Epoch 20/60 | Time 0m 17s
  Train | loss=0.3009 | top1=88.04% | top2=98.07% | top3=99.95%
  Valid | loss=1.4131 | top1=64.04% | top2=87.38% | top3=98.68% | acc=63.92% | bal_acc=62.28% | macro_f1=0.6296 | qwk=0.7729 | mae=0.4625 | weighted_f1=0.6134 | precision_macro=0.6645 | recall_macro=0.6228
         ovr_roc_auc_macro=0.8667 | ovr_pr_auc_macro=0.7035
 No improvement. Bad epochs: 7/15

Epoch 21/60 | Time 0m 17s
  Train | loss=0.2970 | top1=88.44% | top2=97.90% | top3=99.88%
  Valid | loss=1.0743 | top1=64.63% | top2=88.55% | top3=99.04% | acc=64.65% | bal_acc=61.04% | macro_f1=0.6335 | qwk=0.8000 | mae=0.4189 | weighted_f1=0.6417 | precision_macro=0.6701 | recall_macro=0.6104
         ovr_roc_auc_macro=0.8801 | ovr_pr_auc_macro=0.7083
 No improvement. Bad epochs: 8/15

Epoch 22/60 | Time 0m 17s
  Train | loss=0.2613 | top1=89.86% | top2=98.36% | top3=99.98%
  Valid | loss=1.1836 | top1=64.71% | top2=87.74% | top3=98.08% | acc=64.65% | bal_acc=66.76% | macro_f1=0.6749 | qwk=0.7962 | mae=0.4249 | weighted_f1=0.6479 | precision_macro=0.7074 | recall_macro=0.6676
         ovr_roc_auc_macro=0.8840 | ovr_pr_auc_macro=0.7231
 No improvement. Bad epochs: 9/15

Epoch 23/60 | Time 0m 17s
  Train | loss=0.2159 | top1=91.69% | top2=98.85% | top3=100.00%
  Valid | loss=1.3101 | top1=65.49% | top2=87.74% | top3=98.68% | acc=65.38% | bal_acc=64.86% | macro_f1=0.6493 | qwk=0.7845 | mae=0.4358 | weighted_f1=0.6342 | precision_macro=0.6612 | recall_macro=0.6486
         ovr_roc_auc_macro=0.8855 | ovr_pr_auc_macro=0.7266
 No improvement. Bad epochs: 10/15

Epoch 24/60 | Time 0m 17s
  Train | loss=0.2042 | top1=92.06% | top2=98.96% | top3=99.93%
  Valid | loss=1.4755 | top1=63.38% | top2=88.94% | top3=98.80% | acc=63.20% | bal_acc=64.64% | macro_f1=0.6536 | qwk=0.7911 | mae=0.4358 | weighted_f1=0.6344 | precision_macro=0.6699 | recall_macro=0.6464
         ovr_roc_auc_macro=0.8749 | ovr_pr_auc_macro=0.7073
 No improvement. Bad epochs: 11/15

Epoch 25/60 | Time 0m 17s
  Train | loss=0.1780 | top1=93.50% | top2=99.21% | top3=99.98%
  Valid | loss=1.4936 | top1=64.85% | top2=86.90% | top3=98.44% | acc=64.65% | bal_acc=66.68% | macro_f1=0.6504 | qwk=0.7875 | mae=0.4455 | weighted_f1=0.6324 | precision_macro=0.6549 | recall_macro=0.6668
         ovr_roc_auc_macro=0.8760 | ovr_pr_auc_macro=0.7075
 No improvement. Bad epochs: 12/15

Epoch 26/60 | Time 0m 17s
  Train | loss=0.1597 | top1=94.01% | top2=99.27% | top3=99.97%
  Valid | loss=1.6338 | top1=62.66% | top2=86.51% | top3=98.20% | acc=62.47% | bal_acc=62.51% | macro_f1=0.6163 | qwk=0.7656 | mae=0.4734 | weighted_f1=0.6003 | precision_macro=0.6256 | recall_macro=0.6251
         ovr_roc_auc_macro=0.8705 | ovr_pr_auc_macro=0.6920
 No improvement. Bad epochs: 13/15

Epoch 27/60 | Time 0m 17s
  Train | loss=0.1484 | top1=94.81% | top2=99.53% | top3=99.98%
  Valid | loss=1.5868 | top1=64.22% | top2=87.74% | top3=98.92% | acc=64.04% | bal_acc=64.23% | macro_f1=0.6514 | qwk=0.7919 | mae=0.4358 | weighted_f1=0.6316 | precision_macro=0.6717 | recall_macro=0.6423
         ovr_roc_auc_macro=0.8689 | ovr_pr_auc_macro=0.7048
 No improvement. Bad epochs: 14/15

Epoch 28/60 | Time 0m 17s
  Train | loss=0.1265 | top1=95.81% | top2=99.41% | top3=99.97%
  Valid | loss=1.7074 | top1=65.66% | top2=88.31% | top3=98.44% | acc=65.50% | bal_acc=65.79% | macro_f1=0.6554 | qwk=0.7916 | mae=0.4298 | weighted_f1=0.6379 | precision_macro=0.6638 | recall_macro=0.6579
         ovr_roc_auc_macro=0.8768 | ovr_pr_auc_macro=0.7160
 No improvement. Bad epochs: 15/15
⏹ Early stopping triggered.
 Training stopped early at epoch 28.

Loading best model and evaluating on test set...
Best validation QWK: 0.8080

Test | loss=0.7467 | top1=69.27% | top2=92.17% | top3=99.56% | acc=69.20% | bal_acc=66.85% | macro_f1=0.6875 | qwk=0.8397 | mae=0.3557 | weighted_f1=0.6851 | precision_macro=0.7146 | recall_macro=0.6685
     ovr_roc_auc_macro=0.9079 | ovr_pr_auc_macro=0.7544

Evaluating on auto_test set...

AutoTest | loss=0.7236 | top1=69.70% | top2=91.96% | top3=99.61% | acc=69.59% | bal_acc=68.83% | macro_f1=0.7036 | qwk=0.8416 | mae=0.3499 | weighted_f1=0.6900 | precision_macro=0.7231 | recall_macro=0.6883
         ovr_roc_auc_macro=0.9112 | ovr_pr_auc_macro=0.7683

ResNet(layer3)+MECS+CE Knee Osteoarthritis baseline completed!

==========================================================================================
RETURN_CODE: 0
