DATASET: KOA
METHOD: ResNet50
SEED: 3
SCRIPT: /root/autodl-tmp/MedVisionLab/Knee/ResNet_baseline.py
RUN_TAG: controlled_mecsb_vb_koa_adni_10seed_20260803_234110_koa_resnet50_seed3
COMMAND: /root/miniconda3/envs/medvision/bin/python -u /root/autodl-tmp/MedVisionLab/Knee/ResNet_baseline.py
==========================================================================================
Starting Knee Osteoarthritis ResNet50 Baseline...
Using device: cuda
CUDA device: NVIDIA GeForce RTX 3090
Run tag: controlled_mecsb_vb_koa_adni_10seed_20260803_234110_koa_resnet50_seed3
Config | seed=3, batch_size=32, epochs=60, image_size=224
Class mapping from folders: {'0': 0, '1': 1, '2': 2, '3': 3, '4': 4}

Train samples: 5778
Train class distribution:
  0_Normal: 2286
  1_Doubtful: 1046
  2_Mild: 1516
  3_Moderate: 757
  4_Severe: 173

Valid samples: 826
Valid class distribution:
  0_Normal: 328
  1_Doubtful: 153
  2_Mild: 212
  3_Moderate: 106
  4_Severe: 27

Test samples: 1656
Test class distribution:
  0_Normal: 639
  1_Doubtful: 296
  2_Mild: 447
  3_Moderate: 223
  4_Severe: 51

AutoTest samples: 1526
AutoTest class distribution:
  0_Normal: 604
  1_Doubtful: 275
  2_Mild: 403
  3_Moderate: 200
  4_Severe: 44

Split sizes | train=5778, valid=826, test=1656, auto_test=1526
Loading pretrained ResNet50...
Trainable parameters: 23,518,277

[INFO] Class counts in training set: [2286 1046 1516  757  173]
[INFO] Using Standard CrossEntropyLoss (No class weights).
Starting training...

Epoch 01/60 | Time 0m 14s
  Train | loss=1.4346 | top1=37.19% | top2=62.99% | top3=82.50%
  Valid | loss=1.3868 | top1=39.30% | top2=65.26% | top3=83.29% | acc=39.59% | bal_acc=19.94% | macro_f1=0.1138 | qwk=0.0066 | mae=1.2094 | weighted_f1=0.2260 | precision_macro=0.0797 | recall_macro=0.1994
         ovr_roc_auc_macro=0.6128 | ovr_pr_auc_macro=0.2779
 Initial best model saved to /root/autodl-tmp/MedVisionLab/Knee/checkpoints/best_resnet50_knee_oa_standard_ce_controlled_mecsb_vb_koa_adni_10seed_20260803_234110_koa_resnet50_seed3.pt (QWK=0.0066)

Epoch 02/60 | Time 0m 13s
  Train | loss=1.3104 | top1=43.11% | top2=67.19% | top3=85.99%
  Valid | loss=1.2269 | top1=46.75% | top2=73.56% | top3=89.66% | acc=47.09% | bal_acc=26.52% | macro_f1=0.2099 | qwk=0.4305 | mae=0.8281 | weighted_f1=0.3595 | precision_macro=0.3749 | recall_macro=0.2652
         ovr_roc_auc_macro=0.7562 | ovr_pr_auc_macro=0.4311
 Validation improved. Saved best model to /root/autodl-tmp/MedVisionLab/Knee/checkpoints/best_resnet50_knee_oa_standard_ce_controlled_mecsb_vb_koa_adni_10seed_20260803_234110_koa_resnet50_seed3.pt (QWK=0.4305)

Epoch 03/60 | Time 0m 13s
  Train | loss=1.1034 | top1=53.19% | top2=77.96% | top3=94.18%
  Valid | loss=1.0930 | top1=53.37% | top2=80.33% | top3=95.91% | acc=53.75% | bal_acc=43.49% | macro_f1=0.3700 | qwk=0.6132 | mae=0.6646 | weighted_f1=0.4785 | precision_macro=0.3340 | recall_macro=0.4349
         ovr_roc_auc_macro=0.8312 | ovr_pr_auc_macro=0.5675
 Validation improved. Saved best model to /root/autodl-tmp/MedVisionLab/Knee/checkpoints/best_resnet50_knee_oa_standard_ce_controlled_mecsb_vb_koa_adni_10seed_20260803_234110_koa_resnet50_seed3.pt (QWK=0.6132)

Epoch 04/60 | Time 0m 13s
  Train | loss=0.9057 | top1=61.78% | top2=85.13% | top3=97.95%
  Valid | loss=0.8723 | top1=62.38% | top2=86.78% | top3=98.32% | acc=62.11% | bal_acc=64.44% | macro_f1=0.6125 | qwk=0.7761 | mae=0.4746 | weighted_f1=0.6045 | precision_macro=0.6096 | recall_macro=0.6444
         ovr_roc_auc_macro=0.8678 | ovr_pr_auc_macro=0.6630
 Validation improved. Saved best model to /root/autodl-tmp/MedVisionLab/Knee/checkpoints/best_resnet50_knee_oa_standard_ce_controlled_mecsb_vb_koa_adni_10seed_20260803_234110_koa_resnet50_seed3.pt (QWK=0.7761)

Epoch 05/60 | Time 0m 14s
  Train | loss=0.8269 | top1=65.83% | top2=88.08% | top3=98.57%
  Valid | loss=0.8611 | top1=62.38% | top2=86.78% | top3=98.20% | acc=62.11% | bal_acc=66.30% | macro_f1=0.6311 | qwk=0.7851 | mae=0.4600 | weighted_f1=0.6155 | precision_macro=0.6250 | recall_macro=0.6630
         ovr_roc_auc_macro=0.8753 | ovr_pr_auc_macro=0.7003
 Validation improved. Saved best model to /root/autodl-tmp/MedVisionLab/Knee/checkpoints/best_resnet50_knee_oa_standard_ce_controlled_mecsb_vb_koa_adni_10seed_20260803_234110_koa_resnet50_seed3.pt (QWK=0.7851)

Epoch 06/60 | Time 0m 14s
  Train | loss=0.7754 | top1=67.37% | top2=88.91% | top3=98.88%
  Valid | loss=0.8355 | top1=64.66% | top2=88.94% | top3=98.80% | acc=64.41% | bal_acc=63.54% | macro_f1=0.5869 | qwk=0.7703 | mae=0.4673 | weighted_f1=0.5913 | precision_macro=0.6271 | recall_macro=0.6354
         ovr_roc_auc_macro=0.8806 | ovr_pr_auc_macro=0.7017
 No improvement. Bad epochs: 1/15

Epoch 07/60 | Time 0m 14s
  Train | loss=0.7231 | top1=69.38% | top2=91.02% | top3=99.36%
  Valid | loss=0.8227 | top1=65.39% | top2=89.42% | top3=98.68% | acc=65.25% | bal_acc=66.01% | macro_f1=0.6449 | qwk=0.7922 | mae=0.4346 | weighted_f1=0.6420 | precision_macro=0.6388 | recall_macro=0.6601
         ovr_roc_auc_macro=0.8844 | ovr_pr_auc_macro=0.7133
 Validation improved. Saved best model to /root/autodl-tmp/MedVisionLab/Knee/checkpoints/best_resnet50_knee_oa_standard_ce_controlled_mecsb_vb_koa_adni_10seed_20260803_234110_koa_resnet50_seed3.pt (QWK=0.7922)

Epoch 08/60 | Time 0m 14s
  Train | loss=0.6701 | top1=71.82% | top2=91.85% | top3=99.31%
  Valid | loss=0.8670 | top1=64.31% | top2=89.40% | top3=98.80% | acc=64.16% | bal_acc=60.48% | macro_f1=0.5836 | qwk=0.7580 | mae=0.4709 | weighted_f1=0.5847 | precision_macro=0.6823 | recall_macro=0.6048
         ovr_roc_auc_macro=0.8832 | ovr_pr_auc_macro=0.7123
 No improvement. Bad epochs: 1/15

Epoch 09/60 | Time 0m 14s
  Train | loss=0.6249 | top1=73.45% | top2=93.24% | top3=99.45%
  Valid | loss=0.8762 | top1=65.09% | top2=89.76% | top3=98.68% | acc=64.89% | bal_acc=64.49% | macro_f1=0.6187 | qwk=0.7847 | mae=0.4431 | weighted_f1=0.6202 | precision_macro=0.6280 | recall_macro=0.6449
         ovr_roc_auc_macro=0.8811 | ovr_pr_auc_macro=0.7070
 No improvement. Bad epochs: 2/15

Epoch 10/60 | Time 0m 14s
  Train | loss=0.5882 | top1=75.31% | top2=93.56% | top3=99.48%
  Valid | loss=0.8719 | top1=63.86% | top2=87.95% | top3=98.08% | acc=63.68% | bal_acc=66.24% | macro_f1=0.6487 | qwk=0.7964 | mae=0.4334 | weighted_f1=0.6372 | precision_macro=0.6380 | recall_macro=0.6624
         ovr_roc_auc_macro=0.8785 | ovr_pr_auc_macro=0.7031
 Validation improved. Saved best model to /root/autodl-tmp/MedVisionLab/Knee/checkpoints/best_resnet50_knee_oa_standard_ce_controlled_mecsb_vb_koa_adni_10seed_20260803_234110_koa_resnet50_seed3.pt (QWK=0.7964)

Epoch 11/60 | Time 0m 14s
  Train | loss=0.5555 | top1=77.33% | top2=94.27% | top3=99.59%
  Valid | loss=0.8950 | top1=61.70% | top2=88.19% | top3=98.32% | acc=61.62% | bal_acc=63.84% | macro_f1=0.6496 | qwk=0.7854 | mae=0.4443 | weighted_f1=0.6294 | precision_macro=0.6748 | recall_macro=0.6384
         ovr_roc_auc_macro=0.8849 | ovr_pr_auc_macro=0.7176
 No improvement. Bad epochs: 1/15

Epoch 12/60 | Time 0m 14s
  Train | loss=0.5067 | top1=79.27% | top2=95.63% | top3=99.76%
  Valid | loss=0.9434 | top1=64.82% | top2=87.62% | top3=97.72% | acc=64.65% | bal_acc=66.25% | macro_f1=0.6386 | qwk=0.7726 | mae=0.4528 | weighted_f1=0.6308 | precision_macro=0.6279 | recall_macro=0.6625
         ovr_roc_auc_macro=0.8856 | ovr_pr_auc_macro=0.7223
 No improvement. Bad epochs: 2/15

Epoch 13/60 | Time 0m 14s
  Train | loss=0.4440 | top1=81.82% | top2=96.43% | top3=99.72%
  Valid | loss=0.8646 | top1=66.41% | top2=89.66% | top3=98.80% | acc=66.22% | bal_acc=67.69% | macro_f1=0.6632 | qwk=0.8016 | mae=0.4128 | weighted_f1=0.6536 | precision_macro=0.6611 | recall_macro=0.6769
         ovr_roc_auc_macro=0.8872 | ovr_pr_auc_macro=0.7177
 Validation improved. Saved best model to /root/autodl-tmp/MedVisionLab/Knee/checkpoints/best_resnet50_knee_oa_standard_ce_controlled_mecsb_vb_koa_adni_10seed_20260803_234110_koa_resnet50_seed3.pt (QWK=0.8016)

Epoch 14/60 | Time 0m 14s
  Train | loss=0.4108 | top1=84.05% | top2=97.00% | top3=99.86%
  Valid | loss=1.2209 | top1=59.20% | top2=88.94% | top3=98.68% | acc=58.96% | bal_acc=62.01% | macro_f1=0.6219 | qwk=0.7732 | mae=0.4758 | weighted_f1=0.5985 | precision_macro=0.6611 | recall_macro=0.6201
         ovr_roc_auc_macro=0.8651 | ovr_pr_auc_macro=0.6857
 No improvement. Bad epochs: 1/15

Epoch 15/60 | Time 0m 14s
  Train | loss=0.3631 | top1=85.56% | top2=97.63% | top3=99.86%
  Valid | loss=1.3533 | top1=63.95% | top2=86.27% | top3=98.08% | acc=63.80% | bal_acc=61.21% | macro_f1=0.6001 | qwk=0.7829 | mae=0.4504 | weighted_f1=0.5967 | precision_macro=0.6310 | recall_macro=0.6121
         ovr_roc_auc_macro=0.8584 | ovr_pr_auc_macro=0.6741
 No improvement. Bad epochs: 2/15

Epoch 16/60 | Time 0m 14s
  Train | loss=0.3208 | top1=87.78% | top2=97.99% | top3=99.95%
  Valid | loss=1.2225 | top1=59.56% | top2=86.42% | top3=98.32% | acc=59.32% | bal_acc=65.67% | macro_f1=0.6344 | qwk=0.7610 | mae=0.4806 | weighted_f1=0.6083 | precision_macro=0.6361 | recall_macro=0.6567
         ovr_roc_auc_macro=0.8701 | ovr_pr_auc_macro=0.6911
 No improvement. Bad epochs: 3/15

Epoch 17/60 | Time 0m 14s
  Train | loss=0.2821 | top1=89.14% | top2=98.22% | top3=99.98%
  Valid | loss=1.0951 | top1=62.66% | top2=89.06% | top3=98.68% | acc=62.47% | bal_acc=67.80% | macro_f1=0.6659 | qwk=0.7855 | mae=0.4443 | weighted_f1=0.6352 | precision_macro=0.6625 | recall_macro=0.6780
         ovr_roc_auc_macro=0.8848 | ovr_pr_auc_macro=0.7194
 No improvement. Bad epochs: 4/15

Epoch 18/60 | Time 0m 14s
  Train | loss=0.2320 | top1=91.43% | top2=98.74% | top3=99.95%
  Valid | loss=1.4595 | top1=63.02% | top2=88.53% | top3=98.68% | acc=62.83% | bal_acc=60.98% | macro_f1=0.6141 | qwk=0.7621 | mae=0.4709 | weighted_f1=0.6028 | precision_macro=0.6545 | recall_macro=0.6098
         ovr_roc_auc_macro=0.8580 | ovr_pr_auc_macro=0.6725
 No improvement. Bad epochs: 5/15

Epoch 19/60 | Time 0m 14s
  Train | loss=0.2162 | top1=91.78% | top2=98.93% | top3=99.93%
  Valid | loss=1.2484 | top1=64.58% | top2=87.98% | top3=98.08% | acc=64.41% | bal_acc=65.75% | macro_f1=0.6443 | qwk=0.7809 | mae=0.4467 | weighted_f1=0.6296 | precision_macro=0.6448 | recall_macro=0.6575
         ovr_roc_auc_macro=0.8738 | ovr_pr_auc_macro=0.6980
 No improvement. Bad epochs: 6/15

Epoch 20/60 | Time 0m 14s
  Train | loss=0.1953 | top1=92.81% | top2=98.99% | top3=100.00%
  Valid | loss=1.4231 | top1=57.73% | top2=86.42% | top3=98.20% | acc=57.51% | bal_acc=62.71% | macro_f1=0.6089 | qwk=0.7619 | mae=0.4952 | weighted_f1=0.5856 | precision_macro=0.6140 | recall_macro=0.6271
         ovr_roc_auc_macro=0.8591 | ovr_pr_auc_macro=0.6744
 No improvement. Bad epochs: 7/15

Epoch 21/60 | Time 0m 14s
  Train | loss=0.1620 | top1=93.79% | top2=99.15% | top3=99.98%
  Valid | loss=1.4246 | top1=61.94% | top2=86.30% | top3=98.44% | acc=61.74% | bal_acc=63.82% | macro_f1=0.6209 | qwk=0.7616 | mae=0.4806 | weighted_f1=0.6118 | precision_macro=0.6124 | recall_macro=0.6382
         ovr_roc_auc_macro=0.8617 | ovr_pr_auc_macro=0.6783
 No improvement. Bad epochs: 8/15

Epoch 22/60 | Time 0m 14s
  Train | loss=0.1496 | top1=94.76% | top2=99.46% | top3=99.98%
  Valid | loss=1.4453 | top1=65.42% | top2=87.86% | top3=98.20% | acc=65.25% | bal_acc=66.52% | macro_f1=0.6524 | qwk=0.7745 | mae=0.4516 | weighted_f1=0.6376 | precision_macro=0.6519 | recall_macro=0.6652
         ovr_roc_auc_macro=0.8699 | ovr_pr_auc_macro=0.6978
 No improvement. Bad epochs: 9/15

Epoch 23/60 | Time 0m 14s
  Train | loss=0.1252 | top1=95.61% | top2=99.65% | top3=99.98%
  Valid | loss=1.4951 | top1=64.46% | top2=87.95% | top3=98.08% | acc=64.29% | bal_acc=65.13% | macro_f1=0.6422 | qwk=0.7813 | mae=0.4443 | weighted_f1=0.6296 | precision_macro=0.6451 | recall_macro=0.6513
         ovr_roc_auc_macro=0.8747 | ovr_pr_auc_macro=0.7015
 No improvement. Bad epochs: 10/15

Epoch 24/60 | Time 0m 14s
  Train | loss=0.1146 | top1=95.82% | top2=99.59% | top3=100.00%
  Valid | loss=1.6846 | top1=59.14% | top2=85.67% | top3=98.20% | acc=58.96% | bal_acc=62.23% | macro_f1=0.6220 | qwk=0.7729 | mae=0.4794 | weighted_f1=0.6005 | precision_macro=0.6286 | recall_macro=0.6223
         ovr_roc_auc_macro=0.8574 | ovr_pr_auc_macro=0.6748
 No improvement. Bad epochs: 11/15

Epoch 25/60 | Time 0m 14s
  Train | loss=0.1127 | top1=96.17% | top2=99.59% | top3=99.97%
  Valid | loss=1.6201 | top1=61.94% | top2=86.06% | top3=98.68% | acc=61.74% | bal_acc=64.77% | macro_f1=0.6281 | qwk=0.7734 | mae=0.4722 | weighted_f1=0.6129 | precision_macro=0.6146 | recall_macro=0.6477
         ovr_roc_auc_macro=0.8644 | ovr_pr_auc_macro=0.6780
 No improvement. Bad epochs: 12/15

Epoch 26/60 | Time 0m 14s
  Train | loss=0.0914 | top1=96.75% | top2=99.79% | top3=100.00%
  Valid | loss=1.6563 | top1=64.10% | top2=87.74% | top3=98.92% | acc=63.92% | bal_acc=64.90% | macro_f1=0.6371 | qwk=0.7925 | mae=0.4407 | weighted_f1=0.6294 | precision_macro=0.6356 | recall_macro=0.6490
         ovr_roc_auc_macro=0.8715 | ovr_pr_auc_macro=0.6997
 No improvement. Bad epochs: 13/15

Epoch 27/60 | Time 0m 14s
  Train | loss=0.0672 | top1=97.74% | top2=99.69% | top3=100.00%
  Valid | loss=1.7664 | top1=62.45% | top2=87.95% | top3=98.68% | acc=62.35% | bal_acc=61.98% | macro_f1=0.6400 | qwk=0.7786 | mae=0.4504 | weighted_f1=0.6245 | precision_macro=0.6651 | recall_macro=0.6198
         ovr_roc_auc_macro=0.8686 | ovr_pr_auc_macro=0.7020
 No improvement. Bad epochs: 14/15

Epoch 28/60 | Time 0m 14s
  Train | loss=0.0726 | top1=97.46% | top2=99.81% | top3=100.00%
  Valid | loss=1.8394 | top1=64.67% | top2=88.58% | top3=98.80% | acc=64.53% | bal_acc=63.09% | macro_f1=0.6226 | qwk=0.7746 | mae=0.4528 | weighted_f1=0.6220 | precision_macro=0.6365 | recall_macro=0.6309
         ovr_roc_auc_macro=0.8702 | ovr_pr_auc_macro=0.7026
 No improvement. Bad epochs: 15/15
⏹ Early stopping triggered.
 Training stopped early at epoch 28.

Loading best model and evaluating on test set...
Best validation QWK: 0.8016

Test | loss=0.8128 | top1=67.81% | top2=90.24% | top3=99.20% | acc=67.69% | bal_acc=67.53% | macro_f1=0.6806 | qwk=0.8236 | mae=0.3816 | weighted_f1=0.6697 | precision_macro=0.6891 | recall_macro=0.6753
     ovr_roc_auc_macro=0.8943 | ovr_pr_auc_macro=0.7359

Evaluating on auto_test set...

AutoTest | loss=0.8049 | top1=68.37% | top2=90.92% | top3=99.25% | acc=68.22% | bal_acc=68.05% | macro_f1=0.6822 | qwk=0.8294 | mae=0.3716 | weighted_f1=0.6723 | precision_macro=0.6884 | recall_macro=0.6805
         ovr_roc_auc_macro=0.8939 | ovr_pr_auc_macro=0.7405

Knee Osteoarthritis ResNet50 baseline completed!

==========================================================================================
RETURN_CODE: 0
