DATASET: KOA
METHOD: ResNet50 + MESC VersionB + DAST
SEED: 7
SCRIPT: /root/autodl-tmp/MedVisionLab/Knee/ResNet_layer3+MECS+Loss4.py
RUN_TAG: controlled_mecsb_vb_koa_adni_10seed_20260803_234110_koa_resnet50_plus_mesc_versionb_plus_dast_seed7
DAST_TAU: 1.0
DAST_GAMMA: 1.5
COMMAND: /root/miniconda3/envs/medvision/bin/python -u /root/autodl-tmp/MedVisionLab/tools/run_training_with_mecsb.py --script /root/autodl-tmp/MedVisionLab/Knee/ResNet_layer3+MECS+Loss4.py
==========================================================================================
MESC_IMPLEMENTATION: MECS_VersionB
ORIGINAL_SCRIPT: /root/autodl-tmp/MedVisionLab/Knee/ResNet_layer3+MECS+Loss4.py
==========================================================================================
Injected attention module: MECS_VersionB
Original training script : /root/autodl-tmp/MedVisionLab/Knee/ResNet_layer3+MECS+Loss4.py
Dataset                  : KOA
Original source modified : no
==========================================================================================
Starting ResNet(layer3)+MECS+DAST Knee Osteoarthritis Baseline...
Using device: cuda
CUDA device: NVIDIA GeForce RTX 3090
Run tag: controlled_mecsb_vb_koa_adni_10seed_20260803_234110_koa_resnet50_plus_mesc_versionb_plus_dast_seed7
Config | seed=7, batch_size=32, epochs=60, image_size=224
DAST config | tau=1.0000, gamma=1.5000
Class mapping from folders: {'0': 0, '1': 1, '2': 2, '3': 3, '4': 4}

Train samples: 5778
Train class distribution:
  0_Normal: 2286
  1_Doubtful: 1046
  2_Mild: 1516
  3_Moderate: 757
  4_Severe: 173

Valid samples: 826
Valid class distribution:
  0_Normal: 328
  1_Doubtful: 153
  2_Mild: 212
  3_Moderate: 106
  4_Severe: 27

Test samples: 1656
Test class distribution:
  0_Normal: 639
  1_Doubtful: 296
  2_Mild: 447
  3_Moderate: 223
  4_Severe: 51

AutoTest samples: 1526
AutoTest class distribution:
  0_Normal: 604
  1_Doubtful: 275
  2_Mild: 403
  3_Moderate: 200
  4_Severe: 44

Split sizes | train=5778, valid=826, test=1656, auto_test=1526
Loading ResNet50 with MECS module at layer3...
Trainable parameters: 27,305,297

[INFO] Class counts in training set: [2286 1046 1516  757  173]
[INFO] Using Clinically Distance-Aware Soft Label Loss (DAST).
Starting training...

Epoch 01/60 | Time 0m 17s
  Train | loss=1.0135 | top1=37.62% | top2=60.12% | top3=82.76%
  Valid | loss=0.9453 | top1=43.51% | top2=65.02% | top3=86.78% | acc=43.83% | bal_acc=24.66% | macro_f1=0.2038 | qwk=0.3845 | mae=0.8789 | weighted_f1=0.3460 | precision_macro=0.1971 | recall_macro=0.2466
         ovr_roc_auc_macro=0.7519 | ovr_pr_auc_macro=0.3889
 Initial best model saved to /root/autodl-tmp/MedVisionLab/Knee/checkpoints/best_resnet50_mecs_layer3_dast_knee_oa_new_controlled_mecsb_vb_koa_adni_10seed_20260803_234110_koa_resnet50_plus_mesc_versionb_plus_dast_seed7.pt (QWK=0.3845)

Epoch 02/60 | Time 0m 17s
  Train | loss=0.8948 | top1=50.87% | top2=74.77% | top3=91.94%
  Valid | loss=0.8607 | top1=50.48% | top2=75.15% | top3=96.03% | acc=50.85% | bal_acc=36.19% | macro_f1=0.3452 | qwk=0.6237 | mae=0.6731 | weighted_f1=0.4575 | precision_macro=0.3584 | recall_macro=0.3619
         ovr_roc_auc_macro=0.8113 | ovr_pr_auc_macro=0.5071
 Validation improved. Saved best model to /root/autodl-tmp/MedVisionLab/Knee/checkpoints/best_resnet50_mecs_layer3_dast_knee_oa_new_controlled_mecsb_vb_koa_adni_10seed_20260803_234110_koa_resnet50_plus_mesc_versionb_plus_dast_seed7.pt (QWK=0.6237)

Epoch 03/60 | Time 0m 17s
  Train | loss=0.8166 | top1=58.33% | top2=83.10% | top3=96.97%
  Valid | loss=0.8087 | top1=59.03% | top2=83.96% | top3=98.08% | acc=58.96% | bal_acc=53.04% | macro_f1=0.5144 | qwk=0.6879 | mae=0.5884 | weighted_f1=0.5160 | precision_macro=0.5366 | recall_macro=0.5304
         ovr_roc_auc_macro=0.8575 | ovr_pr_auc_macro=0.6563
 Validation improved. Saved best model to /root/autodl-tmp/MedVisionLab/Knee/checkpoints/best_resnet50_mecs_layer3_dast_knee_oa_new_controlled_mecsb_vb_koa_adni_10seed_20260803_234110_koa_resnet50_plus_mesc_versionb_plus_dast_seed7.pt (QWK=0.6879)

Epoch 04/60 | Time 0m 17s
  Train | loss=0.7736 | top1=62.99% | top2=86.20% | top3=98.17%
  Valid | loss=0.7880 | top1=60.53% | top2=86.06% | top3=96.51% | acc=60.41% | bal_acc=59.94% | macro_f1=0.5746 | qwk=0.7375 | mae=0.5218 | weighted_f1=0.5746 | precision_macro=0.5692 | recall_macro=0.5994
         ovr_roc_auc_macro=0.8660 | ovr_pr_auc_macro=0.6614
 Validation improved. Saved best model to /root/autodl-tmp/MedVisionLab/Knee/checkpoints/best_resnet50_mecs_layer3_dast_knee_oa_new_controlled_mecsb_vb_koa_adni_10seed_20260803_234110_koa_resnet50_plus_mesc_versionb_plus_dast_seed7.pt (QWK=0.7375)

Epoch 05/60 | Time 0m 17s
  Train | loss=0.7478 | top1=66.56% | top2=88.44% | top3=98.53%
  Valid | loss=0.7673 | top1=63.17% | top2=86.12% | top3=97.72% | acc=63.08% | bal_acc=59.87% | macro_f1=0.5915 | qwk=0.7493 | mae=0.4915 | weighted_f1=0.5818 | precision_macro=0.6276 | recall_macro=0.5987
         ovr_roc_auc_macro=0.8776 | ovr_pr_auc_macro=0.6977
 Validation improved. Saved best model to /root/autodl-tmp/MedVisionLab/Knee/checkpoints/best_resnet50_mecs_layer3_dast_knee_oa_new_controlled_mecsb_vb_koa_adni_10seed_20260803_234110_koa_resnet50_plus_mesc_versionb_plus_dast_seed7.pt (QWK=0.7493)

Epoch 06/60 | Time 0m 17s
  Train | loss=0.7362 | top1=67.63% | top2=89.61% | top3=98.69%
  Valid | loss=0.7455 | top1=66.65% | top2=89.06% | top3=98.44% | acc=66.46% | bal_acc=65.40% | macro_f1=0.6117 | qwk=0.7806 | mae=0.4407 | weighted_f1=0.6065 | precision_macro=0.6153 | recall_macro=0.6540
         ovr_roc_auc_macro=0.8829 | ovr_pr_auc_macro=0.7240
 Validation improved. Saved best model to /root/autodl-tmp/MedVisionLab/Knee/checkpoints/best_resnet50_mecs_layer3_dast_knee_oa_new_controlled_mecsb_vb_koa_adni_10seed_20260803_234110_koa_resnet50_plus_mesc_versionb_plus_dast_seed7.pt (QWK=0.7806)

Epoch 07/60 | Time 0m 17s
  Train | loss=0.7234 | top1=68.57% | top2=90.35% | top3=98.91%
  Valid | loss=0.7454 | top1=64.91% | top2=87.83% | top3=98.44% | acc=64.77% | bal_acc=63.25% | macro_f1=0.6223 | qwk=0.7764 | mae=0.4455 | weighted_f1=0.6148 | precision_macro=0.6557 | recall_macro=0.6325
         ovr_roc_auc_macro=0.8866 | ovr_pr_auc_macro=0.7203
 No improvement. Bad epochs: 1/15

Epoch 08/60 | Time 0m 17s
  Train | loss=0.7119 | top1=69.81% | top2=90.96% | top3=99.07%
  Valid | loss=0.7651 | top1=65.69% | top2=88.58% | top3=98.44% | acc=65.50% | bal_acc=66.56% | macro_f1=0.6670 | qwk=0.8129 | mae=0.4031 | weighted_f1=0.6537 | precision_macro=0.6821 | recall_macro=0.6656
         ovr_roc_auc_macro=0.8840 | ovr_pr_auc_macro=0.7287
 Validation improved. Saved best model to /root/autodl-tmp/MedVisionLab/Knee/checkpoints/best_resnet50_mecs_layer3_dast_knee_oa_new_controlled_mecsb_vb_koa_adni_10seed_20260803_234110_koa_resnet50_plus_mesc_versionb_plus_dast_seed7.pt (QWK=0.8129)

Epoch 09/60 | Time 0m 17s
  Train | loss=0.7046 | top1=70.98% | top2=91.70% | top3=99.14%
  Valid | loss=0.7496 | top1=65.45% | top2=88.34% | top3=98.92% | acc=65.25% | bal_acc=63.98% | macro_f1=0.6240 | qwk=0.7845 | mae=0.4383 | weighted_f1=0.6169 | precision_macro=0.6573 | recall_macro=0.6398
         ovr_roc_auc_macro=0.8891 | ovr_pr_auc_macro=0.7222
 No improvement. Bad epochs: 1/15

Epoch 10/60 | Time 0m 17s
  Train | loss=0.6914 | top1=72.45% | top2=92.78% | top3=99.33%
  Valid | loss=0.7646 | top1=64.85% | top2=88.43% | top3=97.36% | acc=64.65% | bal_acc=66.51% | macro_f1=0.6533 | qwk=0.7933 | mae=0.4286 | weighted_f1=0.6359 | precision_macro=0.6518 | recall_macro=0.6651
         ovr_roc_auc_macro=0.8809 | ovr_pr_auc_macro=0.7221
 No improvement. Bad epochs: 2/15

Epoch 11/60 | Time 0m 17s
  Train | loss=0.6792 | top1=73.75% | top2=93.69% | top3=99.33%
  Valid | loss=0.7583 | top1=64.31% | top2=86.42% | top3=96.88% | acc=64.16% | bal_acc=66.26% | macro_f1=0.6451 | qwk=0.7872 | mae=0.4370 | weighted_f1=0.6361 | precision_macro=0.6348 | recall_macro=0.6626
         ovr_roc_auc_macro=0.8869 | ovr_pr_auc_macro=0.7196
 No improvement. Bad epochs: 3/15

Epoch 12/60 | Time 0m 17s
  Train | loss=0.6685 | top1=75.30% | top2=94.12% | top3=99.62%
  Valid | loss=0.7605 | top1=60.91% | top2=87.38% | top3=98.32% | acc=60.65% | bal_acc=65.28% | macro_f1=0.6238 | qwk=0.8063 | mae=0.4370 | weighted_f1=0.6227 | precision_macro=0.6409 | recall_macro=0.6528
         ovr_roc_auc_macro=0.8866 | ovr_pr_auc_macro=0.7207
 No improvement. Bad epochs: 4/15

Epoch 13/60 | Time 0m 17s
  Train | loss=0.6614 | top1=75.57% | top2=95.26% | top3=99.66%
  Valid | loss=0.7495 | top1=66.89% | top2=88.07% | top3=97.96% | acc=66.71% | bal_acc=68.05% | macro_f1=0.6704 | qwk=0.8157 | mae=0.3959 | weighted_f1=0.6658 | precision_macro=0.6716 | recall_macro=0.6805
         ovr_roc_auc_macro=0.8874 | ovr_pr_auc_macro=0.7172
 Validation improved. Saved best model to /root/autodl-tmp/MedVisionLab/Knee/checkpoints/best_resnet50_mecs_layer3_dast_knee_oa_new_controlled_mecsb_vb_koa_adni_10seed_20260803_234110_koa_resnet50_plus_mesc_versionb_plus_dast_seed7.pt (QWK=0.8157)

Epoch 14/60 | Time 0m 17s
  Train | loss=0.6588 | top1=76.70% | top2=94.53% | top3=99.74%
  Valid | loss=0.7574 | top1=66.60% | top2=88.82% | top3=98.92% | acc=66.46% | bal_acc=66.07% | macro_f1=0.6637 | qwk=0.8149 | mae=0.4019 | weighted_f1=0.6523 | precision_macro=0.6755 | recall_macro=0.6607
         ovr_roc_auc_macro=0.8857 | ovr_pr_auc_macro=0.7281
 No improvement. Bad epochs: 1/15

Epoch 15/60 | Time 0m 17s
  Train | loss=0.6451 | top1=78.92% | top2=96.01% | top3=99.72%
  Valid | loss=0.7525 | top1=65.03% | top2=88.07% | top3=97.96% | acc=64.89% | bal_acc=67.78% | macro_f1=0.6758 | qwk=0.8227 | mae=0.3935 | weighted_f1=0.6606 | precision_macro=0.6832 | recall_macro=0.6778
         ovr_roc_auc_macro=0.8838 | ovr_pr_auc_macro=0.7100
 Validation improved. Saved best model to /root/autodl-tmp/MedVisionLab/Knee/checkpoints/best_resnet50_mecs_layer3_dast_knee_oa_new_controlled_mecsb_vb_koa_adni_10seed_20260803_234110_koa_resnet50_plus_mesc_versionb_plus_dast_seed7.pt (QWK=0.8227)

Epoch 16/60 | Time 0m 17s
  Train | loss=0.6357 | top1=79.66% | top2=96.20% | top3=99.90%
  Valid | loss=0.8142 | top1=61.88% | top2=85.31% | top3=98.80% | acc=61.74% | bal_acc=58.73% | macro_f1=0.6010 | qwk=0.7641 | mae=0.4782 | weighted_f1=0.5961 | precision_macro=0.6516 | recall_macro=0.5873
         ovr_roc_auc_macro=0.8614 | ovr_pr_auc_macro=0.6861
 No improvement. Bad epochs: 1/15

Epoch 17/60 | Time 0m 17s
  Train | loss=0.6224 | top1=81.72% | top2=97.17% | top3=99.72%
  Valid | loss=0.7661 | top1=64.86% | top2=87.35% | top3=96.63% | acc=64.77% | bal_acc=64.59% | macro_f1=0.6504 | qwk=0.7852 | mae=0.4322 | weighted_f1=0.6415 | precision_macro=0.6632 | recall_macro=0.6459
         ovr_roc_auc_macro=0.8820 | ovr_pr_auc_macro=0.7147
 No improvement. Bad epochs: 2/15

Epoch 18/60 | Time 0m 17s
  Train | loss=0.6181 | top1=82.14% | top2=97.31% | top3=99.81%
  Valid | loss=0.8064 | top1=63.70% | top2=86.18% | top3=96.88% | acc=63.44% | bal_acc=65.80% | macro_f1=0.6242 | qwk=0.7648 | mae=0.4661 | weighted_f1=0.6192 | precision_macro=0.6389 | recall_macro=0.6580
         ovr_roc_auc_macro=0.8782 | ovr_pr_auc_macro=0.7040
 No improvement. Bad epochs: 3/15

Epoch 19/60 | Time 0m 17s
  Train | loss=0.6081 | top1=84.57% | top2=97.48% | top3=99.90%
  Valid | loss=0.8615 | top1=64.76% | top2=87.14% | top3=98.20% | acc=64.53% | bal_acc=64.12% | macro_f1=0.6231 | qwk=0.7719 | mae=0.4625 | weighted_f1=0.6147 | precision_macro=0.6499 | recall_macro=0.6412
         ovr_roc_auc_macro=0.8631 | ovr_pr_auc_macro=0.7040
 No improvement. Bad epochs: 4/15

Epoch 20/60 | Time 0m 17s
  Train | loss=0.5992 | top1=85.42% | top2=97.83% | top3=99.91%
  Valid | loss=0.7800 | top1=67.50% | top2=88.26% | top3=97.60% | acc=67.43% | bal_acc=67.10% | macro_f1=0.6826 | qwk=0.8088 | mae=0.3971 | weighted_f1=0.6660 | precision_macro=0.6993 | recall_macro=0.6710
         ovr_roc_auc_macro=0.8800 | ovr_pr_auc_macro=0.7058
 No improvement. Bad epochs: 5/15

Epoch 21/60 | Time 0m 17s
  Train | loss=0.5911 | top1=86.95% | top2=98.29% | top3=99.91%
  Valid | loss=0.9044 | top1=55.72% | top2=80.38% | top3=92.19% | acc=55.57% | bal_acc=60.62% | macro_f1=0.5890 | qwk=0.7096 | mae=0.5617 | weighted_f1=0.5524 | precision_macro=0.5924 | recall_macro=0.6062
         ovr_roc_auc_macro=0.8605 | ovr_pr_auc_macro=0.6782
 No improvement. Bad epochs: 6/15

Epoch 22/60 | Time 0m 17s
  Train | loss=0.5873 | top1=87.01% | top2=98.42% | top3=99.88%
  Valid | loss=0.8055 | top1=63.02% | top2=88.07% | top3=97.12% | acc=62.83% | bal_acc=65.67% | macro_f1=0.6523 | qwk=0.7817 | mae=0.4467 | weighted_f1=0.6311 | precision_macro=0.6501 | recall_macro=0.6567
         ovr_roc_auc_macro=0.8723 | ovr_pr_auc_macro=0.6947
 No improvement. Bad epochs: 7/15

Epoch 23/60 | Time 0m 17s
  Train | loss=0.5754 | top1=89.39% | top2=98.53% | top3=99.95%
  Valid | loss=0.8073 | top1=64.22% | top2=86.78% | top3=97.12% | acc=64.04% | bal_acc=66.29% | macro_f1=0.6589 | qwk=0.7959 | mae=0.4262 | weighted_f1=0.6440 | precision_macro=0.6608 | recall_macro=0.6629
         ovr_roc_auc_macro=0.8752 | ovr_pr_auc_macro=0.6912
 No improvement. Bad epochs: 8/15

Epoch 24/60 | Time 0m 17s
  Train | loss=0.5702 | top1=89.99% | top2=98.95% | top3=99.98%
  Valid | loss=0.8324 | top1=63.50% | top2=87.62% | top3=97.72% | acc=63.32% | bal_acc=64.11% | macro_f1=0.6379 | qwk=0.7847 | mae=0.4479 | weighted_f1=0.6253 | precision_macro=0.6446 | recall_macro=0.6411
         ovr_roc_auc_macro=0.8697 | ovr_pr_auc_macro=0.6871
 No improvement. Bad epochs: 9/15

Epoch 25/60 | Time 0m 17s
  Train | loss=0.5657 | top1=90.55% | top2=99.17% | top3=99.93%
  Valid | loss=0.8830 | top1=54.72% | top2=82.18% | top3=93.63% | acc=54.48% | bal_acc=64.05% | macro_f1=0.6110 | qwk=0.7240 | mae=0.5339 | weighted_f1=0.5442 | precision_macro=0.6563 | recall_macro=0.6405
         ovr_roc_auc_macro=0.8708 | ovr_pr_auc_macro=0.7036
 No improvement. Bad epochs: 10/15

Epoch 26/60 | Time 0m 17s
  Train | loss=0.5594 | top1=91.47% | top2=99.24% | top3=99.98%
  Valid | loss=0.8155 | top1=64.52% | top2=87.98% | top3=97.60% | acc=64.29% | bal_acc=66.89% | macro_f1=0.6384 | qwk=0.7925 | mae=0.4419 | weighted_f1=0.6287 | precision_macro=0.6250 | recall_macro=0.6689
         ovr_roc_auc_macro=0.8758 | ovr_pr_auc_macro=0.6928
 No improvement. Bad epochs: 11/15

Epoch 27/60 | Time 0m 17s
  Train | loss=0.5540 | top1=92.54% | top2=99.40% | top3=99.97%
  Valid | loss=0.8340 | top1=63.26% | top2=87.26% | top3=96.27% | acc=63.08% | bal_acc=65.42% | macro_f1=0.6254 | qwk=0.7955 | mae=0.4467 | weighted_f1=0.6186 | precision_macro=0.6059 | recall_macro=0.6542
         ovr_roc_auc_macro=0.8745 | ovr_pr_auc_macro=0.6768
 No improvement. Bad epochs: 12/15

Epoch 28/60 | Time 0m 17s
  Train | loss=0.5501 | top1=92.82% | top2=99.46% | top3=99.93%
  Valid | loss=0.8423 | top1=61.67% | top2=86.48% | top3=98.20% | acc=61.50% | bal_acc=61.24% | macro_f1=0.6231 | qwk=0.7758 | mae=0.4613 | weighted_f1=0.6114 | precision_macro=0.6508 | recall_macro=0.6124
         ovr_roc_auc_macro=0.8591 | ovr_pr_auc_macro=0.6704
 No improvement. Bad epochs: 13/15

Epoch 29/60 | Time 0m 17s
  Train | loss=0.5415 | top1=93.89% | top2=99.69% | top3=99.97%
  Valid | loss=0.8168 | top1=65.15% | top2=88.70% | top3=98.08% | acc=65.01% | bal_acc=67.20% | macro_f1=0.6779 | qwk=0.8042 | mae=0.4128 | weighted_f1=0.6541 | precision_macro=0.6853 | recall_macro=0.6720
         ovr_roc_auc_macro=0.8734 | ovr_pr_auc_macro=0.6878
 No improvement. Bad epochs: 14/15

Epoch 30/60 | Time 0m 17s
  Train | loss=0.5431 | top1=94.18% | top2=99.57% | top3=99.98%
  Valid | loss=0.8227 | top1=63.05% | top2=87.98% | top3=97.36% | acc=62.95% | bal_acc=65.58% | macro_f1=0.6644 | qwk=0.8035 | mae=0.4237 | weighted_f1=0.6425 | precision_macro=0.6831 | recall_macro=0.6558
         ovr_roc_auc_macro=0.8741 | ovr_pr_auc_macro=0.6999
 No improvement. Bad epochs: 15/15
⏹ Early stopping triggered.
 Training stopped early at epoch 30.

Loading best model and evaluating on test set...
Best validation QWK: 0.8227

Test | loss=0.7231 | top1=66.45% | top2=91.15% | top3=99.40% | acc=66.36% | bal_acc=68.39% | macro_f1=0.6881 | qwk=0.8418 | mae=0.3684 | weighted_f1=0.6737 | precision_macro=0.6960 | recall_macro=0.6839
     ovr_roc_auc_macro=0.8960 | ovr_pr_auc_macro=0.7228

Evaluating on auto_test set...

AutoTest | loss=0.7125 | top1=66.93% | top2=91.44% | top3=99.09% | acc=66.78% | bal_acc=69.05% | macro_f1=0.6864 | qwk=0.8452 | mae=0.3630 | weighted_f1=0.6757 | precision_macro=0.6857 | recall_macro=0.6905
         ovr_roc_auc_macro=0.9022 | ovr_pr_auc_macro=0.7395

ResNet(layer3)+MECS+DAST Knee Osteoarthritis baseline completed!

==========================================================================================
RETURN_CODE: 0
