DATASET: KOA
METHOD: ResNet50
SEED: 7
SCRIPT: /root/autodl-tmp/MedVisionLab/Knee/ResNet_baseline.py
RUN_TAG: controlled_mecsb_vb_koa_adni_10seed_20260803_234110_koa_resnet50_seed7
COMMAND: /root/miniconda3/envs/medvision/bin/python -u /root/autodl-tmp/MedVisionLab/Knee/ResNet_baseline.py
==========================================================================================
Starting Knee Osteoarthritis ResNet50 Baseline...
Using device: cuda
CUDA device: NVIDIA GeForce RTX 3090
Run tag: controlled_mecsb_vb_koa_adni_10seed_20260803_234110_koa_resnet50_seed7
Config | seed=7, batch_size=32, epochs=60, image_size=224
Class mapping from folders: {'0': 0, '1': 1, '2': 2, '3': 3, '4': 4}

Train samples: 5778
Train class distribution:
  0_Normal: 2286
  1_Doubtful: 1046
  2_Mild: 1516
  3_Moderate: 757
  4_Severe: 173

Valid samples: 826
Valid class distribution:
  0_Normal: 328
  1_Doubtful: 153
  2_Mild: 212
  3_Moderate: 106
  4_Severe: 27

Test samples: 1656
Test class distribution:
  0_Normal: 639
  1_Doubtful: 296
  2_Mild: 447
  3_Moderate: 223
  4_Severe: 51

AutoTest samples: 1526
AutoTest class distribution:
  0_Normal: 604
  1_Doubtful: 275
  2_Mild: 403
  3_Moderate: 200
  4_Severe: 44

Split sizes | train=5778, valid=826, test=1656, auto_test=1526
Loading pretrained ResNet50...
Trainable parameters: 23,518,277

[INFO] Class counts in training set: [2286 1046 1516  757  173]
[INFO] Using Standard CrossEntropyLoss (No class weights).
Starting training...

Epoch 01/60 | Time 0m 14s
  Train | loss=1.4488 | top1=37.65% | top2=63.29% | top3=81.78%
  Valid | loss=1.3908 | top1=39.54% | top2=64.42% | top3=84.01% | acc=39.83% | bal_acc=20.09% | macro_f1=0.1157 | qwk=0.0013 | mae=1.2119 | weighted_f1=0.2283 | precision_macro=0.2795 | recall_macro=0.2009
         ovr_roc_auc_macro=0.6070 | ovr_pr_auc_macro=0.2612
 Initial best model saved to /root/autodl-tmp/MedVisionLab/Knee/checkpoints/best_resnet50_knee_oa_standard_ce_controlled_mecsb_vb_koa_adni_10seed_20260803_234110_koa_resnet50_seed7.pt (QWK=0.0013)

Epoch 02/60 | Time 0m 13s
  Train | loss=1.3107 | top1=42.57% | top2=67.87% | top3=86.24%
  Valid | loss=1.2285 | top1=47.12% | top2=73.80% | top3=89.42% | acc=47.46% | bal_acc=29.43% | macro_f1=0.2562 | qwk=0.4844 | mae=0.7845 | weighted_f1=0.3961 | precision_macro=0.2671 | recall_macro=0.2943
         ovr_roc_auc_macro=0.7561 | ovr_pr_auc_macro=0.4053
 Validation improved. Saved best model to /root/autodl-tmp/MedVisionLab/Knee/checkpoints/best_resnet50_knee_oa_standard_ce_controlled_mecsb_vb_koa_adni_10seed_20260803_234110_koa_resnet50_seed7.pt (QWK=0.4844)

Epoch 03/60 | Time 0m 13s
  Train | loss=1.0912 | top1=54.18% | top2=78.10% | top3=94.08%
  Valid | loss=0.9625 | top1=57.57% | top2=81.50% | top3=97.60% | acc=57.63% | bal_acc=52.31% | macro_f1=0.5044 | qwk=0.6710 | mae=0.5993 | weighted_f1=0.5270 | precision_macro=0.5228 | recall_macro=0.5231
         ovr_roc_auc_macro=0.8414 | ovr_pr_auc_macro=0.6029
 Validation improved. Saved best model to /root/autodl-tmp/MedVisionLab/Knee/checkpoints/best_resnet50_knee_oa_standard_ce_controlled_mecsb_vb_koa_adni_10seed_20260803_234110_koa_resnet50_seed7.pt (QWK=0.6710)

Epoch 04/60 | Time 0m 14s
  Train | loss=0.8953 | top1=62.39% | top2=85.28% | top3=98.27%
  Valid | loss=0.8723 | top1=63.02% | top2=86.54% | top3=98.32% | acc=62.83% | bal_acc=63.51% | macro_f1=0.6192 | qwk=0.7513 | mae=0.4952 | weighted_f1=0.5966 | precision_macro=0.6323 | recall_macro=0.6351
         ovr_roc_auc_macro=0.8698 | ovr_pr_auc_macro=0.6959
 Validation improved. Saved best model to /root/autodl-tmp/MedVisionLab/Knee/checkpoints/best_resnet50_knee_oa_standard_ce_controlled_mecsb_vb_koa_adni_10seed_20260803_234110_koa_resnet50_seed7.pt (QWK=0.7513)

Epoch 05/60 | Time 0m 14s
  Train | loss=0.8290 | top1=65.66% | top2=87.43% | top3=98.60%
  Valid | loss=0.9145 | top1=63.83% | top2=86.72% | top3=97.57% | acc=63.68% | bal_acc=59.62% | macro_f1=0.5768 | qwk=0.7572 | mae=0.4746 | weighted_f1=0.5765 | precision_macro=0.6234 | recall_macro=0.5962
         ovr_roc_auc_macro=0.8619 | ovr_pr_auc_macro=0.6788
 Validation improved. Saved best model to /root/autodl-tmp/MedVisionLab/Knee/checkpoints/best_resnet50_knee_oa_standard_ce_controlled_mecsb_vb_koa_adni_10seed_20260803_234110_koa_resnet50_seed7.pt (QWK=0.7572)

Epoch 06/60 | Time 0m 14s
  Train | loss=0.7656 | top1=68.04% | top2=89.53% | top3=98.73%
  Valid | loss=0.8874 | top1=61.39% | top2=85.70% | top3=97.60% | acc=61.14% | bal_acc=64.45% | macro_f1=0.5816 | qwk=0.7406 | mae=0.5109 | weighted_f1=0.5795 | precision_macro=0.5604 | recall_macro=0.6445
         ovr_roc_auc_macro=0.8756 | ovr_pr_auc_macro=0.7024
 No improvement. Bad epochs: 1/15

Epoch 07/60 | Time 0m 14s
  Train | loss=0.7126 | top1=69.95% | top2=90.91% | top3=99.26%
  Valid | loss=0.8583 | top1=65.38% | top2=89.42% | top3=99.04% | acc=65.13% | bal_acc=64.78% | macro_f1=0.5786 | qwk=0.7826 | mae=0.4552 | weighted_f1=0.5939 | precision_macro=0.6047 | recall_macro=0.6478
         ovr_roc_auc_macro=0.8802 | ovr_pr_auc_macro=0.6939
 Validation improved. Saved best model to /root/autodl-tmp/MedVisionLab/Knee/checkpoints/best_resnet50_knee_oa_standard_ce_controlled_mecsb_vb_koa_adni_10seed_20260803_234110_koa_resnet50_seed7.pt (QWK=0.7826)

Epoch 08/60 | Time 0m 14s
  Train | loss=0.6709 | top1=72.21% | top2=91.32% | top3=99.36%
  Valid | loss=0.8565 | top1=62.95% | top2=87.98% | top3=98.20% | acc=62.71% | bal_acc=67.63% | macro_f1=0.6440 | qwk=0.7779 | mae=0.4613 | weighted_f1=0.6249 | precision_macro=0.6205 | recall_macro=0.6763
         ovr_roc_auc_macro=0.8819 | ovr_pr_auc_macro=0.6921
 No improvement. Bad epochs: 1/15

Epoch 09/60 | Time 0m 14s
  Train | loss=0.6158 | top1=74.32% | top2=93.15% | top3=99.55%
  Valid | loss=0.8594 | top1=64.82% | top2=89.42% | top3=98.68% | acc=64.65% | bal_acc=64.58% | macro_f1=0.6513 | qwk=0.7913 | mae=0.4346 | weighted_f1=0.6329 | precision_macro=0.6696 | recall_macro=0.6458
         ovr_roc_auc_macro=0.8847 | ovr_pr_auc_macro=0.7173
 Validation improved. Saved best model to /root/autodl-tmp/MedVisionLab/Knee/checkpoints/best_resnet50_knee_oa_standard_ce_controlled_mecsb_vb_koa_adni_10seed_20260803_234110_koa_resnet50_seed7.pt (QWK=0.7913)

Epoch 10/60 | Time 0m 13s
  Train | loss=0.5914 | top1=75.23% | top2=93.64% | top3=99.52%
  Valid | loss=0.9116 | top1=63.70% | top2=88.22% | top3=98.68% | acc=63.44% | bal_acc=67.18% | macro_f1=0.6354 | qwk=0.7832 | mae=0.4504 | weighted_f1=0.6269 | precision_macro=0.6291 | recall_macro=0.6718
         ovr_roc_auc_macro=0.8832 | ovr_pr_auc_macro=0.7066
 No improvement. Bad epochs: 1/15

Epoch 11/60 | Time 0m 14s
  Train | loss=0.5380 | top1=78.43% | top2=94.63% | top3=99.59%
  Valid | loss=0.9880 | top1=63.03% | top2=88.34% | top3=98.32% | acc=62.95% | bal_acc=62.14% | macro_f1=0.6395 | qwk=0.7765 | mae=0.4492 | weighted_f1=0.6261 | precision_macro=0.6738 | recall_macro=0.6214
         ovr_roc_auc_macro=0.8809 | ovr_pr_auc_macro=0.7100
 No improvement. Bad epochs: 2/15

Epoch 12/60 | Time 0m 13s
  Train | loss=0.4785 | top1=80.67% | top2=95.79% | top3=99.62%
  Valid | loss=0.9968 | top1=61.49% | top2=86.75% | top3=97.48% | acc=61.38% | bal_acc=63.57% | macro_f1=0.6379 | qwk=0.7717 | mae=0.4661 | weighted_f1=0.6171 | precision_macro=0.6427 | recall_macro=0.6357
         ovr_roc_auc_macro=0.8772 | ovr_pr_auc_macro=0.7052
 No improvement. Bad epochs: 3/15

Epoch 13/60 | Time 0m 14s
  Train | loss=0.4455 | top1=82.27% | top2=96.12% | top3=99.79%
  Valid | loss=0.9949 | top1=65.99% | top2=87.35% | top3=97.96% | acc=65.86% | bal_acc=66.48% | macro_f1=0.6587 | qwk=0.7661 | mae=0.4467 | weighted_f1=0.6465 | precision_macro=0.6780 | recall_macro=0.6648
         ovr_roc_auc_macro=0.8879 | ovr_pr_auc_macro=0.7224
 No improvement. Bad epochs: 4/15

Epoch 14/60 | Time 0m 14s
  Train | loss=0.4090 | top1=83.98% | top2=96.91% | top3=99.90%
  Valid | loss=1.0583 | top1=61.84% | top2=87.98% | top3=98.80% | acc=61.62% | bal_acc=65.62% | macro_f1=0.6507 | qwk=0.7900 | mae=0.4479 | weighted_f1=0.6241 | precision_macro=0.6530 | recall_macro=0.6562
         ovr_roc_auc_macro=0.8736 | ovr_pr_auc_macro=0.6975
 No improvement. Bad epochs: 5/15

Epoch 15/60 | Time 0m 14s
  Train | loss=0.3546 | top1=86.25% | top2=97.43% | top3=99.91%
  Valid | loss=1.1042 | top1=64.02% | top2=88.07% | top3=98.80% | acc=63.92% | bal_acc=63.81% | macro_f1=0.6442 | qwk=0.7845 | mae=0.4419 | weighted_f1=0.6323 | precision_macro=0.6553 | recall_macro=0.6381
         ovr_roc_auc_macro=0.8763 | ovr_pr_auc_macro=0.6982
 No improvement. Bad epochs: 6/15

Epoch 16/60 | Time 0m 14s
  Train | loss=0.3032 | top1=88.51% | top2=98.07% | top3=99.91%
  Valid | loss=1.2305 | top1=64.78% | top2=88.10% | top3=98.92% | acc=64.53% | bal_acc=69.47% | macro_f1=0.6685 | qwk=0.7988 | mae=0.4237 | weighted_f1=0.6530 | precision_macro=0.6676 | recall_macro=0.6947
         ovr_roc_auc_macro=0.8768 | ovr_pr_auc_macro=0.6993
 Validation improved. Saved best model to /root/autodl-tmp/MedVisionLab/Knee/checkpoints/best_resnet50_knee_oa_standard_ce_controlled_mecsb_vb_koa_adni_10seed_20260803_234110_koa_resnet50_seed7.pt (QWK=0.7988)

Epoch 17/60 | Time 0m 14s
  Train | loss=0.2568 | top1=89.90% | top2=98.52% | top3=99.95%
  Valid | loss=1.3844 | top1=60.38% | top2=87.68% | top3=98.89% | acc=60.29% | bal_acc=61.32% | macro_f1=0.6385 | qwk=0.7624 | mae=0.4758 | weighted_f1=0.6130 | precision_macro=0.6755 | recall_macro=0.6132
         ovr_roc_auc_macro=0.8662 | ovr_pr_auc_macro=0.6830
 No improvement. Bad epochs: 1/15

Epoch 18/60 | Time 0m 14s
  Train | loss=0.2329 | top1=91.52% | top2=98.76% | top3=99.93%
  Valid | loss=1.3928 | top1=58.30% | top2=85.70% | top3=98.20% | acc=58.11% | bal_acc=63.00% | macro_f1=0.6163 | qwk=0.7588 | mae=0.5036 | weighted_f1=0.5885 | precision_macro=0.6127 | recall_macro=0.6300
         ovr_roc_auc_macro=0.8661 | ovr_pr_auc_macro=0.6918
 No improvement. Bad epochs: 2/15

Epoch 19/60 | Time 0m 14s
  Train | loss=0.2115 | top1=92.32% | top2=98.93% | top3=99.97%
  Valid | loss=1.3359 | top1=61.67% | top2=88.31% | top3=98.56% | acc=61.50% | bal_acc=64.09% | macro_f1=0.6484 | qwk=0.7655 | mae=0.4661 | weighted_f1=0.6224 | precision_macro=0.6675 | recall_macro=0.6409
         ovr_roc_auc_macro=0.8703 | ovr_pr_auc_macro=0.6963
 No improvement. Bad epochs: 3/15

Epoch 20/60 | Time 0m 14s
  Train | loss=0.1790 | top1=93.44% | top2=99.36% | top3=99.98%
  Valid | loss=1.4192 | top1=61.88% | top2=87.38% | top3=99.04% | acc=61.74% | bal_acc=62.84% | macro_f1=0.6340 | qwk=0.7740 | mae=0.4649 | weighted_f1=0.6157 | precision_macro=0.6414 | recall_macro=0.6284
         ovr_roc_auc_macro=0.8641 | ovr_pr_auc_macro=0.6898
 No improvement. Bad epochs: 4/15

Epoch 21/60 | Time 0m 14s
  Train | loss=0.1641 | top1=94.19% | top2=99.23% | top3=99.95%
  Valid | loss=1.4330 | top1=62.56% | top2=86.90% | top3=97.96% | acc=62.35% | bal_acc=66.60% | macro_f1=0.6409 | qwk=0.7540 | mae=0.4843 | weighted_f1=0.6197 | precision_macro=0.6233 | recall_macro=0.6660
         ovr_roc_auc_macro=0.8686 | ovr_pr_auc_macro=0.6844
 No improvement. Bad epochs: 5/15

Epoch 22/60 | Time 0m 14s
  Train | loss=0.1385 | top1=94.96% | top2=99.53% | top3=99.95%
  Valid | loss=1.5962 | top1=60.97% | top2=87.14% | top3=98.80% | acc=60.77% | bal_acc=65.51% | macro_f1=0.6460 | qwk=0.7767 | mae=0.4637 | weighted_f1=0.6186 | precision_macro=0.6463 | recall_macro=0.6551
         ovr_roc_auc_macro=0.8654 | ovr_pr_auc_macro=0.6797
 No improvement. Bad epochs: 6/15

Epoch 23/60 | Time 0m 14s
  Train | loss=0.1245 | top1=95.52% | top2=99.57% | top3=99.97%
  Valid | loss=1.5005 | top1=63.68% | top2=88.22% | top3=98.56% | acc=63.56% | bal_acc=63.26% | macro_f1=0.6269 | qwk=0.7786 | mae=0.4504 | weighted_f1=0.6253 | precision_macro=0.6306 | recall_macro=0.6326
         ovr_roc_auc_macro=0.8734 | ovr_pr_auc_macro=0.6956
 No improvement. Bad epochs: 7/15

Epoch 24/60 | Time 0m 14s
  Train | loss=0.0980 | top1=96.65% | top2=99.62% | top3=99.97%
  Valid | loss=1.6725 | top1=63.74% | top2=88.22% | top3=98.44% | acc=63.56% | bal_acc=63.77% | macro_f1=0.6373 | qwk=0.7863 | mae=0.4431 | weighted_f1=0.6266 | precision_macro=0.6455 | recall_macro=0.6377
         ovr_roc_auc_macro=0.8693 | ovr_pr_auc_macro=0.6904
 No improvement. Bad epochs: 8/15

Epoch 25/60 | Time 0m 14s
  Train | loss=0.0936 | top1=96.60% | top2=99.66% | top3=100.00%
  Valid | loss=1.7409 | top1=61.52% | top2=85.34% | top3=99.16% | acc=61.38% | bal_acc=63.81% | macro_f1=0.6369 | qwk=0.7665 | mae=0.4685 | weighted_f1=0.6206 | precision_macro=0.6400 | recall_macro=0.6381
         ovr_roc_auc_macro=0.8699 | ovr_pr_auc_macro=0.6860
 No improvement. Bad epochs: 9/15

Epoch 26/60 | Time 0m 14s
  Train | loss=0.0875 | top1=96.79% | top2=99.64% | top3=100.00%
  Valid | loss=1.9742 | top1=65.94% | top2=87.74% | top3=98.44% | acc=65.86% | bal_acc=62.63% | macro_f1=0.6373 | qwk=0.7951 | mae=0.4237 | weighted_f1=0.6328 | precision_macro=0.6702 | recall_macro=0.6263
         ovr_roc_auc_macro=0.8677 | ovr_pr_auc_macro=0.6977
 No improvement. Bad epochs: 10/15

Epoch 27/60 | Time 0m 14s
  Train | loss=0.0766 | top1=97.17% | top2=99.81% | top3=100.00%
  Valid | loss=1.8703 | top1=64.28% | top2=88.34% | top3=98.56% | acc=64.16% | bal_acc=62.69% | macro_f1=0.6342 | qwk=0.7837 | mae=0.4431 | weighted_f1=0.6277 | precision_macro=0.6532 | recall_macro=0.6269
         ovr_roc_auc_macro=0.8706 | ovr_pr_auc_macro=0.6866
 No improvement. Bad epochs: 11/15

Epoch 28/60 | Time 0m 14s
  Train | loss=0.0735 | top1=97.31% | top2=99.78% | top3=99.98%
  Valid | loss=1.9869 | top1=61.62% | top2=87.35% | top3=98.20% | acc=61.62% | bal_acc=59.58% | macro_f1=0.6139 | qwk=0.7562 | mae=0.4794 | weighted_f1=0.6066 | precision_macro=0.6513 | recall_macro=0.5958
         ovr_roc_auc_macro=0.8635 | ovr_pr_auc_macro=0.6747
 No improvement. Bad epochs: 12/15

Epoch 29/60 | Time 0m 14s
  Train | loss=0.0759 | top1=97.38% | top2=99.78% | top3=99.97%
  Valid | loss=1.7188 | top1=63.41% | top2=87.86% | top3=98.32% | acc=63.20% | bal_acc=66.37% | macro_f1=0.6477 | qwk=0.7691 | mae=0.4613 | weighted_f1=0.6294 | precision_macro=0.6390 | recall_macro=0.6637
         ovr_roc_auc_macro=0.8698 | ovr_pr_auc_macro=0.6982
 No improvement. Bad epochs: 13/15

Epoch 30/60 | Time 0m 14s
  Train | loss=0.0524 | top1=98.17% | top2=99.91% | top3=100.00%
  Valid | loss=1.9187 | top1=64.83% | top2=87.26% | top3=98.56% | acc=64.77% | bal_acc=62.18% | macro_f1=0.6232 | qwk=0.7771 | mae=0.4443 | weighted_f1=0.6221 | precision_macro=0.6450 | recall_macro=0.6218
         ovr_roc_auc_macro=0.8707 | ovr_pr_auc_macro=0.6969
 No improvement. Bad epochs: 14/15

Epoch 31/60 | Time 0m 14s
  Train | loss=0.0523 | top1=98.14% | top2=99.90% | top3=100.00%
  Valid | loss=2.1280 | top1=64.35% | top2=86.18% | top3=97.96% | acc=64.29% | bal_acc=61.16% | macro_f1=0.6160 | qwk=0.7693 | mae=0.4625 | weighted_f1=0.6166 | precision_macro=0.6430 | recall_macro=0.6116
         ovr_roc_auc_macro=0.8591 | ovr_pr_auc_macro=0.6805
 No improvement. Bad epochs: 15/15
⏹ Early stopping triggered.
 Training stopped early at epoch 31.

Loading best model and evaluating on test set...
Best validation QWK: 0.7988

Test | loss=1.0972 | top1=64.28% | top2=89.16% | top3=99.38% | acc=64.13% | bal_acc=67.73% | macro_f1=0.6622 | qwk=0.8172 | mae=0.4094 | weighted_f1=0.6483 | precision_macro=0.6569 | recall_macro=0.6773
     ovr_roc_auc_macro=0.8820 | ovr_pr_auc_macro=0.7200

Evaluating on auto_test set...

AutoTest | loss=1.0427 | top1=65.20% | top2=89.49% | top3=99.51% | acc=65.01% | bal_acc=69.39% | macro_f1=0.6734 | qwk=0.8230 | mae=0.3965 | weighted_f1=0.6579 | precision_macro=0.6647 | recall_macro=0.6939
         ovr_roc_auc_macro=0.8857 | ovr_pr_auc_macro=0.7256

Knee Osteoarthritis ResNet50 baseline completed!

==========================================================================================
RETURN_CODE: 0
