DATASET: ADNI
METHOD: ResNet50
SEED: 3
SCRIPT: /root/autodl-tmp/MedVisionLab/Alzheimer_MRI_Loss/ResNet_baseline.py
RUN_TAG: controlled_mecsb_vb_koa_adni_10seed_20260803_234110_adni_resnet50_seed3
ALZHEIMER_LOSSES: ce
LOSS: ce
COMMAND: /root/miniconda3/envs/medvision/bin/python -u /root/autodl-tmp/MedVisionLab/Alzheimer_MRI_Loss/ResNet_baseline.py
==========================================================================================
==========================================================================================
Script: ResNet_baseline
Run tag: controlled_mecsb_vb_koa_adni_10seed_20260803_234110_adni_resnet50_seed3
Module: Baseline | Insert after: none
Device: cuda
CUDA: NVIDIA GeForce RTX 3090
Data root: /root/autodl-tmp/Augmented_Alzheimer_MRI/OriginalDataset
Class order: ['NonDemented', 'VeryMildDemented', 'MildDemented', 'ModerateDemented'] (used for labels/QWK/MAE/ordinal losses)
Config | seed=3, batch_size=32, epochs=60, num_workers=2, image_size=224, base_lr=0.0001, test_ratio=0.2, val_ratio_within_train=0.1, patience=15
Losses to run: ['ce']
==========================================================================================
Split sizes | train=4608, valid=512, test=1280
Classes (4): ['NonDemented', 'VeryMildDemented', 'MildDemented', 'ModerateDemented']
Train class counts: [2304, 1613, 645, 46]
Valid class counts: [256, 179, 72, 5]
Test class counts : [640, 448, 179, 13]
Loading torchvision ResNet50 pretrained weights once...
Pretrained state keys: 320

##########################################################################################
Starting loss: ce
##########################################################################################
Model params: 23,516,228 | pretrained loaded: 320/320 | feat_dim=2048
Criterion: CrossEntropyLoss
Criterion trainable params: 0
Epoch 01/60 | Time 0m11s
  Train | loss=1.3649 | top1=32.27% | top2=61.52% | top3=81.99%
  Valid | loss=1.3354 | top1=41.02% | top2=76.56% | top3=89.65% | acc=41.02% | bal_acc=24.50% | macro_f1=0.2243 | weighted_f1=0.3861 | precision_macro=0.2152 | recall_macro=0.2450 | qwk=0.0340 | mae=0.6797
        ovr_roc_auc_macro=0.4721 | ovr_pr_auc_macro=0.2596
  -> best macro_f1 updated to 0.2243 (epoch 1)
Epoch 02/60 | Time 0m11s
  Train | loss=1.2570 | top1=47.05% | top2=84.55% | top3=93.66%
  Valid | loss=1.2325 | top1=50.00% | top2=84.77% | top3=94.92% | acc=50.00% | bal_acc=27.14% | macro_f1=0.2434 | weighted_f1=0.4358 | precision_macro=0.2359 | recall_macro=0.2714 | qwk=0.0485 | mae=0.6211
        ovr_roc_auc_macro=0.4821 | ovr_pr_auc_macro=0.2658
  -> best macro_f1 updated to 0.2434 (epoch 2)
Epoch 03/60 | Time 0m11s
  Train | loss=1.1520 | top1=50.15% | top2=85.00% | top3=98.05%
  Valid | loss=1.1308 | top1=50.78% | top2=84.96% | top3=99.02% | acc=50.78% | bal_acc=25.81% | macro_f1=0.1922 | weighted_f1=0.3694 | precision_macro=0.2520 | recall_macro=0.2581 | qwk=0.0190 | mae=0.6445
        ovr_roc_auc_macro=0.5282 | ovr_pr_auc_macro=0.2849
Epoch 04/60 | Time 0m11s
  Train | loss=1.0676 | top1=50.95% | top2=85.00% | top3=99.00%
  Valid | loss=1.0601 | top1=51.17% | top2=84.96% | top3=99.02% | acc=51.17% | bal_acc=25.96% | macro_f1=0.1912 | weighted_f1=0.3684 | precision_macro=0.2773 | recall_macro=0.2596 | qwk=0.0201 | mae=0.6426
        ovr_roc_auc_macro=0.5765 | ovr_pr_auc_macro=0.3173
Epoch 05/60 | Time 0m11s
  Train | loss=1.0117 | top1=51.19% | top2=85.00% | top3=99.00%
  Valid | loss=1.0081 | top1=53.71% | top2=84.96% | top3=99.02% | acc=53.71% | bal_acc=27.82% | macro_f1=0.2256 | weighted_f1=0.4196 | precision_macro=0.2772 | recall_macro=0.2782 | qwk=0.0945 | mae=0.5977
        ovr_roc_auc_macro=0.6396 | ovr_pr_auc_macro=0.3513
Epoch 06/60 | Time 0m11s
  Train | loss=0.9664 | top1=53.36% | top2=85.00% | top3=99.00%
  Valid | loss=0.9663 | top1=55.86% | top2=84.96% | top3=99.02% | acc=55.86% | bal_acc=30.45% | macro_f1=0.2746 | weighted_f1=0.4892 | precision_macro=0.2678 | recall_macro=0.3045 | qwk=0.1923 | mae=0.5391
        ovr_roc_auc_macro=0.6869 | ovr_pr_auc_macro=0.3825
  -> best macro_f1 updated to 0.2746 (epoch 6)
Epoch 07/60 | Time 0m11s
  Train | loss=0.9294 | top1=55.97% | top2=84.98% | top3=99.00%
  Valid | loss=0.9319 | top1=54.30% | top2=84.96% | top3=99.02% | acc=54.30% | bal_acc=30.34% | macro_f1=0.2777 | weighted_f1=0.4908 | precision_macro=0.2584 | recall_macro=0.3034 | qwk=0.2346 | mae=0.5293
        ovr_roc_auc_macro=0.7107 | ovr_pr_auc_macro=0.3934
  -> best macro_f1 updated to 0.2777 (epoch 7)
Epoch 08/60 | Time 0m11s
  Train | loss=0.8952 | top1=57.05% | top2=85.44% | top3=99.00%
  Valid | loss=0.9016 | top1=54.88% | top2=85.74% | top3=99.02% | acc=54.88% | bal_acc=31.10% | macro_f1=0.2856 | weighted_f1=0.5024 | precision_macro=0.2641 | recall_macro=0.3110 | qwk=0.2801 | mae=0.5078
        ovr_roc_auc_macro=0.7404 | ovr_pr_auc_macro=0.4072
  -> best macro_f1 updated to 0.2856 (epoch 8)
Epoch 09/60 | Time 0m11s
  Train | loss=0.8743 | top1=57.34% | top2=85.89% | top3=99.00%
  Valid | loss=0.8801 | top1=56.25% | top2=86.91% | top3=99.02% | acc=56.25% | bal_acc=32.79% | macro_f1=0.3004 | weighted_f1=0.5241 | precision_macro=0.2812 | recall_macro=0.3279 | qwk=0.3628 | mae=0.4688
        ovr_roc_auc_macro=0.7566 | ovr_pr_auc_macro=0.4288
  -> best macro_f1 updated to 0.3004 (epoch 9)
Epoch 10/60 | Time 0m11s
  Train | loss=0.8546 | top1=58.40% | top2=86.89% | top3=99.00%
  Valid | loss=0.8594 | top1=58.59% | top2=87.30% | top3=99.02% | acc=58.59% | bal_acc=34.67% | macro_f1=0.3207 | weighted_f1=0.5494 | precision_macro=0.5459 | recall_macro=0.3467 | qwk=0.4012 | mae=0.4414
        ovr_roc_auc_macro=0.7876 | ovr_pr_auc_macro=0.4499
  -> best macro_f1 updated to 0.3207 (epoch 10)
Epoch 11/60 | Time 0m11s
  Train | loss=0.8272 | top1=59.81% | top2=87.67% | top3=99.00%
  Valid | loss=0.8281 | top1=58.59% | top2=88.67% | top3=99.02% | acc=58.59% | bal_acc=35.38% | macro_f1=0.3337 | weighted_f1=0.5558 | precision_macro=0.4873 | recall_macro=0.3538 | qwk=0.4202 | mae=0.4375
        ovr_roc_auc_macro=0.8151 | ovr_pr_auc_macro=0.4565
  -> best macro_f1 updated to 0.3337 (epoch 11)
Epoch 12/60 | Time 0m11s
  Train | loss=0.8010 | top1=61.15% | top2=88.48% | top3=99.00%
  Valid | loss=0.8106 | top1=59.77% | top2=88.87% | top3=99.02% | acc=59.77% | bal_acc=37.45% | macro_f1=0.3760 | weighted_f1=0.5813 | precision_macro=0.4057 | recall_macro=0.3745 | qwk=0.4225 | mae=0.4492
        ovr_roc_auc_macro=0.8353 | ovr_pr_auc_macro=0.5054
  -> best macro_f1 updated to 0.3760 (epoch 12)
Epoch 13/60 | Time 0m11s
  Train | loss=0.7792 | top1=63.11% | top2=88.87% | top3=99.00%
  Valid | loss=0.7860 | top1=64.84% | top2=91.80% | top3=99.02% | acc=64.84% | bal_acc=44.03% | macro_f1=0.4424 | weighted_f1=0.6442 | precision_macro=0.4491 | recall_macro=0.4403 | qwk=0.5142 | mae=0.3984
        ovr_roc_auc_macro=0.8525 | ovr_pr_auc_macro=0.5450
  -> best macro_f1 updated to 0.4424 (epoch 13)
Epoch 14/60 | Time 0m11s
  Train | loss=0.7390 | top1=66.15% | top2=90.65% | top3=99.00%
  Valid | loss=0.7613 | top1=66.21% | top2=90.04% | top3=99.02% | acc=66.21% | bal_acc=46.55% | macro_f1=0.4643 | weighted_f1=0.6615 | precision_macro=0.4718 | recall_macro=0.4655 | qwk=0.5424 | mae=0.3809
        ovr_roc_auc_macro=0.8635 | ovr_pr_auc_macro=0.5766
  -> best macro_f1 updated to 0.4643 (epoch 14)
Epoch 15/60 | Time 0m11s
  Train | loss=0.7087 | top1=68.27% | top2=91.15% | top3=99.00%
  Valid | loss=0.7259 | top1=66.41% | top2=90.62% | top3=99.02% | acc=66.41% | bal_acc=46.68% | macro_f1=0.4615 | weighted_f1=0.6634 | precision_macro=0.4570 | recall_macro=0.4668 | qwk=0.5177 | mae=0.3984
        ovr_roc_auc_macro=0.8773 | ovr_pr_auc_macro=0.6261
Epoch 16/60 | Time 0m11s
  Train | loss=0.6675 | top1=70.40% | top2=92.36% | top3=99.00%
  Valid | loss=0.6904 | top1=70.90% | top2=91.60% | top3=99.02% | acc=70.90% | bal_acc=48.81% | macro_f1=0.4951 | weighted_f1=0.7012 | precision_macro=0.5081 | recall_macro=0.4881 | qwk=0.5534 | mae=0.3457
        ovr_roc_auc_macro=0.8902 | ovr_pr_auc_macro=0.7287
  -> best macro_f1 updated to 0.4951 (epoch 16)
Epoch 17/60 | Time 0m11s
  Train | loss=0.6285 | top1=72.57% | top2=93.36% | top3=99.00%
  Valid | loss=0.6567 | top1=71.88% | top2=93.16% | top3=99.02% | acc=71.88% | bal_acc=49.67% | macro_f1=0.4997 | weighted_f1=0.7116 | precision_macro=0.5044 | recall_macro=0.4967 | qwk=0.5866 | mae=0.3320
        ovr_roc_auc_macro=0.9024 | ovr_pr_auc_macro=0.7310
  -> best macro_f1 updated to 0.4997 (epoch 17)
Epoch 18/60 | Time 0m11s
  Train | loss=0.5759 | top1=75.59% | top2=94.27% | top3=99.02%
  Valid | loss=0.6157 | top1=73.83% | top2=92.77% | top3=99.22% | acc=73.83% | bal_acc=52.19% | macro_f1=0.5223 | weighted_f1=0.7349 | precision_macro=0.5262 | recall_macro=0.5219 | qwk=0.6460 | mae=0.2969
        ovr_roc_auc_macro=0.9159 | ovr_pr_auc_macro=0.7749
  -> best macro_f1 updated to 0.5223 (epoch 18)
Epoch 19/60 | Time 0m11s
  Train | loss=0.5205 | top1=78.47% | top2=95.25% | top3=99.18%
  Valid | loss=0.5586 | top1=74.22% | top2=95.12% | top3=99.22% | acc=74.22% | bal_acc=53.34% | macro_f1=0.5308 | weighted_f1=0.7355 | precision_macro=0.5306 | recall_macro=0.5334 | qwk=0.6753 | mae=0.2910
        ovr_roc_auc_macro=0.9314 | ovr_pr_auc_macro=0.8166
  -> best macro_f1 updated to 0.5308 (epoch 19)
Epoch 20/60 | Time 0m11s
  Train | loss=0.4807 | top1=80.75% | top2=95.70% | top3=99.54%
  Valid | loss=0.5293 | top1=79.69% | top2=95.31% | top3=99.80% | acc=79.69% | bal_acc=57.12% | macro_f1=0.5730 | weighted_f1=0.7916 | precision_macro=0.5755 | recall_macro=0.5712 | qwk=0.7053 | mae=0.2402
        ovr_roc_auc_macro=0.9390 | ovr_pr_auc_macro=0.8709
  -> best macro_f1 updated to 0.5730 (epoch 20)
Epoch 21/60 | Time 0m11s
  Train | loss=0.4185 | top1=83.49% | top2=96.94% | top3=99.72%
  Valid | loss=0.4709 | top1=81.05% | top2=95.70% | top3=99.80% | acc=81.05% | bal_acc=58.56% | macro_f1=0.5855 | weighted_f1=0.8065 | precision_macro=0.5872 | recall_macro=0.5856 | qwk=0.7362 | mae=0.2188
        ovr_roc_auc_macro=0.9519 | ovr_pr_auc_macro=0.8868
  -> best macro_f1 updated to 0.5855 (epoch 21)
Epoch 22/60 | Time 0m11s
  Train | loss=0.3756 | top1=85.20% | top2=97.70% | top3=99.76%
  Valid | loss=0.4453 | top1=82.23% | top2=96.48% | top3=100.00% | acc=82.23% | bal_acc=60.93% | macro_f1=0.5957 | weighted_f1=0.8210 | precision_macro=0.5852 | recall_macro=0.6093 | qwk=0.7719 | mae=0.2031
        ovr_roc_auc_macro=0.9580 | ovr_pr_auc_macro=0.9038
  -> best macro_f1 updated to 0.5957 (epoch 22)
Epoch 23/60 | Time 0m11s
  Train | loss=0.3239 | top1=87.35% | top2=98.05% | top3=99.80%
  Valid | loss=0.3952 | top1=83.20% | top2=97.66% | top3=100.00% | acc=83.20% | bal_acc=60.46% | macro_f1=0.6056 | weighted_f1=0.8267 | precision_macro=0.6070 | recall_macro=0.6046 | qwk=0.8000 | mae=0.1836
        ovr_roc_auc_macro=0.9661 | ovr_pr_auc_macro=0.9236
  -> best macro_f1 updated to 0.6056 (epoch 23)
Epoch 24/60 | Time 0m11s
  Train | loss=0.2940 | top1=88.17% | top2=98.57% | top3=99.96%
  Valid | loss=0.3766 | top1=83.79% | top2=96.68% | top3=100.00% | acc=83.79% | bal_acc=66.98% | macro_f1=0.6969 | weighted_f1=0.8351 | precision_macro=0.8591 | recall_macro=0.6698 | qwk=0.8129 | mae=0.1777
        ovr_roc_auc_macro=0.9683 | ovr_pr_auc_macro=0.9314
  -> best macro_f1 updated to 0.6969 (epoch 24)
Epoch 25/60 | Time 0m11s
  Train | loss=0.2503 | top1=89.97% | top2=98.98% | top3=99.96%
  Valid | loss=0.3459 | top1=86.91% | top2=97.27% | top3=100.00% | acc=86.91% | bal_acc=78.44% | macro_f1=0.8226 | weighted_f1=0.8689 | precision_macro=0.8861 | recall_macro=0.7844 | qwk=0.8218 | mae=0.1523
        ovr_roc_auc_macro=0.9741 | ovr_pr_auc_macro=0.9426
  -> best macro_f1 updated to 0.8226 (epoch 25)
Epoch 26/60 | Time 0m11s
  Train | loss=0.2294 | top1=91.21% | top2=98.94% | top3=99.93%
  Valid | loss=0.3336 | top1=86.13% | top2=97.85% | top3=100.00% | acc=86.13% | bal_acc=82.70% | macro_f1=0.8529 | weighted_f1=0.8603 | precision_macro=0.8858 | recall_macro=0.8270 | qwk=0.7982 | mae=0.1680
        ovr_roc_auc_macro=0.9767 | ovr_pr_auc_macro=0.9471
  -> best macro_f1 updated to 0.8529 (epoch 26)
Epoch 27/60 | Time 0m11s
  Train | loss=0.2061 | top1=92.01% | top2=99.37% | top3=99.98%
  Valid | loss=0.2820 | top1=88.87% | top2=98.24% | top3=100.00% | acc=88.87% | bal_acc=90.22% | macro_f1=0.9062 | weighted_f1=0.8881 | precision_macro=0.9106 | recall_macro=0.9022 | qwk=0.8749 | mae=0.1211
        ovr_roc_auc_macro=0.9823 | ovr_pr_auc_macro=0.9614
  -> best macro_f1 updated to 0.9062 (epoch 27)
Epoch 28/60 | Time 0m11s
  Train | loss=0.1954 | top1=93.03% | top2=99.24% | top3=100.00%
  Valid | loss=0.2609 | top1=90.82% | top2=98.83% | top3=100.00% | acc=90.82% | bal_acc=91.99% | macro_f1=0.9246 | weighted_f1=0.9079 | precision_macro=0.9297 | recall_macro=0.9199 | qwk=0.8918 | mae=0.1016
        ovr_roc_auc_macro=0.9847 | ovr_pr_auc_macro=0.9670
  -> best macro_f1 updated to 0.9246 (epoch 28)
Epoch 29/60 | Time 0m11s
  Train | loss=0.1590 | top1=94.21% | top2=99.70% | top3=100.00%
  Valid | loss=0.2397 | top1=90.43% | top2=98.63% | top3=100.00% | acc=90.43% | bal_acc=91.17% | macro_f1=0.9195 | weighted_f1=0.9040 | precision_macro=0.9289 | recall_macro=0.9117 | qwk=0.8762 | mae=0.1094
        ovr_roc_auc_macro=0.9873 | ovr_pr_auc_macro=0.9725
Epoch 30/60 | Time 0m11s
  Train | loss=0.1499 | top1=94.75% | top2=99.63% | top3=100.00%
  Valid | loss=0.2503 | top1=90.82% | top2=99.02% | top3=100.00% | acc=90.82% | bal_acc=92.32% | macro_f1=0.9264 | weighted_f1=0.9081 | precision_macro=0.9297 | recall_macro=0.9232 | qwk=0.8866 | mae=0.1035
        ovr_roc_auc_macro=0.9861 | ovr_pr_auc_macro=0.9730
  -> best macro_f1 updated to 0.9264 (epoch 30)
Epoch 31/60 | Time 0m11s
  Train | loss=0.1373 | top1=95.03% | top2=99.61% | top3=100.00%
  Valid | loss=0.2195 | top1=92.19% | top2=99.02% | top3=100.00% | acc=92.19% | bal_acc=93.88% | macro_f1=0.9370 | weighted_f1=0.9221 | precision_macro=0.9354 | recall_macro=0.9388 | qwk=0.9204 | mae=0.0820
        ovr_roc_auc_macro=0.9888 | ovr_pr_auc_macro=0.9775
  -> best macro_f1 updated to 0.9370 (epoch 31)
Epoch 32/60 | Time 0m11s
  Train | loss=0.1378 | top1=94.92% | top2=99.50% | top3=100.00%
  Valid | loss=0.2357 | top1=90.43% | top2=98.63% | top3=100.00% | acc=90.43% | bal_acc=91.00% | macro_f1=0.9203 | weighted_f1=0.9037 | precision_macro=0.9328 | recall_macro=0.9100 | qwk=0.8765 | mae=0.1094
        ovr_roc_auc_macro=0.9879 | ovr_pr_auc_macro=0.9754
Epoch 33/60 | Time 0m11s
  Train | loss=0.1172 | top1=95.94% | top2=99.83% | top3=100.00%
  Valid | loss=0.2172 | top1=91.41% | top2=99.22% | top3=100.00% | acc=91.41% | bal_acc=92.36% | macro_f1=0.9283 | weighted_f1=0.9134 | precision_macro=0.9344 | recall_macro=0.9236 | qwk=0.8879 | mae=0.0996
        ovr_roc_auc_macro=0.9909 | ovr_pr_auc_macro=0.9810
Epoch 34/60 | Time 0m11s
  Train | loss=0.0999 | top1=96.51% | top2=99.78% | top3=99.98%
  Valid | loss=0.2093 | top1=91.80% | top2=99.22% | top3=100.00% | acc=91.80% | bal_acc=92.98% | macro_f1=0.9324 | weighted_f1=0.9176 | precision_macro=0.9356 | recall_macro=0.9298 | qwk=0.8912 | mae=0.0957
        ovr_roc_auc_macro=0.9904 | ovr_pr_auc_macro=0.9803
Epoch 35/60 | Time 0m11s
  Train | loss=0.0986 | top1=96.85% | top2=99.72% | top3=100.00%
  Valid | loss=0.2129 | top1=92.58% | top2=99.61% | top3=100.00% | acc=92.58% | bal_acc=93.49% | macro_f1=0.9392 | weighted_f1=0.9255 | precision_macro=0.9438 | recall_macro=0.9349 | qwk=0.9079 | mae=0.0840
        ovr_roc_auc_macro=0.9900 | ovr_pr_auc_macro=0.9800
  -> best macro_f1 updated to 0.9392 (epoch 35)
Epoch 36/60 | Time 0m11s
  Train | loss=0.0862 | top1=97.22% | top2=99.83% | top3=100.00%
  Valid | loss=0.1994 | top1=92.97% | top2=99.22% | top3=100.00% | acc=92.97% | bal_acc=94.07% | macro_f1=0.9429 | weighted_f1=0.9296 | precision_macro=0.9453 | recall_macro=0.9407 | qwk=0.9165 | mae=0.0781
        ovr_roc_auc_macro=0.9909 | ovr_pr_auc_macro=0.9827
  -> best macro_f1 updated to 0.9429 (epoch 36)
Epoch 37/60 | Time 0m11s
  Train | loss=0.0894 | top1=97.01% | top2=99.85% | top3=100.00%
  Valid | loss=0.1706 | top1=93.95% | top2=99.41% | top3=100.00% | acc=93.95% | bal_acc=94.97% | macro_f1=0.9526 | weighted_f1=0.9395 | precision_macro=0.9558 | recall_macro=0.9497 | qwk=0.9249 | mae=0.0684
        ovr_roc_auc_macro=0.9932 | ovr_pr_auc_macro=0.9862
  -> best macro_f1 updated to 0.9526 (epoch 37)
Epoch 38/60 | Time 0m11s
  Train | loss=0.0787 | top1=97.33% | top2=99.89% | top3=100.00%
  Valid | loss=0.1679 | top1=93.36% | top2=99.41% | top3=100.00% | acc=93.36% | bal_acc=94.55% | macro_f1=0.9465 | weighted_f1=0.9336 | precision_macro=0.9475 | recall_macro=0.9455 | qwk=0.9254 | mae=0.0723
        ovr_roc_auc_macro=0.9932 | ovr_pr_auc_macro=0.9861
Epoch 39/60 | Time 0m11s
  Train | loss=0.0791 | top1=97.22% | top2=99.85% | top3=100.00%
  Valid | loss=0.1559 | top1=94.92% | top2=99.61% | top3=100.00% | acc=94.92% | bal_acc=96.04% | macro_f1=0.9585 | weighted_f1=0.9494 | precision_macro=0.9568 | recall_macro=0.9604 | qwk=0.9446 | mae=0.0547
        ovr_roc_auc_macro=0.9943 | ovr_pr_auc_macro=0.9879
  -> best macro_f1 updated to 0.9585 (epoch 39)
Epoch 40/60 | Time 0m11s
  Train | loss=0.0668 | top1=97.76% | top2=99.89% | top3=100.00%
  Valid | loss=0.1425 | top1=94.34% | top2=99.61% | top3=100.00% | acc=94.34% | bal_acc=95.08% | macro_f1=0.9537 | weighted_f1=0.9432 | precision_macro=0.9567 | recall_macro=0.9508 | qwk=0.9288 | mae=0.0645
        ovr_roc_auc_macro=0.9952 | ovr_pr_auc_macro=0.9900
Epoch 41/60 | Time 0m11s
  Train | loss=0.0676 | top1=97.57% | top2=99.87% | top3=100.00%
  Valid | loss=0.1351 | top1=94.92% | top2=99.80% | top3=100.00% | acc=94.92% | bal_acc=95.96% | macro_f1=0.9596 | weighted_f1=0.9492 | precision_macro=0.9596 | recall_macro=0.9596 | qwk=0.9446 | mae=0.0547
        ovr_roc_auc_macro=0.9954 | ovr_pr_auc_macro=0.9902
  -> best macro_f1 updated to 0.9596 (epoch 41)
Epoch 42/60 | Time 0m11s
  Train | loss=0.0573 | top1=98.18% | top2=99.89% | top3=100.00%
  Valid | loss=0.1356 | top1=94.73% | top2=99.61% | top3=100.00% | acc=94.73% | bal_acc=95.78% | macro_f1=0.9570 | weighted_f1=0.9472 | precision_macro=0.9562 | recall_macro=0.9578 | qwk=0.9483 | mae=0.0547
        ovr_roc_auc_macro=0.9957 | ovr_pr_auc_macro=0.9913
Epoch 43/60 | Time 0m11s
  Train | loss=0.0545 | top1=98.05% | top2=99.98% | top3=100.00%
  Valid | loss=0.1383 | top1=94.34% | top2=99.80% | top3=100.00% | acc=94.34% | bal_acc=95.71% | macro_f1=0.9546 | weighted_f1=0.9432 | precision_macro=0.9525 | recall_macro=0.9571 | qwk=0.9452 | mae=0.0586
        ovr_roc_auc_macro=0.9956 | ovr_pr_auc_macro=0.9911
Epoch 44/60 | Time 0m11s
  Train | loss=0.0609 | top1=97.89% | top2=99.91% | top3=100.00%
  Valid | loss=0.1277 | top1=95.70% | top2=99.80% | top3=100.00% | acc=95.70% | bal_acc=96.72% | macro_f1=0.9655 | weighted_f1=0.9571 | precision_macro=0.9639 | recall_macro=0.9672 | qwk=0.9568 | mae=0.0449
        ovr_roc_auc_macro=0.9958 | ovr_pr_auc_macro=0.9916
  -> best macro_f1 updated to 0.9655 (epoch 44)
Epoch 45/60 | Time 0m11s
  Train | loss=0.0548 | top1=98.18% | top2=99.93% | top3=100.00%
  Valid | loss=0.1253 | top1=95.12% | top2=99.61% | top3=100.00% | acc=95.12% | bal_acc=96.22% | macro_f1=0.9618 | weighted_f1=0.9511 | precision_macro=0.9614 | recall_macro=0.9622 | qwk=0.9518 | mae=0.0508
        ovr_roc_auc_macro=0.9962 | ovr_pr_auc_macro=0.9923
Epoch 46/60 | Time 0m11s
  Train | loss=0.0506 | top1=98.63% | top2=99.93% | top3=100.00%
  Valid | loss=0.1313 | top1=94.53% | top2=99.80% | top3=100.00% | acc=94.53% | bal_acc=95.22% | macro_f1=0.9585 | weighted_f1=0.9453 | precision_macro=0.9655 | recall_macro=0.9522 | qwk=0.9300 | mae=0.0625
        ovr_roc_auc_macro=0.9960 | ovr_pr_auc_macro=0.9924
Epoch 47/60 | Time 0m11s
  Train | loss=0.0514 | top1=98.33% | top2=99.93% | top3=100.00%
  Valid | loss=0.1328 | top1=94.73% | top2=99.41% | top3=100.00% | acc=94.73% | bal_acc=95.11% | macro_f1=0.9585 | weighted_f1=0.9472 | precision_macro=0.9669 | recall_macro=0.9511 | qwk=0.9263 | mae=0.0625
        ovr_roc_auc_macro=0.9962 | ovr_pr_auc_macro=0.9929
Epoch 48/60 | Time 0m11s
  Train | loss=0.0478 | top1=98.46% | top2=99.91% | top3=100.00%
  Valid | loss=0.1284 | top1=95.12% | top2=99.80% | top3=100.00% | acc=95.12% | bal_acc=96.26% | macro_f1=0.9630 | weighted_f1=0.9511 | precision_macro=0.9634 | recall_macro=0.9626 | qwk=0.9516 | mae=0.0508
        ovr_roc_auc_macro=0.9960 | ovr_pr_auc_macro=0.9924
Epoch 49/60 | Time 0m11s
  Train | loss=0.0506 | top1=98.33% | top2=99.91% | top3=100.00%
  Valid | loss=0.1232 | top1=95.70% | top2=99.80% | top3=100.00% | acc=95.70% | bal_acc=96.60% | macro_f1=0.9688 | weighted_f1=0.9570 | precision_macro=0.9717 | recall_macro=0.9660 | qwk=0.9618 | mae=0.0430
        ovr_roc_auc_macro=0.9963 | ovr_pr_auc_macro=0.9933
  -> best macro_f1 updated to 0.9688 (epoch 49)
Epoch 50/60 | Time 0m11s
  Train | loss=0.0513 | top1=98.37% | top2=99.85% | top3=100.00%
  Valid | loss=0.1212 | top1=95.90% | top2=99.80% | top3=100.00% | acc=95.90% | bal_acc=96.86% | macro_f1=0.9667 | weighted_f1=0.9591 | precision_macro=0.9649 | recall_macro=0.9686 | qwk=0.9585 | mae=0.0430
        ovr_roc_auc_macro=0.9964 | ovr_pr_auc_macro=0.9934
Epoch 51/60 | Time 0m11s
  Train | loss=0.0517 | top1=98.37% | top2=99.89% | top3=100.00%
  Valid | loss=0.1149 | top1=95.90% | top2=99.80% | top3=100.00% | acc=95.90% | bal_acc=96.86% | macro_f1=0.9667 | weighted_f1=0.9591 | precision_macro=0.9649 | recall_macro=0.9686 | qwk=0.9585 | mae=0.0430
        ovr_roc_auc_macro=0.9965 | ovr_pr_auc_macro=0.9935
Epoch 52/60 | Time 0m11s
  Train | loss=0.0454 | top1=98.74% | top2=99.98% | top3=100.00%
  Valid | loss=0.1188 | top1=95.51% | top2=99.80% | top3=100.00% | acc=95.51% | bal_acc=96.46% | macro_f1=0.9651 | weighted_f1=0.9550 | precision_macro=0.9657 | recall_macro=0.9646 | qwk=0.9603 | mae=0.0449
        ovr_roc_auc_macro=0.9964 | ovr_pr_auc_macro=0.9935
Epoch 53/60 | Time 0m11s
  Train | loss=0.0452 | top1=98.59% | top2=99.93% | top3=100.00%
  Valid | loss=0.1216 | top1=95.12% | top2=99.80% | top3=100.00% | acc=95.12% | bal_acc=96.18% | macro_f1=0.9605 | weighted_f1=0.9510 | precision_macro=0.9595 | recall_macro=0.9618 | qwk=0.9519 | mae=0.0508
        ovr_roc_auc_macro=0.9966 | ovr_pr_auc_macro=0.9934
Epoch 54/60 | Time 0m11s
  Train | loss=0.0522 | top1=98.24% | top2=99.91% | top3=100.00%
  Valid | loss=0.1225 | top1=95.31% | top2=99.80% | top3=100.00% | acc=95.31% | bal_acc=96.57% | macro_f1=0.9632 | weighted_f1=0.9533 | precision_macro=0.9611 | recall_macro=0.9657 | qwk=0.9532 | mae=0.0488
        ovr_roc_auc_macro=0.9965 | ovr_pr_auc_macro=0.9933
Epoch 55/60 | Time 0m11s
  Train | loss=0.0399 | top1=98.72% | top2=99.96% | top3=100.00%
  Valid | loss=0.1195 | top1=96.29% | top2=99.80% | top3=100.00% | acc=96.29% | bal_acc=97.14% | macro_f1=0.9727 | weighted_f1=0.9630 | precision_macro=0.9743 | recall_macro=0.9714 | qwk=0.9616 | mae=0.0391
        ovr_roc_auc_macro=0.9965 | ovr_pr_auc_macro=0.9938
  -> best macro_f1 updated to 0.9727 (epoch 55)
Epoch 56/60 | Time 0m11s
  Train | loss=0.0438 | top1=98.55% | top2=99.96% | top3=100.00%
  Valid | loss=0.1171 | top1=95.70% | top2=99.80% | top3=100.00% | acc=95.70% | bal_acc=96.68% | macro_f1=0.9643 | weighted_f1=0.9571 | precision_macro=0.9619 | recall_macro=0.9668 | qwk=0.9569 | mae=0.0449
        ovr_roc_auc_macro=0.9966 | ovr_pr_auc_macro=0.9936
Epoch 57/60 | Time 0m11s
  Train | loss=0.0450 | top1=98.46% | top2=99.93% | top3=100.00%
  Valid | loss=0.1162 | top1=95.51% | top2=99.80% | top3=100.00% | acc=95.51% | bal_acc=96.54% | macro_f1=0.9631 | weighted_f1=0.9551 | precision_macro=0.9609 | recall_macro=0.9654 | qwk=0.9552 | mae=0.0469
        ovr_roc_auc_macro=0.9965 | ovr_pr_auc_macro=0.9933
Epoch 58/60 | Time 0m11s
  Train | loss=0.0492 | top1=98.48% | top2=99.93% | top3=100.00%
  Valid | loss=0.1192 | top1=95.12% | top2=99.80% | top3=100.00% | acc=95.12% | bal_acc=96.01% | macro_f1=0.9631 | weighted_f1=0.9511 | precision_macro=0.9662 | recall_macro=0.9601 | qwk=0.9462 | mae=0.0527
        ovr_roc_auc_macro=0.9966 | ovr_pr_auc_macro=0.9938
Epoch 59/60 | Time 0m11s
  Train | loss=0.0474 | top1=98.44% | top2=99.87% | top3=100.00%
  Valid | loss=0.1167 | top1=95.70% | top2=99.80% | top3=100.00% | acc=95.70% | bal_acc=96.72% | macro_f1=0.9655 | weighted_f1=0.9571 | precision_macro=0.9639 | recall_macro=0.9672 | qwk=0.9568 | mae=0.0449
        ovr_roc_auc_macro=0.9965 | ovr_pr_auc_macro=0.9937
Epoch 60/60 | Time 0m11s
  Train | loss=0.0459 | top1=98.61% | top2=99.96% | top3=100.00%
  Valid | loss=0.1193 | top1=95.90% | top2=99.80% | top3=100.00% | acc=95.90% | bal_acc=96.95% | macro_f1=0.9668 | weighted_f1=0.9592 | precision_macro=0.9645 | recall_macro=0.9695 | qwk=0.9584 | mae=0.0430
        ovr_roc_auc_macro=0.9966 | ovr_pr_auc_macro=0.9936

[TEST] loss=ce
  Test | loss=0.1760 | top1=93.52% | top2=99.22% | top3=100.00% | acc=93.52% | bal_acc=94.86% | macro_f1=0.9402 | weighted_f1=0.9355 | precision_macro=0.9333 | recall_macro=0.9486 | qwk=0.9295 | mae=0.0695
        ovr_roc_auc_macro=0.9937 | ovr_pr_auc_macro=0.9891

==========================================================================================
Summary CSV saved: /root/autodl-tmp/MedVisionLab/Alzheimer_MRI_Loss/logs/ResNet_baseline_controlled_mecsb_vb_koa_adni_10seed_20260803_234110_adni_resnet50_seed3_20260804_050053_summary.csv
Top results by test_macro_f1:
  ce: macro_f1=0.9402, acc=93.52%, bal_acc=94.86%
Log file saved: /root/autodl-tmp/MedVisionLab/Alzheimer_MRI_Loss/logs/ResNet_baseline_controlled_mecsb_vb_koa_adni_10seed_20260803_234110_adni_resnet50_seed3_20260804_050053.log
==========================================================================================

==========================================================================================
RETURN_CODE: 0
