DATASET: KOA
METHOD: ResNet50 + MESC VersionB
SEED: 8
SCRIPT: /root/autodl-tmp/MedVisionLab/Knee/ResNet_layer3+MECS+CE.py
RUN_TAG: controlled_mecsb_vb_koa_adni_10seed_20260803_234110_koa_resnet50_plus_mesc_versionb_seed8
COMMAND: /root/miniconda3/envs/medvision/bin/python -u /root/autodl-tmp/MedVisionLab/tools/run_training_with_mecsb.py --script /root/autodl-tmp/MedVisionLab/Knee/ResNet_layer3+MECS+CE.py
==========================================================================================
MESC_IMPLEMENTATION: MECS_VersionB
ORIGINAL_SCRIPT: /root/autodl-tmp/MedVisionLab/Knee/ResNet_layer3+MECS+CE.py
==========================================================================================
Injected attention module: MECS_VersionB
Original training script : /root/autodl-tmp/MedVisionLab/Knee/ResNet_layer3+MECS+CE.py
Dataset                  : KOA
Original source modified : no
==========================================================================================
Starting ResNet(layer3)+MECS+CE Knee Osteoarthritis Baseline...
Using device: cuda
CUDA device: NVIDIA GeForce RTX 3090
Run tag: controlled_mecsb_vb_koa_adni_10seed_20260803_234110_koa_resnet50_plus_mesc_versionb_seed8
Config | seed=8, batch_size=32, epochs=60, image_size=224
Class mapping from folders: {'0': 0, '1': 1, '2': 2, '3': 3, '4': 4}

Train samples: 5778
Train class distribution:
  0_Normal: 2286
  1_Doubtful: 1046
  2_Mild: 1516
  3_Moderate: 757
  4_Severe: 173

Valid samples: 826
Valid class distribution:
  0_Normal: 328
  1_Doubtful: 153
  2_Mild: 212
  3_Moderate: 106
  4_Severe: 27

Test samples: 1656
Test class distribution:
  0_Normal: 639
  1_Doubtful: 296
  2_Mild: 447
  3_Moderate: 223
  4_Severe: 51

AutoTest samples: 1526
AutoTest class distribution:
  0_Normal: 604
  1_Doubtful: 275
  2_Mild: 403
  3_Moderate: 200
  4_Severe: 44

Split sizes | train=5778, valid=826, test=1656, auto_test=1526
Loading ResNet50 with MECS module at layer3...
Trainable parameters: 27,305,297

[INFO] Class counts in training set: [2286 1046 1516  757  173]
[INFO] Using Standard CrossEntropyLoss (No class weights).
Starting training...

Epoch 01/60 | Time 0m 17s
  Train | loss=1.4056 | top1=38.72% | top2=64.70% | top3=82.80%
  Valid | loss=1.2818 | top1=41.59% | top2=67.43% | top3=83.29% | acc=41.89% | bal_acc=21.83% | macro_f1=0.1508 | qwk=0.1583 | mae=1.0835 | weighted_f1=0.2770 | precision_macro=0.1538 | recall_macro=0.2183
         ovr_roc_auc_macro=0.7338 | ovr_pr_auc_macro=0.4239
 Initial best model saved to /root/autodl-tmp/MedVisionLab/Knee/checkpoints/best_resnet50_mecs_layer3_knee_oa_controlled_mecsb_vb_koa_adni_10seed_20260803_234110_koa_resnet50_plus_mesc_versionb_seed8.pt (QWK=0.1583)

Epoch 02/60 | Time 0m 17s
  Train | loss=1.1679 | top1=50.21% | top2=74.08% | top3=90.90%
  Valid | loss=1.0742 | top1=55.17% | top2=77.77% | top3=96.70% | acc=55.57% | bal_acc=38.38% | macro_f1=0.3463 | qwk=0.6646 | mae=0.6041 | weighted_f1=0.4814 | precision_macro=0.3213 | recall_macro=0.3838
         ovr_roc_auc_macro=0.8177 | ovr_pr_auc_macro=0.5377
 Validation improved. Saved best model to /root/autodl-tmp/MedVisionLab/Knee/checkpoints/best_resnet50_mecs_layer3_knee_oa_controlled_mecsb_vb_koa_adni_10seed_20260803_234110_koa_resnet50_plus_mesc_versionb_seed8.pt (QWK=0.6646)

Epoch 03/60 | Time 0m 17s
  Train | loss=0.9775 | top1=58.93% | top2=82.95% | top3=97.10%
  Valid | loss=1.0015 | top1=57.88% | top2=82.45% | top3=96.39% | acc=57.63% | bal_acc=59.98% | macro_f1=0.5468 | qwk=0.7061 | mae=0.5714 | weighted_f1=0.5487 | precision_macro=0.5371 | recall_macro=0.5998
         ovr_roc_auc_macro=0.8345 | ovr_pr_auc_macro=0.6032
 Validation improved. Saved best model to /root/autodl-tmp/MedVisionLab/Knee/checkpoints/best_resnet50_mecs_layer3_knee_oa_controlled_mecsb_vb_koa_adni_10seed_20260803_234110_koa_resnet50_plus_mesc_versionb_seed8.pt (QWK=0.7061)

Epoch 04/60 | Time 0m 17s
  Train | loss=0.8636 | top1=63.61% | top2=86.18% | top3=98.24%
  Valid | loss=0.8543 | top1=63.27% | top2=87.38% | top3=98.08% | acc=63.20% | bal_acc=61.80% | macro_f1=0.6123 | qwk=0.7678 | mae=0.4685 | weighted_f1=0.6068 | precision_macro=0.6217 | recall_macro=0.6180
         ovr_roc_auc_macro=0.8697 | ovr_pr_auc_macro=0.6850
 Validation improved. Saved best model to /root/autodl-tmp/MedVisionLab/Knee/checkpoints/best_resnet50_mecs_layer3_knee_oa_controlled_mecsb_vb_koa_adni_10seed_20260803_234110_koa_resnet50_plus_mesc_versionb_seed8.pt (QWK=0.7678)

Epoch 05/60 | Time 0m 17s
  Train | loss=0.8146 | top1=65.88% | top2=87.96% | top3=98.80%
  Valid | loss=0.8852 | top1=62.36% | top2=87.68% | top3=98.56% | acc=62.23% | bal_acc=57.44% | macro_f1=0.5577 | qwk=0.7422 | mae=0.4976 | weighted_f1=0.5548 | precision_macro=0.5847 | recall_macro=0.5744
         ovr_roc_auc_macro=0.8722 | ovr_pr_auc_macro=0.6872
 No improvement. Bad epochs: 1/15

Epoch 06/60 | Time 0m 17s
  Train | loss=0.7844 | top1=66.88% | top2=88.82% | top3=98.90%
  Valid | loss=0.9256 | top1=60.46% | top2=87.26% | top3=98.44% | acc=60.17% | bal_acc=57.39% | macro_f1=0.5083 | qwk=0.7567 | mae=0.5012 | weighted_f1=0.5417 | precision_macro=0.5828 | recall_macro=0.5739
         ovr_roc_auc_macro=0.8734 | ovr_pr_auc_macro=0.6918
 No improvement. Bad epochs: 2/15

Epoch 07/60 | Time 0m 17s
  Train | loss=0.7340 | top1=69.27% | top2=90.91% | top3=99.31%
  Valid | loss=0.8502 | top1=64.73% | top2=87.98% | top3=97.96% | acc=64.53% | bal_acc=65.96% | macro_f1=0.6408 | qwk=0.7835 | mae=0.4467 | weighted_f1=0.6256 | precision_macro=0.6344 | recall_macro=0.6596
         ovr_roc_auc_macro=0.8812 | ovr_pr_auc_macro=0.7065
 Validation improved. Saved best model to /root/autodl-tmp/MedVisionLab/Knee/checkpoints/best_resnet50_mecs_layer3_knee_oa_controlled_mecsb_vb_koa_adni_10seed_20260803_234110_koa_resnet50_plus_mesc_versionb_seed8.pt (QWK=0.7835)

Epoch 08/60 | Time 0m 17s
  Train | loss=0.6973 | top1=69.96% | top2=91.20% | top3=99.17%
  Valid | loss=0.9387 | top1=61.16% | top2=84.98% | top3=96.51% | acc=61.02% | bal_acc=65.21% | macro_f1=0.6388 | qwk=0.7397 | mae=0.5012 | weighted_f1=0.6050 | precision_macro=0.6463 | recall_macro=0.6521
         ovr_roc_auc_macro=0.8722 | ovr_pr_auc_macro=0.6956
 No improvement. Bad epochs: 1/15

Epoch 09/60 | Time 0m 17s
  Train | loss=0.6539 | top1=72.06% | top2=92.06% | top3=99.45%
  Valid | loss=0.8761 | top1=64.40% | top2=87.44% | top3=97.36% | acc=64.29% | bal_acc=65.51% | macro_f1=0.6588 | qwk=0.7652 | mae=0.4552 | weighted_f1=0.6294 | precision_macro=0.6811 | recall_macro=0.6551
         ovr_roc_auc_macro=0.8808 | ovr_pr_auc_macro=0.7156
 No improvement. Bad epochs: 2/15

Epoch 10/60 | Time 0m 17s
  Train | loss=0.6343 | top1=72.72% | top2=93.12% | top3=99.50%
  Valid | loss=0.9222 | top1=64.88% | top2=87.93% | top3=97.96% | acc=65.01% | bal_acc=57.17% | macro_f1=0.5606 | qwk=0.7577 | mae=0.4661 | weighted_f1=0.5888 | precision_macro=0.6763 | recall_macro=0.5717
         ovr_roc_auc_macro=0.8794 | ovr_pr_auc_macro=0.6971
 No improvement. Bad epochs: 3/15

Epoch 11/60 | Time 0m 17s
  Train | loss=0.5996 | top1=74.63% | top2=93.86% | top3=99.57%
  Valid | loss=0.8950 | top1=63.05% | top2=87.86% | top3=98.20% | acc=62.83% | bal_acc=65.23% | macro_f1=0.6160 | qwk=0.7544 | mae=0.4818 | weighted_f1=0.6045 | precision_macro=0.6166 | recall_macro=0.6523
         ovr_roc_auc_macro=0.8821 | ovr_pr_auc_macro=0.7007
 No improvement. Bad epochs: 4/15

Epoch 12/60 | Time 0m 17s
  Train | loss=0.5826 | top1=75.45% | top2=93.99% | top3=99.62%
  Valid | loss=0.8713 | top1=66.85% | top2=89.28% | top3=98.20% | acc=66.83% | bal_acc=64.47% | macro_f1=0.6548 | qwk=0.7970 | mae=0.4153 | weighted_f1=0.6484 | precision_macro=0.6861 | recall_macro=0.6447
         ovr_roc_auc_macro=0.8903 | ovr_pr_auc_macro=0.7302
 Validation improved. Saved best model to /root/autodl-tmp/MedVisionLab/Knee/checkpoints/best_resnet50_mecs_layer3_knee_oa_controlled_mecsb_vb_koa_adni_10seed_20260803_234110_koa_resnet50_plus_mesc_versionb_seed8.pt (QWK=0.7970)

Epoch 13/60 | Time 0m 17s
  Train | loss=0.5513 | top1=77.08% | top2=94.30% | top3=99.74%
  Valid | loss=0.9078 | top1=65.84% | top2=89.90% | top3=98.68% | acc=65.62% | bal_acc=66.61% | macro_f1=0.6648 | qwk=0.8024 | mae=0.4140 | weighted_f1=0.6506 | precision_macro=0.6816 | recall_macro=0.6661
         ovr_roc_auc_macro=0.8872 | ovr_pr_auc_macro=0.7303
 Validation improved. Saved best model to /root/autodl-tmp/MedVisionLab/Knee/checkpoints/best_resnet50_mecs_layer3_knee_oa_controlled_mecsb_vb_koa_adni_10seed_20260803_234110_koa_resnet50_plus_mesc_versionb_seed8.pt (QWK=0.8024)

Epoch 14/60 | Time 0m 17s
  Train | loss=0.5090 | top1=78.95% | top2=95.28% | top3=99.64%
  Valid | loss=0.9247 | top1=64.37% | top2=86.51% | top3=98.68% | acc=64.16% | bal_acc=66.99% | macro_f1=0.6615 | qwk=0.7785 | mae=0.4431 | weighted_f1=0.6354 | precision_macro=0.6709 | recall_macro=0.6699
         ovr_roc_auc_macro=0.8877 | ovr_pr_auc_macro=0.7240
 No improvement. Bad epochs: 1/15

Epoch 15/60 | Time 0m 17s
  Train | loss=0.4765 | top1=80.44% | top2=96.30% | top3=99.78%
  Valid | loss=0.9826 | top1=65.49% | top2=87.59% | top3=98.32% | acc=65.38% | bal_acc=64.99% | macro_f1=0.6421 | qwk=0.7768 | mae=0.4419 | weighted_f1=0.6369 | precision_macro=0.6508 | recall_macro=0.6499
         ovr_roc_auc_macro=0.8840 | ovr_pr_auc_macro=0.7201
 No improvement. Bad epochs: 2/15

Epoch 16/60 | Time 0m 17s
  Train | loss=0.4452 | top1=82.06% | top2=96.50% | top3=99.72%
  Valid | loss=1.1228 | top1=61.08% | top2=87.68% | top3=98.92% | acc=61.02% | bal_acc=60.24% | macro_f1=0.6332 | qwk=0.7766 | mae=0.4576 | weighted_f1=0.6191 | precision_macro=0.6984 | recall_macro=0.6024
         ovr_roc_auc_macro=0.8760 | ovr_pr_auc_macro=0.6960
 No improvement. Bad epochs: 3/15

Epoch 17/60 | Time 0m 17s
  Train | loss=0.4092 | top1=83.82% | top2=96.74% | top3=99.86%
  Valid | loss=0.9725 | top1=62.11% | top2=88.19% | top3=98.56% | acc=61.86% | bal_acc=66.42% | macro_f1=0.6584 | qwk=0.7865 | mae=0.4467 | weighted_f1=0.6287 | precision_macro=0.6662 | recall_macro=0.6642
         ovr_roc_auc_macro=0.8833 | ovr_pr_auc_macro=0.7189
 No improvement. Bad epochs: 4/15

Epoch 18/60 | Time 0m 17s
  Train | loss=0.3839 | top1=84.43% | top2=97.44% | top3=99.88%
  Valid | loss=1.1591 | top1=62.99% | top2=86.12% | top3=98.92% | acc=62.83% | bal_acc=61.35% | macro_f1=0.6004 | qwk=0.7474 | mae=0.4831 | weighted_f1=0.5896 | precision_macro=0.6461 | recall_macro=0.6135
         ovr_roc_auc_macro=0.8842 | ovr_pr_auc_macro=0.7176
 No improvement. Bad epochs: 5/15

Epoch 19/60 | Time 0m 17s
  Train | loss=0.3484 | top1=86.23% | top2=97.88% | top3=99.90%
  Valid | loss=1.2041 | top1=65.16% | top2=89.58% | top3=99.16% | acc=65.13% | bal_acc=61.86% | macro_f1=0.6387 | qwk=0.7744 | mae=0.4467 | weighted_f1=0.6303 | precision_macro=0.6815 | recall_macro=0.6186
         ovr_roc_auc_macro=0.8785 | ovr_pr_auc_macro=0.7134
 No improvement. Bad epochs: 6/15

Epoch 20/60 | Time 0m 17s
  Train | loss=0.3331 | top1=86.86% | top2=98.05% | top3=99.93%
  Valid | loss=1.2833 | top1=59.23% | top2=86.18% | top3=96.88% | acc=58.96% | bal_acc=65.50% | macro_f1=0.6080 | qwk=0.7430 | mae=0.5230 | weighted_f1=0.5856 | precision_macro=0.5811 | recall_macro=0.6550
         ovr_roc_auc_macro=0.8642 | ovr_pr_auc_macro=0.6758
 No improvement. Bad epochs: 7/15

Epoch 21/60 | Time 0m 17s
  Train | loss=0.2912 | top1=88.53% | top2=98.38% | top3=99.91%
  Valid | loss=1.2232 | top1=59.62% | top2=88.55% | top3=98.56% | acc=59.44% | bal_acc=64.75% | macro_f1=0.6410 | qwk=0.7731 | mae=0.4697 | weighted_f1=0.6078 | precision_macro=0.6524 | recall_macro=0.6475
         ovr_roc_auc_macro=0.8836 | ovr_pr_auc_macro=0.7168
 No improvement. Bad epochs: 8/15

Epoch 22/60 | Time 0m 17s
  Train | loss=0.2661 | top1=89.47% | top2=98.55% | top3=99.86%
  Valid | loss=1.3858 | top1=61.24% | top2=87.50% | top3=98.56% | acc=61.02% | bal_acc=62.27% | macro_f1=0.6210 | qwk=0.7610 | mae=0.4831 | weighted_f1=0.6044 | precision_macro=0.6425 | recall_macro=0.6227
         ovr_roc_auc_macro=0.8582 | ovr_pr_auc_macro=0.6796
 No improvement. Bad epochs: 9/15

Epoch 23/60 | Time 0m 17s
  Train | loss=0.2521 | top1=90.31% | top2=98.76% | top3=99.90%
  Valid | loss=1.2702 | top1=65.49% | top2=87.93% | top3=98.92% | acc=65.38% | bal_acc=64.97% | macro_f1=0.6608 | qwk=0.7846 | mae=0.4322 | weighted_f1=0.6412 | precision_macro=0.6813 | recall_macro=0.6497
         ovr_roc_auc_macro=0.8831 | ovr_pr_auc_macro=0.7213
 No improvement. Bad epochs: 10/15

Epoch 24/60 | Time 0m 17s
  Train | loss=0.1896 | top1=92.38% | top2=99.33% | top3=99.97%
  Valid | loss=1.4565 | top1=63.86% | top2=88.10% | top3=98.80% | acc=63.68% | bal_acc=63.69% | macro_f1=0.6213 | qwk=0.7935 | mae=0.4443 | weighted_f1=0.6191 | precision_macro=0.6218 | recall_macro=0.6369
         ovr_roc_auc_macro=0.8776 | ovr_pr_auc_macro=0.7087
 No improvement. Bad epochs: 11/15

Epoch 25/60 | Time 0m 17s
  Train | loss=0.1847 | top1=93.26% | top2=99.22% | top3=99.95%
  Valid | loss=1.5173 | top1=63.74% | top2=87.83% | top3=98.20% | acc=63.56% | bal_acc=63.11% | macro_f1=0.6191 | qwk=0.7721 | mae=0.4625 | weighted_f1=0.6129 | precision_macro=0.6304 | recall_macro=0.6311
         ovr_roc_auc_macro=0.8774 | ovr_pr_auc_macro=0.7069
 No improvement. Bad epochs: 12/15

Epoch 26/60 | Time 0m 17s
  Train | loss=0.1716 | top1=93.57% | top2=99.24% | top3=100.00%
  Valid | loss=1.5437 | top1=60.61% | top2=87.26% | top3=97.72% | acc=60.41% | bal_acc=66.81% | macro_f1=0.6397 | qwk=0.7867 | mae=0.4600 | weighted_f1=0.6171 | precision_macro=0.6336 | recall_macro=0.6681
         ovr_roc_auc_macro=0.8777 | ovr_pr_auc_macro=0.7098
 No improvement. Bad epochs: 13/15

Epoch 27/60 | Time 0m 17s
  Train | loss=0.1653 | top1=93.82% | top2=99.27% | top3=100.00%
  Valid | loss=1.3846 | top1=64.19% | top2=88.10% | top3=97.96% | acc=64.04% | bal_acc=66.20% | macro_f1=0.6541 | qwk=0.7922 | mae=0.4358 | weighted_f1=0.6367 | precision_macro=0.6470 | recall_macro=0.6620
         ovr_roc_auc_macro=0.8837 | ovr_pr_auc_macro=0.7191
 No improvement. Bad epochs: 14/15

Epoch 28/60 | Time 0m 17s
  Train | loss=0.1383 | top1=94.81% | top2=99.60% | top3=99.98%
  Valid | loss=1.6451 | top1=66.45% | top2=86.75% | top3=98.32% | acc=66.34% | bal_acc=66.86% | macro_f1=0.6781 | qwk=0.7837 | mae=0.4262 | weighted_f1=0.6492 | precision_macro=0.6999 | recall_macro=0.6686
         ovr_roc_auc_macro=0.8821 | ovr_pr_auc_macro=0.7151
 No improvement. Bad epochs: 15/15
⏹ Early stopping triggered.
 Training stopped early at epoch 28.

Loading best model and evaluating on test set...
Best validation QWK: 0.8024

Test | loss=0.8343 | top1=69.33% | top2=90.06% | top3=99.08% | acc=69.26% | bal_acc=68.77% | macro_f1=0.6947 | qwk=0.8324 | mae=0.3641 | weighted_f1=0.6853 | precision_macro=0.7116 | recall_macro=0.6877
     ovr_roc_auc_macro=0.9031 | ovr_pr_auc_macro=0.7497

Evaluating on auto_test set...

AutoTest | loss=0.8256 | top1=67.94% | top2=90.92% | top3=99.35% | acc=67.76% | bal_acc=67.66% | macro_f1=0.6829 | qwk=0.8188 | mae=0.3834 | weighted_f1=0.6715 | precision_macro=0.6995 | recall_macro=0.6766
         ovr_roc_auc_macro=0.9010 | ovr_pr_auc_macro=0.7516

ResNet(layer3)+MECS+CE Knee Osteoarthritis baseline completed!

==========================================================================================
RETURN_CODE: 0
