DATASET: KOA
METHOD: ResNet50
SEED: 6
SCRIPT: /root/autodl-tmp/MedVisionLab/Knee/ResNet_baseline.py
RUN_TAG: controlled_mecsb_vb_koa_adni_10seed_20260803_234110_koa_resnet50_seed6
COMMAND: /root/miniconda3/envs/medvision/bin/python -u /root/autodl-tmp/MedVisionLab/Knee/ResNet_baseline.py
==========================================================================================
Starting Knee Osteoarthritis ResNet50 Baseline...
Using device: cuda
CUDA device: NVIDIA GeForce RTX 3090
Run tag: controlled_mecsb_vb_koa_adni_10seed_20260803_234110_koa_resnet50_seed6
Config | seed=6, batch_size=32, epochs=60, image_size=224
Class mapping from folders: {'0': 0, '1': 1, '2': 2, '3': 3, '4': 4}

Train samples: 5778
Train class distribution:
  0_Normal: 2286
  1_Doubtful: 1046
  2_Mild: 1516
  3_Moderate: 757
  4_Severe: 173

Valid samples: 826
Valid class distribution:
  0_Normal: 328
  1_Doubtful: 153
  2_Mild: 212
  3_Moderate: 106
  4_Severe: 27

Test samples: 1656
Test class distribution:
  0_Normal: 639
  1_Doubtful: 296
  2_Mild: 447
  3_Moderate: 223
  4_Severe: 51

AutoTest samples: 1526
AutoTest class distribution:
  0_Normal: 604
  1_Doubtful: 275
  2_Mild: 403
  3_Moderate: 200
  4_Severe: 44

Split sizes | train=5778, valid=826, test=1656, auto_test=1526
Loading pretrained ResNet50...
Trainable parameters: 23,518,277

[INFO] Class counts in training set: [2286 1046 1516  757  173]
[INFO] Using Standard CrossEntropyLoss (No class weights).
Starting training...

Epoch 01/60 | Time 0m 14s
  Train | loss=1.4368 | top1=36.89% | top2=62.90% | top3=82.19%
  Valid | loss=1.4007 | top1=39.06% | top2=64.06% | top3=83.29% | acc=39.35% | bal_acc=20.15% | macro_f1=0.1293 | qwk=0.0677 | mae=1.1659 | weighted_f1=0.2459 | precision_macro=0.1226 | recall_macro=0.2015
         ovr_roc_auc_macro=0.5692 | ovr_pr_auc_macro=0.2510
 Initial best model saved to /root/autodl-tmp/MedVisionLab/Knee/checkpoints/best_resnet50_knee_oa_standard_ce_controlled_mecsb_vb_koa_adni_10seed_20260803_234110_koa_resnet50_seed6.pt (QWK=0.0677)

Epoch 02/60 | Time 0m 13s
  Train | loss=1.3039 | top1=43.87% | top2=67.61% | top3=86.53%
  Valid | loss=1.2353 | top1=46.51% | top2=71.63% | top3=88.34% | acc=46.85% | bal_acc=26.80% | macro_f1=0.2113 | qwk=0.4438 | mae=0.8148 | weighted_f1=0.3637 | precision_macro=0.1758 | recall_macro=0.2680
         ovr_roc_auc_macro=0.7409 | ovr_pr_auc_macro=0.4037
 Validation improved. Saved best model to /root/autodl-tmp/MedVisionLab/Knee/checkpoints/best_resnet50_knee_oa_standard_ce_controlled_mecsb_vb_koa_adni_10seed_20260803_234110_koa_resnet50_seed6.pt (QWK=0.4438)

Epoch 03/60 | Time 0m 13s
  Train | loss=1.1149 | top1=52.90% | top2=77.14% | top3=93.36%
  Valid | loss=1.1737 | top1=54.23% | top2=80.76% | top3=96.34% | acc=54.24% | bal_acc=44.33% | macro_f1=0.4457 | qwk=0.5992 | mae=0.6852 | weighted_f1=0.4659 | precision_macro=0.5330 | recall_macro=0.4433
         ovr_roc_auc_macro=0.8004 | ovr_pr_auc_macro=0.5413
 Validation improved. Saved best model to /root/autodl-tmp/MedVisionLab/Knee/checkpoints/best_resnet50_knee_oa_standard_ce_controlled_mecsb_vb_koa_adni_10seed_20260803_234110_koa_resnet50_seed6.pt (QWK=0.5992)

Epoch 04/60 | Time 0m 14s
  Train | loss=0.9226 | top1=61.64% | top2=85.07% | top3=97.76%
  Valid | loss=0.9381 | top1=59.17% | top2=83.96% | top3=98.44% | acc=58.96% | bal_acc=57.56% | macro_f1=0.5454 | qwk=0.7156 | mae=0.5630 | weighted_f1=0.5360 | precision_macro=0.5731 | recall_macro=0.5756
         ovr_roc_auc_macro=0.8478 | ovr_pr_auc_macro=0.6308
 Validation improved. Saved best model to /root/autodl-tmp/MedVisionLab/Knee/checkpoints/best_resnet50_knee_oa_standard_ce_controlled_mecsb_vb_koa_adni_10seed_20260803_234110_koa_resnet50_seed6.pt (QWK=0.7156)

Epoch 05/60 | Time 0m 14s
  Train | loss=0.8352 | top1=64.57% | top2=86.94% | top3=98.71%
  Valid | loss=0.9518 | top1=60.09% | top2=85.05% | top3=98.05% | acc=60.05% | bal_acc=53.69% | macro_f1=0.5374 | qwk=0.7069 | mae=0.5303 | weighted_f1=0.5447 | precision_macro=0.6653 | recall_macro=0.5369
         ovr_roc_auc_macro=0.8600 | ovr_pr_auc_macro=0.6704
 No improvement. Bad epochs: 1/15

Epoch 06/60 | Time 0m 14s
  Train | loss=0.7697 | top1=67.31% | top2=89.61% | top3=99.03%
  Valid | loss=0.8336 | top1=65.87% | top2=87.83% | top3=98.56% | acc=65.74% | bal_acc=63.17% | macro_f1=0.6074 | qwk=0.7565 | mae=0.4685 | weighted_f1=0.5967 | precision_macro=0.6456 | recall_macro=0.6317
         ovr_roc_auc_macro=0.8821 | ovr_pr_auc_macro=0.7197
 Validation improved. Saved best model to /root/autodl-tmp/MedVisionLab/Knee/checkpoints/best_resnet50_knee_oa_standard_ce_controlled_mecsb_vb_koa_adni_10seed_20260803_234110_koa_resnet50_seed6.pt (QWK=0.7565)

Epoch 07/60 | Time 0m 13s
  Train | loss=0.7078 | top1=70.41% | top2=90.87% | top3=99.14%
  Valid | loss=0.8144 | top1=66.09% | top2=89.52% | top3=98.80% | acc=65.98% | bal_acc=64.44% | macro_f1=0.6397 | qwk=0.7782 | mae=0.4419 | weighted_f1=0.6271 | precision_macro=0.6658 | recall_macro=0.6444
         ovr_roc_auc_macro=0.8867 | ovr_pr_auc_macro=0.7282
 Validation improved. Saved best model to /root/autodl-tmp/MedVisionLab/Knee/checkpoints/best_resnet50_knee_oa_standard_ce_controlled_mecsb_vb_koa_adni_10seed_20260803_234110_koa_resnet50_seed6.pt (QWK=0.7782)

Epoch 08/60 | Time 0m 13s
  Train | loss=0.6837 | top1=71.00% | top2=91.54% | top3=99.31%
  Valid | loss=0.8742 | top1=65.30% | top2=88.22% | top3=98.92% | acc=65.13% | bal_acc=64.06% | macro_f1=0.6280 | qwk=0.7749 | mae=0.4540 | weighted_f1=0.6124 | precision_macro=0.6514 | recall_macro=0.6406
         ovr_roc_auc_macro=0.8798 | ovr_pr_auc_macro=0.7064
 No improvement. Bad epochs: 1/15

Epoch 09/60 | Time 0m 14s
  Train | loss=0.6233 | top1=74.29% | top2=93.20% | top3=99.41%
  Valid | loss=0.8548 | top1=63.91% | top2=89.64% | top3=98.68% | acc=64.04% | bal_acc=57.69% | macro_f1=0.5970 | qwk=0.7856 | mae=0.4395 | weighted_f1=0.6249 | precision_macro=0.6596 | recall_macro=0.5769
         ovr_roc_auc_macro=0.8772 | ovr_pr_auc_macro=0.6949
 Validation improved. Saved best model to /root/autodl-tmp/MedVisionLab/Knee/checkpoints/best_resnet50_knee_oa_standard_ce_controlled_mecsb_vb_koa_adni_10seed_20260803_234110_koa_resnet50_seed6.pt (QWK=0.7856)

Epoch 10/60 | Time 0m 14s
  Train | loss=0.6055 | top1=75.16% | top2=93.81% | top3=99.57%
  Valid | loss=0.8622 | top1=63.71% | top2=87.47% | top3=97.84% | acc=63.56% | bal_acc=65.23% | macro_f1=0.6379 | qwk=0.7661 | mae=0.4637 | weighted_f1=0.6255 | precision_macro=0.6361 | recall_macro=0.6523
         ovr_roc_auc_macro=0.8853 | ovr_pr_auc_macro=0.7128
 No improvement. Bad epochs: 1/15

Epoch 11/60 | Time 0m 13s
  Train | loss=0.5445 | top1=77.30% | top2=94.80% | top3=99.67%
  Valid | loss=0.9365 | top1=64.34% | top2=87.74% | top3=98.08% | acc=64.16% | bal_acc=65.56% | macro_f1=0.6360 | qwk=0.7563 | mae=0.4685 | weighted_f1=0.6199 | precision_macro=0.6449 | recall_macro=0.6556
         ovr_roc_auc_macro=0.8811 | ovr_pr_auc_macro=0.7007
 No improvement. Bad epochs: 2/15

Epoch 12/60 | Time 0m 13s
  Train | loss=0.4804 | top1=80.43% | top2=95.61% | top3=99.65%
  Valid | loss=1.0468 | top1=64.15% | top2=87.38% | top3=98.20% | acc=63.92% | bal_acc=67.13% | macro_f1=0.6556 | qwk=0.7725 | mae=0.4516 | weighted_f1=0.6344 | precision_macro=0.6544 | recall_macro=0.6713
         ovr_roc_auc_macro=0.8692 | ovr_pr_auc_macro=0.6860
 No improvement. Bad epochs: 3/15

Epoch 13/60 | Time 0m 14s
  Train | loss=0.4451 | top1=82.08% | top2=96.21% | top3=99.71%
  Valid | loss=1.2365 | top1=63.71% | top2=87.71% | top3=98.20% | acc=63.56% | bal_acc=61.51% | macro_f1=0.6236 | qwk=0.7683 | mae=0.4613 | weighted_f1=0.6144 | precision_macro=0.6563 | recall_macro=0.6151
         ovr_roc_auc_macro=0.8606 | ovr_pr_auc_macro=0.6834
 No improvement. Bad epochs: 4/15

Epoch 14/60 | Time 0m 14s
  Train | loss=0.3971 | top1=84.36% | top2=97.00% | top3=99.90%
  Valid | loss=1.1921 | top1=61.82% | top2=85.82% | top3=98.44% | acc=61.62% | bal_acc=64.32% | macro_f1=0.6407 | qwk=0.7728 | mae=0.4613 | weighted_f1=0.6192 | precision_macro=0.6516 | recall_macro=0.6432
         ovr_roc_auc_macro=0.8653 | ovr_pr_auc_macro=0.6819
 No improvement. Bad epochs: 5/15

Epoch 15/60 | Time 0m 14s
  Train | loss=0.3489 | top1=86.26% | top2=97.57% | top3=99.86%
  Valid | loss=1.1446 | top1=62.66% | top2=86.66% | top3=98.80% | acc=62.47% | bal_acc=65.43% | macro_f1=0.6412 | qwk=0.7791 | mae=0.4576 | weighted_f1=0.6256 | precision_macro=0.6308 | recall_macro=0.6543
         ovr_roc_auc_macro=0.8741 | ovr_pr_auc_macro=0.6924
 No improvement. Bad epochs: 6/15

Epoch 16/60 | Time 0m 14s
  Train | loss=0.2966 | top1=88.74% | top2=98.19% | top3=99.88%
  Valid | loss=1.5223 | top1=61.58% | top2=83.27% | top3=97.60% | acc=61.38% | bal_acc=62.68% | macro_f1=0.6331 | qwk=0.7458 | mae=0.4867 | weighted_f1=0.6105 | precision_macro=0.6647 | recall_macro=0.6268
         ovr_roc_auc_macro=0.8465 | ovr_pr_auc_macro=0.6736
 No improvement. Bad epochs: 7/15

Epoch 17/60 | Time 0m 14s
  Train | loss=0.2598 | top1=89.89% | top2=98.52% | top3=99.98%
  Valid | loss=1.2512 | top1=62.11% | top2=87.98% | top3=99.16% | acc=61.86% | bal_acc=64.84% | macro_f1=0.6335 | qwk=0.7753 | mae=0.4685 | weighted_f1=0.6145 | precision_macro=0.6276 | recall_macro=0.6484
         ovr_roc_auc_macro=0.8672 | ovr_pr_auc_macro=0.6930
 No improvement. Bad epochs: 8/15

Epoch 18/60 | Time 0m 14s
  Train | loss=0.2455 | top1=90.79% | top2=98.42% | top3=99.97%
  Valid | loss=1.3786 | top1=63.46% | top2=87.38% | top3=98.80% | acc=63.20% | bal_acc=65.93% | macro_f1=0.6279 | qwk=0.7787 | mae=0.4600 | weighted_f1=0.6210 | precision_macro=0.6165 | recall_macro=0.6593
         ovr_roc_auc_macro=0.8662 | ovr_pr_auc_macro=0.6879
 No improvement. Bad epochs: 9/15

Epoch 19/60 | Time 0m 14s
  Train | loss=0.1998 | top1=92.57% | top2=99.02% | top3=99.95%
  Valid | loss=1.6203 | top1=62.32% | top2=86.54% | top3=98.32% | acc=62.11% | bal_acc=63.24% | macro_f1=0.6170 | qwk=0.7740 | mae=0.4734 | weighted_f1=0.6035 | precision_macro=0.6154 | recall_macro=0.6324
         ovr_roc_auc_macro=0.8517 | ovr_pr_auc_macro=0.6647
 No improvement. Bad epochs: 10/15

Epoch 20/60 | Time 0m 14s
  Train | loss=0.1826 | top1=93.10% | top2=99.08% | top3=100.00%
  Valid | loss=1.4690 | top1=64.82% | top2=87.47% | top3=98.44% | acc=64.65% | bal_acc=64.74% | macro_f1=0.6433 | qwk=0.7904 | mae=0.4370 | weighted_f1=0.6286 | precision_macro=0.6539 | recall_macro=0.6474
         ovr_roc_auc_macro=0.8644 | ovr_pr_auc_macro=0.6924
 Validation improved. Saved best model to /root/autodl-tmp/MedVisionLab/Knee/checkpoints/best_resnet50_knee_oa_standard_ce_controlled_mecsb_vb_koa_adni_10seed_20260803_234110_koa_resnet50_seed6.pt (QWK=0.7904)

Epoch 21/60 | Time 0m 14s
  Train | loss=0.1599 | top1=94.00% | top2=99.27% | top3=99.98%
  Valid | loss=1.6125 | top1=61.28% | top2=84.95% | top3=98.32% | acc=61.14% | bal_acc=63.35% | macro_f1=0.6383 | qwk=0.7599 | mae=0.4734 | weighted_f1=0.6141 | precision_macro=0.6569 | recall_macro=0.6335
         ovr_roc_auc_macro=0.8678 | ovr_pr_auc_macro=0.6856
 No improvement. Bad epochs: 1/15

Epoch 22/60 | Time 0m 13s
  Train | loss=0.1331 | top1=95.62% | top2=99.55% | top3=99.95%
  Valid | loss=1.6679 | top1=64.61% | top2=86.18% | top3=98.44% | acc=64.41% | bal_acc=63.84% | macro_f1=0.6163 | qwk=0.7829 | mae=0.4467 | weighted_f1=0.6136 | precision_macro=0.6274 | recall_macro=0.6384
         ovr_roc_auc_macro=0.8669 | ovr_pr_auc_macro=0.6884
 No improvement. Bad epochs: 2/15

Epoch 23/60 | Time 0m 14s
  Train | loss=0.1385 | top1=95.08% | top2=99.41% | top3=99.98%
  Valid | loss=1.6278 | top1=65.99% | top2=87.35% | top3=98.20% | acc=65.86% | bal_acc=64.18% | macro_f1=0.6486 | qwk=0.8050 | mae=0.4140 | weighted_f1=0.6353 | precision_macro=0.6757 | recall_macro=0.6418
         ovr_roc_auc_macro=0.8697 | ovr_pr_auc_macro=0.6882
 Validation improved. Saved best model to /root/autodl-tmp/MedVisionLab/Knee/checkpoints/best_resnet50_knee_oa_standard_ce_controlled_mecsb_vb_koa_adni_10seed_20260803_234110_koa_resnet50_seed6.pt (QWK=0.8050)

Epoch 24/60 | Time 0m 13s
  Train | loss=0.1045 | top1=96.24% | top2=99.74% | top3=100.00%
  Valid | loss=1.7086 | top1=63.41% | top2=87.14% | top3=98.56% | acc=63.20% | bal_acc=63.46% | macro_f1=0.6186 | qwk=0.7748 | mae=0.4600 | weighted_f1=0.6128 | precision_macro=0.6360 | recall_macro=0.6346
         ovr_roc_auc_macro=0.8691 | ovr_pr_auc_macro=0.7006
 No improvement. Bad epochs: 1/15

Epoch 25/60 | Time 0m 13s
  Train | loss=0.0939 | top1=96.84% | top2=99.55% | top3=99.98%
  Valid | loss=1.6890 | top1=63.68% | top2=86.75% | top3=98.20% | acc=63.56% | bal_acc=63.54% | macro_f1=0.6541 | qwk=0.7741 | mae=0.4467 | weighted_f1=0.6371 | precision_macro=0.6782 | recall_macro=0.6354
         ovr_roc_auc_macro=0.8693 | ovr_pr_auc_macro=0.6936
 No improvement. Bad epochs: 2/15

Epoch 26/60 | Time 0m 13s
  Train | loss=0.0931 | top1=96.78% | top2=99.71% | top3=99.97%
  Valid | loss=1.8283 | top1=64.28% | top2=87.98% | top3=97.96% | acc=64.04% | bal_acc=65.15% | macro_f1=0.6233 | qwk=0.7779 | mae=0.4528 | weighted_f1=0.6265 | precision_macro=0.6272 | recall_macro=0.6515
         ovr_roc_auc_macro=0.8677 | ovr_pr_auc_macro=0.6877
 No improvement. Bad epochs: 3/15

Epoch 27/60 | Time 0m 14s
  Train | loss=0.0769 | top1=97.21% | top2=99.76% | top3=100.00%
  Valid | loss=1.6721 | top1=62.35% | top2=87.23% | top3=98.20% | acc=62.11% | bal_acc=65.65% | macro_f1=0.6348 | qwk=0.7832 | mae=0.4613 | weighted_f1=0.6149 | precision_macro=0.6216 | recall_macro=0.6565
         ovr_roc_auc_macro=0.8704 | ovr_pr_auc_macro=0.7015
 No improvement. Bad epochs: 4/15

Epoch 28/60 | Time 0m 14s
  Train | loss=0.0775 | top1=97.24% | top2=99.72% | top3=99.98%
  Valid | loss=1.9280 | top1=64.40% | top2=88.19% | top3=98.32% | acc=64.29% | bal_acc=62.62% | macro_f1=0.6277 | qwk=0.7726 | mae=0.4540 | weighted_f1=0.6212 | precision_macro=0.6528 | recall_macro=0.6262
         ovr_roc_auc_macro=0.8694 | ovr_pr_auc_macro=0.6858
 No improvement. Bad epochs: 5/15

Epoch 29/60 | Time 0m 14s
  Train | loss=0.0602 | top1=97.81% | top2=99.84% | top3=100.00%
  Valid | loss=1.9420 | top1=63.77% | top2=87.59% | top3=98.20% | acc=63.56% | bal_acc=64.15% | macro_f1=0.6302 | qwk=0.7801 | mae=0.4540 | weighted_f1=0.6187 | precision_macro=0.6345 | recall_macro=0.6415
         ovr_roc_auc_macro=0.8686 | ovr_pr_auc_macro=0.7021
 No improvement. Bad epochs: 6/15

Epoch 30/60 | Time 0m 14s
  Train | loss=0.0627 | top1=97.67% | top2=99.84% | top3=100.00%
  Valid | loss=1.8809 | top1=63.32% | top2=87.95% | top3=98.44% | acc=63.20% | bal_acc=61.67% | macro_f1=0.6214 | qwk=0.7780 | mae=0.4564 | weighted_f1=0.6125 | precision_macro=0.6412 | recall_macro=0.6167
         ovr_roc_auc_macro=0.8698 | ovr_pr_auc_macro=0.7031
 No improvement. Bad epochs: 7/15

Epoch 31/60 | Time 0m 13s
  Train | loss=0.0492 | top1=98.29% | top2=99.83% | top3=100.00%
  Valid | loss=1.7954 | top1=64.46% | top2=86.87% | top3=97.96% | acc=64.29% | bal_acc=65.54% | macro_f1=0.6442 | qwk=0.7960 | mae=0.4346 | weighted_f1=0.6327 | precision_macro=0.6387 | recall_macro=0.6554
         ovr_roc_auc_macro=0.8743 | ovr_pr_auc_macro=0.6997
 No improvement. Bad epochs: 8/15

Epoch 32/60 | Time 0m 14s
  Train | loss=0.0501 | top1=98.08% | top2=99.88% | top3=100.00%
  Valid | loss=2.0089 | top1=64.64% | top2=86.63% | top3=98.32% | acc=64.53% | bal_acc=63.28% | macro_f1=0.6433 | qwk=0.7863 | mae=0.4322 | weighted_f1=0.6355 | precision_macro=0.6704 | recall_macro=0.6328
         ovr_roc_auc_macro=0.8698 | ovr_pr_auc_macro=0.6983
 No improvement. Bad epochs: 9/15

Epoch 33/60 | Time 0m 14s
  Train | loss=0.0437 | top1=98.57% | top2=99.91% | top3=99.98%
  Valid | loss=2.0199 | top1=63.71% | top2=87.74% | top3=98.56% | acc=63.56% | bal_acc=63.09% | macro_f1=0.6268 | qwk=0.7886 | mae=0.4492 | weighted_f1=0.6148 | precision_macro=0.6351 | recall_macro=0.6309
         ovr_roc_auc_macro=0.8710 | ovr_pr_auc_macro=0.7008
 No improvement. Bad epochs: 10/15

Epoch 34/60 | Time 0m 14s
  Train | loss=0.0415 | top1=98.48% | top2=99.93% | top3=100.00%
  Valid | loss=1.8862 | top1=62.93% | top2=86.51% | top3=98.08% | acc=62.83% | bal_acc=62.45% | macro_f1=0.6343 | qwk=0.7762 | mae=0.4576 | weighted_f1=0.6186 | precision_macro=0.6500 | recall_macro=0.6245
         ovr_roc_auc_macro=0.8698 | ovr_pr_auc_macro=0.6966
 No improvement. Bad epochs: 11/15

Epoch 35/60 | Time 0m 14s
  Train | loss=0.0361 | top1=98.86% | top2=99.95% | top3=100.00%
  Valid | loss=1.9381 | top1=63.56% | top2=87.02% | top3=97.84% | acc=63.44% | bal_acc=64.56% | macro_f1=0.6406 | qwk=0.7774 | mae=0.4552 | weighted_f1=0.6260 | precision_macro=0.6392 | recall_macro=0.6456
         ovr_roc_auc_macro=0.8747 | ovr_pr_auc_macro=0.7023
 No improvement. Bad epochs: 12/15

Epoch 36/60 | Time 0m 14s
  Train | loss=0.0278 | top1=98.99% | top2=99.90% | top3=100.00%
  Valid | loss=2.1554 | top1=63.74% | top2=86.87% | top3=97.96% | acc=63.56% | bal_acc=64.29% | macro_f1=0.6344 | qwk=0.7802 | mae=0.4504 | weighted_f1=0.6240 | precision_macro=0.6411 | recall_macro=0.6429
         ovr_roc_auc_macro=0.8643 | ovr_pr_auc_macro=0.6841
 No improvement. Bad epochs: 13/15

Epoch 37/60 | Time 0m 14s
  Train | loss=0.0310 | top1=99.03% | top2=99.90% | top3=99.98%
  Valid | loss=2.0249 | top1=64.89% | top2=86.99% | top3=98.56% | acc=64.77% | bal_acc=64.61% | macro_f1=0.6476 | qwk=0.7882 | mae=0.4370 | weighted_f1=0.6330 | precision_macro=0.6565 | recall_macro=0.6461
         ovr_roc_auc_macro=0.8683 | ovr_pr_auc_macro=0.6845
 No improvement. Bad epochs: 14/15

Epoch 38/60 | Time 0m 13s
  Train | loss=0.0297 | top1=98.88% | top2=99.97% | top3=100.00%
  Valid | loss=2.1627 | top1=63.95% | top2=88.19% | top3=98.80% | acc=63.80% | bal_acc=62.61% | macro_f1=0.6298 | qwk=0.7855 | mae=0.4443 | weighted_f1=0.6213 | precision_macro=0.6512 | recall_macro=0.6261
         ovr_roc_auc_macro=0.8615 | ovr_pr_auc_macro=0.6813
 No improvement. Bad epochs: 15/15
⏹ Early stopping triggered.
 Training stopped early at epoch 38.

Loading best model and evaluating on test set...
Best validation QWK: 0.8050

Test | loss=1.3956 | top1=67.63% | top2=88.74% | top3=99.02% | acc=67.57% | bal_acc=64.57% | macro_f1=0.6510 | qwk=0.8114 | mae=0.3979 | weighted_f1=0.6535 | precision_macro=0.6747 | recall_macro=0.6457
     ovr_roc_auc_macro=0.8909 | ovr_pr_auc_macro=0.7237

Evaluating on auto_test set...

AutoTest | loss=1.4041 | top1=67.71% | top2=88.32% | top3=99.35% | acc=67.56% | bal_acc=64.67% | macro_f1=0.6573 | qwk=0.7989 | mae=0.4069 | weighted_f1=0.6552 | precision_macro=0.6853 | recall_macro=0.6467
         ovr_roc_auc_macro=0.8912 | ovr_pr_auc_macro=0.7274

Knee Osteoarthritis ResNet50 baseline completed!

==========================================================================================
RETURN_CODE: 0
