DATASET: KOA
METHOD: ResNet50 + DAST
SEED: 3
SCRIPT: /root/autodl-tmp/MedVisionLab/Knee/ResNet_baseline+Loss4.py
RUN_TAG: controlled_mecsb_vb_koa_adni_10seed_20260803_234110_koa_resnet50_plus_dast_seed3
DAST_TAU: 1.0
DAST_GAMMA: 1.5
COMMAND: /root/miniconda3/envs/medvision/bin/python -u /root/autodl-tmp/MedVisionLab/Knee/ResNet_baseline+Loss4.py
==========================================================================================
Starting Knee Osteoarthritis ResNet50 Baseline...
Using device: cuda
CUDA device: NVIDIA GeForce RTX 3090
Run tag: controlled_mecsb_vb_koa_adni_10seed_20260803_234110_koa_resnet50_plus_dast_seed3
Data root: /root/autodl-tmp/Knee_Osteoarthritis
Config | seed=3, img_size=224, batch_size=32, epochs=60, num_workers=2, lr_backbone=0.0001, lr_head=0.001, weight_decay=0.0001, patience=15, early_delta=0.0001
DAST config | tau=1.0000, gamma=1.5000
Class mapping from folders: {'0': 0, '1': 1, '2': 2, '3': 3, '4': 4}

Train samples: 5778
Train class distribution:
  0_Normal: 2286
  1_Doubtful: 1046
  2_Mild: 1516
  3_Moderate: 757
  4_Severe: 173

Valid samples: 826
Valid class distribution:
  0_Normal: 328
  1_Doubtful: 153
  2_Mild: 212
  3_Moderate: 106
  4_Severe: 27

Test samples: 1656
Test class distribution:
  0_Normal: 639
  1_Doubtful: 296
  2_Mild: 447
  3_Moderate: 223
  4_Severe: 51

AutoTest samples: 1526
AutoTest class distribution:
  0_Normal: 604
  1_Doubtful: 275
  2_Mild: 403
  3_Moderate: 200
  4_Severe: 44

Split sizes | train=5778, valid=826, test=1656, auto_test=1526
Loading pretrained ResNet50...
Trainable parameters: 23,518,277

[INFO] Class counts in training set: [2286 1046 1516  757  173]

[INFO] Using Distance-Aware Soft Target Loss (DAST)
       - Feature: Clinically-aware ordinal grading
       - Behavior: Allows ambiguity for adjacent grades, strongly penalizes far-away mistakes
Starting training...

Epoch 01/60 | Time 0m 14s
  Train | loss=1.0388 | top1=35.93% | top2=59.18% | top3=82.58%
  Valid | loss=1.0140 | top1=39.66% | top2=62.62% | top3=83.29% | acc=39.95% | bal_acc=20.53% | macro_f1=0.1325 | qwk=0.0438 | mae=1.1731 | weighted_f1=0.2482 | precision_macro=0.1830 | recall_macro=0.2053
         ovr_roc_auc_macro=0.6394 | ovr_pr_auc_macro=0.2847
 Initial best model saved to /root/autodl-tmp/MedVisionLab/Knee/checkpoints/best_resnet50_knee_oa_DAST_controlled_mecsb_vb_koa_adni_10seed_20260803_234110_koa_resnet50_plus_dast_seed3.pt (QWK=0.0438)

Epoch 02/60 | Time 0m 14s
  Train | loss=0.9598 | top1=44.89% | top2=68.43% | top3=86.86%
  Valid | loss=0.9162 | top1=48.20% | top2=74.88% | top3=92.52% | acc=48.55% | bal_acc=31.79% | macro_f1=0.2898 | qwk=0.5321 | mae=0.7712 | weighted_f1=0.4137 | precision_macro=0.3296 | recall_macro=0.3179
         ovr_roc_auc_macro=0.7650 | ovr_pr_auc_macro=0.4216
 Validation improved. Saved best model to /root/autodl-tmp/MedVisionLab/Knee/checkpoints/best_resnet50_knee_oa_DAST_controlled_mecsb_vb_koa_adni_10seed_20260803_234110_koa_resnet50_plus_dast_seed3.pt (QWK=0.5321)

Epoch 03/60 | Time 0m 14s
  Train | loss=0.8496 | top1=54.44% | top2=79.65% | top3=95.53%
  Valid | loss=0.8206 | top1=58.80% | top2=83.93% | top3=95.79% | acc=59.20% | bal_acc=46.58% | macro_f1=0.4221 | qwk=0.6955 | mae=0.5557 | weighted_f1=0.5348 | precision_macro=0.6544 | recall_macro=0.4658
         ovr_roc_auc_macro=0.8436 | ovr_pr_auc_macro=0.5662
 Validation improved. Saved best model to /root/autodl-tmp/MedVisionLab/Knee/checkpoints/best_resnet50_knee_oa_DAST_controlled_mecsb_vb_koa_adni_10seed_20260803_234110_koa_resnet50_plus_dast_seed3.pt (QWK=0.6955)

Epoch 04/60 | Time 0m 14s
  Train | loss=0.7827 | top1=62.38% | top2=85.56% | top3=97.89%
  Valid | loss=0.7676 | top1=63.62% | top2=87.02% | top3=97.60% | acc=63.44% | bal_acc=63.37% | macro_f1=0.6049 | qwk=0.7646 | mae=0.4746 | weighted_f1=0.6071 | precision_macro=0.6025 | recall_macro=0.6337
         ovr_roc_auc_macro=0.8697 | ovr_pr_auc_macro=0.6601
 Validation improved. Saved best model to /root/autodl-tmp/MedVisionLab/Knee/checkpoints/best_resnet50_knee_oa_DAST_controlled_mecsb_vb_koa_adni_10seed_20260803_234110_koa_resnet50_plus_dast_seed3.pt (QWK=0.7646)

Epoch 05/60 | Time 0m 14s
  Train | loss=0.7494 | top1=65.79% | top2=87.91% | top3=98.69%
  Valid | loss=0.7589 | top1=61.44% | top2=87.23% | top3=98.92% | acc=61.38% | bal_acc=59.30% | macro_f1=0.6090 | qwk=0.7842 | mae=0.4649 | weighted_f1=0.5943 | precision_macro=0.6503 | recall_macro=0.5930
         ovr_roc_auc_macro=0.8721 | ovr_pr_auc_macro=0.6973
 Validation improved. Saved best model to /root/autodl-tmp/MedVisionLab/Knee/checkpoints/best_resnet50_knee_oa_DAST_controlled_mecsb_vb_koa_adni_10seed_20260803_234110_koa_resnet50_plus_dast_seed3.pt (QWK=0.7842)

Epoch 06/60 | Time 0m 14s
  Train | loss=0.7305 | top1=68.03% | top2=89.45% | top3=98.83%
  Valid | loss=0.7555 | top1=65.75% | top2=89.42% | top3=97.84% | acc=65.62% | bal_acc=63.73% | macro_f1=0.6201 | qwk=0.7872 | mae=0.4358 | weighted_f1=0.6257 | precision_macro=0.6391 | recall_macro=0.6373
         ovr_roc_auc_macro=0.8751 | ovr_pr_auc_macro=0.6833
 Validation improved. Saved best model to /root/autodl-tmp/MedVisionLab/Knee/checkpoints/best_resnet50_knee_oa_DAST_controlled_mecsb_vb_koa_adni_10seed_20260803_234110_koa_resnet50_plus_dast_seed3.pt (QWK=0.7872)

Epoch 07/60 | Time 0m 14s
  Train | loss=0.7103 | top1=70.09% | top2=91.29% | top3=99.41%
  Valid | loss=0.8158 | top1=61.31% | top2=83.51% | top3=97.96% | acc=61.14% | bal_acc=58.77% | macro_f1=0.5914 | qwk=0.7383 | mae=0.5157 | weighted_f1=0.5752 | precision_macro=0.6414 | recall_macro=0.5877
         ovr_roc_auc_macro=0.8635 | ovr_pr_auc_macro=0.6883
 No improvement. Bad epochs: 1/15

Epoch 08/60 | Time 0m 14s
  Train | loss=0.6983 | top1=72.00% | top2=92.61% | top3=99.31%
  Valid | loss=0.7717 | top1=64.47% | top2=87.93% | top3=98.68% | acc=64.41% | bal_acc=60.55% | macro_f1=0.6111 | qwk=0.7761 | mae=0.4516 | weighted_f1=0.6118 | precision_macro=0.6454 | recall_macro=0.6055
         ovr_roc_auc_macro=0.8695 | ovr_pr_auc_macro=0.6950
 No improvement. Bad epochs: 2/15

Epoch 09/60 | Time 0m 14s
  Train | loss=0.6839 | top1=73.82% | top2=93.06% | top3=99.40%
  Valid | loss=0.7671 | top1=63.86% | top2=87.47% | top3=98.44% | acc=63.68% | bal_acc=62.85% | macro_f1=0.6079 | qwk=0.7828 | mae=0.4467 | weighted_f1=0.6147 | precision_macro=0.6264 | recall_macro=0.6285
         ovr_roc_auc_macro=0.8841 | ovr_pr_auc_macro=0.7045
 No improvement. Bad epochs: 3/15

Epoch 10/60 | Time 0m 14s
  Train | loss=0.6698 | top1=75.33% | top2=94.35% | top3=99.50%
  Valid | loss=0.7756 | top1=61.96% | top2=88.22% | top3=98.20% | acc=61.74% | bal_acc=62.79% | macro_f1=0.6138 | qwk=0.7926 | mae=0.4492 | weighted_f1=0.6145 | precision_macro=0.6239 | recall_macro=0.6279
         ovr_roc_auc_macro=0.8690 | ovr_pr_auc_macro=0.6661
 Validation improved. Saved best model to /root/autodl-tmp/MedVisionLab/Knee/checkpoints/best_resnet50_knee_oa_DAST_controlled_mecsb_vb_koa_adni_10seed_20260803_234110_koa_resnet50_plus_dast_seed3.pt (QWK=0.7926)

Epoch 11/60 | Time 0m 14s
  Train | loss=0.6599 | top1=76.84% | top2=94.54% | top3=99.59%
  Valid | loss=0.7704 | top1=63.17% | top2=86.99% | top3=97.84% | acc=63.08% | bal_acc=64.34% | macro_f1=0.6390 | qwk=0.7991 | mae=0.4346 | weighted_f1=0.6318 | precision_macro=0.6367 | recall_macro=0.6434
         ovr_roc_auc_macro=0.8768 | ovr_pr_auc_macro=0.7023
 Validation improved. Saved best model to /root/autodl-tmp/MedVisionLab/Knee/checkpoints/best_resnet50_knee_oa_DAST_controlled_mecsb_vb_koa_adni_10seed_20260803_234110_koa_resnet50_plus_dast_seed3.pt (QWK=0.7991)

Epoch 12/60 | Time 0m 14s
  Train | loss=0.6499 | top1=78.32% | top2=95.64% | top3=99.69%
  Valid | loss=0.7533 | top1=64.47% | top2=87.26% | top3=98.32% | acc=64.41% | bal_acc=63.08% | macro_f1=0.6389 | qwk=0.7863 | mae=0.4322 | weighted_f1=0.6403 | precision_macro=0.6520 | recall_macro=0.6308
         ovr_roc_auc_macro=0.8864 | ovr_pr_auc_macro=0.7102
 No improvement. Bad epochs: 1/15

Epoch 13/60 | Time 0m 14s
  Train | loss=0.6344 | top1=80.82% | top2=96.39% | top3=99.67%
  Valid | loss=0.7647 | top1=64.82% | top2=87.59% | top3=98.56% | acc=64.65% | bal_acc=64.74% | macro_f1=0.6323 | qwk=0.7805 | mae=0.4431 | weighted_f1=0.6294 | precision_macro=0.6374 | recall_macro=0.6474
         ovr_roc_auc_macro=0.8747 | ovr_pr_auc_macro=0.6984
 No improvement. Bad epochs: 2/15

Epoch 14/60 | Time 0m 14s
  Train | loss=0.6255 | top1=82.75% | top2=96.81% | top3=99.79%
  Valid | loss=0.7903 | top1=60.73% | top2=87.26% | top3=98.32% | acc=60.53% | bal_acc=64.38% | macro_f1=0.6375 | qwk=0.7786 | mae=0.4625 | weighted_f1=0.6165 | precision_macro=0.6439 | recall_macro=0.6438
         ovr_roc_auc_macro=0.8761 | ovr_pr_auc_macro=0.7008
 No improvement. Bad epochs: 3/15

Epoch 15/60 | Time 0m 14s
  Train | loss=0.6119 | top1=84.24% | top2=97.29% | top3=99.88%
  Valid | loss=0.7970 | top1=64.07% | top2=87.38% | top3=97.60% | acc=63.92% | bal_acc=64.32% | macro_f1=0.6405 | qwk=0.7794 | mae=0.4467 | weighted_f1=0.6296 | precision_macro=0.6466 | recall_macro=0.6432
         ovr_roc_auc_macro=0.8691 | ovr_pr_auc_macro=0.6952
 No improvement. Bad epochs: 4/15

Epoch 16/60 | Time 0m 14s
  Train | loss=0.5956 | top1=86.67% | top2=98.05% | top3=99.97%
  Valid | loss=0.7782 | top1=63.32% | top2=88.31% | top3=98.44% | acc=63.20% | bal_acc=63.94% | macro_f1=0.6465 | qwk=0.7920 | mae=0.4370 | weighted_f1=0.6336 | precision_macro=0.6571 | recall_macro=0.6394
         ovr_roc_auc_macro=0.8729 | ovr_pr_auc_macro=0.6904
 No improvement. Bad epochs: 5/15

Epoch 17/60 | Time 0m 14s
  Train | loss=0.5834 | top1=89.14% | top2=98.64% | top3=99.90%
  Valid | loss=0.7799 | top1=64.79% | top2=87.86% | top3=96.63% | acc=64.65% | bal_acc=66.90% | macro_f1=0.6614 | qwk=0.8010 | mae=0.4177 | weighted_f1=0.6513 | precision_macro=0.6574 | recall_macro=0.6690
         ovr_roc_auc_macro=0.8838 | ovr_pr_auc_macro=0.7165
 Validation improved. Saved best model to /root/autodl-tmp/MedVisionLab/Knee/checkpoints/best_resnet50_knee_oa_DAST_controlled_mecsb_vb_koa_adni_10seed_20260803_234110_koa_resnet50_plus_dast_seed3.pt (QWK=0.8010)

Epoch 18/60 | Time 0m 14s
  Train | loss=0.5722 | top1=90.72% | top2=99.07% | top3=99.97%
  Valid | loss=0.7978 | top1=66.39% | top2=88.65% | top3=98.92% | acc=66.34% | bal_acc=62.07% | macro_f1=0.6417 | qwk=0.8035 | mae=0.4104 | weighted_f1=0.6411 | precision_macro=0.6873 | recall_macro=0.6207
         ovr_roc_auc_macro=0.8725 | ovr_pr_auc_macro=0.6968
 Validation improved. Saved best model to /root/autodl-tmp/MedVisionLab/Knee/checkpoints/best_resnet50_knee_oa_DAST_controlled_mecsb_vb_koa_adni_10seed_20260803_234110_koa_resnet50_plus_dast_seed3.pt (QWK=0.8035)

Epoch 19/60 | Time 0m 14s
  Train | loss=0.5673 | top1=91.82% | top2=98.96% | top3=99.95%
  Valid | loss=0.8188 | top1=61.28% | top2=84.71% | top3=96.39% | acc=61.14% | bal_acc=63.91% | macro_f1=0.6333 | qwk=0.7674 | mae=0.4697 | weighted_f1=0.6153 | precision_macro=0.6384 | recall_macro=0.6391
         ovr_roc_auc_macro=0.8676 | ovr_pr_auc_macro=0.6937
 No improvement. Bad epochs: 1/15

Epoch 20/60 | Time 0m 14s
  Train | loss=0.5551 | top1=93.08% | top2=99.62% | top3=100.00%
  Valid | loss=0.8219 | top1=57.49% | top2=85.31% | top3=96.75% | acc=57.26% | bal_acc=63.84% | macro_f1=0.6290 | qwk=0.7745 | mae=0.4794 | weighted_f1=0.5904 | precision_macro=0.6501 | recall_macro=0.6384
         ovr_roc_auc_macro=0.8727 | ovr_pr_auc_macro=0.7013
 No improvement. Bad epochs: 2/15

Epoch 21/60 | Time 0m 14s
  Train | loss=0.5512 | top1=93.94% | top2=99.31% | top3=99.97%
  Valid | loss=0.8204 | top1=62.08% | top2=84.83% | top3=96.27% | acc=61.86% | bal_acc=64.67% | macro_f1=0.6147 | qwk=0.7643 | mae=0.4831 | weighted_f1=0.6043 | precision_macro=0.5993 | recall_macro=0.6467
         ovr_roc_auc_macro=0.8657 | ovr_pr_auc_macro=0.6702
 No improvement. Bad epochs: 3/15

Epoch 22/60 | Time 0m 14s
  Train | loss=0.5467 | top1=94.69% | top2=99.43% | top3=99.97%
  Valid | loss=0.8197 | top1=61.91% | top2=88.07% | top3=98.32% | acc=61.74% | bal_acc=62.41% | macro_f1=0.6343 | qwk=0.7826 | mae=0.4576 | weighted_f1=0.6207 | precision_macro=0.6546 | recall_macro=0.6241
         ovr_roc_auc_macro=0.8558 | ovr_pr_auc_macro=0.6696
 No improvement. Bad epochs: 4/15

Epoch 23/60 | Time 0m 14s
  Train | loss=0.5395 | top1=95.90% | top2=99.57% | top3=99.98%
  Valid | loss=0.8226 | top1=62.30% | top2=87.38% | top3=97.24% | acc=62.11% | bal_acc=64.02% | macro_f1=0.6315 | qwk=0.7736 | mae=0.4685 | weighted_f1=0.6091 | precision_macro=0.6276 | recall_macro=0.6402
         ovr_roc_auc_macro=0.8620 | ovr_pr_auc_macro=0.6879
 No improvement. Bad epochs: 5/15

Epoch 24/60 | Time 0m 14s
  Train | loss=0.5342 | top1=96.32% | top2=99.81% | top3=99.98%
  Valid | loss=0.8226 | top1=61.82% | top2=87.02% | top3=97.48% | acc=61.62% | bal_acc=64.38% | macro_f1=0.6330 | qwk=0.7840 | mae=0.4600 | weighted_f1=0.6118 | precision_macro=0.6238 | recall_macro=0.6438
         ovr_roc_auc_macro=0.8566 | ovr_pr_auc_macro=0.6649
 No improvement. Bad epochs: 6/15

Epoch 25/60 | Time 0m 14s
  Train | loss=0.5322 | top1=96.71% | top2=99.71% | top3=100.00%
  Valid | loss=0.8278 | top1=61.92% | top2=85.88% | top3=97.24% | acc=61.86% | bal_acc=60.50% | macro_f1=0.6132 | qwk=0.7700 | mae=0.4722 | weighted_f1=0.6072 | precision_macro=0.6297 | recall_macro=0.6050
         ovr_roc_auc_macro=0.8554 | ovr_pr_auc_macro=0.6751
 No improvement. Bad epochs: 7/15

Epoch 26/60 | Time 0m 14s
  Train | loss=0.5271 | top1=97.03% | top2=99.74% | top3=100.00%
  Valid | loss=0.8356 | top1=59.96% | top2=84.47% | top3=97.36% | acc=59.81% | bal_acc=61.71% | macro_f1=0.6170 | qwk=0.7552 | mae=0.4952 | weighted_f1=0.5955 | precision_macro=0.6204 | recall_macro=0.6171
         ovr_roc_auc_macro=0.8560 | ovr_pr_auc_macro=0.6744
 No improvement. Bad epochs: 8/15

Epoch 27/60 | Time 0m 14s
  Train | loss=0.5263 | top1=97.52% | top2=99.79% | top3=100.00%
  Valid | loss=0.8156 | top1=63.17% | top2=86.46% | top3=97.48% | acc=63.08% | bal_acc=61.26% | macro_f1=0.6203 | qwk=0.7756 | mae=0.4588 | weighted_f1=0.6124 | precision_macro=0.6396 | recall_macro=0.6126
         ovr_roc_auc_macro=0.8632 | ovr_pr_auc_macro=0.6851
 No improvement. Bad epochs: 9/15

Epoch 28/60 | Time 0m 14s
  Train | loss=0.5225 | top1=97.76% | top2=99.90% | top3=99.98%
  Valid | loss=0.8238 | top1=63.32% | top2=86.90% | top3=97.36% | acc=63.20% | bal_acc=64.31% | macro_f1=0.6361 | qwk=0.7801 | mae=0.4564 | weighted_f1=0.6187 | precision_macro=0.6334 | recall_macro=0.6431
         ovr_roc_auc_macro=0.8580 | ovr_pr_auc_macro=0.6674
 No improvement. Bad epochs: 10/15

Epoch 29/60 | Time 0m 14s
  Train | loss=0.5194 | top1=98.00% | top2=99.84% | top3=99.98%
  Valid | loss=0.8320 | top1=62.45% | top2=87.44% | top3=97.72% | acc=62.35% | bal_acc=60.35% | macro_f1=0.6157 | qwk=0.7782 | mae=0.4600 | weighted_f1=0.6087 | precision_macro=0.6371 | recall_macro=0.6035
         ovr_roc_auc_macro=0.8552 | ovr_pr_auc_macro=0.6720
 No improvement. Bad epochs: 11/15

Epoch 30/60 | Time 0m 14s
  Train | loss=0.5181 | top1=98.05% | top2=99.90% | top3=100.00%
  Valid | loss=0.8232 | top1=64.28% | top2=87.32% | top3=97.96% | acc=64.16% | bal_acc=63.35% | macro_f1=0.6425 | qwk=0.7901 | mae=0.4370 | weighted_f1=0.6281 | precision_macro=0.6586 | recall_macro=0.6335
         ovr_roc_auc_macro=0.8611 | ovr_pr_auc_macro=0.6774
 No improvement. Bad epochs: 12/15

Epoch 31/60 | Time 0m 14s
  Train | loss=0.5168 | top1=98.38% | top2=99.90% | top3=100.00%
  Valid | loss=0.8159 | top1=62.72% | top2=87.62% | top3=97.00% | acc=62.59% | bal_acc=62.76% | macro_f1=0.6221 | qwk=0.7742 | mae=0.4649 | weighted_f1=0.6091 | precision_macro=0.6234 | recall_macro=0.6276
         ovr_roc_auc_macro=0.8622 | ovr_pr_auc_macro=0.6739
 No improvement. Bad epochs: 13/15

Epoch 32/60 | Time 0m 14s
  Train | loss=0.5134 | top1=98.74% | top2=99.93% | top3=100.00%
  Valid | loss=0.8391 | top1=62.45% | top2=86.87% | top3=98.08% | acc=62.35% | bal_acc=61.68% | macro_f1=0.6341 | qwk=0.7731 | mae=0.4613 | weighted_f1=0.6194 | precision_macro=0.6561 | recall_macro=0.6168
         ovr_roc_auc_macro=0.8550 | ovr_pr_auc_macro=0.6715
 No improvement. Bad epochs: 14/15

Epoch 33/60 | Time 0m 14s
  Train | loss=0.5134 | top1=98.72% | top2=99.86% | top3=99.97%
  Valid | loss=0.8224 | top1=62.24% | top2=87.23% | top3=97.72% | acc=62.11% | bal_acc=63.27% | macro_f1=0.6373 | qwk=0.7804 | mae=0.4588 | weighted_f1=0.6208 | precision_macro=0.6440 | recall_macro=0.6327
         ovr_roc_auc_macro=0.8602 | ovr_pr_auc_macro=0.6649
 No improvement. Bad epochs: 15/15
Early stopping triggered.
 Training stopped early at epoch 33.

Loading best model and evaluating on test set...
Best validation QWK: 0.8035

Test | loss=0.7876 | top1=67.09% | top2=88.80% | top3=98.92% | acc=67.03% | bal_acc=63.37% | macro_f1=0.6511 | qwk=0.8046 | mae=0.4088 | weighted_f1=0.6442 | precision_macro=0.6948 | recall_macro=0.6337
     ovr_roc_auc_macro=0.8854 | ovr_pr_auc_macro=0.7126

Evaluating on auto_test set...

AutoTest | loss=0.7779 | top1=67.65% | top2=89.23% | top3=99.48% | acc=67.50% | bal_acc=65.36% | macro_f1=0.6689 | qwk=0.8095 | mae=0.3965 | weighted_f1=0.6544 | precision_macro=0.7033 | recall_macro=0.6536
         ovr_roc_auc_macro=0.8832 | ovr_pr_auc_macro=0.7088
Summary CSV saved: /root/autodl-tmp/MedVisionLab/Knee/logs/ResNet_baseline+Loss4_controlled_mecsb_vb_koa_adni_10seed_20260803_234110_koa_resnet50_plus_dast_seed3_20260804_043621_summary.csv
Checkpoint saved: /root/autodl-tmp/MedVisionLab/Knee/checkpoints/best_resnet50_knee_oa_DAST_controlled_mecsb_vb_koa_adni_10seed_20260803_234110_koa_resnet50_plus_dast_seed3.pt

Knee Osteoarthritis ResNet50 baseline (DAST) completed!

==========================================================================================
RETURN_CODE: 0
