DATASET: ADNI
METHOD: ResNet50 + MESC VersionB
SEED: 1
SCRIPT: /root/autodl-tmp/MedVisionLab/Alzheimer_MRI_Loss/ResNet_layer3+MECS.py
RUN_TAG: controlled_mecsb_vb_koa_adni_10seed_20260803_234110_adni_resnet50_plus_mesc_versionb_seed1
ALZHEIMER_LOSSES: ce
LOSS: ce
COMMAND: /root/miniconda3/envs/medvision/bin/python -u /root/autodl-tmp/MedVisionLab/tools/run_training_with_mecsb.py --script /root/autodl-tmp/MedVisionLab/Alzheimer_MRI_Loss/ResNet_layer3+MECS.py
==========================================================================================
MESC_IMPLEMENTATION: MECS_VersionB
ORIGINAL_SCRIPT: /root/autodl-tmp/MedVisionLab/Alzheimer_MRI_Loss/ResNet_layer3+MECS.py
==========================================================================================
Injected attention module: MECS_VersionB
Original training script : /root/autodl-tmp/MedVisionLab/Alzheimer_MRI_Loss/ResNet_layer3+MECS.py
Dataset                  : ADNI
Original source modified : no
==========================================================================================
==========================================================================================
Script: ResNet_layer3+MECS
Run tag: controlled_mecsb_vb_koa_adni_10seed_20260803_234110_adni_resnet50_plus_mesc_versionb_seed1
Module: MECS VersionB | Insert after: layer3
Device: cuda
CUDA: NVIDIA GeForce RTX 3090
Data root: /root/autodl-tmp/Augmented_Alzheimer_MRI/OriginalDataset
Class order: ['NonDemented', 'VeryMildDemented', 'MildDemented', 'ModerateDemented'] (used for labels/QWK/MAE/ordinal losses)
Config | seed=1, batch_size=32, epochs=60, num_workers=2, image_size=224, base_lr=0.0001, test_ratio=0.2, val_ratio_within_train=0.1, patience=15
Losses to run: ['ce']
==========================================================================================
Split sizes | train=4608, valid=512, test=1280
Classes (4): ['NonDemented', 'VeryMildDemented', 'MildDemented', 'ModerateDemented']
Train class counts: [2304, 1613, 645, 46]
Valid class counts: [256, 179, 72, 5]
Test class counts : [640, 448, 179, 13]
Loading torchvision ResNet50 pretrained weights once...
Pretrained state keys: 320

##########################################################################################
Starting loss: ce
##########################################################################################
Model params: 27,303,248 | pretrained loaded: 320/346 | feat_dim=2048
Criterion: CrossEntropyLoss
Criterion trainable params: 0
Epoch 01/60 | Time 0m14s
  Train | loss=1.3242 | top1=45.88% | top2=77.47% | top3=92.38%
  Valid | loss=1.2516 | top1=50.20% | top2=84.57% | top3=98.24% | acc=50.20% | bal_acc=25.73% | macro_f1=0.2002 | weighted_f1=0.3794 | precision_macro=0.2313 | recall_macro=0.2573 | qwk=0.0209 | mae=0.6445
        ovr_roc_auc_macro=0.5719 | ovr_pr_auc_macro=0.2838
  -> best macro_f1 updated to 0.2002 (epoch 1)
Epoch 02/60 | Time 0m13s
  Train | loss=1.1744 | top1=50.41% | top2=85.00% | top3=98.87%
  Valid | loss=1.0993 | top1=49.80% | top2=84.96% | top3=99.02% | acc=49.80% | bal_acc=24.90% | macro_f1=0.1664 | weighted_f1=0.3329 | precision_macro=0.1250 | recall_macro=0.2490 | qwk=0.0027 | mae=0.6602
        ovr_roc_auc_macro=0.6215 | ovr_pr_auc_macro=0.3022
Epoch 03/60 | Time 0m13s
  Train | loss=1.0534 | top1=50.28% | top2=85.00% | top3=99.00%
  Valid | loss=1.0146 | top1=51.56% | top2=84.96% | top3=99.02% | acc=51.56% | bal_acc=26.75% | macro_f1=0.2181 | weighted_f1=0.4062 | precision_macro=0.2416 | recall_macro=0.2675 | qwk=0.0754 | mae=0.6172
        ovr_roc_auc_macro=0.7183 | ovr_pr_auc_macro=0.3985
  -> best macro_f1 updated to 0.2181 (epoch 3)
Epoch 04/60 | Time 0m13s
  Train | loss=0.9763 | top1=53.28% | top2=85.00% | top3=99.00%
  Valid | loss=0.9459 | top1=57.23% | top2=84.96% | top3=99.02% | acc=57.23% | bal_acc=32.39% | macro_f1=0.2974 | weighted_f1=0.5238 | precision_macro=0.2751 | recall_macro=0.3239 | qwk=0.3561 | mae=0.4727
        ovr_roc_auc_macro=0.7580 | ovr_pr_auc_macro=0.4412
  -> best macro_f1 updated to 0.2974 (epoch 4)
Epoch 05/60 | Time 0m13s
  Train | loss=0.9010 | top1=57.27% | top2=85.26% | top3=99.00%
  Valid | loss=0.8770 | top1=57.81% | top2=86.33% | top3=99.02% | acc=57.81% | bal_acc=33.70% | macro_f1=0.3088 | weighted_f1=0.5390 | precision_macro=0.2893 | recall_macro=0.3370 | qwk=0.4065 | mae=0.4473
        ovr_roc_auc_macro=0.7800 | ovr_pr_auc_macro=0.4420
  -> best macro_f1 updated to 0.3088 (epoch 5)
Epoch 06/60 | Time 0m13s
  Train | loss=0.8613 | top1=58.12% | top2=87.33% | top3=99.00%
  Valid | loss=0.8422 | top1=60.55% | top2=89.06% | top3=99.02% | acc=60.55% | bal_acc=35.52% | macro_f1=0.3247 | weighted_f1=0.5646 | precision_macro=0.3052 | recall_macro=0.3552 | qwk=0.4358 | mae=0.4199
        ovr_roc_auc_macro=0.8170 | ovr_pr_auc_macro=0.5143
  -> best macro_f1 updated to 0.3247 (epoch 6)
Epoch 07/60 | Time 0m13s
  Train | loss=0.8192 | top1=61.05% | top2=89.39% | top3=99.00%
  Valid | loss=0.8210 | top1=59.96% | top2=87.70% | top3=99.02% | acc=59.96% | bal_acc=35.82% | macro_f1=0.3247 | weighted_f1=0.5616 | precision_macro=0.3133 | recall_macro=0.3582 | qwk=0.4238 | mae=0.4238
        ovr_roc_auc_macro=0.8354 | ovr_pr_auc_macro=0.5376
Epoch 08/60 | Time 0m13s
  Train | loss=0.7690 | top1=63.50% | top2=90.26% | top3=99.00%
  Valid | loss=0.7718 | top1=64.45% | top2=89.84% | top3=99.02% | acc=64.45% | bal_acc=40.42% | macro_f1=0.4074 | weighted_f1=0.6235 | precision_macro=0.4375 | recall_macro=0.4042 | qwk=0.4458 | mae=0.4160
        ovr_roc_auc_macro=0.8590 | ovr_pr_auc_macro=0.5789
  -> best macro_f1 updated to 0.4074 (epoch 8)
Epoch 09/60 | Time 0m13s
  Train | loss=0.7239 | top1=67.32% | top2=91.67% | top3=99.00%
  Valid | loss=0.7036 | top1=71.48% | top2=91.60% | top3=99.02% | acc=71.48% | bal_acc=50.07% | macro_f1=0.5012 | weighted_f1=0.7128 | precision_macro=0.5106 | recall_macro=0.5007 | qwk=0.6439 | mae=0.3105
        ovr_roc_auc_macro=0.8856 | ovr_pr_auc_macro=0.6228
  -> best macro_f1 updated to 0.5012 (epoch 9)
Epoch 10/60 | Time 0m13s
  Train | loss=0.6766 | top1=70.70% | top2=92.60% | top3=99.00%
  Valid | loss=0.6831 | top1=68.16% | top2=90.82% | top3=99.02% | acc=68.16% | bal_acc=50.26% | macro_f1=0.4815 | weighted_f1=0.6825 | precision_macro=0.4756 | recall_macro=0.5026 | qwk=0.5841 | mae=0.3789
        ovr_roc_auc_macro=0.9013 | ovr_pr_auc_macro=0.7087
Epoch 11/60 | Time 0m13s
  Train | loss=0.5978 | top1=74.89% | top2=93.84% | top3=99.09%
  Valid | loss=0.6083 | top1=73.44% | top2=91.99% | top3=99.80% | acc=73.44% | bal_acc=53.33% | macro_f1=0.5247 | weighted_f1=0.7349 | precision_macro=0.5215 | recall_macro=0.5333 | qwk=0.6534 | mae=0.3008
        ovr_roc_auc_macro=0.9207 | ovr_pr_auc_macro=0.8065
  -> best macro_f1 updated to 0.5247 (epoch 11)
Epoch 12/60 | Time 0m13s
  Train | loss=0.5320 | top1=78.43% | top2=95.03% | top3=99.39%
  Valid | loss=0.5450 | top1=77.34% | top2=94.34% | top3=99.80% | acc=77.34% | bal_acc=56.91% | macro_f1=0.5531 | weighted_f1=0.7751 | precision_macro=0.5436 | recall_macro=0.5691 | qwk=0.6773 | mae=0.2715
        ovr_roc_auc_macro=0.9389 | ovr_pr_auc_macro=0.8125
  -> best macro_f1 updated to 0.5531 (epoch 12)
Epoch 13/60 | Time 0m13s
  Train | loss=0.4479 | top1=82.23% | top2=96.72% | top3=99.61%
  Valid | loss=0.5250 | top1=78.52% | top2=95.12% | top3=99.22% | acc=78.52% | bal_acc=75.44% | macro_f1=0.7185 | weighted_f1=0.7947 | precision_macro=0.7122 | recall_macro=0.7544 | qwk=0.6955 | mae=0.2734
        ovr_roc_auc_macro=0.9527 | ovr_pr_auc_macro=0.8565
  -> best macro_f1 updated to 0.7185 (epoch 13)
Epoch 14/60 | Time 0m13s
  Train | loss=0.3829 | top1=84.72% | top2=97.55% | top3=99.78%
  Valid | loss=0.3997 | top1=82.03% | top2=97.27% | top3=100.00% | acc=82.03% | bal_acc=82.43% | macro_f1=0.8191 | weighted_f1=0.8173 | precision_macro=0.8289 | recall_macro=0.8243 | qwk=0.7581 | mae=0.2070
        ovr_roc_auc_macro=0.9657 | ovr_pr_auc_macro=0.8799
  -> best macro_f1 updated to 0.8191 (epoch 14)
Epoch 15/60 | Time 0m13s
  Train | loss=0.3146 | top1=87.70% | top2=98.37% | top3=99.96%
  Valid | loss=0.3902 | top1=85.55% | top2=98.24% | top3=100.00% | acc=85.55% | bal_acc=86.16% | macro_f1=0.8520 | weighted_f1=0.8552 | precision_macro=0.8662 | recall_macro=0.8616 | qwk=0.8178 | mae=0.1602
        ovr_roc_auc_macro=0.9731 | ovr_pr_auc_macro=0.8959
  -> best macro_f1 updated to 0.8520 (epoch 15)
Epoch 16/60 | Time 0m13s
  Train | loss=0.2522 | top1=90.58% | top2=98.98% | top3=100.00%
  Valid | loss=0.3007 | top1=86.72% | top2=99.22% | top3=100.00% | acc=86.72% | bal_acc=87.89% | macro_f1=0.8887 | weighted_f1=0.8640 | precision_macro=0.9068 | recall_macro=0.8789 | qwk=0.8318 | mae=0.1523
        ovr_roc_auc_macro=0.9863 | ovr_pr_auc_macro=0.9659
  -> best macro_f1 updated to 0.8887 (epoch 16)
Epoch 17/60 | Time 0m13s
  Train | loss=0.2429 | top1=91.08% | top2=98.72% | top3=99.93%
  Valid | loss=0.2493 | top1=89.45% | top2=99.22% | top3=100.00% | acc=89.45% | bal_acc=90.06% | macro_f1=0.8857 | weighted_f1=0.8946 | precision_macro=0.8779 | recall_macro=0.9006 | qwk=0.8829 | mae=0.1133
        ovr_roc_auc_macro=0.9867 | ovr_pr_auc_macro=0.9627
Epoch 18/60 | Time 0m13s
  Train | loss=0.1941 | top1=92.66% | top2=99.39% | top3=100.00%
  Valid | loss=0.2226 | top1=91.80% | top2=99.41% | top3=100.00% | acc=91.80% | bal_acc=92.77% | macro_f1=0.9111 | weighted_f1=0.9172 | precision_macro=0.9006 | recall_macro=0.9277 | qwk=0.8926 | mae=0.0957
        ovr_roc_auc_macro=0.9903 | ovr_pr_auc_macro=0.9790
  -> best macro_f1 updated to 0.9111 (epoch 18)
Epoch 19/60 | Time 0m13s
  Train | loss=0.1504 | top1=94.44% | top2=99.67% | top3=100.00%
  Valid | loss=0.2240 | top1=92.58% | top2=99.41% | top3=100.00% | acc=92.58% | bal_acc=94.45% | macro_f1=0.9031 | weighted_f1=0.9261 | precision_macro=0.8736 | recall_macro=0.9445 | qwk=0.9011 | mae=0.0859
        ovr_roc_auc_macro=0.9893 | ovr_pr_auc_macro=0.9776
Epoch 20/60 | Time 0m13s
  Train | loss=0.1473 | top1=94.62% | top2=99.50% | top3=100.00%
  Valid | loss=0.2054 | top1=91.80% | top2=99.22% | top3=100.00% | acc=91.80% | bal_acc=93.85% | macro_f1=0.9141 | weighted_f1=0.9168 | precision_macro=0.8966 | recall_macro=0.9385 | qwk=0.9196 | mae=0.0859
        ovr_roc_auc_macro=0.9921 | ovr_pr_auc_macro=0.9861
  -> best macro_f1 updated to 0.9141 (epoch 20)
Epoch 21/60 | Time 0m13s
  Train | loss=0.1158 | top1=95.83% | top2=99.76% | top3=100.00%
  Valid | loss=0.1587 | top1=95.31% | top2=99.80% | top3=100.00% | acc=95.31% | bal_acc=96.61% | macro_f1=0.9392 | weighted_f1=0.9532 | precision_macro=0.9167 | recall_macro=0.9661 | qwk=0.9442 | mae=0.0527
        ovr_roc_auc_macro=0.9927 | ovr_pr_auc_macro=0.9690
  -> best macro_f1 updated to 0.9392 (epoch 21)
Epoch 22/60 | Time 0m13s
  Train | loss=0.1037 | top1=96.29% | top2=99.70% | top3=99.98%
  Valid | loss=0.1219 | top1=95.70% | top2=99.61% | top3=100.00% | acc=95.70% | bal_acc=96.56% | macro_f1=0.9652 | weighted_f1=0.9570 | precision_macro=0.9648 | recall_macro=0.9656 | qwk=0.9307 | mae=0.0547
        ovr_roc_auc_macro=0.9963 | ovr_pr_auc_macro=0.9928
  -> best macro_f1 updated to 0.9652 (epoch 22)
Epoch 23/60 | Time 0m13s
  Train | loss=0.0833 | top1=97.09% | top2=99.89% | top3=100.00%
  Valid | loss=0.1470 | top1=94.73% | top2=99.80% | top3=100.00% | acc=94.73% | bal_acc=95.15% | macro_f1=0.9345 | weighted_f1=0.9472 | precision_macro=0.9216 | recall_macro=0.9515 | qwk=0.9170 | mae=0.0664
        ovr_roc_auc_macro=0.9950 | ovr_pr_auc_macro=0.9872
Epoch 24/60 | Time 0m13s
  Train | loss=0.0739 | top1=97.53% | top2=99.91% | top3=100.00%
  Valid | loss=0.1668 | top1=94.14% | top2=99.80% | top3=100.00% | acc=94.14% | bal_acc=95.20% | macro_f1=0.9317 | weighted_f1=0.9419 | precision_macro=0.9177 | recall_macro=0.9520 | qwk=0.9368 | mae=0.0625
        ovr_roc_auc_macro=0.9947 | ovr_pr_auc_macro=0.9881
Epoch 25/60 | Time 0m13s
  Train | loss=0.0829 | top1=96.96% | top2=99.85% | top3=100.00%
  Valid | loss=0.1118 | top1=95.31% | top2=99.61% | top3=100.00% | acc=95.31% | bal_acc=95.99% | macro_f1=0.9632 | weighted_f1=0.9531 | precision_macro=0.9668 | recall_macro=0.9599 | qwk=0.9424 | mae=0.0527
        ovr_roc_auc_macro=0.9971 | ovr_pr_auc_macro=0.9944
Epoch 26/60 | Time 0m13s
  Train | loss=0.0665 | top1=97.57% | top2=99.93% | top3=100.00%
  Valid | loss=0.1147 | top1=95.90% | top2=99.80% | top3=100.00% | acc=95.90% | bal_acc=97.57% | macro_f1=0.9718 | weighted_f1=0.9589 | precision_macro=0.9682 | recall_macro=0.9757 | qwk=0.9536 | mae=0.0449
        ovr_roc_auc_macro=0.9967 | ovr_pr_auc_macro=0.9931
  -> best macro_f1 updated to 0.9718 (epoch 26)
Epoch 27/60 | Time 0m13s
  Train | loss=0.0622 | top1=97.83% | top2=99.85% | top3=100.00%
  Valid | loss=0.0581 | top1=97.85% | top2=100.00% | top3=100.00% | acc=97.85% | bal_acc=98.80% | macro_f1=0.9849 | weighted_f1=0.9785 | precision_macro=0.9820 | recall_macro=0.9880 | qwk=0.9707 | mae=0.0254
        ovr_roc_auc_macro=0.9993 | ovr_pr_auc_macro=0.9983
  -> best macro_f1 updated to 0.9849 (epoch 27)
Epoch 28/60 | Time 0m13s
  Train | loss=0.0551 | top1=98.11% | top2=99.91% | top3=99.98%
  Valid | loss=0.0997 | top1=96.09% | top2=99.80% | top3=100.00% | acc=96.09% | bal_acc=97.42% | macro_f1=0.9691 | weighted_f1=0.9610 | precision_macro=0.9645 | recall_macro=0.9742 | qwk=0.9344 | mae=0.0508
        ovr_roc_auc_macro=0.9982 | ovr_pr_auc_macro=0.9964
Epoch 29/60 | Time 0m13s
  Train | loss=0.0445 | top1=98.50% | top2=99.89% | top3=100.00%
  Valid | loss=0.0734 | top1=97.27% | top2=100.00% | top3=100.00% | acc=97.27% | bal_acc=98.05% | macro_f1=0.9791 | weighted_f1=0.9727 | precision_macro=0.9779 | recall_macro=0.9805 | qwk=0.9600 | mae=0.0332
        ovr_roc_auc_macro=0.9989 | ovr_pr_auc_macro=0.9978
Epoch 30/60 | Time 0m13s
  Train | loss=0.0485 | top1=98.13% | top2=99.93% | top3=100.00%
  Valid | loss=0.1371 | top1=95.70% | top2=99.80% | top3=100.00% | acc=95.70% | bal_acc=97.06% | macro_f1=0.9289 | weighted_f1=0.9576 | precision_macro=0.9009 | recall_macro=0.9706 | qwk=0.9482 | mae=0.0469
        ovr_roc_auc_macro=0.9977 | ovr_pr_auc_macro=0.9961
Epoch 31/60 | Time 0m13s
  Train | loss=0.0380 | top1=98.68% | top2=99.93% | top3=100.00%
  Valid | loss=0.0672 | top1=97.27% | top2=100.00% | top3=100.00% | acc=97.27% | bal_acc=97.63% | macro_f1=0.9800 | weighted_f1=0.9727 | precision_macro=0.9839 | recall_macro=0.9763 | qwk=0.9651 | mae=0.0312
        ovr_roc_auc_macro=0.9990 | ovr_pr_auc_macro=0.9986
Epoch 32/60 | Time 0m13s
  Train | loss=0.0424 | top1=98.65% | top2=99.93% | top3=100.00%
  Valid | loss=0.0555 | top1=97.66% | top2=100.00% | top3=100.00% | acc=97.66% | bal_acc=98.37% | macro_f1=0.9847 | weighted_f1=0.9766 | precision_macro=0.9858 | recall_macro=0.9837 | qwk=0.9740 | mae=0.0254
        ovr_roc_auc_macro=0.9992 | ovr_pr_auc_macro=0.9988
Epoch 33/60 | Time 0m13s
  Train | loss=0.0267 | top1=99.15% | top2=99.96% | top3=100.00%
  Valid | loss=0.0814 | top1=96.88% | top2=99.80% | top3=100.00% | acc=96.88% | bal_acc=98.19% | macro_f1=0.9741 | weighted_f1=0.9689 | precision_macro=0.9674 | recall_macro=0.9819 | qwk=0.9675 | mae=0.0332
        ovr_roc_auc_macro=0.9986 | ovr_pr_auc_macro=0.9977
Epoch 34/60 | Time 0m13s
  Train | loss=0.0356 | top1=98.83% | top2=99.91% | top3=100.00%
  Valid | loss=0.0821 | top1=97.07% | top2=99.80% | top3=100.00% | acc=97.07% | bal_acc=98.12% | macro_f1=0.9743 | weighted_f1=0.9708 | precision_macro=0.9686 | recall_macro=0.9812 | qwk=0.9644 | mae=0.0332
        ovr_roc_auc_macro=0.9987 | ovr_pr_auc_macro=0.9978
Epoch 35/60 | Time 0m13s
  Train | loss=0.0231 | top1=99.33% | top2=99.98% | top3=100.00%
  Valid | loss=0.0592 | top1=97.66% | top2=100.00% | top3=100.00% | acc=97.66% | bal_acc=98.12% | macro_f1=0.9814 | weighted_f1=0.9766 | precision_macro=0.9816 | recall_macro=0.9812 | qwk=0.9637 | mae=0.0293
        ovr_roc_auc_macro=0.9991 | ovr_pr_auc_macro=0.9985
Epoch 36/60 | Time 0m13s
  Train | loss=0.0194 | top1=99.41% | top2=100.00% | top3=100.00%
  Valid | loss=0.0836 | top1=96.88% | top2=100.00% | top3=100.00% | acc=96.88% | bal_acc=97.52% | macro_f1=0.9768 | weighted_f1=0.9687 | precision_macro=0.9788 | recall_macro=0.9752 | qwk=0.9517 | mae=0.0391
        ovr_roc_auc_macro=0.9989 | ovr_pr_auc_macro=0.9981
Epoch 37/60 | Time 0m13s
  Train | loss=0.0258 | top1=99.13% | top2=99.98% | top3=100.00%
  Valid | loss=0.0389 | top1=98.44% | top2=100.00% | top3=100.00% | acc=98.44% | bal_acc=98.59% | macro_f1=0.9880 | weighted_f1=0.9844 | precision_macro=0.9902 | recall_macro=0.9859 | qwk=0.9861 | mae=0.0156
        ovr_roc_auc_macro=0.9996 | ovr_pr_auc_macro=0.9995
  -> best macro_f1 updated to 0.9880 (epoch 37)
Epoch 38/60 | Time 0m13s
  Train | loss=0.0240 | top1=99.20% | top2=99.93% | top3=99.98%
  Valid | loss=0.0418 | top1=98.83% | top2=100.00% | top3=100.00% | acc=98.83% | bal_acc=98.83% | macro_f1=0.9904 | weighted_f1=0.9883 | precision_macro=0.9925 | recall_macro=0.9883 | qwk=0.9896 | mae=0.0117
        ovr_roc_auc_macro=0.9995 | ovr_pr_auc_macro=0.9988
  -> best macro_f1 updated to 0.9904 (epoch 38)
Epoch 39/60 | Time 0m13s
  Train | loss=0.0219 | top1=99.26% | top2=100.00% | top3=100.00%
  Valid | loss=0.0391 | top1=99.02% | top2=100.00% | top3=100.00% | acc=99.02% | bal_acc=98.89% | macro_f1=0.9915 | weighted_f1=0.9902 | precision_macro=0.9943 | recall_macro=0.9889 | qwk=0.9913 | mae=0.0098
        ovr_roc_auc_macro=0.9997 | ovr_pr_auc_macro=0.9993
  -> best macro_f1 updated to 0.9915 (epoch 39)
Epoch 40/60 | Time 0m13s
  Train | loss=0.0128 | top1=99.65% | top2=99.98% | top3=100.00%
  Valid | loss=0.0381 | top1=98.63% | top2=100.00% | top3=100.00% | acc=98.63% | bal_acc=98.98% | macro_f1=0.9905 | weighted_f1=0.9864 | precision_macro=0.9912 | recall_macro=0.9898 | qwk=0.9878 | mae=0.0137
        ovr_roc_auc_macro=0.9996 | ovr_pr_auc_macro=0.9994
Epoch 41/60 | Time 0m13s
  Train | loss=0.0124 | top1=99.59% | top2=100.00% | top3=100.00%
  Valid | loss=0.0307 | top1=99.22% | top2=100.00% | top3=100.00% | acc=99.22% | bal_acc=99.53% | macro_f1=0.9953 | weighted_f1=0.9922 | precision_macro=0.9953 | recall_macro=0.9953 | qwk=0.9931 | mae=0.0078
        ovr_roc_auc_macro=0.9997 | ovr_pr_auc_macro=0.9996
  -> best macro_f1 updated to 0.9953 (epoch 41)
Epoch 42/60 | Time 0m13s
  Train | loss=0.0127 | top1=99.67% | top2=100.00% | top3=100.00%
  Valid | loss=0.0356 | top1=98.63% | top2=100.00% | top3=100.00% | acc=98.63% | bal_acc=98.98% | macro_f1=0.9894 | weighted_f1=0.9863 | precision_macro=0.9890 | recall_macro=0.9898 | qwk=0.9827 | mae=0.0156
        ovr_roc_auc_macro=0.9996 | ovr_pr_auc_macro=0.9995
Epoch 43/60 | Time 0m13s
  Train | loss=0.0122 | top1=99.67% | top2=99.98% | top3=100.00%
  Valid | loss=0.0275 | top1=98.83% | top2=100.00% | top3=100.00% | acc=98.83% | bal_acc=99.37% | macro_f1=0.9919 | weighted_f1=0.9883 | precision_macro=0.9901 | recall_macro=0.9937 | qwk=0.9844 | mae=0.0137
        ovr_roc_auc_macro=0.9999 | ovr_pr_auc_macro=0.9997
Epoch 44/60 | Time 0m13s
  Train | loss=0.0089 | top1=99.72% | top2=100.00% | top3=100.00%
  Valid | loss=0.0198 | top1=99.02% | top2=100.00% | top3=100.00% | acc=99.02% | bal_acc=99.39% | macro_f1=0.9928 | weighted_f1=0.9902 | precision_macro=0.9918 | recall_macro=0.9939 | qwk=0.9914 | mae=0.0098
        ovr_roc_auc_macro=0.9999 | ovr_pr_auc_macro=0.9999
Epoch 45/60 | Time 0m13s
  Train | loss=0.0098 | top1=99.76% | top2=100.00% | top3=100.00%
  Valid | loss=0.0286 | top1=99.02% | top2=100.00% | top3=100.00% | acc=99.02% | bal_acc=99.43% | macro_f1=0.9941 | weighted_f1=0.9902 | precision_macro=0.9939 | recall_macro=0.9943 | qwk=0.9913 | mae=0.0098
        ovr_roc_auc_macro=0.9998 | ovr_pr_auc_macro=0.9997
Epoch 46/60 | Time 0m13s
  Train | loss=0.0114 | top1=99.67% | top2=100.00% | top3=100.00%
  Valid | loss=0.0358 | top1=98.83% | top2=100.00% | top3=100.00% | acc=98.83% | bal_acc=99.04% | macro_f1=0.9904 | weighted_f1=0.9883 | precision_macro=0.9904 | recall_macro=0.9904 | qwk=0.9896 | mae=0.0117
        ovr_roc_auc_macro=0.9997 | ovr_pr_auc_macro=0.9993
Epoch 47/60 | Time 0m13s
  Train | loss=0.0092 | top1=99.76% | top2=100.00% | top3=100.00%
  Valid | loss=0.0315 | top1=98.63% | top2=100.00% | top3=100.00% | acc=98.63% | bal_acc=98.98% | macro_f1=0.9892 | weighted_f1=0.9864 | precision_macro=0.9887 | recall_macro=0.9898 | qwk=0.9879 | mae=0.0137
        ovr_roc_auc_macro=0.9998 | ovr_pr_auc_macro=0.9995
Epoch 48/60 | Time 0m13s
  Train | loss=0.0066 | top1=99.80% | top2=100.00% | top3=100.00%
  Valid | loss=0.0255 | top1=99.41% | top2=100.00% | top3=100.00% | acc=99.41% | bal_acc=99.62% | macro_f1=0.9964 | weighted_f1=0.9941 | precision_macro=0.9966 | recall_macro=0.9962 | qwk=0.9948 | mae=0.0059
        ovr_roc_auc_macro=0.9998 | ovr_pr_auc_macro=0.9997
  -> best macro_f1 updated to 0.9964 (epoch 48)
Epoch 49/60 | Time 0m13s
  Train | loss=0.0085 | top1=99.76% | top2=100.00% | top3=100.00%
  Valid | loss=0.0374 | top1=98.05% | top2=100.00% | top3=100.00% | acc=98.05% | bal_acc=98.86% | macro_f1=0.9869 | weighted_f1=0.9805 | precision_macro=0.9853 | recall_macro=0.9886 | qwk=0.9827 | mae=0.0195
        ovr_roc_auc_macro=0.9997 | ovr_pr_auc_macro=0.9995
Epoch 50/60 | Time 0m13s
  Train | loss=0.0065 | top1=99.78% | top2=100.00% | top3=100.00%
  Valid | loss=0.0312 | top1=98.44% | top2=100.00% | top3=100.00% | acc=98.44% | bal_acc=99.09% | macro_f1=0.9893 | weighted_f1=0.9844 | precision_macro=0.9877 | recall_macro=0.9909 | qwk=0.9862 | mae=0.0156
        ovr_roc_auc_macro=0.9998 | ovr_pr_auc_macro=0.9996
Epoch 51/60 | Time 0m13s
  Train | loss=0.0089 | top1=99.78% | top2=100.00% | top3=100.00%
  Valid | loss=0.0279 | top1=99.41% | top2=100.00% | top3=100.00% | acc=99.41% | bal_acc=99.62% | macro_f1=0.9964 | weighted_f1=0.9941 | precision_macro=0.9966 | recall_macro=0.9962 | qwk=0.9948 | mae=0.0059
        ovr_roc_auc_macro=0.9997 | ovr_pr_auc_macro=0.9996
Epoch 52/60 | Time 0m13s
  Train | loss=0.0047 | top1=99.83% | top2=100.00% | top3=100.00%
  Valid | loss=0.0335 | top1=98.83% | top2=100.00% | top3=100.00% | acc=98.83% | bal_acc=99.29% | macro_f1=0.9916 | weighted_f1=0.9883 | precision_macro=0.9904 | recall_macro=0.9929 | qwk=0.9896 | mae=0.0117
        ovr_roc_auc_macro=0.9996 | ovr_pr_auc_macro=0.9994
Epoch 53/60 | Time 0m13s
  Train | loss=0.0045 | top1=99.87% | top2=100.00% | top3=100.00%
  Valid | loss=0.0298 | top1=98.63% | top2=100.00% | top3=100.00% | acc=98.63% | bal_acc=99.23% | macro_f1=0.9917 | weighted_f1=0.9863 | precision_macro=0.9912 | recall_macro=0.9923 | qwk=0.9879 | mae=0.0137
        ovr_roc_auc_macro=0.9997 | ovr_pr_auc_macro=0.9995
Epoch 54/60 | Time 0m13s
  Train | loss=0.0058 | top1=99.83% | top2=100.00% | top3=100.00%
  Valid | loss=0.0285 | top1=99.22% | top2=100.00% | top3=100.00% | acc=99.22% | bal_acc=99.48% | macro_f1=0.9940 | weighted_f1=0.9922 | precision_macro=0.9932 | recall_macro=0.9948 | qwk=0.9931 | mae=0.0078
        ovr_roc_auc_macro=0.9998 | ovr_pr_auc_macro=0.9997
Epoch 55/60 | Time 0m13s
  Train | loss=0.0064 | top1=99.83% | top2=100.00% | top3=100.00%
  Valid | loss=0.0306 | top1=98.63% | top2=100.00% | top3=100.00% | acc=98.63% | bal_acc=99.19% | macro_f1=0.9905 | weighted_f1=0.9863 | precision_macro=0.9891 | recall_macro=0.9919 | qwk=0.9879 | mae=0.0137
        ovr_roc_auc_macro=0.9998 | ovr_pr_auc_macro=0.9997
Epoch 56/60 | Time 0m13s
  Train | loss=0.0061 | top1=99.78% | top2=100.00% | top3=100.00%
  Valid | loss=0.0254 | top1=99.22% | top2=100.00% | top3=100.00% | acc=99.22% | bal_acc=99.53% | macro_f1=0.9953 | weighted_f1=0.9922 | precision_macro=0.9953 | recall_macro=0.9953 | qwk=0.9931 | mae=0.0078
        ovr_roc_auc_macro=0.9998 | ovr_pr_auc_macro=0.9997
Epoch 57/60 | Time 0m13s
  Train | loss=0.0048 | top1=99.87% | top2=100.00% | top3=100.00%
  Valid | loss=0.0247 | top1=98.83% | top2=100.00% | top3=100.00% | acc=98.83% | bal_acc=99.29% | macro_f1=0.9916 | weighted_f1=0.9883 | precision_macro=0.9904 | recall_macro=0.9929 | qwk=0.9896 | mae=0.0117
        ovr_roc_auc_macro=0.9998 | ovr_pr_auc_macro=0.9997
Epoch 58/60 | Time 0m13s
  Train | loss=0.0038 | top1=99.89% | top2=100.00% | top3=100.00%
  Valid | loss=0.0243 | top1=99.41% | top2=100.00% | top3=100.00% | acc=99.41% | bal_acc=99.62% | macro_f1=0.9964 | weighted_f1=0.9941 | precision_macro=0.9966 | recall_macro=0.9962 | qwk=0.9948 | mae=0.0059
        ovr_roc_auc_macro=0.9998 | ovr_pr_auc_macro=0.9997
Epoch 59/60 | Time 0m13s
  Train | loss=0.0044 | top1=99.91% | top2=100.00% | top3=100.00%
  Valid | loss=0.0275 | top1=98.63% | top2=100.00% | top3=100.00% | acc=98.63% | bal_acc=98.73% | macro_f1=0.9892 | weighted_f1=0.9863 | precision_macro=0.9912 | recall_macro=0.9873 | qwk=0.9878 | mae=0.0137
        ovr_roc_auc_macro=0.9998 | ovr_pr_auc_macro=0.9997
Epoch 60/60 | Time 0m13s
  Train | loss=0.0042 | top1=99.89% | top2=100.00% | top3=100.00%
  Valid | loss=0.0231 | top1=99.41% | top2=100.00% | top3=100.00% | acc=99.41% | bal_acc=99.62% | macro_f1=0.9964 | weighted_f1=0.9941 | precision_macro=0.9966 | recall_macro=0.9962 | qwk=0.9948 | mae=0.0059
        ovr_roc_auc_macro=0.9999 | ovr_pr_auc_macro=0.9998

[TEST] loss=ce
  Test | loss=0.0442 | top1=98.28% | top2=99.92% | top3=100.00% | acc=98.28% | bal_acc=98.60% | macro_f1=0.9787 | weighted_f1=0.9828 | precision_macro=0.9721 | recall_macro=0.9860 | qwk=0.9807 | mae=0.0188
        ovr_roc_auc_macro=0.9996 | ovr_pr_auc_macro=0.9993

==========================================================================================
Summary CSV saved: /root/autodl-tmp/MedVisionLab/Alzheimer_MRI_Loss/logs/ResNet_layer3+MECS_controlled_mecsb_vb_koa_adni_10seed_20260803_234110_adni_resnet50_plus_mesc_versionb_seed1_20260804_023633_summary.csv
Top results by test_macro_f1:
  ce: macro_f1=0.9787, acc=98.28%, bal_acc=98.60%
Log file saved: /root/autodl-tmp/MedVisionLab/Alzheimer_MRI_Loss/logs/ResNet_layer3+MECS_controlled_mecsb_vb_koa_adni_10seed_20260803_234110_adni_resnet50_plus_mesc_versionb_seed1_20260804_023633.log
==========================================================================================

==========================================================================================
RETURN_CODE: 0
