DATASET: ADNI
METHOD: ResNet50
SEED: 7
SCRIPT: /root/autodl-tmp/MedVisionLab/Alzheimer_MRI_Loss/ResNet_baseline.py
RUN_TAG: controlled_mecsb_vb_koa_adni_10seed_20260803_234110_adni_resnet50_seed7
ALZHEIMER_LOSSES: ce
LOSS: ce
COMMAND: /root/miniconda3/envs/medvision/bin/python -u /root/autodl-tmp/MedVisionLab/Alzheimer_MRI_Loss/ResNet_baseline.py
==========================================================================================
==========================================================================================
Script: ResNet_baseline
Run tag: controlled_mecsb_vb_koa_adni_10seed_20260803_234110_adni_resnet50_seed7
Module: Baseline | Insert after: none
Device: cuda
CUDA: NVIDIA GeForce RTX 3090
Data root: /root/autodl-tmp/Augmented_Alzheimer_MRI/OriginalDataset
Class order: ['NonDemented', 'VeryMildDemented', 'MildDemented', 'ModerateDemented'] (used for labels/QWK/MAE/ordinal losses)
Config | seed=7, batch_size=32, epochs=60, num_workers=2, image_size=224, base_lr=0.0001, test_ratio=0.2, val_ratio_within_train=0.1, patience=15
Losses to run: ['ce']
==========================================================================================
Split sizes | train=4608, valid=512, test=1280
Classes (4): ['NonDemented', 'VeryMildDemented', 'MildDemented', 'ModerateDemented']
Train class counts: [2304, 1613, 645, 46]
Valid class counts: [256, 179, 72, 5]
Test class counts : [640, 448, 179, 13]
Loading torchvision ResNet50 pretrained weights once...
Pretrained state keys: 320

##########################################################################################
Starting loss: ce
##########################################################################################
Model params: 23,516,228 | pretrained loaded: 320/320 | feat_dim=2048
Criterion: CrossEntropyLoss
Criterion trainable params: 0
Epoch 01/60 | Time 0m11s
  Train | loss=1.3614 | top1=33.09% | top2=63.52% | top3=83.81%
  Valid | loss=1.3368 | top1=40.62% | top2=77.15% | top3=88.87% | acc=40.62% | bal_acc=22.58% | macro_f1=0.2091 | weighted_f1=0.3725 | precision_macro=0.1958 | recall_macro=0.2258 | qwk=-0.0283 | mae=0.7266
        ovr_roc_auc_macro=0.4662 | ovr_pr_auc_macro=0.2458
  -> best macro_f1 updated to 0.2091 (epoch 1)
Epoch 02/60 | Time 0m11s
  Train | loss=1.2544 | top1=46.18% | top2=84.66% | top3=94.60%
  Valid | loss=1.2186 | top1=49.22% | top2=84.96% | top3=93.95% | acc=49.22% | bal_acc=25.62% | macro_f1=0.2113 | weighted_f1=0.3931 | precision_macro=0.2198 | recall_macro=0.2562 | qwk=0.0329 | mae=0.6426
        ovr_roc_auc_macro=0.5139 | ovr_pr_auc_macro=0.2630
  -> best macro_f1 updated to 0.2113 (epoch 2)
Epoch 03/60 | Time 0m11s
  Train | loss=1.1400 | top1=50.20% | top2=85.00% | top3=98.20%
  Valid | loss=1.1208 | top1=50.78% | top2=84.96% | top3=99.02% | acc=50.78% | bal_acc=25.73% | macro_f1=0.1878 | weighted_f1=0.3632 | precision_macro=0.2694 | recall_macro=0.2573 | qwk=0.0109 | mae=0.6484
        ovr_roc_auc_macro=0.5865 | ovr_pr_auc_macro=0.3022
Epoch 04/60 | Time 0m11s
  Train | loss=1.0595 | top1=50.65% | top2=85.00% | top3=98.98%
  Valid | loss=1.0559 | top1=50.59% | top2=84.96% | top3=99.02% | acc=50.59% | bal_acc=25.46% | macro_f1=0.1781 | weighted_f1=0.3498 | precision_macro=0.2927 | recall_macro=0.2546 | qwk=0.0080 | mae=0.6523
        ovr_roc_auc_macro=0.6554 | ovr_pr_auc_macro=0.3374
Epoch 05/60 | Time 0m11s
  Train | loss=1.0098 | top1=51.39% | top2=85.00% | top3=99.00%
  Valid | loss=1.0032 | top1=50.39% | top2=84.96% | top3=99.02% | acc=50.39% | bal_acc=26.08% | macro_f1=0.2110 | weighted_f1=0.3946 | precision_macro=0.2298 | recall_macro=0.2608 | qwk=0.0512 | mae=0.6328
        ovr_roc_auc_macro=0.6929 | ovr_pr_auc_macro=0.3683
Epoch 06/60 | Time 0m11s
  Train | loss=0.9627 | top1=53.52% | top2=85.00% | top3=99.00%
  Valid | loss=0.9559 | top1=52.54% | top2=84.96% | top3=99.02% | acc=52.54% | bal_acc=28.33% | macro_f1=0.2517 | weighted_f1=0.4538 | precision_macro=0.2434 | recall_macro=0.2833 | qwk=0.1734 | mae=0.5703
        ovr_roc_auc_macro=0.7327 | ovr_pr_auc_macro=0.3890
  -> best macro_f1 updated to 0.2517 (epoch 6)
Epoch 07/60 | Time 0m11s
  Train | loss=0.9181 | top1=56.08% | top2=85.07% | top3=99.00%
  Valid | loss=0.9113 | top1=55.86% | top2=85.16% | top3=99.02% | acc=55.86% | bal_acc=31.16% | macro_f1=0.2850 | weighted_f1=0.5041 | precision_macro=0.2656 | recall_macro=0.3116 | qwk=0.2778 | mae=0.5078
        ovr_roc_auc_macro=0.7570 | ovr_pr_auc_macro=0.4036
  -> best macro_f1 updated to 0.2850 (epoch 7)
Epoch 08/60 | Time 0m11s
  Train | loss=0.8905 | top1=56.84% | top2=85.18% | top3=99.00%
  Valid | loss=0.8902 | top1=58.59% | top2=85.55% | top3=99.02% | acc=58.59% | bal_acc=34.34% | macro_f1=0.3140 | weighted_f1=0.5463 | precision_macro=0.2948 | recall_macro=0.3434 | qwk=0.3992 | mae=0.4434
        ovr_roc_auc_macro=0.7779 | ovr_pr_auc_macro=0.4179
  -> best macro_f1 updated to 0.3140 (epoch 8)
Epoch 09/60 | Time 0m11s
  Train | loss=0.8584 | top1=58.94% | top2=86.41% | top3=99.00%
  Valid | loss=0.8621 | top1=58.59% | top2=86.72% | top3=99.02% | acc=58.59% | bal_acc=33.83% | macro_f1=0.3105 | weighted_f1=0.5426 | precision_macro=0.2882 | recall_macro=0.3383 | qwk=0.3841 | mae=0.4512
        ovr_roc_auc_macro=0.7919 | ovr_pr_auc_macro=0.4872
Epoch 10/60 | Time 0m11s
  Train | loss=0.8431 | top1=59.01% | top2=87.15% | top3=99.00%
  Valid | loss=0.8463 | top1=59.18% | top2=88.28% | top3=99.02% | acc=59.18% | bal_acc=34.84% | macro_f1=0.3180 | weighted_f1=0.5527 | precision_macro=0.3003 | recall_macro=0.3484 | qwk=0.4163 | mae=0.4336
        ovr_roc_auc_macro=0.8069 | ovr_pr_auc_macro=0.4691
  -> best macro_f1 updated to 0.3180 (epoch 10)
Epoch 11/60 | Time 0m11s
  Train | loss=0.8233 | top1=60.20% | top2=87.54% | top3=99.00%
  Valid | loss=0.8224 | top1=60.35% | top2=88.67% | top3=99.02% | acc=60.35% | bal_acc=35.97% | macro_f1=0.3315 | weighted_f1=0.5669 | precision_macro=0.5592 | recall_macro=0.3597 | qwk=0.4421 | mae=0.4180
        ovr_roc_auc_macro=0.8236 | ovr_pr_auc_macro=0.5096
  -> best macro_f1 updated to 0.3315 (epoch 11)
Epoch 12/60 | Time 0m11s
  Train | loss=0.8013 | top1=61.39% | top2=88.56% | top3=99.00%
  Valid | loss=0.7944 | top1=61.33% | top2=89.45% | top3=99.02% | acc=61.33% | bal_acc=36.25% | macro_f1=0.3397 | weighted_f1=0.5758 | precision_macro=0.5554 | recall_macro=0.3625 | qwk=0.4535 | mae=0.4121
        ovr_roc_auc_macro=0.8396 | ovr_pr_auc_macro=0.5874
  -> best macro_f1 updated to 0.3397 (epoch 12)
Epoch 13/60 | Time 0m11s
  Train | loss=0.7754 | top1=63.22% | top2=89.58% | top3=99.00%
  Valid | loss=0.7664 | top1=62.89% | top2=90.82% | top3=99.02% | acc=62.89% | bal_acc=40.27% | macro_f1=0.4109 | weighted_f1=0.6156 | precision_macro=0.4912 | recall_macro=0.4027 | qwk=0.5289 | mae=0.3906
        ovr_roc_auc_macro=0.8535 | ovr_pr_auc_macro=0.5359
  -> best macro_f1 updated to 0.4109 (epoch 13)
Epoch 14/60 | Time 0m11s
  Train | loss=0.7512 | top1=64.84% | top2=90.28% | top3=99.00%
  Valid | loss=0.7512 | top1=66.80% | top2=91.60% | top3=99.02% | acc=66.80% | bal_acc=43.26% | macro_f1=0.4425 | weighted_f1=0.6521 | precision_macro=0.4861 | recall_macro=0.4326 | qwk=0.5599 | mae=0.3633
        ovr_roc_auc_macro=0.8658 | ovr_pr_auc_macro=0.6331
  -> best macro_f1 updated to 0.4425 (epoch 14)
Epoch 15/60 | Time 0m11s
  Train | loss=0.7206 | top1=67.64% | top2=90.89% | top3=99.00%
  Valid | loss=0.7248 | top1=66.02% | top2=92.19% | top3=99.02% | acc=66.02% | bal_acc=45.66% | macro_f1=0.4637 | weighted_f1=0.6575 | precision_macro=0.4814 | recall_macro=0.4566 | qwk=0.6073 | mae=0.3574
        ovr_roc_auc_macro=0.8729 | ovr_pr_auc_macro=0.6086
  -> best macro_f1 updated to 0.4637 (epoch 15)
Epoch 16/60 | Time 0m11s
  Train | loss=0.6725 | top1=70.27% | top2=91.88% | top3=99.00%
  Valid | loss=0.6973 | top1=70.51% | top2=93.36% | top3=99.02% | acc=70.51% | bal_acc=48.90% | macro_f1=0.4940 | weighted_f1=0.6934 | precision_macro=0.5046 | recall_macro=0.4890 | qwk=0.6571 | mae=0.3184
        ovr_roc_auc_macro=0.8916 | ovr_pr_auc_macro=0.6518
  -> best macro_f1 updated to 0.4940 (epoch 16)
Epoch 17/60 | Time 0m11s
  Train | loss=0.6380 | top1=72.20% | top2=93.14% | top3=99.00%
  Valid | loss=0.6629 | top1=72.85% | top2=94.14% | top3=99.02% | acc=72.85% | bal_acc=53.36% | macro_f1=0.5242 | weighted_f1=0.7267 | precision_macro=0.5164 | recall_macro=0.5336 | qwk=0.6916 | mae=0.2949
        ovr_roc_auc_macro=0.9007 | ovr_pr_auc_macro=0.6746
  -> best macro_f1 updated to 0.5242 (epoch 17)
Epoch 18/60 | Time 0m11s
  Train | loss=0.5992 | top1=75.15% | top2=93.51% | top3=99.00%
  Valid | loss=0.6120 | top1=73.44% | top2=95.31% | top3=99.02% | acc=73.44% | bal_acc=54.15% | macro_f1=0.5318 | weighted_f1=0.7318 | precision_macro=0.5237 | recall_macro=0.5415 | qwk=0.6974 | mae=0.2891
        ovr_roc_auc_macro=0.9145 | ovr_pr_auc_macro=0.7540
  -> best macro_f1 updated to 0.5318 (epoch 18)
Epoch 19/60 | Time 0m11s
  Train | loss=0.5459 | top1=77.15% | top2=94.49% | top3=99.11%
  Valid | loss=0.6022 | top1=75.59% | top2=94.53% | top3=99.41% | acc=75.59% | bal_acc=54.23% | macro_f1=0.5406 | weighted_f1=0.7480 | precision_macro=0.5414 | recall_macro=0.5423 | qwk=0.7344 | mae=0.2598
        ovr_roc_auc_macro=0.9194 | ovr_pr_auc_macro=0.8052
  -> best macro_f1 updated to 0.5406 (epoch 19)
Epoch 20/60 | Time 0m11s
  Train | loss=0.4965 | top1=80.03% | top2=95.33% | top3=99.39%
  Valid | loss=0.5507 | top1=75.98% | top2=94.92% | top3=99.61% | acc=75.98% | bal_acc=55.76% | macro_f1=0.5490 | weighted_f1=0.7557 | precision_macro=0.5424 | recall_macro=0.5576 | qwk=0.7210 | mae=0.2637
        ovr_roc_auc_macro=0.9322 | ovr_pr_auc_macro=0.8204
  -> best macro_f1 updated to 0.5490 (epoch 20)
Epoch 21/60 | Time 0m11s
  Train | loss=0.4556 | top1=81.47% | top2=95.92% | top3=99.74%
  Valid | loss=0.5029 | top1=78.52% | top2=95.90% | top3=99.80% | acc=78.52% | bal_acc=57.16% | macro_f1=0.5697 | weighted_f1=0.7826 | precision_macro=0.5693 | recall_macro=0.5716 | qwk=0.7473 | mae=0.2324
        ovr_roc_auc_macro=0.9425 | ovr_pr_auc_macro=0.7825
  -> best macro_f1 updated to 0.5697 (epoch 21)
Epoch 22/60 | Time 0m11s
  Train | loss=0.3943 | top1=84.94% | top2=97.07% | top3=99.85%
  Valid | loss=0.4729 | top1=80.47% | top2=96.29% | top3=99.80% | acc=80.47% | bal_acc=59.76% | macro_f1=0.5924 | weighted_f1=0.8012 | precision_macro=0.5874 | recall_macro=0.5976 | qwk=0.7713 | mae=0.2129
        ovr_roc_auc_macro=0.9492 | ovr_pr_auc_macro=0.8247
  -> best macro_f1 updated to 0.5924 (epoch 22)
Epoch 23/60 | Time 0m11s
  Train | loss=0.3643 | top1=85.66% | top2=97.74% | top3=99.87%
  Valid | loss=0.4450 | top1=81.84% | top2=97.66% | top3=100.00% | acc=81.84% | bal_acc=60.98% | macro_f1=0.6029 | weighted_f1=0.8135 | precision_macro=0.5977 | recall_macro=0.6098 | qwk=0.7829 | mae=0.2012
        ovr_roc_auc_macro=0.9552 | ovr_pr_auc_macro=0.8247
  -> best macro_f1 updated to 0.6029 (epoch 23)
Epoch 24/60 | Time 0m11s
  Train | loss=0.3081 | top1=87.87% | top2=98.50% | top3=99.89%
  Valid | loss=0.4226 | top1=83.40% | top2=97.85% | top3=100.00% | acc=83.40% | bal_acc=62.35% | macro_f1=0.6179 | weighted_f1=0.8298 | precision_macro=0.6126 | recall_macro=0.6235 | qwk=0.8104 | mae=0.1797
        ovr_roc_auc_macro=0.9609 | ovr_pr_auc_macro=0.8667
  -> best macro_f1 updated to 0.6179 (epoch 24)
Epoch 25/60 | Time 0m11s
  Train | loss=0.2935 | top1=88.93% | top2=98.31% | top3=99.91%
  Valid | loss=0.3971 | top1=83.40% | top2=98.24% | top3=100.00% | acc=83.40% | bal_acc=62.72% | macro_f1=0.6196 | weighted_f1=0.8305 | precision_macro=0.6126 | recall_macro=0.6272 | qwk=0.8207 | mae=0.1758
        ovr_roc_auc_macro=0.9644 | ovr_pr_auc_macro=0.8741
  -> best macro_f1 updated to 0.6196 (epoch 25)
Epoch 26/60 | Time 0m11s
  Train | loss=0.2545 | top1=89.82% | top2=98.91% | top3=100.00%
  Valid | loss=0.3731 | top1=84.96% | top2=98.05% | top3=100.00% | acc=84.96% | bal_acc=64.29% | macro_f1=0.6303 | weighted_f1=0.8460 | precision_macro=0.6198 | recall_macro=0.6429 | qwk=0.8328 | mae=0.1621
        ovr_roc_auc_macro=0.9692 | ovr_pr_auc_macro=0.8787
  -> best macro_f1 updated to 0.6303 (epoch 26)
Epoch 27/60 | Time 0m11s
  Train | loss=0.2247 | top1=91.51% | top2=98.72% | top3=99.91%
  Valid | loss=0.3283 | top1=88.09% | top2=98.83% | top3=100.00% | acc=88.09% | bal_acc=70.93% | macro_f1=0.7379 | weighted_f1=0.8783 | precision_macro=0.9005 | recall_macro=0.7093 | qwk=0.8656 | mae=0.1289
        ovr_roc_auc_macro=0.9752 | ovr_pr_auc_macro=0.9074
  -> best macro_f1 updated to 0.7379 (epoch 27)
Epoch 28/60 | Time 0m11s
  Train | loss=0.2136 | top1=91.86% | top2=99.13% | top3=99.96%
  Valid | loss=0.3258 | top1=87.50% | top2=98.44% | top3=99.80% | acc=87.50% | bal_acc=71.76% | macro_f1=0.7331 | weighted_f1=0.8731 | precision_macro=0.8881 | recall_macro=0.7176 | qwk=0.8449 | mae=0.1426
        ovr_roc_auc_macro=0.9779 | ovr_pr_auc_macro=0.9180
Epoch 29/60 | Time 0m11s
  Train | loss=0.1932 | top1=92.56% | top2=99.28% | top3=99.98%
  Valid | loss=0.3116 | top1=88.67% | top2=98.44% | top3=99.80% | acc=88.67% | bal_acc=71.30% | macro_f1=0.7444 | weighted_f1=0.8841 | precision_macro=0.9094 | recall_macro=0.7130 | qwk=0.8752 | mae=0.1211
        ovr_roc_auc_macro=0.9776 | ovr_pr_auc_macro=0.9140
  -> best macro_f1 updated to 0.7444 (epoch 29)
Epoch 30/60 | Time 0m11s
  Train | loss=0.1740 | top1=93.58% | top2=99.44% | top3=100.00%
  Valid | loss=0.2815 | top1=89.84% | top2=98.24% | top3=100.00% | acc=89.84% | bal_acc=77.00% | macro_f1=0.8145 | weighted_f1=0.8967 | precision_macro=0.9242 | recall_macro=0.7700 | qwk=0.8921 | mae=0.1074
        ovr_roc_auc_macro=0.9810 | ovr_pr_auc_macro=0.8951
  -> best macro_f1 updated to 0.8145 (epoch 30)
Epoch 31/60 | Time 0m11s
  Train | loss=0.1523 | top1=94.62% | top2=99.52% | top3=99.98%
  Valid | loss=0.2812 | top1=89.65% | top2=98.05% | top3=100.00% | acc=89.65% | bal_acc=77.19% | macro_f1=0.8126 | weighted_f1=0.8950 | precision_macro=0.9182 | recall_macro=0.7719 | qwk=0.8909 | mae=0.1094
        ovr_roc_auc_macro=0.9821 | ovr_pr_auc_macro=0.9333
Epoch 32/60 | Time 0m11s
  Train | loss=0.1415 | top1=94.92% | top2=99.57% | top3=99.98%
  Valid | loss=0.2781 | top1=90.43% | top2=98.24% | top3=100.00% | acc=90.43% | bal_acc=77.71% | macro_f1=0.8181 | weighted_f1=0.9029 | precision_macro=0.9240 | recall_macro=0.7771 | qwk=0.8822 | mae=0.1074
        ovr_roc_auc_macro=0.9821 | ovr_pr_auc_macro=0.9138
  -> best macro_f1 updated to 0.8181 (epoch 32)
Epoch 33/60 | Time 0m11s
  Train | loss=0.1405 | top1=94.64% | top2=99.54% | top3=100.00%
  Valid | loss=0.2670 | top1=89.84% | top2=99.22% | top3=100.00% | acc=89.84% | bal_acc=77.75% | macro_f1=0.8146 | weighted_f1=0.8969 | precision_macro=0.9177 | recall_macro=0.7775 | qwk=0.8835 | mae=0.1113
        ovr_roc_auc_macro=0.9838 | ovr_pr_auc_macro=0.8902
Epoch 34/60 | Time 0m11s
  Train | loss=0.1286 | top1=95.42% | top2=99.72% | top3=100.00%
  Valid | loss=0.2508 | top1=90.23% | top2=98.83% | top3=100.00% | acc=90.23% | bal_acc=77.94% | macro_f1=0.8189 | weighted_f1=0.9007 | precision_macro=0.9241 | recall_macro=0.7794 | qwk=0.8918 | mae=0.1055
        ovr_roc_auc_macro=0.9860 | ovr_pr_auc_macro=0.9347
  -> best macro_f1 updated to 0.8189 (epoch 34)
Epoch 35/60 | Time 0m11s
  Train | loss=0.1090 | top1=96.38% | top2=99.61% | top3=100.00%
  Valid | loss=0.2236 | top1=92.19% | top2=98.83% | top3=100.00% | acc=92.19% | bal_acc=79.55% | macro_f1=0.8346 | weighted_f1=0.9206 | precision_macro=0.9383 | recall_macro=0.7955 | qwk=0.9138 | mae=0.0840
        ovr_roc_auc_macro=0.9882 | ovr_pr_auc_macro=0.9370
  -> best macro_f1 updated to 0.8346 (epoch 35)
Epoch 36/60 | Time 0m11s
  Train | loss=0.0970 | top1=96.66% | top2=99.76% | top3=100.00%
  Valid | loss=0.2348 | top1=91.21% | top2=98.83% | top3=100.00% | acc=91.21% | bal_acc=83.42% | macro_f1=0.8710 | weighted_f1=0.9111 | precision_macro=0.9341 | recall_macro=0.8342 | qwk=0.9009 | mae=0.0957
        ovr_roc_auc_macro=0.9878 | ovr_pr_auc_macro=0.9454
  -> best macro_f1 updated to 0.8710 (epoch 36)
Epoch 37/60 | Time 0m11s
  Train | loss=0.1039 | top1=96.59% | top2=99.72% | top3=99.98%
  Valid | loss=0.2318 | top1=91.41% | top2=98.83% | top3=100.00% | acc=91.41% | bal_acc=83.85% | macro_f1=0.8740 | weighted_f1=0.9137 | precision_macro=0.9344 | recall_macro=0.8385 | qwk=0.9016 | mae=0.0938
        ovr_roc_auc_macro=0.9869 | ovr_pr_auc_macro=0.9318
  -> best macro_f1 updated to 0.8740 (epoch 37)
Epoch 38/60 | Time 0m11s
  Train | loss=0.0946 | top1=96.70% | top2=99.74% | top3=99.98%
  Valid | loss=0.2074 | top1=92.58% | top2=99.02% | top3=100.00% | acc=92.58% | bal_acc=84.73% | macro_f1=0.8823 | weighted_f1=0.9253 | precision_macro=0.9424 | recall_macro=0.8473 | qwk=0.9125 | mae=0.0820
        ovr_roc_auc_macro=0.9893 | ovr_pr_auc_macro=0.9455
  -> best macro_f1 updated to 0.8823 (epoch 38)
Epoch 39/60 | Time 0m11s
  Train | loss=0.0862 | top1=97.01% | top2=99.89% | top3=100.00%
  Valid | loss=0.2101 | top1=92.77% | top2=98.83% | top3=99.80% | acc=92.77% | bal_acc=84.87% | macro_f1=0.8821 | weighted_f1=0.9270 | precision_macro=0.9422 | recall_macro=0.8487 | qwk=0.9154 | mae=0.0801
        ovr_roc_auc_macro=0.9897 | ovr_pr_auc_macro=0.9366
Epoch 40/60 | Time 0m11s
  Train | loss=0.0773 | top1=97.37% | top2=99.91% | top3=100.00%
  Valid | loss=0.2193 | top1=92.38% | top2=99.02% | top3=100.00% | acc=92.38% | bal_acc=84.34% | macro_f1=0.8593 | weighted_f1=0.9234 | precision_macro=0.8796 | recall_macro=0.8434 | qwk=0.9166 | mae=0.0820
        ovr_roc_auc_macro=0.9880 | ovr_pr_auc_macro=0.9266
Epoch 41/60 | Time 0m11s
  Train | loss=0.0871 | top1=96.81% | top2=99.83% | top3=100.00%
  Valid | loss=0.2123 | top1=92.77% | top2=98.83% | top3=99.80% | acc=92.77% | bal_acc=89.60% | macro_f1=0.9184 | weighted_f1=0.9274 | precision_macro=0.9469 | recall_macro=0.8960 | qwk=0.9151 | mae=0.0801
        ovr_roc_auc_macro=0.9900 | ovr_pr_auc_macro=0.9484
  -> best macro_f1 updated to 0.9184 (epoch 41)
Epoch 42/60 | Time 0m11s
  Train | loss=0.0750 | top1=97.66% | top2=99.85% | top3=100.00%
  Valid | loss=0.2148 | top1=93.16% | top2=99.02% | top3=100.00% | acc=93.16% | bal_acc=85.15% | macro_f1=0.8867 | weighted_f1=0.9309 | precision_macro=0.9478 | recall_macro=0.8515 | qwk=0.9236 | mae=0.0742
        ovr_roc_auc_macro=0.9887 | ovr_pr_auc_macro=0.9336
Epoch 43/60 | Time 0m11s
  Train | loss=0.0786 | top1=97.44% | top2=99.85% | top3=100.00%
  Valid | loss=0.2035 | top1=93.36% | top2=98.63% | top3=100.00% | acc=93.36% | bal_acc=90.15% | macro_f1=0.9254 | weighted_f1=0.9332 | precision_macro=0.9557 | recall_macro=0.9015 | qwk=0.9254 | mae=0.0723
        ovr_roc_auc_macro=0.9901 | ovr_pr_auc_macro=0.9462
  -> best macro_f1 updated to 0.9254 (epoch 43)
Epoch 44/60 | Time 0m11s
  Train | loss=0.0675 | top1=97.63% | top2=99.87% | top3=100.00%
  Valid | loss=0.1919 | top1=93.55% | top2=98.63% | top3=100.00% | acc=93.55% | bal_acc=85.43% | macro_f1=0.8915 | weighted_f1=0.9349 | precision_macro=0.9543 | recall_macro=0.8543 | qwk=0.9266 | mae=0.0703
        ovr_roc_auc_macro=0.9905 | ovr_pr_auc_macro=0.9450
Epoch 45/60 | Time 0m11s
  Train | loss=0.0670 | top1=97.72% | top2=99.96% | top3=100.00%
  Valid | loss=0.1841 | top1=93.95% | top2=99.02% | top3=100.00% | acc=93.95% | bal_acc=85.71% | macro_f1=0.8939 | weighted_f1=0.9389 | precision_macro=0.9562 | recall_macro=0.8571 | qwk=0.9300 | mae=0.0664
        ovr_roc_auc_macro=0.9910 | ovr_pr_auc_macro=0.9452
Epoch 46/60 | Time 0m11s
  Train | loss=0.0552 | top1=98.39% | top2=99.89% | top3=99.98%
  Valid | loss=0.1918 | top1=93.16% | top2=99.02% | top3=100.00% | acc=93.16% | bal_acc=89.80% | macro_f1=0.9207 | weighted_f1=0.9312 | precision_macro=0.9498 | recall_macro=0.8980 | qwk=0.9187 | mae=0.0762
        ovr_roc_auc_macro=0.9908 | ovr_pr_auc_macro=0.9459
Epoch 47/60 | Time 0m11s
  Train | loss=0.0633 | top1=97.53% | top2=99.80% | top3=100.00%
  Valid | loss=0.1878 | top1=93.55% | top2=99.02% | top3=100.00% | acc=93.55% | bal_acc=90.41% | macro_f1=0.9235 | weighted_f1=0.9354 | precision_macro=0.9487 | recall_macro=0.9041 | qwk=0.9222 | mae=0.0723
        ovr_roc_auc_macro=0.9902 | ovr_pr_auc_macro=0.9443
Epoch 48/60 | Time 0m11s
  Train | loss=0.0614 | top1=98.11% | top2=99.91% | top3=100.00%
  Valid | loss=0.1824 | top1=94.14% | top2=99.02% | top3=100.00% | acc=94.14% | bal_acc=90.50% | macro_f1=0.9290 | weighted_f1=0.9412 | precision_macro=0.9589 | recall_macro=0.9050 | qwk=0.9320 | mae=0.0645
        ovr_roc_auc_macro=0.9911 | ovr_pr_auc_macro=0.9465
  -> best macro_f1 updated to 0.9290 (epoch 48)
Epoch 49/60 | Time 0m11s
  Train | loss=0.0516 | top1=98.42% | top2=99.98% | top3=100.00%
  Valid | loss=0.1793 | top1=93.55% | top2=98.83% | top3=100.00% | acc=93.55% | bal_acc=90.20% | macro_f1=0.9222 | weighted_f1=0.9354 | precision_macro=0.9481 | recall_macro=0.9020 | qwk=0.9220 | mae=0.0723
        ovr_roc_auc_macro=0.9915 | ovr_pr_auc_macro=0.9465
Epoch 50/60 | Time 0m11s
  Train | loss=0.0510 | top1=98.46% | top2=99.96% | top3=100.00%
  Valid | loss=0.1817 | top1=93.75% | top2=99.02% | top3=100.00% | acc=93.75% | bal_acc=90.43% | macro_f1=0.9257 | weighted_f1=0.9372 | precision_macro=0.9533 | recall_macro=0.9043 | qwk=0.9240 | mae=0.0703
        ovr_roc_auc_macro=0.9917 | ovr_pr_auc_macro=0.9469
Epoch 51/60 | Time 0m11s
  Train | loss=0.0514 | top1=98.33% | top2=99.96% | top3=100.00%
  Valid | loss=0.1849 | top1=93.36% | top2=99.02% | top3=100.00% | acc=93.36% | bal_acc=90.23% | macro_f1=0.9245 | weighted_f1=0.9333 | precision_macro=0.9527 | recall_macro=0.9023 | qwk=0.9203 | mae=0.0742
        ovr_roc_auc_macro=0.9915 | ovr_pr_auc_macro=0.9486
Epoch 52/60 | Time 0m11s
  Train | loss=0.0560 | top1=98.22% | top2=99.91% | top3=100.00%
  Valid | loss=0.1843 | top1=93.95% | top2=98.83% | top3=100.00% | acc=93.95% | bal_acc=90.48% | macro_f1=0.9289 | weighted_f1=0.9391 | precision_macro=0.9596 | recall_macro=0.9048 | qwk=0.9307 | mae=0.0664
        ovr_roc_auc_macro=0.9915 | ovr_pr_auc_macro=0.9471
Epoch 53/60 | Time 0m11s
  Train | loss=0.0461 | top1=98.65% | top2=99.96% | top3=100.00%
  Valid | loss=0.1689 | top1=94.53% | top2=99.02% | top3=100.00% | acc=94.53% | bal_acc=90.90% | macro_f1=0.9326 | weighted_f1=0.9450 | precision_macro=0.9624 | recall_macro=0.9090 | qwk=0.9358 | mae=0.0605
        ovr_roc_auc_macro=0.9922 | ovr_pr_auc_macro=0.9486
  -> best macro_f1 updated to 0.9326 (epoch 53)
Epoch 54/60 | Time 0m11s
  Train | loss=0.0619 | top1=97.70% | top2=99.85% | top3=100.00%
  Valid | loss=0.1743 | top1=94.34% | top2=99.02% | top3=100.00% | acc=94.34% | bal_acc=90.89% | macro_f1=0.9316 | weighted_f1=0.9432 | precision_macro=0.9599 | recall_macro=0.9089 | qwk=0.9338 | mae=0.0625
        ovr_roc_auc_macro=0.9920 | ovr_pr_auc_macro=0.9487
Epoch 55/60 | Time 0m11s
  Train | loss=0.0469 | top1=98.52% | top2=99.91% | top3=100.00%
  Valid | loss=0.1957 | top1=93.36% | top2=98.83% | top3=100.00% | acc=93.36% | bal_acc=90.06% | macro_f1=0.9252 | weighted_f1=0.9331 | precision_macro=0.9569 | recall_macro=0.9006 | qwk=0.9256 | mae=0.0723
        ovr_roc_auc_macro=0.9916 | ovr_pr_auc_macro=0.9485
Epoch 56/60 | Time 0m11s
  Train | loss=0.0472 | top1=98.48% | top2=99.96% | top3=100.00%
  Valid | loss=0.1722 | top1=94.34% | top2=99.02% | top3=100.00% | acc=94.34% | bal_acc=91.01% | macro_f1=0.9317 | weighted_f1=0.9431 | precision_macro=0.9597 | recall_macro=0.9101 | qwk=0.9292 | mae=0.0645
        ovr_roc_auc_macro=0.9923 | ovr_pr_auc_macro=0.9496
Epoch 57/60 | Time 0m11s
  Train | loss=0.0539 | top1=98.24% | top2=99.93% | top3=100.00%
  Valid | loss=0.1774 | top1=93.95% | top2=99.02% | top3=100.00% | acc=93.95% | bal_acc=90.48% | macro_f1=0.9289 | weighted_f1=0.9391 | precision_macro=0.9596 | recall_macro=0.9048 | qwk=0.9307 | mae=0.0664
        ovr_roc_auc_macro=0.9924 | ovr_pr_auc_macro=0.9502
Epoch 58/60 | Time 0m11s
  Train | loss=0.0465 | top1=98.39% | top2=99.98% | top3=100.00%
  Valid | loss=0.1731 | top1=94.53% | top2=98.83% | top3=100.00% | acc=94.53% | bal_acc=91.03% | macro_f1=0.9306 | weighted_f1=0.9452 | precision_macro=0.9567 | recall_macro=0.9103 | qwk=0.9307 | mae=0.0625
        ovr_roc_auc_macro=0.9925 | ovr_pr_auc_macro=0.9504
Epoch 59/60 | Time 0m11s
  Train | loss=0.0498 | top1=98.42% | top2=99.89% | top3=100.00%
  Valid | loss=0.1704 | top1=94.34% | top2=99.02% | top3=100.00% | acc=94.34% | bal_acc=90.76% | macro_f1=0.9314 | weighted_f1=0.9431 | precision_macro=0.9614 | recall_macro=0.9076 | qwk=0.9341 | mae=0.0625
        ovr_roc_auc_macro=0.9926 | ovr_pr_auc_macro=0.9511
Epoch 60/60 | Time 0m11s
  Train | loss=0.0520 | top1=98.35% | top2=99.91% | top3=100.00%
  Valid | loss=0.1683 | top1=94.34% | top2=98.83% | top3=100.00% | acc=94.34% | bal_acc=90.80% | macro_f1=0.9293 | weighted_f1=0.9431 | precision_macro=0.9567 | recall_macro=0.9080 | qwk=0.9291 | mae=0.0645
        ovr_roc_auc_macro=0.9926 | ovr_pr_auc_macro=0.9505

[TEST] loss=ce
  Test | loss=0.1545 | top1=94.92% | top2=99.53% | top3=100.00% | acc=94.92% | bal_acc=93.31% | macro_f1=0.9279 | weighted_f1=0.9492 | precision_macro=0.9237 | recall_macro=0.9331 | qwk=0.9401 | mae=0.0562
        ovr_roc_auc_macro=0.9938 | ovr_pr_auc_macro=0.9803

==========================================================================================
Summary CSV saved: /root/autodl-tmp/MedVisionLab/Alzheimer_MRI_Loss/logs/ResNet_baseline_controlled_mecsb_vb_koa_adni_10seed_20260803_234110_adni_resnet50_seed7_20260804_102908_summary.csv
Top results by test_macro_f1:
  ce: macro_f1=0.9279, acc=94.92%, bal_acc=93.31%
Log file saved: /root/autodl-tmp/MedVisionLab/Alzheimer_MRI_Loss/logs/ResNet_baseline_controlled_mecsb_vb_koa_adni_10seed_20260803_234110_adni_resnet50_seed7_20260804_102908.log
==========================================================================================

==========================================================================================
RETURN_CODE: 0
