DATASET: KOA
METHOD: ResNet50 + DAST
SEED: 9
SCRIPT: /root/autodl-tmp/MedVisionLab/Knee/ResNet_baseline+Loss4.py
RUN_TAG: controlled_mecsb_vb_koa_adni_10seed_20260803_234110_koa_resnet50_plus_dast_seed9
DAST_TAU: 1.0
DAST_GAMMA: 1.5
COMMAND: /root/miniconda3/envs/medvision/bin/python -u /root/autodl-tmp/MedVisionLab/Knee/ResNet_baseline+Loss4.py
==========================================================================================
Starting Knee Osteoarthritis ResNet50 Baseline...
Using device: cuda
CUDA device: NVIDIA GeForce RTX 3090
Run tag: controlled_mecsb_vb_koa_adni_10seed_20260803_234110_koa_resnet50_plus_dast_seed9
Data root: /root/autodl-tmp/Knee_Osteoarthritis
Config | seed=9, img_size=224, batch_size=32, epochs=60, num_workers=2, lr_backbone=0.0001, lr_head=0.001, weight_decay=0.0001, patience=15, early_delta=0.0001
DAST config | tau=1.0000, gamma=1.5000
Class mapping from folders: {'0': 0, '1': 1, '2': 2, '3': 3, '4': 4}

Train samples: 5778
Train class distribution:
  0_Normal: 2286
  1_Doubtful: 1046
  2_Mild: 1516
  3_Moderate: 757
  4_Severe: 173

Valid samples: 826
Valid class distribution:
  0_Normal: 328
  1_Doubtful: 153
  2_Mild: 212
  3_Moderate: 106
  4_Severe: 27

Test samples: 1656
Test class distribution:
  0_Normal: 639
  1_Doubtful: 296
  2_Mild: 447
  3_Moderate: 223
  4_Severe: 51

AutoTest samples: 1526
AutoTest class distribution:
  0_Normal: 604
  1_Doubtful: 275
  2_Mild: 403
  3_Moderate: 200
  4_Severe: 44

Split sizes | train=5778, valid=826, test=1656, auto_test=1526
Loading pretrained ResNet50...
Trainable parameters: 23,518,277

[INFO] Class counts in training set: [2286 1046 1516  757  173]

[INFO] Using Distance-Aware Soft Target Loss (DAST)
       - Feature: Clinically-aware ordinal grading
       - Behavior: Allows ambiguity for adjacent grades, strongly penalizes far-away mistakes
Starting training...

Epoch 01/60 | Time 0m 14s
  Train | loss=1.0422 | top1=37.38% | top2=60.25% | top3=82.95%
  Valid | loss=1.0179 | top1=39.66% | top2=62.02% | top3=83.29% | acc=39.95% | bal_acc=20.54% | macro_f1=0.1298 | qwk=0.0219 | mae=1.1852 | weighted_f1=0.2432 | precision_macro=0.2027 | recall_macro=0.2054
         ovr_roc_auc_macro=0.6231 | ovr_pr_auc_macro=0.2804
 Initial best model saved to /root/autodl-tmp/MedVisionLab/Knee/checkpoints/best_resnet50_knee_oa_DAST_controlled_mecsb_vb_koa_adni_10seed_20260803_234110_koa_resnet50_plus_dast_seed9.pt (QWK=0.0219)

Epoch 02/60 | Time 0m 14s
  Train | loss=0.9621 | top1=44.39% | top2=67.96% | top3=87.26%
  Valid | loss=0.9133 | top1=48.20% | top2=73.44% | top3=90.94% | acc=48.55% | bal_acc=28.83% | macro_f1=0.2483 | qwk=0.4908 | mae=0.7785 | weighted_f1=0.3910 | precision_macro=0.2617 | recall_macro=0.2883
         ovr_roc_auc_macro=0.7694 | ovr_pr_auc_macro=0.4371
 Validation improved. Saved best model to /root/autodl-tmp/MedVisionLab/Knee/checkpoints/best_resnet50_knee_oa_DAST_controlled_mecsb_vb_koa_adni_10seed_20260803_234110_koa_resnet50_plus_dast_seed9.pt (QWK=0.4908)

Epoch 03/60 | Time 0m 14s
  Train | loss=0.8492 | top1=54.63% | top2=79.89% | top3=95.39%
  Valid | loss=0.8055 | top1=59.34% | top2=83.97% | top3=97.36% | acc=59.69% | bal_acc=45.87% | macro_f1=0.4578 | qwk=0.7056 | mae=0.5375 | weighted_f1=0.5555 | precision_macro=0.5666 | recall_macro=0.4587
         ovr_roc_auc_macro=0.8413 | ovr_pr_auc_macro=0.5743
 Validation improved. Saved best model to /root/autodl-tmp/MedVisionLab/Knee/checkpoints/best_resnet50_knee_oa_DAST_controlled_mecsb_vb_koa_adni_10seed_20260803_234110_koa_resnet50_plus_dast_seed9.pt (QWK=0.7056)

Epoch 04/60 | Time 0m 14s
  Train | loss=0.7865 | top1=61.75% | top2=85.31% | top3=98.00%
  Valid | loss=0.7795 | top1=60.69% | top2=85.83% | top3=97.96% | acc=60.65% | bal_acc=54.82% | macro_f1=0.5818 | qwk=0.7557 | mae=0.4818 | weighted_f1=0.5856 | precision_macro=0.6665 | recall_macro=0.5482
         ovr_roc_auc_macro=0.8562 | ovr_pr_auc_macro=0.6563
 Validation improved. Saved best model to /root/autodl-tmp/MedVisionLab/Knee/checkpoints/best_resnet50_knee_oa_DAST_controlled_mecsb_vb_koa_adni_10seed_20260803_234110_koa_resnet50_plus_dast_seed9.pt (QWK=0.7557)

Epoch 05/60 | Time 0m 14s
  Train | loss=0.7495 | top1=65.41% | top2=88.32% | top3=98.55%
  Valid | loss=0.7521 | top1=63.13% | top2=88.19% | top3=97.96% | acc=63.20% | bal_acc=60.89% | macro_f1=0.6294 | qwk=0.7938 | mae=0.4322 | weighted_f1=0.6342 | precision_macro=0.6853 | recall_macro=0.6089
         ovr_roc_auc_macro=0.8843 | ovr_pr_auc_macro=0.7112
 Validation improved. Saved best model to /root/autodl-tmp/MedVisionLab/Knee/checkpoints/best_resnet50_knee_oa_DAST_controlled_mecsb_vb_koa_adni_10seed_20260803_234110_koa_resnet50_plus_dast_seed9.pt (QWK=0.7938)

Epoch 06/60 | Time 0m 14s
  Train | loss=0.7320 | top1=67.37% | top2=89.40% | top3=98.77%
  Valid | loss=0.8397 | top1=55.96% | top2=80.74% | top3=92.79% | acc=55.81% | bal_acc=60.53% | macro_f1=0.5777 | qwk=0.6939 | mae=0.5860 | weighted_f1=0.5494 | precision_macro=0.5830 | recall_macro=0.6053
         ovr_roc_auc_macro=0.8611 | ovr_pr_auc_macro=0.6775
 No improvement. Bad epochs: 1/15

Epoch 07/60 | Time 0m 14s
  Train | loss=0.7156 | top1=69.39% | top2=90.75% | top3=99.03%
  Valid | loss=0.7524 | top1=65.45% | top2=87.38% | top3=97.24% | acc=65.25% | bal_acc=68.92% | macro_f1=0.6713 | qwk=0.7928 | mae=0.4262 | weighted_f1=0.6491 | precision_macro=0.6591 | recall_macro=0.6892
         ovr_roc_auc_macro=0.8844 | ovr_pr_auc_macro=0.7172
 No improvement. Bad epochs: 2/15

Epoch 08/60 | Time 0m 14s
  Train | loss=0.6953 | top1=72.48% | top2=92.27% | top3=99.29%
  Valid | loss=0.7727 | top1=62.14% | top2=85.82% | top3=98.68% | acc=61.86% | bal_acc=64.27% | macro_f1=0.6136 | qwk=0.7725 | mae=0.4758 | weighted_f1=0.6076 | precision_macro=0.6147 | recall_macro=0.6427
         ovr_roc_auc_macro=0.8770 | ovr_pr_auc_macro=0.7067
 No improvement. Bad epochs: 3/15

Epoch 09/60 | Time 0m 14s
  Train | loss=0.6854 | top1=73.09% | top2=92.90% | top3=99.36%
  Valid | loss=0.7589 | top1=64.52% | top2=88.22% | top3=97.96% | acc=64.41% | bal_acc=63.97% | macro_f1=0.6356 | qwk=0.7720 | mae=0.4552 | weighted_f1=0.6276 | precision_macro=0.6401 | recall_macro=0.6397
         ovr_roc_auc_macro=0.8857 | ovr_pr_auc_macro=0.7082
 No improvement. Bad epochs: 4/15

Epoch 10/60 | Time 0m 14s
  Train | loss=0.6733 | top1=75.24% | top2=93.43% | top3=99.46%
  Valid | loss=0.7628 | top1=64.89% | top2=88.82% | top3=98.44% | acc=64.77% | bal_acc=64.09% | macro_f1=0.6506 | qwk=0.7988 | mae=0.4213 | weighted_f1=0.6437 | precision_macro=0.6708 | recall_macro=0.6409
         ovr_roc_auc_macro=0.8800 | ovr_pr_auc_macro=0.7018
 Validation improved. Saved best model to /root/autodl-tmp/MedVisionLab/Knee/checkpoints/best_resnet50_knee_oa_DAST_controlled_mecsb_vb_koa_adni_10seed_20260803_234110_koa_resnet50_plus_dast_seed9.pt (QWK=0.7988)

Epoch 11/60 | Time 0m 14s
  Train | loss=0.6515 | top1=78.86% | top2=95.06% | top3=99.60%
  Valid | loss=0.7763 | top1=62.90% | top2=86.63% | top3=96.88% | acc=62.71% | bal_acc=68.04% | macro_f1=0.6615 | qwk=0.7863 | mae=0.4419 | weighted_f1=0.6360 | precision_macro=0.6566 | recall_macro=0.6804
         ovr_roc_auc_macro=0.8831 | ovr_pr_auc_macro=0.7113
 No improvement. Bad epochs: 1/15

Epoch 12/60 | Time 0m 14s
  Train | loss=0.6452 | top1=79.30% | top2=95.98% | top3=99.53%
  Valid | loss=0.7851 | top1=64.50% | top2=87.47% | top3=98.44% | acc=64.41% | bal_acc=62.89% | macro_f1=0.6383 | qwk=0.7962 | mae=0.4286 | weighted_f1=0.6365 | precision_macro=0.6589 | recall_macro=0.6289
         ovr_roc_auc_macro=0.8742 | ovr_pr_auc_macro=0.6896
 No improvement. Bad epochs: 2/15

Epoch 13/60 | Time 0m 14s
  Train | loss=0.6321 | top1=80.94% | top2=96.27% | top3=99.76%
  Valid | loss=0.7743 | top1=64.55% | top2=86.90% | top3=98.08% | acc=64.41% | bal_acc=66.69% | macro_f1=0.6647 | qwk=0.7984 | mae=0.4262 | weighted_f1=0.6446 | precision_macro=0.6633 | recall_macro=0.6669
         ovr_roc_auc_macro=0.8696 | ovr_pr_auc_macro=0.6942
 No improvement. Bad epochs: 3/15

Epoch 14/60 | Time 0m 13s
  Train | loss=0.6195 | top1=83.17% | top2=97.00% | top3=99.88%
  Valid | loss=0.7873 | top1=65.93% | top2=88.70% | top3=98.08% | acc=65.74% | bal_acc=66.29% | macro_f1=0.6492 | qwk=0.7908 | mae=0.4310 | weighted_f1=0.6380 | precision_macro=0.6514 | recall_macro=0.6629
         ovr_roc_auc_macro=0.8786 | ovr_pr_auc_macro=0.7114
 No improvement. Bad epochs: 4/15

Epoch 15/60 | Time 0m 14s
  Train | loss=0.6080 | top1=85.19% | top2=97.33% | top3=99.83%
  Valid | loss=0.7789 | top1=64.03% | top2=87.74% | top3=98.08% | acc=63.80% | bal_acc=65.88% | macro_f1=0.6402 | qwk=0.7861 | mae=0.4443 | weighted_f1=0.6329 | precision_macro=0.6388 | recall_macro=0.6588
         ovr_roc_auc_macro=0.8775 | ovr_pr_auc_macro=0.7115
 No improvement. Bad epochs: 5/15

Epoch 16/60 | Time 0m 14s
  Train | loss=0.5972 | top1=87.40% | top2=97.98% | top3=99.86%
  Valid | loss=0.7923 | top1=63.24% | top2=87.68% | top3=97.72% | acc=63.20% | bal_acc=61.24% | macro_f1=0.6492 | qwk=0.7901 | mae=0.4334 | weighted_f1=0.6383 | precision_macro=0.7075 | recall_macro=0.6124
         ovr_roc_auc_macro=0.8734 | ovr_pr_auc_macro=0.7014
 No improvement. Bad epochs: 6/15

Epoch 17/60 | Time 0m 14s
  Train | loss=0.5841 | top1=89.40% | top2=98.65% | top3=99.86%
  Valid | loss=0.7876 | top1=62.00% | top2=87.81% | top3=98.08% | acc=61.86% | bal_acc=63.78% | macro_f1=0.6431 | qwk=0.7879 | mae=0.4492 | weighted_f1=0.6232 | precision_macro=0.6497 | recall_macro=0.6378
         ovr_roc_auc_macro=0.8756 | ovr_pr_auc_macro=0.6978
 No improvement. Bad epochs: 7/15

Epoch 18/60 | Time 0m 14s
  Train | loss=0.5742 | top1=91.09% | top2=98.60% | top3=99.88%
  Valid | loss=0.8228 | top1=59.02% | top2=85.64% | top3=97.48% | acc=58.84% | bal_acc=61.53% | macro_f1=0.6299 | qwk=0.7559 | mae=0.4855 | weighted_f1=0.6013 | precision_macro=0.6607 | recall_macro=0.6153
         ovr_roc_auc_macro=0.8614 | ovr_pr_auc_macro=0.6819
 No improvement. Bad epochs: 8/15

Epoch 19/60 | Time 0m 14s
  Train | loss=0.5654 | top1=91.89% | top2=98.96% | top3=99.93%
  Valid | loss=0.8241 | top1=60.72% | top2=85.23% | top3=96.63% | acc=60.65% | bal_acc=61.06% | macro_f1=0.6300 | qwk=0.7434 | mae=0.4831 | weighted_f1=0.6133 | precision_macro=0.6720 | recall_macro=0.6106
         ovr_roc_auc_macro=0.8705 | ovr_pr_auc_macro=0.6701
 No improvement. Bad epochs: 9/15

Epoch 20/60 | Time 0m 14s
  Train | loss=0.5532 | top1=93.86% | top2=99.40% | top3=99.95%
  Valid | loss=0.8305 | top1=61.88% | top2=87.50% | top3=97.96% | acc=61.74% | bal_acc=62.04% | macro_f1=0.6200 | qwk=0.7681 | mae=0.4782 | weighted_f1=0.6048 | precision_macro=0.6268 | recall_macro=0.6204
         ovr_roc_auc_macro=0.8587 | ovr_pr_auc_macro=0.6727
 No improvement. Bad epochs: 10/15

Epoch 21/60 | Time 0m 14s
  Train | loss=0.5493 | top1=94.19% | top2=99.55% | top3=100.00%
  Valid | loss=0.8099 | top1=61.09% | top2=85.94% | top3=97.24% | acc=60.90% | bal_acc=64.20% | macro_f1=0.6295 | qwk=0.7717 | mae=0.4758 | weighted_f1=0.6100 | precision_macro=0.6208 | recall_macro=0.6420
         ovr_roc_auc_macro=0.8687 | ovr_pr_auc_macro=0.6894
 No improvement. Bad epochs: 11/15

Epoch 22/60 | Time 0m 14s
  Train | loss=0.5427 | top1=95.60% | top2=99.60% | top3=100.00%
  Valid | loss=0.8292 | top1=60.02% | top2=87.56% | top3=96.63% | acc=59.93% | bal_acc=63.76% | macro_f1=0.6445 | qwk=0.7775 | mae=0.4625 | weighted_f1=0.6151 | precision_macro=0.6764 | recall_macro=0.6376
         ovr_roc_auc_macro=0.8681 | ovr_pr_auc_macro=0.6859
 No improvement. Bad epochs: 12/15

Epoch 23/60 | Time 0m 14s
  Train | loss=0.5404 | top1=95.68% | top2=99.50% | top3=99.95%
  Valid | loss=0.8303 | top1=62.06% | top2=84.71% | top3=96.39% | acc=61.86% | bal_acc=64.58% | macro_f1=0.6400 | qwk=0.7421 | mae=0.4855 | weighted_f1=0.6137 | precision_macro=0.6657 | recall_macro=0.6458
         ovr_roc_auc_macro=0.8739 | ovr_pr_auc_macro=0.6859
 No improvement. Bad epochs: 13/15

Epoch 24/60 | Time 0m 14s
  Train | loss=0.5335 | top1=96.77% | top2=99.69% | top3=100.00%
  Valid | loss=0.8086 | top1=62.87% | top2=87.47% | top3=97.00% | acc=62.71% | bal_acc=65.43% | macro_f1=0.6523 | qwk=0.7632 | mae=0.4649 | weighted_f1=0.6281 | precision_macro=0.6516 | recall_macro=0.6543
         ovr_roc_auc_macro=0.8710 | ovr_pr_auc_macro=0.6867
 No improvement. Bad epochs: 14/15

Epoch 25/60 | Time 0m 14s
  Train | loss=0.5284 | top1=96.93% | top2=99.83% | top3=100.00%
  Valid | loss=0.8071 | top1=62.90% | top2=87.83% | top3=97.00% | acc=62.71% | bal_acc=66.01% | macro_f1=0.6565 | qwk=0.7622 | mae=0.4673 | weighted_f1=0.6284 | precision_macro=0.6562 | recall_macro=0.6601
         ovr_roc_auc_macro=0.8702 | ovr_pr_auc_macro=0.6839
 No improvement. Bad epochs: 15/15
Early stopping triggered.
 Training stopped early at epoch 25.

Loading best model and evaluating on test set...
Best validation QWK: 0.7988

Test | loss=0.7485 | top1=66.49% | top2=88.74% | top3=99.34% | acc=66.36% | bal_acc=65.30% | macro_f1=0.6671 | qwk=0.8296 | mae=0.3859 | weighted_f1=0.6582 | precision_macro=0.6964 | recall_macro=0.6530
     ovr_roc_auc_macro=0.8941 | ovr_pr_auc_macro=0.7339

Evaluating on auto_test set...

AutoTest | loss=0.7432 | top1=67.06% | top2=89.36% | top3=99.41% | acc=66.91% | bal_acc=66.21% | macro_f1=0.6733 | qwk=0.8235 | mae=0.3860 | weighted_f1=0.6617 | precision_macro=0.6994 | recall_macro=0.6621
         ovr_roc_auc_macro=0.8938 | ovr_pr_auc_macro=0.7342
Summary CSV saved: /root/autodl-tmp/MedVisionLab/Knee/logs/ResNet_baseline+Loss4_controlled_mecsb_vb_koa_adni_10seed_20260803_234110_koa_resnet50_plus_dast_seed9_20260804_125747_summary.csv
Checkpoint saved: /root/autodl-tmp/MedVisionLab/Knee/checkpoints/best_resnet50_knee_oa_DAST_controlled_mecsb_vb_koa_adni_10seed_20260803_234110_koa_resnet50_plus_dast_seed9.pt

Knee Osteoarthritis ResNet50 baseline (DAST) completed!

==========================================================================================
RETURN_CODE: 0
