DATASET: ADNI
METHOD: ResNet50
SEED: 6
SCRIPT: /root/autodl-tmp/MedVisionLab/Alzheimer_MRI_Loss/ResNet_baseline.py
RUN_TAG: controlled_mecsb_vb_koa_adni_10seed_20260803_234110_adni_resnet50_seed6
ALZHEIMER_LOSSES: ce
LOSS: ce
COMMAND: /root/miniconda3/envs/medvision/bin/python -u /root/autodl-tmp/MedVisionLab/Alzheimer_MRI_Loss/ResNet_baseline.py
==========================================================================================
==========================================================================================
Script: ResNet_baseline
Run tag: controlled_mecsb_vb_koa_adni_10seed_20260803_234110_adni_resnet50_seed6
Module: Baseline | Insert after: none
Device: cuda
CUDA: NVIDIA GeForce RTX 3090
Data root: /root/autodl-tmp/Augmented_Alzheimer_MRI/OriginalDataset
Class order: ['NonDemented', 'VeryMildDemented', 'MildDemented', 'ModerateDemented'] (used for labels/QWK/MAE/ordinal losses)
Config | seed=6, batch_size=32, epochs=60, num_workers=2, image_size=224, base_lr=0.0001, test_ratio=0.2, val_ratio_within_train=0.1, patience=15
Losses to run: ['ce']
==========================================================================================
Split sizes | train=4608, valid=512, test=1280
Classes (4): ['NonDemented', 'VeryMildDemented', 'MildDemented', 'ModerateDemented']
Train class counts: [2304, 1613, 645, 46]
Valid class counts: [256, 179, 72, 5]
Test class counts : [640, 448, 179, 13]
Loading torchvision ResNet50 pretrained weights once...
Pretrained state keys: 320

##########################################################################################
Starting loss: ce
##########################################################################################
Model params: 23,516,228 | pretrained loaded: 320/320 | feat_dim=2048
Criterion: CrossEntropyLoss
Criterion trainable params: 0
Epoch 01/60 | Time 0m11s
  Train | loss=1.3651 | top1=34.14% | top2=61.33% | top3=80.66%
  Valid | loss=1.3401 | top1=38.48% | top2=76.17% | top3=93.75% | acc=38.48% | bal_acc=23.99% | macro_f1=0.2087 | weighted_f1=0.3500 | precision_macro=0.2046 | recall_macro=0.2399 | qwk=-0.0589 | mae=0.6973
        ovr_roc_auc_macro=0.5011 | ovr_pr_auc_macro=0.2427
  -> best macro_f1 updated to 0.2087 (epoch 1)
Epoch 02/60 | Time 0m11s
  Train | loss=1.2638 | top1=42.64% | top2=84.11% | top3=95.46%
  Valid | loss=1.2344 | top1=42.77% | top2=84.96% | top3=98.24% | acc=42.77% | bal_acc=23.45% | macro_f1=0.2121 | weighted_f1=0.3805 | precision_macro=0.1974 | recall_macro=0.2345 | qwk=-0.0302 | mae=0.6855
        ovr_roc_auc_macro=0.5004 | ovr_pr_auc_macro=0.2559
  -> best macro_f1 updated to 0.2121 (epoch 2)
Epoch 03/60 | Time 0m11s
  Train | loss=1.1575 | top1=49.80% | top2=85.00% | top3=98.24%
  Valid | loss=1.1430 | top1=48.44% | top2=84.96% | top3=99.02% | acc=48.44% | bal_acc=24.34% | macro_f1=0.1709 | weighted_f1=0.3373 | precision_macro=0.1657 | recall_macro=0.2434 | qwk=-0.0035 | mae=0.6680
        ovr_roc_auc_macro=0.5346 | ovr_pr_auc_macro=0.2795
Epoch 04/60 | Time 0m11s
  Train | loss=1.0765 | top1=50.69% | top2=85.00% | top3=99.00%
  Valid | loss=1.0651 | top1=50.39% | top2=84.96% | top3=99.02% | acc=50.39% | bal_acc=25.36% | macro_f1=0.1778 | weighted_f1=0.3492 | precision_macro=0.2510 | recall_macro=0.2536 | qwk=0.0107 | mae=0.6523
        ovr_roc_auc_macro=0.6034 | ovr_pr_auc_macro=0.3220
Epoch 05/60 | Time 0m11s
  Train | loss=1.0189 | top1=51.52% | top2=85.00% | top3=99.00%
  Valid | loss=1.0128 | top1=50.39% | top2=84.96% | top3=99.02% | acc=50.39% | bal_acc=25.57% | macro_f1=0.1900 | weighted_f1=0.3669 | precision_macro=0.2090 | recall_macro=0.2557 | qwk=0.0617 | mae=0.6328
        ovr_roc_auc_macro=0.6360 | ovr_pr_auc_macro=0.3607
Epoch 06/60 | Time 0m11s
  Train | loss=0.9724 | top1=53.36% | top2=85.00% | top3=99.00%
  Valid | loss=0.9612 | top1=51.76% | top2=84.96% | top3=99.02% | acc=51.76% | bal_acc=26.80% | macro_f1=0.2175 | weighted_f1=0.4068 | precision_macro=0.2314 | recall_macro=0.2680 | qwk=0.1135 | mae=0.6016
        ovr_roc_auc_macro=0.7022 | ovr_pr_auc_macro=0.3865
  -> best macro_f1 updated to 0.2175 (epoch 6)
Epoch 07/60 | Time 0m11s
  Train | loss=0.9364 | top1=55.60% | top2=85.05% | top3=99.00%
  Valid | loss=0.9268 | top1=58.59% | top2=84.96% | top3=99.02% | acc=58.59% | bal_acc=32.87% | macro_f1=0.3014 | weighted_f1=0.5303 | precision_macro=0.2812 | recall_macro=0.3287 | qwk=0.3030 | mae=0.4805
        ovr_roc_auc_macro=0.7339 | ovr_pr_auc_macro=0.4086
  -> best macro_f1 updated to 0.3014 (epoch 7)
Epoch 08/60 | Time 0m11s
  Train | loss=0.9049 | top1=55.92% | top2=85.16% | top3=99.00%
  Valid | loss=0.8863 | top1=57.81% | top2=85.55% | top3=99.02% | acc=57.81% | bal_acc=32.86% | macro_f1=0.3018 | weighted_f1=0.5300 | precision_macro=0.2791 | recall_macro=0.3286 | qwk=0.3391 | mae=0.4707
        ovr_roc_auc_macro=0.7455 | ovr_pr_auc_macro=0.4197
  -> best macro_f1 updated to 0.3018 (epoch 8)
Epoch 09/60 | Time 0m11s
  Train | loss=0.8760 | top1=57.57% | top2=85.89% | top3=99.00%
  Valid | loss=0.8516 | top1=59.96% | top2=86.91% | top3=99.02% | acc=59.96% | bal_acc=34.60% | macro_f1=0.3176 | weighted_f1=0.5549 | precision_macro=0.2945 | recall_macro=0.3460 | qwk=0.4032 | mae=0.4355
        ovr_roc_auc_macro=0.7786 | ovr_pr_auc_macro=0.4333
  -> best macro_f1 updated to 0.3176 (epoch 9)
Epoch 10/60 | Time 0m11s
  Train | loss=0.8535 | top1=58.77% | top2=87.09% | top3=99.00%
  Valid | loss=0.8390 | top1=60.94% | top2=87.70% | top3=99.02% | acc=60.94% | bal_acc=35.42% | macro_f1=0.3291 | weighted_f1=0.5671 | precision_macro=0.5494 | recall_macro=0.3542 | qwk=0.4362 | mae=0.4199
        ovr_roc_auc_macro=0.7878 | ovr_pr_auc_macro=0.4678
  -> best macro_f1 updated to 0.3291 (epoch 10)
Epoch 11/60 | Time 0m11s
  Train | loss=0.8254 | top1=60.24% | top2=87.65% | top3=99.00%
  Valid | loss=0.8107 | top1=61.52% | top2=88.67% | top3=99.02% | acc=61.52% | bal_acc=36.34% | macro_f1=0.3408 | weighted_f1=0.5775 | precision_macro=0.4730 | recall_macro=0.3634 | qwk=0.4404 | mae=0.4141
        ovr_roc_auc_macro=0.8340 | ovr_pr_auc_macro=0.4995
  -> best macro_f1 updated to 0.3408 (epoch 11)
Epoch 12/60 | Time 0m11s
  Train | loss=0.8095 | top1=61.31% | top2=88.48% | top3=99.00%
  Valid | loss=0.7922 | top1=62.50% | top2=90.23% | top3=99.02% | acc=62.50% | bal_acc=37.46% | macro_f1=0.3489 | weighted_f1=0.5890 | precision_macro=0.4855 | recall_macro=0.3746 | qwk=0.4595 | mae=0.4004
        ovr_roc_auc_macro=0.8466 | ovr_pr_auc_macro=0.5084
  -> best macro_f1 updated to 0.3489 (epoch 12)
Epoch 13/60 | Time 0m11s
  Train | loss=0.7878 | top1=61.89% | top2=89.67% | top3=99.00%
  Valid | loss=0.7682 | top1=65.04% | top2=89.06% | top3=99.02% | acc=65.04% | bal_acc=40.27% | macro_f1=0.3959 | weighted_f1=0.6272 | precision_macro=0.4603 | recall_macro=0.4027 | qwk=0.5077 | mae=0.3789
        ovr_roc_auc_macro=0.8462 | ovr_pr_auc_macro=0.4971
  -> best macro_f1 updated to 0.3959 (epoch 13)
Epoch 14/60 | Time 0m11s
  Train | loss=0.7639 | top1=64.61% | top2=89.71% | top3=99.00%
  Valid | loss=0.7415 | top1=66.21% | top2=90.62% | top3=99.02% | acc=66.21% | bal_acc=42.80% | macro_f1=0.4313 | weighted_f1=0.6493 | precision_macro=0.4450 | recall_macro=0.4280 | qwk=0.5147 | mae=0.3867
        ovr_roc_auc_macro=0.8620 | ovr_pr_auc_macro=0.5932
  -> best macro_f1 updated to 0.4313 (epoch 14)
Epoch 15/60 | Time 0m11s
  Train | loss=0.7200 | top1=66.56% | top2=91.12% | top3=99.00%
  Valid | loss=0.7282 | top1=68.55% | top2=91.02% | top3=99.02% | acc=68.55% | bal_acc=48.38% | macro_f1=0.4739 | weighted_f1=0.6867 | precision_macro=0.4682 | recall_macro=0.4838 | qwk=0.5709 | mae=0.3730
        ovr_roc_auc_macro=0.8832 | ovr_pr_auc_macro=0.6890
  -> best macro_f1 updated to 0.4739 (epoch 15)
Epoch 16/60 | Time 0m11s
  Train | loss=0.6906 | top1=68.88% | top2=91.56% | top3=99.00%
  Valid | loss=0.6757 | top1=71.88% | top2=91.80% | top3=99.02% | acc=71.88% | bal_acc=51.91% | macro_f1=0.5071 | weighted_f1=0.7181 | precision_macro=0.4991 | recall_macro=0.5191 | qwk=0.6544 | mae=0.3184
        ovr_roc_auc_macro=0.8957 | ovr_pr_auc_macro=0.6264
  -> best macro_f1 updated to 0.5071 (epoch 16)
Epoch 17/60 | Time 0m11s
  Train | loss=0.6632 | top1=70.55% | top2=92.43% | top3=99.00%
  Valid | loss=0.6519 | top1=72.07% | top2=92.97% | top3=99.02% | acc=72.07% | bal_acc=52.02% | macro_f1=0.5082 | weighted_f1=0.7213 | precision_macro=0.5002 | recall_macro=0.5202 | qwk=0.6291 | mae=0.3262
        ovr_roc_auc_macro=0.9026 | ovr_pr_auc_macro=0.6621
  -> best macro_f1 updated to 0.5082 (epoch 17)
Epoch 18/60 | Time 0m11s
  Train | loss=0.6202 | top1=73.22% | top2=93.12% | top3=99.11%
  Valid | loss=0.6115 | top1=74.80% | top2=93.36% | top3=99.02% | acc=74.80% | bal_acc=52.31% | macro_f1=0.5239 | weighted_f1=0.7443 | precision_macro=0.5275 | recall_macro=0.5231 | qwk=0.6848 | mae=0.2773
        ovr_roc_auc_macro=0.9159 | ovr_pr_auc_macro=0.7145
  -> best macro_f1 updated to 0.5239 (epoch 18)
Epoch 19/60 | Time 0m11s
  Train | loss=0.5651 | top1=76.13% | top2=94.70% | top3=99.39%
  Valid | loss=0.5846 | top1=77.15% | top2=93.75% | top3=99.22% | acc=77.15% | bal_acc=54.39% | macro_f1=0.5426 | weighted_f1=0.7661 | precision_macro=0.5419 | recall_macro=0.5439 | qwk=0.6867 | mae=0.2656
        ovr_roc_auc_macro=0.9225 | ovr_pr_auc_macro=0.7023
  -> best macro_f1 updated to 0.5426 (epoch 19)
Epoch 20/60 | Time 0m11s
  Train | loss=0.5157 | top1=78.10% | top2=94.99% | top3=99.54%
  Valid | loss=0.5477 | top1=76.56% | top2=94.14% | top3=99.61% | acc=76.56% | bal_acc=53.89% | macro_f1=0.5391 | weighted_f1=0.7601 | precision_macro=0.5397 | recall_macro=0.5389 | qwk=0.6837 | mae=0.2695
        ovr_roc_auc_macro=0.9326 | ovr_pr_auc_macro=0.7684
Epoch 21/60 | Time 0m11s
  Train | loss=0.4738 | top1=80.27% | top2=95.99% | top3=99.80%
  Valid | loss=0.5392 | top1=75.78% | top2=95.70% | top3=99.61% | acc=75.78% | bal_acc=54.95% | macro_f1=0.5375 | weighted_f1=0.7562 | precision_macro=0.5297 | recall_macro=0.5495 | qwk=0.6887 | mae=0.2793
        ovr_roc_auc_macro=0.9342 | ovr_pr_auc_macro=0.7845
Epoch 22/60 | Time 0m11s
  Train | loss=0.4309 | top1=82.90% | top2=96.85% | top3=99.76%
  Valid | loss=0.5011 | top1=79.49% | top2=94.73% | top3=99.80% | acc=79.49% | bal_acc=56.11% | macro_f1=0.5613 | weighted_f1=0.7893 | precision_macro=0.5621 | recall_macro=0.5611 | qwk=0.7273 | mae=0.2344
        ovr_roc_auc_macro=0.9444 | ovr_pr_auc_macro=0.8139
  -> best macro_f1 updated to 0.5613 (epoch 22)
Epoch 23/60 | Time 0m11s
  Train | loss=0.3870 | top1=84.33% | top2=97.55% | top3=99.89%
  Valid | loss=0.4722 | top1=80.66% | top2=96.29% | top3=99.80% | acc=80.66% | bal_acc=58.27% | macro_f1=0.5815 | weighted_f1=0.8007 | precision_macro=0.5827 | recall_macro=0.5827 | qwk=0.7331 | mae=0.2266
        ovr_roc_auc_macro=0.9509 | ovr_pr_auc_macro=0.8006
  -> best macro_f1 updated to 0.5815 (epoch 23)
Epoch 24/60 | Time 0m11s
  Train | loss=0.3506 | top1=86.09% | top2=97.87% | top3=99.83%
  Valid | loss=0.4614 | top1=82.23% | top2=96.29% | top3=99.61% | acc=82.23% | bal_acc=61.88% | macro_f1=0.5971 | weighted_f1=0.8219 | precision_macro=0.5842 | recall_macro=0.6188 | qwk=0.7849 | mae=0.2012
        ovr_roc_auc_macro=0.9551 | ovr_pr_auc_macro=0.7927
  -> best macro_f1 updated to 0.5971 (epoch 24)
Epoch 25/60 | Time 0m11s
  Train | loss=0.3203 | top1=87.67% | top2=98.03% | top3=99.96%
  Valid | loss=0.4367 | top1=83.01% | top2=96.88% | top3=99.80% | acc=83.01% | bal_acc=60.54% | macro_f1=0.5982 | weighted_f1=0.8286 | precision_macro=0.5943 | recall_macro=0.6054 | qwk=0.7968 | mae=0.1855
        ovr_roc_auc_macro=0.9600 | ovr_pr_auc_macro=0.8217
  -> best macro_f1 updated to 0.5982 (epoch 25)
Epoch 26/60 | Time 0m11s
  Train | loss=0.2867 | top1=88.87% | top2=98.42% | top3=99.89%
  Valid | loss=0.3923 | top1=84.18% | top2=95.90% | top3=99.80% | acc=84.18% | bal_acc=65.69% | macro_f1=0.6872 | weighted_f1=0.8401 | precision_macro=0.8509 | recall_macro=0.6569 | qwk=0.7956 | mae=0.1797
        ovr_roc_auc_macro=0.9660 | ovr_pr_auc_macro=0.8725
  -> best macro_f1 updated to 0.6872 (epoch 26)
Epoch 27/60 | Time 0m11s
  Train | loss=0.2643 | top1=89.43% | top2=98.91% | top3=99.98%
  Valid | loss=0.3667 | top1=85.94% | top2=97.07% | top3=99.80% | acc=85.94% | bal_acc=73.67% | macro_f1=0.7664 | weighted_f1=0.8604 | precision_macro=0.8640 | recall_macro=0.7367 | qwk=0.8205 | mae=0.1621
        ovr_roc_auc_macro=0.9708 | ovr_pr_auc_macro=0.8896
  -> best macro_f1 updated to 0.7664 (epoch 27)
Epoch 28/60 | Time 0m11s
  Train | loss=0.2306 | top1=91.10% | top2=99.15% | top3=100.00%
  Valid | loss=0.3475 | top1=87.50% | top2=97.66% | top3=99.80% | acc=87.50% | bal_acc=69.72% | macro_f1=0.7206 | weighted_f1=0.8745 | precision_macro=0.8788 | recall_macro=0.6972 | qwk=0.8445 | mae=0.1406
        ovr_roc_auc_macro=0.9741 | ovr_pr_auc_macro=0.9089
Epoch 29/60 | Time 0m11s
  Train | loss=0.1994 | top1=92.71% | top2=99.52% | top3=99.98%
  Valid | loss=0.3453 | top1=87.50% | top2=97.07% | top3=99.61% | acc=87.50% | bal_acc=75.33% | macro_f1=0.7811 | weighted_f1=0.8764 | precision_macro=0.8771 | recall_macro=0.7533 | qwk=0.8282 | mae=0.1484
        ovr_roc_auc_macro=0.9747 | ovr_pr_auc_macro=0.9098
  -> best macro_f1 updated to 0.7811 (epoch 29)
Epoch 30/60 | Time 0m11s
  Train | loss=0.1773 | top1=93.68% | top2=99.28% | top3=99.96%
  Valid | loss=0.3231 | top1=87.89% | top2=98.05% | top3=99.61% | acc=87.89% | bal_acc=75.15% | macro_f1=0.7840 | weighted_f1=0.8792 | precision_macro=0.8828 | recall_macro=0.7515 | qwk=0.8308 | mae=0.1445
        ovr_roc_auc_macro=0.9779 | ovr_pr_auc_macro=0.9447
  -> best macro_f1 updated to 0.7840 (epoch 30)
Epoch 31/60 | Time 0m11s
  Train | loss=0.1757 | top1=93.64% | top2=99.52% | top3=100.00%
  Valid | loss=0.3059 | top1=87.30% | top2=97.85% | top3=99.80% | acc=87.30% | bal_acc=79.43% | macro_f1=0.8199 | weighted_f1=0.8747 | precision_macro=0.8737 | recall_macro=0.7943 | qwk=0.8233 | mae=0.1523
        ovr_roc_auc_macro=0.9797 | ovr_pr_auc_macro=0.9334
  -> best macro_f1 updated to 0.8199 (epoch 31)
Epoch 32/60 | Time 0m11s
  Train | loss=0.1558 | top1=94.08% | top2=99.57% | top3=99.98%
  Valid | loss=0.2829 | top1=88.87% | top2=97.85% | top3=100.00% | acc=88.87% | bal_acc=84.66% | macro_f1=0.8724 | weighted_f1=0.8883 | precision_macro=0.9045 | recall_macro=0.8466 | qwk=0.8459 | mae=0.1309
        ovr_roc_auc_macro=0.9821 | ovr_pr_auc_macro=0.9541
  -> best macro_f1 updated to 0.8724 (epoch 32)
Epoch 33/60 | Time 0m11s
  Train | loss=0.1475 | top1=94.47% | top2=99.65% | top3=100.00%
  Valid | loss=0.2944 | top1=88.67% | top2=97.85% | top3=100.00% | acc=88.67% | bal_acc=86.18% | macro_f1=0.8696 | weighted_f1=0.8887 | precision_macro=0.8871 | recall_macro=0.8618 | qwk=0.8372 | mae=0.1387
        ovr_roc_auc_macro=0.9822 | ovr_pr_auc_macro=0.9535
Epoch 34/60 | Time 0m11s
  Train | loss=0.1325 | top1=95.07% | top2=99.67% | top3=100.00%
  Valid | loss=0.2706 | top1=90.04% | top2=98.63% | top3=100.00% | acc=90.04% | bal_acc=85.83% | macro_f1=0.8778 | weighted_f1=0.9007 | precision_macro=0.9031 | recall_macro=0.8583 | qwk=0.8591 | mae=0.1191
        ovr_roc_auc_macro=0.9831 | ovr_pr_auc_macro=0.9491
  -> best macro_f1 updated to 0.8778 (epoch 34)
Epoch 35/60 | Time 0m11s
  Train | loss=0.1267 | top1=95.77% | top2=99.61% | top3=100.00%
  Valid | loss=0.2545 | top1=90.62% | top2=98.44% | top3=100.00% | acc=90.62% | bal_acc=86.99% | macro_f1=0.8644 | weighted_f1=0.9070 | precision_macro=0.8596 | recall_macro=0.8699 | qwk=0.8663 | mae=0.1133
        ovr_roc_auc_macro=0.9857 | ovr_pr_auc_macro=0.9566
Epoch 36/60 | Time 0m11s
  Train | loss=0.1153 | top1=96.18% | top2=99.76% | top3=100.00%
  Valid | loss=0.2254 | top1=91.60% | top2=99.22% | top3=100.00% | acc=91.60% | bal_acc=87.48% | macro_f1=0.8969 | weighted_f1=0.9160 | precision_macro=0.9247 | recall_macro=0.8748 | qwk=0.8930 | mae=0.0957
        ovr_roc_auc_macro=0.9879 | ovr_pr_auc_macro=0.9599
  -> best macro_f1 updated to 0.8969 (epoch 36)
Epoch 37/60 | Time 0m11s
  Train | loss=0.1093 | top1=96.22% | top2=99.78% | top3=100.00%
  Valid | loss=0.2163 | top1=91.99% | top2=99.41% | top3=100.00% | acc=91.99% | bal_acc=88.22% | macro_f1=0.8976 | weighted_f1=0.9203 | precision_macro=0.9202 | recall_macro=0.8822 | qwk=0.8892 | mae=0.0957
        ovr_roc_auc_macro=0.9893 | ovr_pr_auc_macro=0.9735
  -> best macro_f1 updated to 0.8976 (epoch 37)
Epoch 38/60 | Time 0m11s
  Train | loss=0.1010 | top1=96.44% | top2=99.65% | top3=100.00%
  Valid | loss=0.2212 | top1=91.41% | top2=99.41% | top3=100.00% | acc=91.41% | bal_acc=88.17% | macro_f1=0.8944 | weighted_f1=0.9147 | precision_macro=0.9146 | recall_macro=0.8817 | qwk=0.8895 | mae=0.0996
        ovr_roc_auc_macro=0.9890 | ovr_pr_auc_macro=0.9647
Epoch 39/60 | Time 0m11s
  Train | loss=0.0935 | top1=97.01% | top2=99.72% | top3=100.00%
  Valid | loss=0.1970 | top1=92.77% | top2=99.61% | top3=100.00% | acc=92.77% | bal_acc=89.11% | macro_f1=0.9047 | weighted_f1=0.9285 | precision_macro=0.9251 | recall_macro=0.8911 | qwk=0.9058 | mae=0.0840
        ovr_roc_auc_macro=0.9911 | ovr_pr_auc_macro=0.9767
  -> best macro_f1 updated to 0.9047 (epoch 39)
Epoch 40/60 | Time 0m11s
  Train | loss=0.0827 | top1=97.09% | top2=99.89% | top3=100.00%
  Valid | loss=0.1969 | top1=92.38% | top2=99.02% | top3=100.00% | acc=92.38% | bal_acc=88.95% | macro_f1=0.9025 | weighted_f1=0.9247 | precision_macro=0.9224 | recall_macro=0.8895 | qwk=0.9021 | mae=0.0879
        ovr_roc_auc_macro=0.9915 | ovr_pr_auc_macro=0.9791
Epoch 41/60 | Time 0m11s
  Train | loss=0.0891 | top1=96.88% | top2=99.78% | top3=100.00%
  Valid | loss=0.2132 | top1=92.19% | top2=99.02% | top3=100.00% | acc=92.19% | bal_acc=94.09% | macro_f1=0.9288 | weighted_f1=0.9229 | precision_macro=0.9194 | recall_macro=0.9409 | qwk=0.9075 | mae=0.0879
        ovr_roc_auc_macro=0.9906 | ovr_pr_auc_macro=0.9756
  -> best macro_f1 updated to 0.9288 (epoch 41)
Epoch 42/60 | Time 0m11s
  Train | loss=0.0739 | top1=97.53% | top2=99.87% | top3=100.00%
  Valid | loss=0.2066 | top1=92.38% | top2=99.41% | top3=100.00% | acc=92.38% | bal_acc=88.91% | macro_f1=0.9041 | weighted_f1=0.9244 | precision_macro=0.9255 | recall_macro=0.8891 | qwk=0.9069 | mae=0.0859
        ovr_roc_auc_macro=0.9910 | ovr_pr_auc_macro=0.9772
Epoch 43/60 | Time 0m11s
  Train | loss=0.0766 | top1=97.44% | top2=99.76% | top3=100.00%
  Valid | loss=0.1952 | top1=92.38% | top2=99.41% | top3=100.00% | acc=92.38% | bal_acc=88.58% | macro_f1=0.9034 | weighted_f1=0.9241 | precision_macro=0.9269 | recall_macro=0.8858 | qwk=0.9118 | mae=0.0840
        ovr_roc_auc_macro=0.9919 | ovr_pr_auc_macro=0.9800
Epoch 44/60 | Time 0m11s
  Train | loss=0.0667 | top1=97.66% | top2=99.87% | top3=100.00%
  Valid | loss=0.1974 | top1=92.58% | top2=99.41% | top3=100.00% | acc=92.58% | bal_acc=89.51% | macro_f1=0.9062 | weighted_f1=0.9266 | precision_macro=0.9249 | recall_macro=0.8951 | qwk=0.9044 | mae=0.0859
        ovr_roc_auc_macro=0.9922 | ovr_pr_auc_macro=0.9815
Epoch 45/60 | Time 0m11s
  Train | loss=0.0721 | top1=97.61% | top2=99.87% | top3=100.00%
  Valid | loss=0.1816 | top1=93.55% | top2=99.61% | top3=100.00% | acc=93.55% | bal_acc=89.42% | macro_f1=0.9121 | weighted_f1=0.9359 | precision_macro=0.9358 | recall_macro=0.8942 | qwk=0.9114 | mae=0.0762
        ovr_roc_auc_macro=0.9925 | ovr_pr_auc_macro=0.9814
Epoch 46/60 | Time 0m11s
  Train | loss=0.0604 | top1=98.05% | top2=99.89% | top3=100.00%
  Valid | loss=0.1842 | top1=91.80% | top2=99.41% | top3=100.00% | acc=91.80% | bal_acc=87.54% | macro_f1=0.8953 | weighted_f1=0.9181 | precision_macro=0.9209 | recall_macro=0.8754 | qwk=0.8854 | mae=0.0977
        ovr_roc_auc_macro=0.9924 | ovr_pr_auc_macro=0.9812
Epoch 47/60 | Time 0m11s
  Train | loss=0.0700 | top1=97.42% | top2=99.85% | top3=100.00%
  Valid | loss=0.1898 | top1=91.41% | top2=99.41% | top3=100.00% | acc=91.41% | bal_acc=88.63% | macro_f1=0.8954 | weighted_f1=0.9149 | precision_macro=0.9137 | recall_macro=0.8863 | qwk=0.8856 | mae=0.1016
        ovr_roc_auc_macro=0.9926 | ovr_pr_auc_macro=0.9822
Epoch 48/60 | Time 0m11s
  Train | loss=0.0562 | top1=98.13% | top2=99.91% | top3=100.00%
  Valid | loss=0.1881 | top1=91.60% | top2=99.41% | top3=100.00% | acc=91.60% | bal_acc=88.56% | macro_f1=0.8970 | weighted_f1=0.9168 | precision_macro=0.9163 | recall_macro=0.8856 | qwk=0.8914 | mae=0.0977
        ovr_roc_auc_macro=0.9928 | ovr_pr_auc_macro=0.9830
Epoch 49/60 | Time 0m11s
  Train | loss=0.0576 | top1=98.07% | top2=99.87% | top3=100.00%
  Valid | loss=0.1792 | top1=92.58% | top2=99.41% | top3=100.00% | acc=92.58% | bal_acc=88.80% | macro_f1=0.9041 | weighted_f1=0.9263 | precision_macro=0.9264 | recall_macro=0.8880 | qwk=0.9032 | mae=0.0859
        ovr_roc_auc_macro=0.9926 | ovr_pr_auc_macro=0.9827
Epoch 50/60 | Time 0m11s
  Train | loss=0.0614 | top1=98.07% | top2=99.91% | top3=100.00%
  Valid | loss=0.1883 | top1=92.58% | top2=99.41% | top3=100.00% | acc=92.58% | bal_acc=89.05% | macro_f1=0.9055 | weighted_f1=0.9263 | precision_macro=0.9269 | recall_macro=0.8905 | qwk=0.9034 | mae=0.0859
        ovr_roc_auc_macro=0.9926 | ovr_pr_auc_macro=0.9821
Epoch 51/60 | Time 0m11s
  Train | loss=0.0610 | top1=97.94% | top2=99.85% | top3=100.00%
  Valid | loss=0.1846 | top1=92.77% | top2=99.41% | top3=100.00% | acc=92.77% | bal_acc=89.52% | macro_f1=0.9063 | weighted_f1=0.9285 | precision_macro=0.9252 | recall_macro=0.8952 | qwk=0.9066 | mae=0.0840
        ovr_roc_auc_macro=0.9929 | ovr_pr_auc_macro=0.9831
Epoch 52/60 | Time 0m11s
  Train | loss=0.0630 | top1=97.61% | top2=99.85% | top3=100.00%
  Valid | loss=0.1734 | top1=92.77% | top2=99.61% | top3=100.00% | acc=92.77% | bal_acc=89.36% | macro_f1=0.9070 | weighted_f1=0.9283 | precision_macro=0.9273 | recall_macro=0.8936 | qwk=0.9058 | mae=0.0840
        ovr_roc_auc_macro=0.9932 | ovr_pr_auc_macro=0.9844
Epoch 53/60 | Time 0m11s
  Train | loss=0.0511 | top1=98.29% | top2=99.89% | top3=100.00%
  Valid | loss=0.1712 | top1=92.77% | top2=99.41% | top3=100.00% | acc=92.77% | bal_acc=88.86% | macro_f1=0.9049 | weighted_f1=0.9283 | precision_macro=0.9273 | recall_macro=0.8886 | qwk=0.9153 | mae=0.0801
        ovr_roc_auc_macro=0.9933 | ovr_pr_auc_macro=0.9844
Epoch 54/60 | Time 0m11s
  Train | loss=0.0513 | top1=98.20% | top2=99.98% | top3=100.00%
  Valid | loss=0.1695 | top1=92.77% | top2=99.41% | top3=100.00% | acc=92.77% | bal_acc=89.27% | macro_f1=0.9085 | weighted_f1=0.9280 | precision_macro=0.9305 | recall_macro=0.8927 | qwk=0.9157 | mae=0.0801
        ovr_roc_auc_macro=0.9933 | ovr_pr_auc_macro=0.9844
Epoch 55/60 | Time 0m11s
  Train | loss=0.0513 | top1=98.42% | top2=99.96% | top3=100.00%
  Valid | loss=0.1878 | top1=92.58% | top2=99.61% | top3=100.00% | acc=92.58% | bal_acc=89.51% | macro_f1=0.9053 | weighted_f1=0.9267 | precision_macro=0.9235 | recall_macro=0.8951 | qwk=0.9047 | mae=0.0859
        ovr_roc_auc_macro=0.9929 | ovr_pr_auc_macro=0.9834
Epoch 56/60 | Time 0m11s
  Train | loss=0.0547 | top1=98.35% | top2=99.87% | top3=100.00%
  Valid | loss=0.1728 | top1=92.77% | top2=99.61% | top3=100.00% | acc=92.77% | bal_acc=89.31% | macro_f1=0.9060 | weighted_f1=0.9284 | precision_macro=0.9259 | recall_macro=0.8931 | qwk=0.9061 | mae=0.0840
        ovr_roc_auc_macro=0.9935 | ovr_pr_auc_macro=0.9848
  -> early stopping triggered at epoch 56

[TEST] loss=ce
  Test | loss=0.1641 | top1=94.45% | top2=99.61% | top3=100.00% | acc=94.45% | bal_acc=92.17% | macro_f1=0.9297 | weighted_f1=0.9450 | precision_macro=0.9425 | recall_macro=0.9217 | qwk=0.9270 | mae=0.0648
        ovr_roc_auc_macro=0.9936 | ovr_pr_auc_macro=0.9819

==========================================================================================
Summary CSV saved: /root/autodl-tmp/MedVisionLab/Alzheimer_MRI_Loss/logs/ResNet_baseline_controlled_mecsb_vb_koa_adni_10seed_20260803_234110_adni_resnet50_seed6_20260804_090826_summary.csv
Top results by test_macro_f1:
  ce: macro_f1=0.9297, acc=94.45%, bal_acc=92.17%
Log file saved: /root/autodl-tmp/MedVisionLab/Alzheimer_MRI_Loss/logs/ResNet_baseline_controlled_mecsb_vb_koa_adni_10seed_20260803_234110_adni_resnet50_seed6_20260804_090826.log
==========================================================================================

==========================================================================================
RETURN_CODE: 0
