DATASET: ADNI
METHOD: ResNet50
SEED: 8
SCRIPT: /root/autodl-tmp/MedVisionLab/Alzheimer_MRI_Loss/ResNet_baseline.py
RUN_TAG: controlled_mecsb_vb_koa_adni_10seed_20260803_234110_adni_resnet50_seed8
ALZHEIMER_LOSSES: ce
LOSS: ce
COMMAND: /root/miniconda3/envs/medvision/bin/python -u /root/autodl-tmp/MedVisionLab/Alzheimer_MRI_Loss/ResNet_baseline.py
==========================================================================================
==========================================================================================
Script: ResNet_baseline
Run tag: controlled_mecsb_vb_koa_adni_10seed_20260803_234110_adni_resnet50_seed8
Module: Baseline | Insert after: none
Device: cuda
CUDA: NVIDIA GeForce RTX 3090
Data root: /root/autodl-tmp/Augmented_Alzheimer_MRI/OriginalDataset
Class order: ['NonDemented', 'VeryMildDemented', 'MildDemented', 'ModerateDemented'] (used for labels/QWK/MAE/ordinal losses)
Config | seed=8, batch_size=32, epochs=60, num_workers=2, image_size=224, base_lr=0.0001, test_ratio=0.2, val_ratio_within_train=0.1, patience=15
Losses to run: ['ce']
==========================================================================================
Split sizes | train=4608, valid=512, test=1280
Classes (4): ['NonDemented', 'VeryMildDemented', 'MildDemented', 'ModerateDemented']
Train class counts: [2304, 1613, 645, 46]
Valid class counts: [256, 179, 72, 5]
Test class counts : [640, 448, 179, 13]
Loading torchvision ResNet50 pretrained weights once...
Pretrained state keys: 320

##########################################################################################
Starting loss: ce
##########################################################################################
Model params: 23,516,228 | pretrained loaded: 320/320 | feat_dim=2048
Criterion: CrossEntropyLoss
Criterion trainable params: 0
Epoch 01/60 | Time 0m11s
  Train | loss=1.4015 | top1=21.66% | top2=44.57% | top3=70.03%
  Valid | loss=1.3709 | top1=32.42% | top2=61.33% | top3=85.35% | acc=32.42% | bal_acc=23.60% | macro_f1=0.2388 | weighted_f1=0.3384 | precision_macro=0.2560 | recall_macro=0.2360 | qwk=-0.0095 | mae=0.9199
        ovr_roc_auc_macro=0.4275 | ovr_pr_auc_macro=0.2577
  -> best macro_f1 updated to 0.2388 (epoch 1)
Epoch 02/60 | Time 0m11s
  Train | loss=1.3059 | top1=42.17% | top2=81.60% | top3=95.57%
  Valid | loss=1.2701 | top1=46.88% | top2=84.38% | top3=96.88% | acc=46.88% | bal_acc=25.54% | macro_f1=0.2297 | weighted_f1=0.4115 | precision_macro=0.2186 | recall_macro=0.2554 | qwk=-0.0048 | mae=0.6543
        ovr_roc_auc_macro=0.4672 | ovr_pr_auc_macro=0.2657
Epoch 03/60 | Time 0m11s
  Train | loss=1.1745 | top1=49.87% | top2=85.00% | top3=98.26%
  Valid | loss=1.1500 | top1=49.41% | top2=84.96% | top3=98.83% | acc=49.41% | bal_acc=24.96% | macro_f1=0.1802 | weighted_f1=0.3513 | precision_macro=0.2005 | recall_macro=0.2496 | qwk=0.0111 | mae=0.6562
        ovr_roc_auc_macro=0.5275 | ovr_pr_auc_macro=0.2863
Epoch 04/60 | Time 0m11s
  Train | loss=1.0791 | top1=50.15% | top2=85.00% | top3=98.98%
  Valid | loss=1.0647 | top1=49.41% | top2=84.96% | top3=99.02% | acc=49.41% | bal_acc=24.71% | macro_f1=0.1658 | weighted_f1=0.3316 | precision_macro=0.1248 | recall_macro=0.2471 | qwk=0.0027 | mae=0.6621
        ovr_roc_auc_macro=0.6034 | ovr_pr_auc_macro=0.3256
Epoch 05/60 | Time 0m11s
  Train | loss=1.0148 | top1=51.19% | top2=85.00% | top3=99.00%
  Valid | loss=1.0032 | top1=50.78% | top2=84.96% | top3=99.02% | acc=50.78% | bal_acc=25.77% | macro_f1=0.1902 | weighted_f1=0.3666 | precision_macro=0.2520 | recall_macro=0.2577 | qwk=0.0202 | mae=0.6445
        ovr_roc_auc_macro=0.6595 | ovr_pr_auc_macro=0.3686
Epoch 06/60 | Time 0m11s
  Train | loss=0.9683 | top1=52.76% | top2=85.00% | top3=99.00%
  Valid | loss=0.9510 | top1=53.91% | top2=84.96% | top3=99.02% | acc=53.91% | bal_acc=28.59% | macro_f1=0.2474 | weighted_f1=0.4502 | precision_macro=0.2545 | recall_macro=0.2859 | qwk=0.1466 | mae=0.5703
        ovr_roc_auc_macro=0.7010 | ovr_pr_auc_macro=0.3898
  -> best macro_f1 updated to 0.2474 (epoch 6)
Epoch 07/60 | Time 0m11s
  Train | loss=0.9295 | top1=55.99% | top2=84.96% | top3=99.00%
  Valid | loss=0.9213 | top1=55.86% | top2=84.96% | top3=99.02% | acc=55.86% | bal_acc=30.70% | macro_f1=0.2787 | weighted_f1=0.4949 | precision_macro=0.2662 | recall_macro=0.3070 | qwk=0.2107 | mae=0.5293
        ovr_roc_auc_macro=0.7145 | ovr_pr_auc_macro=0.3993
  -> best macro_f1 updated to 0.2787 (epoch 7)
Epoch 08/60 | Time 0m11s
  Train | loss=0.8951 | top1=57.16% | top2=85.13% | top3=99.00%
  Valid | loss=0.8843 | top1=58.79% | top2=85.74% | top3=99.02% | acc=58.79% | bal_acc=34.44% | macro_f1=0.3147 | weighted_f1=0.5464 | precision_macro=0.2939 | recall_macro=0.3444 | qwk=0.3581 | mae=0.4531
        ovr_roc_auc_macro=0.7235 | ovr_pr_auc_macro=0.4109
  -> best macro_f1 updated to 0.3147 (epoch 8)
Epoch 09/60 | Time 0m11s
  Train | loss=0.8642 | top1=58.59% | top2=85.94% | top3=99.00%
  Valid | loss=0.8621 | top1=58.98% | top2=86.13% | top3=99.02% | acc=58.98% | bal_acc=34.66% | macro_f1=0.3166 | weighted_f1=0.5504 | precision_macro=0.2981 | recall_macro=0.3466 | qwk=0.4040 | mae=0.4375
        ovr_roc_auc_macro=0.7411 | ovr_pr_auc_macro=0.4299
  -> best macro_f1 updated to 0.3166 (epoch 9)
Epoch 10/60 | Time 0m11s
  Train | loss=0.8457 | top1=59.72% | top2=87.15% | top3=99.00%
  Valid | loss=0.8362 | top1=60.16% | top2=87.30% | top3=99.02% | acc=60.16% | bal_acc=35.20% | macro_f1=0.3219 | weighted_f1=0.5596 | precision_macro=0.3010 | recall_macro=0.3520 | qwk=0.4019 | mae=0.4316
        ovr_roc_auc_macro=0.7707 | ovr_pr_auc_macro=0.4393
  -> best macro_f1 updated to 0.3219 (epoch 10)
Epoch 11/60 | Time 0m11s
  Train | loss=0.8261 | top1=60.16% | top2=87.76% | top3=99.00%
  Valid | loss=0.8277 | top1=58.79% | top2=87.70% | top3=99.02% | acc=58.79% | bal_acc=34.85% | macro_f1=0.3231 | weighted_f1=0.5540 | precision_macro=0.3508 | recall_macro=0.3485 | qwk=0.4143 | mae=0.4395
        ovr_roc_auc_macro=0.7826 | ovr_pr_auc_macro=0.4406
  -> best macro_f1 updated to 0.3231 (epoch 11)
Epoch 12/60 | Time 0m11s
  Train | loss=0.8139 | top1=60.53% | top2=88.39% | top3=99.00%
  Valid | loss=0.8207 | top1=61.52% | top2=87.70% | top3=99.02% | acc=61.52% | bal_acc=38.43% | macro_f1=0.3710 | weighted_f1=0.5939 | precision_macro=0.4405 | recall_macro=0.3843 | qwk=0.4558 | mae=0.4121
        ovr_roc_auc_macro=0.7904 | ovr_pr_auc_macro=0.4504
  -> best macro_f1 updated to 0.3710 (epoch 12)
Epoch 13/60 | Time 0m11s
  Train | loss=0.7816 | top1=62.41% | top2=89.26% | top3=99.00%
  Valid | loss=0.8066 | top1=59.96% | top2=88.48% | top3=99.02% | acc=59.96% | bal_acc=37.56% | macro_f1=0.3659 | weighted_f1=0.5819 | precision_macro=0.4199 | recall_macro=0.3756 | qwk=0.4413 | mae=0.4297
        ovr_roc_auc_macro=0.8049 | ovr_pr_auc_macro=0.4562
Epoch 14/60 | Time 0m11s
  Train | loss=0.7492 | top1=65.00% | top2=90.41% | top3=99.00%
  Valid | loss=0.7829 | top1=63.87% | top2=88.67% | top3=99.02% | acc=63.87% | bal_acc=40.71% | macro_f1=0.4135 | weighted_f1=0.6209 | precision_macro=0.4467 | recall_macro=0.4071 | qwk=0.4625 | mae=0.4141
        ovr_roc_auc_macro=0.8343 | ovr_pr_auc_macro=0.4844
  -> best macro_f1 updated to 0.4135 (epoch 14)
Epoch 15/60 | Time 0m11s
  Train | loss=0.7227 | top1=66.93% | top2=90.99% | top3=99.00%
  Valid | loss=0.7671 | top1=63.87% | top2=90.23% | top3=99.02% | acc=63.87% | bal_acc=43.42% | macro_f1=0.4389 | weighted_f1=0.6346 | precision_macro=0.4558 | recall_macro=0.4342 | qwk=0.5107 | mae=0.4023
        ovr_roc_auc_macro=0.8433 | ovr_pr_auc_macro=0.5141
  -> best macro_f1 updated to 0.4389 (epoch 15)
Epoch 16/60 | Time 0m11s
  Train | loss=0.6868 | top1=68.62% | top2=91.82% | top3=99.00%
  Valid | loss=0.7298 | top1=66.80% | top2=91.80% | top3=99.02% | acc=66.80% | bal_acc=46.05% | macro_f1=0.4651 | weighted_f1=0.6608 | precision_macro=0.4726 | recall_macro=0.4605 | qwk=0.5644 | mae=0.3730
        ovr_roc_auc_macro=0.8668 | ovr_pr_auc_macro=0.5590
  -> best macro_f1 updated to 0.4651 (epoch 16)
Epoch 17/60 | Time 0m11s
  Train | loss=0.6474 | top1=71.25% | top2=93.14% | top3=99.00%
  Valid | loss=0.6823 | top1=69.92% | top2=92.58% | top3=99.02% | acc=69.92% | bal_acc=49.48% | macro_f1=0.4976 | weighted_f1=0.6943 | precision_macro=0.5015 | recall_macro=0.4948 | qwk=0.6206 | mae=0.3340
        ovr_roc_auc_macro=0.8886 | ovr_pr_auc_macro=0.6310
  -> best macro_f1 updated to 0.4976 (epoch 17)
Epoch 18/60 | Time 0m11s
  Train | loss=0.6019 | top1=73.76% | top2=93.95% | top3=99.02%
  Valid | loss=0.6429 | top1=71.29% | top2=92.38% | top3=99.22% | acc=71.29% | bal_acc=49.30% | macro_f1=0.4949 | weighted_f1=0.7085 | precision_macro=0.5036 | recall_macro=0.4930 | qwk=0.6024 | mae=0.3262
        ovr_roc_auc_macro=0.9066 | ovr_pr_auc_macro=0.6868
Epoch 19/60 | Time 0m11s
  Train | loss=0.5628 | top1=76.69% | top2=94.77% | top3=99.22%
  Valid | loss=0.6199 | top1=71.88% | top2=92.97% | top3=99.22% | acc=71.88% | bal_acc=50.42% | macro_f1=0.5062 | weighted_f1=0.7131 | precision_macro=0.5092 | recall_macro=0.5042 | qwk=0.6299 | mae=0.3184
        ovr_roc_auc_macro=0.9122 | ovr_pr_auc_macro=0.7455
  -> best macro_f1 updated to 0.5062 (epoch 19)
Epoch 20/60 | Time 0m11s
  Train | loss=0.5122 | top1=78.08% | top2=95.64% | top3=99.46%
  Valid | loss=0.6152 | top1=73.83% | top2=93.36% | top3=99.22% | acc=73.83% | bal_acc=53.65% | macro_f1=0.5315 | weighted_f1=0.7382 | precision_macro=0.5305 | recall_macro=0.5365 | qwk=0.6917 | mae=0.2832
        ovr_roc_auc_macro=0.9164 | ovr_pr_auc_macro=0.7375
  -> best macro_f1 updated to 0.5315 (epoch 20)
Epoch 21/60 | Time 0m11s
  Train | loss=0.4564 | top1=81.16% | top2=96.22% | top3=99.76%
  Valid | loss=0.5630 | top1=74.22% | top2=94.14% | top3=99.41% | acc=74.22% | bal_acc=54.38% | macro_f1=0.5353 | weighted_f1=0.7419 | precision_macro=0.5293 | recall_macro=0.5438 | qwk=0.6923 | mae=0.2832
        ovr_roc_auc_macro=0.9295 | ovr_pr_auc_macro=0.8064
  -> best macro_f1 updated to 0.5353 (epoch 21)
Epoch 22/60 | Time 0m11s
  Train | loss=0.4183 | top1=82.79% | top2=96.81% | top3=99.85%
  Valid | loss=0.5274 | top1=77.93% | top2=94.34% | top3=99.41% | acc=77.93% | bal_acc=56.99% | macro_f1=0.5669 | weighted_f1=0.7754 | precision_macro=0.5640 | recall_macro=0.5699 | qwk=0.7254 | mae=0.2461
        ovr_roc_auc_macro=0.9379 | ovr_pr_auc_macro=0.8078
  -> best macro_f1 updated to 0.5669 (epoch 22)
Epoch 23/60 | Time 0m11s
  Train | loss=0.3620 | top1=85.98% | top2=97.57% | top3=99.93%
  Valid | loss=0.4836 | top1=79.10% | top2=95.31% | top3=99.80% | acc=79.10% | bal_acc=58.28% | macro_f1=0.5754 | weighted_f1=0.7884 | precision_macro=0.5687 | recall_macro=0.5828 | qwk=0.7441 | mae=0.2324
        ovr_roc_auc_macro=0.9493 | ovr_pr_auc_macro=0.8204
  -> best macro_f1 updated to 0.5754 (epoch 23)
Epoch 24/60 | Time 0m11s
  Train | loss=0.3520 | top1=85.81% | top2=98.09% | top3=99.91%
  Valid | loss=0.4595 | top1=80.86% | top2=96.29% | top3=100.00% | acc=80.86% | bal_acc=61.04% | macro_f1=0.5959 | weighted_f1=0.8068 | precision_macro=0.5851 | recall_macro=0.6104 | qwk=0.7624 | mae=0.2148
        ovr_roc_auc_macro=0.9563 | ovr_pr_auc_macro=0.8979
  -> best macro_f1 updated to 0.5959 (epoch 24)
Epoch 25/60 | Time 0m11s
  Train | loss=0.3052 | top1=88.24% | top2=98.37% | top3=99.98%
  Valid | loss=0.4115 | top1=83.20% | top2=96.88% | top3=100.00% | acc=83.20% | bal_acc=62.21% | macro_f1=0.6129 | weighted_f1=0.8297 | precision_macro=0.6059 | recall_macro=0.6221 | qwk=0.8012 | mae=0.1836
        ovr_roc_auc_macro=0.9638 | ovr_pr_auc_macro=0.8960
  -> best macro_f1 updated to 0.6129 (epoch 25)
Epoch 26/60 | Time 0m11s
  Train | loss=0.2581 | top1=90.23% | top2=98.94% | top3=99.93%
  Valid | loss=0.3827 | top1=83.98% | top2=97.46% | top3=100.00% | acc=83.98% | bal_acc=63.31% | macro_f1=0.6172 | weighted_f1=0.8375 | precision_macro=0.6051 | recall_macro=0.6331 | qwk=0.8200 | mae=0.1738
        ovr_roc_auc_macro=0.9688 | ovr_pr_auc_macro=0.9343
  -> best macro_f1 updated to 0.6172 (epoch 26)
Epoch 27/60 | Time 0m11s
  Train | loss=0.2329 | top1=91.19% | top2=99.05% | top3=99.91%
  Valid | loss=0.3543 | top1=84.77% | top2=97.85% | top3=100.00% | acc=84.77% | bal_acc=62.78% | macro_f1=0.6226 | weighted_f1=0.8429 | precision_macro=0.6186 | recall_macro=0.6278 | qwk=0.8136 | mae=0.1699
        ovr_roc_auc_macro=0.9728 | ovr_pr_auc_macro=0.9278
  -> best macro_f1 updated to 0.6226 (epoch 27)
Epoch 28/60 | Time 0m11s
  Train | loss=0.2123 | top1=91.69% | top2=99.18% | top3=100.00%
  Valid | loss=0.3568 | top1=85.35% | top2=98.05% | top3=100.00% | acc=85.35% | bal_acc=68.27% | macro_f1=0.7117 | weighted_f1=0.8522 | precision_macro=0.8745 | recall_macro=0.6827 | qwk=0.8162 | mae=0.1641
        ovr_roc_auc_macro=0.9724 | ovr_pr_auc_macro=0.9261
  -> best macro_f1 updated to 0.7117 (epoch 28)
Epoch 29/60 | Time 0m11s
  Train | loss=0.2070 | top1=92.04% | top2=99.13% | top3=99.96%
  Valid | loss=0.3130 | top1=86.72% | top2=97.46% | top3=100.00% | acc=86.72% | bal_acc=69.54% | macro_f1=0.7216 | weighted_f1=0.8661 | precision_macro=0.8820 | recall_macro=0.6954 | qwk=0.8409 | mae=0.1465
        ovr_roc_auc_macro=0.9792 | ovr_pr_auc_macro=0.9472
  -> best macro_f1 updated to 0.7216 (epoch 29)
Epoch 30/60 | Time 0m11s
  Train | loss=0.1754 | top1=93.90% | top2=99.46% | top3=100.00%
  Valid | loss=0.2864 | top1=87.50% | top2=98.24% | top3=100.00% | acc=87.50% | bal_acc=70.22% | macro_f1=0.7287 | weighted_f1=0.8730 | precision_macro=0.8893 | recall_macro=0.7022 | qwk=0.8396 | mae=0.1426
        ovr_roc_auc_macro=0.9819 | ovr_pr_auc_macro=0.9463
  -> best macro_f1 updated to 0.7287 (epoch 30)
Epoch 31/60 | Time 0m11s
  Train | loss=0.1550 | top1=94.73% | top2=99.50% | top3=99.98%
  Valid | loss=0.2557 | top1=90.04% | top2=98.44% | top3=100.00% | acc=90.04% | bal_acc=80.51% | macro_f1=0.8479 | weighted_f1=0.8997 | precision_macro=0.9174 | recall_macro=0.8051 | qwk=0.8808 | mae=0.1094
        ovr_roc_auc_macro=0.9858 | ovr_pr_auc_macro=0.9579
  -> best macro_f1 updated to 0.8479 (epoch 31)
Epoch 32/60 | Time 0m11s
  Train | loss=0.1439 | top1=94.81% | top2=99.63% | top3=99.98%
  Valid | loss=0.2704 | top1=90.82% | top2=98.63% | top3=100.00% | acc=90.82% | bal_acc=82.23% | macro_f1=0.8628 | weighted_f1=0.9076 | precision_macro=0.9287 | recall_macro=0.8223 | qwk=0.8796 | mae=0.1055
        ovr_roc_auc_macro=0.9837 | ovr_pr_auc_macro=0.9581
  -> best macro_f1 updated to 0.8628 (epoch 32)
Epoch 33/60 | Time 0m11s
  Train | loss=0.1252 | top1=95.62% | top2=99.63% | top3=100.00%
  Valid | loss=0.2407 | top1=89.65% | top2=99.02% | top3=100.00% | acc=89.65% | bal_acc=81.06% | macro_f1=0.8455 | weighted_f1=0.8962 | precision_macro=0.9056 | recall_macro=0.8106 | qwk=0.8704 | mae=0.1172
        ovr_roc_auc_macro=0.9864 | ovr_pr_auc_macro=0.9616
Epoch 34/60 | Time 0m11s
  Train | loss=0.1340 | top1=95.29% | top2=99.65% | top3=100.00%
  Valid | loss=0.2228 | top1=91.41% | top2=98.63% | top3=100.00% | acc=91.41% | bal_acc=82.73% | macro_f1=0.8631 | weighted_f1=0.9139 | precision_macro=0.9239 | recall_macro=0.8273 | qwk=0.8958 | mae=0.0957
        ovr_roc_auc_macro=0.9885 | ovr_pr_auc_macro=0.9568
  -> best macro_f1 updated to 0.8631 (epoch 34)
Epoch 35/60 | Time 0m11s
  Train | loss=0.1217 | top1=95.64% | top2=99.83% | top3=100.00%
  Valid | loss=0.2284 | top1=91.80% | top2=98.44% | top3=100.00% | acc=91.80% | bal_acc=88.12% | macro_f1=0.8781 | weighted_f1=0.9184 | precision_macro=0.8754 | recall_macro=0.8812 | qwk=0.9067 | mae=0.0898
        ovr_roc_auc_macro=0.9878 | ovr_pr_auc_macro=0.9660
  -> best macro_f1 updated to 0.8781 (epoch 35)
Epoch 36/60 | Time 0m11s
  Train | loss=0.0997 | top1=96.68% | top2=99.89% | top3=100.00%
  Valid | loss=0.2124 | top1=92.19% | top2=98.83% | top3=100.00% | acc=92.19% | bal_acc=87.90% | macro_f1=0.9046 | weighted_f1=0.9215 | precision_macro=0.9362 | recall_macro=0.8790 | qwk=0.9035 | mae=0.0879
        ovr_roc_auc_macro=0.9897 | ovr_pr_auc_macro=0.9695
  -> best macro_f1 updated to 0.9046 (epoch 36)
Epoch 37/60 | Time 0m11s
  Train | loss=0.0877 | top1=96.96% | top2=99.85% | top3=100.00%
  Valid | loss=0.2228 | top1=91.41% | top2=98.63% | top3=100.00% | acc=91.41% | bal_acc=86.92% | macro_f1=0.8959 | weighted_f1=0.9134 | precision_macro=0.9288 | recall_macro=0.8692 | qwk=0.8910 | mae=0.0977
        ovr_roc_auc_macro=0.9893 | ovr_pr_auc_macro=0.9686
Epoch 38/60 | Time 0m11s
  Train | loss=0.0890 | top1=97.11% | top2=99.78% | top3=100.00%
  Valid | loss=0.2113 | top1=92.38% | top2=99.22% | top3=100.00% | acc=92.38% | bal_acc=88.29% | macro_f1=0.9069 | weighted_f1=0.9236 | precision_macro=0.9367 | recall_macro=0.8829 | qwk=0.9158 | mae=0.0820
        ovr_roc_auc_macro=0.9892 | ovr_pr_auc_macro=0.9688
  -> best macro_f1 updated to 0.9069 (epoch 38)
Epoch 39/60 | Time 0m11s
  Train | loss=0.0904 | top1=96.96% | top2=99.85% | top3=100.00%
  Valid | loss=0.2111 | top1=92.58% | top2=98.63% | top3=100.00% | acc=92.58% | bal_acc=88.55% | macro_f1=0.9077 | weighted_f1=0.9258 | precision_macro=0.9354 | recall_macro=0.8855 | qwk=0.9070 | mae=0.0840
        ovr_roc_auc_macro=0.9891 | ovr_pr_auc_macro=0.9693
  -> best macro_f1 updated to 0.9077 (epoch 39)
Epoch 40/60 | Time 0m11s
  Train | loss=0.0819 | top1=97.33% | top2=99.80% | top3=100.00%
  Valid | loss=0.1998 | top1=93.16% | top2=99.02% | top3=100.00% | acc=93.16% | bal_acc=88.72% | macro_f1=0.9128 | weighted_f1=0.9316 | precision_macro=0.9449 | recall_macro=0.8872 | qwk=0.9218 | mae=0.0742
        ovr_roc_auc_macro=0.9910 | ovr_pr_auc_macro=0.9734
  -> best macro_f1 updated to 0.9128 (epoch 40)
Epoch 41/60 | Time 0m11s
  Train | loss=0.0789 | top1=97.31% | top2=99.85% | top3=100.00%
  Valid | loss=0.1932 | top1=93.75% | top2=98.63% | top3=100.00% | acc=93.75% | bal_acc=89.18% | macro_f1=0.9166 | weighted_f1=0.9373 | precision_macro=0.9472 | recall_macro=0.8918 | qwk=0.9226 | mae=0.0703
        ovr_roc_auc_macro=0.9909 | ovr_pr_auc_macro=0.9729
  -> best macro_f1 updated to 0.9166 (epoch 41)
Epoch 42/60 | Time 0m11s
  Train | loss=0.0677 | top1=97.59% | top2=99.96% | top3=100.00%
  Valid | loss=0.1996 | top1=93.55% | top2=98.83% | top3=100.00% | acc=93.55% | bal_acc=88.75% | macro_f1=0.9154 | weighted_f1=0.9351 | precision_macro=0.9497 | recall_macro=0.8875 | qwk=0.9101 | mae=0.0762
        ovr_roc_auc_macro=0.9910 | ovr_pr_auc_macro=0.9745
Epoch 43/60 | Time 0m11s
  Train | loss=0.0716 | top1=97.72% | top2=99.93% | top3=100.00%
  Valid | loss=0.1822 | top1=92.97% | top2=99.02% | top3=100.00% | acc=92.97% | bal_acc=88.50% | macro_f1=0.9105 | weighted_f1=0.9295 | precision_macro=0.9420 | recall_macro=0.8850 | qwk=0.9152 | mae=0.0781
        ovr_roc_auc_macro=0.9919 | ovr_pr_auc_macro=0.9756
Epoch 44/60 | Time 0m11s
  Train | loss=0.0681 | top1=97.63% | top2=99.85% | top3=100.00%
  Valid | loss=0.1872 | top1=93.75% | top2=98.44% | top3=100.00% | acc=93.75% | bal_acc=88.97% | macro_f1=0.9185 | weighted_f1=0.9372 | precision_macro=0.9541 | recall_macro=0.8897 | qwk=0.9270 | mae=0.0684
        ovr_roc_auc_macro=0.9918 | ovr_pr_auc_macro=0.9760
  -> best macro_f1 updated to 0.9185 (epoch 44)
Epoch 45/60 | Time 0m11s
  Train | loss=0.0653 | top1=97.74% | top2=99.93% | top3=100.00%
  Valid | loss=0.1841 | top1=93.55% | top2=99.22% | top3=100.00% | acc=93.55% | bal_acc=89.04% | macro_f1=0.9167 | weighted_f1=0.9352 | precision_macro=0.9490 | recall_macro=0.8904 | qwk=0.9154 | mae=0.0742
        ovr_roc_auc_macro=0.9919 | ovr_pr_auc_macro=0.9754
Epoch 46/60 | Time 0m11s
  Train | loss=0.0562 | top1=98.22% | top2=99.91% | top3=100.00%
  Valid | loss=0.1780 | top1=93.75% | top2=98.63% | top3=100.00% | acc=93.75% | bal_acc=89.10% | macro_f1=0.9167 | weighted_f1=0.9371 | precision_macro=0.9483 | recall_macro=0.8910 | qwk=0.9175 | mae=0.0723
        ovr_roc_auc_macro=0.9923 | ovr_pr_auc_macro=0.9761
Epoch 47/60 | Time 0m11s
  Train | loss=0.0558 | top1=98.24% | top2=99.96% | top3=100.00%
  Valid | loss=0.1725 | top1=93.36% | top2=99.02% | top3=100.00% | acc=93.36% | bal_acc=89.23% | macro_f1=0.9169 | weighted_f1=0.9335 | precision_macro=0.9473 | recall_macro=0.8923 | qwk=0.9190 | mae=0.0742
        ovr_roc_auc_macro=0.9930 | ovr_pr_auc_macro=0.9854
Epoch 48/60 | Time 0m11s
  Train | loss=0.0577 | top1=98.24% | top2=99.93% | top3=100.00%
  Valid | loss=0.1694 | top1=94.53% | top2=98.83% | top3=100.00% | acc=94.53% | bal_acc=90.15% | macro_f1=0.9273 | weighted_f1=0.9452 | precision_macro=0.9591 | recall_macro=0.9015 | qwk=0.9400 | mae=0.0586
        ovr_roc_auc_macro=0.9927 | ovr_pr_auc_macro=0.9769
  -> best macro_f1 updated to 0.9273 (epoch 48)
Epoch 49/60 | Time 0m11s
  Train | loss=0.0610 | top1=97.98% | top2=99.93% | top3=100.00%
  Valid | loss=0.1663 | top1=93.95% | top2=99.22% | top3=100.00% | acc=93.95% | bal_acc=89.78% | macro_f1=0.9218 | weighted_f1=0.9393 | precision_macro=0.9514 | recall_macro=0.8978 | qwk=0.9246 | mae=0.0684
        ovr_roc_auc_macro=0.9932 | ovr_pr_auc_macro=0.9780
Epoch 50/60 | Time 0m11s
  Train | loss=0.0569 | top1=98.18% | top2=99.87% | top3=100.00%
  Valid | loss=0.1711 | top1=93.95% | top2=99.02% | top3=100.00% | acc=93.95% | bal_acc=89.57% | macro_f1=0.9218 | weighted_f1=0.9393 | precision_macro=0.9538 | recall_macro=0.8957 | qwk=0.9189 | mae=0.0703
        ovr_roc_auc_macro=0.9929 | ovr_pr_auc_macro=0.9855
Epoch 51/60 | Time 0m11s
  Train | loss=0.0518 | top1=98.33% | top2=99.96% | top3=100.00%
  Valid | loss=0.1732 | top1=94.14% | top2=99.22% | top3=100.00% | acc=94.14% | bal_acc=89.79% | macro_f1=0.9219 | weighted_f1=0.9413 | precision_macro=0.9518 | recall_macro=0.8979 | qwk=0.9206 | mae=0.0684
        ovr_roc_auc_macro=0.9932 | ovr_pr_auc_macro=0.9778
Epoch 52/60 | Time 0m11s
  Train | loss=0.0545 | top1=98.29% | top2=99.91% | top3=100.00%
  Valid | loss=0.1646 | top1=93.95% | top2=98.83% | top3=100.00% | acc=93.95% | bal_acc=89.07% | macro_f1=0.9198 | weighted_f1=0.9391 | precision_macro=0.9558 | recall_macro=0.8907 | qwk=0.9236 | mae=0.0684
        ovr_roc_auc_macro=0.9937 | ovr_pr_auc_macro=0.9872
Epoch 53/60 | Time 0m11s
  Train | loss=0.0523 | top1=98.33% | top2=99.89% | top3=100.00%
  Valid | loss=0.1775 | top1=94.14% | top2=98.63% | top3=100.00% | acc=94.14% | bal_acc=89.21% | macro_f1=0.9209 | weighted_f1=0.9411 | precision_macro=0.9564 | recall_macro=0.8921 | qwk=0.9306 | mae=0.0645
        ovr_roc_auc_macro=0.9936 | ovr_pr_auc_macro=0.9871
Epoch 54/60 | Time 0m11s
  Train | loss=0.0414 | top1=98.85% | top2=100.00% | top3=100.00%
  Valid | loss=0.1633 | top1=94.34% | top2=98.83% | top3=100.00% | acc=94.34% | bal_acc=89.60% | macro_f1=0.9235 | weighted_f1=0.9432 | precision_macro=0.9576 | recall_macro=0.8960 | qwk=0.9325 | mae=0.0625
        ovr_roc_auc_macro=0.9938 | ovr_pr_auc_macro=0.9786
Epoch 55/60 | Time 0m11s
  Train | loss=0.0517 | top1=98.29% | top2=99.98% | top3=100.00%
  Valid | loss=0.1653 | top1=94.34% | top2=98.83% | top3=100.00% | acc=94.34% | bal_acc=89.68% | macro_f1=0.9250 | weighted_f1=0.9430 | precision_macro=0.9595 | recall_macro=0.8968 | qwk=0.9277 | mae=0.0645
        ovr_roc_auc_macro=0.9937 | ovr_pr_auc_macro=0.9872
Epoch 56/60 | Time 0m11s
  Train | loss=0.0474 | top1=98.55% | top2=99.89% | top3=100.00%
  Valid | loss=0.1608 | top1=94.34% | top2=99.22% | top3=100.00% | acc=94.34% | bal_acc=89.85% | macro_f1=0.9240 | weighted_f1=0.9432 | precision_macro=0.9555 | recall_macro=0.8985 | qwk=0.9276 | mae=0.0645
        ovr_roc_auc_macro=0.9938 | ovr_pr_auc_macro=0.9870
Epoch 57/60 | Time 0m11s
  Train | loss=0.0529 | top1=98.13% | top2=99.93% | top3=100.00%
  Valid | loss=0.1616 | top1=94.34% | top2=98.83% | top3=100.00% | acc=94.34% | bal_acc=89.85% | macro_f1=0.9240 | weighted_f1=0.9432 | precision_macro=0.9555 | recall_macro=0.8985 | qwk=0.9276 | mae=0.0645
        ovr_roc_auc_macro=0.9937 | ovr_pr_auc_macro=0.9788
Epoch 58/60 | Time 0m11s
  Train | loss=0.0459 | top1=98.59% | top2=99.98% | top3=100.00%
  Valid | loss=0.1620 | top1=94.34% | top2=99.41% | top3=100.00% | acc=94.34% | bal_acc=90.06% | macro_f1=0.9240 | weighted_f1=0.9433 | precision_macro=0.9531 | recall_macro=0.9006 | qwk=0.9332 | mae=0.0625
        ovr_roc_auc_macro=0.9936 | ovr_pr_auc_macro=0.9864
Epoch 59/60 | Time 0m11s
  Train | loss=0.0507 | top1=98.35% | top2=99.91% | top3=100.00%
  Valid | loss=0.1602 | top1=94.34% | top2=99.22% | top3=100.00% | acc=94.34% | bal_acc=89.85% | macro_f1=0.9240 | weighted_f1=0.9432 | precision_macro=0.9555 | recall_macro=0.8985 | qwk=0.9276 | mae=0.0645
        ovr_roc_auc_macro=0.9936 | ovr_pr_auc_macro=0.9866
Epoch 60/60 | Time 0m11s
  Train | loss=0.0431 | top1=98.72% | top2=99.91% | top3=100.00%
  Valid | loss=0.1638 | top1=94.14% | top2=99.02% | top3=100.00% | acc=94.14% | bal_acc=89.25% | macro_f1=0.9209 | weighted_f1=0.9411 | precision_macro=0.9562 | recall_macro=0.8925 | qwk=0.9305 | mae=0.0645
        ovr_roc_auc_macro=0.9937 | ovr_pr_auc_macro=0.9870

[TEST] loss=ce
  Test | loss=0.1455 | top1=95.08% | top2=99.06% | top3=100.00% | acc=95.08% | bal_acc=94.57% | macro_f1=0.9499 | weighted_f1=0.9510 | precision_macro=0.9555 | recall_macro=0.9457 | qwk=0.9418 | mae=0.0547
        ovr_roc_auc_macro=0.9948 | ovr_pr_auc_macro=0.9796

==========================================================================================
Summary CSV saved: /root/autodl-tmp/MedVisionLab/Alzheimer_MRI_Loss/logs/ResNet_baseline_controlled_mecsb_vb_koa_adni_10seed_20260803_234110_adni_resnet50_seed8_20260804_115922_summary.csv
Top results by test_macro_f1:
  ce: macro_f1=0.9499, acc=95.08%, bal_acc=94.57%
Log file saved: /root/autodl-tmp/MedVisionLab/Alzheimer_MRI_Loss/logs/ResNet_baseline_controlled_mecsb_vb_koa_adni_10seed_20260803_234110_adni_resnet50_seed8_20260804_115922.log
==========================================================================================

==========================================================================================
RETURN_CODE: 0
