DATASET: ADNI
METHOD: ResNet50 + MESC VersionB + DAST
SEED: 4
SCRIPT: /root/autodl-tmp/MedVisionLab/Alzheimer_MRI_Loss/ResNet_layer3+MECS.py
RUN_TAG: controlled_mecsb_vb_koa_adni_10seed_20260803_234110_adni_resnet50_plus_mesc_versionb_plus_dast_seed4
ALZHEIMER_LOSSES: dast
LOSS: dast
DAST_TAU: 1.0
DAST_GAMMA: 1.5
COMMAND: /root/miniconda3/envs/medvision/bin/python -u /root/autodl-tmp/MedVisionLab/tools/run_training_with_mecsb.py --script /root/autodl-tmp/MedVisionLab/Alzheimer_MRI_Loss/ResNet_layer3+MECS.py
==========================================================================================
MESC_IMPLEMENTATION: MECS_VersionB
ORIGINAL_SCRIPT: /root/autodl-tmp/MedVisionLab/Alzheimer_MRI_Loss/ResNet_layer3+MECS.py
==========================================================================================
Injected attention module: MECS_VersionB
Original training script : /root/autodl-tmp/MedVisionLab/Alzheimer_MRI_Loss/ResNet_layer3+MECS.py
Dataset                  : ADNI
Original source modified : no
==========================================================================================
==========================================================================================
Script: ResNet_layer3+MECS
Run tag: controlled_mecsb_vb_koa_adni_10seed_20260803_234110_adni_resnet50_plus_mesc_versionb_plus_dast_seed4
Module: MECS VersionB | Insert after: layer3
Device: cuda
CUDA: NVIDIA GeForce RTX 3090
Data root: /root/autodl-tmp/Augmented_Alzheimer_MRI/OriginalDataset
Class order: ['NonDemented', 'VeryMildDemented', 'MildDemented', 'ModerateDemented'] (used for labels/QWK/MAE/ordinal losses)
Config | seed=4, batch_size=32, epochs=60, num_workers=2, image_size=224, base_lr=0.0001, test_ratio=0.2, val_ratio_within_train=0.1, patience=15
Losses to run: ['dast']
DAST config | tau=1.0000, gamma=1.5000
==========================================================================================
Split sizes | train=4608, valid=512, test=1280
Classes (4): ['NonDemented', 'VeryMildDemented', 'MildDemented', 'ModerateDemented']
Train class counts: [2304, 1613, 645, 46]
Valid class counts: [256, 179, 72, 5]
Test class counts : [640, 448, 179, 13]
Loading torchvision ResNet50 pretrained weights once...
Pretrained state keys: 320

##########################################################################################
Starting loss: dast
##########################################################################################
Model params: 27,303,248 | pretrained loaded: 320/346 | feat_dim=2048
Criterion: DistanceAwareSoftTargetLoss
Criterion trainable params: 0
Criterion hparams | tau=1.0000, gamma=1.5000
Epoch 01/60 | Time 0m14s
  Train | loss=0.8181 | top1=49.00% | top2=82.79% | top3=98.78%
  Valid | loss=0.7601 | top1=50.20% | top2=84.96% | top3=99.02% | acc=50.20% | bal_acc=25.14% | macro_f1=0.1697 | weighted_f1=0.3377 | precision_macro=0.3752 | recall_macro=0.2514 | qwk=0.0013 | mae=0.6582
        ovr_roc_auc_macro=0.5446 | ovr_pr_auc_macro=0.2908
  -> best macro_f1 updated to 0.1697 (epoch 1)
Epoch 02/60 | Time 0m13s
  Train | loss=0.7269 | top1=50.00% | top2=85.00% | top3=99.00%
  Valid | loss=0.7083 | top1=50.39% | top2=84.96% | top3=99.02% | acc=50.39% | bal_acc=25.57% | macro_f1=0.1891 | weighted_f1=0.3645 | precision_macro=0.2390 | recall_macro=0.2557 | qwk=0.0190 | mae=0.6484
        ovr_roc_auc_macro=0.6436 | ovr_pr_auc_macro=0.3407
  -> best macro_f1 updated to 0.1891 (epoch 2)
Epoch 03/60 | Time 0m13s
  Train | loss=0.6995 | top1=52.06% | top2=85.00% | top3=99.00%
  Valid | loss=0.6890 | top1=55.08% | top2=84.96% | top3=99.02% | acc=55.08% | bal_acc=30.35% | macro_f1=0.2758 | weighted_f1=0.4903 | precision_macro=0.2601 | recall_macro=0.3035 | qwk=0.2327 | mae=0.5273
        ovr_roc_auc_macro=0.7086 | ovr_pr_auc_macro=0.3889
  -> best macro_f1 updated to 0.2758 (epoch 3)
Epoch 04/60 | Time 0m13s
  Train | loss=0.6815 | top1=55.53% | top2=85.03% | top3=99.00%
  Valid | loss=0.6728 | top1=57.81% | top2=86.52% | top3=99.02% | acc=57.81% | bal_acc=34.58% | macro_f1=0.3129 | weighted_f1=0.5408 | precision_macro=0.3018 | recall_macro=0.3458 | qwk=0.3874 | mae=0.4473
        ovr_roc_auc_macro=0.7233 | ovr_pr_auc_macro=0.4192
  -> best macro_f1 updated to 0.3129 (epoch 4)
Epoch 05/60 | Time 0m13s
  Train | loss=0.6647 | top1=57.01% | top2=86.02% | top3=99.00%
  Valid | loss=0.6551 | top1=61.33% | top2=87.30% | top3=99.02% | acc=61.33% | bal_acc=36.25% | macro_f1=0.3302 | weighted_f1=0.5726 | precision_macro=0.3126 | recall_macro=0.3625 | qwk=0.4401 | mae=0.4121
        ovr_roc_auc_macro=0.7580 | ovr_pr_auc_macro=0.4382
  -> best macro_f1 updated to 0.3302 (epoch 5)
Epoch 06/60 | Time 0m13s
  Train | loss=0.6527 | top1=58.66% | top2=87.04% | top3=99.00%
  Valid | loss=0.6433 | top1=61.13% | top2=88.48% | top3=99.02% | acc=61.13% | bal_acc=36.20% | macro_f1=0.3294 | weighted_f1=0.5712 | precision_macro=0.3129 | recall_macro=0.3620 | qwk=0.4431 | mae=0.4121
        ovr_roc_auc_macro=0.7767 | ovr_pr_auc_macro=0.4577
Epoch 07/60 | Time 0m13s
  Train | loss=0.6396 | top1=60.50% | top2=88.30% | top3=99.00%
  Valid | loss=0.6325 | top1=63.67% | top2=88.87% | top3=99.02% | acc=63.67% | bal_acc=37.34% | macro_f1=0.3411 | weighted_f1=0.5925 | precision_macro=0.3194 | recall_macro=0.3734 | qwk=0.4682 | mae=0.3906
        ovr_roc_auc_macro=0.8111 | ovr_pr_auc_macro=0.4697
  -> best macro_f1 updated to 0.3411 (epoch 7)
Epoch 08/60 | Time 0m13s
  Train | loss=0.6291 | top1=62.59% | top2=89.47% | top3=99.00%
  Valid | loss=0.6265 | top1=63.28% | top2=89.26% | top3=99.02% | acc=63.28% | bal_acc=36.05% | macro_f1=0.3316 | weighted_f1=0.5805 | precision_macro=0.3071 | recall_macro=0.3605 | qwk=0.4402 | mae=0.4082
        ovr_roc_auc_macro=0.8415 | ovr_pr_auc_macro=0.5172
Epoch 09/60 | Time 0m13s
  Train | loss=0.6185 | top1=65.34% | top2=90.78% | top3=99.00%
  Valid | loss=0.6163 | top1=65.62% | top2=90.62% | top3=99.02% | acc=65.62% | bal_acc=39.93% | macro_f1=0.4017 | weighted_f1=0.6242 | precision_macro=0.5444 | recall_macro=0.3993 | qwk=0.4891 | mae=0.3848
        ovr_roc_auc_macro=0.8643 | ovr_pr_auc_macro=0.5858
  -> best macro_f1 updated to 0.4017 (epoch 9)
Epoch 10/60 | Time 0m13s
  Train | loss=0.6008 | top1=68.84% | top2=92.04% | top3=99.15%
  Valid | loss=0.5901 | top1=70.12% | top2=92.77% | top3=99.22% | acc=70.12% | bal_acc=45.29% | macro_f1=0.4644 | weighted_f1=0.6822 | precision_macro=0.5107 | recall_macro=0.4529 | qwk=0.5935 | mae=0.3320
        ovr_roc_auc_macro=0.8969 | ovr_pr_auc_macro=0.5987
  -> best macro_f1 updated to 0.4644 (epoch 10)
Epoch 11/60 | Time 0m13s
  Train | loss=0.5850 | top1=70.94% | top2=93.68% | top3=99.41%
  Valid | loss=0.5887 | top1=69.53% | top2=92.58% | top3=99.61% | acc=69.53% | bal_acc=44.13% | macro_f1=0.4514 | weighted_f1=0.6731 | precision_macro=0.5143 | recall_macro=0.4413 | qwk=0.5677 | mae=0.3398
        ovr_roc_auc_macro=0.9047 | ovr_pr_auc_macro=0.6428
Epoch 12/60 | Time 0m13s
  Train | loss=0.5647 | top1=75.22% | top2=95.14% | top3=99.63%
  Valid | loss=0.5923 | top1=71.09% | top2=91.99% | top3=99.41% | acc=71.09% | bal_acc=54.98% | macro_f1=0.5186 | weighted_f1=0.7137 | precision_macro=0.5062 | recall_macro=0.5498 | qwk=0.7075 | mae=0.3086
        ovr_roc_auc_macro=0.9051 | ovr_pr_auc_macro=0.6851
  -> best macro_f1 updated to 0.5186 (epoch 12)
Epoch 13/60 | Time 0m13s
  Train | loss=0.5440 | top1=78.93% | top2=96.57% | top3=99.67%
  Valid | loss=0.5550 | top1=77.15% | top2=97.46% | top3=99.61% | acc=77.15% | bal_acc=56.97% | macro_f1=0.5622 | weighted_f1=0.7656 | precision_macro=0.5571 | recall_macro=0.5697 | qwk=0.7488 | mae=0.2441
        ovr_roc_auc_macro=0.9297 | ovr_pr_auc_macro=0.7292
  -> best macro_f1 updated to 0.5622 (epoch 13)
Epoch 14/60 | Time 0m13s
  Train | loss=0.5257 | top1=82.60% | top2=97.81% | top3=99.74%
  Valid | loss=0.5420 | top1=79.10% | top2=97.07% | top3=99.80% | acc=79.10% | bal_acc=58.54% | macro_f1=0.5783 | weighted_f1=0.7900 | precision_macro=0.5739 | recall_macro=0.5854 | qwk=0.7776 | mae=0.2188
        ovr_roc_auc_macro=0.9475 | ovr_pr_auc_macro=0.7825
  -> best macro_f1 updated to 0.5783 (epoch 14)
Epoch 15/60 | Time 0m13s
  Train | loss=0.5072 | top1=85.24% | top2=98.44% | top3=99.85%
  Valid | loss=0.5137 | top1=84.77% | top2=97.46% | top3=99.80% | acc=84.77% | bal_acc=67.14% | macro_f1=0.7053 | weighted_f1=0.8444 | precision_macro=0.8733 | recall_macro=0.6714 | qwk=0.8088 | mae=0.1699
        ovr_roc_auc_macro=0.9666 | ovr_pr_auc_macro=0.8640
  -> best macro_f1 updated to 0.7053 (epoch 15)
Epoch 16/60 | Time 0m13s
  Train | loss=0.4953 | top1=87.41% | top2=98.42% | top3=99.89%
  Valid | loss=0.5113 | top1=85.16% | top2=97.27% | top3=100.00% | acc=85.16% | bal_acc=70.25% | macro_f1=0.7564 | weighted_f1=0.8485 | precision_macro=0.8817 | recall_macro=0.7025 | qwk=0.8134 | mae=0.1641
        ovr_roc_auc_macro=0.9689 | ovr_pr_auc_macro=0.9198
  -> best macro_f1 updated to 0.7564 (epoch 16)
Epoch 17/60 | Time 0m13s
  Train | loss=0.4853 | top1=90.23% | top2=98.87% | top3=99.91%
  Valid | loss=0.5092 | top1=86.91% | top2=98.44% | top3=100.00% | acc=86.91% | bal_acc=78.69% | macro_f1=0.8072 | weighted_f1=0.8685 | precision_macro=0.8320 | recall_macro=0.7869 | qwk=0.8450 | mae=0.1445
        ovr_roc_auc_macro=0.9691 | ovr_pr_auc_macro=0.8857
  -> best macro_f1 updated to 0.8072 (epoch 17)
Epoch 18/60 | Time 0m13s
  Train | loss=0.4711 | top1=92.30% | top2=99.35% | top3=99.96%
  Valid | loss=0.4867 | top1=88.28% | top2=98.63% | top3=100.00% | acc=88.28% | bal_acc=80.55% | macro_f1=0.8451 | weighted_f1=0.8834 | precision_macro=0.9137 | recall_macro=0.8055 | qwk=0.8635 | mae=0.1270
        ovr_roc_auc_macro=0.9830 | ovr_pr_auc_macro=0.9647
  -> best macro_f1 updated to 0.8451 (epoch 18)
Epoch 19/60 | Time 0m13s
  Train | loss=0.4633 | top1=93.66% | top2=99.54% | top3=100.00%
  Valid | loss=0.4922 | top1=87.30% | top2=98.05% | top3=100.00% | acc=87.30% | bal_acc=81.51% | macro_f1=0.8523 | weighted_f1=0.8714 | precision_macro=0.9142 | recall_macro=0.8151 | qwk=0.8487 | mae=0.1367
        ovr_roc_auc_macro=0.9840 | ovr_pr_auc_macro=0.9666
  -> best macro_f1 updated to 0.8523 (epoch 19)
Epoch 20/60 | Time 0m13s
  Train | loss=0.4567 | top1=94.08% | top2=99.54% | top3=100.00%
  Valid | loss=0.4683 | top1=92.38% | top2=98.63% | top3=100.00% | acc=92.38% | bal_acc=88.21% | macro_f1=0.9084 | weighted_f1=0.9237 | precision_macro=0.9409 | recall_macro=0.8821 | qwk=0.9043 | mae=0.0859
        ovr_roc_auc_macro=0.9888 | ovr_pr_auc_macro=0.9782
  -> best macro_f1 updated to 0.9084 (epoch 20)
Epoch 21/60 | Time 0m13s
  Train | loss=0.4492 | top1=95.42% | top2=99.63% | top3=100.00%
  Valid | loss=0.4778 | top1=90.04% | top2=98.83% | top3=100.00% | acc=90.04% | bal_acc=86.03% | macro_f1=0.8872 | weighted_f1=0.9003 | precision_macro=0.9206 | recall_macro=0.8603 | qwk=0.8933 | mae=0.1055
        ovr_roc_auc_macro=0.9828 | ovr_pr_auc_macro=0.9686
Epoch 22/60 | Time 0m13s
  Train | loss=0.4454 | top1=95.72% | top2=99.57% | top3=99.98%
  Valid | loss=0.4663 | top1=91.41% | top2=99.02% | top3=100.00% | acc=91.41% | bal_acc=94.11% | macro_f1=0.9262 | weighted_f1=0.9136 | precision_macro=0.9182 | recall_macro=0.9411 | qwk=0.9177 | mae=0.0898
        ovr_roc_auc_macro=0.9913 | ovr_pr_auc_macro=0.9838
  -> best macro_f1 updated to 0.9262 (epoch 22)
Epoch 23/60 | Time 0m13s
  Train | loss=0.4428 | top1=96.14% | top2=99.72% | top3=100.00%
  Valid | loss=0.4879 | top1=87.89% | top2=98.63% | top3=100.00% | acc=87.89% | bal_acc=88.48% | macro_f1=0.9050 | weighted_f1=0.8768 | precision_macro=0.9367 | recall_macro=0.8848 | qwk=0.8534 | mae=0.1348
        ovr_roc_auc_macro=0.9866 | ovr_pr_auc_macro=0.9771
Epoch 24/60 | Time 0m13s
  Train | loss=0.4398 | top1=96.38% | top2=99.87% | top3=100.00%
  Valid | loss=0.4527 | top1=93.75% | top2=99.22% | top3=100.00% | acc=93.75% | bal_acc=94.71% | macro_f1=0.9520 | weighted_f1=0.9379 | precision_macro=0.9584 | recall_macro=0.9471 | qwk=0.9434 | mae=0.0625
        ovr_roc_auc_macro=0.9940 | ovr_pr_auc_macro=0.9905
  -> best macro_f1 updated to 0.9520 (epoch 24)
Epoch 25/60 | Time 0m13s
  Train | loss=0.4322 | top1=97.35% | top2=99.91% | top3=100.00%
  Valid | loss=0.4571 | top1=93.36% | top2=99.61% | top3=100.00% | acc=93.36% | bal_acc=94.52% | macro_f1=0.9500 | weighted_f1=0.9345 | precision_macro=0.9592 | recall_macro=0.9452 | qwk=0.9391 | mae=0.0664
        ovr_roc_auc_macro=0.9947 | ovr_pr_auc_macro=0.9918
Epoch 26/60 | Time 0m13s
  Train | loss=0.4321 | top1=97.50% | top2=99.89% | top3=100.00%
  Valid | loss=0.4472 | top1=94.34% | top2=99.61% | top3=100.00% | acc=94.34% | bal_acc=95.54% | macro_f1=0.9597 | weighted_f1=0.9437 | precision_macro=0.9649 | recall_macro=0.9554 | qwk=0.9436 | mae=0.0586
        ovr_roc_auc_macro=0.9950 | ovr_pr_auc_macro=0.9919
  -> best macro_f1 updated to 0.9597 (epoch 26)
Epoch 27/60 | Time 0m13s
  Train | loss=0.4285 | top1=98.09% | top2=99.93% | top3=100.00%
  Valid | loss=0.4493 | top1=94.53% | top2=100.00% | top3=100.00% | acc=94.53% | bal_acc=96.18% | macro_f1=0.9629 | weighted_f1=0.9449 | precision_macro=0.9649 | recall_macro=0.9618 | qwk=0.9469 | mae=0.0566
        ovr_roc_auc_macro=0.9920 | ovr_pr_auc_macro=0.9891
  -> best macro_f1 updated to 0.9629 (epoch 27)
Epoch 28/60 | Time 0m13s
  Train | loss=0.4257 | top1=98.46% | top2=99.93% | top3=100.00%
  Valid | loss=0.4504 | top1=94.73% | top2=99.02% | top3=100.00% | acc=94.73% | bal_acc=96.61% | macro_f1=0.9659 | weighted_f1=0.9477 | precision_macro=0.9668 | recall_macro=0.9661 | qwk=0.9526 | mae=0.0527
        ovr_roc_auc_macro=0.9931 | ovr_pr_auc_macro=0.9882
  -> best macro_f1 updated to 0.9659 (epoch 28)
Epoch 29/60 | Time 0m13s
  Train | loss=0.4269 | top1=98.03% | top2=99.85% | top3=100.00%
  Valid | loss=0.4476 | top1=95.12% | top2=99.41% | top3=100.00% | acc=95.12% | bal_acc=96.52% | macro_f1=0.9645 | weighted_f1=0.9514 | precision_macro=0.9644 | recall_macro=0.9652 | qwk=0.9511 | mae=0.0508
        ovr_roc_auc_macro=0.9948 | ovr_pr_auc_macro=0.9914
Epoch 30/60 | Time 0m13s
  Train | loss=0.4240 | top1=98.59% | top2=99.96% | top3=100.00%
  Valid | loss=0.4369 | top1=96.88% | top2=100.00% | top3=100.00% | acc=96.88% | bal_acc=98.19% | macro_f1=0.9800 | weighted_f1=0.9688 | precision_macro=0.9783 | recall_macro=0.9819 | qwk=0.9671 | mae=0.0332
        ovr_roc_auc_macro=0.9965 | ovr_pr_auc_macro=0.9950
  -> best macro_f1 updated to 0.9800 (epoch 30)
Epoch 31/60 | Time 0m13s
  Train | loss=0.4217 | top1=98.85% | top2=100.00% | top3=100.00%
  Valid | loss=0.4300 | top1=97.27% | top2=99.80% | top3=100.00% | acc=97.27% | bal_acc=98.09% | macro_f1=0.9821 | weighted_f1=0.9727 | precision_macro=0.9834 | recall_macro=0.9809 | qwk=0.9757 | mae=0.0273
        ovr_roc_auc_macro=0.9984 | ovr_pr_auc_macro=0.9975
  -> best macro_f1 updated to 0.9821 (epoch 31)
Epoch 32/60 | Time 0m13s
  Train | loss=0.4206 | top1=98.91% | top2=99.96% | top3=100.00%
  Valid | loss=0.4359 | top1=96.48% | top2=99.61% | top3=100.00% | acc=96.48% | bal_acc=97.58% | macro_f1=0.9740 | weighted_f1=0.9650 | precision_macro=0.9727 | recall_macro=0.9758 | qwk=0.9635 | mae=0.0371
        ovr_roc_auc_macro=0.9974 | ovr_pr_auc_macro=0.9954
Epoch 33/60 | Time 0m13s
  Train | loss=0.4231 | top1=98.55% | top2=99.96% | top3=100.00%
  Valid | loss=0.4380 | top1=96.09% | top2=99.61% | top3=100.00% | acc=96.09% | bal_acc=96.67% | macro_f1=0.9703 | weighted_f1=0.9612 | precision_macro=0.9751 | recall_macro=0.9667 | qwk=0.9594 | mae=0.0410
        ovr_roc_auc_macro=0.9960 | ovr_pr_auc_macro=0.9929
Epoch 34/60 | Time 0m13s
  Train | loss=0.4186 | top1=99.09% | top2=100.00% | top3=100.00%
  Valid | loss=0.4344 | top1=96.09% | top2=99.80% | top3=100.00% | acc=96.09% | bal_acc=97.58% | macro_f1=0.9693 | weighted_f1=0.9609 | precision_macro=0.9635 | recall_macro=0.9758 | qwk=0.9608 | mae=0.0410
        ovr_roc_auc_macro=0.9970 | ovr_pr_auc_macro=0.9946
Epoch 35/60 | Time 0m13s
  Train | loss=0.4175 | top1=99.24% | top2=100.00% | top3=100.00%
  Valid | loss=0.4328 | top1=96.88% | top2=99.61% | top3=100.00% | acc=96.88% | bal_acc=96.65% | macro_f1=0.9734 | weighted_f1=0.9686 | precision_macro=0.9812 | recall_macro=0.9665 | qwk=0.9666 | mae=0.0332
        ovr_roc_auc_macro=0.9984 | ovr_pr_auc_macro=0.9970
Epoch 36/60 | Time 0m13s
  Train | loss=0.4167 | top1=99.41% | top2=99.98% | top3=100.00%
  Valid | loss=0.4286 | top1=97.27% | top2=100.00% | top3=100.00% | acc=97.27% | bal_acc=97.59% | macro_f1=0.9784 | weighted_f1=0.9728 | precision_macro=0.9820 | recall_macro=0.9759 | qwk=0.9754 | mae=0.0273
        ovr_roc_auc_macro=0.9988 | ovr_pr_auc_macro=0.9981
Epoch 37/60 | Time 0m13s
  Train | loss=0.4217 | top1=98.50% | top2=99.87% | top3=99.98%
  Valid | loss=0.4261 | top1=97.85% | top2=100.00% | top3=100.00% | acc=97.85% | bal_acc=98.55% | macro_f1=0.9858 | weighted_f1=0.9786 | precision_macro=0.9862 | recall_macro=0.9855 | qwk=0.9809 | mae=0.0215
        ovr_roc_auc_macro=0.9984 | ovr_pr_auc_macro=0.9972
  -> best macro_f1 updated to 0.9858 (epoch 37)
Epoch 38/60 | Time 0m13s
  Train | loss=0.4186 | top1=98.96% | top2=99.93% | top3=99.98%
  Valid | loss=0.4310 | top1=97.66% | top2=99.80% | top3=100.00% | acc=97.66% | bal_acc=98.62% | macro_f1=0.9833 | weighted_f1=0.9766 | precision_macro=0.9806 | recall_macro=0.9862 | qwk=0.9793 | mae=0.0234
        ovr_roc_auc_macro=0.9978 | ovr_pr_auc_macro=0.9958
Epoch 39/60 | Time 0m13s
  Train | loss=0.4177 | top1=99.13% | top2=99.96% | top3=100.00%
  Valid | loss=0.4292 | top1=97.27% | top2=100.00% | top3=100.00% | acc=97.27% | bal_acc=97.59% | macro_f1=0.9784 | weighted_f1=0.9728 | precision_macro=0.9820 | recall_macro=0.9759 | qwk=0.9754 | mae=0.0273
        ovr_roc_auc_macro=0.9977 | ovr_pr_auc_macro=0.9957
Epoch 40/60 | Time 0m13s
  Train | loss=0.4140 | top1=99.70% | top2=99.98% | top3=100.00%
  Valid | loss=0.4276 | top1=97.66% | top2=100.00% | top3=100.00% | acc=97.66% | bal_acc=97.91% | macro_f1=0.9820 | weighted_f1=0.9766 | precision_macro=0.9851 | recall_macro=0.9791 | qwk=0.9790 | mae=0.0234
        ovr_roc_auc_macro=0.9968 | ovr_pr_auc_macro=0.9933
Epoch 41/60 | Time 0m13s
  Train | loss=0.4143 | top1=99.59% | top2=99.98% | top3=100.00%
  Valid | loss=0.4276 | top1=97.85% | top2=99.61% | top3=100.00% | acc=97.85% | bal_acc=98.34% | macro_f1=0.9845 | weighted_f1=0.9786 | precision_macro=0.9859 | recall_macro=0.9834 | qwk=0.9808 | mae=0.0215
        ovr_roc_auc_macro=0.9962 | ovr_pr_auc_macro=0.9926
Epoch 42/60 | Time 0m13s
  Train | loss=0.4137 | top1=99.65% | top2=100.00% | top3=100.00%
  Valid | loss=0.4325 | top1=97.07% | top2=99.41% | top3=100.00% | acc=97.07% | bal_acc=98.20% | macro_f1=0.9811 | weighted_f1=0.9709 | precision_macro=0.9809 | recall_macro=0.9820 | qwk=0.9738 | mae=0.0293
        ovr_roc_auc_macro=0.9953 | ovr_pr_auc_macro=0.9917
Epoch 43/60 | Time 0m13s
  Train | loss=0.4141 | top1=99.59% | top2=100.00% | top3=100.00%
  Valid | loss=0.4268 | top1=98.05% | top2=99.80% | top3=100.00% | acc=98.05% | bal_acc=98.61% | macro_f1=0.9869 | weighted_f1=0.9805 | precision_macro=0.9878 | recall_macro=0.9861 | qwk=0.9826 | mae=0.0195
        ovr_roc_auc_macro=0.9969 | ovr_pr_auc_macro=0.9962
  -> best macro_f1 updated to 0.9869 (epoch 43)
Epoch 44/60 | Time 0m13s
  Train | loss=0.4144 | top1=99.39% | top2=99.98% | top3=100.00%
  Valid | loss=0.4270 | top1=97.66% | top2=99.80% | top3=100.00% | acc=97.66% | bal_acc=98.49% | macro_f1=0.9846 | weighted_f1=0.9767 | precision_macro=0.9846 | recall_macro=0.9849 | qwk=0.9791 | mae=0.0234
        ovr_roc_auc_macro=0.9970 | ovr_pr_auc_macro=0.9938
Epoch 45/60 | Time 0m13s
  Train | loss=0.4132 | top1=99.74% | top2=99.98% | top3=100.00%
  Valid | loss=0.4246 | top1=98.44% | top2=100.00% | top3=100.00% | acc=98.44% | bal_acc=99.09% | macro_f1=0.9905 | weighted_f1=0.9844 | precision_macro=0.9901 | recall_macro=0.9909 | qwk=0.9861 | mae=0.0156
        ovr_roc_auc_macro=0.9986 | ovr_pr_auc_macro=0.9975
  -> best macro_f1 updated to 0.9905 (epoch 45)
Epoch 46/60 | Time 0m13s
  Train | loss=0.4127 | top1=99.67% | top2=100.00% | top3=100.00%
  Valid | loss=0.4237 | top1=98.24% | top2=100.00% | top3=100.00% | acc=98.24% | bal_acc=99.04% | macro_f1=0.9894 | weighted_f1=0.9825 | precision_macro=0.9885 | recall_macro=0.9904 | qwk=0.9844 | mae=0.0176
        ovr_roc_auc_macro=0.9983 | ovr_pr_auc_macro=0.9957
Epoch 47/60 | Time 0m13s
  Train | loss=0.4124 | top1=99.85% | top2=99.96% | top3=100.00%
  Valid | loss=0.4233 | top1=98.44% | top2=100.00% | top3=100.00% | acc=98.44% | bal_acc=99.13% | macro_f1=0.9905 | weighted_f1=0.9844 | precision_macro=0.9898 | recall_macro=0.9913 | qwk=0.9861 | mae=0.0156
        ovr_roc_auc_macro=0.9990 | ovr_pr_auc_macro=0.9984
Epoch 48/60 | Time 0m13s
  Train | loss=0.4123 | top1=99.80% | top2=99.98% | top3=100.00%
  Valid | loss=0.4283 | top1=97.46% | top2=99.61% | top3=100.00% | acc=97.46% | bal_acc=97.94% | macro_f1=0.9809 | weighted_f1=0.9748 | precision_macro=0.9832 | recall_macro=0.9794 | qwk=0.9772 | mae=0.0254
        ovr_roc_auc_macro=0.9964 | ovr_pr_auc_macro=0.9919
Epoch 49/60 | Time 0m13s
  Train | loss=0.4125 | top1=99.70% | top2=99.98% | top3=100.00%
  Valid | loss=0.4230 | top1=98.05% | top2=99.80% | top3=100.00% | acc=98.05% | bal_acc=98.69% | macro_f1=0.9869 | weighted_f1=0.9805 | precision_macro=0.9872 | recall_macro=0.9869 | qwk=0.9826 | mae=0.0195
        ovr_roc_auc_macro=0.9980 | ovr_pr_auc_macro=0.9960
Epoch 50/60 | Time 0m13s
  Train | loss=0.4119 | top1=99.87% | top2=100.00% | top3=100.00%
  Valid | loss=0.4229 | top1=98.05% | top2=99.80% | top3=100.00% | acc=98.05% | bal_acc=98.69% | macro_f1=0.9869 | weighted_f1=0.9805 | precision_macro=0.9872 | recall_macro=0.9869 | qwk=0.9826 | mae=0.0195
        ovr_roc_auc_macro=0.9991 | ovr_pr_auc_macro=0.9989
Epoch 51/60 | Time 0m13s
  Train | loss=0.4116 | top1=99.87% | top2=100.00% | top3=100.00%
  Valid | loss=0.4211 | top1=98.44% | top2=99.80% | top3=100.00% | acc=98.44% | bal_acc=99.13% | macro_f1=0.9905 | weighted_f1=0.9844 | precision_macro=0.9898 | recall_macro=0.9913 | qwk=0.9861 | mae=0.0156
        ovr_roc_auc_macro=0.9990 | ovr_pr_auc_macro=0.9987
Epoch 52/60 | Time 0m13s
  Train | loss=0.4117 | top1=99.87% | top2=100.00% | top3=100.00%
  Valid | loss=0.4219 | top1=98.44% | top2=100.00% | top3=100.00% | acc=98.44% | bal_acc=99.13% | macro_f1=0.9905 | weighted_f1=0.9844 | precision_macro=0.9898 | recall_macro=0.9913 | qwk=0.9861 | mae=0.0156
        ovr_roc_auc_macro=0.9991 | ovr_pr_auc_macro=0.9985
Epoch 53/60 | Time 0m13s
  Train | loss=0.4112 | top1=99.93% | top2=100.00% | top3=100.00%
  Valid | loss=0.4224 | top1=98.05% | top2=99.80% | top3=100.00% | acc=98.05% | bal_acc=98.69% | macro_f1=0.9869 | weighted_f1=0.9805 | precision_macro=0.9872 | recall_macro=0.9869 | qwk=0.9826 | mae=0.0195
        ovr_roc_auc_macro=0.9990 | ovr_pr_auc_macro=0.9987
Epoch 54/60 | Time 0m13s
  Train | loss=0.4111 | top1=99.91% | top2=100.00% | top3=100.00%
  Valid | loss=0.4213 | top1=98.24% | top2=99.80% | top3=100.00% | acc=98.24% | bal_acc=98.79% | macro_f1=0.9881 | weighted_f1=0.9825 | precision_macro=0.9885 | recall_macro=0.9879 | qwk=0.9843 | mae=0.0176
        ovr_roc_auc_macro=0.9993 | ovr_pr_auc_macro=0.9991
Epoch 55/60 | Time 0m13s
  Train | loss=0.4115 | top1=99.83% | top2=100.00% | top3=100.00%
  Valid | loss=0.4215 | top1=98.05% | top2=99.80% | top3=100.00% | acc=98.05% | bal_acc=98.69% | macro_f1=0.9869 | weighted_f1=0.9805 | precision_macro=0.9872 | recall_macro=0.9869 | qwk=0.9826 | mae=0.0195
        ovr_roc_auc_macro=0.9991 | ovr_pr_auc_macro=0.9983
Epoch 56/60 | Time 0m13s
  Train | loss=0.4110 | top1=99.83% | top2=100.00% | top3=100.00%
  Valid | loss=0.4208 | top1=98.24% | top2=99.80% | top3=100.00% | acc=98.24% | bal_acc=98.79% | macro_f1=0.9881 | weighted_f1=0.9825 | precision_macro=0.9885 | recall_macro=0.9879 | qwk=0.9843 | mae=0.0176
        ovr_roc_auc_macro=0.9992 | ovr_pr_auc_macro=0.9988
Epoch 57/60 | Time 0m13s
  Train | loss=0.4112 | top1=99.91% | top2=100.00% | top3=100.00%
  Valid | loss=0.4212 | top1=98.05% | top2=99.80% | top3=100.00% | acc=98.05% | bal_acc=98.69% | macro_f1=0.9869 | weighted_f1=0.9805 | precision_macro=0.9872 | recall_macro=0.9869 | qwk=0.9826 | mae=0.0195
        ovr_roc_auc_macro=0.9995 | ovr_pr_auc_macro=0.9992
Epoch 58/60 | Time 0m13s
  Train | loss=0.4109 | top1=99.96% | top2=100.00% | top3=100.00%
  Valid | loss=0.4203 | top1=98.24% | top2=99.80% | top3=100.00% | acc=98.24% | bal_acc=98.79% | macro_f1=0.9881 | weighted_f1=0.9825 | precision_macro=0.9885 | recall_macro=0.9879 | qwk=0.9843 | mae=0.0176
        ovr_roc_auc_macro=0.9995 | ovr_pr_auc_macro=0.9993
Epoch 59/60 | Time 0m13s
  Train | loss=0.4109 | top1=99.96% | top2=100.00% | top3=100.00%
  Valid | loss=0.4208 | top1=98.24% | top2=99.80% | top3=100.00% | acc=98.24% | bal_acc=99.04% | macro_f1=0.9894 | weighted_f1=0.9825 | precision_macro=0.9885 | recall_macro=0.9904 | qwk=0.9844 | mae=0.0176
        ovr_roc_auc_macro=0.9994 | ovr_pr_auc_macro=0.9992
Epoch 60/60 | Time 0m13s
  Train | loss=0.4110 | top1=99.96% | top2=100.00% | top3=100.00%
  Valid | loss=0.4200 | top1=98.44% | top2=99.80% | top3=100.00% | acc=98.44% | bal_acc=98.89% | macro_f1=0.9893 | weighted_f1=0.9844 | precision_macro=0.9898 | recall_macro=0.9889 | qwk=0.9861 | mae=0.0156
        ovr_roc_auc_macro=0.9995 | ovr_pr_auc_macro=0.9993
  -> early stopping triggered at epoch 60

[TEST] loss=dast
  Test | loss=0.4202 | top1=98.52% | top2=99.92% | top3=100.00% | acc=98.52% | bal_acc=98.87% | macro_f1=0.9880 | weighted_f1=0.9851 | precision_macro=0.9873 | recall_macro=0.9887 | qwk=0.9869 | mae=0.0148
        ovr_roc_auc_macro=0.9989 | ovr_pr_auc_macro=0.9981

==========================================================================================
Summary CSV saved: /root/autodl-tmp/MedVisionLab/Alzheimer_MRI_Loss/logs/ResNet_layer3+MECS_controlled_mecsb_vb_koa_adni_10seed_20260803_234110_adni_resnet50_plus_mesc_versionb_plus_dast_seed4_20260804_070135_summary.csv
Top results by test_macro_f1:
  dast: macro_f1=0.9880, acc=98.52%, bal_acc=98.87%
Log file saved: /root/autodl-tmp/MedVisionLab/Alzheimer_MRI_Loss/logs/ResNet_layer3+MECS_controlled_mecsb_vb_koa_adni_10seed_20260803_234110_adni_resnet50_plus_mesc_versionb_plus_dast_seed4_20260804_070135.log
==========================================================================================

==========================================================================================
RETURN_CODE: 0
