DATASET: KOA
METHOD: ResNet50 + DAST
SEED: 5
SCRIPT: /root/autodl-tmp/MedVisionLab/Knee/ResNet_baseline+Loss4.py
RUN_TAG: controlled_mecsb_vb_koa_adni_10seed_20260803_234110_koa_resnet50_plus_dast_seed5
DAST_TAU: 1.0
DAST_GAMMA: 1.5
COMMAND: /root/miniconda3/envs/medvision/bin/python -u /root/autodl-tmp/MedVisionLab/Knee/ResNet_baseline+Loss4.py
==========================================================================================
Starting Knee Osteoarthritis ResNet50 Baseline...
Using device: cuda
CUDA device: NVIDIA GeForce RTX 3090
Run tag: controlled_mecsb_vb_koa_adni_10seed_20260803_234110_koa_resnet50_plus_dast_seed5
Data root: /root/autodl-tmp/Knee_Osteoarthritis
Config | seed=5, img_size=224, batch_size=32, epochs=60, num_workers=2, lr_backbone=0.0001, lr_head=0.001, weight_decay=0.0001, patience=15, early_delta=0.0001
DAST config | tau=1.0000, gamma=1.5000
Class mapping from folders: {'0': 0, '1': 1, '2': 2, '3': 3, '4': 4}

Train samples: 5778
Train class distribution:
  0_Normal: 2286
  1_Doubtful: 1046
  2_Mild: 1516
  3_Moderate: 757
  4_Severe: 173

Valid samples: 826
Valid class distribution:
  0_Normal: 328
  1_Doubtful: 153
  2_Mild: 212
  3_Moderate: 106
  4_Severe: 27

Test samples: 1656
Test class distribution:
  0_Normal: 639
  1_Doubtful: 296
  2_Mild: 447
  3_Moderate: 223
  4_Severe: 51

AutoTest samples: 1526
AutoTest class distribution:
  0_Normal: 604
  1_Doubtful: 275
  2_Mild: 403
  3_Moderate: 200
  4_Severe: 44

Split sizes | train=5778, valid=826, test=1656, auto_test=1526
Loading pretrained ResNet50...
Trainable parameters: 23,518,277

[INFO] Class counts in training set: [2286 1046 1516  757  173]

[INFO] Using Distance-Aware Soft Target Loss (DAST)
       - Feature: Clinically-aware ordinal grading
       - Behavior: Allows ambiguity for adjacent grades, strongly penalizes far-away mistakes
Starting training...

Epoch 01/60 | Time 0m 14s
  Train | loss=1.0382 | top1=36.62% | top2=60.10% | top3=83.29%
  Valid | loss=1.0154 | top1=39.30% | top2=62.26% | top3=83.29% | acc=39.59% | bal_acc=20.01% | macro_f1=0.1166 | qwk=0.0178 | mae=1.2022 | weighted_f1=0.2289 | precision_macro=0.1300 | recall_macro=0.2001
         ovr_roc_auc_macro=0.6337 | ovr_pr_auc_macro=0.2808
 Initial best model saved to /root/autodl-tmp/MedVisionLab/Knee/checkpoints/best_resnet50_knee_oa_DAST_controlled_mecsb_vb_koa_adni_10seed_20260803_234110_koa_resnet50_plus_dast_seed5.pt (QWK=0.0178)

Epoch 02/60 | Time 0m 14s
  Train | loss=0.9565 | top1=45.04% | top2=67.94% | top3=87.31%
  Valid | loss=0.9147 | top1=46.63% | top2=74.16% | top3=91.72% | acc=46.97% | bal_acc=28.07% | macro_f1=0.2428 | qwk=0.4803 | mae=0.7978 | weighted_f1=0.3808 | precision_macro=0.2764 | recall_macro=0.2807
         ovr_roc_auc_macro=0.7689 | ovr_pr_auc_macro=0.4300
 Validation improved. Saved best model to /root/autodl-tmp/MedVisionLab/Knee/checkpoints/best_resnet50_knee_oa_DAST_controlled_mecsb_vb_koa_adni_10seed_20260803_234110_koa_resnet50_plus_dast_seed5.pt (QWK=0.4803)

Epoch 03/60 | Time 0m 14s
  Train | loss=0.8518 | top1=54.45% | top2=78.99% | top3=95.45%
  Valid | loss=0.8050 | top1=57.84% | top2=83.75% | top3=97.21% | acc=58.23% | bal_acc=43.17% | macro_f1=0.4229 | qwk=0.7129 | mae=0.5363 | weighted_f1=0.5428 | precision_macro=0.6182 | recall_macro=0.4317
         ovr_roc_auc_macro=0.8404 | ovr_pr_auc_macro=0.5701
 Validation improved. Saved best model to /root/autodl-tmp/MedVisionLab/Knee/checkpoints/best_resnet50_knee_oa_DAST_controlled_mecsb_vb_koa_adni_10seed_20260803_234110_koa_resnet50_plus_dast_seed5.pt (QWK=0.7129)

Epoch 04/60 | Time 0m 14s
  Train | loss=0.7847 | top1=62.17% | top2=85.85% | top3=97.74%
  Valid | loss=0.7928 | top1=61.85% | top2=83.89% | top3=96.75% | acc=61.74% | bal_acc=60.82% | macro_f1=0.5777 | qwk=0.7207 | mae=0.5303 | weighted_f1=0.5821 | precision_macro=0.5821 | recall_macro=0.6082
         ovr_roc_auc_macro=0.8607 | ovr_pr_auc_macro=0.6502
 Validation improved. Saved best model to /root/autodl-tmp/MedVisionLab/Knee/checkpoints/best_resnet50_knee_oa_DAST_controlled_mecsb_vb_koa_adni_10seed_20260803_234110_koa_resnet50_plus_dast_seed5.pt (QWK=0.7207)

Epoch 05/60 | Time 0m 14s
  Train | loss=0.7535 | top1=65.60% | top2=87.53% | top3=98.55%
  Valid | loss=0.7763 | top1=62.44% | top2=85.82% | top3=98.20% | acc=62.23% | bal_acc=60.97% | macro_f1=0.5895 | qwk=0.7548 | mae=0.4964 | weighted_f1=0.5852 | precision_macro=0.6229 | recall_macro=0.6097
         ovr_roc_auc_macro=0.8626 | ovr_pr_auc_macro=0.6711
 Validation improved. Saved best model to /root/autodl-tmp/MedVisionLab/Knee/checkpoints/best_resnet50_knee_oa_DAST_controlled_mecsb_vb_koa_adni_10seed_20260803_234110_koa_resnet50_plus_dast_seed5.pt (QWK=0.7548)

Epoch 06/60 | Time 0m 14s
  Train | loss=0.7322 | top1=67.21% | top2=89.46% | top3=98.95%
  Valid | loss=0.7617 | top1=65.30% | top2=87.93% | top3=97.84% | acc=65.13% | bal_acc=64.67% | macro_f1=0.6332 | qwk=0.7505 | mae=0.4673 | weighted_f1=0.6087 | precision_macro=0.7262 | recall_macro=0.6467
         ovr_roc_auc_macro=0.8788 | ovr_pr_auc_macro=0.7178
 No improvement. Bad epochs: 1/15

Epoch 07/60 | Time 0m 14s
  Train | loss=0.7144 | top1=69.84% | top2=91.31% | top3=98.96%
  Valid | loss=0.7537 | top1=64.49% | top2=87.86% | top3=98.20% | acc=64.29% | bal_acc=63.68% | macro_f1=0.6312 | qwk=0.7847 | mae=0.4383 | weighted_f1=0.6262 | precision_macro=0.6632 | recall_macro=0.6368
         ovr_roc_auc_macro=0.8804 | ovr_pr_auc_macro=0.7029
 Validation improved. Saved best model to /root/autodl-tmp/MedVisionLab/Knee/checkpoints/best_resnet50_knee_oa_DAST_controlled_mecsb_vb_koa_adni_10seed_20260803_234110_koa_resnet50_plus_dast_seed5.pt (QWK=0.7847)

Epoch 08/60 | Time 0m 14s
  Train | loss=0.7048 | top1=71.14% | top2=91.58% | top3=99.14%
  Valid | loss=0.7787 | top1=66.14% | top2=88.46% | top3=99.28% | acc=65.98% | bal_acc=63.27% | macro_f1=0.6312 | qwk=0.7894 | mae=0.4310 | weighted_f1=0.6250 | precision_macro=0.6722 | recall_macro=0.6327
         ovr_roc_auc_macro=0.8796 | ovr_pr_auc_macro=0.7145
 Validation improved. Saved best model to /root/autodl-tmp/MedVisionLab/Knee/checkpoints/best_resnet50_knee_oa_DAST_controlled_mecsb_vb_koa_adni_10seed_20260803_234110_koa_resnet50_plus_dast_seed5.pt (QWK=0.7894)

Epoch 09/60 | Time 0m 14s
  Train | loss=0.6883 | top1=72.89% | top2=92.62% | top3=99.41%
  Valid | loss=0.7600 | top1=65.42% | top2=88.46% | top3=97.36% | acc=65.25% | bal_acc=66.61% | macro_f1=0.6502 | qwk=0.7978 | mae=0.4262 | weighted_f1=0.6350 | precision_macro=0.6434 | recall_macro=0.6661
         ovr_roc_auc_macro=0.8823 | ovr_pr_auc_macro=0.7052
 Validation improved. Saved best model to /root/autodl-tmp/MedVisionLab/Knee/checkpoints/best_resnet50_knee_oa_DAST_controlled_mecsb_vb_koa_adni_10seed_20260803_234110_koa_resnet50_plus_dast_seed5.pt (QWK=0.7978)

Epoch 10/60 | Time 0m 14s
  Train | loss=0.6779 | top1=74.66% | top2=93.56% | top3=99.50%
  Valid | loss=0.7654 | top1=65.57% | top2=88.70% | top3=98.56% | acc=65.38% | bal_acc=66.21% | macro_f1=0.6443 | qwk=0.7969 | mae=0.4346 | weighted_f1=0.6257 | precision_macro=0.6510 | recall_macro=0.6621
         ovr_roc_auc_macro=0.8802 | ovr_pr_auc_macro=0.7143
 No improvement. Bad epochs: 1/15

Epoch 11/60 | Time 0m 14s
  Train | loss=0.6604 | top1=77.05% | top2=94.41% | top3=99.48%
  Valid | loss=0.7521 | top1=65.84% | top2=88.34% | top3=98.44% | acc=65.62% | bal_acc=68.30% | macro_f1=0.6661 | qwk=0.8117 | mae=0.4104 | weighted_f1=0.6507 | precision_macro=0.6572 | recall_macro=0.6830
         ovr_roc_auc_macro=0.8818 | ovr_pr_auc_macro=0.7240
 Validation improved. Saved best model to /root/autodl-tmp/MedVisionLab/Knee/checkpoints/best_resnet50_knee_oa_DAST_controlled_mecsb_vb_koa_adni_10seed_20260803_234110_koa_resnet50_plus_dast_seed5.pt (QWK=0.8117)

Epoch 12/60 | Time 0m 14s
  Train | loss=0.6535 | top1=78.37% | top2=95.04% | top3=99.62%
  Valid | loss=0.7556 | top1=66.72% | top2=88.82% | top3=98.32% | acc=66.59% | bal_acc=67.25% | macro_f1=0.6704 | qwk=0.8042 | mae=0.4068 | weighted_f1=0.6597 | precision_macro=0.6740 | recall_macro=0.6725
         ovr_roc_auc_macro=0.8836 | ovr_pr_auc_macro=0.7139
 No improvement. Bad epochs: 1/15

Epoch 13/60 | Time 0m 14s
  Train | loss=0.6412 | top1=80.64% | top2=95.72% | top3=99.67%
  Valid | loss=0.7605 | top1=65.21% | top2=88.34% | top3=98.20% | acc=65.01% | bal_acc=67.50% | macro_f1=0.6613 | qwk=0.7981 | mae=0.4249 | weighted_f1=0.6446 | precision_macro=0.6527 | recall_macro=0.6750
         ovr_roc_auc_macro=0.8772 | ovr_pr_auc_macro=0.7030
 No improvement. Bad epochs: 2/15

Epoch 14/60 | Time 0m 14s
  Train | loss=0.6269 | top1=82.24% | top2=96.53% | top3=99.72%
  Valid | loss=0.7961 | top1=63.92% | top2=87.98% | top3=98.44% | acc=63.80% | bal_acc=60.26% | macro_f1=0.6181 | qwk=0.7883 | mae=0.4395 | weighted_f1=0.6140 | precision_macro=0.6593 | recall_macro=0.6026
         ovr_roc_auc_macro=0.8614 | ovr_pr_auc_macro=0.6713
 No improvement. Bad epochs: 3/15

Epoch 15/60 | Time 0m 14s
  Train | loss=0.6092 | top1=84.72% | top2=97.32% | top3=99.81%
  Valid | loss=0.7947 | top1=62.69% | top2=88.19% | top3=97.96% | acc=62.59% | bal_acc=62.50% | macro_f1=0.6350 | qwk=0.7976 | mae=0.4358 | weighted_f1=0.6303 | precision_macro=0.6470 | recall_macro=0.6250
         ovr_roc_auc_macro=0.8722 | ovr_pr_auc_macro=0.6989
 No improvement. Bad epochs: 4/15

Epoch 16/60 | Time 0m 14s
  Train | loss=0.5983 | top1=86.41% | top2=97.98% | top3=99.93%
  Valid | loss=0.8450 | top1=57.94% | top2=81.49% | top3=95.07% | acc=57.75% | bal_acc=62.85% | macro_f1=0.6105 | qwk=0.7085 | mae=0.5472 | weighted_f1=0.5793 | precision_macro=0.6123 | recall_macro=0.6285
         ovr_roc_auc_macro=0.8610 | ovr_pr_auc_macro=0.6763
 No improvement. Bad epochs: 5/15

Epoch 17/60 | Time 0m 14s
  Train | loss=0.5879 | top1=88.37% | top2=98.22% | top3=99.86%
  Valid | loss=0.8012 | top1=61.73% | top2=86.18% | top3=96.88% | acc=61.62% | bal_acc=63.94% | macro_f1=0.6472 | qwk=0.7873 | mae=0.4455 | weighted_f1=0.6279 | precision_macro=0.6622 | recall_macro=0.6394
         ovr_roc_auc_macro=0.8696 | ovr_pr_auc_macro=0.6902
 No improvement. Bad epochs: 6/15

Epoch 18/60 | Time 0m 14s
  Train | loss=0.5796 | top1=89.54% | top2=98.57% | top3=99.93%
  Valid | loss=0.8260 | top1=63.56% | top2=86.87% | top3=98.32% | acc=63.44% | bal_acc=62.38% | macro_f1=0.6353 | qwk=0.7755 | mae=0.4564 | weighted_f1=0.6244 | precision_macro=0.6548 | recall_macro=0.6238
         ovr_roc_auc_macro=0.8596 | ovr_pr_auc_macro=0.6879
 No improvement. Bad epochs: 7/15

Epoch 19/60 | Time 0m 14s
  Train | loss=0.5659 | top1=92.39% | top2=99.35% | top3=99.97%
  Valid | loss=0.7930 | top1=62.67% | top2=87.35% | top3=97.84% | acc=62.59% | bal_acc=60.98% | macro_f1=0.6230 | qwk=0.7828 | mae=0.4504 | weighted_f1=0.6187 | precision_macro=0.6417 | recall_macro=0.6098
         ovr_roc_auc_macro=0.8654 | ovr_pr_auc_macro=0.6786
 No improvement. Bad epochs: 8/15

Epoch 20/60 | Time 0m 14s
  Train | loss=0.5595 | top1=92.71% | top2=99.18% | top3=99.98%
  Valid | loss=0.8119 | top1=64.31% | top2=86.75% | top3=97.00% | acc=64.16% | bal_acc=64.60% | macro_f1=0.6283 | qwk=0.7738 | mae=0.4600 | weighted_f1=0.6207 | precision_macro=0.6243 | recall_macro=0.6460
         ovr_roc_auc_macro=0.8692 | ovr_pr_auc_macro=0.6822
 No improvement. Bad epochs: 9/15

Epoch 21/60 | Time 0m 14s
  Train | loss=0.5511 | top1=94.31% | top2=99.40% | top3=99.97%
  Valid | loss=0.8063 | top1=63.71% | top2=87.23% | top3=97.60% | acc=63.56% | bal_acc=64.66% | macro_f1=0.6396 | qwk=0.7776 | mae=0.4540 | weighted_f1=0.6314 | precision_macro=0.6370 | recall_macro=0.6466
         ovr_roc_auc_macro=0.8644 | ovr_pr_auc_macro=0.6827
 No improvement. Bad epochs: 10/15

Epoch 22/60 | Time 0m 14s
  Train | loss=0.5450 | top1=95.24% | top2=99.45% | top3=99.98%
  Valid | loss=0.8148 | top1=61.88% | top2=86.99% | top3=97.84% | acc=61.74% | bal_acc=61.40% | macro_f1=0.6250 | qwk=0.7850 | mae=0.4552 | weighted_f1=0.6159 | precision_macro=0.6412 | recall_macro=0.6140
         ovr_roc_auc_macro=0.8665 | ovr_pr_auc_macro=0.6924
 No improvement. Bad epochs: 11/15

Epoch 23/60 | Time 0m 14s
  Train | loss=0.5386 | top1=96.10% | top2=99.69% | top3=100.00%
  Valid | loss=0.8219 | top1=61.40% | top2=86.39% | top3=97.36% | acc=61.26% | bal_acc=63.28% | macro_f1=0.6397 | qwk=0.7822 | mae=0.4576 | weighted_f1=0.6206 | precision_macro=0.6512 | recall_macro=0.6328
         ovr_roc_auc_macro=0.8620 | ovr_pr_auc_macro=0.6821
 No improvement. Bad epochs: 12/15

Epoch 24/60 | Time 0m 14s
  Train | loss=0.5340 | top1=96.17% | top2=99.78% | top3=100.00%
  Valid | loss=0.8182 | top1=63.08% | top2=87.08% | top3=98.68% | acc=62.95% | bal_acc=63.30% | macro_f1=0.6425 | qwk=0.8068 | mae=0.4286 | weighted_f1=0.6301 | precision_macro=0.6584 | recall_macro=0.6330
         ovr_roc_auc_macro=0.8642 | ovr_pr_auc_macro=0.6920
 No improvement. Bad epochs: 13/15

Epoch 25/60 | Time 0m 14s
  Train | loss=0.5315 | top1=96.75% | top2=99.74% | top3=100.00%
  Valid | loss=0.7990 | top1=63.80% | top2=87.30% | top3=97.84% | acc=63.68% | bal_acc=63.80% | macro_f1=0.6509 | qwk=0.7996 | mae=0.4237 | weighted_f1=0.6400 | precision_macro=0.6686 | recall_macro=0.6380
         ovr_roc_auc_macro=0.8716 | ovr_pr_auc_macro=0.6899
 No improvement. Bad epochs: 14/15

Epoch 26/60 | Time 0m 14s
  Train | loss=0.5277 | top1=97.17% | top2=99.83% | top3=100.00%
  Valid | loss=0.7982 | top1=64.31% | top2=88.10% | top3=97.60% | acc=64.16% | bal_acc=65.82% | macro_f1=0.6594 | qwk=0.8044 | mae=0.4225 | weighted_f1=0.6424 | precision_macro=0.6636 | recall_macro=0.6582
         ovr_roc_auc_macro=0.8717 | ovr_pr_auc_macro=0.6907
 No improvement. Bad epochs: 15/15
Early stopping triggered.
 Training stopped early at epoch 26.

Loading best model and evaluating on test set...
Best validation QWK: 0.8117

Test | loss=0.7274 | top1=67.85% | top2=90.48% | top3=98.92% | acc=67.75% | bal_acc=68.83% | macro_f1=0.6864 | qwk=0.8364 | mae=0.3714 | weighted_f1=0.6726 | precision_macro=0.6853 | recall_macro=0.6883
     ovr_roc_auc_macro=0.8985 | ovr_pr_auc_macro=0.7299

Evaluating on auto_test set...

AutoTest | loss=0.7159 | top1=68.82% | top2=91.38% | top3=98.83% | acc=68.68% | bal_acc=70.42% | macro_f1=0.6925 | qwk=0.8378 | mae=0.3637 | weighted_f1=0.6808 | precision_macro=0.6832 | recall_macro=0.7042
         ovr_roc_auc_macro=0.9030 | ovr_pr_auc_macro=0.7463
Summary CSV saved: /root/autodl-tmp/MedVisionLab/Knee/logs/ResNet_baseline+Loss4_controlled_mecsb_vb_koa_adni_10seed_20260803_234110_koa_resnet50_plus_dast_seed5_20260804_072151_summary.csv
Checkpoint saved: /root/autodl-tmp/MedVisionLab/Knee/checkpoints/best_resnet50_knee_oa_DAST_controlled_mecsb_vb_koa_adni_10seed_20260803_234110_koa_resnet50_plus_dast_seed5.pt

Knee Osteoarthritis ResNet50 baseline (DAST) completed!

==========================================================================================
RETURN_CODE: 0
