DATASET: KOA
METHOD: ResNet50 + MESC VersionB + DAST
SEED: 6
SCRIPT: /root/autodl-tmp/MedVisionLab/Knee/ResNet_layer3+MECS+Loss4.py
RUN_TAG: controlled_mecsb_vb_koa_adni_10seed_20260803_234110_koa_resnet50_plus_mesc_versionb_plus_dast_seed6
DAST_TAU: 1.0
DAST_GAMMA: 1.5
COMMAND: /root/miniconda3/envs/medvision/bin/python -u /root/autodl-tmp/MedVisionLab/tools/run_training_with_mecsb.py --script /root/autodl-tmp/MedVisionLab/Knee/ResNet_layer3+MECS+Loss4.py
==========================================================================================
MESC_IMPLEMENTATION: MECS_VersionB
ORIGINAL_SCRIPT: /root/autodl-tmp/MedVisionLab/Knee/ResNet_layer3+MECS+Loss4.py
==========================================================================================
Injected attention module: MECS_VersionB
Original training script : /root/autodl-tmp/MedVisionLab/Knee/ResNet_layer3+MECS+Loss4.py
Dataset                  : KOA
Original source modified : no
==========================================================================================
Starting ResNet(layer3)+MECS+DAST Knee Osteoarthritis Baseline...
Using device: cuda
CUDA device: NVIDIA GeForce RTX 3090
Run tag: controlled_mecsb_vb_koa_adni_10seed_20260803_234110_koa_resnet50_plus_mesc_versionb_plus_dast_seed6
Config | seed=6, batch_size=32, epochs=60, image_size=224
DAST config | tau=1.0000, gamma=1.5000
Class mapping from folders: {'0': 0, '1': 1, '2': 2, '3': 3, '4': 4}

Train samples: 5778
Train class distribution:
  0_Normal: 2286
  1_Doubtful: 1046
  2_Mild: 1516
  3_Moderate: 757
  4_Severe: 173

Valid samples: 826
Valid class distribution:
  0_Normal: 328
  1_Doubtful: 153
  2_Mild: 212
  3_Moderate: 106
  4_Severe: 27

Test samples: 1656
Test class distribution:
  0_Normal: 639
  1_Doubtful: 296
  2_Mild: 447
  3_Moderate: 223
  4_Severe: 51

AutoTest samples: 1526
AutoTest class distribution:
  0_Normal: 604
  1_Doubtful: 275
  2_Mild: 403
  3_Moderate: 200
  4_Severe: 44

Split sizes | train=5778, valid=826, test=1656, auto_test=1526
Loading ResNet50 with MECS module at layer3...
Trainable parameters: 27,305,297

[INFO] Class counts in training set: [2286 1046 1516  757  173]
[INFO] Using Clinically Distance-Aware Soft Label Loss (DAST).
Starting training...

Epoch 01/60 | Time 0m 17s
  Train | loss=1.0040 | top1=41.09% | top2=63.04% | top3=83.98%
  Valid | loss=0.9356 | top1=43.75% | top2=66.71% | top3=85.58% | acc=44.07% | bal_acc=24.17% | macro_f1=0.1882 | qwk=0.3527 | mae=0.9104 | weighted_f1=0.3290 | precision_macro=0.1794 | recall_macro=0.2417
         ovr_roc_auc_macro=0.7634 | ovr_pr_auc_macro=0.4288
 Initial best model saved to /root/autodl-tmp/MedVisionLab/Knee/checkpoints/best_resnet50_mecs_layer3_dast_knee_oa_new_controlled_mecsb_vb_koa_adni_10seed_20260803_234110_koa_resnet50_plus_mesc_versionb_plus_dast_seed6.pt (QWK=0.3527)

Epoch 02/60 | Time 0m 17s
  Train | loss=0.8967 | top1=50.94% | top2=75.31% | top3=91.65%
  Valid | loss=0.8988 | top1=50.60% | top2=73.64% | top3=94.87% | acc=50.97% | bal_acc=33.14% | macro_f1=0.3049 | qwk=0.5668 | mae=0.7264 | weighted_f1=0.4233 | precision_macro=0.3453 | recall_macro=0.3314
         ovr_roc_auc_macro=0.8000 | ovr_pr_auc_macro=0.5032
 Validation improved. Saved best model to /root/autodl-tmp/MedVisionLab/Knee/checkpoints/best_resnet50_mecs_layer3_dast_knee_oa_new_controlled_mecsb_vb_koa_adni_10seed_20260803_234110_koa_resnet50_plus_mesc_versionb_plus_dast_seed6.pt (QWK=0.5668)

Epoch 03/60 | Time 0m 17s
  Train | loss=0.8166 | top1=58.65% | top2=82.23% | top3=97.01%
  Valid | loss=0.8426 | top1=54.69% | top2=78.49% | top3=97.36% | acc=54.72% | bal_acc=47.43% | macro_f1=0.4631 | qwk=0.6376 | mae=0.6683 | weighted_f1=0.4635 | precision_macro=0.5445 | recall_macro=0.4743
         ovr_roc_auc_macro=0.8336 | ovr_pr_auc_macro=0.5893
 Validation improved. Saved best model to /root/autodl-tmp/MedVisionLab/Knee/checkpoints/best_resnet50_mecs_layer3_dast_knee_oa_new_controlled_mecsb_vb_koa_adni_10seed_20260803_234110_koa_resnet50_plus_mesc_versionb_plus_dast_seed6.pt (QWK=0.6376)

Epoch 04/60 | Time 0m 17s
  Train | loss=0.7795 | top1=62.96% | top2=85.73% | top3=98.00%
  Valid | loss=0.7723 | top1=61.36% | top2=86.06% | top3=97.84% | acc=61.14% | bal_acc=61.31% | macro_f1=0.5984 | qwk=0.7597 | mae=0.4843 | weighted_f1=0.5958 | precision_macro=0.6285 | recall_macro=0.6131
         ovr_roc_auc_macro=0.8752 | ovr_pr_auc_macro=0.6969
 Validation improved. Saved best model to /root/autodl-tmp/MedVisionLab/Knee/checkpoints/best_resnet50_mecs_layer3_dast_knee_oa_new_controlled_mecsb_vb_koa_adni_10seed_20260803_234110_koa_resnet50_plus_mesc_versionb_plus_dast_seed6.pt (QWK=0.7597)

Epoch 05/60 | Time 0m 17s
  Train | loss=0.7539 | top1=64.90% | top2=87.46% | top3=98.62%
  Valid | loss=0.7867 | top1=63.19% | top2=85.46% | top3=96.88% | acc=62.95% | bal_acc=66.41% | macro_f1=0.6409 | qwk=0.7403 | mae=0.4891 | weighted_f1=0.6172 | precision_macro=0.6639 | recall_macro=0.6641
         ovr_roc_auc_macro=0.8777 | ovr_pr_auc_macro=0.6926
 No improvement. Bad epochs: 1/15

Epoch 06/60 | Time 0m 17s
  Train | loss=0.7365 | top1=67.77% | top2=89.39% | top3=98.88%
  Valid | loss=0.7995 | top1=61.75% | top2=85.46% | top3=96.15% | acc=61.50% | bal_acc=64.60% | macro_f1=0.5769 | qwk=0.7320 | mae=0.5266 | weighted_f1=0.5824 | precision_macro=0.5763 | recall_macro=0.6460
         ovr_roc_auc_macro=0.8722 | ovr_pr_auc_macro=0.6717
 No improvement. Bad epochs: 2/15

Epoch 07/60 | Time 0m 17s
  Train | loss=0.7212 | top1=68.73% | top2=90.26% | top3=99.07%
  Valid | loss=0.7652 | top1=66.60% | top2=88.19% | top3=97.60% | acc=66.46% | bal_acc=65.19% | macro_f1=0.6277 | qwk=0.7792 | mae=0.4407 | weighted_f1=0.6088 | precision_macro=0.6421 | recall_macro=0.6519
         ovr_roc_auc_macro=0.8843 | ovr_pr_auc_macro=0.7174
 Validation improved. Saved best model to /root/autodl-tmp/MedVisionLab/Knee/checkpoints/best_resnet50_mecs_layer3_dast_knee_oa_new_controlled_mecsb_vb_koa_adni_10seed_20260803_234110_koa_resnet50_plus_mesc_versionb_plus_dast_seed6.pt (QWK=0.7792)

Epoch 08/60 | Time 0m 17s
  Train | loss=0.7062 | top1=70.24% | top2=91.82% | top3=99.22%
  Valid | loss=0.7642 | top1=64.23% | top2=87.56% | top3=97.96% | acc=64.16% | bal_acc=62.05% | macro_f1=0.6409 | qwk=0.7813 | mae=0.4370 | weighted_f1=0.6324 | precision_macro=0.6855 | recall_macro=0.6205
         ovr_roc_auc_macro=0.8810 | ovr_pr_auc_macro=0.7004
 Validation improved. Saved best model to /root/autodl-tmp/MedVisionLab/Knee/checkpoints/best_resnet50_mecs_layer3_dast_knee_oa_new_controlled_mecsb_vb_koa_adni_10seed_20260803_234110_koa_resnet50_plus_mesc_versionb_plus_dast_seed6.pt (QWK=0.7813)

Epoch 09/60 | Time 0m 17s
  Train | loss=0.7000 | top1=71.15% | top2=92.42% | top3=99.36%
  Valid | loss=0.7492 | top1=66.36% | top2=87.59% | top3=98.20% | acc=66.22% | bal_acc=65.33% | macro_f1=0.6695 | qwk=0.7981 | mae=0.4092 | weighted_f1=0.6555 | precision_macro=0.7019 | recall_macro=0.6533
         ovr_roc_auc_macro=0.8857 | ovr_pr_auc_macro=0.7141
 Validation improved. Saved best model to /root/autodl-tmp/MedVisionLab/Knee/checkpoints/best_resnet50_mecs_layer3_dast_knee_oa_new_controlled_mecsb_vb_koa_adni_10seed_20260803_234110_koa_resnet50_plus_mesc_versionb_plus_dast_seed6.pt (QWK=0.7981)

Epoch 10/60 | Time 0m 17s
  Train | loss=0.6870 | top1=73.03% | top2=93.20% | top3=99.22%
  Valid | loss=0.7493 | top1=64.94% | top2=87.50% | top3=98.68% | acc=64.77% | bal_acc=67.41% | macro_f1=0.6673 | qwk=0.8049 | mae=0.4165 | weighted_f1=0.6529 | precision_macro=0.6665 | recall_macro=0.6741
         ovr_roc_auc_macro=0.8861 | ovr_pr_auc_macro=0.7335
 Validation improved. Saved best model to /root/autodl-tmp/MedVisionLab/Knee/checkpoints/best_resnet50_mecs_layer3_dast_knee_oa_new_controlled_mecsb_vb_koa_adni_10seed_20260803_234110_koa_resnet50_plus_mesc_versionb_plus_dast_seed6.pt (QWK=0.8049)

Epoch 11/60 | Time 0m 17s
  Train | loss=0.6807 | top1=73.49% | top2=93.72% | top3=99.40%
  Valid | loss=0.7625 | top1=66.77% | top2=89.06% | top3=98.92% | acc=66.59% | bal_acc=67.56% | macro_f1=0.6716 | qwk=0.8172 | mae=0.4031 | weighted_f1=0.6460 | precision_macro=0.6843 | recall_macro=0.6756
         ovr_roc_auc_macro=0.8846 | ovr_pr_auc_macro=0.7242
 Validation improved. Saved best model to /root/autodl-tmp/MedVisionLab/Knee/checkpoints/best_resnet50_mecs_layer3_dast_knee_oa_new_controlled_mecsb_vb_koa_adni_10seed_20260803_234110_koa_resnet50_plus_mesc_versionb_plus_dast_seed6.pt (QWK=0.8172)

Epoch 12/60 | Time 0m 17s
  Train | loss=0.6691 | top1=74.83% | top2=94.45% | top3=99.64%
  Valid | loss=0.7374 | top1=70.26% | top2=89.76% | top3=98.32% | acc=70.10% | bal_acc=71.10% | macro_f1=0.7097 | qwk=0.8214 | mae=0.3741 | weighted_f1=0.6835 | precision_macro=0.7203 | recall_macro=0.7110
         ovr_roc_auc_macro=0.8935 | ovr_pr_auc_macro=0.7498
 Validation improved. Saved best model to /root/autodl-tmp/MedVisionLab/Knee/checkpoints/best_resnet50_mecs_layer3_dast_knee_oa_new_controlled_mecsb_vb_koa_adni_10seed_20260803_234110_koa_resnet50_plus_mesc_versionb_plus_dast_seed6.pt (QWK=0.8214)

Epoch 13/60 | Time 0m 17s
  Train | loss=0.6575 | top1=76.54% | top2=95.14% | top3=99.67%
  Valid | loss=0.7512 | top1=67.09% | top2=88.56% | top3=97.48% | acc=67.07% | bal_acc=64.01% | macro_f1=0.6588 | qwk=0.7867 | mae=0.4177 | weighted_f1=0.6554 | precision_macro=0.7015 | recall_macro=0.6401
         ovr_roc_auc_macro=0.8916 | ovr_pr_auc_macro=0.7205
 No improvement. Bad epochs: 1/15

Epoch 14/60 | Time 0m 17s
  Train | loss=0.6534 | top1=76.70% | top2=95.27% | top3=99.62%
  Valid | loss=0.7533 | top1=65.61% | top2=87.02% | top3=97.72% | acc=65.50% | bal_acc=65.74% | macro_f1=0.6465 | qwk=0.7907 | mae=0.4322 | weighted_f1=0.6402 | precision_macro=0.6482 | recall_macro=0.6574
         ovr_roc_auc_macro=0.8840 | ovr_pr_auc_macro=0.7151
 No improvement. Bad epochs: 2/15

Epoch 15/60 | Time 0m 17s
  Train | loss=0.6451 | top1=78.53% | top2=95.43% | top3=99.79%
  Valid | loss=0.7988 | top1=63.49% | top2=85.77% | top3=95.67% | acc=63.56% | bal_acc=60.07% | macro_f1=0.6255 | qwk=0.7660 | mae=0.4492 | weighted_f1=0.6339 | precision_macro=0.6796 | recall_macro=0.6007
         ovr_roc_auc_macro=0.8853 | ovr_pr_auc_macro=0.7127
 No improvement. Bad epochs: 3/15

Epoch 16/60 | Time 0m 17s
  Train | loss=0.6340 | top1=80.13% | top2=96.24% | top3=99.71%
  Valid | loss=0.7603 | top1=65.61% | top2=87.42% | top3=97.72% | acc=65.50% | bal_acc=66.65% | macro_f1=0.6704 | qwk=0.7966 | mae=0.4165 | weighted_f1=0.6539 | precision_macro=0.6771 | recall_macro=0.6665
         ovr_roc_auc_macro=0.8810 | ovr_pr_auc_macro=0.7163
 No improvement. Bad epochs: 4/15

Epoch 17/60 | Time 0m 17s
  Train | loss=0.6231 | top1=81.83% | top2=96.94% | top3=99.83%
  Valid | loss=0.7726 | top1=65.76% | top2=89.54% | top3=97.84% | acc=65.74% | bal_acc=64.51% | macro_f1=0.6498 | qwk=0.8067 | mae=0.4092 | weighted_f1=0.6544 | precision_macro=0.6575 | recall_macro=0.6451
         ovr_roc_auc_macro=0.8841 | ovr_pr_auc_macro=0.7103
 No improvement. Bad epochs: 5/15

Epoch 18/60 | Time 0m 17s
  Train | loss=0.6126 | top1=82.90% | top2=97.43% | top3=99.83%
  Valid | loss=0.7957 | top1=67.34% | top2=90.26% | top3=98.80% | acc=67.19% | bal_acc=66.88% | macro_f1=0.6581 | qwk=0.8116 | mae=0.4007 | weighted_f1=0.6604 | precision_macro=0.6625 | recall_macro=0.6688
         ovr_roc_auc_macro=0.8748 | ovr_pr_auc_macro=0.7086
 No improvement. Bad epochs: 6/15

Epoch 19/60 | Time 0m 17s
  Train | loss=0.6058 | top1=84.20% | top2=97.76% | top3=99.91%
  Valid | loss=0.8322 | top1=55.94% | top2=85.25% | top3=95.79% | acc=55.81% | bal_acc=59.45% | macro_f1=0.5978 | qwk=0.7612 | mae=0.4939 | weighted_f1=0.5758 | precision_macro=0.6356 | recall_macro=0.5945
         ovr_roc_auc_macro=0.8682 | ovr_pr_auc_macro=0.6817
 No improvement. Bad epochs: 7/15

Epoch 20/60 | Time 0m 17s
  Train | loss=0.5993 | top1=85.36% | top2=97.79% | top3=99.84%
  Valid | loss=0.8201 | top1=60.85% | top2=87.14% | top3=98.68% | acc=60.65% | bal_acc=60.66% | macro_f1=0.6126 | qwk=0.7743 | mae=0.4758 | weighted_f1=0.5963 | precision_macro=0.6497 | recall_macro=0.6066
         ovr_roc_auc_macro=0.8613 | ovr_pr_auc_macro=0.6788
 No improvement. Bad epochs: 8/15

Epoch 21/60 | Time 0m 17s
  Train | loss=0.5872 | top1=87.09% | top2=98.39% | top3=99.90%
  Valid | loss=0.7909 | top1=63.72% | top2=86.54% | top3=95.79% | acc=63.68% | bal_acc=64.86% | macro_f1=0.6504 | qwk=0.7968 | mae=0.4274 | weighted_f1=0.6447 | precision_macro=0.6591 | recall_macro=0.6486
         ovr_roc_auc_macro=0.8864 | ovr_pr_auc_macro=0.7102
 No improvement. Bad epochs: 9/15

Epoch 22/60 | Time 0m 17s
  Train | loss=0.5801 | top1=88.35% | top2=98.69% | top3=99.95%
  Valid | loss=0.8454 | top1=60.46% | top2=82.33% | top3=95.43% | acc=60.17% | bal_acc=66.37% | macro_f1=0.6133 | qwk=0.7570 | mae=0.4903 | weighted_f1=0.6028 | precision_macro=0.6009 | recall_macro=0.6637
         ovr_roc_auc_macro=0.8670 | ovr_pr_auc_macro=0.6516
 No improvement. Bad epochs: 10/15

Epoch 23/60 | Time 0m 17s
  Train | loss=0.5734 | top1=89.40% | top2=98.72% | top3=99.91%
  Valid | loss=0.7992 | top1=59.93% | top2=85.55% | top3=97.24% | acc=59.81% | bal_acc=63.63% | macro_f1=0.6358 | qwk=0.7794 | mae=0.4552 | weighted_f1=0.6140 | precision_macro=0.6664 | recall_macro=0.6363
         ovr_roc_auc_macro=0.8808 | ovr_pr_auc_macro=0.7050
 No improvement. Bad epochs: 11/15

Epoch 24/60 | Time 0m 17s
  Train | loss=0.5666 | top1=90.00% | top2=98.76% | top3=99.98%
  Valid | loss=0.8063 | top1=61.88% | top2=88.07% | top3=98.44% | acc=61.74% | bal_acc=63.14% | macro_f1=0.6375 | qwk=0.7936 | mae=0.4467 | weighted_f1=0.6203 | precision_macro=0.6578 | recall_macro=0.6314
         ovr_roc_auc_macro=0.8661 | ovr_pr_auc_macro=0.6917
 No improvement. Bad epochs: 12/15

Epoch 25/60 | Time 0m 17s
  Train | loss=0.5614 | top1=91.20% | top2=99.08% | top3=99.95%
  Valid | loss=0.8210 | top1=61.07% | top2=85.67% | top3=96.03% | acc=60.90% | bal_acc=66.26% | macro_f1=0.6620 | qwk=0.7929 | mae=0.4383 | weighted_f1=0.6243 | precision_macro=0.6900 | recall_macro=0.6626
         ovr_roc_auc_macro=0.8821 | ovr_pr_auc_macro=0.7106
 No improvement. Bad epochs: 13/15

Epoch 26/60 | Time 0m 17s
  Train | loss=0.5550 | top1=91.93% | top2=99.15% | top3=99.95%
  Valid | loss=0.7974 | top1=64.28% | top2=88.17% | top3=98.20% | acc=64.16% | bal_acc=64.80% | macro_f1=0.6546 | qwk=0.8019 | mae=0.4286 | weighted_f1=0.6338 | precision_macro=0.6793 | recall_macro=0.6480
         ovr_roc_auc_macro=0.8833 | ovr_pr_auc_macro=0.7275
 No improvement. Bad epochs: 14/15

Epoch 27/60 | Time 0m 17s
  Train | loss=0.5515 | top1=92.85% | top2=99.27% | top3=99.93%
  Valid | loss=0.8118 | top1=63.36% | top2=88.34% | top3=97.00% | acc=63.32% | bal_acc=63.55% | macro_f1=0.6522 | qwk=0.7978 | mae=0.4274 | weighted_f1=0.6400 | precision_macro=0.6748 | recall_macro=0.6355
         ovr_roc_auc_macro=0.8693 | ovr_pr_auc_macro=0.6822
 No improvement. Bad epochs: 15/15
⏹ Early stopping triggered.
 Training stopped early at epoch 27.

Loading best model and evaluating on test set...
Best validation QWK: 0.8214

Test | loss=0.7217 | top1=69.11% | top2=90.22% | top3=99.46% | acc=69.08% | bal_acc=66.00% | macro_f1=0.6713 | qwk=0.8304 | mae=0.3714 | weighted_f1=0.6706 | precision_macro=0.7011 | recall_macro=0.6600
     ovr_roc_auc_macro=0.9049 | ovr_pr_auc_macro=0.7452

Evaluating on auto_test set...

AutoTest | loss=0.7156 | top1=69.96% | top2=91.25% | top3=99.28% | acc=69.86% | bal_acc=67.87% | macro_f1=0.6826 | qwk=0.8324 | mae=0.3630 | weighted_f1=0.6783 | precision_macro=0.7011 | recall_macro=0.6787
         ovr_roc_auc_macro=0.9097 | ovr_pr_auc_macro=0.7542

ResNet(layer3)+MECS+DAST Knee Osteoarthritis baseline completed!

==========================================================================================
RETURN_CODE: 0
