DATASET: KOA
METHOD: ResNet50 + MESC VersionB
SEED: 7
SCRIPT: /root/autodl-tmp/MedVisionLab/Knee/ResNet_layer3+MECS+CE.py
RUN_TAG: controlled_mecsb_vb_koa_adni_10seed_20260803_234110_koa_resnet50_plus_mesc_versionb_seed7
COMMAND: /root/miniconda3/envs/medvision/bin/python -u /root/autodl-tmp/MedVisionLab/tools/run_training_with_mecsb.py --script /root/autodl-tmp/MedVisionLab/Knee/ResNet_layer3+MECS+CE.py
==========================================================================================
MESC_IMPLEMENTATION: MECS_VersionB
ORIGINAL_SCRIPT: /root/autodl-tmp/MedVisionLab/Knee/ResNet_layer3+MECS+CE.py
==========================================================================================
Injected attention module: MECS_VersionB
Original training script : /root/autodl-tmp/MedVisionLab/Knee/ResNet_layer3+MECS+CE.py
Dataset                  : KOA
Original source modified : no
==========================================================================================
Starting ResNet(layer3)+MECS+CE Knee Osteoarthritis Baseline...
Using device: cuda
CUDA device: NVIDIA GeForce RTX 3090
Run tag: controlled_mecsb_vb_koa_adni_10seed_20260803_234110_koa_resnet50_plus_mesc_versionb_seed7
Config | seed=7, batch_size=32, epochs=60, image_size=224
Class mapping from folders: {'0': 0, '1': 1, '2': 2, '3': 3, '4': 4}

Train samples: 5778
Train class distribution:
  0_Normal: 2286
  1_Doubtful: 1046
  2_Mild: 1516
  3_Moderate: 757
  4_Severe: 173

Valid samples: 826
Valid class distribution:
  0_Normal: 328
  1_Doubtful: 153
  2_Mild: 212
  3_Moderate: 106
  4_Severe: 27

Test samples: 1656
Test class distribution:
  0_Normal: 639
  1_Doubtful: 296
  2_Mild: 447
  3_Moderate: 223
  4_Severe: 51

AutoTest samples: 1526
AutoTest class distribution:
  0_Normal: 604
  1_Doubtful: 275
  2_Mild: 403
  3_Moderate: 200
  4_Severe: 44

Split sizes | train=5778, valid=826, test=1656, auto_test=1526
Loading ResNet50 with MECS module at layer3...
Trainable parameters: 27,305,297

[INFO] Class counts in training set: [2286 1046 1516  757  173]
[INFO] Using Standard CrossEntropyLoss (No class weights).
Starting training...

Epoch 01/60 | Time 0m 17s
  Train | loss=1.4087 | top1=39.27% | top2=63.86% | top3=82.38%
  Valid | loss=1.2735 | top1=43.15% | top2=68.99% | top3=85.34% | acc=43.46% | bal_acc=23.25% | macro_f1=0.1729 | qwk=0.2670 | mae=0.9891 | weighted_f1=0.3060 | precision_macro=0.2572 | recall_macro=0.2325
         ovr_roc_auc_macro=0.7406 | ovr_pr_auc_macro=0.4219
 Initial best model saved to /root/autodl-tmp/MedVisionLab/Knee/checkpoints/best_resnet50_mecs_layer3_knee_oa_controlled_mecsb_vb_koa_adni_10seed_20260803_234110_koa_resnet50_plus_mesc_versionb_seed7.pt (QWK=0.2670)

Epoch 02/60 | Time 0m 17s
  Train | loss=1.1674 | top1=50.30% | top2=74.71% | top3=90.68%
  Valid | loss=1.0909 | top1=55.77% | top2=78.37% | top3=95.28% | acc=56.17% | bal_acc=43.51% | macro_f1=0.3974 | qwk=0.6708 | mae=0.6005 | weighted_f1=0.5163 | precision_macro=0.3991 | recall_macro=0.4351
         ovr_roc_auc_macro=0.8247 | ovr_pr_auc_macro=0.5415
 Validation improved. Saved best model to /root/autodl-tmp/MedVisionLab/Knee/checkpoints/best_resnet50_mecs_layer3_knee_oa_controlled_mecsb_vb_koa_adni_10seed_20260803_234110_koa_resnet50_plus_mesc_versionb_seed7.pt (QWK=0.6708)

Epoch 03/60 | Time 0m 17s
  Train | loss=0.9717 | top1=59.65% | top2=83.21% | top3=97.16%
  Valid | loss=0.9413 | top1=61.86% | top2=85.79% | top3=98.32% | acc=61.86% | bal_acc=56.36% | macro_f1=0.5604 | qwk=0.7207 | mae=0.5363 | weighted_f1=0.5473 | precision_macro=0.6034 | recall_macro=0.5636
         ovr_roc_auc_macro=0.8549 | ovr_pr_auc_macro=0.6736
 Validation improved. Saved best model to /root/autodl-tmp/MedVisionLab/Knee/checkpoints/best_resnet50_mecs_layer3_knee_oa_controlled_mecsb_vb_koa_adni_10seed_20260803_234110_koa_resnet50_plus_mesc_versionb_seed7.pt (QWK=0.7207)

Epoch 04/60 | Time 0m 17s
  Train | loss=0.8669 | top1=64.03% | top2=86.95% | top3=98.17%
  Valid | loss=0.9425 | top1=60.60% | top2=85.10% | top3=96.39% | acc=60.53% | bal_acc=58.17% | macro_f1=0.5706 | qwk=0.7022 | mae=0.5557 | weighted_f1=0.5724 | precision_macro=0.6000 | recall_macro=0.5817
         ovr_roc_auc_macro=0.8576 | ovr_pr_auc_macro=0.6393
 No improvement. Bad epochs: 1/15

Epoch 05/60 | Time 0m 17s
  Train | loss=0.8090 | top1=66.19% | top2=88.42% | top3=98.55%
  Valid | loss=0.8245 | top1=65.13% | top2=88.05% | top3=98.44% | acc=65.01% | bal_acc=61.22% | macro_f1=0.6033 | qwk=0.7765 | mae=0.4443 | weighted_f1=0.5953 | precision_macro=0.6537 | recall_macro=0.6122
         ovr_roc_auc_macro=0.8804 | ovr_pr_auc_macro=0.7079
 Validation improved. Saved best model to /root/autodl-tmp/MedVisionLab/Knee/checkpoints/best_resnet50_mecs_layer3_knee_oa_controlled_mecsb_vb_koa_adni_10seed_20260803_234110_koa_resnet50_plus_mesc_versionb_seed7.pt (QWK=0.7765)

Epoch 06/60 | Time 0m 17s
  Train | loss=0.7690 | top1=68.31% | top2=89.61% | top3=98.95%
  Valid | loss=0.8252 | top1=65.93% | top2=89.06% | top3=99.04% | acc=65.74% | bal_acc=65.83% | macro_f1=0.6086 | qwk=0.7678 | mae=0.4588 | weighted_f1=0.6050 | precision_macro=0.6396 | recall_macro=0.6583
         ovr_roc_auc_macro=0.8851 | ovr_pr_auc_macro=0.7264
 No improvement. Bad epochs: 1/15

Epoch 07/60 | Time 0m 17s
  Train | loss=0.7254 | top1=69.93% | top2=90.33% | top3=99.03%
  Valid | loss=0.9033 | top1=62.42% | top2=86.27% | top3=98.44% | acc=62.23% | bal_acc=59.84% | macro_f1=0.5826 | qwk=0.7627 | mae=0.4794 | weighted_f1=0.5938 | precision_macro=0.6263 | recall_macro=0.5984
         ovr_roc_auc_macro=0.8693 | ovr_pr_auc_macro=0.6952
 No improvement. Bad epochs: 2/15

Epoch 08/60 | Time 0m 17s
  Train | loss=0.7006 | top1=70.09% | top2=91.17% | top3=99.29%
  Valid | loss=0.8553 | top1=65.36% | top2=88.82% | top3=98.32% | acc=65.13% | bal_acc=67.94% | macro_f1=0.6573 | qwk=0.8072 | mae=0.4165 | weighted_f1=0.6511 | precision_macro=0.6531 | recall_macro=0.6794
         ovr_roc_auc_macro=0.8857 | ovr_pr_auc_macro=0.7146
 Validation improved. Saved best model to /root/autodl-tmp/MedVisionLab/Knee/checkpoints/best_resnet50_mecs_layer3_knee_oa_controlled_mecsb_vb_koa_adni_10seed_20260803_234110_koa_resnet50_plus_mesc_versionb_seed7.pt (QWK=0.8072)

Epoch 09/60 | Time 0m 17s
  Train | loss=0.6803 | top1=71.26% | top2=91.39% | top3=99.31%
  Valid | loss=1.0055 | top1=63.70% | top2=89.90% | top3=98.32% | acc=63.44% | bal_acc=60.59% | macro_f1=0.5364 | qwk=0.7742 | mae=0.4673 | weighted_f1=0.5638 | precision_macro=0.7395 | recall_macro=0.6059
         ovr_roc_auc_macro=0.8837 | ovr_pr_auc_macro=0.7002
 No improvement. Bad epochs: 1/15

Epoch 10/60 | Time 0m 17s
  Train | loss=0.6336 | top1=73.47% | top2=92.44% | top3=99.55%
  Valid | loss=1.1164 | top1=56.59% | top2=80.50% | top3=96.03% | acc=56.42% | bal_acc=62.41% | macro_f1=0.5961 | qwk=0.6800 | mae=0.5763 | weighted_f1=0.5551 | precision_macro=0.6130 | recall_macro=0.6241
         ovr_roc_auc_macro=0.8734 | ovr_pr_auc_macro=0.6998
 No improvement. Bad epochs: 2/15

Epoch 11/60 | Time 0m 17s
  Train | loss=0.6059 | top1=74.57% | top2=93.47% | top3=99.57%
  Valid | loss=0.8447 | top1=66.44% | top2=89.06% | top3=98.68% | acc=66.22% | bal_acc=69.88% | macro_f1=0.6790 | qwk=0.7991 | mae=0.4165 | weighted_f1=0.6567 | precision_macro=0.6642 | recall_macro=0.6988
         ovr_roc_auc_macro=0.8885 | ovr_pr_auc_macro=0.7212
 No improvement. Bad epochs: 3/15

Epoch 12/60 | Time 0m 17s
  Train | loss=0.5685 | top1=75.87% | top2=94.15% | top3=99.67%
  Valid | loss=0.9000 | top1=63.43% | top2=87.38% | top3=97.72% | acc=63.20% | bal_acc=67.65% | macro_f1=0.6482 | qwk=0.7675 | mae=0.4588 | weighted_f1=0.6321 | precision_macro=0.6363 | recall_macro=0.6765
         ovr_roc_auc_macro=0.8875 | ovr_pr_auc_macro=0.7161
 No improvement. Bad epochs: 4/15

Epoch 13/60 | Time 0m 17s
  Train | loss=0.5457 | top1=77.02% | top2=94.89% | top3=99.78%
  Valid | loss=0.9395 | top1=64.77% | top2=88.31% | top3=98.56% | acc=64.77% | bal_acc=61.16% | macro_f1=0.6226 | qwk=0.7908 | mae=0.4310 | weighted_f1=0.6304 | precision_macro=0.6472 | recall_macro=0.6116
         ovr_roc_auc_macro=0.8830 | ovr_pr_auc_macro=0.6978
 No improvement. Bad epochs: 5/15

Epoch 14/60 | Time 0m 17s
  Train | loss=0.5210 | top1=78.30% | top2=94.92% | top3=99.65%
  Valid | loss=0.8992 | top1=65.09% | top2=88.82% | top3=98.92% | acc=64.89% | bal_acc=66.25% | macro_f1=0.6393 | qwk=0.7938 | mae=0.4346 | weighted_f1=0.6339 | precision_macro=0.6290 | recall_macro=0.6625
         ovr_roc_auc_macro=0.8813 | ovr_pr_auc_macro=0.7080
 No improvement. Bad epochs: 6/15

Epoch 15/60 | Time 0m 17s
  Train | loss=0.4762 | top1=80.60% | top2=96.03% | top3=99.76%
  Valid | loss=0.9712 | top1=63.83% | top2=89.54% | top3=98.68% | acc=63.68% | bal_acc=65.34% | macro_f1=0.6649 | qwk=0.7884 | mae=0.4370 | weighted_f1=0.6416 | precision_macro=0.6849 | recall_macro=0.6534
         ovr_roc_auc_macro=0.8813 | ovr_pr_auc_macro=0.7122
 No improvement. Bad epochs: 7/15

Epoch 16/60 | Time 0m 17s
  Train | loss=0.4546 | top1=81.78% | top2=96.36% | top3=99.88%
  Valid | loss=1.2776 | top1=59.69% | top2=85.82% | top3=98.44% | acc=59.56% | bal_acc=57.27% | macro_f1=0.5919 | qwk=0.7551 | mae=0.5012 | weighted_f1=0.5779 | precision_macro=0.6396 | recall_macro=0.5727
         ovr_roc_auc_macro=0.8543 | ovr_pr_auc_macro=0.6795
 No improvement. Bad epochs: 8/15

Epoch 17/60 | Time 0m 17s
  Train | loss=0.4126 | top1=82.84% | top2=97.19% | top3=99.91%
  Valid | loss=0.9284 | top1=64.82% | top2=86.90% | top3=98.32% | acc=64.65% | bal_acc=66.32% | macro_f1=0.6518 | qwk=0.7905 | mae=0.4419 | weighted_f1=0.6287 | precision_macro=0.6500 | recall_macro=0.6632
         ovr_roc_auc_macro=0.8871 | ovr_pr_auc_macro=0.7235
 No improvement. Bad epochs: 9/15

Epoch 18/60 | Time 0m 17s
  Train | loss=0.3797 | top1=84.49% | top2=97.24% | top3=99.84%
  Valid | loss=1.3029 | top1=64.89% | top2=87.74% | top3=98.08% | acc=64.77% | bal_acc=61.50% | macro_f1=0.6078 | qwk=0.7775 | mae=0.4431 | weighted_f1=0.6149 | precision_macro=0.6582 | recall_macro=0.6150
         ovr_roc_auc_macro=0.8717 | ovr_pr_auc_macro=0.6891
 No improvement. Bad epochs: 10/15

Epoch 19/60 | Time 0m 17s
  Train | loss=0.3338 | top1=86.88% | top2=97.84% | top3=100.00%
  Valid | loss=1.3319 | top1=63.38% | top2=87.62% | top3=98.44% | acc=63.20% | bal_acc=62.42% | macro_f1=0.6150 | qwk=0.7657 | mae=0.4697 | weighted_f1=0.5978 | precision_macro=0.6343 | recall_macro=0.6242
         ovr_roc_auc_macro=0.8666 | ovr_pr_auc_macro=0.6874
 No improvement. Bad epochs: 11/15

Epoch 20/60 | Time 0m 17s
  Train | loss=0.3090 | top1=88.12% | top2=98.00% | top3=99.95%
  Valid | loss=1.2344 | top1=64.21% | top2=89.82% | top3=98.53% | acc=64.29% | bal_acc=58.75% | macro_f1=0.6266 | qwk=0.7837 | mae=0.4322 | weighted_f1=0.6388 | precision_macro=0.7011 | recall_macro=0.5875
         ovr_roc_auc_macro=0.8775 | ovr_pr_auc_macro=0.6993
 No improvement. Bad epochs: 12/15

Epoch 21/60 | Time 0m 17s
  Train | loss=0.2848 | top1=89.12% | top2=98.22% | top3=99.86%
  Valid | loss=1.2339 | top1=62.44% | top2=86.72% | top3=97.96% | acc=62.47% | bal_acc=61.58% | macro_f1=0.6163 | qwk=0.7567 | mae=0.4794 | weighted_f1=0.6105 | precision_macro=0.6549 | recall_macro=0.6158
         ovr_roc_auc_macro=0.8749 | ovr_pr_auc_macro=0.6995
 No improvement. Bad epochs: 13/15

Epoch 22/60 | Time 0m 17s
  Train | loss=0.2596 | top1=89.84% | top2=98.50% | top3=99.95%
  Valid | loss=1.2196 | top1=64.20% | top2=87.86% | top3=98.56% | acc=64.16% | bal_acc=62.89% | macro_f1=0.6415 | qwk=0.7708 | mae=0.4479 | weighted_f1=0.6325 | precision_macro=0.6686 | recall_macro=0.6289
         ovr_roc_auc_macro=0.8806 | ovr_pr_auc_macro=0.7084
 No improvement. Bad epochs: 14/15

Epoch 23/60 | Time 0m 17s
  Train | loss=0.2188 | top1=91.66% | top2=98.71% | top3=99.97%
  Valid | loss=1.5779 | top1=65.01% | top2=88.46% | top3=98.80% | acc=64.89% | bal_acc=62.63% | macro_f1=0.6355 | qwk=0.7747 | mae=0.4540 | weighted_f1=0.6242 | precision_macro=0.6763 | recall_macro=0.6263
         ovr_roc_auc_macro=0.8699 | ovr_pr_auc_macro=0.7029
 No improvement. Bad epochs: 15/15
⏹ Early stopping triggered.
 Training stopped early at epoch 23.

Loading best model and evaluating on test set...
Best validation QWK: 0.8072

Test | loss=0.7680 | top1=67.59% | top2=90.50% | top3=99.34% | acc=67.45% | bal_acc=69.60% | macro_f1=0.6787 | qwk=0.8400 | mae=0.3708 | weighted_f1=0.6731 | precision_macro=0.6758 | recall_macro=0.6960
     ovr_roc_auc_macro=0.9026 | ovr_pr_auc_macro=0.7381

Evaluating on auto_test set...

AutoTest | loss=0.7549 | top1=67.68% | top2=91.15% | top3=99.54% | acc=67.50% | bal_acc=69.50% | macro_f1=0.6703 | qwk=0.8406 | mae=0.3696 | weighted_f1=0.6717 | precision_macro=0.6666 | recall_macro=0.6950
         ovr_roc_auc_macro=0.9053 | ovr_pr_auc_macro=0.7476

ResNet(layer3)+MECS+CE Knee Osteoarthritis baseline completed!

==========================================================================================
RETURN_CODE: 0
