DATASET: KOA
METHOD: ResNet50 + DAST
SEED: 6
SCRIPT: /root/autodl-tmp/MedVisionLab/Knee/ResNet_baseline+Loss4.py
RUN_TAG: controlled_mecsb_vb_koa_adni_10seed_20260803_234110_koa_resnet50_plus_dast_seed6
DAST_TAU: 1.0
DAST_GAMMA: 1.5
COMMAND: /root/miniconda3/envs/medvision/bin/python -u /root/autodl-tmp/MedVisionLab/Knee/ResNet_baseline+Loss4.py
==========================================================================================
Starting Knee Osteoarthritis ResNet50 Baseline...
Using device: cuda
CUDA device: NVIDIA GeForce RTX 3090
Run tag: controlled_mecsb_vb_koa_adni_10seed_20260803_234110_koa_resnet50_plus_dast_seed6
Data root: /root/autodl-tmp/Knee_Osteoarthritis
Config | seed=6, img_size=224, batch_size=32, epochs=60, num_workers=2, lr_backbone=0.0001, lr_head=0.001, weight_decay=0.0001, patience=15, early_delta=0.0001
DAST config | tau=1.0000, gamma=1.5000
Class mapping from folders: {'0': 0, '1': 1, '2': 2, '3': 3, '4': 4}

Train samples: 5778
Train class distribution:
  0_Normal: 2286
  1_Doubtful: 1046
  2_Mild: 1516
  3_Moderate: 757
  4_Severe: 173

Valid samples: 826
Valid class distribution:
  0_Normal: 328
  1_Doubtful: 153
  2_Mild: 212
  3_Moderate: 106
  4_Severe: 27

Test samples: 1656
Test class distribution:
  0_Normal: 639
  1_Doubtful: 296
  2_Mild: 447
  3_Moderate: 223
  4_Severe: 51

AutoTest samples: 1526
AutoTest class distribution:
  0_Normal: 604
  1_Doubtful: 275
  2_Mild: 403
  3_Moderate: 200
  4_Severe: 44

Split sizes | train=5778, valid=826, test=1656, auto_test=1526
Loading pretrained ResNet50...
Trainable parameters: 23,518,277

[INFO] Class counts in training set: [2286 1046 1516  757  173]

[INFO] Using Distance-Aware Soft Target Loss (DAST)
       - Feature: Clinically-aware ordinal grading
       - Behavior: Allows ambiguity for adjacent grades, strongly penalizes far-away mistakes
Starting training...

Epoch 01/60 | Time 0m 14s
  Train | loss=1.0402 | top1=34.89% | top2=59.61% | top3=82.54%
  Valid | loss=1.0148 | top1=39.78% | top2=59.74% | top3=83.29% | acc=40.07% | bal_acc=20.97% | macro_f1=0.1476 | qwk=0.1182 | mae=1.1065 | weighted_f1=0.2680 | precision_macro=0.1657 | recall_macro=0.2097
         ovr_roc_auc_macro=0.6152 | ovr_pr_auc_macro=0.2707
 Initial best model saved to /root/autodl-tmp/MedVisionLab/Knee/checkpoints/best_resnet50_knee_oa_DAST_controlled_mecsb_vb_koa_adni_10seed_20260803_234110_koa_resnet50_plus_dast_seed6.pt (QWK=0.1182)

Epoch 02/60 | Time 0m 14s
  Train | loss=0.9620 | top1=44.76% | top2=68.56% | top3=86.94%
  Valid | loss=0.9156 | top1=48.32% | top2=73.20% | top3=90.29% | acc=48.67% | bal_acc=29.69% | macro_f1=0.2587 | qwk=0.4973 | mae=0.7579 | weighted_f1=0.4067 | precision_macro=0.3778 | recall_macro=0.2969
         ovr_roc_auc_macro=0.7626 | ovr_pr_auc_macro=0.4037
 Validation improved. Saved best model to /root/autodl-tmp/MedVisionLab/Knee/checkpoints/best_resnet50_knee_oa_DAST_controlled_mecsb_vb_koa_adni_10seed_20260803_234110_koa_resnet50_plus_dast_seed6.pt (QWK=0.4973)

Epoch 03/60 | Time 0m 14s
  Train | loss=0.8626 | top1=52.78% | top2=78.28% | top3=94.81%
  Valid | loss=0.8581 | top1=54.64% | top2=81.44% | top3=96.85% | acc=54.84% | bal_acc=41.67% | macro_f1=0.4148 | qwk=0.6335 | mae=0.6525 | weighted_f1=0.4737 | precision_macro=0.4789 | recall_macro=0.4167
         ovr_roc_auc_macro=0.8105 | ovr_pr_auc_macro=0.5394
 Validation improved. Saved best model to /root/autodl-tmp/MedVisionLab/Knee/checkpoints/best_resnet50_knee_oa_DAST_controlled_mecsb_vb_koa_adni_10seed_20260803_234110_koa_resnet50_plus_dast_seed6.pt (QWK=0.6335)

Epoch 04/60 | Time 0m 14s
  Train | loss=0.7882 | top1=61.23% | top2=84.56% | top3=97.82%
  Valid | loss=0.7859 | top1=61.56% | top2=84.65% | top3=98.44% | acc=61.50% | bal_acc=56.68% | macro_f1=0.5805 | qwk=0.7438 | mae=0.5036 | weighted_f1=0.5734 | precision_macro=0.6320 | recall_macro=0.5668
         ovr_roc_auc_macro=0.8531 | ovr_pr_auc_macro=0.6442
 Validation improved. Saved best model to /root/autodl-tmp/MedVisionLab/Knee/checkpoints/best_resnet50_knee_oa_DAST_controlled_mecsb_vb_koa_adni_10seed_20260803_234110_koa_resnet50_plus_dast_seed6.pt (QWK=0.7438)

Epoch 05/60 | Time 0m 14s
  Train | loss=0.7550 | top1=64.31% | top2=87.63% | top3=98.76%
  Valid | loss=0.7620 | top1=63.56% | top2=86.87% | top3=98.32% | acc=63.44% | bal_acc=60.31% | macro_f1=0.5980 | qwk=0.7575 | mae=0.4770 | weighted_f1=0.5856 | precision_macro=0.6404 | recall_macro=0.6031
         ovr_roc_auc_macro=0.8637 | ovr_pr_auc_macro=0.6803
 Validation improved. Saved best model to /root/autodl-tmp/MedVisionLab/Knee/checkpoints/best_resnet50_knee_oa_DAST_controlled_mecsb_vb_koa_adni_10seed_20260803_234110_koa_resnet50_plus_dast_seed6.pt (QWK=0.7575)

Epoch 06/60 | Time 0m 14s
  Train | loss=0.7351 | top1=67.18% | top2=89.28% | top3=98.76%
  Valid | loss=0.7545 | top1=65.69% | top2=89.54% | top3=98.56% | acc=65.50% | bal_acc=63.57% | macro_f1=0.6037 | qwk=0.7760 | mae=0.4540 | weighted_f1=0.5893 | precision_macro=0.6180 | recall_macro=0.6357
         ovr_roc_auc_macro=0.8785 | ovr_pr_auc_macro=0.7128
 Validation improved. Saved best model to /root/autodl-tmp/MedVisionLab/Knee/checkpoints/best_resnet50_knee_oa_DAST_controlled_mecsb_vb_koa_adni_10seed_20260803_234110_koa_resnet50_plus_dast_seed6.pt (QWK=0.7760)

Epoch 07/60 | Time 0m 14s
  Train | loss=0.7144 | top1=69.63% | top2=90.72% | top3=99.19%
  Valid | loss=0.7382 | top1=68.07% | top2=88.79% | top3=98.92% | acc=67.92% | bal_acc=67.36% | macro_f1=0.6642 | qwk=0.8003 | mae=0.4068 | weighted_f1=0.6542 | precision_macro=0.6829 | recall_macro=0.6736
         ovr_roc_auc_macro=0.8846 | ovr_pr_auc_macro=0.7242
 Validation improved. Saved best model to /root/autodl-tmp/MedVisionLab/Knee/checkpoints/best_resnet50_knee_oa_DAST_controlled_mecsb_vb_koa_adni_10seed_20260803_234110_koa_resnet50_plus_dast_seed6.pt (QWK=0.8003)

Epoch 08/60 | Time 0m 14s
  Train | loss=0.6999 | top1=71.49% | top2=92.03% | top3=99.34%
  Valid | loss=0.7379 | top1=66.96% | top2=89.03% | top3=98.68% | acc=66.83% | bal_acc=65.94% | macro_f1=0.6541 | qwk=0.8027 | mae=0.4140 | weighted_f1=0.6412 | precision_macro=0.6664 | recall_macro=0.6594
         ovr_roc_auc_macro=0.8860 | ovr_pr_auc_macro=0.7300
 Validation improved. Saved best model to /root/autodl-tmp/MedVisionLab/Knee/checkpoints/best_resnet50_knee_oa_DAST_controlled_mecsb_vb_koa_adni_10seed_20260803_234110_koa_resnet50_plus_dast_seed6.pt (QWK=0.8027)

Epoch 09/60 | Time 0m 14s
  Train | loss=0.6844 | top1=73.20% | top2=93.15% | top3=99.40%
  Valid | loss=0.7492 | top1=66.06% | top2=88.02% | top3=97.24% | acc=65.98% | bal_acc=66.25% | macro_f1=0.6629 | qwk=0.7974 | mae=0.4213 | weighted_f1=0.6520 | precision_macro=0.6691 | recall_macro=0.6625
         ovr_roc_auc_macro=0.8870 | ovr_pr_auc_macro=0.7216
 No improvement. Bad epochs: 1/15

Epoch 10/60 | Time 0m 14s
  Train | loss=0.6773 | top1=74.55% | top2=93.75% | top3=99.40%
  Valid | loss=0.7524 | top1=65.45% | top2=88.94% | top3=97.48% | acc=65.25% | bal_acc=67.77% | macro_f1=0.6489 | qwk=0.7926 | mae=0.4334 | weighted_f1=0.6365 | precision_macro=0.6334 | recall_macro=0.6777
         ovr_roc_auc_macro=0.8857 | ovr_pr_auc_macro=0.7124
 No improvement. Bad epochs: 2/15

Epoch 11/60 | Time 0m 14s
  Train | loss=0.6589 | top1=77.19% | top2=94.93% | top3=99.60%
  Valid | loss=0.7712 | top1=63.07% | top2=87.50% | top3=97.84% | acc=62.83% | bal_acc=65.34% | macro_f1=0.6481 | qwk=0.7765 | mae=0.4552 | weighted_f1=0.6224 | precision_macro=0.6534 | recall_macro=0.6534
         ovr_roc_auc_macro=0.8758 | ovr_pr_auc_macro=0.7016
 No improvement. Bad epochs: 3/15

Epoch 12/60 | Time 0m 14s
  Train | loss=0.6487 | top1=78.66% | top2=95.67% | top3=99.74%
  Valid | loss=0.8073 | top1=60.01% | top2=84.38% | top3=94.47% | acc=59.81% | bal_acc=64.17% | macro_f1=0.6307 | qwk=0.7571 | mae=0.4915 | weighted_f1=0.6003 | precision_macro=0.6323 | recall_macro=0.6417
         ovr_roc_auc_macro=0.8734 | ovr_pr_auc_macro=0.6900
 No improvement. Bad epochs: 4/15

Epoch 13/60 | Time 0m 14s
  Train | loss=0.6340 | top1=80.77% | top2=96.00% | top3=99.79%
  Valid | loss=0.8021 | top1=65.54% | top2=87.86% | top3=98.44% | acc=65.38% | bal_acc=64.13% | macro_f1=0.6396 | qwk=0.7903 | mae=0.4346 | weighted_f1=0.6280 | precision_macro=0.6609 | recall_macro=0.6413
         ovr_roc_auc_macro=0.8676 | ovr_pr_auc_macro=0.6897
 No improvement. Bad epochs: 5/15

Epoch 14/60 | Time 0m 14s
  Train | loss=0.6211 | top1=82.46% | top2=97.17% | top3=99.78%
  Valid | loss=0.7794 | top1=62.27% | top2=86.84% | top3=98.68% | acc=62.11% | bal_acc=63.09% | macro_f1=0.6381 | qwk=0.7941 | mae=0.4383 | weighted_f1=0.6245 | precision_macro=0.6595 | recall_macro=0.6309
         ovr_roc_auc_macro=0.8714 | ovr_pr_auc_macro=0.6940
 No improvement. Bad epochs: 6/15

Epoch 15/60 | Time 0m 14s
  Train | loss=0.6099 | top1=84.56% | top2=97.39% | top3=99.88%
  Valid | loss=0.8532 | top1=56.05% | top2=82.69% | top3=92.79% | acc=55.81% | bal_acc=63.69% | macro_f1=0.5969 | qwk=0.7324 | mae=0.5400 | weighted_f1=0.5629 | precision_macro=0.5832 | recall_macro=0.6369
         ovr_roc_auc_macro=0.8668 | ovr_pr_auc_macro=0.6822
 No improvement. Bad epochs: 7/15

Epoch 16/60 | Time 0m 14s
  Train | loss=0.5980 | top1=86.62% | top2=98.14% | top3=99.90%
  Valid | loss=0.8014 | top1=61.60% | top2=87.26% | top3=98.08% | acc=61.38% | bal_acc=61.37% | macro_f1=0.6144 | qwk=0.7823 | mae=0.4564 | weighted_f1=0.6023 | precision_macro=0.6534 | recall_macro=0.6137
         ovr_roc_auc_macro=0.8668 | ovr_pr_auc_macro=0.6871
 No improvement. Bad epochs: 8/15

Epoch 17/60 | Time 0m 14s
  Train | loss=0.5866 | top1=88.13% | top2=98.08% | top3=99.90%
  Valid | loss=0.7924 | top1=60.91% | top2=87.02% | top3=98.08% | acc=60.65% | bal_acc=65.46% | macro_f1=0.6394 | qwk=0.7688 | mae=0.4794 | weighted_f1=0.6108 | precision_macro=0.6328 | recall_macro=0.6546
         ovr_roc_auc_macro=0.8610 | ovr_pr_auc_macro=0.6768
 No improvement. Bad epochs: 9/15

Epoch 18/60 | Time 0m 14s
  Train | loss=0.5779 | top1=89.86% | top2=98.57% | top3=99.91%
  Valid | loss=0.7888 | top1=64.34% | top2=89.90% | top3=98.68% | acc=64.16% | bal_acc=65.36% | macro_f1=0.6505 | qwk=0.8042 | mae=0.4249 | weighted_f1=0.6374 | precision_macro=0.6537 | recall_macro=0.6536
         ovr_roc_auc_macro=0.8707 | ovr_pr_auc_macro=0.6844
 Validation improved. Saved best model to /root/autodl-tmp/MedVisionLab/Knee/checkpoints/best_resnet50_knee_oa_DAST_controlled_mecsb_vb_koa_adni_10seed_20260803_234110_koa_resnet50_plus_dast_seed6.pt (QWK=0.8042)

Epoch 19/60 | Time 0m 14s
  Train | loss=0.5655 | top1=91.70% | top2=99.17% | top3=99.93%
  Valid | loss=0.8412 | top1=58.12% | top2=83.89% | top3=96.27% | acc=57.87% | bal_acc=63.24% | macro_f1=0.6144 | qwk=0.7498 | mae=0.5109 | weighted_f1=0.5833 | precision_macro=0.6058 | recall_macro=0.6324
         ovr_roc_auc_macro=0.8620 | ovr_pr_auc_macro=0.6742
 No improvement. Bad epochs: 1/15

Epoch 20/60 | Time 0m 14s
  Train | loss=0.5564 | top1=93.30% | top2=99.26% | top3=99.93%
  Valid | loss=0.8016 | top1=62.93% | top2=89.06% | top3=98.32% | acc=62.71% | bal_acc=65.09% | macro_f1=0.6353 | qwk=0.7817 | mae=0.4600 | weighted_f1=0.6149 | precision_macro=0.6267 | recall_macro=0.6509
         ovr_roc_auc_macro=0.8675 | ovr_pr_auc_macro=0.6715
 No improvement. Bad epochs: 2/15

Epoch 21/60 | Time 0m 14s
  Train | loss=0.5508 | top1=93.98% | top2=99.40% | top3=100.00%
  Valid | loss=0.8298 | top1=61.07% | top2=88.82% | top3=98.20% | acc=60.90% | bal_acc=59.85% | macro_f1=0.6134 | qwk=0.7747 | mae=0.4673 | weighted_f1=0.6023 | precision_macro=0.6447 | recall_macro=0.5985
         ovr_roc_auc_macro=0.8569 | ovr_pr_auc_macro=0.6665
 No improvement. Bad epochs: 3/15

Epoch 22/60 | Time 0m 14s
  Train | loss=0.5425 | top1=95.01% | top2=99.55% | top3=100.00%
  Valid | loss=0.8086 | top1=64.16% | top2=88.07% | top3=98.68% | acc=64.04% | bal_acc=62.44% | macro_f1=0.6406 | qwk=0.7922 | mae=0.4322 | weighted_f1=0.6311 | precision_macro=0.6650 | recall_macro=0.6244
         ovr_roc_auc_macro=0.8612 | ovr_pr_auc_macro=0.6699
 No improvement. Bad epochs: 4/15

Epoch 23/60 | Time 0m 14s
  Train | loss=0.5403 | top1=95.20% | top2=99.52% | top3=100.00%
  Valid | loss=0.8229 | top1=63.26% | top2=88.34% | top3=98.32% | acc=63.08% | bal_acc=63.58% | macro_f1=0.6247 | qwk=0.7886 | mae=0.4504 | weighted_f1=0.6158 | precision_macro=0.6251 | recall_macro=0.6358
         ovr_roc_auc_macro=0.8584 | ovr_pr_auc_macro=0.6749
 No improvement. Bad epochs: 5/15

Epoch 24/60 | Time 0m 14s
  Train | loss=0.5381 | top1=95.81% | top2=99.64% | top3=99.97%
  Valid | loss=0.8294 | top1=63.35% | top2=88.10% | top3=98.68% | acc=63.20% | bal_acc=62.60% | macro_f1=0.6205 | qwk=0.7961 | mae=0.4395 | weighted_f1=0.6201 | precision_macro=0.6342 | recall_macro=0.6260
         ovr_roc_auc_macro=0.8532 | ovr_pr_auc_macro=0.6599
 No improvement. Bad epochs: 6/15

Epoch 25/60 | Time 0m 14s
  Train | loss=0.5311 | top1=96.53% | top2=99.76% | top3=100.00%
  Valid | loss=0.7978 | top1=62.12% | top2=89.40% | top3=98.80% | acc=61.99% | bal_acc=61.95% | macro_f1=0.6367 | qwk=0.7874 | mae=0.4479 | weighted_f1=0.6220 | precision_macro=0.6590 | recall_macro=0.6195
         ovr_roc_auc_macro=0.8651 | ovr_pr_auc_macro=0.6747
 No improvement. Bad epochs: 7/15

Epoch 26/60 | Time 0m 14s
  Train | loss=0.5293 | top1=96.90% | top2=99.74% | top3=100.00%
  Valid | loss=0.8114 | top1=64.85% | top2=88.94% | top3=98.20% | acc=64.65% | bal_acc=65.05% | macro_f1=0.6244 | qwk=0.7874 | mae=0.4455 | weighted_f1=0.6238 | precision_macro=0.6235 | recall_macro=0.6505
         ovr_roc_auc_macro=0.8629 | ovr_pr_auc_macro=0.6746
 No improvement. Bad epochs: 8/15

Epoch 27/60 | Time 0m 14s
  Train | loss=0.5223 | top1=97.66% | top2=99.83% | top3=99.97%
  Valid | loss=0.8035 | top1=63.47% | top2=86.87% | top3=96.75% | acc=63.32% | bal_acc=64.63% | macro_f1=0.6361 | qwk=0.7732 | mae=0.4588 | weighted_f1=0.6175 | precision_macro=0.6400 | recall_macro=0.6463
         ovr_roc_auc_macro=0.8741 | ovr_pr_auc_macro=0.6883
 No improvement. Bad epochs: 9/15

Epoch 28/60 | Time 0m 14s
  Train | loss=0.5202 | top1=97.74% | top2=99.93% | top3=99.98%
  Valid | loss=0.8059 | top1=65.46% | top2=88.91% | top3=97.84% | acc=65.38% | bal_acc=63.02% | macro_f1=0.6413 | qwk=0.8024 | mae=0.4177 | weighted_f1=0.6397 | precision_macro=0.6607 | recall_macro=0.6302
         ovr_roc_auc_macro=0.8631 | ovr_pr_auc_macro=0.6685
 No improvement. Bad epochs: 10/15

Epoch 29/60 | Time 0m 14s
  Train | loss=0.5187 | top1=97.91% | top2=99.84% | top3=100.00%
  Valid | loss=0.8008 | top1=62.72% | top2=86.60% | top3=98.08% | acc=62.59% | bal_acc=62.05% | macro_f1=0.6270 | qwk=0.7856 | mae=0.4479 | weighted_f1=0.6157 | precision_macro=0.6444 | recall_macro=0.6205
         ovr_roc_auc_macro=0.8632 | ovr_pr_auc_macro=0.6766
 No improvement. Bad epochs: 11/15

Epoch 30/60 | Time 0m 14s
  Train | loss=0.5200 | top1=97.60% | top2=99.88% | top3=99.97%
  Valid | loss=0.8208 | top1=59.01% | top2=85.59% | top3=97.60% | acc=58.96% | bal_acc=59.48% | macro_f1=0.6128 | qwk=0.7700 | mae=0.4746 | weighted_f1=0.5983 | precision_macro=0.6446 | recall_macro=0.5948
         ovr_roc_auc_macro=0.8675 | ovr_pr_auc_macro=0.6706
 No improvement. Bad epochs: 12/15

Epoch 31/60 | Time 0m 14s
  Train | loss=0.5185 | top1=97.79% | top2=99.83% | top3=99.98%
  Valid | loss=0.8124 | top1=63.20% | top2=87.95% | top3=97.96% | acc=63.08% | bal_acc=62.62% | macro_f1=0.6308 | qwk=0.7840 | mae=0.4504 | weighted_f1=0.6183 | precision_macro=0.6418 | recall_macro=0.6262
         ovr_roc_auc_macro=0.8608 | ovr_pr_auc_macro=0.6610
 No improvement. Bad epochs: 13/15

Epoch 32/60 | Time 0m 14s
  Train | loss=0.5116 | top1=98.66% | top2=99.91% | top3=100.00%
  Valid | loss=0.8106 | top1=62.69% | top2=86.78% | top3=97.60% | acc=62.59% | bal_acc=62.71% | macro_f1=0.6378 | qwk=0.7765 | mae=0.4528 | weighted_f1=0.6271 | precision_macro=0.6522 | recall_macro=0.6271
         ovr_roc_auc_macro=0.8698 | ovr_pr_auc_macro=0.6734
 No improvement. Bad epochs: 14/15

Epoch 33/60 | Time 0m 14s
  Train | loss=0.5117 | top1=98.74% | top2=99.91% | top3=100.00%
  Valid | loss=0.8251 | top1=61.94% | top2=88.10% | top3=96.27% | acc=61.74% | bal_acc=64.02% | macro_f1=0.6267 | qwk=0.7780 | mae=0.4625 | weighted_f1=0.6143 | precision_macro=0.6185 | recall_macro=0.6402
         ovr_roc_auc_macro=0.8657 | ovr_pr_auc_macro=0.6564
 No improvement. Bad epochs: 15/15
Early stopping triggered.
 Training stopped early at epoch 33.

Loading best model and evaluating on test set...
Best validation QWK: 0.8042

Test | loss=0.7656 | top1=66.13% | top2=89.58% | top3=98.98% | acc=66.00% | bal_acc=66.66% | macro_f1=0.6672 | qwk=0.8264 | mae=0.3943 | weighted_f1=0.6531 | precision_macro=0.6736 | recall_macro=0.6666
     ovr_roc_auc_macro=0.8845 | ovr_pr_auc_macro=0.7153

Evaluating on auto_test set...

AutoTest | loss=0.7570 | top1=67.06% | top2=88.97% | top3=99.28% | acc=66.91% | bal_acc=68.59% | macro_f1=0.6835 | qwk=0.8212 | mae=0.3919 | weighted_f1=0.6621 | precision_macro=0.6898 | recall_macro=0.6859
         ovr_roc_auc_macro=0.8889 | ovr_pr_auc_macro=0.7289
Summary CSV saved: /root/autodl-tmp/MedVisionLab/Knee/logs/ResNet_baseline+Loss4_controlled_mecsb_vb_koa_adni_10seed_20260803_234110_koa_resnet50_plus_dast_seed6_20260804_084409_summary.csv
Checkpoint saved: /root/autodl-tmp/MedVisionLab/Knee/checkpoints/best_resnet50_knee_oa_DAST_controlled_mecsb_vb_koa_adni_10seed_20260803_234110_koa_resnet50_plus_dast_seed6.pt

Knee Osteoarthritis ResNet50 baseline (DAST) completed!

==========================================================================================
RETURN_CODE: 0
