DATASET: ADNI
METHOD: ResNet50 + MESC VersionB
SEED: 9
SCRIPT: /root/autodl-tmp/MedVisionLab/Alzheimer_MRI_Loss/ResNet_layer3+MECS.py
RUN_TAG: controlled_mecsb_vb_koa_adni_10seed_20260803_234110_adni_resnet50_plus_mesc_versionb_seed9
ALZHEIMER_LOSSES: ce
LOSS: ce
COMMAND: /root/miniconda3/envs/medvision/bin/python -u /root/autodl-tmp/MedVisionLab/tools/run_training_with_mecsb.py --script /root/autodl-tmp/MedVisionLab/Alzheimer_MRI_Loss/ResNet_layer3+MECS.py
==========================================================================================
MESC_IMPLEMENTATION: MECS_VersionB
ORIGINAL_SCRIPT: /root/autodl-tmp/MedVisionLab/Alzheimer_MRI_Loss/ResNet_layer3+MECS.py
==========================================================================================
Injected attention module: MECS_VersionB
Original training script : /root/autodl-tmp/MedVisionLab/Alzheimer_MRI_Loss/ResNet_layer3+MECS.py
Dataset                  : ADNI
Original source modified : no
==========================================================================================
==========================================================================================
Script: ResNet_layer3+MECS
Run tag: controlled_mecsb_vb_koa_adni_10seed_20260803_234110_adni_resnet50_plus_mesc_versionb_seed9
Module: MECS VersionB | Insert after: layer3
Device: cuda
CUDA: NVIDIA GeForce RTX 3090
Data root: /root/autodl-tmp/Augmented_Alzheimer_MRI/OriginalDataset
Class order: ['NonDemented', 'VeryMildDemented', 'MildDemented', 'ModerateDemented'] (used for labels/QWK/MAE/ordinal losses)
Config | seed=9, batch_size=32, epochs=60, num_workers=2, image_size=224, base_lr=0.0001, test_ratio=0.2, val_ratio_within_train=0.1, patience=15
Losses to run: ['ce']
==========================================================================================
Split sizes | train=4608, valid=512, test=1280
Classes (4): ['NonDemented', 'VeryMildDemented', 'MildDemented', 'ModerateDemented']
Train class counts: [2304, 1613, 645, 46]
Valid class counts: [256, 179, 72, 5]
Test class counts : [640, 448, 179, 13]
Loading torchvision ResNet50 pretrained weights once...
Pretrained state keys: 320

##########################################################################################
Starting loss: ce
##########################################################################################
Model params: 27,303,248 | pretrained loaded: 320/346 | feat_dim=2048
Criterion: CrossEntropyLoss
Criterion trainable params: 0
Epoch 01/60 | Time 0m14s
  Train | loss=1.3331 | top1=43.68% | top2=76.15% | top3=92.40%
  Valid | loss=1.2724 | top1=50.98% | top2=85.55% | top3=98.05% | acc=50.98% | bal_acc=25.74% | macro_f1=0.1838 | weighted_f1=0.3580 | precision_macro=0.3140 | recall_macro=0.2574 | qwk=0.0107 | mae=0.6484
        ovr_roc_auc_macro=0.5597 | ovr_pr_auc_macro=0.2947
  -> best macro_f1 updated to 0.1838 (epoch 1)
Epoch 02/60 | Time 0m13s
  Train | loss=1.1813 | top1=50.24% | top2=84.98% | top3=98.70%
  Valid | loss=1.0922 | top1=50.00% | top2=84.96% | top3=99.02% | acc=50.00% | bal_acc=25.00% | macro_f1=0.1667 | weighted_f1=0.3333 | precision_macro=0.1250 | recall_macro=0.2500 | qwk=0.0000 | mae=0.6602
        ovr_roc_auc_macro=0.6192 | ovr_pr_auc_macro=0.3468
Epoch 03/60 | Time 0m13s
  Train | loss=1.0393 | top1=50.35% | top2=85.00% | top3=99.00%
  Valid | loss=1.0026 | top1=50.78% | top2=84.96% | top3=99.02% | acc=50.78% | bal_acc=25.64% | macro_f1=0.1833 | weighted_f1=0.3570 | precision_macro=0.2929 | recall_macro=0.2564 | qwk=0.0081 | mae=0.6504
        ovr_roc_auc_macro=0.7083 | ovr_pr_auc_macro=0.3774
Epoch 04/60 | Time 0m13s
  Train | loss=0.9619 | top1=54.34% | top2=85.00% | top3=99.00%
  Valid | loss=0.9414 | top1=57.23% | top2=84.96% | top3=99.02% | acc=57.23% | bal_acc=33.15% | macro_f1=0.3040 | weighted_f1=0.5291 | precision_macro=0.2817 | recall_macro=0.3315 | qwk=0.2981 | mae=0.4824
        ovr_roc_auc_macro=0.7224 | ovr_pr_auc_macro=0.3984
  -> best macro_f1 updated to 0.3040 (epoch 4)
Epoch 05/60 | Time 0m13s
  Train | loss=0.8938 | top1=58.16% | top2=85.48% | top3=99.00%
  Valid | loss=0.8773 | top1=57.62% | top2=86.33% | top3=99.02% | acc=57.62% | bal_acc=33.77% | macro_f1=0.3087 | weighted_f1=0.5369 | precision_macro=0.2896 | recall_macro=0.3377 | qwk=0.3739 | mae=0.4570
        ovr_roc_auc_macro=0.7499 | ovr_pr_auc_macro=0.4408
  -> best macro_f1 updated to 0.3087 (epoch 5)
Epoch 06/60 | Time 0m13s
  Train | loss=0.8485 | top1=60.05% | top2=87.20% | top3=99.00%
  Valid | loss=0.8407 | top1=57.03% | top2=87.70% | top3=99.02% | acc=57.03% | bal_acc=32.67% | macro_f1=0.3002 | weighted_f1=0.5261 | precision_macro=0.2779 | recall_macro=0.3267 | qwk=0.3513 | mae=0.4727
        ovr_roc_auc_macro=0.7973 | ovr_pr_auc_macro=0.4546
Epoch 07/60 | Time 0m13s
  Train | loss=0.8073 | top1=62.02% | top2=88.43% | top3=99.00%
  Valid | loss=0.8136 | top1=63.28% | top2=88.28% | top3=99.02% | acc=63.28% | bal_acc=41.22% | macro_f1=0.4154 | weighted_f1=0.6226 | precision_macro=0.4834 | recall_macro=0.4122 | qwk=0.5070 | mae=0.3926
        ovr_roc_auc_macro=0.8261 | ovr_pr_auc_macro=0.4853
  -> best macro_f1 updated to 0.4154 (epoch 7)
Epoch 08/60 | Time 0m13s
  Train | loss=0.7702 | top1=64.61% | top2=89.21% | top3=99.00%
  Valid | loss=0.8468 | top1=59.77% | top2=88.87% | top3=99.02% | acc=59.77% | bal_acc=36.73% | macro_f1=0.3685 | weighted_f1=0.5595 | precision_macro=0.4130 | recall_macro=0.3673 | qwk=0.3821 | mae=0.4785
        ovr_roc_auc_macro=0.8269 | ovr_pr_auc_macro=0.4790
Epoch 09/60 | Time 0m13s
  Train | loss=0.7206 | top1=68.29% | top2=91.06% | top3=99.00%
  Valid | loss=0.8077 | top1=61.91% | top2=90.23% | top3=99.02% | acc=61.91% | bal_acc=45.86% | macro_f1=0.4496 | weighted_f1=0.6215 | precision_macro=0.4758 | recall_macro=0.4586 | qwk=0.5314 | mae=0.4102
        ovr_roc_auc_macro=0.8568 | ovr_pr_auc_macro=0.5290
  -> best macro_f1 updated to 0.4496 (epoch 9)
Epoch 10/60 | Time 0m13s
  Train | loss=0.6519 | top1=71.42% | top2=92.47% | top3=99.00%
  Valid | loss=0.7087 | top1=67.97% | top2=92.38% | top3=99.02% | acc=67.97% | bal_acc=47.00% | macro_f1=0.4761 | weighted_f1=0.6708 | precision_macro=0.4866 | recall_macro=0.4700 | qwk=0.5824 | mae=0.3594
        ovr_roc_auc_macro=0.8795 | ovr_pr_auc_macro=0.5969
  -> best macro_f1 updated to 0.4761 (epoch 10)
Epoch 11/60 | Time 0m13s
  Train | loss=0.5932 | top1=74.11% | top2=93.68% | top3=99.11%
  Valid | loss=0.6152 | top1=72.66% | top2=92.19% | top3=99.41% | acc=72.66% | bal_acc=54.09% | macro_f1=0.5225 | weighted_f1=0.7205 | precision_macro=0.5170 | recall_macro=0.5409 | qwk=0.6569 | mae=0.3164
        ovr_roc_auc_macro=0.9182 | ovr_pr_auc_macro=0.6857
  -> best macro_f1 updated to 0.5225 (epoch 11)
Epoch 12/60 | Time 0m13s
  Train | loss=0.5063 | top1=79.10% | top2=95.55% | top3=99.50%
  Valid | loss=0.5523 | top1=79.69% | top2=96.09% | top3=99.41% | acc=79.69% | bal_acc=57.91% | macro_f1=0.5878 | weighted_f1=0.7916 | precision_macro=0.6001 | recall_macro=0.5791 | qwk=0.7333 | mae=0.2285
        ovr_roc_auc_macro=0.9290 | ovr_pr_auc_macro=0.7411
  -> best macro_f1 updated to 0.5878 (epoch 12)
Epoch 13/60 | Time 0m13s
  Train | loss=0.4422 | top1=82.42% | top2=96.57% | top3=99.80%
  Valid | loss=0.4508 | top1=80.86% | top2=95.31% | top3=99.41% | acc=80.86% | bal_acc=63.85% | macro_f1=0.6771 | weighted_f1=0.8051 | precision_macro=0.8505 | recall_macro=0.6385 | qwk=0.7564 | mae=0.2148
        ovr_roc_auc_macro=0.9536 | ovr_pr_auc_macro=0.8069
  -> best macro_f1 updated to 0.6771 (epoch 13)
Epoch 14/60 | Time 0m13s
  Train | loss=0.3726 | top1=85.44% | top2=97.37% | top3=99.83%
  Valid | loss=0.5602 | top1=76.56% | top2=94.53% | top3=99.22% | acc=76.56% | bal_acc=73.31% | macro_f1=0.6772 | weighted_f1=0.7705 | precision_macro=0.6540 | recall_macro=0.7331 | qwk=0.7118 | mae=0.2656
        ovr_roc_auc_macro=0.9485 | ovr_pr_auc_macro=0.8136
  -> best macro_f1 updated to 0.6772 (epoch 14)
Epoch 15/60 | Time 0m13s
  Train | loss=0.3102 | top1=87.35% | top2=98.61% | top3=99.93%
  Valid | loss=0.3346 | top1=87.11% | top2=97.66% | top3=99.80% | acc=87.11% | bal_acc=90.92% | macro_f1=0.8574 | weighted_f1=0.8719 | precision_macro=0.8197 | recall_macro=0.9092 | qwk=0.8367 | mae=0.1484
        ovr_roc_auc_macro=0.9771 | ovr_pr_auc_macro=0.9212
  -> best macro_f1 updated to 0.8574 (epoch 15)
Epoch 16/60 | Time 0m13s
  Train | loss=0.2455 | top1=90.45% | top2=99.11% | top3=99.96%
  Valid | loss=0.5051 | top1=81.84% | top2=97.27% | top3=99.61% | acc=81.84% | bal_acc=87.70% | macro_f1=0.8592 | weighted_f1=0.8203 | precision_macro=0.8481 | recall_macro=0.8770 | qwk=0.8082 | mae=0.1953
        ovr_roc_auc_macro=0.9556 | ovr_pr_auc_macro=0.9197
  -> best macro_f1 updated to 0.8592 (epoch 16)
Epoch 17/60 | Time 0m13s
  Train | loss=0.2035 | top1=91.99% | top2=99.46% | top3=100.00%
  Valid | loss=0.3993 | top1=85.35% | top2=98.83% | top3=100.00% | acc=85.35% | bal_acc=84.40% | macro_f1=0.8666 | weighted_f1=0.8553 | precision_macro=0.9063 | recall_macro=0.8440 | qwk=0.8240 | mae=0.1602
        ovr_roc_auc_macro=0.9771 | ovr_pr_auc_macro=0.9587
  -> best macro_f1 updated to 0.8666 (epoch 17)
Epoch 18/60 | Time 0m13s
  Train | loss=0.1701 | top1=93.84% | top2=99.54% | top3=100.00%
  Valid | loss=0.2846 | top1=89.84% | top2=98.63% | top3=100.00% | acc=89.84% | bal_acc=88.01% | macro_f1=0.8866 | weighted_f1=0.8987 | precision_macro=0.9043 | recall_macro=0.8801 | qwk=0.8835 | mae=0.1133
        ovr_roc_auc_macro=0.9839 | ovr_pr_auc_macro=0.9691
  -> best macro_f1 updated to 0.8866 (epoch 18)
Epoch 19/60 | Time 0m13s
  Train | loss=0.1489 | top1=94.49% | top2=99.59% | top3=100.00%
  Valid | loss=0.2861 | top1=90.43% | top2=99.22% | top3=100.00% | acc=90.43% | bal_acc=92.42% | macro_f1=0.9209 | weighted_f1=0.9047 | precision_macro=0.9185 | recall_macro=0.9242 | qwk=0.8626 | mae=0.1152
        ovr_roc_auc_macro=0.9829 | ovr_pr_auc_macro=0.9709
  -> best macro_f1 updated to 0.9209 (epoch 19)
Epoch 20/60 | Time 0m13s
  Train | loss=0.1286 | top1=95.20% | top2=99.59% | top3=99.96%
  Valid | loss=0.2576 | top1=91.60% | top2=99.41% | top3=100.00% | acc=91.60% | bal_acc=88.27% | macro_f1=0.9099 | weighted_f1=0.9163 | precision_macro=0.9438 | recall_macro=0.8827 | qwk=0.8967 | mae=0.0938
        ovr_roc_auc_macro=0.9868 | ovr_pr_auc_macro=0.9782
Epoch 21/60 | Time 0m13s
  Train | loss=0.1175 | top1=95.88% | top2=99.74% | top3=99.98%
  Valid | loss=0.2963 | top1=90.23% | top2=99.61% | top3=100.00% | acc=90.23% | bal_acc=85.22% | macro_f1=0.8673 | weighted_f1=0.9017 | precision_macro=0.8897 | recall_macro=0.8522 | qwk=0.8680 | mae=0.1113
        ovr_roc_auc_macro=0.9840 | ovr_pr_auc_macro=0.9557
Epoch 22/60 | Time 0m13s
  Train | loss=0.0972 | top1=96.59% | top2=99.80% | top3=100.00%
  Valid | loss=0.2248 | top1=92.77% | top2=99.61% | top3=100.00% | acc=92.77% | bal_acc=89.69% | macro_f1=0.9181 | weighted_f1=0.9281 | precision_macro=0.9454 | recall_macro=0.8969 | qwk=0.9243 | mae=0.0762
        ovr_roc_auc_macro=0.9897 | ovr_pr_auc_macro=0.9819
Epoch 23/60 | Time 0m13s
  Train | loss=0.0825 | top1=97.11% | top2=99.83% | top3=100.00%
  Valid | loss=0.2025 | top1=93.55% | top2=99.41% | top3=100.00% | acc=93.55% | bal_acc=84.85% | macro_f1=0.8879 | weighted_f1=0.9351 | precision_macro=0.9525 | recall_macro=0.8485 | qwk=0.9099 | mae=0.0762
        ovr_roc_auc_macro=0.9908 | ovr_pr_auc_macro=0.9855
Epoch 24/60 | Time 0m13s
  Train | loss=0.0848 | top1=96.90% | top2=99.89% | top3=100.00%
  Valid | loss=0.2369 | top1=93.55% | top2=99.41% | top3=100.00% | acc=93.55% | bal_acc=83.68% | macro_f1=0.8838 | weighted_f1=0.9352 | precision_macro=0.9605 | recall_macro=0.8368 | qwk=0.9176 | mae=0.0723
        ovr_roc_auc_macro=0.9901 | ovr_pr_auc_macro=0.9745
Epoch 25/60 | Time 0m13s
  Train | loss=0.0625 | top1=97.76% | top2=99.93% | top3=100.00%
  Valid | loss=0.2474 | top1=92.97% | top2=99.02% | top3=100.00% | acc=92.97% | bal_acc=94.02% | macro_f1=0.9430 | weighted_f1=0.9292 | precision_macro=0.9473 | recall_macro=0.9402 | qwk=0.9074 | mae=0.0820
        ovr_roc_auc_macro=0.9894 | ovr_pr_auc_macro=0.9795
  -> best macro_f1 updated to 0.9430 (epoch 25)
Epoch 26/60 | Time 0m13s
  Train | loss=0.0640 | top1=97.53% | top2=99.91% | top3=100.00%
  Valid | loss=0.1931 | top1=94.34% | top2=99.80% | top3=100.00% | acc=94.34% | bal_acc=94.29% | macro_f1=0.9531 | weighted_f1=0.9432 | precision_macro=0.9659 | recall_macro=0.9429 | qwk=0.9270 | mae=0.0645
        ovr_roc_auc_macro=0.9929 | ovr_pr_auc_macro=0.9877
  -> best macro_f1 updated to 0.9531 (epoch 26)
Epoch 27/60 | Time 0m13s
  Train | loss=0.0564 | top1=97.96% | top2=99.93% | top3=100.00%
  Valid | loss=0.1899 | top1=93.95% | top2=99.41% | top3=100.00% | acc=93.95% | bal_acc=95.05% | macro_f1=0.9475 | weighted_f1=0.9390 | precision_macro=0.9460 | recall_macro=0.9505 | qwk=0.9372 | mae=0.0645
        ovr_roc_auc_macro=0.9923 | ovr_pr_auc_macro=0.9869
Epoch 28/60 | Time 0m13s
  Train | loss=0.0532 | top1=98.11% | top2=99.96% | top3=100.00%
  Valid | loss=0.1926 | top1=94.53% | top2=99.80% | top3=100.00% | acc=94.53% | bal_acc=96.22% | macro_f1=0.9596 | weighted_f1=0.9453 | precision_macro=0.9572 | recall_macro=0.9622 | qwk=0.9466 | mae=0.0566
        ovr_roc_auc_macro=0.9912 | ovr_pr_auc_macro=0.9848
  -> best macro_f1 updated to 0.9596 (epoch 28)
Epoch 29/60 | Time 0m13s
  Train | loss=0.0474 | top1=98.55% | top2=99.87% | top3=100.00%
  Valid | loss=0.1788 | top1=95.70% | top2=99.80% | top3=100.00% | acc=95.70% | bal_acc=97.14% | macro_f1=0.9668 | weighted_f1=0.9570 | precision_macro=0.9626 | recall_macro=0.9714 | qwk=0.9572 | mae=0.0449
        ovr_roc_auc_macro=0.9916 | ovr_pr_auc_macro=0.9861
  -> best macro_f1 updated to 0.9668 (epoch 29)
Epoch 30/60 | Time 0m13s
  Train | loss=0.0348 | top1=98.91% | top2=99.96% | top3=100.00%
  Valid | loss=0.1554 | top1=96.29% | top2=99.61% | top3=100.00% | acc=96.29% | bal_acc=97.68% | macro_f1=0.9737 | weighted_f1=0.9628 | precision_macro=0.9708 | recall_macro=0.9768 | qwk=0.9674 | mae=0.0371
        ovr_roc_auc_macro=0.9941 | ovr_pr_auc_macro=0.9910
  -> best macro_f1 updated to 0.9737 (epoch 30)
Epoch 31/60 | Time 0m13s
  Train | loss=0.0389 | top1=98.81% | top2=99.93% | top3=100.00%
  Valid | loss=0.1832 | top1=95.70% | top2=99.61% | top3=100.00% | acc=95.70% | bal_acc=95.60% | macro_f1=0.9638 | weighted_f1=0.9570 | precision_macro=0.9735 | recall_macro=0.9560 | qwk=0.9504 | mae=0.0469
        ovr_roc_auc_macro=0.9924 | ovr_pr_auc_macro=0.9894
Epoch 32/60 | Time 0m13s
  Train | loss=0.0280 | top1=99.02% | top2=100.00% | top3=100.00%
  Valid | loss=0.1603 | top1=95.70% | top2=100.00% | top3=100.00% | acc=95.70% | bal_acc=96.48% | macro_f1=0.9656 | weighted_f1=0.9571 | precision_macro=0.9664 | recall_macro=0.9648 | qwk=0.9514 | mae=0.0469
        ovr_roc_auc_macro=0.9940 | ovr_pr_auc_macro=0.9891
Epoch 33/60 | Time 0m13s
  Train | loss=0.0400 | top1=98.57% | top2=99.96% | top3=100.00%
  Valid | loss=0.1929 | top1=96.09% | top2=99.80% | top3=100.00% | acc=96.09% | bal_acc=97.04% | macro_f1=0.9702 | weighted_f1=0.9608 | precision_macro=0.9701 | recall_macro=0.9704 | qwk=0.9604 | mae=0.0410
        ovr_roc_auc_macro=0.9918 | ovr_pr_auc_macro=0.9868
Epoch 34/60 | Time 0m13s
  Train | loss=0.0267 | top1=99.28% | top2=100.00% | top3=100.00%
  Valid | loss=0.1468 | top1=97.07% | top2=99.80% | top3=100.00% | acc=97.07% | bal_acc=97.95% | macro_f1=0.9775 | weighted_f1=0.9707 | precision_macro=0.9755 | recall_macro=0.9795 | qwk=0.9690 | mae=0.0312
        ovr_roc_auc_macro=0.9936 | ovr_pr_auc_macro=0.9885
  -> best macro_f1 updated to 0.9775 (epoch 34)
Epoch 35/60 | Time 0m13s
  Train | loss=0.0245 | top1=99.15% | top2=100.00% | top3=100.00%
  Valid | loss=0.1712 | top1=95.12% | top2=99.61% | top3=100.00% | acc=95.12% | bal_acc=96.27% | macro_f1=0.9620 | weighted_f1=0.9514 | precision_macro=0.9619 | recall_macro=0.9627 | qwk=0.9511 | mae=0.0508
        ovr_roc_auc_macro=0.9938 | ovr_pr_auc_macro=0.9870
Epoch 36/60 | Time 0m13s
  Train | loss=0.0306 | top1=99.00% | top2=99.98% | top3=100.00%
  Valid | loss=0.1438 | top1=96.88% | top2=99.80% | top3=100.00% | acc=96.88% | bal_acc=97.73% | macro_f1=0.9539 | weighted_f1=0.9687 | precision_macro=0.9347 | recall_macro=0.9773 | qwk=0.9728 | mae=0.0312
        ovr_roc_auc_macro=0.9943 | ovr_pr_auc_macro=0.9908
Epoch 37/60 | Time 0m13s
  Train | loss=0.0170 | top1=99.46% | top2=100.00% | top3=100.00%
  Valid | loss=0.1847 | top1=95.12% | top2=100.00% | top3=100.00% | acc=95.12% | bal_acc=96.52% | macro_f1=0.9633 | weighted_f1=0.9514 | precision_macro=0.9620 | recall_macro=0.9652 | qwk=0.9513 | mae=0.0508
        ovr_roc_auc_macro=0.9942 | ovr_pr_auc_macro=0.9911
Epoch 38/60 | Time 0m13s
  Train | loss=0.0130 | top1=99.63% | top2=100.00% | top3=100.00%
  Valid | loss=0.1496 | top1=96.68% | top2=100.00% | top3=100.00% | acc=96.68% | bal_acc=97.75% | macro_f1=0.9751 | weighted_f1=0.9668 | precision_macro=0.9728 | recall_macro=0.9775 | qwk=0.9655 | mae=0.0352
        ovr_roc_auc_macro=0.9945 | ovr_pr_auc_macro=0.9911
Epoch 39/60 | Time 0m13s
  Train | loss=0.0119 | top1=99.65% | top2=100.00% | top3=100.00%
  Valid | loss=0.1659 | top1=96.29% | top2=100.00% | top3=100.00% | acc=96.29% | bal_acc=97.27% | macro_f1=0.9705 | weighted_f1=0.9629 | precision_macro=0.9684 | recall_macro=0.9727 | qwk=0.9570 | mae=0.0410
        ovr_roc_auc_macro=0.9942 | ovr_pr_auc_macro=0.9916
Epoch 40/60 | Time 0m13s
  Train | loss=0.0141 | top1=99.59% | top2=100.00% | top3=100.00%
  Valid | loss=0.1471 | top1=97.07% | top2=100.00% | top3=100.00% | acc=97.07% | bal_acc=97.87% | macro_f1=0.9786 | weighted_f1=0.9706 | precision_macro=0.9787 | recall_macro=0.9787 | qwk=0.9690 | mae=0.0312
        ovr_roc_auc_macro=0.9940 | ovr_pr_auc_macro=0.9906
  -> best macro_f1 updated to 0.9786 (epoch 40)
Epoch 41/60 | Time 0m13s
  Train | loss=0.0204 | top1=99.37% | top2=99.98% | top3=100.00%
  Valid | loss=0.1410 | top1=98.05% | top2=99.80% | top3=100.00% | acc=98.05% | bal_acc=98.69% | macro_f1=0.9868 | weighted_f1=0.9804 | precision_macro=0.9870 | recall_macro=0.9869 | qwk=0.9828 | mae=0.0195
        ovr_roc_auc_macro=0.9942 | ovr_pr_auc_macro=0.9908
  -> best macro_f1 updated to 0.9868 (epoch 41)
Epoch 42/60 | Time 0m13s
  Train | loss=0.0127 | top1=99.57% | top2=99.98% | top3=100.00%
  Valid | loss=0.1554 | top1=96.29% | top2=99.80% | top3=100.00% | acc=96.29% | bal_acc=97.60% | macro_f1=0.9740 | weighted_f1=0.9629 | precision_macro=0.9721 | recall_macro=0.9760 | qwk=0.9619 | mae=0.0391
        ovr_roc_auc_macro=0.9942 | ovr_pr_auc_macro=0.9916
Epoch 43/60 | Time 0m13s
  Train | loss=0.0110 | top1=99.59% | top2=100.00% | top3=100.00%
  Valid | loss=0.1300 | top1=97.07% | top2=100.00% | top3=100.00% | acc=97.07% | bal_acc=98.24% | macro_f1=0.9789 | weighted_f1=0.9707 | precision_macro=0.9757 | recall_macro=0.9824 | qwk=0.9639 | mae=0.0332
        ovr_roc_auc_macro=0.9958 | ovr_pr_auc_macro=0.9941
Epoch 44/60 | Time 0m13s
  Train | loss=0.0147 | top1=99.44% | top2=100.00% | top3=100.00%
  Valid | loss=0.1276 | top1=97.07% | top2=99.80% | top3=100.00% | acc=97.07% | bal_acc=97.99% | macro_f1=0.9797 | weighted_f1=0.9707 | precision_macro=0.9795 | recall_macro=0.9799 | qwk=0.9740 | mae=0.0293
        ovr_roc_auc_macro=0.9956 | ovr_pr_auc_macro=0.9939
Epoch 45/60 | Time 0m13s
  Train | loss=0.0142 | top1=99.44% | top2=99.98% | top3=100.00%
  Valid | loss=0.1390 | top1=97.46% | top2=99.80% | top3=100.00% | acc=97.46% | bal_acc=98.19% | macro_f1=0.9821 | weighted_f1=0.9746 | precision_macro=0.9823 | recall_macro=0.9819 | qwk=0.9775 | mae=0.0254
        ovr_roc_auc_macro=0.9946 | ovr_pr_auc_macro=0.9925
Epoch 46/60 | Time 0m13s
  Train | loss=0.0082 | top1=99.70% | top2=100.00% | top3=100.00%
  Valid | loss=0.1374 | top1=97.07% | top2=99.80% | top3=100.00% | acc=97.07% | bal_acc=98.12% | macro_f1=0.9754 | weighted_f1=0.9707 | precision_macro=0.9706 | recall_macro=0.9812 | qwk=0.9643 | mae=0.0332
        ovr_roc_auc_macro=0.9953 | ovr_pr_auc_macro=0.9935
Epoch 47/60 | Time 0m13s
  Train | loss=0.0065 | top1=99.78% | top2=100.00% | top3=100.00%
  Valid | loss=0.1200 | top1=97.85% | top2=100.00% | top3=100.00% | acc=97.85% | bal_acc=98.63% | macro_f1=0.9844 | weighted_f1=0.9785 | precision_macro=0.9827 | recall_macro=0.9863 | qwk=0.9811 | mae=0.0215
        ovr_roc_auc_macro=0.9958 | ovr_pr_auc_macro=0.9945
Epoch 48/60 | Time 0m13s
  Train | loss=0.0067 | top1=99.83% | top2=100.00% | top3=100.00%
  Valid | loss=0.1189 | top1=97.85% | top2=100.00% | top3=100.00% | acc=97.85% | bal_acc=98.63% | macro_f1=0.9857 | weighted_f1=0.9785 | precision_macro=0.9851 | recall_macro=0.9863 | qwk=0.9810 | mae=0.0215
        ovr_roc_auc_macro=0.9964 | ovr_pr_auc_macro=0.9955
Epoch 49/60 | Time 0m13s
  Train | loss=0.0077 | top1=99.74% | top2=100.00% | top3=100.00%
  Valid | loss=0.1061 | top1=97.66% | top2=99.80% | top3=100.00% | acc=97.66% | bal_acc=98.49% | macro_f1=0.9845 | weighted_f1=0.9765 | precision_macro=0.9841 | recall_macro=0.9849 | qwk=0.9793 | mae=0.0234
        ovr_roc_auc_macro=0.9968 | ovr_pr_auc_macro=0.9958
Epoch 50/60 | Time 0m13s
  Train | loss=0.0065 | top1=99.83% | top2=99.98% | top3=100.00%
  Valid | loss=0.1056 | top1=98.24% | top2=99.80% | top3=100.00% | acc=98.24% | bal_acc=98.87% | macro_f1=0.9880 | weighted_f1=0.9824 | precision_macro=0.9875 | recall_macro=0.9887 | qwk=0.9845 | mae=0.0176
        ovr_roc_auc_macro=0.9964 | ovr_pr_auc_macro=0.9956
  -> best macro_f1 updated to 0.9880 (epoch 50)
Epoch 51/60 | Time 0m13s
  Train | loss=0.0085 | top1=99.76% | top2=100.00% | top3=100.00%
  Valid | loss=0.1011 | top1=97.85% | top2=100.00% | top3=100.00% | acc=97.85% | bal_acc=98.63% | macro_f1=0.9857 | weighted_f1=0.9785 | precision_macro=0.9851 | recall_macro=0.9863 | qwk=0.9810 | mae=0.0215
        ovr_roc_auc_macro=0.9970 | ovr_pr_auc_macro=0.9959
Epoch 52/60 | Time 0m13s
  Train | loss=0.0054 | top1=99.93% | top2=99.98% | top3=100.00%
  Valid | loss=0.1110 | top1=97.66% | top2=99.80% | top3=100.00% | acc=97.66% | bal_acc=98.49% | macro_f1=0.9845 | weighted_f1=0.9765 | precision_macro=0.9841 | recall_macro=0.9849 | qwk=0.9793 | mae=0.0234
        ovr_roc_auc_macro=0.9964 | ovr_pr_auc_macro=0.9954
Epoch 53/60 | Time 0m13s
  Train | loss=0.0041 | top1=99.89% | top2=100.00% | top3=100.00%
  Valid | loss=0.1046 | top1=97.66% | top2=99.80% | top3=100.00% | acc=97.66% | bal_acc=98.49% | macro_f1=0.9845 | weighted_f1=0.9765 | precision_macro=0.9841 | recall_macro=0.9849 | qwk=0.9793 | mae=0.0234
        ovr_roc_auc_macro=0.9967 | ovr_pr_auc_macro=0.9959
Epoch 54/60 | Time 0m13s
  Train | loss=0.0040 | top1=99.87% | top2=100.00% | top3=100.00%
  Valid | loss=0.1175 | top1=97.66% | top2=99.80% | top3=100.00% | acc=97.66% | bal_acc=98.45% | macro_f1=0.9844 | weighted_f1=0.9765 | precision_macro=0.9846 | recall_macro=0.9845 | qwk=0.9793 | mae=0.0234
        ovr_roc_auc_macro=0.9962 | ovr_pr_auc_macro=0.9954
Epoch 55/60 | Time 0m13s
  Train | loss=0.0047 | top1=99.85% | top2=100.00% | top3=100.00%
  Valid | loss=0.1099 | top1=97.85% | top2=99.80% | top3=100.00% | acc=97.85% | bal_acc=98.67% | macro_f1=0.9857 | weighted_f1=0.9785 | precision_macro=0.9847 | recall_macro=0.9867 | qwk=0.9810 | mae=0.0215
        ovr_roc_auc_macro=0.9962 | ovr_pr_auc_macro=0.9952
Epoch 56/60 | Time 0m13s
  Train | loss=0.0045 | top1=99.91% | top2=100.00% | top3=100.00%
  Valid | loss=0.1123 | top1=97.66% | top2=99.80% | top3=100.00% | acc=97.66% | bal_acc=98.45% | macro_f1=0.9844 | weighted_f1=0.9765 | precision_macro=0.9846 | recall_macro=0.9845 | qwk=0.9793 | mae=0.0234
        ovr_roc_auc_macro=0.9962 | ovr_pr_auc_macro=0.9953
Epoch 57/60 | Time 0m13s
  Train | loss=0.0030 | top1=99.98% | top2=100.00% | top3=100.00%
  Valid | loss=0.1149 | top1=97.66% | top2=99.80% | top3=100.00% | acc=97.66% | bal_acc=98.24% | macro_f1=0.9832 | weighted_f1=0.9765 | precision_macro=0.9841 | recall_macro=0.9824 | qwk=0.9793 | mae=0.0234
        ovr_roc_auc_macro=0.9960 | ovr_pr_auc_macro=0.9951
Epoch 58/60 | Time 0m13s
  Train | loss=0.0055 | top1=99.87% | top2=100.00% | top3=100.00%
  Valid | loss=0.1129 | top1=97.66% | top2=99.80% | top3=100.00% | acc=97.66% | bal_acc=98.24% | macro_f1=0.9832 | weighted_f1=0.9765 | precision_macro=0.9841 | recall_macro=0.9824 | qwk=0.9793 | mae=0.0234
        ovr_roc_auc_macro=0.9961 | ovr_pr_auc_macro=0.9952
Epoch 59/60 | Time 0m13s
  Train | loss=0.0037 | top1=99.89% | top2=100.00% | top3=100.00%
  Valid | loss=0.1056 | top1=98.05% | top2=99.80% | top3=100.00% | acc=98.05% | bal_acc=98.73% | macro_f1=0.9868 | weighted_f1=0.9804 | precision_macro=0.9865 | recall_macro=0.9873 | qwk=0.9828 | mae=0.0195
        ovr_roc_auc_macro=0.9963 | ovr_pr_auc_macro=0.9955
Epoch 60/60 | Time 0m13s
  Train | loss=0.0055 | top1=99.85% | top2=100.00% | top3=100.00%
  Valid | loss=0.1074 | top1=98.05% | top2=100.00% | top3=100.00% | acc=98.05% | bal_acc=98.52% | macro_f1=0.9856 | weighted_f1=0.9804 | precision_macro=0.9860 | recall_macro=0.9852 | qwk=0.9827 | mae=0.0195
        ovr_roc_auc_macro=0.9963 | ovr_pr_auc_macro=0.9956

[TEST] loss=ce
  Test | loss=0.0454 | top1=98.67% | top2=99.92% | top3=100.00% | acc=98.67% | bal_acc=98.80% | macro_f1=0.9795 | weighted_f1=0.9867 | precision_macro=0.9718 | recall_macro=0.9880 | qwk=0.9863 | mae=0.0141
        ovr_roc_auc_macro=0.9993 | ovr_pr_auc_macro=0.9979

==========================================================================================
Summary CSV saved: /root/autodl-tmp/MedVisionLab/Alzheimer_MRI_Loss/logs/ResNet_layer3+MECS_controlled_mecsb_vb_koa_adni_10seed_20260803_234110_adni_resnet50_plus_mesc_versionb_seed9_20260804_134138_summary.csv
Top results by test_macro_f1:
  ce: macro_f1=0.9795, acc=98.67%, bal_acc=98.80%
Log file saved: /root/autodl-tmp/MedVisionLab/Alzheimer_MRI_Loss/logs/ResNet_layer3+MECS_controlled_mecsb_vb_koa_adni_10seed_20260803_234110_adni_resnet50_plus_mesc_versionb_seed9_20260804_134138.log
==========================================================================================

==========================================================================================
RETURN_CODE: 0
