DATASET: ADNI
METHOD: ResNet50 + MESC VersionB + DAST
SEED: 6
SCRIPT: /root/autodl-tmp/MedVisionLab/Alzheimer_MRI_Loss/ResNet_layer3+MECS.py
RUN_TAG: controlled_mecsb_vb_koa_adni_10seed_20260803_234110_adni_resnet50_plus_mesc_versionb_plus_dast_seed6
ALZHEIMER_LOSSES: dast
LOSS: dast
DAST_TAU: 1.0
DAST_GAMMA: 1.5
COMMAND: /root/miniconda3/envs/medvision/bin/python -u /root/autodl-tmp/MedVisionLab/tools/run_training_with_mecsb.py --script /root/autodl-tmp/MedVisionLab/Alzheimer_MRI_Loss/ResNet_layer3+MECS.py
==========================================================================================
MESC_IMPLEMENTATION: MECS_VersionB
ORIGINAL_SCRIPT: /root/autodl-tmp/MedVisionLab/Alzheimer_MRI_Loss/ResNet_layer3+MECS.py
==========================================================================================
Injected attention module: MECS_VersionB
Original training script : /root/autodl-tmp/MedVisionLab/Alzheimer_MRI_Loss/ResNet_layer3+MECS.py
Dataset                  : ADNI
Original source modified : no
==========================================================================================
==========================================================================================
Script: ResNet_layer3+MECS
Run tag: controlled_mecsb_vb_koa_adni_10seed_20260803_234110_adni_resnet50_plus_mesc_versionb_plus_dast_seed6
Module: MECS VersionB | Insert after: layer3
Device: cuda
CUDA: NVIDIA GeForce RTX 3090
Data root: /root/autodl-tmp/Augmented_Alzheimer_MRI/OriginalDataset
Class order: ['NonDemented', 'VeryMildDemented', 'MildDemented', 'ModerateDemented'] (used for labels/QWK/MAE/ordinal losses)
Config | seed=6, batch_size=32, epochs=60, num_workers=2, image_size=224, base_lr=0.0001, test_ratio=0.2, val_ratio_within_train=0.1, patience=15
Losses to run: ['dast']
DAST config | tau=1.0000, gamma=1.5000
==========================================================================================
Split sizes | train=4608, valid=512, test=1280
Classes (4): ['NonDemented', 'VeryMildDemented', 'MildDemented', 'ModerateDemented']
Train class counts: [2304, 1613, 645, 46]
Valid class counts: [256, 179, 72, 5]
Test class counts : [640, 448, 179, 13]
Loading torchvision ResNet50 pretrained weights once...
Pretrained state keys: 320

##########################################################################################
Starting loss: dast
##########################################################################################
Model params: 27,303,248 | pretrained loaded: 320/346 | feat_dim=2048
Criterion: DistanceAwareSoftTargetLoss
Criterion trainable params: 0
Criterion hparams | tau=1.0000, gamma=1.5000
Epoch 01/60 | Time 0m14s
  Train | loss=0.8732 | top1=33.20% | top2=65.28% | top3=82.05%
  Valid | loss=0.8034 | top1=42.38% | top2=84.96% | top3=99.02% | acc=42.38% | bal_acc=26.99% | macro_f1=0.2250 | weighted_f1=0.3744 | precision_macro=0.2331 | recall_macro=0.2699 | qwk=0.0462 | mae=0.6270
        ovr_roc_auc_macro=0.5500 | ovr_pr_auc_macro=0.2908
  -> best macro_f1 updated to 0.2250 (epoch 1)
Epoch 02/60 | Time 0m13s
  Train | loss=0.7545 | top1=47.76% | top2=85.00% | top3=98.98%
  Valid | loss=0.7150 | top1=49.80% | top2=84.96% | top3=99.02% | acc=49.80% | bal_acc=25.28% | macro_f1=0.1874 | weighted_f1=0.3614 | precision_macro=0.2236 | recall_macro=0.2528 | qwk=0.0112 | mae=0.6543
        ovr_roc_auc_macro=0.6181 | ovr_pr_auc_macro=0.3289
Epoch 03/60 | Time 0m13s
  Train | loss=0.7053 | top1=52.08% | top2=85.00% | top3=99.00%
  Valid | loss=0.6949 | top1=53.32% | top2=84.96% | top3=99.02% | acc=53.32% | bal_acc=28.51% | macro_f1=0.2511 | weighted_f1=0.4517 | precision_macro=0.2660 | recall_macro=0.2851 | qwk=0.0627 | mae=0.6035
        ovr_roc_auc_macro=0.6999 | ovr_pr_auc_macro=0.3712
  -> best macro_f1 updated to 0.2511 (epoch 3)
Epoch 04/60 | Time 0m13s
  Train | loss=0.6831 | top1=54.60% | top2=85.03% | top3=99.00%
  Valid | loss=0.6689 | top1=56.25% | top2=84.96% | top3=99.02% | acc=56.25% | bal_acc=32.03% | macro_f1=0.2943 | weighted_f1=0.5161 | precision_macro=0.2722 | recall_macro=0.3203 | qwk=0.2932 | mae=0.4941
        ovr_roc_auc_macro=0.7233 | ovr_pr_auc_macro=0.4054
  -> best macro_f1 updated to 0.2943 (epoch 4)
Epoch 05/60 | Time 0m13s
  Train | loss=0.6621 | top1=57.62% | top2=85.81% | top3=99.00%
  Valid | loss=0.6523 | top1=58.40% | top2=85.74% | top3=99.02% | acc=58.40% | bal_acc=34.03% | macro_f1=0.3118 | weighted_f1=0.5437 | precision_macro=0.2915 | recall_macro=0.3403 | qwk=0.4009 | mae=0.4453
        ovr_roc_auc_macro=0.7485 | ovr_pr_auc_macro=0.4200
  -> best macro_f1 updated to 0.3118 (epoch 5)
Epoch 06/60 | Time 0m13s
  Train | loss=0.6538 | top1=58.05% | top2=86.98% | top3=99.00%
  Valid | loss=0.6441 | top1=60.55% | top2=87.30% | top3=99.02% | acc=60.55% | bal_acc=35.99% | macro_f1=0.3269 | weighted_f1=0.5661 | precision_macro=0.3123 | recall_macro=0.3599 | qwk=0.4330 | mae=0.4180
        ovr_roc_auc_macro=0.7779 | ovr_pr_auc_macro=0.4427
  -> best macro_f1 updated to 0.3269 (epoch 6)
Epoch 07/60 | Time 0m13s
  Train | loss=0.6449 | top1=59.09% | top2=88.17% | top3=99.00%
  Valid | loss=0.6377 | top1=62.30% | top2=88.67% | top3=99.02% | acc=62.30% | bal_acc=37.49% | macro_f1=0.3485 | weighted_f1=0.5881 | precision_macro=0.5711 | recall_macro=0.3749 | qwk=0.4793 | mae=0.3945
        ovr_roc_auc_macro=0.8018 | ovr_pr_auc_macro=0.4578
  -> best macro_f1 updated to 0.3485 (epoch 7)
Epoch 08/60 | Time 0m13s
  Train | loss=0.6314 | top1=61.07% | top2=89.97% | top3=99.00%
  Valid | loss=0.6274 | top1=63.28% | top2=88.67% | top3=99.02% | acc=63.28% | bal_acc=39.13% | macro_f1=0.3914 | weighted_f1=0.6098 | precision_macro=0.4637 | recall_macro=0.3913 | qwk=0.4807 | mae=0.4023
        ovr_roc_auc_macro=0.8262 | ovr_pr_auc_macro=0.4983
  -> best macro_f1 updated to 0.3914 (epoch 8)
Epoch 09/60 | Time 0m13s
  Train | loss=0.6208 | top1=64.34% | top2=90.49% | top3=98.98%
  Valid | loss=0.6293 | top1=64.26% | top2=90.62% | top3=99.02% | acc=64.26% | bal_acc=43.87% | macro_f1=0.4396 | weighted_f1=0.6417 | precision_macro=0.4594 | recall_macro=0.4387 | qwk=0.5326 | mae=0.3906
        ovr_roc_auc_macro=0.8242 | ovr_pr_auc_macro=0.5003
  -> best macro_f1 updated to 0.4396 (epoch 9)
Epoch 10/60 | Time 0m13s
  Train | loss=0.6089 | top1=67.34% | top2=92.27% | top3=99.13%
  Valid | loss=0.6170 | top1=67.38% | top2=90.62% | top3=99.02% | acc=67.38% | bal_acc=44.26% | macro_f1=0.4513 | weighted_f1=0.6636 | precision_macro=0.4911 | recall_macro=0.4426 | qwk=0.5788 | mae=0.3516
        ovr_roc_auc_macro=0.8437 | ovr_pr_auc_macro=0.5255
  -> best macro_f1 updated to 0.4513 (epoch 10)
Epoch 11/60 | Time 0m13s
  Train | loss=0.5881 | top1=71.09% | top2=93.29% | top3=99.22%
  Valid | loss=0.5937 | top1=73.63% | top2=93.55% | top3=99.41% | acc=73.63% | bal_acc=51.72% | macro_f1=0.5161 | weighted_f1=0.7334 | precision_macro=0.5159 | recall_macro=0.5172 | qwk=0.6587 | mae=0.2949
        ovr_roc_auc_macro=0.8823 | ovr_pr_auc_macro=0.5739
  -> best macro_f1 updated to 0.5161 (epoch 11)
Epoch 12/60 | Time 0m13s
  Train | loss=0.5700 | top1=74.35% | top2=94.92% | top3=99.57%
  Valid | loss=0.5799 | top1=76.17% | top2=93.16% | top3=99.22% | acc=76.17% | bal_acc=51.62% | macro_f1=0.5287 | weighted_f1=0.7516 | precision_macro=0.5614 | recall_macro=0.5162 | qwk=0.6848 | mae=0.2617
        ovr_roc_auc_macro=0.8939 | ovr_pr_auc_macro=0.6257
  -> best macro_f1 updated to 0.5287 (epoch 12)
Epoch 13/60 | Time 0m13s
  Train | loss=0.5572 | top1=77.26% | top2=95.88% | top3=99.67%
  Valid | loss=0.5693 | top1=74.61% | top2=94.14% | top3=99.02% | acc=74.61% | bal_acc=55.20% | macro_f1=0.5380 | weighted_f1=0.7474 | precision_macro=0.5289 | recall_macro=0.5520 | qwk=0.7050 | mae=0.2773
        ovr_roc_auc_macro=0.9135 | ovr_pr_auc_macro=0.7209
  -> best macro_f1 updated to 0.5380 (epoch 13)
Epoch 14/60 | Time 0m13s
  Train | loss=0.5407 | top1=80.19% | top2=96.53% | top3=99.57%
  Valid | loss=0.5807 | top1=74.02% | top2=93.95% | top3=99.61% | acc=74.02% | bal_acc=54.84% | macro_f1=0.5421 | weighted_f1=0.7396 | precision_macro=0.5737 | recall_macro=0.5484 | qwk=0.7001 | mae=0.2715
        ovr_roc_auc_macro=0.9303 | ovr_pr_auc_macro=0.7419
  -> best macro_f1 updated to 0.5421 (epoch 14)
Epoch 15/60 | Time 0m13s
  Train | loss=0.5233 | top1=82.99% | top2=97.46% | top3=99.78%
  Valid | loss=0.5243 | top1=82.42% | top2=96.48% | top3=99.80% | acc=82.42% | bal_acc=60.62% | macro_f1=0.6023 | weighted_f1=0.8219 | precision_macro=0.6013 | recall_macro=0.6062 | qwk=0.8004 | mae=0.1875
        ovr_roc_auc_macro=0.9573 | ovr_pr_auc_macro=0.7990
  -> best macro_f1 updated to 0.6023 (epoch 15)
Epoch 16/60 | Time 0m13s
  Train | loss=0.5127 | top1=85.61% | top2=97.81% | top3=99.89%
  Valid | loss=0.5323 | top1=81.64% | top2=96.88% | top3=99.61% | acc=81.64% | bal_acc=61.05% | macro_f1=0.6004 | weighted_f1=0.8102 | precision_macro=0.5964 | recall_macro=0.6105 | qwk=0.7855 | mae=0.2031
        ovr_roc_auc_macro=0.9528 | ovr_pr_auc_macro=0.8275
Epoch 17/60 | Time 0m13s
  Train | loss=0.4979 | top1=87.59% | top2=98.72% | top3=99.78%
  Valid | loss=0.5502 | top1=78.32% | top2=95.70% | top3=99.61% | acc=78.32% | bal_acc=60.77% | macro_f1=0.5956 | weighted_f1=0.7822 | precision_macro=0.6043 | recall_macro=0.6077 | qwk=0.7732 | mae=0.2227
        ovr_roc_auc_macro=0.9589 | ovr_pr_auc_macro=0.8582
Epoch 18/60 | Time 0m13s
  Train | loss=0.4843 | top1=89.65% | top2=98.87% | top3=99.96%
  Valid | loss=0.5032 | top1=86.52% | top2=98.24% | top3=99.80% | acc=86.52% | bal_acc=64.71% | macro_f1=0.6457 | weighted_f1=0.8618 | precision_macro=0.6464 | recall_macro=0.6471 | qwk=0.8389 | mae=0.1465
        ovr_roc_auc_macro=0.9727 | ovr_pr_auc_macro=0.9089
  -> best macro_f1 updated to 0.6457 (epoch 18)
Epoch 19/60 | Time 0m13s
  Train | loss=0.4743 | top1=91.17% | top2=99.15% | top3=99.91%
  Valid | loss=0.4853 | top1=90.62% | top2=98.83% | top3=100.00% | acc=90.62% | bal_acc=67.18% | macro_f1=0.6680 | weighted_f1=0.9021 | precision_macro=0.6645 | recall_macro=0.6718 | qwk=0.8908 | mae=0.1016
        ovr_roc_auc_macro=0.9830 | ovr_pr_auc_macro=0.9497
  -> best macro_f1 updated to 0.6680 (epoch 19)
Epoch 20/60 | Time 0m13s
  Train | loss=0.4668 | top1=92.58% | top2=99.15% | top3=99.98%
  Valid | loss=0.5186 | top1=85.35% | top2=97.46% | top3=99.80% | acc=85.35% | bal_acc=65.85% | macro_f1=0.7070 | weighted_f1=0.8469 | precision_macro=0.9010 | recall_macro=0.6585 | qwk=0.7886 | mae=0.1719
        ovr_roc_auc_macro=0.9730 | ovr_pr_auc_macro=0.9087
  -> best macro_f1 updated to 0.7070 (epoch 20)
Epoch 21/60 | Time 0m13s
  Train | loss=0.4572 | top1=94.05% | top2=99.54% | top3=100.00%
  Valid | loss=0.4896 | top1=88.87% | top2=99.22% | top3=100.00% | acc=88.87% | bal_acc=84.65% | macro_f1=0.8792 | weighted_f1=0.8862 | precision_macro=0.9229 | recall_macro=0.8465 | qwk=0.8793 | mae=0.1191
        ovr_roc_auc_macro=0.9859 | ovr_pr_auc_macro=0.9685
  -> best macro_f1 updated to 0.8792 (epoch 21)
Epoch 22/60 | Time 0m13s
  Train | loss=0.4501 | top1=95.46% | top2=99.59% | top3=99.96%
  Valid | loss=0.4827 | top1=90.43% | top2=98.44% | top3=99.80% | acc=90.43% | bal_acc=78.26% | macro_f1=0.8168 | weighted_f1=0.9046 | precision_macro=0.9200 | recall_macro=0.7826 | qwk=0.8956 | mae=0.1016
        ovr_roc_auc_macro=0.9896 | ovr_pr_auc_macro=0.9766
Epoch 23/60 | Time 0m13s
  Train | loss=0.4508 | top1=94.88% | top2=99.63% | top3=100.00%
  Valid | loss=0.4637 | top1=93.16% | top2=99.02% | top3=100.00% | acc=93.16% | bal_acc=92.46% | macro_f1=0.9359 | weighted_f1=0.9308 | precision_macro=0.9504 | recall_macro=0.9246 | qwk=0.9164 | mae=0.0762
        ovr_roc_auc_macro=0.9916 | ovr_pr_auc_macro=0.9839
  -> best macro_f1 updated to 0.9359 (epoch 23)
Epoch 24/60 | Time 0m13s
  Train | loss=0.4417 | top1=96.57% | top2=99.85% | top3=99.98%
  Valid | loss=0.4579 | top1=93.16% | top2=98.63% | top3=100.00% | acc=93.16% | bal_acc=92.87% | macro_f1=0.9400 | weighted_f1=0.9310 | precision_macro=0.9540 | recall_macro=0.9287 | qwk=0.9221 | mae=0.0742
        ovr_roc_auc_macro=0.9933 | ovr_pr_auc_macro=0.9881
  -> best macro_f1 updated to 0.9400 (epoch 24)
Epoch 25/60 | Time 0m13s
  Train | loss=0.4407 | top1=96.55% | top2=99.74% | top3=100.00%
  Valid | loss=0.4630 | top1=93.16% | top2=99.41% | top3=100.00% | acc=93.16% | bal_acc=93.33% | macro_f1=0.9236 | weighted_f1=0.9310 | precision_macro=0.9218 | recall_macro=0.9333 | qwk=0.9135 | mae=0.0781
        ovr_roc_auc_macro=0.9928 | ovr_pr_auc_macro=0.9874
Epoch 26/60 | Time 0m13s
  Train | loss=0.4362 | top1=97.07% | top2=99.89% | top3=100.00%
  Valid | loss=0.4535 | top1=95.31% | top2=99.61% | top3=100.00% | acc=95.31% | bal_acc=96.73% | macro_f1=0.9621 | weighted_f1=0.9530 | precision_macro=0.9581 | recall_macro=0.9673 | qwk=0.9491 | mae=0.0508
        ovr_roc_auc_macro=0.9951 | ovr_pr_auc_macro=0.9906
  -> best macro_f1 updated to 0.9621 (epoch 26)
Epoch 27/60 | Time 0m13s
  Train | loss=0.4305 | top1=97.81% | top2=99.89% | top3=100.00%
  Valid | loss=0.4466 | top1=94.53% | top2=99.80% | top3=100.00% | acc=94.53% | bal_acc=96.51% | macro_f1=0.9589 | weighted_f1=0.9457 | precision_macro=0.9542 | recall_macro=0.9651 | qwk=0.9463 | mae=0.0566
        ovr_roc_auc_macro=0.9971 | ovr_pr_auc_macro=0.9937
Epoch 28/60 | Time 0m13s
  Train | loss=0.4309 | top1=97.63% | top2=99.91% | top3=100.00%
  Valid | loss=0.4514 | top1=93.95% | top2=99.41% | top3=100.00% | acc=93.95% | bal_acc=95.51% | macro_f1=0.9529 | weighted_f1=0.9400 | precision_macro=0.9525 | recall_macro=0.9551 | qwk=0.9351 | mae=0.0645
        ovr_roc_auc_macro=0.9942 | ovr_pr_auc_macro=0.9845
Epoch 29/60 | Time 0m13s
  Train | loss=0.4282 | top1=98.11% | top2=99.80% | top3=100.00%
  Valid | loss=0.4431 | top1=95.31% | top2=99.41% | top3=100.00% | acc=95.31% | bal_acc=90.38% | macro_f1=0.9308 | weighted_f1=0.9529 | precision_macro=0.9640 | recall_macro=0.9038 | qwk=0.9275 | mae=0.0566
        ovr_roc_auc_macro=0.9964 | ovr_pr_auc_macro=0.9931
Epoch 30/60 | Time 0m13s
  Train | loss=0.4298 | top1=97.79% | top2=99.87% | top3=100.00%
  Valid | loss=0.4603 | top1=93.55% | top2=99.80% | top3=100.00% | acc=93.55% | bal_acc=95.86% | macro_f1=0.9502 | weighted_f1=0.9359 | precision_macro=0.9447 | recall_macro=0.9586 | qwk=0.9168 | mae=0.0742
        ovr_roc_auc_macro=0.9944 | ovr_pr_auc_macro=0.9867
Epoch 31/60 | Time 0m13s
  Train | loss=0.4293 | top1=98.03% | top2=99.80% | top3=99.98%
  Valid | loss=0.4427 | top1=95.70% | top2=99.41% | top3=100.00% | acc=95.70% | bal_acc=96.93% | macro_f1=0.9671 | weighted_f1=0.9572 | precision_macro=0.9656 | recall_macro=0.9693 | qwk=0.9512 | mae=0.0469
        ovr_roc_auc_macro=0.9958 | ovr_pr_auc_macro=0.9905
  -> best macro_f1 updated to 0.9671 (epoch 31)
Epoch 32/60 | Time 0m13s
  Train | loss=0.4226 | top1=99.00% | top2=99.91% | top3=100.00%
  Valid | loss=0.4373 | top1=96.29% | top2=99.80% | top3=100.00% | acc=96.29% | bal_acc=96.77% | macro_f1=0.9703 | weighted_f1=0.9628 | precision_macro=0.9729 | recall_macro=0.9677 | qwk=0.9565 | mae=0.0410
        ovr_roc_auc_macro=0.9973 | ovr_pr_auc_macro=0.9941
  -> best macro_f1 updated to 0.9703 (epoch 32)
Epoch 33/60 | Time 0m13s
  Train | loss=0.4197 | top1=99.20% | top2=99.98% | top3=100.00%
  Valid | loss=0.4401 | top1=96.09% | top2=100.00% | top3=100.00% | acc=96.09% | bal_acc=97.21% | macro_f1=0.9693 | weighted_f1=0.9612 | precision_macro=0.9677 | recall_macro=0.9721 | qwk=0.9599 | mae=0.0410
        ovr_roc_auc_macro=0.9970 | ovr_pr_auc_macro=0.9920
Epoch 34/60 | Time 0m13s
  Train | loss=0.4227 | top1=98.55% | top2=99.87% | top3=100.00%
  Valid | loss=0.4402 | top1=95.90% | top2=99.61% | top3=100.00% | acc=95.90% | bal_acc=96.45% | macro_f1=0.9431 | weighted_f1=0.9592 | precision_macro=0.9259 | recall_macro=0.9645 | qwk=0.9636 | mae=0.0410
        ovr_roc_auc_macro=0.9976 | ovr_pr_auc_macro=0.9944
Epoch 35/60 | Time 0m13s
  Train | loss=0.4190 | top1=99.18% | top2=99.98% | top3=99.98%
  Valid | loss=0.4336 | top1=97.46% | top2=99.61% | top3=100.00% | acc=97.46% | bal_acc=97.36% | macro_f1=0.9785 | weighted_f1=0.9746 | precision_macro=0.9842 | recall_macro=0.9736 | qwk=0.9666 | mae=0.0293
        ovr_roc_auc_macro=0.9968 | ovr_pr_auc_macro=0.9928
  -> best macro_f1 updated to 0.9785 (epoch 35)
Epoch 36/60 | Time 0m13s
  Train | loss=0.4183 | top1=99.28% | top2=99.98% | top3=100.00%
  Valid | loss=0.4295 | top1=97.46% | top2=99.80% | top3=100.00% | acc=97.46% | bal_acc=97.65% | macro_f1=0.9772 | weighted_f1=0.9745 | precision_macro=0.9781 | recall_macro=0.9765 | qwk=0.9724 | mae=0.0273
        ovr_roc_auc_macro=0.9983 | ovr_pr_auc_macro=0.9958
Epoch 37/60 | Time 0m13s
  Train | loss=0.4181 | top1=99.09% | top2=100.00% | top3=100.00%
  Valid | loss=0.4332 | top1=97.66% | top2=99.61% | top3=100.00% | acc=97.66% | bal_acc=97.87% | macro_f1=0.9822 | weighted_f1=0.9766 | precision_macro=0.9859 | recall_macro=0.9787 | qwk=0.9738 | mae=0.0254
        ovr_roc_auc_macro=0.9968 | ovr_pr_auc_macro=0.9933
  -> best macro_f1 updated to 0.9822 (epoch 37)
Epoch 38/60 | Time 0m13s
  Train | loss=0.4181 | top1=99.13% | top2=99.96% | top3=100.00%
  Valid | loss=0.4279 | top1=97.07% | top2=100.00% | top3=100.00% | acc=97.07% | bal_acc=97.78% | macro_f1=0.9799 | weighted_f1=0.9708 | precision_macro=0.9821 | recall_macro=0.9778 | qwk=0.9687 | mae=0.0312
        ovr_roc_auc_macro=0.9978 | ovr_pr_auc_macro=0.9931
Epoch 39/60 | Time 0m13s
  Train | loss=0.4151 | top1=99.70% | top2=100.00% | top3=100.00%
  Valid | loss=0.4302 | top1=97.46% | top2=100.00% | top3=100.00% | acc=97.46% | bal_acc=97.73% | macro_f1=0.9797 | weighted_f1=0.9746 | precision_macro=0.9822 | recall_macro=0.9773 | qwk=0.9722 | mae=0.0273
        ovr_roc_auc_macro=0.9974 | ovr_pr_auc_macro=0.9930
Epoch 40/60 | Time 0m13s
  Train | loss=0.4153 | top1=99.61% | top2=99.98% | top3=100.00%
  Valid | loss=0.4254 | top1=97.27% | top2=100.00% | top3=100.00% | acc=97.27% | bal_acc=97.88% | macro_f1=0.9797 | weighted_f1=0.9727 | precision_macro=0.9805 | recall_macro=0.9788 | qwk=0.9757 | mae=0.0273
        ovr_roc_auc_macro=0.9980 | ovr_pr_auc_macro=0.9924
Epoch 41/60 | Time 0m13s
  Train | loss=0.4149 | top1=99.52% | top2=100.00% | top3=100.00%
  Valid | loss=0.4304 | top1=97.07% | top2=100.00% | top3=100.00% | acc=97.07% | bal_acc=97.53% | macro_f1=0.9737 | weighted_f1=0.9706 | precision_macro=0.9728 | recall_macro=0.9753 | qwk=0.9692 | mae=0.0312
        ovr_roc_auc_macro=0.9985 | ovr_pr_auc_macro=0.9964
Epoch 42/60 | Time 0m13s
  Train | loss=0.4142 | top1=99.70% | top2=99.96% | top3=100.00%
  Valid | loss=0.4283 | top1=97.27% | top2=100.00% | top3=100.00% | acc=97.27% | bal_acc=97.26% | macro_f1=0.9759 | weighted_f1=0.9725 | precision_macro=0.9795 | recall_macro=0.9726 | qwk=0.9705 | mae=0.0293
        ovr_roc_auc_macro=0.9984 | ovr_pr_auc_macro=0.9951
Epoch 43/60 | Time 0m13s
  Train | loss=0.4144 | top1=99.63% | top2=99.98% | top3=100.00%
  Valid | loss=0.4261 | top1=98.44% | top2=100.00% | top3=100.00% | acc=98.44% | bal_acc=98.55% | macro_f1=0.9869 | weighted_f1=0.9844 | precision_macro=0.9884 | recall_macro=0.9855 | qwk=0.9809 | mae=0.0176
        ovr_roc_auc_macro=0.9989 | ovr_pr_auc_macro=0.9973
  -> best macro_f1 updated to 0.9869 (epoch 43)
Epoch 44/60 | Time 0m13s
  Train | loss=0.4130 | top1=99.83% | top2=100.00% | top3=100.00%
  Valid | loss=0.4278 | top1=98.05% | top2=100.00% | top3=100.00% | acc=98.05% | bal_acc=98.19% | macro_f1=0.9848 | weighted_f1=0.9805 | precision_macro=0.9879 | recall_macro=0.9819 | qwk=0.9720 | mae=0.0234
        ovr_roc_auc_macro=0.9985 | ovr_pr_auc_macro=0.9964
Epoch 45/60 | Time 0m13s
  Train | loss=0.4133 | top1=99.85% | top2=100.00% | top3=100.00%
  Valid | loss=0.4227 | top1=98.44% | top2=100.00% | top3=100.00% | acc=98.44% | bal_acc=98.34% | macro_f1=0.9871 | weighted_f1=0.9844 | precision_macro=0.9910 | recall_macro=0.9834 | qwk=0.9756 | mae=0.0195
        ovr_roc_auc_macro=0.9992 | ovr_pr_auc_macro=0.9975
  -> best macro_f1 updated to 0.9871 (epoch 45)
Epoch 46/60 | Time 0m13s
  Train | loss=0.4126 | top1=99.85% | top2=100.00% | top3=100.00%
  Valid | loss=0.4247 | top1=98.05% | top2=100.00% | top3=100.00% | acc=98.05% | bal_acc=98.48% | macro_f1=0.9859 | weighted_f1=0.9805 | precision_macro=0.9873 | recall_macro=0.9848 | qwk=0.9773 | mae=0.0215
        ovr_roc_auc_macro=0.9989 | ovr_pr_auc_macro=0.9968
Epoch 47/60 | Time 0m13s
  Train | loss=0.4125 | top1=99.87% | top2=100.00% | top3=100.00%
  Valid | loss=0.4231 | top1=98.05% | top2=100.00% | top3=100.00% | acc=98.05% | bal_acc=98.44% | macro_f1=0.9859 | weighted_f1=0.9805 | precision_macro=0.9875 | recall_macro=0.9844 | qwk=0.9773 | mae=0.0215
        ovr_roc_auc_macro=0.9990 | ovr_pr_auc_macro=0.9972
Epoch 48/60 | Time 0m13s
  Train | loss=0.4126 | top1=99.80% | top2=99.98% | top3=100.00%
  Valid | loss=0.4240 | top1=97.66% | top2=100.00% | top3=100.00% | acc=97.66% | bal_acc=98.16% | macro_f1=0.9835 | weighted_f1=0.9766 | precision_macro=0.9855 | recall_macro=0.9816 | qwk=0.9739 | mae=0.0254
        ovr_roc_auc_macro=0.9993 | ovr_pr_auc_macro=0.9986
Epoch 49/60 | Time 0m13s
  Train | loss=0.4126 | top1=99.78% | top2=100.00% | top3=100.00%
  Valid | loss=0.4217 | top1=98.44% | top2=100.00% | top3=100.00% | acc=98.44% | bal_acc=98.39% | macro_f1=0.9857 | weighted_f1=0.9844 | precision_macro=0.9876 | recall_macro=0.9839 | qwk=0.9808 | mae=0.0176
        ovr_roc_auc_macro=0.9994 | ovr_pr_auc_macro=0.9984
Epoch 50/60 | Time 0m13s
  Train | loss=0.4121 | top1=99.91% | top2=100.00% | top3=100.00%
  Valid | loss=0.4224 | top1=97.66% | top2=99.80% | top3=100.00% | acc=97.66% | bal_acc=97.91% | macro_f1=0.9809 | weighted_f1=0.9766 | precision_macro=0.9829 | recall_macro=0.9791 | qwk=0.9739 | mae=0.0254
        ovr_roc_auc_macro=0.9990 | ovr_pr_auc_macro=0.9968
Epoch 51/60 | Time 0m13s
  Train | loss=0.4128 | top1=99.70% | top2=100.00% | top3=100.00%
  Valid | loss=0.4236 | top1=97.66% | top2=100.00% | top3=100.00% | acc=97.66% | bal_acc=97.91% | macro_f1=0.9822 | weighted_f1=0.9766 | precision_macro=0.9855 | recall_macro=0.9791 | qwk=0.9738 | mae=0.0254
        ovr_roc_auc_macro=0.9989 | ovr_pr_auc_macro=0.9966
Epoch 52/60 | Time 0m13s
  Train | loss=0.4114 | top1=99.93% | top2=100.00% | top3=100.00%
  Valid | loss=0.4232 | top1=97.85% | top2=100.00% | top3=100.00% | acc=97.85% | bal_acc=98.09% | macro_f1=0.9834 | weighted_f1=0.9786 | precision_macro=0.9862 | recall_macro=0.9809 | qwk=0.9755 | mae=0.0234
        ovr_roc_auc_macro=0.9988 | ovr_pr_auc_macro=0.9962
Epoch 53/60 | Time 0m13s
  Train | loss=0.4116 | top1=99.89% | top2=100.00% | top3=100.00%
  Valid | loss=0.4223 | top1=97.85% | top2=100.00% | top3=100.00% | acc=97.85% | bal_acc=98.09% | macro_f1=0.9834 | weighted_f1=0.9786 | precision_macro=0.9862 | recall_macro=0.9809 | qwk=0.9755 | mae=0.0234
        ovr_roc_auc_macro=0.9991 | ovr_pr_auc_macro=0.9977
Epoch 54/60 | Time 0m13s
  Train | loss=0.4114 | top1=99.96% | top2=100.00% | top3=100.00%
  Valid | loss=0.4235 | top1=97.66% | top2=100.00% | top3=100.00% | acc=97.66% | bal_acc=97.87% | macro_f1=0.9809 | weighted_f1=0.9766 | precision_macro=0.9832 | recall_macro=0.9787 | qwk=0.9739 | mae=0.0254
        ovr_roc_auc_macro=0.9991 | ovr_pr_auc_macro=0.9975
Epoch 55/60 | Time 0m13s
  Train | loss=0.4119 | top1=99.80% | top2=100.00% | top3=100.00%
  Valid | loss=0.4211 | top1=98.24% | top2=100.00% | top3=100.00% | acc=98.24% | bal_acc=98.70% | macro_f1=0.9881 | weighted_f1=0.9824 | precision_macro=0.9891 | recall_macro=0.9870 | qwk=0.9844 | mae=0.0176
        ovr_roc_auc_macro=0.9992 | ovr_pr_auc_macro=0.9979
  -> best macro_f1 updated to 0.9881 (epoch 55)
Epoch 56/60 | Time 0m13s
  Train | loss=0.4115 | top1=99.91% | top2=100.00% | top3=100.00%
  Valid | loss=0.4226 | top1=98.05% | top2=100.00% | top3=100.00% | acc=98.05% | bal_acc=98.31% | macro_f1=0.9858 | weighted_f1=0.9805 | precision_macro=0.9886 | recall_macro=0.9831 | qwk=0.9774 | mae=0.0215
        ovr_roc_auc_macro=0.9991 | ovr_pr_auc_macro=0.9977
Epoch 57/60 | Time 0m13s
  Train | loss=0.4114 | top1=99.93% | top2=100.00% | top3=100.00%
  Valid | loss=0.4208 | top1=98.05% | top2=100.00% | top3=100.00% | acc=98.05% | bal_acc=98.56% | macro_f1=0.9856 | weighted_f1=0.9805 | precision_macro=0.9856 | recall_macro=0.9856 | qwk=0.9827 | mae=0.0195
        ovr_roc_auc_macro=0.9993 | ovr_pr_auc_macro=0.9983
Epoch 58/60 | Time 0m13s
  Train | loss=0.4116 | top1=99.89% | top2=100.00% | top3=100.00%
  Valid | loss=0.4208 | top1=98.05% | top2=100.00% | top3=100.00% | acc=98.05% | bal_acc=98.56% | macro_f1=0.9856 | weighted_f1=0.9805 | precision_macro=0.9856 | recall_macro=0.9856 | qwk=0.9827 | mae=0.0195
        ovr_roc_auc_macro=0.9992 | ovr_pr_auc_macro=0.9979
Epoch 59/60 | Time 0m13s
  Train | loss=0.4112 | top1=99.91% | top2=100.00% | top3=100.00%
  Valid | loss=0.4209 | top1=98.05% | top2=100.00% | top3=100.00% | acc=98.05% | bal_acc=98.56% | macro_f1=0.9856 | weighted_f1=0.9805 | precision_macro=0.9856 | recall_macro=0.9856 | qwk=0.9827 | mae=0.0195
        ovr_roc_auc_macro=0.9992 | ovr_pr_auc_macro=0.9979
Epoch 60/60 | Time 0m13s
  Train | loss=0.4116 | top1=99.87% | top2=100.00% | top3=100.00%
  Valid | loss=0.4217 | top1=97.85% | top2=100.00% | top3=100.00% | acc=97.85% | bal_acc=98.22% | macro_f1=0.9834 | weighted_f1=0.9785 | precision_macro=0.9846 | recall_macro=0.9822 | qwk=0.9757 | mae=0.0234
        ovr_roc_auc_macro=0.9991 | ovr_pr_auc_macro=0.9977

[TEST] loss=dast
  Test | loss=0.4179 | top1=98.83% | top2=100.00% | top3=100.00% | acc=98.83% | bal_acc=99.16% | macro_f1=0.9910 | weighted_f1=0.9883 | precision_macro=0.9903 | recall_macro=0.9916 | qwk=0.9876 | mae=0.0125
        ovr_roc_auc_macro=0.9997 | ovr_pr_auc_macro=0.9994

==========================================================================================
Summary CSV saved: /root/autodl-tmp/MedVisionLab/Alzheimer_MRI_Loss/logs/ResNet_layer3+MECS_controlled_mecsb_vb_koa_adni_10seed_20260803_234110_adni_resnet50_plus_mesc_versionb_plus_dast_seed6_20260804_094411_summary.csv
Top results by test_macro_f1:
  dast: macro_f1=0.9910, acc=98.83%, bal_acc=99.16%
Log file saved: /root/autodl-tmp/MedVisionLab/Alzheimer_MRI_Loss/logs/ResNet_layer3+MECS_controlled_mecsb_vb_koa_adni_10seed_20260803_234110_adni_resnet50_plus_mesc_versionb_plus_dast_seed6_20260804_094411.log
==========================================================================================

==========================================================================================
RETURN_CODE: 0
