DATASET: KOA
METHOD: ResNet50 + MESC VersionB
SEED: 6
SCRIPT: /root/autodl-tmp/MedVisionLab/Knee/ResNet_layer3+MECS+CE.py
RUN_TAG: controlled_mecsb_vb_koa_adni_10seed_20260803_234110_koa_resnet50_plus_mesc_versionb_seed6
COMMAND: /root/miniconda3/envs/medvision/bin/python -u /root/autodl-tmp/MedVisionLab/tools/run_training_with_mecsb.py --script /root/autodl-tmp/MedVisionLab/Knee/ResNet_layer3+MECS+CE.py
==========================================================================================
MESC_IMPLEMENTATION: MECS_VersionB
ORIGINAL_SCRIPT: /root/autodl-tmp/MedVisionLab/Knee/ResNet_layer3+MECS+CE.py
==========================================================================================
Injected attention module: MECS_VersionB
Original training script : /root/autodl-tmp/MedVisionLab/Knee/ResNet_layer3+MECS+CE.py
Dataset                  : KOA
Original source modified : no
==========================================================================================
Starting ResNet(layer3)+MECS+CE Knee Osteoarthritis Baseline...
Using device: cuda
CUDA device: NVIDIA GeForce RTX 3090
Run tag: controlled_mecsb_vb_koa_adni_10seed_20260803_234110_koa_resnet50_plus_mesc_versionb_seed6
Config | seed=6, batch_size=32, epochs=60, image_size=224
Class mapping from folders: {'0': 0, '1': 1, '2': 2, '3': 3, '4': 4}

Train samples: 5778
Train class distribution:
  0_Normal: 2286
  1_Doubtful: 1046
  2_Mild: 1516
  3_Moderate: 757
  4_Severe: 173

Valid samples: 826
Valid class distribution:
  0_Normal: 328
  1_Doubtful: 153
  2_Mild: 212
  3_Moderate: 106
  4_Severe: 27

Test samples: 1656
Test class distribution:
  0_Normal: 639
  1_Doubtful: 296
  2_Mild: 447
  3_Moderate: 223
  4_Severe: 51

AutoTest samples: 1526
AutoTest class distribution:
  0_Normal: 604
  1_Doubtful: 275
  2_Mild: 403
  3_Moderate: 200
  4_Severe: 44

Split sizes | train=5778, valid=826, test=1656, auto_test=1526
Loading ResNet50 with MECS module at layer3...
Trainable parameters: 27,305,297

[INFO] Class counts in training set: [2286 1046 1516  757  173]
[INFO] Using Standard CrossEntropyLoss (No class weights).
Starting training...

Epoch 01/60 | Time 0m 17s
  Train | loss=1.3845 | top1=40.69% | top2=65.60% | top3=83.44%
  Valid | loss=1.2634 | top1=42.91% | top2=67.07% | top3=84.50% | acc=43.22% | bal_acc=23.27% | macro_f1=0.1744 | qwk=0.2613 | mae=0.9891 | weighted_f1=0.3096 | precision_macro=0.1577 | recall_macro=0.2327
         ovr_roc_auc_macro=0.7504 | ovr_pr_auc_macro=0.4282
 Initial best model saved to /root/autodl-tmp/MedVisionLab/Knee/checkpoints/best_resnet50_mecs_layer3_knee_oa_controlled_mecsb_vb_koa_adni_10seed_20260803_234110_koa_resnet50_plus_mesc_versionb_seed6.pt (QWK=0.2613)

Epoch 02/60 | Time 0m 17s
  Train | loss=1.1704 | top1=50.18% | top2=73.96% | top3=90.61%
  Valid | loss=1.1655 | top1=47.84% | top2=75.06% | top3=93.70% | acc=48.18% | bal_acc=28.71% | macro_f1=0.2500 | qwk=0.5332 | mae=0.7639 | weighted_f1=0.3861 | precision_macro=0.2577 | recall_macro=0.2871
         ovr_roc_auc_macro=0.7985 | ovr_pr_auc_macro=0.5320
 Validation improved. Saved best model to /root/autodl-tmp/MedVisionLab/Knee/checkpoints/best_resnet50_mecs_layer3_knee_oa_controlled_mecsb_vb_koa_adni_10seed_20260803_234110_koa_resnet50_plus_mesc_versionb_seed6.pt (QWK=0.5332)

Epoch 03/60 | Time 0m 17s
  Train | loss=0.9809 | top1=59.05% | top2=82.79% | top3=97.06%
  Valid | loss=0.9245 | top1=62.19% | top2=85.13% | top3=97.96% | acc=62.11% | bal_acc=58.71% | macro_f1=0.5701 | qwk=0.7196 | mae=0.5375 | weighted_f1=0.5570 | precision_macro=0.6532 | recall_macro=0.5871
         ovr_roc_auc_macro=0.8479 | ovr_pr_auc_macro=0.6475
 Validation improved. Saved best model to /root/autodl-tmp/MedVisionLab/Knee/checkpoints/best_resnet50_mecs_layer3_knee_oa_controlled_mecsb_vb_koa_adni_10seed_20260803_234110_koa_resnet50_plus_mesc_versionb_seed6.pt (QWK=0.7196)

Epoch 04/60 | Time 0m 17s
  Train | loss=0.8761 | top1=63.19% | top2=86.06% | top3=97.96%
  Valid | loss=0.8645 | top1=62.35% | top2=86.06% | top3=98.80% | acc=62.11% | bal_acc=61.79% | macro_f1=0.5859 | qwk=0.7403 | mae=0.5121 | weighted_f1=0.5778 | precision_macro=0.6158 | recall_macro=0.6179
         ovr_roc_auc_macro=0.8678 | ovr_pr_auc_macro=0.6852
 Validation improved. Saved best model to /root/autodl-tmp/MedVisionLab/Knee/checkpoints/best_resnet50_mecs_layer3_knee_oa_controlled_mecsb_vb_koa_adni_10seed_20260803_234110_koa_resnet50_plus_mesc_versionb_seed6.pt (QWK=0.7403)

Epoch 05/60 | Time 0m 17s
  Train | loss=0.8250 | top1=64.64% | top2=87.65% | top3=98.69%
  Valid | loss=0.8953 | top1=62.93% | top2=87.02% | top3=97.24% | acc=62.71% | bal_acc=62.92% | macro_f1=0.5864 | qwk=0.7390 | mae=0.4988 | weighted_f1=0.5940 | precision_macro=0.6226 | recall_macro=0.6292
         ovr_roc_auc_macro=0.8735 | ovr_pr_auc_macro=0.6784
 No improvement. Bad epochs: 1/15

Epoch 06/60 | Time 0m 17s
  Train | loss=0.7744 | top1=67.77% | top2=89.25% | top3=98.96%
  Valid | loss=0.8684 | top1=65.00% | top2=87.74% | top3=98.08% | acc=64.77% | bal_acc=65.96% | macro_f1=0.6024 | qwk=0.7621 | mae=0.4685 | weighted_f1=0.6081 | precision_macro=0.6376 | recall_macro=0.6596
         ovr_roc_auc_macro=0.8831 | ovr_pr_auc_macro=0.7084
 Validation improved. Saved best model to /root/autodl-tmp/MedVisionLab/Knee/checkpoints/best_resnet50_mecs_layer3_knee_oa_controlled_mecsb_vb_koa_adni_10seed_20260803_234110_koa_resnet50_plus_mesc_versionb_seed6.pt (QWK=0.7621)

Epoch 07/60 | Time 0m 17s
  Train | loss=0.7364 | top1=68.97% | top2=90.27% | top3=99.02%
  Valid | loss=0.8386 | top1=67.38% | top2=87.95% | top3=97.48% | acc=67.31% | bal_acc=65.19% | macro_f1=0.6415 | qwk=0.7747 | mae=0.4334 | weighted_f1=0.6312 | precision_macro=0.6914 | recall_macro=0.6519
         ovr_roc_auc_macro=0.8851 | ovr_pr_auc_macro=0.7165
 Validation improved. Saved best model to /root/autodl-tmp/MedVisionLab/Knee/checkpoints/best_resnet50_mecs_layer3_knee_oa_controlled_mecsb_vb_koa_adni_10seed_20260803_234110_koa_resnet50_plus_mesc_versionb_seed6.pt (QWK=0.7747)

Epoch 08/60 | Time 0m 17s
  Train | loss=0.6763 | top1=71.92% | top2=92.11% | top3=99.33%
  Valid | loss=0.9146 | top1=65.24% | top2=88.82% | top3=98.92% | acc=65.01% | bal_acc=63.89% | macro_f1=0.6054 | qwk=0.7917 | mae=0.4395 | weighted_f1=0.6144 | precision_macro=0.6258 | recall_macro=0.6389
         ovr_roc_auc_macro=0.8680 | ovr_pr_auc_macro=0.6837
 Validation improved. Saved best model to /root/autodl-tmp/MedVisionLab/Knee/checkpoints/best_resnet50_mecs_layer3_knee_oa_controlled_mecsb_vb_koa_adni_10seed_20260803_234110_koa_resnet50_plus_mesc_versionb_seed6.pt (QWK=0.7917)

Epoch 09/60 | Time 0m 17s
  Train | loss=0.6792 | top1=71.24% | top2=91.94% | top3=99.31%
  Valid | loss=0.8421 | top1=63.90% | top2=88.67% | top3=99.04% | acc=63.80% | bal_acc=64.73% | macro_f1=0.6614 | qwk=0.7855 | mae=0.4346 | weighted_f1=0.6424 | precision_macro=0.6793 | recall_macro=0.6473
         ovr_roc_auc_macro=0.8861 | ovr_pr_auc_macro=0.7188
 No improvement. Bad epochs: 1/15

Epoch 10/60 | Time 0m 17s
  Train | loss=0.6321 | top1=73.14% | top2=92.60% | top3=99.36%
  Valid | loss=0.8521 | top1=64.49% | top2=87.47% | top3=98.32% | acc=64.29% | bal_acc=65.22% | macro_f1=0.6383 | qwk=0.7767 | mae=0.4492 | weighted_f1=0.6313 | precision_macro=0.6426 | recall_macro=0.6522
         ovr_roc_auc_macro=0.8753 | ovr_pr_auc_macro=0.7047
 No improvement. Bad epochs: 2/15

Epoch 11/60 | Time 0m 17s
  Train | loss=0.6161 | top1=73.61% | top2=93.33% | top3=99.57%
  Valid | loss=0.8954 | top1=64.73% | top2=87.74% | top3=99.16% | acc=64.53% | bal_acc=63.94% | macro_f1=0.6232 | qwk=0.7894 | mae=0.4431 | weighted_f1=0.6152 | precision_macro=0.6359 | recall_macro=0.6394
         ovr_roc_auc_macro=0.8787 | ovr_pr_auc_macro=0.7109
 No improvement. Bad epochs: 3/15

Epoch 12/60 | Time 0m 17s
  Train | loss=0.5721 | top1=76.18% | top2=94.52% | top3=99.54%
  Valid | loss=0.9162 | top1=64.58% | top2=88.70% | top3=98.56% | acc=64.41% | bal_acc=66.54% | macro_f1=0.6389 | qwk=0.7974 | mae=0.4334 | weighted_f1=0.6391 | precision_macro=0.6227 | recall_macro=0.6654
         ovr_roc_auc_macro=0.8828 | ovr_pr_auc_macro=0.7027
 Validation improved. Saved best model to /root/autodl-tmp/MedVisionLab/Knee/checkpoints/best_resnet50_mecs_layer3_knee_oa_controlled_mecsb_vb_koa_adni_10seed_20260803_234110_koa_resnet50_plus_mesc_versionb_seed6.pt (QWK=0.7974)

Epoch 13/60 | Time 0m 17s
  Train | loss=0.5496 | top1=76.43% | top2=94.60% | top3=99.59%
  Valid | loss=0.8981 | top1=65.04% | top2=89.61% | top3=98.68% | acc=65.01% | bal_acc=63.16% | macro_f1=0.6514 | qwk=0.8063 | mae=0.4116 | weighted_f1=0.6479 | precision_macro=0.6778 | recall_macro=0.6316
         ovr_roc_auc_macro=0.8830 | ovr_pr_auc_macro=0.7013
 Validation improved. Saved best model to /root/autodl-tmp/MedVisionLab/Knee/checkpoints/best_resnet50_mecs_layer3_knee_oa_controlled_mecsb_vb_koa_adni_10seed_20260803_234110_koa_resnet50_plus_mesc_versionb_seed6.pt (QWK=0.8063)

Epoch 14/60 | Time 0m 17s
  Train | loss=0.5272 | top1=77.95% | top2=94.76% | top3=99.76%
  Valid | loss=0.9181 | top1=63.80% | top2=88.43% | top3=99.04% | acc=63.68% | bal_acc=62.07% | macro_f1=0.6117 | qwk=0.7745 | mae=0.4576 | weighted_f1=0.6097 | precision_macro=0.6197 | recall_macro=0.6207
         ovr_roc_auc_macro=0.8799 | ovr_pr_auc_macro=0.7035
 No improvement. Bad epochs: 1/15

Epoch 15/60 | Time 0m 17s
  Train | loss=0.4845 | top1=80.33% | top2=95.55% | top3=99.72%
  Valid | loss=1.2066 | top1=58.65% | top2=86.43% | top3=98.32% | acc=58.72% | bal_acc=57.20% | macro_f1=0.5962 | qwk=0.7303 | mae=0.5024 | weighted_f1=0.5937 | precision_macro=0.6800 | recall_macro=0.5720
         ovr_roc_auc_macro=0.8759 | ovr_pr_auc_macro=0.6920
 No improvement. Bad epochs: 2/15

Epoch 16/60 | Time 0m 17s
  Train | loss=0.4504 | top1=81.98% | top2=96.50% | top3=99.78%
  Valid | loss=1.0571 | top1=62.72% | top2=86.63% | top3=98.08% | acc=62.59% | bal_acc=63.53% | macro_f1=0.6334 | qwk=0.7706 | mae=0.4600 | weighted_f1=0.6219 | precision_macro=0.6355 | recall_macro=0.6353
         ovr_roc_auc_macro=0.8703 | ovr_pr_auc_macro=0.6800
 No improvement. Bad epochs: 3/15

Epoch 17/60 | Time 0m 17s
  Train | loss=0.4217 | top1=83.13% | top2=96.63% | top3=99.86%
  Valid | loss=1.0571 | top1=60.38% | top2=88.82% | top3=97.96% | acc=60.29% | bal_acc=62.93% | macro_f1=0.6343 | qwk=0.7533 | mae=0.4831 | weighted_f1=0.6108 | precision_macro=0.6472 | recall_macro=0.6293
         ovr_roc_auc_macro=0.8758 | ovr_pr_auc_macro=0.6963
 No improvement. Bad epochs: 4/15

Epoch 18/60 | Time 0m 17s
  Train | loss=0.3826 | top1=84.75% | top2=97.26% | top3=99.93%
  Valid | loss=1.3337 | top1=62.93% | top2=88.07% | top3=98.56% | acc=62.71% | bal_acc=61.41% | macro_f1=0.5994 | qwk=0.7618 | mae=0.4818 | weighted_f1=0.5977 | precision_macro=0.6304 | recall_macro=0.6141
         ovr_roc_auc_macro=0.8666 | ovr_pr_auc_macro=0.6858
 No improvement. Bad epochs: 5/15

Epoch 19/60 | Time 0m 17s
  Train | loss=0.3563 | top1=85.76% | top2=97.77% | top3=99.84%
  Valid | loss=1.4715 | top1=54.47% | top2=88.38% | top3=99.04% | acc=54.36% | bal_acc=58.66% | macro_f1=0.6082 | qwk=0.7371 | mae=0.5182 | weighted_f1=0.5643 | precision_macro=0.6740 | recall_macro=0.5866
         ovr_roc_auc_macro=0.8604 | ovr_pr_auc_macro=0.6718
 No improvement. Bad epochs: 6/15

Epoch 20/60 | Time 0m 17s
  Train | loss=0.3218 | top1=87.32% | top2=98.01% | top3=99.95%
  Valid | loss=1.2731 | top1=64.71% | top2=87.47% | top3=98.80% | acc=64.65% | bal_acc=63.26% | macro_f1=0.6484 | qwk=0.7807 | mae=0.4419 | weighted_f1=0.6383 | precision_macro=0.6741 | recall_macro=0.6326
         ovr_roc_auc_macro=0.8677 | ovr_pr_auc_macro=0.6741
 No improvement. Bad epochs: 7/15

Epoch 21/60 | Time 0m 17s
  Train | loss=0.2896 | top1=88.83% | top2=98.65% | top3=99.88%
  Valid | loss=1.2878 | top1=61.22% | top2=87.35% | top3=98.80% | acc=61.14% | bal_acc=63.40% | macro_f1=0.6442 | qwk=0.7849 | mae=0.4528 | weighted_f1=0.6211 | precision_macro=0.6612 | recall_macro=0.6340
         ovr_roc_auc_macro=0.8745 | ovr_pr_auc_macro=0.6954
 No improvement. Bad epochs: 8/15

Epoch 22/60 | Time 0m 17s
  Train | loss=0.2701 | top1=89.64% | top2=98.53% | top3=99.91%
  Valid | loss=1.4347 | top1=61.39% | top2=88.07% | top3=99.04% | acc=61.14% | bal_acc=62.88% | macro_f1=0.6134 | qwk=0.7679 | mae=0.4758 | weighted_f1=0.5991 | precision_macro=0.6234 | recall_macro=0.6288
         ovr_roc_auc_macro=0.8695 | ovr_pr_auc_macro=0.6921
 No improvement. Bad epochs: 9/15

Epoch 23/60 | Time 0m 17s
  Train | loss=0.2345 | top1=91.05% | top2=99.00% | top3=99.98%
  Valid | loss=1.4168 | top1=60.73% | top2=88.79% | top3=98.68% | acc=60.53% | bal_acc=64.13% | macro_f1=0.6277 | qwk=0.7859 | mae=0.4540 | weighted_f1=0.6181 | precision_macro=0.6357 | recall_macro=0.6413
         ovr_roc_auc_macro=0.8724 | ovr_pr_auc_macro=0.6877
 No improvement. Bad epochs: 10/15

Epoch 24/60 | Time 0m 17s
  Train | loss=0.2161 | top1=91.86% | top2=98.88% | top3=99.95%
  Valid | loss=1.5867 | top1=59.42% | top2=86.94% | top3=98.68% | acc=59.32% | bal_acc=60.00% | macro_f1=0.6175 | qwk=0.7552 | mae=0.4891 | weighted_f1=0.5967 | precision_macro=0.6471 | recall_macro=0.6000
         ovr_roc_auc_macro=0.8622 | ovr_pr_auc_macro=0.6742
 No improvement. Bad epochs: 11/15

Epoch 25/60 | Time 0m 17s
  Train | loss=0.1972 | top1=92.39% | top2=99.05% | top3=99.97%
  Valid | loss=1.5100 | top1=60.52% | top2=87.11% | top3=98.68% | acc=60.29% | bal_acc=65.80% | macro_f1=0.6441 | qwk=0.7751 | mae=0.4673 | weighted_f1=0.6137 | precision_macro=0.6420 | recall_macro=0.6580
         ovr_roc_auc_macro=0.8698 | ovr_pr_auc_macro=0.6920
 No improvement. Bad epochs: 12/15

Epoch 26/60 | Time 0m 17s
  Train | loss=0.1797 | top1=93.18% | top2=99.26% | top3=99.98%
  Valid | loss=1.6190 | top1=64.35% | top2=88.79% | top3=99.16% | acc=64.29% | bal_acc=62.34% | macro_f1=0.6267 | qwk=0.7753 | mae=0.4564 | weighted_f1=0.6236 | precision_macro=0.6423 | recall_macro=0.6234
         ovr_roc_auc_macro=0.8669 | ovr_pr_auc_macro=0.6856
 No improvement. Bad epochs: 13/15

Epoch 27/60 | Time 0m 17s
  Train | loss=0.1624 | top1=94.03% | top2=99.19% | top3=99.98%
  Valid | loss=1.5807 | top1=60.86% | top2=88.91% | top3=98.56% | acc=60.77% | bal_acc=62.71% | macro_f1=0.6331 | qwk=0.7881 | mae=0.4540 | weighted_f1=0.6184 | precision_macro=0.6514 | recall_macro=0.6271
         ovr_roc_auc_macro=0.8730 | ovr_pr_auc_macro=0.6853
 No improvement. Bad epochs: 14/15

Epoch 28/60 | Time 0m 17s
  Train | loss=0.1286 | top1=95.32% | top2=99.53% | top3=100.00%
  Valid | loss=1.5815 | top1=62.31% | top2=88.43% | top3=98.65% | acc=62.23% | bal_acc=62.92% | macro_f1=0.6450 | qwk=0.7778 | mae=0.4528 | weighted_f1=0.6285 | precision_macro=0.6645 | recall_macro=0.6292
         ovr_roc_auc_macro=0.8712 | ovr_pr_auc_macro=0.6947
 No improvement. Bad epochs: 15/15
⏹ Early stopping triggered.
 Training stopped early at epoch 28.

Loading best model and evaluating on test set...
Best validation QWK: 0.8063

Test | loss=0.7765 | top1=68.55% | top2=91.27% | top3=99.58% | acc=68.54% | bal_acc=64.53% | macro_f1=0.6669 | qwk=0.8402 | mae=0.3587 | weighted_f1=0.6831 | precision_macro=0.7050 | recall_macro=0.6453
     ovr_roc_auc_macro=0.9054 | ovr_pr_auc_macro=0.7393

Evaluating on auto_test set...

AutoTest | loss=0.7483 | top1=68.44% | top2=90.92% | top3=99.48% | acc=68.41% | bal_acc=64.50% | macro_f1=0.6649 | qwk=0.8327 | mae=0.3657 | weighted_f1=0.6788 | precision_macro=0.6957 | recall_macro=0.6450
         ovr_roc_auc_macro=0.9082 | ovr_pr_auc_macro=0.7546

ResNet(layer3)+MECS+CE Knee Osteoarthritis baseline completed!

==========================================================================================
RETURN_CODE: 0
