DATASET: ADNI
METHOD: ResNet50 + MESC VersionB
SEED: 0
SCRIPT: /root/autodl-tmp/MedVisionLab/Alzheimer_MRI_Loss/ResNet_layer3+MECS.py
RUN_TAG: controlled_mecsb_vb_koa_adni_10seed_20260803_234110_adni_resnet50_plus_mesc_versionb_seed0
ALZHEIMER_LOSSES: ce
LOSS: ce
COMMAND: /root/miniconda3/envs/medvision/bin/python -u /root/autodl-tmp/MedVisionLab/tools/run_training_with_mecsb.py --script /root/autodl-tmp/MedVisionLab/Alzheimer_MRI_Loss/ResNet_layer3+MECS.py
==========================================================================================
MESC_IMPLEMENTATION: MECS_VersionB
ORIGINAL_SCRIPT: /root/autodl-tmp/MedVisionLab/Alzheimer_MRI_Loss/ResNet_layer3+MECS.py
==========================================================================================
Injected attention module: MECS_VersionB
Original training script : /root/autodl-tmp/MedVisionLab/Alzheimer_MRI_Loss/ResNet_layer3+MECS.py
Dataset                  : ADNI
Original source modified : no
==========================================================================================
==========================================================================================
Script: ResNet_layer3+MECS
Run tag: controlled_mecsb_vb_koa_adni_10seed_20260803_234110_adni_resnet50_plus_mesc_versionb_seed0
Module: MECS VersionB | Insert after: layer3
Device: cuda
CUDA: NVIDIA GeForce RTX 3090
Data root: /root/autodl-tmp/Augmented_Alzheimer_MRI/OriginalDataset
Class order: ['NonDemented', 'VeryMildDemented', 'MildDemented', 'ModerateDemented'] (used for labels/QWK/MAE/ordinal losses)
Config | seed=0, batch_size=32, epochs=60, num_workers=2, image_size=224, base_lr=0.0001, test_ratio=0.2, val_ratio_within_train=0.1, patience=15
Losses to run: ['ce']
==========================================================================================
Split sizes | train=4608, valid=512, test=1280
Classes (4): ['NonDemented', 'VeryMildDemented', 'MildDemented', 'ModerateDemented']
Train class counts: [2304, 1613, 645, 46]
Valid class counts: [256, 179, 72, 5]
Test class counts : [640, 448, 179, 13]
Loading torchvision ResNet50 pretrained weights once...
Pretrained state keys: 320

##########################################################################################
Starting loss: ce
##########################################################################################
Model params: 27,303,248 | pretrained loaded: 320/346 | feat_dim=2048
Criterion: CrossEntropyLoss
Criterion trainable params: 0
Epoch 01/60 | Time 0m14s
  Train | loss=1.2823 | top1=49.63% | top2=81.42% | top3=96.25%
  Valid | loss=1.1988 | top1=50.00% | top2=84.96% | top3=99.02% | acc=50.00% | bal_acc=25.00% | macro_f1=0.1667 | weighted_f1=0.3333 | precision_macro=0.1250 | recall_macro=0.2500 | qwk=0.0000 | mae=0.6602
        ovr_roc_auc_macro=0.5144 | ovr_pr_auc_macro=0.2958
  -> best macro_f1 updated to 0.1667 (epoch 1)
Epoch 02/60 | Time 0m13s
  Train | loss=1.1271 | top1=50.00% | top2=85.00% | top3=98.91%
  Valid | loss=1.0600 | top1=50.00% | top2=84.96% | top3=99.02% | acc=50.00% | bal_acc=25.00% | macro_f1=0.1667 | weighted_f1=0.3333 | precision_macro=0.1250 | recall_macro=0.2500 | qwk=0.0000 | mae=0.6602
        ovr_roc_auc_macro=0.6100 | ovr_pr_auc_macro=0.3346
Epoch 03/60 | Time 0m13s
  Train | loss=1.0212 | top1=50.59% | top2=85.00% | top3=99.00%
  Valid | loss=1.0136 | top1=52.54% | top2=84.96% | top3=99.02% | acc=52.54% | bal_acc=28.50% | macro_f1=0.2553 | weighted_f1=0.4572 | precision_macro=0.2487 | recall_macro=0.2850 | qwk=0.1285 | mae=0.5840
        ovr_roc_auc_macro=0.6907 | ovr_pr_auc_macro=0.3483
  -> best macro_f1 updated to 0.2553 (epoch 3)
Epoch 04/60 | Time 0m13s
  Train | loss=0.9578 | top1=56.01% | top2=85.00% | top3=99.00%
  Valid | loss=0.9519 | top1=57.62% | top2=84.96% | top3=99.02% | acc=57.62% | bal_acc=32.72% | macro_f1=0.3005 | weighted_f1=0.5272 | precision_macro=0.2781 | recall_macro=0.3272 | qwk=0.3213 | mae=0.4805
        ovr_roc_auc_macro=0.7516 | ovr_pr_auc_macro=0.3891
  -> best macro_f1 updated to 0.3005 (epoch 4)
Epoch 05/60 | Time 0m13s
  Train | loss=0.8943 | top1=58.05% | top2=85.00% | top3=99.00%
  Valid | loss=0.9027 | top1=57.23% | top2=85.16% | top3=99.02% | acc=57.23% | bal_acc=33.61% | macro_f1=0.3072 | weighted_f1=0.5347 | precision_macro=0.2899 | recall_macro=0.3361 | qwk=0.3937 | mae=0.4531
        ovr_roc_auc_macro=0.7957 | ovr_pr_auc_macro=0.4476
  -> best macro_f1 updated to 0.3072 (epoch 5)
Epoch 06/60 | Time 0m13s
  Train | loss=0.8573 | top1=59.24% | top2=85.79% | top3=99.00%
  Valid | loss=0.8699 | top1=58.01% | top2=85.16% | top3=99.02% | acc=58.01% | bal_acc=32.57% | macro_f1=0.2986 | weighted_f1=0.5263 | precision_macro=0.2775 | recall_macro=0.3257 | qwk=0.3282 | mae=0.4785
        ovr_roc_auc_macro=0.8034 | ovr_pr_auc_macro=0.4817
Epoch 07/60 | Time 0m13s
  Train | loss=0.8269 | top1=60.29% | top2=86.91% | top3=99.00%
  Valid | loss=0.8592 | top1=59.18% | top2=86.91% | top3=99.02% | acc=59.18% | bal_acc=34.13% | macro_f1=0.3133 | weighted_f1=0.5480 | precision_macro=0.2907 | recall_macro=0.3413 | qwk=0.4051 | mae=0.4414
        ovr_roc_auc_macro=0.8051 | ovr_pr_auc_macro=0.5429
  -> best macro_f1 updated to 0.3133 (epoch 7)
Epoch 08/60 | Time 0m13s
  Train | loss=0.7937 | top1=61.87% | top2=88.30% | top3=99.00%
  Valid | loss=0.8062 | top1=60.35% | top2=88.87% | top3=99.02% | acc=60.35% | bal_acc=36.55% | macro_f1=0.3439 | weighted_f1=0.5731 | precision_macro=0.4993 | recall_macro=0.3655 | qwk=0.4591 | mae=0.4141
        ovr_roc_auc_macro=0.8407 | ovr_pr_auc_macro=0.5413
  -> best macro_f1 updated to 0.3439 (epoch 8)
Epoch 09/60 | Time 0m13s
  Train | loss=0.7660 | top1=64.63% | top2=89.87% | top3=99.00%
  Valid | loss=0.7917 | top1=63.87% | top2=90.43% | top3=99.02% | acc=63.87% | bal_acc=44.26% | macro_f1=0.4425 | weighted_f1=0.6396 | precision_macro=0.4632 | recall_macro=0.4426 | qwk=0.5721 | mae=0.3809
        ovr_roc_auc_macro=0.8580 | ovr_pr_auc_macro=0.6079
  -> best macro_f1 updated to 0.4425 (epoch 9)
Epoch 10/60 | Time 0m13s
  Train | loss=0.7134 | top1=68.49% | top2=90.91% | top3=99.00%
  Valid | loss=0.7306 | top1=67.38% | top2=91.80% | top3=99.02% | acc=67.38% | bal_acc=47.05% | macro_f1=0.4704 | weighted_f1=0.6726 | precision_macro=0.4740 | recall_macro=0.4705 | qwk=0.5895 | mae=0.3594
        ovr_roc_auc_macro=0.8842 | ovr_pr_auc_macro=0.6702
  -> best macro_f1 updated to 0.4704 (epoch 10)
Epoch 11/60 | Time 0m13s
  Train | loss=0.6659 | top1=70.44% | top2=92.30% | top3=99.00%
  Valid | loss=0.7997 | top1=63.87% | top2=89.06% | top3=99.02% | acc=63.87% | bal_acc=47.06% | macro_f1=0.4585 | weighted_f1=0.6366 | precision_macro=0.5006 | recall_macro=0.4706 | qwk=0.5504 | mae=0.3867
        ovr_roc_auc_macro=0.8839 | ovr_pr_auc_macro=0.6926
Epoch 12/60 | Time 0m13s
  Train | loss=0.6043 | top1=73.96% | top2=93.45% | top3=99.00%
  Valid | loss=0.6959 | top1=69.53% | top2=93.16% | top3=99.02% | acc=69.53% | bal_acc=53.17% | macro_f1=0.5147 | weighted_f1=0.6973 | precision_macro=0.5226 | recall_macro=0.5317 | qwk=0.6503 | mae=0.3262
        ovr_roc_auc_macro=0.9047 | ovr_pr_auc_macro=0.7487
  -> best macro_f1 updated to 0.5147 (epoch 12)
Epoch 13/60 | Time 0m13s
  Train | loss=0.5352 | top1=77.80% | top2=95.25% | top3=99.13%
  Valid | loss=0.5884 | top1=76.56% | top2=94.34% | top3=99.41% | acc=76.56% | bal_acc=53.77% | macro_f1=0.5489 | weighted_f1=0.7599 | precision_macro=0.5722 | recall_macro=0.5377 | qwk=0.7089 | mae=0.2539
        ovr_roc_auc_macro=0.9250 | ovr_pr_auc_macro=0.8147
  -> best macro_f1 updated to 0.5489 (epoch 13)
Epoch 14/60 | Time 0m13s
  Train | loss=0.4697 | top1=81.08% | top2=96.09% | top3=99.52%
  Valid | loss=0.5860 | top1=76.56% | top2=95.31% | top3=100.00% | acc=76.56% | bal_acc=55.98% | macro_f1=0.5519 | weighted_f1=0.7655 | precision_macro=0.5480 | recall_macro=0.5598 | qwk=0.7210 | mae=0.2559
        ovr_roc_auc_macro=0.9331 | ovr_pr_auc_macro=0.8474
  -> best macro_f1 updated to 0.5519 (epoch 14)
Epoch 15/60 | Time 0m13s
  Train | loss=0.3903 | top1=84.07% | top2=97.53% | top3=99.80%
  Valid | loss=0.4874 | top1=79.30% | top2=97.07% | top3=99.61% | acc=79.30% | bal_acc=62.95% | macro_f1=0.6594 | weighted_f1=0.7939 | precision_macro=0.8263 | recall_macro=0.6295 | qwk=0.7613 | mae=0.2227
        ovr_roc_auc_macro=0.9530 | ovr_pr_auc_macro=0.8954
  -> best macro_f1 updated to 0.6594 (epoch 15)
Epoch 16/60 | Time 0m13s
  Train | loss=0.3427 | top1=86.59% | top2=98.13% | top3=99.87%
  Valid | loss=0.3625 | top1=85.55% | top2=98.83% | top3=100.00% | acc=85.55% | bal_acc=79.33% | macro_f1=0.8173 | weighted_f1=0.8530 | precision_macro=0.8787 | recall_macro=0.7933 | qwk=0.8281 | mae=0.1641
        ovr_roc_auc_macro=0.9759 | ovr_pr_auc_macro=0.9520
  -> best macro_f1 updated to 0.8173 (epoch 16)
Epoch 17/60 | Time 0m13s
  Train | loss=0.2700 | top1=89.30% | top2=98.72% | top3=99.98%
  Valid | loss=0.3268 | top1=86.72% | top2=97.66% | top3=99.80% | acc=86.72% | bal_acc=86.78% | macro_f1=0.8813 | weighted_f1=0.8661 | precision_macro=0.9041 | recall_macro=0.8678 | qwk=0.8264 | mae=0.1504
        ovr_roc_auc_macro=0.9778 | ovr_pr_auc_macro=0.9512
  -> best macro_f1 updated to 0.8813 (epoch 17)
Epoch 18/60 | Time 0m13s
  Train | loss=0.2264 | top1=91.95% | top2=99.02% | top3=99.98%
  Valid | loss=0.4031 | top1=84.77% | top2=98.63% | top3=99.80% | acc=84.77% | bal_acc=81.20% | macro_f1=0.8436 | weighted_f1=0.8488 | precision_macro=0.9019 | recall_macro=0.8120 | qwk=0.8235 | mae=0.1621
        ovr_roc_auc_macro=0.9782 | ovr_pr_auc_macro=0.9563
Epoch 19/60 | Time 0m13s
  Train | loss=0.1944 | top1=93.16% | top2=99.07% | top3=100.00%
  Valid | loss=0.3350 | top1=86.72% | top2=97.85% | top3=100.00% | acc=86.72% | bal_acc=86.32% | macro_f1=0.8781 | weighted_f1=0.8664 | precision_macro=0.9113 | recall_macro=0.8632 | qwk=0.8447 | mae=0.1426
        ovr_roc_auc_macro=0.9782 | ovr_pr_auc_macro=0.9537
Epoch 20/60 | Time 0m13s
  Train | loss=0.1640 | top1=94.18% | top2=99.57% | top3=99.98%
  Valid | loss=0.2374 | top1=91.21% | top2=99.02% | top3=100.00% | acc=91.21% | bal_acc=94.18% | macro_f1=0.9235 | weighted_f1=0.9134 | precision_macro=0.9110 | recall_macro=0.9418 | qwk=0.9104 | mae=0.0938
        ovr_roc_auc_macro=0.9895 | ovr_pr_auc_macro=0.9789
  -> best macro_f1 updated to 0.9235 (epoch 20)
Epoch 21/60 | Time 0m13s
  Train | loss=0.1342 | top1=95.10% | top2=99.59% | top3=100.00%
  Valid | loss=0.1671 | top1=93.16% | top2=99.80% | top3=100.00% | acc=93.16% | bal_acc=93.92% | macro_f1=0.9438 | weighted_f1=0.9318 | precision_macro=0.9498 | recall_macro=0.9392 | qwk=0.9222 | mae=0.0742
        ovr_roc_auc_macro=0.9941 | ovr_pr_auc_macro=0.9889
  -> best macro_f1 updated to 0.9438 (epoch 21)
Epoch 22/60 | Time 0m13s
  Train | loss=0.1247 | top1=95.57% | top2=99.67% | top3=100.00%
  Valid | loss=0.1614 | top1=94.53% | top2=99.02% | top3=100.00% | acc=94.53% | bal_acc=95.39% | macro_f1=0.9546 | weighted_f1=0.9452 | precision_macro=0.9554 | recall_macro=0.9539 | qwk=0.9413 | mae=0.0586
        ovr_roc_auc_macro=0.9938 | ovr_pr_auc_macro=0.9884
  -> best macro_f1 updated to 0.9546 (epoch 22)
Epoch 23/60 | Time 0m13s
  Train | loss=0.1051 | top1=96.38% | top2=99.78% | top3=100.00%
  Valid | loss=0.1502 | top1=93.95% | top2=100.00% | top3=100.00% | acc=93.95% | bal_acc=95.72% | macro_f1=0.9540 | weighted_f1=0.9396 | precision_macro=0.9510 | recall_macro=0.9572 | qwk=0.9361 | mae=0.0645
        ovr_roc_auc_macro=0.9938 | ovr_pr_auc_macro=0.9885
Epoch 24/60 | Time 0m13s
  Train | loss=0.0985 | top1=96.51% | top2=99.78% | top3=100.00%
  Valid | loss=0.1955 | top1=92.77% | top2=99.41% | top3=100.00% | acc=92.77% | bal_acc=93.84% | macro_f1=0.9406 | weighted_f1=0.9279 | precision_macro=0.9431 | recall_macro=0.9384 | qwk=0.9142 | mae=0.0801
        ovr_roc_auc_macro=0.9913 | ovr_pr_auc_macro=0.9839
Epoch 25/60 | Time 0m13s
  Train | loss=0.0718 | top1=97.48% | top2=99.91% | top3=100.00%
  Valid | loss=0.1739 | top1=94.14% | top2=99.61% | top3=100.00% | acc=94.14% | bal_acc=96.36% | macro_f1=0.9489 | weighted_f1=0.9421 | precision_macro=0.9378 | recall_macro=0.9636 | qwk=0.9193 | mae=0.0703
        ovr_roc_auc_macro=0.9944 | ovr_pr_auc_macro=0.9893
Epoch 26/60 | Time 0m13s
  Train | loss=0.0753 | top1=97.79% | top2=99.83% | top3=100.00%
  Valid | loss=0.1063 | top1=96.68% | top2=100.00% | top3=100.00% | acc=96.68% | bal_acc=97.63% | macro_f1=0.9764 | weighted_f1=0.9669 | precision_macro=0.9766 | recall_macro=0.9763 | qwk=0.9652 | mae=0.0352
        ovr_roc_auc_macro=0.9967 | ovr_pr_auc_macro=0.9950
  -> best macro_f1 updated to 0.9764 (epoch 26)
Epoch 27/60 | Time 0m13s
  Train | loss=0.0743 | top1=97.29% | top2=99.85% | top3=100.00%
  Valid | loss=0.1266 | top1=95.12% | top2=99.61% | top3=100.00% | acc=95.12% | bal_acc=95.18% | macro_f1=0.9583 | weighted_f1=0.9510 | precision_macro=0.9657 | recall_macro=0.9518 | qwk=0.9297 | mae=0.0586
        ovr_roc_auc_macro=0.9960 | ovr_pr_auc_macro=0.9919
Epoch 28/60 | Time 0m13s
  Train | loss=0.0627 | top1=97.94% | top2=99.91% | top3=100.00%
  Valid | loss=0.1059 | top1=96.09% | top2=99.80% | top3=100.00% | acc=96.09% | bal_acc=96.09% | macro_f1=0.9674 | weighted_f1=0.9610 | precision_macro=0.9755 | recall_macro=0.9609 | qwk=0.9593 | mae=0.0410
        ovr_roc_auc_macro=0.9979 | ovr_pr_auc_macro=0.9964
Epoch 29/60 | Time 0m13s
  Train | loss=0.0496 | top1=98.09% | top2=99.89% | top3=100.00%
  Valid | loss=0.0997 | top1=97.07% | top2=99.41% | top3=100.00% | acc=97.07% | bal_acc=98.16% | macro_f1=0.9789 | weighted_f1=0.9706 | precision_macro=0.9765 | recall_macro=0.9816 | qwk=0.9640 | mae=0.0332
        ovr_roc_auc_macro=0.9978 | ovr_pr_auc_macro=0.9960
  -> best macro_f1 updated to 0.9789 (epoch 29)
Epoch 30/60 | Time 0m13s
  Train | loss=0.0482 | top1=98.48% | top2=99.87% | top3=100.00%
  Valid | loss=0.0750 | top1=97.66% | top2=99.61% | top3=100.00% | acc=97.66% | bal_acc=98.62% | macro_f1=0.9835 | weighted_f1=0.9766 | precision_macro=0.9810 | recall_macro=0.9862 | qwk=0.9741 | mae=0.0254
        ovr_roc_auc_macro=0.9987 | ovr_pr_auc_macro=0.9979
  -> best macro_f1 updated to 0.9835 (epoch 30)
Epoch 31/60 | Time 0m13s
  Train | loss=0.0455 | top1=98.39% | top2=99.93% | top3=100.00%
  Valid | loss=0.0964 | top1=97.07% | top2=100.00% | top3=100.00% | acc=97.07% | bal_acc=98.16% | macro_f1=0.9798 | weighted_f1=0.9708 | precision_macro=0.9785 | recall_macro=0.9816 | qwk=0.9739 | mae=0.0293
        ovr_roc_auc_macro=0.9981 | ovr_pr_auc_macro=0.9970
Epoch 32/60 | Time 0m13s
  Train | loss=0.0311 | top1=98.91% | top2=99.96% | top3=100.00%
  Valid | loss=0.1001 | top1=96.68% | top2=99.80% | top3=100.00% | acc=96.68% | bal_acc=97.38% | macro_f1=0.9761 | weighted_f1=0.9669 | precision_macro=0.9789 | recall_macro=0.9738 | qwk=0.9702 | mae=0.0332
        ovr_roc_auc_macro=0.9980 | ovr_pr_auc_macro=0.9971
Epoch 33/60 | Time 0m13s
  Train | loss=0.0367 | top1=98.91% | top2=100.00% | top3=100.00%
  Valid | loss=0.0788 | top1=97.66% | top2=99.80% | top3=100.00% | acc=97.66% | bal_acc=98.41% | macro_f1=0.9813 | weighted_f1=0.9766 | precision_macro=0.9786 | recall_macro=0.9841 | qwk=0.9690 | mae=0.0273
        ovr_roc_auc_macro=0.9986 | ovr_pr_auc_macro=0.9972
Epoch 34/60 | Time 0m13s
  Train | loss=0.0295 | top1=99.11% | top2=99.98% | top3=100.00%
  Valid | loss=0.0608 | top1=98.24% | top2=100.00% | top3=100.00% | acc=98.24% | bal_acc=98.91% | macro_f1=0.9883 | weighted_f1=0.9824 | precision_macro=0.9875 | recall_macro=0.9891 | qwk=0.9793 | mae=0.0195
        ovr_roc_auc_macro=0.9988 | ovr_pr_auc_macro=0.9982
  -> best macro_f1 updated to 0.9883 (epoch 34)
Epoch 35/60 | Time 0m13s
  Train | loss=0.0318 | top1=99.11% | top2=99.96% | top3=100.00%
  Valid | loss=0.0610 | top1=98.24% | top2=100.00% | top3=100.00% | acc=98.24% | bal_acc=98.45% | macro_f1=0.9870 | weighted_f1=0.9824 | precision_macro=0.9896 | recall_macro=0.9845 | qwk=0.9791 | mae=0.0195
        ovr_roc_auc_macro=0.9990 | ovr_pr_auc_macro=0.9985
Epoch 36/60 | Time 0m13s
  Train | loss=0.0203 | top1=99.48% | top2=99.91% | top3=100.00%
  Valid | loss=0.0535 | top1=97.85% | top2=100.00% | top3=100.00% | acc=97.85% | bal_acc=98.38% | macro_f1=0.9837 | weighted_f1=0.9785 | precision_macro=0.9837 | recall_macro=0.9838 | qwk=0.9704 | mae=0.0254
        ovr_roc_auc_macro=0.9993 | ovr_pr_auc_macro=0.9990
Epoch 37/60 | Time 0m13s
  Train | loss=0.0310 | top1=98.87% | top2=99.98% | top3=100.00%
  Valid | loss=0.0784 | top1=97.66% | top2=99.80% | top3=100.00% | acc=97.66% | bal_acc=98.45% | macro_f1=0.9822 | weighted_f1=0.9765 | precision_macro=0.9804 | recall_macro=0.9845 | qwk=0.9743 | mae=0.0254
        ovr_roc_auc_macro=0.9979 | ovr_pr_auc_macro=0.9961
Epoch 38/60 | Time 0m13s
  Train | loss=0.0201 | top1=99.33% | top2=100.00% | top3=100.00%
  Valid | loss=0.0348 | top1=98.63% | top2=100.00% | top3=100.00% | acc=98.63% | bal_acc=98.90% | macro_f1=0.9894 | weighted_f1=0.9863 | precision_macro=0.9898 | recall_macro=0.9890 | qwk=0.9827 | mae=0.0156
        ovr_roc_auc_macro=0.9998 | ovr_pr_auc_macro=0.9996
  -> best macro_f1 updated to 0.9894 (epoch 38)
Epoch 39/60 | Time 0m13s
  Train | loss=0.0262 | top1=99.05% | top2=99.96% | top3=100.00%
  Valid | loss=0.0646 | top1=97.46% | top2=100.00% | top3=100.00% | acc=97.46% | bal_acc=98.40% | macro_f1=0.9801 | weighted_f1=0.9747 | precision_macro=0.9768 | recall_macro=0.9840 | qwk=0.9671 | mae=0.0293
        ovr_roc_auc_macro=0.9991 | ovr_pr_auc_macro=0.9985
Epoch 40/60 | Time 0m13s
  Train | loss=0.0155 | top1=99.61% | top2=99.96% | top3=100.00%
  Valid | loss=0.0405 | top1=98.63% | top2=100.00% | top3=100.00% | acc=98.63% | bal_acc=98.90% | macro_f1=0.9906 | weighted_f1=0.9863 | precision_macro=0.9923 | recall_macro=0.9890 | qwk=0.9827 | mae=0.0156
        ovr_roc_auc_macro=0.9995 | ovr_pr_auc_macro=0.9991
  -> best macro_f1 updated to 0.9906 (epoch 40)
Epoch 41/60 | Time 0m13s
  Train | loss=0.0143 | top1=99.61% | top2=99.98% | top3=100.00%
  Valid | loss=0.0576 | top1=98.44% | top2=99.80% | top3=100.00% | acc=98.44% | bal_acc=98.80% | macro_f1=0.9895 | weighted_f1=0.9844 | precision_macro=0.9909 | recall_macro=0.9880 | qwk=0.9809 | mae=0.0176
        ovr_roc_auc_macro=0.9987 | ovr_pr_auc_macro=0.9978
Epoch 42/60 | Time 0m13s
  Train | loss=0.0172 | top1=99.46% | top2=100.00% | top3=100.00%
  Valid | loss=0.0650 | top1=97.66% | top2=100.00% | top3=100.00% | acc=97.66% | bal_acc=98.66% | macro_f1=0.9825 | weighted_f1=0.9766 | precision_macro=0.9787 | recall_macro=0.9866 | qwk=0.9690 | mae=0.0273
        ovr_roc_auc_macro=0.9989 | ovr_pr_auc_macro=0.9982
Epoch 43/60 | Time 0m13s
  Train | loss=0.0148 | top1=99.63% | top2=100.00% | top3=100.00%
  Valid | loss=0.0515 | top1=98.63% | top2=100.00% | top3=100.00% | acc=98.63% | bal_acc=99.19% | macro_f1=0.9907 | weighted_f1=0.9863 | precision_macro=0.9894 | recall_macro=0.9919 | qwk=0.9827 | mae=0.0156
        ovr_roc_auc_macro=0.9991 | ovr_pr_auc_macro=0.9987
Epoch 44/60 | Time 0m13s
  Train | loss=0.0137 | top1=99.57% | top2=99.98% | top3=100.00%
  Valid | loss=0.0396 | top1=99.22% | top2=100.00% | top3=100.00% | acc=99.22% | bal_acc=99.53% | macro_f1=0.9953 | weighted_f1=0.9922 | precision_macro=0.9953 | recall_macro=0.9953 | qwk=0.9931 | mae=0.0078
        ovr_roc_auc_macro=0.9991 | ovr_pr_auc_macro=0.9987
  -> best macro_f1 updated to 0.9953 (epoch 44)
Epoch 45/60 | Time 0m13s
  Train | loss=0.0106 | top1=99.59% | top2=100.00% | top3=100.00%
  Valid | loss=0.0529 | top1=98.24% | top2=100.00% | top3=100.00% | acc=98.24% | bal_acc=98.95% | macro_f1=0.9859 | weighted_f1=0.9824 | precision_macro=0.9824 | recall_macro=0.9895 | qwk=0.9794 | mae=0.0195
        ovr_roc_auc_macro=0.9993 | ovr_pr_auc_macro=0.9987
Epoch 46/60 | Time 0m13s
  Train | loss=0.0070 | top1=99.74% | top2=100.00% | top3=100.00%
  Valid | loss=0.0453 | top1=98.83% | top2=100.00% | top3=100.00% | acc=98.83% | bal_acc=99.12% | macro_f1=0.9904 | weighted_f1=0.9883 | precision_macro=0.9897 | recall_macro=0.9912 | qwk=0.9896 | mae=0.0117
        ovr_roc_auc_macro=0.9993 | ovr_pr_auc_macro=0.9988
Epoch 47/60 | Time 0m13s
  Train | loss=0.0145 | top1=99.61% | top2=100.00% | top3=100.00%
  Valid | loss=0.0300 | top1=99.22% | top2=100.00% | top3=100.00% | acc=99.22% | bal_acc=99.57% | macro_f1=0.9953 | weighted_f1=0.9922 | precision_macro=0.9949 | recall_macro=0.9957 | qwk=0.9931 | mae=0.0078
        ovr_roc_auc_macro=0.9998 | ovr_pr_auc_macro=0.9997
Epoch 48/60 | Time 0m13s
  Train | loss=0.0091 | top1=99.70% | top2=100.00% | top3=100.00%
  Valid | loss=0.0375 | top1=98.63% | top2=100.00% | top3=100.00% | acc=98.63% | bal_acc=99.23% | macro_f1=0.9905 | weighted_f1=0.9863 | precision_macro=0.9887 | recall_macro=0.9923 | qwk=0.9879 | mae=0.0137
        ovr_roc_auc_macro=0.9996 | ovr_pr_auc_macro=0.9993
Epoch 49/60 | Time 0m13s
  Train | loss=0.0087 | top1=99.76% | top2=100.00% | top3=100.00%
  Valid | loss=0.0414 | top1=98.63% | top2=100.00% | top3=100.00% | acc=98.63% | bal_acc=99.23% | macro_f1=0.9907 | weighted_f1=0.9863 | precision_macro=0.9891 | recall_macro=0.9923 | qwk=0.9827 | mae=0.0156
        ovr_roc_auc_macro=0.9995 | ovr_pr_auc_macro=0.9993
Epoch 50/60 | Time 0m13s
  Train | loss=0.0079 | top1=99.85% | top2=100.00% | top3=100.00%
  Valid | loss=0.0438 | top1=98.24% | top2=100.00% | top3=100.00% | acc=98.24% | bal_acc=99.12% | macro_f1=0.9883 | weighted_f1=0.9824 | precision_macro=0.9859 | recall_macro=0.9912 | qwk=0.9792 | mae=0.0195
        ovr_roc_auc_macro=0.9997 | ovr_pr_auc_macro=0.9995
Epoch 51/60 | Time 0m13s
  Train | loss=0.0063 | top1=99.78% | top2=100.00% | top3=100.00%
  Valid | loss=0.0347 | top1=98.83% | top2=100.00% | top3=100.00% | acc=98.83% | bal_acc=99.33% | macro_f1=0.9929 | weighted_f1=0.9883 | precision_macro=0.9925 | recall_macro=0.9933 | qwk=0.9896 | mae=0.0117
        ovr_roc_auc_macro=0.9996 | ovr_pr_auc_macro=0.9994
Epoch 52/60 | Time 0m13s
  Train | loss=0.0053 | top1=99.87% | top2=100.00% | top3=100.00%
  Valid | loss=0.0328 | top1=99.22% | top2=100.00% | top3=100.00% | acc=99.22% | bal_acc=99.57% | macro_f1=0.9953 | weighted_f1=0.9922 | precision_macro=0.9949 | recall_macro=0.9957 | qwk=0.9931 | mae=0.0078
        ovr_roc_auc_macro=0.9996 | ovr_pr_auc_macro=0.9995
Epoch 53/60 | Time 0m13s
  Train | loss=0.0068 | top1=99.78% | top2=100.00% | top3=100.00%
  Valid | loss=0.0386 | top1=98.44% | top2=100.00% | top3=100.00% | acc=98.44% | bal_acc=98.93% | macro_f1=0.9884 | weighted_f1=0.9844 | precision_macro=0.9877 | recall_macro=0.9893 | qwk=0.9757 | mae=0.0195
        ovr_roc_auc_macro=0.9996 | ovr_pr_auc_macro=0.9994
Epoch 54/60 | Time 0m13s
  Train | loss=0.0046 | top1=99.91% | top2=100.00% | top3=100.00%
  Valid | loss=0.0377 | top1=99.02% | top2=100.00% | top3=100.00% | acc=99.02% | bal_acc=99.47% | macro_f1=0.9941 | weighted_f1=0.9902 | precision_macro=0.9935 | recall_macro=0.9947 | qwk=0.9913 | mae=0.0098
        ovr_roc_auc_macro=0.9996 | ovr_pr_auc_macro=0.9994
Epoch 55/60 | Time 0m13s
  Train | loss=0.0058 | top1=99.87% | top2=100.00% | top3=100.00%
  Valid | loss=0.0310 | top1=99.02% | top2=100.00% | top3=100.00% | acc=99.02% | bal_acc=99.22% | macro_f1=0.9930 | weighted_f1=0.9902 | precision_macro=0.9939 | recall_macro=0.9922 | qwk=0.9861 | mae=0.0117
        ovr_roc_auc_macro=0.9996 | ovr_pr_auc_macro=0.9994
Epoch 56/60 | Time 0m13s
  Train | loss=0.0046 | top1=99.93% | top2=100.00% | top3=100.00%
  Valid | loss=0.0410 | top1=98.83% | top2=100.00% | top3=100.00% | acc=98.83% | bal_acc=99.37% | macro_f1=0.9929 | weighted_f1=0.9883 | precision_macro=0.9922 | recall_macro=0.9937 | qwk=0.9896 | mae=0.0117
        ovr_roc_auc_macro=0.9996 | ovr_pr_auc_macro=0.9994
Epoch 57/60 | Time 0m13s
  Train | loss=0.0057 | top1=99.83% | top2=100.00% | top3=100.00%
  Valid | loss=0.0354 | top1=99.02% | top2=100.00% | top3=100.00% | acc=99.02% | bal_acc=99.47% | macro_f1=0.9941 | weighted_f1=0.9902 | precision_macro=0.9935 | recall_macro=0.9947 | qwk=0.9913 | mae=0.0098
        ovr_roc_auc_macro=0.9995 | ovr_pr_auc_macro=0.9994
Epoch 58/60 | Time 0m13s
  Train | loss=0.0070 | top1=99.78% | top2=100.00% | top3=100.00%
  Valid | loss=0.0364 | top1=99.02% | top2=100.00% | top3=100.00% | acc=99.02% | bal_acc=99.47% | macro_f1=0.9941 | weighted_f1=0.9902 | precision_macro=0.9935 | recall_macro=0.9947 | qwk=0.9913 | mae=0.0098
        ovr_roc_auc_macro=0.9996 | ovr_pr_auc_macro=0.9994
Epoch 59/60 | Time 0m13s
  Train | loss=0.0069 | top1=99.76% | top2=100.00% | top3=100.00%
  Valid | loss=0.0369 | top1=99.02% | top2=100.00% | top3=100.00% | acc=99.02% | bal_acc=99.47% | macro_f1=0.9941 | weighted_f1=0.9902 | precision_macro=0.9935 | recall_macro=0.9947 | qwk=0.9913 | mae=0.0098
        ovr_roc_auc_macro=0.9995 | ovr_pr_auc_macro=0.9993
  -> early stopping triggered at epoch 59

[TEST] loss=ce
  Test | loss=0.0667 | top1=98.12% | top2=99.69% | top3=99.92% | acc=98.12% | bal_acc=98.38% | macro_f1=0.9852 | weighted_f1=0.9812 | precision_macro=0.9867 | recall_macro=0.9838 | qwk=0.9792 | mae=0.0203
        ovr_roc_auc_macro=0.9988 | ovr_pr_auc_macro=0.9975

==========================================================================================
Summary CSV saved: /root/autodl-tmp/MedVisionLab/Alzheimer_MRI_Loss/logs/ResNet_layer3+MECS_controlled_mecsb_vb_koa_adni_10seed_20260803_234110_adni_resnet50_plus_mesc_versionb_seed0_20260804_012111_summary.csv
Top results by test_macro_f1:
  ce: macro_f1=0.9852, acc=98.12%, bal_acc=98.38%
Log file saved: /root/autodl-tmp/MedVisionLab/Alzheimer_MRI_Loss/logs/ResNet_layer3+MECS_controlled_mecsb_vb_koa_adni_10seed_20260803_234110_adni_resnet50_plus_mesc_versionb_seed0_20260804_012111.log
==========================================================================================

==========================================================================================
RETURN_CODE: 0
