DATASET: KOA
METHOD: ResNet50 + MESC VersionB + DAST
SEED: 4
SCRIPT: /root/autodl-tmp/MedVisionLab/Knee/ResNet_layer3+MECS+Loss4.py
RUN_TAG: controlled_mecsb_vb_koa_adni_10seed_20260803_234110_koa_resnet50_plus_mesc_versionb_plus_dast_seed4
DAST_TAU: 1.0
DAST_GAMMA: 1.5
COMMAND: /root/miniconda3/envs/medvision/bin/python -u /root/autodl-tmp/MedVisionLab/tools/run_training_with_mecsb.py --script /root/autodl-tmp/MedVisionLab/Knee/ResNet_layer3+MECS+Loss4.py
==========================================================================================
MESC_IMPLEMENTATION: MECS_VersionB
ORIGINAL_SCRIPT: /root/autodl-tmp/MedVisionLab/Knee/ResNet_layer3+MECS+Loss4.py
==========================================================================================
Injected attention module: MECS_VersionB
Original training script : /root/autodl-tmp/MedVisionLab/Knee/ResNet_layer3+MECS+Loss4.py
Dataset                  : KOA
Original source modified : no
==========================================================================================
Starting ResNet(layer3)+MECS+DAST Knee Osteoarthritis Baseline...
Using device: cuda
CUDA device: NVIDIA GeForce RTX 3090
Run tag: controlled_mecsb_vb_koa_adni_10seed_20260803_234110_koa_resnet50_plus_mesc_versionb_plus_dast_seed4
Config | seed=4, batch_size=32, epochs=60, image_size=224
DAST config | tau=1.0000, gamma=1.5000
Class mapping from folders: {'0': 0, '1': 1, '2': 2, '3': 3, '4': 4}

Train samples: 5778
Train class distribution:
  0_Normal: 2286
  1_Doubtful: 1046
  2_Mild: 1516
  3_Moderate: 757
  4_Severe: 173

Valid samples: 826
Valid class distribution:
  0_Normal: 328
  1_Doubtful: 153
  2_Mild: 212
  3_Moderate: 106
  4_Severe: 27

Test samples: 1656
Test class distribution:
  0_Normal: 639
  1_Doubtful: 296
  2_Mild: 447
  3_Moderate: 223
  4_Severe: 51

AutoTest samples: 1526
AutoTest class distribution:
  0_Normal: 604
  1_Doubtful: 275
  2_Mild: 403
  3_Moderate: 200
  4_Severe: 44

Split sizes | train=5778, valid=826, test=1656, auto_test=1526
Loading ResNet50 with MECS module at layer3...
Trainable parameters: 27,305,297

[INFO] Class counts in training set: [2286 1046 1516  757  173]
[INFO] Using Clinically Distance-Aware Soft Label Loss (DAST).
Starting training...

Epoch 01/60 | Time 0m 17s
  Train | loss=1.0125 | top1=40.67% | top2=62.37% | top3=83.76%
  Valid | loss=0.9265 | top1=45.31% | top2=66.23% | top3=85.58% | acc=45.64% | bal_acc=25.91% | macro_f1=0.2150 | qwk=0.4230 | mae=0.8329 | weighted_f1=0.3629 | precision_macro=0.2041 | recall_macro=0.2591
         ovr_roc_auc_macro=0.7763 | ovr_pr_auc_macro=0.4650
 Initial best model saved to /root/autodl-tmp/MedVisionLab/Knee/checkpoints/best_resnet50_mecs_layer3_dast_knee_oa_new_controlled_mecsb_vb_koa_adni_10seed_20260803_234110_koa_resnet50_plus_mesc_versionb_plus_dast_seed4.pt (QWK=0.4230)

Epoch 02/60 | Time 0m 17s
  Train | loss=0.8710 | top1=52.58% | top2=77.10% | top3=93.33%
  Valid | loss=0.8252 | top1=54.69% | top2=80.36% | top3=96.58% | acc=55.08% | bal_acc=38.84% | macro_f1=0.3811 | qwk=0.6610 | mae=0.6077 | weighted_f1=0.5037 | precision_macro=0.4056 | recall_macro=0.3884
         ovr_roc_auc_macro=0.8362 | ovr_pr_auc_macro=0.5754
 Validation improved. Saved best model to /root/autodl-tmp/MedVisionLab/Knee/checkpoints/best_resnet50_mecs_layer3_dast_knee_oa_new_controlled_mecsb_vb_koa_adni_10seed_20260803_234110_koa_resnet50_plus_mesc_versionb_plus_dast_seed4.pt (QWK=0.6610)

Epoch 03/60 | Time 0m 17s
  Train | loss=0.8005 | top1=60.42% | top2=83.28% | top3=97.28%
  Valid | loss=0.7747 | top1=61.72% | top2=86.72% | top3=98.20% | acc=61.50% | bal_acc=59.42% | macro_f1=0.5559 | qwk=0.7504 | mae=0.5073 | weighted_f1=0.5785 | precision_macro=0.6021 | recall_macro=0.5942
         ovr_roc_auc_macro=0.8670 | ovr_pr_auc_macro=0.6717
 Validation improved. Saved best model to /root/autodl-tmp/MedVisionLab/Knee/checkpoints/best_resnet50_mecs_layer3_dast_knee_oa_new_controlled_mecsb_vb_koa_adni_10seed_20260803_234110_koa_resnet50_plus_mesc_versionb_plus_dast_seed4.pt (QWK=0.7504)

Epoch 04/60 | Time 0m 17s
  Train | loss=0.7695 | top1=63.59% | top2=86.03% | top3=98.16%
  Valid | loss=0.7715 | top1=63.20% | top2=87.11% | top3=98.92% | acc=63.08% | bal_acc=59.33% | macro_f1=0.5798 | qwk=0.7363 | mae=0.5061 | weighted_f1=0.5643 | precision_macro=0.5908 | recall_macro=0.5933
         ovr_roc_auc_macro=0.8703 | ovr_pr_auc_macro=0.6888
 No improvement. Bad epochs: 1/15

Epoch 05/60 | Time 0m 17s
  Train | loss=0.7486 | top1=65.54% | top2=88.09% | top3=98.74%
  Valid | loss=0.7705 | top1=62.33% | top2=86.03% | top3=98.44% | acc=62.23% | bal_acc=58.75% | macro_f1=0.5971 | qwk=0.7432 | mae=0.5012 | weighted_f1=0.5817 | precision_macro=0.6449 | recall_macro=0.5875
         ovr_roc_auc_macro=0.8709 | ovr_pr_auc_macro=0.6890
 No improvement. Bad epochs: 2/15

Epoch 06/60 | Time 0m 17s
  Train | loss=0.7298 | top1=68.25% | top2=89.90% | top3=98.67%
  Valid | loss=0.7467 | top1=65.75% | top2=88.58% | top3=97.60% | acc=65.62% | bal_acc=64.90% | macro_f1=0.6382 | qwk=0.7803 | mae=0.4419 | weighted_f1=0.6240 | precision_macro=0.6519 | recall_macro=0.6490
         ovr_roc_auc_macro=0.8848 | ovr_pr_auc_macro=0.7147
 Validation improved. Saved best model to /root/autodl-tmp/MedVisionLab/Knee/checkpoints/best_resnet50_mecs_layer3_dast_knee_oa_new_controlled_mecsb_vb_koa_adni_10seed_20260803_234110_koa_resnet50_plus_mesc_versionb_plus_dast_seed4.pt (QWK=0.7803)

Epoch 07/60 | Time 0m 17s
  Train | loss=0.7179 | top1=68.81% | top2=90.67% | top3=98.95%
  Valid | loss=0.7555 | top1=64.10% | top2=86.99% | top3=98.80% | acc=63.92% | bal_acc=62.14% | macro_f1=0.6318 | qwk=0.7927 | mae=0.4358 | weighted_f1=0.6217 | precision_macro=0.6709 | recall_macro=0.6214
         ovr_roc_auc_macro=0.8839 | ovr_pr_auc_macro=0.7131
 Validation improved. Saved best model to /root/autodl-tmp/MedVisionLab/Knee/checkpoints/best_resnet50_mecs_layer3_dast_knee_oa_new_controlled_mecsb_vb_koa_adni_10seed_20260803_234110_koa_resnet50_plus_mesc_versionb_plus_dast_seed4.pt (QWK=0.7927)

Epoch 08/60 | Time 0m 17s
  Train | loss=0.7090 | top1=69.83% | top2=91.30% | top3=99.15%
  Valid | loss=0.7463 | top1=67.08% | top2=87.98% | top3=97.96% | acc=66.95% | bal_acc=65.23% | macro_f1=0.6401 | qwk=0.7880 | mae=0.4286 | weighted_f1=0.6298 | precision_macro=0.6638 | recall_macro=0.6523
         ovr_roc_auc_macro=0.8872 | ovr_pr_auc_macro=0.7198
 No improvement. Bad epochs: 1/15

Epoch 09/60 | Time 0m 17s
  Train | loss=0.6937 | top1=72.44% | top2=92.55% | top3=99.29%
  Valid | loss=0.7433 | top1=65.96% | top2=88.91% | top3=97.96% | acc=65.74% | bal_acc=68.72% | macro_f1=0.6706 | qwk=0.8155 | mae=0.4007 | weighted_f1=0.6596 | precision_macro=0.6665 | recall_macro=0.6872
         ovr_roc_auc_macro=0.8865 | ovr_pr_auc_macro=0.7221
 Validation improved. Saved best model to /root/autodl-tmp/MedVisionLab/Knee/checkpoints/best_resnet50_mecs_layer3_dast_knee_oa_new_controlled_mecsb_vb_koa_adni_10seed_20260803_234110_koa_resnet50_plus_mesc_versionb_plus_dast_seed4.pt (QWK=0.8155)

Epoch 10/60 | Time 0m 17s
  Train | loss=0.6851 | top1=73.18% | top2=93.15% | top3=99.48%
  Valid | loss=0.7585 | top1=65.63% | top2=88.82% | top3=98.80% | acc=65.50% | bal_acc=65.30% | macro_f1=0.6493 | qwk=0.8087 | mae=0.4140 | weighted_f1=0.6404 | precision_macro=0.6590 | recall_macro=0.6530
         ovr_roc_auc_macro=0.8855 | ovr_pr_auc_macro=0.7105
 No improvement. Bad epochs: 1/15

Epoch 11/60 | Time 0m 17s
  Train | loss=0.6772 | top1=74.27% | top2=93.91% | top3=99.29%
  Valid | loss=0.7645 | top1=66.74% | top2=88.41% | top3=98.80% | acc=66.59% | bal_acc=62.14% | macro_f1=0.5988 | qwk=0.7934 | mae=0.4201 | weighted_f1=0.6072 | precision_macro=0.7040 | recall_macro=0.6214
         ovr_roc_auc_macro=0.8822 | ovr_pr_auc_macro=0.7130
 No improvement. Bad epochs: 2/15

Epoch 12/60 | Time 0m 17s
  Train | loss=0.6697 | top1=74.89% | top2=94.25% | top3=99.45%
  Valid | loss=0.7317 | top1=67.22% | top2=90.84% | top3=98.68% | acc=67.07% | bal_acc=67.24% | macro_f1=0.6554 | qwk=0.8086 | mae=0.4068 | weighted_f1=0.6420 | precision_macro=0.6577 | recall_macro=0.6724
         ovr_roc_auc_macro=0.8918 | ovr_pr_auc_macro=0.7272
 No improvement. Bad epochs: 3/15

Epoch 13/60 | Time 0m 17s
  Train | loss=0.6562 | top1=77.14% | top2=95.55% | top3=99.57%
  Valid | loss=0.7505 | top1=65.30% | top2=89.06% | top3=98.20% | acc=65.13% | bal_acc=65.78% | macro_f1=0.6430 | qwk=0.8002 | mae=0.4237 | weighted_f1=0.6346 | precision_macro=0.6363 | recall_macro=0.6578
         ovr_roc_auc_macro=0.8843 | ovr_pr_auc_macro=0.7198
 No improvement. Bad epochs: 4/15

Epoch 14/60 | Time 0m 17s
  Train | loss=0.6503 | top1=77.62% | top2=95.12% | top3=99.71%
  Valid | loss=0.7739 | top1=65.69% | top2=88.82% | top3=98.56% | acc=65.50% | bal_acc=65.55% | macro_f1=0.6232 | qwk=0.7851 | mae=0.4504 | weighted_f1=0.6118 | precision_macro=0.6429 | recall_macro=0.6555
         ovr_roc_auc_macro=0.8784 | ovr_pr_auc_macro=0.7074
 No improvement. Bad epochs: 5/15

Epoch 15/60 | Time 0m 17s
  Train | loss=0.6401 | top1=78.99% | top2=96.20% | top3=99.83%
  Valid | loss=0.7561 | top1=65.97% | top2=87.98% | top3=97.96% | acc=65.86% | bal_acc=68.26% | macro_f1=0.6836 | qwk=0.8172 | mae=0.3959 | weighted_f1=0.6667 | precision_macro=0.6916 | recall_macro=0.6826
         ovr_roc_auc_macro=0.8860 | ovr_pr_auc_macro=0.7187
 Validation improved. Saved best model to /root/autodl-tmp/MedVisionLab/Knee/checkpoints/best_resnet50_mecs_layer3_dast_knee_oa_new_controlled_mecsb_vb_koa_adni_10seed_20260803_234110_koa_resnet50_plus_mesc_versionb_plus_dast_seed4.pt (QWK=0.8172)

Epoch 16/60 | Time 0m 17s
  Train | loss=0.6372 | top1=80.26% | top2=96.15% | top3=99.71%
  Valid | loss=0.7907 | top1=68.07% | top2=89.30% | top3=99.04% | acc=67.92% | bal_acc=67.50% | macro_f1=0.6850 | qwk=0.8059 | mae=0.4019 | weighted_f1=0.6624 | precision_macro=0.7124 | recall_macro=0.6750
         ovr_roc_auc_macro=0.8822 | ovr_pr_auc_macro=0.7258
 No improvement. Bad epochs: 1/15

Epoch 17/60 | Time 0m 17s
  Train | loss=0.6230 | top1=82.02% | top2=96.81% | top3=99.78%
  Valid | loss=0.7735 | top1=65.49% | top2=89.30% | top3=97.96% | acc=65.38% | bal_acc=65.25% | macro_f1=0.6585 | qwk=0.7966 | mae=0.4237 | weighted_f1=0.6465 | precision_macro=0.6756 | recall_macro=0.6525
         ovr_roc_auc_macro=0.8750 | ovr_pr_auc_macro=0.7022
 No improvement. Bad epochs: 2/15

Epoch 18/60 | Time 0m 17s
  Train | loss=0.6146 | top1=83.16% | top2=97.24% | top3=99.86%
  Valid | loss=0.7903 | top1=62.31% | top2=84.74% | top3=96.51% | acc=62.23% | bal_acc=64.98% | macro_f1=0.6457 | qwk=0.7692 | mae=0.4637 | weighted_f1=0.6207 | precision_macro=0.6548 | recall_macro=0.6498
         ovr_roc_auc_macro=0.8748 | ovr_pr_auc_macro=0.7007
 No improvement. Bad epochs: 3/15

Epoch 19/60 | Time 0m 17s
  Train | loss=0.6048 | top1=84.90% | top2=97.92% | top3=99.81%
  Valid | loss=0.7921 | top1=64.92% | top2=87.90% | top3=98.20% | acc=64.89% | bal_acc=62.52% | macro_f1=0.6450 | qwk=0.7960 | mae=0.4237 | weighted_f1=0.6427 | precision_macro=0.6802 | recall_macro=0.6252
         ovr_roc_auc_macro=0.8728 | ovr_pr_auc_macro=0.6984
 No improvement. Bad epochs: 4/15

Epoch 20/60 | Time 0m 17s
  Train | loss=0.6000 | top1=85.76% | top2=97.79% | top3=99.78%
  Valid | loss=0.7935 | top1=66.70% | top2=87.69% | top3=98.56% | acc=66.71% | bal_acc=62.91% | macro_f1=0.6488 | qwk=0.7937 | mae=0.4153 | weighted_f1=0.6535 | precision_macro=0.6825 | recall_macro=0.6291
         ovr_roc_auc_macro=0.8730 | ovr_pr_auc_macro=0.6946
 No improvement. Bad epochs: 5/15

Epoch 21/60 | Time 0m 17s
  Train | loss=0.5953 | top1=85.54% | top2=98.03% | top3=99.95%
  Valid | loss=0.7870 | top1=65.58% | top2=87.66% | top3=97.12% | acc=65.50% | bal_acc=64.19% | macro_f1=0.6511 | qwk=0.7927 | mae=0.4225 | weighted_f1=0.6469 | precision_macro=0.6655 | recall_macro=0.6419
         ovr_roc_auc_macro=0.8770 | ovr_pr_auc_macro=0.6843
 No improvement. Bad epochs: 6/15

Epoch 22/60 | Time 0m 17s
  Train | loss=0.5819 | top1=88.14% | top2=98.43% | top3=99.93%
  Valid | loss=0.7875 | top1=65.82% | top2=87.86% | top3=97.12% | acc=65.74% | bal_acc=64.92% | macro_f1=0.6604 | qwk=0.7924 | mae=0.4177 | weighted_f1=0.6530 | precision_macro=0.6774 | recall_macro=0.6492
         ovr_roc_auc_macro=0.8808 | ovr_pr_auc_macro=0.7116
 No improvement. Bad epochs: 7/15

Epoch 23/60 | Time 0m 17s
  Train | loss=0.5740 | top1=89.39% | top2=98.76% | top3=99.97%
  Valid | loss=0.7721 | top1=64.34% | top2=89.78% | top3=97.84% | acc=64.16% | bal_acc=67.76% | macro_f1=0.6784 | qwk=0.8059 | mae=0.4140 | weighted_f1=0.6515 | precision_macro=0.6854 | recall_macro=0.6776
         ovr_roc_auc_macro=0.8799 | ovr_pr_auc_macro=0.7127
 No improvement. Bad epochs: 8/15

Epoch 24/60 | Time 0m 17s
  Train | loss=0.5695 | top1=89.89% | top2=99.07% | top3=99.97%
  Valid | loss=0.7867 | top1=64.40% | top2=88.55% | top3=97.12% | acc=64.29% | bal_acc=66.01% | macro_f1=0.6584 | qwk=0.7928 | mae=0.4310 | weighted_f1=0.6406 | precision_macro=0.6576 | recall_macro=0.6601
         ovr_roc_auc_macro=0.8785 | ovr_pr_auc_macro=0.6991
 No improvement. Bad epochs: 9/15

Epoch 25/60 | Time 0m 17s
  Train | loss=0.5597 | top1=91.32% | top2=99.27% | top3=99.98%
  Valid | loss=0.8447 | top1=61.62% | top2=86.83% | top3=98.05% | acc=61.62% | bal_acc=55.97% | macro_f1=0.5957 | qwk=0.7698 | mae=0.4637 | weighted_f1=0.6051 | precision_macro=0.6605 | recall_macro=0.5597
         ovr_roc_auc_macro=0.8535 | ovr_pr_auc_macro=0.6608
 No improvement. Bad epochs: 10/15

Epoch 26/60 | Time 0m 17s
  Train | loss=0.5581 | top1=91.94% | top2=99.17% | top3=100.00%
  Valid | loss=0.7884 | top1=66.36% | top2=89.18% | top3=97.36% | acc=66.22% | bal_acc=67.61% | macro_f1=0.6726 | qwk=0.8077 | mae=0.4068 | weighted_f1=0.6599 | precision_macro=0.6724 | recall_macro=0.6761
         ovr_roc_auc_macro=0.8809 | ovr_pr_auc_macro=0.7056
 No improvement. Bad epochs: 11/15

Epoch 27/60 | Time 0m 17s
  Train | loss=0.5496 | top1=92.88% | top2=99.50% | top3=99.93%
  Valid | loss=0.7978 | top1=64.19% | top2=89.25% | top3=97.48% | acc=64.04% | bal_acc=67.30% | macro_f1=0.6734 | qwk=0.8088 | mae=0.4116 | weighted_f1=0.6486 | precision_macro=0.6783 | recall_macro=0.6730
         ovr_roc_auc_macro=0.8745 | ovr_pr_auc_macro=0.6950
 No improvement. Bad epochs: 12/15

Epoch 28/60 | Time 0m 17s
  Train | loss=0.5491 | top1=93.03% | top2=99.33% | top3=99.95%
  Valid | loss=0.8017 | top1=63.59% | top2=88.10% | top3=97.24% | acc=63.44% | bal_acc=67.35% | macro_f1=0.6677 | qwk=0.8028 | mae=0.4201 | weighted_f1=0.6481 | precision_macro=0.6741 | recall_macro=0.6735
         ovr_roc_auc_macro=0.8759 | ovr_pr_auc_macro=0.7000
 No improvement. Bad epochs: 13/15

Epoch 29/60 | Time 0m 17s
  Train | loss=0.5413 | top1=94.03% | top2=99.46% | top3=99.93%
  Valid | loss=0.8272 | top1=63.17% | top2=87.68% | top3=98.44% | acc=63.08% | bal_acc=60.85% | macro_f1=0.6303 | qwk=0.7815 | mae=0.4455 | weighted_f1=0.6245 | precision_macro=0.6693 | recall_macro=0.6085
         ovr_roc_auc_macro=0.8669 | ovr_pr_auc_macro=0.6901
 No improvement. Bad epochs: 14/15

Epoch 30/60 | Time 0m 17s
  Train | loss=0.5413 | top1=94.34% | top2=99.59% | top3=99.97%
  Valid | loss=0.8143 | top1=65.18% | top2=88.46% | top3=98.08% | acc=65.01% | bal_acc=67.78% | macro_f1=0.6789 | qwk=0.8088 | mae=0.4128 | weighted_f1=0.6532 | precision_macro=0.6871 | recall_macro=0.6778
         ovr_roc_auc_macro=0.8676 | ovr_pr_auc_macro=0.6944
 No improvement. Bad epochs: 15/15
⏹ Early stopping triggered.
 Training stopped early at epoch 30.

Loading best model and evaluating on test set...
Best validation QWK: 0.8172

Test | loss=0.7247 | top1=67.41% | top2=90.79% | top3=99.16% | acc=67.33% | bal_acc=67.54% | macro_f1=0.6884 | qwk=0.8448 | mae=0.3611 | weighted_f1=0.6799 | precision_macro=0.7106 | recall_macro=0.6754
     ovr_roc_auc_macro=0.9018 | ovr_pr_auc_macro=0.7408

Evaluating on auto_test set...

AutoTest | loss=0.7147 | top1=68.14% | top2=91.05% | top3=99.15% | acc=68.02% | bal_acc=68.99% | macro_f1=0.6973 | qwk=0.8476 | mae=0.3532 | weighted_f1=0.6867 | precision_macro=0.7094 | recall_macro=0.6899
         ovr_roc_auc_macro=0.9048 | ovr_pr_auc_macro=0.7515

ResNet(layer3)+MECS+DAST Knee Osteoarthritis baseline completed!

==========================================================================================
RETURN_CODE: 0
