DATASET: KOA
METHOD: ResNet50 + DAST
SEED: 8
SCRIPT: /root/autodl-tmp/MedVisionLab/Knee/ResNet_baseline+Loss4.py
RUN_TAG: controlled_mecsb_vb_koa_adni_10seed_20260803_234110_koa_resnet50_plus_dast_seed8
DAST_TAU: 1.0
DAST_GAMMA: 1.5
COMMAND: /root/miniconda3/envs/medvision/bin/python -u /root/autodl-tmp/MedVisionLab/Knee/ResNet_baseline+Loss4.py
==========================================================================================
Starting Knee Osteoarthritis ResNet50 Baseline...
Using device: cuda
CUDA device: NVIDIA GeForce RTX 3090
Run tag: controlled_mecsb_vb_koa_adni_10seed_20260803_234110_koa_resnet50_plus_dast_seed8
Data root: /root/autodl-tmp/Knee_Osteoarthritis
Config | seed=8, img_size=224, batch_size=32, epochs=60, num_workers=2, lr_backbone=0.0001, lr_head=0.001, weight_decay=0.0001, patience=15, early_delta=0.0001
DAST config | tau=1.0000, gamma=1.5000
Class mapping from folders: {'0': 0, '1': 1, '2': 2, '3': 3, '4': 4}

Train samples: 5778
Train class distribution:
  0_Normal: 2286
  1_Doubtful: 1046
  2_Mild: 1516
  3_Moderate: 757
  4_Severe: 173

Valid samples: 826
Valid class distribution:
  0_Normal: 328
  1_Doubtful: 153
  2_Mild: 212
  3_Moderate: 106
  4_Severe: 27

Test samples: 1656
Test class distribution:
  0_Normal: 639
  1_Doubtful: 296
  2_Mild: 447
  3_Moderate: 223
  4_Severe: 51

AutoTest samples: 1526
AutoTest class distribution:
  0_Normal: 604
  1_Doubtful: 275
  2_Mild: 403
  3_Moderate: 200
  4_Severe: 44

Split sizes | train=5778, valid=826, test=1656, auto_test=1526
Loading pretrained ResNet50...
Trainable parameters: 23,518,277

[INFO] Class counts in training set: [2286 1046 1516  757  173]

[INFO] Using Distance-Aware Soft Target Loss (DAST)
       - Feature: Clinically-aware ordinal grading
       - Behavior: Allows ambiguity for adjacent grades, strongly penalizes far-away mistakes
Starting training...

Epoch 01/60 | Time 0m 15s
  Train | loss=1.0514 | top1=34.91% | top2=58.96% | top3=81.14%
  Valid | loss=1.0146 | top1=38.94% | top2=63.10% | top3=83.29% | acc=39.23% | bal_acc=19.76% | macro_f1=0.1148 | qwk=0.0447 | mae=1.1864 | weighted_f1=0.2279 | precision_macro=0.0809 | recall_macro=0.1976
         ovr_roc_auc_macro=0.6328 | ovr_pr_auc_macro=0.2735
 Initial best model saved to /root/autodl-tmp/MedVisionLab/Knee/checkpoints/best_resnet50_knee_oa_DAST_controlled_mecsb_vb_koa_adni_10seed_20260803_234110_koa_resnet50_plus_dast_seed8.pt (QWK=0.0447)

Epoch 02/60 | Time 0m 14s
  Train | loss=0.9610 | top1=45.30% | top2=68.49% | top3=86.23%
  Valid | loss=0.9191 | top1=46.03% | top2=69.35% | top3=89.54% | acc=46.37% | bal_acc=28.40% | macro_f1=0.2660 | qwk=0.4855 | mae=0.7688 | weighted_f1=0.4058 | precision_macro=0.3375 | recall_macro=0.2840
         ovr_roc_auc_macro=0.7736 | ovr_pr_auc_macro=0.4431
 Validation improved. Saved best model to /root/autodl-tmp/MedVisionLab/Knee/checkpoints/best_resnet50_knee_oa_DAST_controlled_mecsb_vb_koa_adni_10seed_20260803_234110_koa_resnet50_plus_dast_seed8.pt (QWK=0.4855)

Epoch 03/60 | Time 0m 14s
  Train | loss=0.8559 | top1=53.32% | top2=78.54% | top3=95.39%
  Valid | loss=0.8027 | top1=58.57% | top2=84.26% | top3=97.24% | acc=58.72% | bal_acc=49.73% | macro_f1=0.5195 | qwk=0.7049 | mae=0.5472 | weighted_f1=0.5577 | precision_macro=0.6026 | recall_macro=0.4973
         ovr_roc_auc_macro=0.8492 | ovr_pr_auc_macro=0.5968
 Validation improved. Saved best model to /root/autodl-tmp/MedVisionLab/Knee/checkpoints/best_resnet50_knee_oa_DAST_controlled_mecsb_vb_koa_adni_10seed_20260803_234110_koa_resnet50_plus_dast_seed8.pt (QWK=0.7049)

Epoch 04/60 | Time 0m 14s
  Train | loss=0.7870 | top1=61.21% | top2=84.42% | top3=97.72%
  Valid | loss=0.7743 | top1=62.81% | top2=85.79% | top3=97.96% | acc=62.71% | bal_acc=58.72% | macro_f1=0.5926 | qwk=0.7415 | mae=0.4976 | weighted_f1=0.5831 | precision_macro=0.6528 | recall_macro=0.5872
         ovr_roc_auc_macro=0.8639 | ovr_pr_auc_macro=0.6820
 Validation improved. Saved best model to /root/autodl-tmp/MedVisionLab/Knee/checkpoints/best_resnet50_knee_oa_DAST_controlled_mecsb_vb_koa_adni_10seed_20260803_234110_koa_resnet50_plus_dast_seed8.pt (QWK=0.7415)

Epoch 05/60 | Time 0m 14s
  Train | loss=0.7533 | top1=65.34% | top2=87.98% | top3=98.48%
  Valid | loss=0.7523 | top1=64.11% | top2=86.90% | top3=97.84% | acc=64.04% | bal_acc=65.04% | macro_f1=0.6624 | qwk=0.7848 | mae=0.4346 | weighted_f1=0.6433 | precision_macro=0.6809 | recall_macro=0.6504
         ovr_roc_auc_macro=0.8822 | ovr_pr_auc_macro=0.7235
 Validation improved. Saved best model to /root/autodl-tmp/MedVisionLab/Knee/checkpoints/best_resnet50_knee_oa_DAST_controlled_mecsb_vb_koa_adni_10seed_20260803_234110_koa_resnet50_plus_dast_seed8.pt (QWK=0.7848)

Epoch 06/60 | Time 0m 14s
  Train | loss=0.7329 | top1=66.65% | top2=89.23% | top3=98.98%
  Valid | loss=0.7453 | top1=65.00% | top2=88.19% | top3=98.08% | acc=64.77% | bal_acc=65.73% | macro_f1=0.6363 | qwk=0.7885 | mae=0.4346 | weighted_f1=0.6313 | precision_macro=0.6467 | recall_macro=0.6573
         ovr_roc_auc_macro=0.8819 | ovr_pr_auc_macro=0.7125
 Validation improved. Saved best model to /root/autodl-tmp/MedVisionLab/Knee/checkpoints/best_resnet50_knee_oa_DAST_controlled_mecsb_vb_koa_adni_10seed_20260803_234110_koa_resnet50_plus_dast_seed8.pt (QWK=0.7885)

Epoch 07/60 | Time 0m 14s
  Train | loss=0.7144 | top1=69.56% | top2=90.83% | top3=99.05%
  Valid | loss=0.7470 | top1=65.60% | top2=88.58% | top3=97.96% | acc=65.38% | bal_acc=66.52% | macro_f1=0.6353 | qwk=0.7852 | mae=0.4383 | weighted_f1=0.6288 | precision_macro=0.6381 | recall_macro=0.6652
         ovr_roc_auc_macro=0.8844 | ovr_pr_auc_macro=0.7311
 No improvement. Bad epochs: 1/15

Epoch 08/60 | Time 0m 14s
  Train | loss=0.7020 | top1=71.41% | top2=91.92% | top3=99.27%
  Valid | loss=0.7390 | top1=66.65% | top2=88.70% | top3=98.20% | acc=66.46% | bal_acc=66.05% | macro_f1=0.6444 | qwk=0.7854 | mae=0.4274 | weighted_f1=0.6424 | precision_macro=0.6722 | recall_macro=0.6605
         ovr_roc_auc_macro=0.8861 | ovr_pr_auc_macro=0.7256
 No improvement. Bad epochs: 2/15

Epoch 09/60 | Time 0m 14s
  Train | loss=0.6923 | top1=72.22% | top2=92.41% | top3=99.53%
  Valid | loss=0.8007 | top1=61.15% | top2=84.13% | top3=95.19% | acc=60.90% | bal_acc=67.57% | macro_f1=0.6370 | qwk=0.7472 | mae=0.4952 | weighted_f1=0.6064 | precision_macro=0.6263 | recall_macro=0.6757
         ovr_roc_auc_macro=0.8797 | ovr_pr_auc_macro=0.7170
 No improvement. Bad epochs: 3/15

Epoch 10/60 | Time 0m 14s
  Train | loss=0.6770 | top1=74.22% | top2=93.69% | top3=99.34%
  Valid | loss=0.7654 | top1=64.49% | top2=86.90% | top3=97.12% | acc=64.29% | bal_acc=64.72% | macro_f1=0.6180 | qwk=0.7727 | mae=0.4540 | weighted_f1=0.6168 | precision_macro=0.6349 | recall_macro=0.6472
         ovr_roc_auc_macro=0.8833 | ovr_pr_auc_macro=0.7170
 No improvement. Bad epochs: 4/15

Epoch 11/60 | Time 0m 14s
  Train | loss=0.6604 | top1=77.45% | top2=95.07% | top3=99.48%
  Valid | loss=0.7683 | top1=66.24% | top2=88.94% | top3=99.04% | acc=66.10% | bal_acc=64.30% | macro_f1=0.6343 | qwk=0.7926 | mae=0.4298 | weighted_f1=0.6225 | precision_macro=0.6545 | recall_macro=0.6430
         ovr_roc_auc_macro=0.8833 | ovr_pr_auc_macro=0.7210
 Validation improved. Saved best model to /root/autodl-tmp/MedVisionLab/Knee/checkpoints/best_resnet50_knee_oa_DAST_controlled_mecsb_vb_koa_adni_10seed_20260803_234110_koa_resnet50_plus_dast_seed8.pt (QWK=0.7926)

Epoch 12/60 | Time 0m 14s
  Train | loss=0.6515 | top1=78.56% | top2=95.26% | top3=99.64%
  Valid | loss=0.7603 | top1=65.15% | top2=88.82% | top3=98.08% | acc=65.01% | bal_acc=66.63% | macro_f1=0.6722 | qwk=0.7958 | mae=0.4262 | weighted_f1=0.6457 | precision_macro=0.6797 | recall_macro=0.6663
         ovr_roc_auc_macro=0.8791 | ovr_pr_auc_macro=0.7141
 Validation improved. Saved best model to /root/autodl-tmp/MedVisionLab/Knee/checkpoints/best_resnet50_knee_oa_DAST_controlled_mecsb_vb_koa_adni_10seed_20260803_234110_koa_resnet50_plus_dast_seed8.pt (QWK=0.7958)

Epoch 13/60 | Time 0m 14s
  Train | loss=0.6381 | top1=80.60% | top2=96.22% | top3=99.86%
  Valid | loss=0.7687 | top1=62.90% | top2=88.91% | top3=98.80% | acc=62.71% | bal_acc=65.06% | macro_f1=0.6406 | qwk=0.7955 | mae=0.4407 | weighted_f1=0.6295 | precision_macro=0.6445 | recall_macro=0.6506
         ovr_roc_auc_macro=0.8785 | ovr_pr_auc_macro=0.7130
 No improvement. Bad epochs: 1/15

Epoch 14/60 | Time 0m 14s
  Train | loss=0.6210 | top1=82.59% | top2=96.94% | top3=99.83%
  Valid | loss=0.7980 | top1=60.83% | top2=87.50% | top3=98.32% | acc=60.65% | bal_acc=65.19% | macro_f1=0.6561 | qwk=0.7988 | mae=0.4431 | weighted_f1=0.6226 | precision_macro=0.6781 | recall_macro=0.6519
         ovr_roc_auc_macro=0.8669 | ovr_pr_auc_macro=0.6894
 Validation improved. Saved best model to /root/autodl-tmp/MedVisionLab/Knee/checkpoints/best_resnet50_knee_oa_DAST_controlled_mecsb_vb_koa_adni_10seed_20260803_234110_koa_resnet50_plus_dast_seed8.pt (QWK=0.7988)

Epoch 15/60 | Time 0m 14s
  Train | loss=0.6105 | top1=84.44% | top2=97.38% | top3=99.88%
  Valid | loss=0.8109 | top1=65.18% | top2=87.02% | top3=98.08% | acc=65.01% | bal_acc=64.92% | macro_f1=0.6242 | qwk=0.7756 | mae=0.4516 | weighted_f1=0.6130 | precision_macro=0.6344 | recall_macro=0.6492
         ovr_roc_auc_macro=0.8661 | ovr_pr_auc_macro=0.6915
 No improvement. Bad epochs: 1/15

Epoch 16/60 | Time 0m 14s
  Train | loss=0.5992 | top1=86.91% | top2=97.88% | top3=99.93%
  Valid | loss=0.7955 | top1=63.95% | top2=87.98% | top3=97.72% | acc=63.80% | bal_acc=65.07% | macro_f1=0.6528 | qwk=0.7954 | mae=0.4346 | weighted_f1=0.6336 | precision_macro=0.6586 | recall_macro=0.6507
         ovr_roc_auc_macro=0.8653 | ovr_pr_auc_macro=0.6942
 No improvement. Bad epochs: 2/15

Epoch 17/60 | Time 0m 14s
  Train | loss=0.5853 | top1=88.97% | top2=98.52% | top3=99.84%
  Valid | loss=0.7962 | top1=65.78% | top2=88.07% | top3=97.84% | acc=65.62% | bal_acc=66.21% | macro_f1=0.6541 | qwk=0.7981 | mae=0.4249 | weighted_f1=0.6369 | precision_macro=0.6581 | recall_macro=0.6621
         ovr_roc_auc_macro=0.8648 | ovr_pr_auc_macro=0.6985
 No improvement. Bad epochs: 3/15

Epoch 18/60 | Time 0m 14s
  Train | loss=0.5779 | top1=89.95% | top2=98.76% | top3=99.91%
  Valid | loss=0.7894 | top1=63.41% | top2=87.62% | top3=97.36% | acc=63.20% | bal_acc=66.71% | macro_f1=0.6516 | qwk=0.7962 | mae=0.4395 | weighted_f1=0.6289 | precision_macro=0.6399 | recall_macro=0.6671
         ovr_roc_auc_macro=0.8688 | ovr_pr_auc_macro=0.6937
 No improvement. Bad epochs: 4/15

Epoch 19/60 | Time 0m 14s
  Train | loss=0.5629 | top1=92.57% | top2=99.07% | top3=100.00%
  Valid | loss=0.8134 | top1=63.89% | top2=85.82% | top3=97.24% | acc=63.68% | bal_acc=65.62% | macro_f1=0.6367 | qwk=0.7918 | mae=0.4419 | weighted_f1=0.6273 | precision_macro=0.6299 | recall_macro=0.6562
         ovr_roc_auc_macro=0.8609 | ovr_pr_auc_macro=0.6722
 No improvement. Bad epochs: 5/15

Epoch 20/60 | Time 0m 14s
  Train | loss=0.5565 | top1=93.49% | top2=99.40% | top3=99.97%
  Valid | loss=0.8061 | top1=64.13% | top2=86.42% | top3=96.63% | acc=63.92% | bal_acc=66.89% | macro_f1=0.6551 | qwk=0.7819 | mae=0.4455 | weighted_f1=0.6336 | precision_macro=0.6483 | recall_macro=0.6689
         ovr_roc_auc_macro=0.8685 | ovr_pr_auc_macro=0.6882
 No improvement. Bad epochs: 6/15

Epoch 21/60 | Time 0m 14s
  Train | loss=0.5526 | top1=93.67% | top2=99.38% | top3=99.97%
  Valid | loss=0.8153 | top1=62.24% | top2=86.42% | top3=97.72% | acc=62.11% | bal_acc=63.60% | macro_f1=0.6452 | qwk=0.7836 | mae=0.4516 | weighted_f1=0.6248 | precision_macro=0.6560 | recall_macro=0.6360
         ovr_roc_auc_macro=0.8610 | ovr_pr_auc_macro=0.6841
 No improvement. Bad epochs: 7/15

Epoch 22/60 | Time 0m 14s
  Train | loss=0.5437 | top1=95.29% | top2=99.52% | top3=99.98%
  Valid | loss=0.8173 | top1=63.98% | top2=87.86% | top3=98.56% | acc=63.80% | bal_acc=64.40% | macro_f1=0.6473 | qwk=0.7927 | mae=0.4370 | weighted_f1=0.6336 | precision_macro=0.6583 | recall_macro=0.6440
         ovr_roc_auc_macro=0.8595 | ovr_pr_auc_macro=0.6838
 No improvement. Bad epochs: 8/15

Epoch 23/60 | Time 0m 14s
  Train | loss=0.5374 | top1=96.10% | top2=99.59% | top3=99.98%
  Valid | loss=0.8062 | top1=63.50% | top2=86.90% | top3=97.84% | acc=63.32% | bal_acc=64.89% | macro_f1=0.6520 | qwk=0.7903 | mae=0.4395 | weighted_f1=0.6298 | precision_macro=0.6578 | recall_macro=0.6489
         ovr_roc_auc_macro=0.8579 | ovr_pr_auc_macro=0.6732
 No improvement. Bad epochs: 9/15

Epoch 24/60 | Time 0m 14s
  Train | loss=0.5326 | top1=96.72% | top2=99.78% | top3=100.00%
  Valid | loss=0.8332 | top1=59.90% | top2=83.39% | top3=96.63% | acc=59.81% | bal_acc=61.56% | macro_f1=0.6279 | qwk=0.7542 | mae=0.4831 | weighted_f1=0.6049 | precision_macro=0.6514 | recall_macro=0.6156
         ovr_roc_auc_macro=0.8603 | ovr_pr_auc_macro=0.6747
 No improvement. Bad epochs: 10/15

Epoch 25/60 | Time 0m 14s
  Train | loss=0.5304 | top1=96.69% | top2=99.69% | top3=99.98%
  Valid | loss=0.8212 | top1=62.90% | top2=85.46% | top3=95.55% | acc=62.71% | bal_acc=66.10% | macro_f1=0.6440 | qwk=0.7698 | mae=0.4661 | weighted_f1=0.6189 | precision_macro=0.6357 | recall_macro=0.6610
         ovr_roc_auc_macro=0.8644 | ovr_pr_auc_macro=0.6727
 No improvement. Bad epochs: 11/15

Epoch 26/60 | Time 0m 14s
  Train | loss=0.5248 | top1=97.46% | top2=99.81% | top3=100.00%
  Valid | loss=0.8268 | top1=59.23% | top2=86.54% | top3=97.24% | acc=58.96% | bal_acc=64.91% | macro_f1=0.6237 | qwk=0.7712 | mae=0.4879 | weighted_f1=0.5970 | precision_macro=0.6127 | recall_macro=0.6491
         ovr_roc_auc_macro=0.8607 | ovr_pr_auc_macro=0.6657
 No improvement. Bad epochs: 12/15

Epoch 27/60 | Time 0m 14s
  Train | loss=0.5223 | top1=97.53% | top2=99.91% | top3=100.00%
  Valid | loss=0.8172 | top1=64.64% | top2=87.14% | top3=97.36% | acc=64.53% | bal_acc=62.94% | macro_f1=0.6216 | qwk=0.7815 | mae=0.4467 | weighted_f1=0.6156 | precision_macro=0.6347 | recall_macro=0.6294
         ovr_roc_auc_macro=0.8647 | ovr_pr_auc_macro=0.6910
 No improvement. Bad epochs: 13/15

Epoch 28/60 | Time 0m 14s
  Train | loss=0.5220 | top1=97.41% | top2=99.83% | top3=100.00%
  Valid | loss=0.8098 | top1=65.01% | top2=86.78% | top3=98.44% | acc=64.89% | bal_acc=63.91% | macro_f1=0.6288 | qwk=0.7945 | mae=0.4322 | weighted_f1=0.6237 | precision_macro=0.6334 | recall_macro=0.6391
         ovr_roc_auc_macro=0.8692 | ovr_pr_auc_macro=0.6925
 No improvement. Bad epochs: 14/15

Epoch 29/60 | Time 0m 14s
  Train | loss=0.5176 | top1=98.29% | top2=99.95% | top3=99.98%
  Valid | loss=0.8118 | top1=60.04% | top2=87.62% | top3=97.96% | acc=59.81% | bal_acc=64.63% | macro_f1=0.6362 | qwk=0.7800 | mae=0.4661 | weighted_f1=0.6111 | precision_macro=0.6452 | recall_macro=0.6463
         ovr_roc_auc_macro=0.8688 | ovr_pr_auc_macro=0.6972
 No improvement. Bad epochs: 15/15
Early stopping triggered.
 Training stopped early at epoch 29.

Loading best model and evaluating on test set...
Best validation QWK: 0.7988

Test | loss=0.7648 | top1=64.46% | top2=89.94% | top3=99.16% | acc=64.37% | bal_acc=66.61% | macro_f1=0.6734 | qwk=0.8177 | mae=0.4046 | weighted_f1=0.6527 | precision_macro=0.6960 | recall_macro=0.6661
     ovr_roc_auc_macro=0.8856 | ovr_pr_auc_macro=0.7172

Evaluating on auto_test set...

AutoTest | loss=0.7545 | top1=64.89% | top2=89.62% | top3=98.89% | acc=64.74% | bal_acc=67.93% | macro_f1=0.6794 | qwk=0.8211 | mae=0.3978 | weighted_f1=0.6559 | precision_macro=0.6995 | recall_macro=0.6793
         ovr_roc_auc_macro=0.8897 | ovr_pr_auc_macro=0.7366
Summary CSV saved: /root/autodl-tmp/MedVisionLab/Knee/logs/ResNet_baseline+Loss4_controlled_mecsb_vb_koa_adni_10seed_20260803_234110_koa_resnet50_plus_dast_seed8_20260804_112634_summary.csv
Checkpoint saved: /root/autodl-tmp/MedVisionLab/Knee/checkpoints/best_resnet50_knee_oa_DAST_controlled_mecsb_vb_koa_adni_10seed_20260803_234110_koa_resnet50_plus_dast_seed8.pt

Knee Osteoarthritis ResNet50 baseline (DAST) completed!

==========================================================================================
RETURN_CODE: 0
