DATASET: ADNI
METHOD: ResNet50 + DAST
SEED: 3
SCRIPT: /root/autodl-tmp/MedVisionLab/Alzheimer_MRI_Loss/ResNet_baseline.py
RUN_TAG: controlled_mecsb_vb_koa_adni_10seed_20260803_234110_adni_resnet50_plus_dast_seed3
ALZHEIMER_LOSSES: dast
LOSS: dast
DAST_TAU: 1.0
DAST_GAMMA: 1.5
COMMAND: /root/miniconda3/envs/medvision/bin/python -u /root/autodl-tmp/MedVisionLab/Alzheimer_MRI_Loss/ResNet_baseline.py
==========================================================================================
==========================================================================================
Script: ResNet_baseline
Run tag: controlled_mecsb_vb_koa_adni_10seed_20260803_234110_adni_resnet50_plus_dast_seed3
Module: Baseline | Insert after: none
Device: cuda
CUDA: NVIDIA GeForce RTX 3090
Data root: /root/autodl-tmp/Augmented_Alzheimer_MRI/OriginalDataset
Class order: ['NonDemented', 'VeryMildDemented', 'MildDemented', 'ModerateDemented'] (used for labels/QWK/MAE/ordinal losses)
Config | seed=3, batch_size=32, epochs=60, num_workers=2, image_size=224, base_lr=0.0001, test_ratio=0.2, val_ratio_within_train=0.1, patience=15
Losses to run: ['dast']
DAST config | tau=1.0000, gamma=1.5000
==========================================================================================
Split sizes | train=4608, valid=512, test=1280
Classes (4): ['NonDemented', 'VeryMildDemented', 'MildDemented', 'ModerateDemented']
Train class counts: [2304, 1613, 645, 46]
Valid class counts: [256, 179, 72, 5]
Test class counts : [640, 448, 179, 13]
Loading torchvision ResNet50 pretrained weights once...
Pretrained state keys: 320

##########################################################################################
Starting loss: dast
##########################################################################################
Model params: 23,516,228 | pretrained loaded: 320/320 | feat_dim=2048
Criterion: DistanceAwareSoftTargetLoss
Criterion trainable params: 0
Criterion hparams | tau=1.0000, gamma=1.5000
Epoch 01/60 | Time 0m11s
  Train | loss=0.8812 | top1=32.60% | top2=63.04% | top3=82.99%
  Valid | loss=0.8570 | top1=36.91% | top2=79.88% | top3=91.02% | acc=36.91% | bal_acc=23.16% | macro_f1=0.1990 | weighted_f1=0.3341 | precision_macro=0.2015 | recall_macro=0.2316 | qwk=0.0096 | mae=0.6875
        ovr_roc_auc_macro=0.4711 | ovr_pr_auc_macro=0.2596
  -> best macro_f1 updated to 0.1990 (epoch 1)
Epoch 02/60 | Time 0m11s
  Train | loss=0.8048 | top1=43.42% | top2=84.79% | top3=94.10%
  Valid | loss=0.7886 | top1=39.65% | top2=84.96% | top3=96.48% | acc=39.65% | bal_acc=23.39% | macro_f1=0.2132 | weighted_f1=0.3697 | precision_macro=0.2010 | recall_macro=0.2339 | qwk=0.0256 | mae=0.6680
        ovr_roc_auc_macro=0.4817 | ovr_pr_auc_macro=0.2650
  -> best macro_f1 updated to 0.2132 (epoch 2)
Epoch 03/60 | Time 0m11s
  Train | loss=0.7483 | top1=48.22% | top2=85.00% | top3=98.37%
  Valid | loss=0.7392 | top1=49.22% | top2=84.96% | top3=99.02% | acc=49.22% | bal_acc=26.84% | macro_f1=0.2415 | weighted_f1=0.4331 | precision_macro=0.2284 | recall_macro=0.2684 | qwk=0.0967 | mae=0.6094
        ovr_roc_auc_macro=0.5323 | ovr_pr_auc_macro=0.2862
  -> best macro_f1 updated to 0.2415 (epoch 3)
Epoch 04/60 | Time 0m11s
  Train | loss=0.7158 | top1=51.15% | top2=85.00% | top3=99.00%
  Valid | loss=0.7138 | top1=51.37% | top2=84.96% | top3=99.02% | acc=51.37% | bal_acc=27.20% | macro_f1=0.2343 | weighted_f1=0.4278 | precision_macro=0.2379 | recall_macro=0.2720 | qwk=0.0918 | mae=0.6055
        ovr_roc_auc_macro=0.5797 | ovr_pr_auc_macro=0.3129
Epoch 05/60 | Time 0m11s
  Train | loss=0.6987 | top1=51.87% | top2=85.00% | top3=99.00%
  Valid | loss=0.6977 | top1=52.93% | top2=84.96% | top3=99.02% | acc=52.93% | bal_acc=28.57% | macro_f1=0.2542 | weighted_f1=0.4575 | precision_macro=0.2473 | recall_macro=0.2857 | qwk=0.1534 | mae=0.5703
        ovr_roc_auc_macro=0.6297 | ovr_pr_auc_macro=0.3405
  -> best macro_f1 updated to 0.2542 (epoch 5)
Epoch 06/60 | Time 0m11s
  Train | loss=0.6849 | top1=54.32% | top2=85.00% | top3=99.00%
  Valid | loss=0.6857 | top1=52.73% | top2=84.77% | top3=99.02% | acc=52.73% | bal_acc=29.77% | macro_f1=0.2732 | weighted_f1=0.4818 | precision_macro=0.2528 | recall_macro=0.2977 | qwk=0.2376 | mae=0.5352
        ovr_roc_auc_macro=0.6793 | ovr_pr_auc_macro=0.3664
  -> best macro_f1 updated to 0.2732 (epoch 6)
Epoch 07/60 | Time 0m11s
  Train | loss=0.6758 | top1=55.95% | top2=85.18% | top3=99.00%
  Valid | loss=0.6770 | top1=55.08% | top2=85.55% | top3=99.02% | acc=55.08% | bal_acc=31.45% | macro_f1=0.2889 | weighted_f1=0.5070 | precision_macro=0.2673 | recall_macro=0.3145 | qwk=0.2999 | mae=0.5000
        ovr_roc_auc_macro=0.6894 | ovr_pr_auc_macro=0.3843
  -> best macro_f1 updated to 0.2889 (epoch 7)
Epoch 08/60 | Time 0m11s
  Train | loss=0.6645 | top1=56.97% | top2=85.68% | top3=99.00%
  Valid | loss=0.6658 | top1=56.84% | top2=86.52% | top3=99.02% | acc=56.84% | bal_acc=32.87% | macro_f1=0.3017 | weighted_f1=0.5275 | precision_macro=0.2806 | recall_macro=0.3287 | qwk=0.3629 | mae=0.4668
        ovr_roc_auc_macro=0.7369 | ovr_pr_auc_macro=0.4075
  -> best macro_f1 updated to 0.3017 (epoch 8)
Epoch 09/60 | Time 0m11s
  Train | loss=0.6597 | top1=57.27% | top2=86.18% | top3=99.00%
  Valid | loss=0.6608 | top1=56.64% | top2=87.50% | top3=99.02% | acc=56.64% | bal_acc=33.11% | macro_f1=0.3033 | weighted_f1=0.5291 | precision_macro=0.2854 | recall_macro=0.3311 | qwk=0.3917 | mae=0.4570
        ovr_roc_auc_macro=0.7620 | ovr_pr_auc_macro=0.4233
  -> best macro_f1 updated to 0.3033 (epoch 9)
Epoch 10/60 | Time 0m11s
  Train | loss=0.6537 | top1=58.09% | top2=87.37% | top3=99.00%
  Valid | loss=0.6552 | top1=58.40% | top2=87.89% | top3=99.02% | acc=58.40% | bal_acc=34.07% | macro_f1=0.3122 | weighted_f1=0.5447 | precision_macro=0.2928 | recall_macro=0.3407 | qwk=0.4196 | mae=0.4395
        ovr_roc_auc_macro=0.7881 | ovr_pr_auc_macro=0.4417
  -> best macro_f1 updated to 0.3122 (epoch 10)
Epoch 11/60 | Time 0m11s
  Train | loss=0.6440 | top1=59.98% | top2=88.69% | top3=99.00%
  Valid | loss=0.6497 | top1=57.81% | top2=88.67% | top3=99.02% | acc=57.81% | bal_acc=34.41% | macro_f1=0.3181 | weighted_f1=0.5453 | precision_macro=0.4231 | recall_macro=0.3441 | qwk=0.4336 | mae=0.4375
        ovr_roc_auc_macro=0.8035 | ovr_pr_auc_macro=0.4599
  -> best macro_f1 updated to 0.3181 (epoch 11)
Epoch 12/60 | Time 0m11s
  Train | loss=0.6395 | top1=60.53% | top2=88.69% | top3=99.00%
  Valid | loss=0.6458 | top1=59.77% | top2=89.06% | top3=99.02% | acc=59.77% | bal_acc=36.88% | macro_f1=0.3658 | weighted_f1=0.5778 | precision_macro=0.4389 | recall_macro=0.3688 | qwk=0.4557 | mae=0.4297
        ovr_roc_auc_macro=0.8063 | ovr_pr_auc_macro=0.5051
  -> best macro_f1 updated to 0.3658 (epoch 12)
Epoch 13/60 | Time 0m11s
  Train | loss=0.6329 | top1=62.46% | top2=89.39% | top3=99.00%
  Valid | loss=0.6380 | top1=63.28% | top2=88.87% | top3=99.02% | acc=63.28% | bal_acc=40.09% | macro_f1=0.4013 | weighted_f1=0.6173 | precision_macro=0.4543 | recall_macro=0.4009 | qwk=0.5002 | mae=0.3965
        ovr_roc_auc_macro=0.8333 | ovr_pr_auc_macro=0.5058
  -> best macro_f1 updated to 0.4013 (epoch 13)
Epoch 14/60 | Time 0m11s
  Train | loss=0.6210 | top1=64.67% | top2=90.67% | top3=99.05%
  Valid | loss=0.6317 | top1=63.87% | top2=90.04% | top3=99.02% | acc=63.87% | bal_acc=41.97% | macro_f1=0.4215 | weighted_f1=0.6306 | precision_macro=0.4787 | recall_macro=0.4197 | qwk=0.5230 | mae=0.3848
        ovr_roc_auc_macro=0.8411 | ovr_pr_auc_macro=0.4980
  -> best macro_f1 updated to 0.4215 (epoch 14)
Epoch 15/60 | Time 0m11s
  Train | loss=0.6156 | top1=66.21% | top2=91.32% | top3=99.07%
  Valid | loss=0.6238 | top1=66.21% | top2=90.62% | top3=99.41% | acc=66.21% | bal_acc=43.76% | macro_f1=0.4468 | weighted_f1=0.6512 | precision_macro=0.4763 | recall_macro=0.4376 | qwk=0.5603 | mae=0.3691
        ovr_roc_auc_macro=0.8577 | ovr_pr_auc_macro=0.5373
  -> best macro_f1 updated to 0.4468 (epoch 15)
Epoch 16/60 | Time 0m11s
  Train | loss=0.6035 | top1=68.36% | top2=92.23% | top3=99.28%
  Valid | loss=0.6156 | top1=66.21% | top2=91.21% | top3=99.02% | acc=66.21% | bal_acc=41.76% | macro_f1=0.4238 | weighted_f1=0.6410 | precision_macro=0.4783 | recall_macro=0.4176 | qwk=0.4947 | mae=0.3848
        ovr_roc_auc_macro=0.8693 | ovr_pr_auc_macro=0.5592
Epoch 17/60 | Time 0m11s
  Train | loss=0.5923 | top1=70.18% | top2=93.51% | top3=99.41%
  Valid | loss=0.6050 | top1=70.70% | top2=91.41% | top3=99.41% | acc=70.70% | bal_acc=46.38% | macro_f1=0.4725 | weighted_f1=0.6917 | precision_macro=0.4981 | recall_macro=0.4638 | qwk=0.5804 | mae=0.3359
        ovr_roc_auc_macro=0.8896 | ovr_pr_auc_macro=0.6055
  -> best macro_f1 updated to 0.4725 (epoch 17)
Epoch 18/60 | Time 0m11s
  Train | loss=0.5814 | top1=73.37% | top2=93.88% | top3=99.41%
  Valid | loss=0.5917 | top1=71.48% | top2=91.99% | top3=99.80% | acc=71.48% | bal_acc=48.94% | macro_f1=0.4943 | weighted_f1=0.7086 | precision_macro=0.5047 | recall_macro=0.4894 | qwk=0.6408 | mae=0.3125
        ovr_roc_auc_macro=0.9013 | ovr_pr_auc_macro=0.6660
  -> best macro_f1 updated to 0.4943 (epoch 18)
Epoch 19/60 | Time 0m11s
  Train | loss=0.5669 | top1=75.30% | top2=94.86% | top3=99.67%
  Valid | loss=0.5882 | top1=72.07% | top2=92.97% | top3=99.61% | acc=72.07% | bal_acc=49.18% | macro_f1=0.4968 | weighted_f1=0.7102 | precision_macro=0.5065 | recall_macro=0.4918 | qwk=0.6255 | mae=0.3184
        ovr_roc_auc_macro=0.9060 | ovr_pr_auc_macro=0.6284
  -> best macro_f1 updated to 0.4968 (epoch 19)
Epoch 20/60 | Time 0m11s
  Train | loss=0.5586 | top1=76.87% | top2=95.70% | top3=99.65%
  Valid | loss=0.5795 | top1=74.61% | top2=94.34% | top3=99.22% | acc=74.61% | bal_acc=53.12% | macro_f1=0.5283 | weighted_f1=0.7417 | precision_macro=0.5256 | recall_macro=0.5312 | qwk=0.6911 | mae=0.2812
        ovr_roc_auc_macro=0.9162 | ovr_pr_auc_macro=0.7093
  -> best macro_f1 updated to 0.5283 (epoch 20)
Epoch 21/60 | Time 0m11s
  Train | loss=0.5433 | top1=79.75% | top2=96.64% | top3=99.78%
  Valid | loss=0.5583 | top1=77.54% | top2=94.53% | top3=99.41% | acc=77.54% | bal_acc=55.42% | macro_f1=0.5524 | weighted_f1=0.7732 | precision_macro=0.5528 | recall_macro=0.5542 | qwk=0.7366 | mae=0.2422
        ovr_roc_auc_macro=0.9343 | ovr_pr_auc_macro=0.7382
  -> best macro_f1 updated to 0.5524 (epoch 21)
Epoch 22/60 | Time 0m11s
  Train | loss=0.5362 | top1=80.71% | top2=97.14% | top3=99.80%
  Valid | loss=0.5605 | top1=77.93% | top2=94.73% | top3=99.41% | acc=77.93% | bal_acc=57.62% | macro_f1=0.5665 | weighted_f1=0.7796 | precision_macro=0.5628 | recall_macro=0.5762 | qwk=0.7499 | mae=0.2363
        ovr_roc_auc_macro=0.9393 | ovr_pr_auc_macro=0.8628
  -> best macro_f1 updated to 0.5665 (epoch 22)
Epoch 23/60 | Time 0m11s
  Train | loss=0.5201 | top1=84.18% | top2=97.61% | top3=99.80%
  Valid | loss=0.5366 | top1=81.84% | top2=96.88% | top3=99.61% | acc=81.84% | bal_acc=59.15% | macro_f1=0.5939 | weighted_f1=0.8139 | precision_macro=0.5976 | recall_macro=0.5915 | qwk=0.7944 | mae=0.1934
        ovr_roc_auc_macro=0.9530 | ovr_pr_auc_macro=0.8645
  -> best macro_f1 updated to 0.5939 (epoch 23)
Epoch 24/60 | Time 0m11s
  Train | loss=0.5143 | top1=85.00% | top2=97.66% | top3=99.85%
  Valid | loss=0.5310 | top1=81.84% | top2=96.48% | top3=100.00% | acc=81.84% | bal_acc=58.86% | macro_f1=0.5935 | weighted_f1=0.8122 | precision_macro=0.6003 | recall_macro=0.5886 | qwk=0.7791 | mae=0.1992
        ovr_roc_auc_macro=0.9573 | ovr_pr_auc_macro=0.8613
Epoch 25/60 | Time 0m11s
  Train | loss=0.5059 | top1=86.26% | top2=98.35% | top3=99.98%
  Valid | loss=0.5297 | top1=82.23% | top2=96.48% | top3=99.41% | acc=82.23% | bal_acc=59.90% | macro_f1=0.5974 | weighted_f1=0.8197 | precision_macro=0.6003 | recall_macro=0.5990 | qwk=0.7902 | mae=0.1914
        ovr_roc_auc_macro=0.9592 | ovr_pr_auc_macro=0.8909
  -> best macro_f1 updated to 0.5974 (epoch 25)
Epoch 26/60 | Time 0m11s
  Train | loss=0.4973 | top1=87.87% | top2=98.65% | top3=99.87%
  Valid | loss=0.5192 | top1=83.40% | top2=97.66% | top3=99.80% | acc=83.40% | bal_acc=64.88% | macro_f1=0.6873 | weighted_f1=0.8307 | precision_macro=0.8610 | recall_macro=0.6488 | qwk=0.8052 | mae=0.1797
        ovr_roc_auc_macro=0.9643 | ovr_pr_auc_macro=0.9117
  -> best macro_f1 updated to 0.6873 (epoch 26)
Epoch 27/60 | Time 0m11s
  Train | loss=0.4943 | top1=87.74% | top2=98.85% | top3=99.98%
  Valid | loss=0.5112 | top1=86.52% | top2=98.05% | top3=100.00% | acc=86.52% | bal_acc=68.03% | macro_f1=0.7121 | weighted_f1=0.8636 | precision_macro=0.8784 | recall_macro=0.6803 | qwk=0.8359 | mae=0.1484
        ovr_roc_auc_macro=0.9716 | ovr_pr_auc_macro=0.9154
  -> best macro_f1 updated to 0.7121 (epoch 27)
Epoch 28/60 | Time 0m11s
  Train | loss=0.4881 | top1=89.28% | top2=98.98% | top3=99.93%
  Valid | loss=0.5047 | top1=85.74% | top2=98.24% | top3=100.00% | acc=85.74% | bal_acc=67.26% | macro_f1=0.7109 | weighted_f1=0.8552 | precision_macro=0.8856 | recall_macro=0.6726 | qwk=0.8422 | mae=0.1504
        ovr_roc_auc_macro=0.9752 | ovr_pr_auc_macro=0.9405
Epoch 29/60 | Time 0m11s
  Train | loss=0.4814 | top1=90.67% | top2=99.24% | top3=99.96%
  Valid | loss=0.4987 | top1=86.33% | top2=98.44% | top3=100.00% | acc=86.33% | bal_acc=67.84% | macro_f1=0.7130 | weighted_f1=0.8608 | precision_macro=0.8813 | recall_macro=0.6784 | qwk=0.8511 | mae=0.1445
        ovr_roc_auc_macro=0.9792 | ovr_pr_auc_macro=0.9503
  -> best macro_f1 updated to 0.7130 (epoch 29)
Epoch 30/60 | Time 0m11s
  Train | loss=0.4791 | top1=91.17% | top2=99.28% | top3=99.91%
  Valid | loss=0.4949 | top1=88.09% | top2=99.22% | top3=100.00% | acc=88.09% | bal_acc=68.93% | macro_f1=0.7273 | weighted_f1=0.8780 | precision_macro=0.9001 | recall_macro=0.6893 | qwk=0.8769 | mae=0.1230
        ovr_roc_auc_macro=0.9807 | ovr_pr_auc_macro=0.9538
  -> best macro_f1 updated to 0.7273 (epoch 30)
Epoch 31/60 | Time 0m11s
  Train | loss=0.4750 | top1=92.08% | top2=99.48% | top3=99.98%
  Valid | loss=0.4988 | top1=85.94% | top2=98.63% | top3=99.80% | acc=85.94% | bal_acc=69.07% | macro_f1=0.7168 | weighted_f1=0.8594 | precision_macro=0.8822 | recall_macro=0.6907 | qwk=0.8406 | mae=0.1504
        ovr_roc_auc_macro=0.9814 | ovr_pr_auc_macro=0.9589
Epoch 32/60 | Time 0m11s
  Train | loss=0.4731 | top1=92.56% | top2=99.35% | top3=99.96%
  Valid | loss=0.4931 | top1=87.70% | top2=99.02% | top3=100.00% | acc=87.70% | bal_acc=68.53% | macro_f1=0.7228 | weighted_f1=0.8746 | precision_macro=0.8971 | recall_macro=0.6853 | qwk=0.8604 | mae=0.1309
        ovr_roc_auc_macro=0.9822 | ovr_pr_auc_macro=0.9571
Epoch 33/60 | Time 0m11s
  Train | loss=0.4670 | top1=93.49% | top2=99.70% | top3=100.00%
  Valid | loss=0.4871 | top1=89.06% | top2=99.02% | top3=100.00% | acc=89.06% | bal_acc=79.85% | macro_f1=0.8395 | weighted_f1=0.8895 | precision_macro=0.9060 | recall_macro=0.7985 | qwk=0.8793 | mae=0.1172
        ovr_roc_auc_macro=0.9851 | ovr_pr_auc_macro=0.9626
  -> best macro_f1 updated to 0.8395 (epoch 33)
Epoch 34/60 | Time 0m11s
  Train | loss=0.4617 | top1=94.66% | top2=99.61% | top3=100.00%
  Valid | loss=0.4846 | top1=90.62% | top2=98.05% | top3=100.00% | acc=90.62% | bal_acc=86.04% | macro_f1=0.8862 | weighted_f1=0.9061 | precision_macro=0.9188 | recall_macro=0.8604 | qwk=0.8824 | mae=0.1055
        ovr_roc_auc_macro=0.9864 | ovr_pr_auc_macro=0.9650
  -> best macro_f1 updated to 0.8862 (epoch 34)
Epoch 35/60 | Time 0m11s
  Train | loss=0.4605 | top1=94.68% | top2=99.57% | top3=100.00%
  Valid | loss=0.4820 | top1=90.62% | top2=98.83% | top3=100.00% | acc=90.62% | bal_acc=85.46% | macro_f1=0.8846 | weighted_f1=0.9058 | precision_macro=0.9250 | recall_macro=0.8546 | qwk=0.8854 | mae=0.1035
        ovr_roc_auc_macro=0.9881 | ovr_pr_auc_macro=0.9694
Epoch 36/60 | Time 0m11s
  Train | loss=0.4573 | top1=95.49% | top2=99.72% | top3=100.00%
  Valid | loss=0.4803 | top1=92.38% | top2=98.83% | top3=100.00% | acc=92.38% | bal_acc=93.11% | macro_f1=0.9310 | weighted_f1=0.9241 | precision_macro=0.9311 | recall_macro=0.9311 | qwk=0.9112 | mae=0.0840
        ovr_roc_auc_macro=0.9883 | ovr_pr_auc_macro=0.9711
  -> best macro_f1 updated to 0.9310 (epoch 36)
Epoch 37/60 | Time 0m11s
  Train | loss=0.4571 | top1=95.03% | top2=99.76% | top3=100.00%
  Valid | loss=0.4761 | top1=91.60% | top2=99.22% | top3=100.00% | acc=91.60% | bal_acc=91.30% | macro_f1=0.9235 | weighted_f1=0.9153 | precision_macro=0.9371 | recall_macro=0.9130 | qwk=0.9127 | mae=0.0879
        ovr_roc_auc_macro=0.9896 | ovr_pr_auc_macro=0.9737
Epoch 38/60 | Time 0m11s
  Train | loss=0.4549 | top1=95.75% | top2=99.72% | top3=100.00%
  Valid | loss=0.4746 | top1=91.60% | top2=99.22% | top3=100.00% | acc=91.60% | bal_acc=91.14% | macro_f1=0.9209 | weighted_f1=0.9154 | precision_macro=0.9337 | recall_macro=0.9114 | qwk=0.9125 | mae=0.0879
        ovr_roc_auc_macro=0.9899 | ovr_pr_auc_macro=0.9741
Epoch 39/60 | Time 0m11s
  Train | loss=0.4529 | top1=95.81% | top2=99.74% | top3=100.00%
  Valid | loss=0.4728 | top1=93.16% | top2=99.22% | top3=100.00% | acc=93.16% | bal_acc=92.92% | macro_f1=0.9375 | weighted_f1=0.9316 | precision_macro=0.9489 | recall_macro=0.9292 | qwk=0.9321 | mae=0.0703
        ovr_roc_auc_macro=0.9912 | ovr_pr_auc_macro=0.9785
  -> best macro_f1 updated to 0.9375 (epoch 39)
Epoch 40/60 | Time 0m11s
  Train | loss=0.4500 | top1=96.38% | top2=99.83% | top3=100.00%
  Valid | loss=0.4725 | top1=92.58% | top2=99.22% | top3=100.00% | acc=92.58% | bal_acc=92.04% | macro_f1=0.9297 | weighted_f1=0.9253 | precision_macro=0.9424 | recall_macro=0.9204 | qwk=0.9213 | mae=0.0781
        ovr_roc_auc_macro=0.9910 | ovr_pr_auc_macro=0.9774
Epoch 41/60 | Time 0m11s
  Train | loss=0.4499 | top1=96.18% | top2=99.72% | top3=100.00%
  Valid | loss=0.4707 | top1=92.19% | top2=99.61% | top3=100.00% | acc=92.19% | bal_acc=91.97% | macro_f1=0.9276 | weighted_f1=0.9215 | precision_macro=0.9377 | recall_macro=0.9197 | qwk=0.9183 | mae=0.0820
        ovr_roc_auc_macro=0.9912 | ovr_pr_auc_macro=0.9777
Epoch 42/60 | Time 0m11s
  Train | loss=0.4471 | top1=97.01% | top2=99.91% | top3=100.00%
  Valid | loss=0.4708 | top1=92.19% | top2=99.22% | top3=100.00% | acc=92.19% | bal_acc=92.26% | macro_f1=0.9293 | weighted_f1=0.9218 | precision_macro=0.9379 | recall_macro=0.9226 | qwk=0.9184 | mae=0.0820
        ovr_roc_auc_macro=0.9914 | ovr_pr_auc_macro=0.9777
Epoch 43/60 | Time 0m11s
  Train | loss=0.4450 | top1=97.22% | top2=99.91% | top3=100.00%
  Valid | loss=0.4691 | top1=93.55% | top2=99.22% | top3=100.00% | acc=93.55% | bal_acc=94.23% | macro_f1=0.9437 | weighted_f1=0.9357 | precision_macro=0.9452 | recall_macro=0.9423 | qwk=0.9320 | mae=0.0684
        ovr_roc_auc_macro=0.9923 | ovr_pr_auc_macro=0.9802
  -> best macro_f1 updated to 0.9437 (epoch 43)
Epoch 44/60 | Time 0m11s
  Train | loss=0.4452 | top1=97.07% | top2=99.80% | top3=100.00%
  Valid | loss=0.4674 | top1=93.55% | top2=99.61% | top3=100.00% | acc=93.55% | bal_acc=94.03% | macro_f1=0.9423 | weighted_f1=0.9357 | precision_macro=0.9448 | recall_macro=0.9403 | qwk=0.9317 | mae=0.0684
        ovr_roc_auc_macro=0.9928 | ovr_pr_auc_macro=0.9816
Epoch 45/60 | Time 0m11s
  Train | loss=0.4452 | top1=97.22% | top2=99.93% | top3=100.00%
  Valid | loss=0.4663 | top1=92.58% | top2=99.22% | top3=100.00% | acc=92.58% | bal_acc=91.79% | macro_f1=0.9279 | weighted_f1=0.9252 | precision_macro=0.9420 | recall_macro=0.9179 | qwk=0.9264 | mae=0.0762
        ovr_roc_auc_macro=0.9928 | ovr_pr_auc_macro=0.9817
Epoch 46/60 | Time 0m11s
  Train | loss=0.4442 | top1=97.63% | top2=99.98% | top3=100.00%
  Valid | loss=0.4654 | top1=93.36% | top2=99.41% | top3=100.00% | acc=93.36% | bal_acc=93.47% | macro_f1=0.9404 | weighted_f1=0.9337 | precision_macro=0.9477 | recall_macro=0.9347 | qwk=0.9345 | mae=0.0684
        ovr_roc_auc_macro=0.9933 | ovr_pr_auc_macro=0.9835
Epoch 47/60 | Time 0m11s
  Train | loss=0.4424 | top1=97.85% | top2=99.91% | top3=100.00%
  Valid | loss=0.4652 | top1=93.16% | top2=99.22% | top3=100.00% | acc=93.16% | bal_acc=92.38% | macro_f1=0.9364 | weighted_f1=0.9312 | precision_macro=0.9547 | recall_macro=0.9238 | qwk=0.9369 | mae=0.0684
        ovr_roc_auc_macro=0.9929 | ovr_pr_auc_macro=0.9822
Epoch 48/60 | Time 0m11s
  Train | loss=0.4420 | top1=97.76% | top2=99.91% | top3=100.00%
  Valid | loss=0.4647 | top1=92.77% | top2=99.80% | top3=100.00% | acc=92.77% | bal_acc=92.72% | macro_f1=0.9351 | weighted_f1=0.9274 | precision_macro=0.9446 | recall_macro=0.9272 | qwk=0.9293 | mae=0.0742
        ovr_roc_auc_macro=0.9932 | ovr_pr_auc_macro=0.9834
Epoch 49/60 | Time 0m11s
  Train | loss=0.4421 | top1=97.57% | top2=99.80% | top3=100.00%
  Valid | loss=0.4638 | top1=93.16% | top2=99.41% | top3=100.00% | acc=93.16% | bal_acc=92.54% | macro_f1=0.9366 | weighted_f1=0.9312 | precision_macro=0.9518 | recall_macro=0.9254 | qwk=0.9373 | mae=0.0684
        ovr_roc_auc_macro=0.9935 | ovr_pr_auc_macro=0.9841
Epoch 50/60 | Time 0m11s
  Train | loss=0.4418 | top1=97.85% | top2=99.83% | top3=100.00%
  Valid | loss=0.4628 | top1=93.55% | top2=99.61% | top3=100.00% | acc=93.55% | bal_acc=93.53% | macro_f1=0.9415 | weighted_f1=0.9354 | precision_macro=0.9491 | recall_macro=0.9353 | qwk=0.9364 | mae=0.0664
        ovr_roc_auc_macro=0.9940 | ovr_pr_auc_macro=0.9853
Epoch 51/60 | Time 0m11s
  Train | loss=0.4427 | top1=97.70% | top2=99.85% | top3=100.00%
  Valid | loss=0.4621 | top1=93.36% | top2=99.80% | top3=100.00% | acc=93.36% | bal_acc=93.35% | macro_f1=0.9402 | weighted_f1=0.9334 | precision_macro=0.9481 | recall_macro=0.9335 | qwk=0.9347 | mae=0.0684
        ovr_roc_auc_macro=0.9940 | ovr_pr_auc_macro=0.9848
Epoch 52/60 | Time 0m11s
  Train | loss=0.4393 | top1=98.24% | top2=99.96% | top3=100.00%
  Valid | loss=0.4620 | top1=93.75% | top2=99.80% | top3=100.00% | acc=93.75% | bal_acc=93.08% | macro_f1=0.9416 | weighted_f1=0.9370 | precision_macro=0.9556 | recall_macro=0.9308 | qwk=0.9429 | mae=0.0625
        ovr_roc_auc_macro=0.9938 | ovr_pr_auc_macro=0.9845
Epoch 53/60 | Time 0m11s
  Train | loss=0.4413 | top1=97.66% | top2=99.93% | top3=100.00%
  Valid | loss=0.4622 | top1=93.16% | top2=99.41% | top3=100.00% | acc=93.16% | bal_acc=93.41% | macro_f1=0.9404 | weighted_f1=0.9314 | precision_macro=0.9475 | recall_macro=0.9341 | qwk=0.9332 | mae=0.0703
        ovr_roc_auc_macro=0.9939 | ovr_pr_auc_macro=0.9847
Epoch 54/60 | Time 0m11s
  Train | loss=0.4393 | top1=98.18% | top2=99.93% | top3=100.00%
  Valid | loss=0.4633 | top1=93.36% | top2=99.41% | top3=100.00% | acc=93.36% | bal_acc=93.68% | macro_f1=0.9418 | weighted_f1=0.9337 | precision_macro=0.9480 | recall_macro=0.9368 | qwk=0.9347 | mae=0.0684
        ovr_roc_auc_macro=0.9940 | ovr_pr_auc_macro=0.9851
Epoch 55/60 | Time 0m11s
  Train | loss=0.4395 | top1=97.98% | top2=99.93% | top3=100.00%
  Valid | loss=0.4620 | top1=92.58% | top2=99.61% | top3=100.00% | acc=92.58% | bal_acc=92.25% | macro_f1=0.9322 | weighted_f1=0.9255 | precision_macro=0.9454 | recall_macro=0.9225 | qwk=0.9267 | mae=0.0762
        ovr_roc_auc_macro=0.9942 | ovr_pr_auc_macro=0.9855
Epoch 56/60 | Time 0m11s
  Train | loss=0.4391 | top1=98.16% | top2=99.98% | top3=100.00%
  Valid | loss=0.4632 | top1=93.16% | top2=99.41% | top3=100.00% | acc=93.16% | bal_acc=93.46% | macro_f1=0.9405 | weighted_f1=0.9315 | precision_macro=0.9473 | recall_macro=0.9346 | qwk=0.9331 | mae=0.0703
        ovr_roc_auc_macro=0.9938 | ovr_pr_auc_macro=0.9846
Epoch 57/60 | Time 0m11s
  Train | loss=0.4404 | top1=97.76% | top2=99.89% | top3=100.00%
  Valid | loss=0.4618 | top1=93.16% | top2=99.41% | top3=100.00% | acc=93.16% | bal_acc=93.21% | macro_f1=0.9390 | weighted_f1=0.9314 | precision_macro=0.9471 | recall_macro=0.9321 | qwk=0.9330 | mae=0.0703
        ovr_roc_auc_macro=0.9941 | ovr_pr_auc_macro=0.9852
Epoch 58/60 | Time 0m11s
  Train | loss=0.4415 | top1=97.70% | top2=99.78% | top3=99.98%
  Valid | loss=0.4624 | top1=92.77% | top2=99.61% | top3=100.00% | acc=92.77% | bal_acc=92.01% | macro_f1=0.9338 | weighted_f1=0.9270 | precision_macro=0.9528 | recall_macro=0.9201 | qwk=0.9335 | mae=0.0723
        ovr_roc_auc_macro=0.9939 | ovr_pr_auc_macro=0.9850
  -> early stopping triggered at epoch 58

[TEST] loss=dast
  Test | loss=0.4719 | top1=92.73% | top2=99.22% | top3=100.00% | acc=92.73% | bal_acc=83.17% | macro_f1=0.8701 | weighted_f1=0.9273 | precision_macro=0.9442 | recall_macro=0.8317 | qwk=0.9270 | mae=0.0750
        ovr_roc_auc_macro=0.9909 | ovr_pr_auc_macro=0.9681

==========================================================================================
Summary CSV saved: /root/autodl-tmp/MedVisionLab/Alzheimer_MRI_Loss/logs/ResNet_baseline_controlled_mecsb_vb_koa_adni_10seed_20260803_234110_adni_resnet50_plus_dast_seed3_20260804_051222_summary.csv
Top results by test_macro_f1:
  dast: macro_f1=0.8701, acc=92.73%, bal_acc=83.17%
Log file saved: /root/autodl-tmp/MedVisionLab/Alzheimer_MRI_Loss/logs/ResNet_baseline_controlled_mecsb_vb_koa_adni_10seed_20260803_234110_adni_resnet50_plus_dast_seed3_20260804_051222.log
==========================================================================================

==========================================================================================
RETURN_CODE: 0
