DATASET: KOA
METHOD: ResNet50 + MESC VersionB + DAST
SEED: 0
SCRIPT: /root/autodl-tmp/MedVisionLab/Knee/ResNet_layer3+MECS+Loss4.py
RUN_TAG: controlled_mecsb_vb_koa_adni_10seed_20260803_234110_koa_resnet50_plus_mesc_versionb_plus_dast_seed0
DAST_TAU: 1.0
DAST_GAMMA: 1.5
COMMAND: /root/miniconda3/envs/medvision/bin/python -u /root/autodl-tmp/MedVisionLab/tools/run_training_with_mecsb.py --script /root/autodl-tmp/MedVisionLab/Knee/ResNet_layer3+MECS+Loss4.py
==========================================================================================
MESC_IMPLEMENTATION: MECS_VersionB
ORIGINAL_SCRIPT: /root/autodl-tmp/MedVisionLab/Knee/ResNet_layer3+MECS+Loss4.py
==========================================================================================
Injected attention module: MECS_VersionB
Original training script : /root/autodl-tmp/MedVisionLab/Knee/ResNet_layer3+MECS+Loss4.py
Dataset                  : KOA
Original source modified : no
==========================================================================================
Starting ResNet(layer3)+MECS+DAST Knee Osteoarthritis Baseline...
Using device: cuda
CUDA device: NVIDIA GeForce RTX 3090
Run tag: controlled_mecsb_vb_koa_adni_10seed_20260803_234110_koa_resnet50_plus_mesc_versionb_plus_dast_seed0
Config | seed=0, batch_size=32, epochs=60, image_size=224
DAST config | tau=1.0000, gamma=1.5000
Class mapping from folders: {'0': 0, '1': 1, '2': 2, '3': 3, '4': 4}

Train samples: 5778
Train class distribution:
  0_Normal: 2286
  1_Doubtful: 1046
  2_Mild: 1516
  3_Moderate: 757
  4_Severe: 173

Valid samples: 826
Valid class distribution:
  0_Normal: 328
  1_Doubtful: 153
  2_Mild: 212
  3_Moderate: 106
  4_Severe: 27

Test samples: 1656
Test class distribution:
  0_Normal: 639
  1_Doubtful: 296
  2_Mild: 447
  3_Moderate: 223
  4_Severe: 51

AutoTest samples: 1526
AutoTest class distribution:
  0_Normal: 604
  1_Doubtful: 275
  2_Mild: 403
  3_Moderate: 200
  4_Severe: 44

Split sizes | train=5778, valid=826, test=1656, auto_test=1526
Loading ResNet50 with MECS module at layer3...
Trainable parameters: 27,305,297

[INFO] Class counts in training set: [2286 1046 1516  757  173]
[INFO] Using Clinically Distance-Aware Soft Label Loss (DAST).
Starting training...

Epoch 01/60 | Time 0m 17s
  Train | loss=1.0161 | top1=37.52% | top2=58.55% | top3=82.19%
  Valid | loss=0.9665 | top1=40.99% | top2=62.62% | top3=83.65% | acc=41.28% | bal_acc=21.33% | macro_f1=0.1438 | qwk=0.1490 | mae=1.0932 | weighted_f1=0.2681 | precision_macro=0.1561 | recall_macro=0.2133
         ovr_roc_auc_macro=0.7481 | ovr_pr_auc_macro=0.4216
 Initial best model saved to /root/autodl-tmp/MedVisionLab/Knee/checkpoints/best_resnet50_mecs_layer3_dast_knee_oa_new_controlled_mecsb_vb_koa_adni_10seed_20260803_234110_koa_resnet50_plus_mesc_versionb_plus_dast_seed0.pt (QWK=0.1490)

Epoch 02/60 | Time 0m 17s
  Train | loss=0.9096 | top1=49.44% | top2=73.49% | top3=91.19%
  Valid | loss=0.8921 | top1=49.76% | top2=74.76% | top3=93.28% | acc=50.12% | bal_acc=36.74% | macro_f1=0.3344 | qwk=0.5776 | mae=0.6985 | weighted_f1=0.4541 | precision_macro=0.3697 | recall_macro=0.3674
         ovr_roc_auc_macro=0.8052 | ovr_pr_auc_macro=0.5191
 Validation improved. Saved best model to /root/autodl-tmp/MedVisionLab/Knee/checkpoints/best_resnet50_mecs_layer3_dast_knee_oa_new_controlled_mecsb_vb_koa_adni_10seed_20260803_234110_koa_resnet50_plus_mesc_versionb_plus_dast_seed0.pt (QWK=0.5776)

Epoch 03/60 | Time 0m 17s
  Train | loss=0.8188 | top1=58.69% | top2=81.90% | top3=96.91%
  Valid | loss=0.7932 | top1=60.57% | top2=86.00% | top3=98.92% | acc=60.53% | bal_acc=55.14% | macro_f1=0.5482 | qwk=0.7077 | mae=0.5533 | weighted_f1=0.5382 | precision_macro=0.5744 | recall_macro=0.5514
         ovr_roc_auc_macro=0.8483 | ovr_pr_auc_macro=0.6461
 Validation improved. Saved best model to /root/autodl-tmp/MedVisionLab/Knee/checkpoints/best_resnet50_mecs_layer3_dast_knee_oa_new_controlled_mecsb_vb_koa_adni_10seed_20260803_234110_koa_resnet50_plus_mesc_versionb_plus_dast_seed0.pt (QWK=0.7077)

Epoch 04/60 | Time 0m 17s
  Train | loss=0.7773 | top1=62.62% | top2=85.95% | top3=98.08%
  Valid | loss=0.8008 | top1=59.50% | top2=84.23% | top3=96.51% | acc=59.32% | bal_acc=60.57% | macro_f1=0.5995 | qwk=0.7362 | mae=0.5109 | weighted_f1=0.5834 | precision_macro=0.6187 | recall_macro=0.6057
         ovr_roc_auc_macro=0.8552 | ovr_pr_auc_macro=0.6378
 Validation improved. Saved best model to /root/autodl-tmp/MedVisionLab/Knee/checkpoints/best_resnet50_mecs_layer3_dast_knee_oa_new_controlled_mecsb_vb_koa_adni_10seed_20260803_234110_koa_resnet50_plus_mesc_versionb_plus_dast_seed0.pt (QWK=0.7362)

Epoch 05/60 | Time 0m 17s
  Train | loss=0.7533 | top1=65.35% | top2=88.03% | top3=98.64%
  Valid | loss=0.7935 | top1=62.95% | top2=86.18% | top3=98.56% | acc=62.71% | bal_acc=60.55% | macro_f1=0.5540 | qwk=0.7507 | mae=0.5048 | weighted_f1=0.5585 | precision_macro=0.5833 | recall_macro=0.6055
         ovr_roc_auc_macro=0.8699 | ovr_pr_auc_macro=0.6815
 Validation improved. Saved best model to /root/autodl-tmp/MedVisionLab/Knee/checkpoints/best_resnet50_mecs_layer3_dast_knee_oa_new_controlled_mecsb_vb_koa_adni_10seed_20260803_234110_koa_resnet50_plus_mesc_versionb_plus_dast_seed0.pt (QWK=0.7507)

Epoch 06/60 | Time 0m 17s
  Train | loss=0.7358 | top1=66.77% | top2=89.33% | top3=98.67%
  Valid | loss=0.7706 | top1=62.08% | top2=86.00% | top3=98.68% | acc=61.86% | bal_acc=60.59% | macro_f1=0.6013 | qwk=0.7738 | mae=0.4709 | weighted_f1=0.5923 | precision_macro=0.6341 | recall_macro=0.6059
         ovr_roc_auc_macro=0.8681 | ovr_pr_auc_macro=0.6833
 Validation improved. Saved best model to /root/autodl-tmp/MedVisionLab/Knee/checkpoints/best_resnet50_mecs_layer3_dast_knee_oa_new_controlled_mecsb_vb_koa_adni_10seed_20260803_234110_koa_resnet50_plus_mesc_versionb_plus_dast_seed0.pt (QWK=0.7738)

Epoch 07/60 | Time 0m 17s
  Train | loss=0.7244 | top1=68.72% | top2=90.37% | top3=98.90%
  Valid | loss=0.7435 | top1=65.33% | top2=88.10% | top3=97.84% | acc=65.13% | bal_acc=65.42% | macro_f1=0.6241 | qwk=0.7826 | mae=0.4492 | weighted_f1=0.6166 | precision_macro=0.6260 | recall_macro=0.6542
         ovr_roc_auc_macro=0.8877 | ovr_pr_auc_macro=0.7184
 Validation improved. Saved best model to /root/autodl-tmp/MedVisionLab/Knee/checkpoints/best_resnet50_mecs_layer3_dast_knee_oa_new_controlled_mecsb_vb_koa_adni_10seed_20260803_234110_koa_resnet50_plus_mesc_versionb_plus_dast_seed0.pt (QWK=0.7826)

Epoch 08/60 | Time 0m 17s
  Train | loss=0.7103 | top1=70.42% | top2=91.37% | top3=99.12%
  Valid | loss=0.7565 | top1=65.01% | top2=87.98% | top3=97.60% | acc=64.89% | bal_acc=64.64% | macro_f1=0.6315 | qwk=0.7814 | mae=0.4467 | weighted_f1=0.6265 | precision_macro=0.6302 | recall_macro=0.6464
         ovr_roc_auc_macro=0.8888 | ovr_pr_auc_macro=0.7055
 No improvement. Bad epochs: 1/15

Epoch 09/60 | Time 0m 17s
  Train | loss=0.7008 | top1=71.47% | top2=92.41% | top3=99.12%
  Valid | loss=0.7681 | top1=61.58% | top2=87.14% | top3=97.48% | acc=61.38% | bal_acc=63.12% | macro_f1=0.6214 | qwk=0.7649 | mae=0.4697 | weighted_f1=0.6090 | precision_macro=0.6333 | recall_macro=0.6312
         ovr_roc_auc_macro=0.8744 | ovr_pr_auc_macro=0.6904
 No improvement. Bad epochs: 2/15

Epoch 10/60 | Time 0m 17s
  Train | loss=0.6939 | top1=72.20% | top2=92.19% | top3=99.36%
  Valid | loss=0.7479 | top1=66.74% | top2=88.94% | top3=97.96% | acc=66.59% | bal_acc=65.83% | macro_f1=0.6412 | qwk=0.7982 | mae=0.4165 | weighted_f1=0.6402 | precision_macro=0.6459 | recall_macro=0.6583
         ovr_roc_auc_macro=0.8828 | ovr_pr_auc_macro=0.6938
 Validation improved. Saved best model to /root/autodl-tmp/MedVisionLab/Knee/checkpoints/best_resnet50_mecs_layer3_dast_knee_oa_new_controlled_mecsb_vb_koa_adni_10seed_20260803_234110_koa_resnet50_plus_mesc_versionb_plus_dast_seed0.pt (QWK=0.7982)

Epoch 11/60 | Time 0m 17s
  Train | loss=0.6837 | top1=72.98% | top2=93.27% | top3=99.34%
  Valid | loss=0.8063 | top1=63.79% | top2=86.90% | top3=98.68% | acc=63.56% | bal_acc=63.17% | macro_f1=0.6186 | qwk=0.7676 | mae=0.4746 | weighted_f1=0.6050 | precision_macro=0.6546 | recall_macro=0.6317
         ovr_roc_auc_macro=0.8750 | ovr_pr_auc_macro=0.7048
 No improvement. Bad epochs: 1/15

Epoch 12/60 | Time 0m 17s
  Train | loss=0.6754 | top1=74.70% | top2=94.07% | top3=99.50%
  Valid | loss=0.7473 | top1=67.52% | top2=89.42% | top3=98.92% | acc=67.31% | bal_acc=68.06% | macro_f1=0.6568 | qwk=0.8110 | mae=0.4056 | weighted_f1=0.6520 | precision_macro=0.6566 | recall_macro=0.6806
         ovr_roc_auc_macro=0.8823 | ovr_pr_auc_macro=0.7039
 Validation improved. Saved best model to /root/autodl-tmp/MedVisionLab/Knee/checkpoints/best_resnet50_mecs_layer3_dast_knee_oa_new_controlled_mecsb_vb_koa_adni_10seed_20260803_234110_koa_resnet50_plus_mesc_versionb_plus_dast_seed0.pt (QWK=0.8110)

Epoch 13/60 | Time 0m 17s
  Train | loss=0.6669 | top1=75.14% | top2=94.56% | top3=99.55%
  Valid | loss=0.8088 | top1=63.14% | top2=85.61% | top3=98.44% | acc=63.32% | bal_acc=55.25% | macro_f1=0.5815 | qwk=0.7766 | mae=0.4528 | weighted_f1=0.6171 | precision_macro=0.6728 | recall_macro=0.5525
         ovr_roc_auc_macro=0.8688 | ovr_pr_auc_macro=0.6811
 No improvement. Bad epochs: 1/15

Epoch 14/60 | Time 0m 17s
  Train | loss=0.6546 | top1=77.80% | top2=95.08% | top3=99.67%
  Valid | loss=0.8100 | top1=62.35% | top2=83.77% | top3=95.55% | acc=62.11% | bal_acc=65.35% | macro_f1=0.6045 | qwk=0.7430 | mae=0.5073 | weighted_f1=0.5999 | precision_macro=0.6032 | recall_macro=0.6535
         ovr_roc_auc_macro=0.8677 | ovr_pr_auc_macro=0.6884
 No improvement. Bad epochs: 2/15

Epoch 15/60 | Time 0m 17s
  Train | loss=0.6455 | top1=79.12% | top2=95.79% | top3=99.62%
  Valid | loss=0.7486 | top1=65.47% | top2=89.52% | top3=98.80% | acc=65.50% | bal_acc=61.73% | macro_f1=0.6294 | qwk=0.8200 | mae=0.4007 | weighted_f1=0.6458 | precision_macro=0.6527 | recall_macro=0.6173
         ovr_roc_auc_macro=0.8867 | ovr_pr_auc_macro=0.7142
 Validation improved. Saved best model to /root/autodl-tmp/MedVisionLab/Knee/checkpoints/best_resnet50_mecs_layer3_dast_knee_oa_new_controlled_mecsb_vb_koa_adni_10seed_20260803_234110_koa_resnet50_plus_mesc_versionb_plus_dast_seed0.pt (QWK=0.8200)

Epoch 16/60 | Time 0m 17s
  Train | loss=0.6437 | top1=78.64% | top2=95.59% | top3=99.66%
  Valid | loss=0.7576 | top1=64.23% | top2=87.32% | top3=98.08% | acc=64.16% | bal_acc=63.33% | macro_f1=0.6396 | qwk=0.7884 | mae=0.4346 | weighted_f1=0.6357 | precision_macro=0.6531 | recall_macro=0.6333
         ovr_roc_auc_macro=0.8856 | ovr_pr_auc_macro=0.7045
 No improvement. Bad epochs: 1/15

Epoch 17/60 | Time 0m 17s
  Train | loss=0.6287 | top1=80.86% | top2=96.59% | top3=99.74%
  Valid | loss=0.7753 | top1=63.59% | top2=86.84% | top3=97.60% | acc=63.44% | bal_acc=64.35% | macro_f1=0.6401 | qwk=0.7806 | mae=0.4455 | weighted_f1=0.6303 | precision_macro=0.6504 | recall_macro=0.6435
         ovr_roc_auc_macro=0.8803 | ovr_pr_auc_macro=0.6958
 No improvement. Bad epochs: 2/15

Epoch 18/60 | Time 0m 17s
  Train | loss=0.6218 | top1=82.13% | top2=96.93% | top3=99.86%
  Valid | loss=0.7653 | top1=63.43% | top2=89.40% | top3=98.92% | acc=63.20% | bal_acc=64.34% | macro_f1=0.6376 | qwk=0.7925 | mae=0.4383 | weighted_f1=0.6237 | precision_macro=0.6621 | recall_macro=0.6434
         ovr_roc_auc_macro=0.8788 | ovr_pr_auc_macro=0.7142
 No improvement. Bad epochs: 3/15

Epoch 19/60 | Time 0m 17s
  Train | loss=0.6155 | top1=83.04% | top2=97.11% | top3=99.79%
  Valid | loss=0.8095 | top1=62.00% | top2=86.96% | top3=98.20% | acc=61.86% | bal_acc=61.32% | macro_f1=0.6270 | qwk=0.7911 | mae=0.4479 | weighted_f1=0.6150 | precision_macro=0.6611 | recall_macro=0.6132
         ovr_roc_auc_macro=0.8741 | ovr_pr_auc_macro=0.6919
 No improvement. Bad epochs: 4/15

Epoch 20/60 | Time 0m 17s
  Train | loss=0.6026 | top1=85.18% | top2=97.60% | top3=99.93%
  Valid | loss=0.7699 | top1=65.13% | top2=88.10% | top3=98.20% | acc=65.01% | bal_acc=66.39% | macro_f1=0.6574 | qwk=0.8122 | mae=0.4153 | weighted_f1=0.6415 | precision_macro=0.6547 | recall_macro=0.6639
         ovr_roc_auc_macro=0.8814 | ovr_pr_auc_macro=0.6969
 No improvement. Bad epochs: 5/15

Epoch 21/60 | Time 0m 17s
  Train | loss=0.5961 | top1=86.05% | top2=98.04% | top3=99.88%
  Valid | loss=0.8177 | top1=63.83% | top2=87.38% | top3=98.92% | acc=63.68% | bal_acc=62.21% | macro_f1=0.6216 | qwk=0.7858 | mae=0.4516 | weighted_f1=0.6125 | precision_macro=0.6452 | recall_macro=0.6221
         ovr_roc_auc_macro=0.8642 | ovr_pr_auc_macro=0.6753
 No improvement. Bad epochs: 6/15

Epoch 22/60 | Time 0m 17s
  Train | loss=0.5889 | top1=87.12% | top2=98.22% | top3=99.84%
  Valid | loss=0.7821 | top1=63.54% | top2=85.40% | top3=97.72% | acc=63.44% | bal_acc=63.28% | macro_f1=0.6306 | qwk=0.7750 | mae=0.4528 | weighted_f1=0.6264 | precision_macro=0.6400 | recall_macro=0.6328
         ovr_roc_auc_macro=0.8739 | ovr_pr_auc_macro=0.6861
 No improvement. Bad epochs: 7/15

Epoch 23/60 | Time 0m 17s
  Train | loss=0.5863 | top1=87.34% | top2=98.33% | top3=99.97%
  Valid | loss=0.8215 | top1=62.59% | top2=88.22% | top3=98.92% | acc=62.35% | bal_acc=62.13% | macro_f1=0.6000 | qwk=0.7763 | mae=0.4649 | weighted_f1=0.6068 | precision_macro=0.6266 | recall_macro=0.6213
         ovr_roc_auc_macro=0.8629 | ovr_pr_auc_macro=0.6874
 No improvement. Bad epochs: 8/15

Epoch 24/60 | Time 0m 17s
  Train | loss=0.5755 | top1=88.98% | top2=98.69% | top3=99.93%
  Valid | loss=0.7929 | top1=65.43% | top2=86.60% | top3=96.88% | acc=65.38% | bal_acc=65.50% | macro_f1=0.6703 | qwk=0.7927 | mae=0.4177 | weighted_f1=0.6576 | precision_macro=0.6911 | recall_macro=0.6550
         ovr_roc_auc_macro=0.8788 | ovr_pr_auc_macro=0.6921
 No improvement. Bad epochs: 9/15

Epoch 25/60 | Time 0m 17s
  Train | loss=0.5640 | top1=90.72% | top2=98.83% | top3=99.93%
  Valid | loss=0.8110 | top1=64.07% | top2=88.07% | top3=98.68% | acc=63.92% | bal_acc=63.01% | macro_f1=0.6336 | qwk=0.7939 | mae=0.4334 | weighted_f1=0.6322 | precision_macro=0.6634 | recall_macro=0.6301
         ovr_roc_auc_macro=0.8711 | ovr_pr_auc_macro=0.6749
 No improvement. Bad epochs: 10/15

Epoch 26/60 | Time 0m 17s
  Train | loss=0.5580 | top1=91.90% | top2=99.19% | top3=99.93%
  Valid | loss=0.8043 | top1=65.46% | top2=87.44% | top3=97.36% | acc=65.38% | bal_acc=65.18% | macro_f1=0.6559 | qwk=0.7897 | mae=0.4286 | weighted_f1=0.6507 | precision_macro=0.6610 | recall_macro=0.6518
         ovr_roc_auc_macro=0.8739 | ovr_pr_auc_macro=0.6829
 No improvement. Bad epochs: 11/15

Epoch 27/60 | Time 0m 17s
  Train | loss=0.5501 | top1=92.39% | top2=99.53% | top3=99.95%
  Valid | loss=0.8155 | top1=64.01% | top2=88.22% | top3=98.56% | acc=63.80% | bal_acc=63.72% | macro_f1=0.6278 | qwk=0.7975 | mae=0.4383 | weighted_f1=0.6240 | precision_macro=0.6459 | recall_macro=0.6372
         ovr_roc_auc_macro=0.8732 | ovr_pr_auc_macro=0.6843
 No improvement. Bad epochs: 12/15

Epoch 28/60 | Time 0m 17s
  Train | loss=0.5511 | top1=92.77% | top2=99.49% | top3=99.95%
  Valid | loss=0.7975 | top1=64.37% | top2=87.86% | top3=98.08% | acc=64.16% | bal_acc=66.45% | macro_f1=0.6592 | qwk=0.8150 | mae=0.4128 | weighted_f1=0.6448 | precision_macro=0.6631 | recall_macro=0.6645
         ovr_roc_auc_macro=0.8756 | ovr_pr_auc_macro=0.6920
 No improvement. Bad epochs: 13/15

Epoch 29/60 | Time 0m 17s
  Train | loss=0.5452 | top1=93.79% | top2=99.26% | top3=99.98%
  Valid | loss=0.7905 | top1=65.10% | top2=86.99% | top3=98.08% | acc=65.01% | bal_acc=64.93% | macro_f1=0.6614 | qwk=0.8107 | mae=0.4056 | weighted_f1=0.6562 | precision_macro=0.6778 | recall_macro=0.6493
         ovr_roc_auc_macro=0.8816 | ovr_pr_auc_macro=0.7032
 No improvement. Bad epochs: 14/15

Epoch 30/60 | Time 0m 17s
  Train | loss=0.5405 | top1=94.20% | top2=99.41% | top3=99.97%
  Valid | loss=0.8091 | top1=63.71% | top2=88.46% | top3=97.84% | acc=63.56% | bal_acc=65.79% | macro_f1=0.6538 | qwk=0.8032 | mae=0.4274 | weighted_f1=0.6405 | precision_macro=0.6586 | recall_macro=0.6579
         ovr_roc_auc_macro=0.8736 | ovr_pr_auc_macro=0.6858
 No improvement. Bad epochs: 15/15
⏹ Early stopping triggered.
 Training stopped early at epoch 30.

Loading best model and evaluating on test set...
Best validation QWK: 0.8200

Test | loss=0.7320 | top1=69.01% | top2=89.94% | top3=99.10% | acc=68.96% | bal_acc=65.78% | macro_f1=0.6730 | qwk=0.8380 | mae=0.3629 | weighted_f1=0.6771 | precision_macro=0.7093 | recall_macro=0.6578
     ovr_roc_auc_macro=0.8996 | ovr_pr_auc_macro=0.7277

Evaluating on auto_test set...

AutoTest | loss=0.7156 | top1=69.54% | top2=90.79% | top3=99.22% | acc=69.46% | bal_acc=66.94% | macro_f1=0.6829 | qwk=0.8447 | mae=0.3519 | weighted_f1=0.6819 | precision_macro=0.7150 | recall_macro=0.6694
         ovr_roc_auc_macro=0.9055 | ovr_pr_auc_macro=0.7448

ResNet(layer3)+MECS+DAST Knee Osteoarthritis baseline completed!

==========================================================================================
RETURN_CODE: 0
