DATASET: KOA
METHOD: ResNet50
SEED: 0
SCRIPT: /root/autodl-tmp/MedVisionLab/Knee/ResNet_baseline.py
RUN_TAG: controlled_mecsb_vb_koa_adni_10seed_20260803_234110_koa_resnet50_seed0
COMMAND: /root/miniconda3/envs/medvision/bin/python -u /root/autodl-tmp/MedVisionLab/Knee/ResNet_baseline.py
==========================================================================================
Starting Knee Osteoarthritis ResNet50 Baseline...
Using device: cuda
CUDA device: NVIDIA GeForce RTX 3090
Run tag: controlled_mecsb_vb_koa_adni_10seed_20260803_234110_koa_resnet50_seed0
Config | seed=0, batch_size=32, epochs=60, image_size=224
Class mapping from folders: {'0': 0, '1': 1, '2': 2, '3': 3, '4': 4}

Train samples: 5778
Train class distribution:
  0_Normal: 2286
  1_Doubtful: 1046
  2_Mild: 1516
  3_Moderate: 757
  4_Severe: 173

Valid samples: 826
Valid class distribution:
  0_Normal: 328
  1_Doubtful: 153
  2_Mild: 212
  3_Moderate: 106
  4_Severe: 27

Test samples: 1656
Test class distribution:
  0_Normal: 639
  1_Doubtful: 296
  2_Mild: 447
  3_Moderate: 223
  4_Severe: 51

AutoTest samples: 1526
AutoTest class distribution:
  0_Normal: 604
  1_Doubtful: 275
  2_Mild: 403
  3_Moderate: 200
  4_Severe: 44

Split sizes | train=5778, valid=826, test=1656, auto_test=1526
Loading pretrained ResNet50...
Trainable parameters: 23,518,277

[INFO] Class counts in training set: [2286 1046 1516  757  173]
[INFO] Using Standard CrossEntropyLoss (No class weights).
Starting training...

Epoch 01/60 | Time 0m 14s
  Train | loss=1.4304 | top1=39.04% | top2=65.29% | top3=83.58%
  Valid | loss=1.3822 | top1=39.42% | top2=64.66% | top3=83.89% | acc=39.71% | bal_acc=20.00% | macro_f1=0.1138 | qwk=-0.0004 | mae=1.2143 | weighted_f1=0.2259 | precision_macro=0.0795 | recall_macro=0.2000
         ovr_roc_auc_macro=0.6312 | ovr_pr_auc_macro=0.2886
 Initial best model saved to /root/autodl-tmp/MedVisionLab/Knee/checkpoints/best_resnet50_knee_oa_standard_ce_controlled_mecsb_vb_koa_adni_10seed_20260803_234110_koa_resnet50_seed0.pt (QWK=-0.0004)

Epoch 02/60 | Time 0m 13s
  Train | loss=1.3074 | top1=43.02% | top2=67.83% | top3=86.36%
  Valid | loss=1.2178 | top1=48.56% | top2=73.68% | top3=89.57% | acc=48.91% | bal_acc=29.90% | macro_f1=0.2606 | qwk=0.5096 | mae=0.7567 | weighted_f1=0.4033 | precision_macro=0.2857 | recall_macro=0.2990
         ovr_roc_auc_macro=0.7557 | ovr_pr_auc_macro=0.4252
 Validation improved. Saved best model to /root/autodl-tmp/MedVisionLab/Knee/checkpoints/best_resnet50_knee_oa_standard_ce_controlled_mecsb_vb_koa_adni_10seed_20260803_234110_koa_resnet50_seed0.pt (QWK=0.5096)

Epoch 03/60 | Time 0m 13s
  Train | loss=1.0939 | top1=53.88% | top2=79.02% | top3=94.34%
  Valid | loss=1.0886 | top1=52.03% | top2=77.69% | top3=93.60% | acc=52.30% | bal_acc=40.83% | macro_f1=0.3851 | qwk=0.5738 | mae=0.6985 | weighted_f1=0.4721 | precision_macro=0.5236 | recall_macro=0.4083
         ovr_roc_auc_macro=0.8158 | ovr_pr_auc_macro=0.5061
 Validation improved. Saved best model to /root/autodl-tmp/MedVisionLab/Knee/checkpoints/best_resnet50_knee_oa_standard_ce_controlled_mecsb_vb_koa_adni_10seed_20260803_234110_koa_resnet50_seed0.pt (QWK=0.5738)

Epoch 04/60 | Time 0m 13s
  Train | loss=0.9100 | top1=61.99% | top2=85.26% | top3=97.77%
  Valid | loss=0.9167 | top1=60.76% | top2=86.00% | top3=98.20% | acc=60.53% | bal_acc=57.48% | macro_f1=0.5400 | qwk=0.7496 | mae=0.5024 | weighted_f1=0.5619 | precision_macro=0.6097 | recall_macro=0.5748
         ovr_roc_auc_macro=0.8567 | ovr_pr_auc_macro=0.6518
 Validation improved. Saved best model to /root/autodl-tmp/MedVisionLab/Knee/checkpoints/best_resnet50_knee_oa_standard_ce_controlled_mecsb_vb_koa_adni_10seed_20260803_234110_koa_resnet50_seed0.pt (QWK=0.7496)

Epoch 05/60 | Time 0m 13s
  Train | loss=0.8140 | top1=65.94% | top2=87.65% | top3=98.69%
  Valid | loss=0.8370 | top1=65.18% | top2=88.58% | top3=98.20% | acc=65.01% | bal_acc=65.45% | macro_f1=0.6391 | qwk=0.7814 | mae=0.4443 | weighted_f1=0.6315 | precision_macro=0.6384 | recall_macro=0.6545
         ovr_roc_auc_macro=0.8791 | ovr_pr_auc_macro=0.6917
 Validation improved. Saved best model to /root/autodl-tmp/MedVisionLab/Knee/checkpoints/best_resnet50_knee_oa_standard_ce_controlled_mecsb_vb_koa_adni_10seed_20260803_234110_koa_resnet50_seed0.pt (QWK=0.7814)

Epoch 06/60 | Time 0m 13s
  Train | loss=0.7652 | top1=68.30% | top2=89.25% | top3=98.81%
  Valid | loss=0.8744 | top1=61.21% | top2=84.86% | top3=97.60% | acc=61.02% | bal_acc=65.89% | macro_f1=0.6445 | qwk=0.7657 | mae=0.4782 | weighted_f1=0.6139 | precision_macro=0.6361 | recall_macro=0.6589
         ovr_roc_auc_macro=0.8739 | ovr_pr_auc_macro=0.7107
 No improvement. Bad epochs: 1/15

Epoch 07/60 | Time 0m 13s
  Train | loss=0.7112 | top1=69.91% | top2=90.89% | top3=99.22%
  Valid | loss=0.9029 | top1=64.62% | top2=87.44% | top3=97.48% | acc=64.53% | bal_acc=63.33% | macro_f1=0.5996 | qwk=0.7591 | mae=0.4782 | weighted_f1=0.5845 | precision_macro=0.6338 | recall_macro=0.6333
         ovr_roc_auc_macro=0.8764 | ovr_pr_auc_macro=0.7028
 No improvement. Bad epochs: 2/15

Epoch 08/60 | Time 0m 13s
  Train | loss=0.6645 | top1=71.81% | top2=92.00% | top3=99.29%
  Valid | loss=0.8686 | top1=64.58% | top2=88.82% | top3=98.92% | acc=64.41% | bal_acc=66.84% | macro_f1=0.6716 | qwk=0.7957 | mae=0.4249 | weighted_f1=0.6492 | precision_macro=0.6815 | recall_macro=0.6684
         ovr_roc_auc_macro=0.8769 | ovr_pr_auc_macro=0.7016
 Validation improved. Saved best model to /root/autodl-tmp/MedVisionLab/Knee/checkpoints/best_resnet50_knee_oa_standard_ce_controlled_mecsb_vb_koa_adni_10seed_20260803_234110_koa_resnet50_seed0.pt (QWK=0.7957)

Epoch 09/60 | Time 0m 13s
  Train | loss=0.6381 | top1=72.52% | top2=92.20% | top3=99.38%
  Valid | loss=0.8429 | top1=67.10% | top2=89.64% | top3=98.80% | acc=66.95% | bal_acc=65.76% | macro_f1=0.6463 | qwk=0.8012 | mae=0.4128 | weighted_f1=0.6424 | precision_macro=0.6660 | recall_macro=0.6576
         ovr_roc_auc_macro=0.8809 | ovr_pr_auc_macro=0.7186
 Validation improved. Saved best model to /root/autodl-tmp/MedVisionLab/Knee/checkpoints/best_resnet50_knee_oa_standard_ce_controlled_mecsb_vb_koa_adni_10seed_20260803_234110_koa_resnet50_seed0.pt (QWK=0.8012)

Epoch 10/60 | Time 0m 13s
  Train | loss=0.5751 | top1=76.45% | top2=94.11% | top3=99.53%
  Valid | loss=0.9119 | top1=64.59% | top2=88.07% | top3=98.92% | acc=64.53% | bal_acc=61.94% | macro_f1=0.6483 | qwk=0.7982 | mae=0.4189 | weighted_f1=0.6373 | precision_macro=0.6967 | recall_macro=0.6194
         ovr_roc_auc_macro=0.8783 | ovr_pr_auc_macro=0.7107
 No improvement. Bad epochs: 1/15

Epoch 11/60 | Time 0m 14s
  Train | loss=0.5350 | top1=77.92% | top2=95.17% | top3=99.67%
  Valid | loss=0.9716 | top1=63.35% | top2=88.19% | top3=98.44% | acc=63.20% | bal_acc=64.10% | macro_f1=0.6532 | qwk=0.7853 | mae=0.4443 | weighted_f1=0.6339 | precision_macro=0.6698 | recall_macro=0.6410
         ovr_roc_auc_macro=0.8648 | ovr_pr_auc_macro=0.6837
 No improvement. Bad epochs: 2/15

Epoch 12/60 | Time 0m 14s
  Train | loss=0.4763 | top1=81.12% | top2=95.61% | top3=99.83%
  Valid | loss=0.9372 | top1=65.99% | top2=88.94% | top3=98.32% | acc=65.86% | bal_acc=65.91% | macro_f1=0.6500 | qwk=0.7869 | mae=0.4298 | weighted_f1=0.6400 | precision_macro=0.6551 | recall_macro=0.6591
         ovr_roc_auc_macro=0.8830 | ovr_pr_auc_macro=0.7208
 No improvement. Bad epochs: 3/15

Epoch 13/60 | Time 0m 13s
  Train | loss=0.4369 | top1=82.76% | top2=96.57% | top3=99.84%
  Valid | loss=1.0104 | top1=64.67% | top2=88.43% | top3=98.56% | acc=64.53% | bal_acc=66.08% | macro_f1=0.6628 | qwk=0.7887 | mae=0.4310 | weighted_f1=0.6450 | precision_macro=0.6664 | recall_macro=0.6608
         ovr_roc_auc_macro=0.8762 | ovr_pr_auc_macro=0.7038
 No improvement. Bad epochs: 4/15

Epoch 14/60 | Time 0m 13s
  Train | loss=0.3911 | top1=85.28% | top2=97.13% | top3=99.88%
  Valid | loss=1.1194 | top1=64.28% | top2=87.50% | top3=98.32% | acc=64.04% | bal_acc=64.53% | macro_f1=0.6045 | qwk=0.7818 | mae=0.4564 | weighted_f1=0.6047 | precision_macro=0.5974 | recall_macro=0.6453
         ovr_roc_auc_macro=0.8728 | ovr_pr_auc_macro=0.6929
 No improvement. Bad epochs: 5/15

Epoch 15/60 | Time 0m 13s
  Train | loss=0.3529 | top1=86.64% | top2=97.43% | top3=99.86%
  Valid | loss=1.1608 | top1=60.59% | top2=86.18% | top3=97.96% | acc=60.41% | bal_acc=64.28% | macro_f1=0.6199 | qwk=0.7675 | mae=0.4891 | weighted_f1=0.6033 | precision_macro=0.6081 | recall_macro=0.6428
         ovr_roc_auc_macro=0.8710 | ovr_pr_auc_macro=0.6805
 No improvement. Bad epochs: 6/15

Epoch 16/60 | Time 0m 13s
  Train | loss=0.3050 | top1=88.39% | top2=98.05% | top3=99.91%
  Valid | loss=1.1809 | top1=63.98% | top2=86.87% | top3=98.68% | acc=63.80% | bal_acc=63.46% | macro_f1=0.6222 | qwk=0.7920 | mae=0.4443 | weighted_f1=0.6181 | precision_macro=0.6283 | recall_macro=0.6346
         ovr_roc_auc_macro=0.8657 | ovr_pr_auc_macro=0.6871
 No improvement. Bad epochs: 7/15

Epoch 17/60 | Time 0m 13s
  Train | loss=0.2600 | top1=90.16% | top2=98.48% | top3=99.86%
  Valid | loss=1.2743 | top1=62.11% | top2=87.26% | top3=98.32% | acc=61.86% | bal_acc=63.55% | macro_f1=0.6057 | qwk=0.7863 | mae=0.4600 | weighted_f1=0.6044 | precision_macro=0.6048 | recall_macro=0.6355
         ovr_roc_auc_macro=0.8621 | ovr_pr_auc_macro=0.6768
 No improvement. Bad epochs: 8/15

Epoch 18/60 | Time 0m 14s
  Train | loss=0.2298 | top1=91.34% | top2=98.77% | top3=99.97%
  Valid | loss=1.4461 | top1=62.12% | top2=86.87% | top3=98.56% | acc=61.99% | bal_acc=62.08% | macro_f1=0.6250 | qwk=0.7787 | mae=0.4625 | weighted_f1=0.6118 | precision_macro=0.6315 | recall_macro=0.6208
         ovr_roc_auc_macro=0.8613 | ovr_pr_auc_macro=0.6732
 No improvement. Bad epochs: 9/15

Epoch 19/60 | Time 0m 14s
  Train | loss=0.2009 | top1=92.58% | top2=99.08% | top3=99.98%
  Valid | loss=1.3291 | top1=64.67% | top2=87.50% | top3=99.04% | acc=64.53% | bal_acc=62.74% | macro_f1=0.6222 | qwk=0.7865 | mae=0.4358 | weighted_f1=0.6290 | precision_macro=0.6385 | recall_macro=0.6274
         ovr_roc_auc_macro=0.8726 | ovr_pr_auc_macro=0.6979
 No improvement. Bad epochs: 10/15

Epoch 20/60 | Time 0m 13s
  Train | loss=0.1700 | top1=93.69% | top2=99.14% | top3=99.95%
  Valid | loss=1.5390 | top1=62.00% | top2=85.07% | top3=97.96% | acc=61.86% | bal_acc=62.68% | macro_f1=0.6137 | qwk=0.7614 | mae=0.4818 | weighted_f1=0.6050 | precision_macro=0.6117 | recall_macro=0.6268
         ovr_roc_auc_macro=0.8609 | ovr_pr_auc_macro=0.6609
 No improvement. Bad epochs: 11/15

Epoch 21/60 | Time 0m 13s
  Train | loss=0.1723 | top1=93.73% | top2=99.05% | top3=99.97%
  Valid | loss=1.6183 | top1=65.21% | top2=84.74% | top3=98.32% | acc=65.01% | bal_acc=64.46% | macro_f1=0.6239 | qwk=0.7777 | mae=0.4455 | weighted_f1=0.6182 | precision_macro=0.6357 | recall_macro=0.6446
         ovr_roc_auc_macro=0.8590 | ovr_pr_auc_macro=0.6748
 No improvement. Bad epochs: 12/15

Epoch 22/60 | Time 0m 13s
  Train | loss=0.1359 | top1=94.90% | top2=99.26% | top3=99.98%
  Valid | loss=1.5802 | top1=60.95% | top2=87.74% | top3=98.56% | acc=60.77% | bal_acc=61.26% | macro_f1=0.6151 | qwk=0.7715 | mae=0.4782 | weighted_f1=0.6004 | precision_macro=0.6210 | recall_macro=0.6126
         ovr_roc_auc_macro=0.8604 | ovr_pr_auc_macro=0.6699
 No improvement. Bad epochs: 13/15

Epoch 23/60 | Time 0m 13s
  Train | loss=0.1186 | top1=95.90% | top2=99.48% | top3=99.98%
  Valid | loss=1.7095 | top1=59.74% | top2=87.32% | top3=98.92% | acc=59.56% | bal_acc=60.66% | macro_f1=0.6090 | qwk=0.7687 | mae=0.4855 | weighted_f1=0.5973 | precision_macro=0.6227 | recall_macro=0.6066
         ovr_roc_auc_macro=0.8541 | ovr_pr_auc_macro=0.6641
 No improvement. Bad epochs: 14/15

Epoch 24/60 | Time 0m 13s
  Train | loss=0.1075 | top1=96.20% | top2=99.62% | top3=100.00%
  Valid | loss=1.9709 | top1=63.80% | top2=87.83% | top3=97.84% | acc=63.68% | bal_acc=63.26% | macro_f1=0.6261 | qwk=0.7765 | mae=0.4637 | weighted_f1=0.6098 | precision_macro=0.6413 | recall_macro=0.6326
         ovr_roc_auc_macro=0.8604 | ovr_pr_auc_macro=0.6859
 No improvement. Bad epochs: 15/15
⏹ Early stopping triggered.
 Training stopped early at epoch 24.

Loading best model and evaluating on test set...
Best validation QWK: 0.8012

Test | loss=0.7942 | top1=68.63% | top2=89.28% | top3=99.40% | acc=68.54% | bal_acc=66.72% | macro_f1=0.6665 | qwk=0.8124 | mae=0.3931 | weighted_f1=0.6580 | precision_macro=0.6877 | recall_macro=0.6672
     ovr_roc_auc_macro=0.8961 | ovr_pr_auc_macro=0.7375

Evaluating on auto_test set...

AutoTest | loss=0.7601 | top1=69.44% | top2=90.23% | top3=99.41% | acc=69.27% | bal_acc=67.26% | macro_f1=0.6667 | qwk=0.8179 | mae=0.3801 | weighted_f1=0.6645 | precision_macro=0.6857 | recall_macro=0.6726
         ovr_roc_auc_macro=0.8979 | ovr_pr_auc_macro=0.7457

Knee Osteoarthritis ResNet50 baseline completed!

==========================================================================================
RETURN_CODE: 0
