DATASET: ADNI
METHOD: ResNet50 + MESC VersionB + DAST
SEED: 1
SCRIPT: /root/autodl-tmp/MedVisionLab/Alzheimer_MRI_Loss/ResNet_layer3+MECS.py
RUN_TAG: controlled_mecsb_vb_koa_adni_10seed_20260803_234110_adni_resnet50_plus_mesc_versionb_plus_dast_seed1
ALZHEIMER_LOSSES: dast
LOSS: dast
DAST_TAU: 1.0
DAST_GAMMA: 1.5
COMMAND: /root/miniconda3/envs/medvision/bin/python -u /root/autodl-tmp/MedVisionLab/tools/run_training_with_mecsb.py --script /root/autodl-tmp/MedVisionLab/Alzheimer_MRI_Loss/ResNet_layer3+MECS.py
==========================================================================================
MESC_IMPLEMENTATION: MECS_VersionB
ORIGINAL_SCRIPT: /root/autodl-tmp/MedVisionLab/Alzheimer_MRI_Loss/ResNet_layer3+MECS.py
==========================================================================================
Injected attention module: MECS_VersionB
Original training script : /root/autodl-tmp/MedVisionLab/Alzheimer_MRI_Loss/ResNet_layer3+MECS.py
Dataset                  : ADNI
Original source modified : no
==========================================================================================
==========================================================================================
Script: ResNet_layer3+MECS
Run tag: controlled_mecsb_vb_koa_adni_10seed_20260803_234110_adni_resnet50_plus_mesc_versionb_plus_dast_seed1
Module: MECS VersionB | Insert after: layer3
Device: cuda
CUDA: NVIDIA GeForce RTX 3090
Data root: /root/autodl-tmp/Augmented_Alzheimer_MRI/OriginalDataset
Class order: ['NonDemented', 'VeryMildDemented', 'MildDemented', 'ModerateDemented'] (used for labels/QWK/MAE/ordinal losses)
Config | seed=1, batch_size=32, epochs=60, num_workers=2, image_size=224, base_lr=0.0001, test_ratio=0.2, val_ratio_within_train=0.1, patience=15
Losses to run: ['dast']
DAST config | tau=1.0000, gamma=1.5000
==========================================================================================
Split sizes | train=4608, valid=512, test=1280
Classes (4): ['NonDemented', 'VeryMildDemented', 'MildDemented', 'ModerateDemented']
Train class counts: [2304, 1613, 645, 46]
Valid class counts: [256, 179, 72, 5]
Test class counts : [640, 448, 179, 13]
Loading torchvision ResNet50 pretrained weights once...
Pretrained state keys: 320

##########################################################################################
Starting loss: dast
##########################################################################################
Model params: 27,303,248 | pretrained loaded: 320/346 | feat_dim=2048
Criterion: DistanceAwareSoftTargetLoss
Criterion trainable params: 0
Criterion hparams | tau=1.0000, gamma=1.5000
Epoch 01/60 | Time 0m14s
  Train | loss=0.8494 | top1=45.29% | top2=78.62% | top3=94.01%
  Valid | loss=0.7948 | top1=50.78% | top2=84.96% | top3=99.22% | acc=50.78% | bal_acc=26.86% | macro_f1=0.2310 | weighted_f1=0.4219 | precision_macro=0.2365 | recall_macro=0.2686 | qwk=0.0627 | mae=0.6191
        ovr_roc_auc_macro=0.5714 | ovr_pr_auc_macro=0.2780
  -> best macro_f1 updated to 0.2310 (epoch 1)
Epoch 02/60 | Time 0m13s
  Train | loss=0.7522 | top1=50.65% | top2=85.00% | top3=98.96%
  Valid | loss=0.7204 | top1=51.37% | top2=84.96% | top3=99.02% | acc=51.37% | bal_acc=26.48% | macro_f1=0.2110 | weighted_f1=0.3960 | precision_macro=0.2454 | recall_macro=0.2648 | qwk=0.0519 | mae=0.6270
        ovr_roc_auc_macro=0.6472 | ovr_pr_auc_macro=0.3213
Epoch 03/60 | Time 0m13s
  Train | loss=0.7076 | top1=52.06% | top2=85.00% | top3=99.00%
  Valid | loss=0.6973 | top1=52.73% | top2=84.96% | top3=99.02% | acc=52.73% | bal_acc=29.52% | macro_f1=0.2703 | weighted_f1=0.4785 | precision_macro=0.2504 | recall_macro=0.2952 | qwk=0.2468 | mae=0.5371
        ovr_roc_auc_macro=0.7233 | ovr_pr_auc_macro=0.3931
  -> best macro_f1 updated to 0.2703 (epoch 3)
Epoch 04/60 | Time 0m13s
  Train | loss=0.6810 | top1=55.84% | top2=85.03% | top3=99.00%
  Valid | loss=0.6683 | top1=56.25% | top2=85.16% | top3=99.02% | acc=56.25% | bal_acc=32.45% | macro_f1=0.2980 | weighted_f1=0.5215 | precision_macro=0.2768 | recall_macro=0.3245 | qwk=0.3556 | mae=0.4746
        ovr_roc_auc_macro=0.7764 | ovr_pr_auc_macro=0.4700
  -> best macro_f1 updated to 0.2980 (epoch 4)
Epoch 05/60 | Time 0m13s
  Train | loss=0.6627 | top1=57.20% | top2=85.74% | top3=99.00%
  Valid | loss=0.6565 | top1=56.64% | top2=87.70% | top3=99.02% | acc=56.64% | bal_acc=33.40% | macro_f1=0.3048 | weighted_f1=0.5300 | precision_macro=0.2894 | recall_macro=0.3340 | qwk=0.3900 | mae=0.4570
        ovr_roc_auc_macro=0.8034 | ovr_pr_auc_macro=0.5085
  -> best macro_f1 updated to 0.3048 (epoch 5)
Epoch 06/60 | Time 0m13s
  Train | loss=0.6537 | top1=58.09% | top2=87.52% | top3=99.00%
  Valid | loss=0.6474 | top1=59.57% | top2=88.28% | top3=99.02% | acc=59.57% | bal_acc=35.25% | macro_f1=0.3211 | weighted_f1=0.5576 | precision_macro=0.3059 | recall_macro=0.3525 | qwk=0.4375 | mae=0.4238
        ovr_roc_auc_macro=0.8136 | ovr_pr_auc_macro=0.4862
  -> best macro_f1 updated to 0.3211 (epoch 6)
Epoch 07/60 | Time 0m13s
  Train | loss=0.6407 | top1=59.83% | top2=89.30% | top3=99.00%
  Valid | loss=0.6533 | top1=56.64% | top2=86.72% | top3=99.02% | acc=56.64% | bal_acc=34.66% | macro_f1=0.3144 | weighted_f1=0.5336 | precision_macro=0.4356 | recall_macro=0.3466 | qwk=0.4054 | mae=0.4473
        ovr_roc_auc_macro=0.8200 | ovr_pr_auc_macro=0.4893
Epoch 08/60 | Time 0m13s
  Train | loss=0.6284 | top1=61.61% | top2=90.71% | top3=99.00%
  Valid | loss=0.6330 | top1=61.72% | top2=91.21% | top3=99.02% | acc=61.72% | bal_acc=38.89% | macro_f1=0.3951 | weighted_f1=0.5991 | precision_macro=0.4508 | recall_macro=0.3889 | qwk=0.4983 | mae=0.4121
        ovr_roc_auc_macro=0.8346 | ovr_pr_auc_macro=0.5392
  -> best macro_f1 updated to 0.3951 (epoch 8)
Epoch 09/60 | Time 0m13s
  Train | loss=0.6169 | top1=64.39% | top2=91.78% | top3=98.98%
  Valid | loss=0.6138 | top1=68.16% | top2=91.02% | top3=98.83% | acc=68.16% | bal_acc=46.20% | macro_f1=0.4686 | weighted_f1=0.6767 | precision_macro=0.4933 | recall_macro=0.4620 | qwk=0.6081 | mae=0.3398
        ovr_roc_auc_macro=0.8611 | ovr_pr_auc_macro=0.6209
  -> best macro_f1 updated to 0.4686 (epoch 9)
Epoch 10/60 | Time 0m13s
  Train | loss=0.6066 | top1=67.56% | top2=91.95% | top3=99.24%
  Valid | loss=0.6039 | top1=71.09% | top2=90.43% | top3=99.61% | acc=71.09% | bal_acc=53.36% | macro_f1=0.5166 | weighted_f1=0.7150 | precision_macro=0.5117 | recall_macro=0.5336 | qwk=0.6741 | mae=0.3125
        ovr_roc_auc_macro=0.8989 | ovr_pr_auc_macro=0.7046
  -> best macro_f1 updated to 0.5166 (epoch 10)
Epoch 11/60 | Time 0m13s
  Train | loss=0.5836 | top1=71.68% | top2=93.86% | top3=99.54%
  Valid | loss=0.5826 | top1=71.09% | top2=93.55% | top3=99.80% | acc=71.09% | bal_acc=49.48% | macro_f1=0.4974 | weighted_f1=0.7021 | precision_macro=0.5024 | recall_macro=0.4948 | qwk=0.6589 | mae=0.3145
        ovr_roc_auc_macro=0.9078 | ovr_pr_auc_macro=0.7793
Epoch 12/60 | Time 0m13s
  Train | loss=0.5671 | top1=75.02% | top2=94.79% | top3=99.39%
  Valid | loss=0.6093 | top1=67.97% | top2=91.41% | top3=98.44% | acc=67.97% | bal_acc=52.79% | macro_f1=0.4952 | weighted_f1=0.6881 | precision_macro=0.4909 | recall_macro=0.5279 | qwk=0.6271 | mae=0.3613
        ovr_roc_auc_macro=0.8991 | ovr_pr_auc_macro=0.7605
Epoch 13/60 | Time 0m13s
  Train | loss=0.5480 | top1=78.80% | top2=96.18% | top3=99.65%
  Valid | loss=0.5700 | top1=75.00% | top2=93.75% | top3=99.41% | acc=75.00% | bal_acc=56.81% | macro_f1=0.5448 | weighted_f1=0.7522 | precision_macro=0.5326 | recall_macro=0.5681 | qwk=0.7219 | mae=0.2734
        ovr_roc_auc_macro=0.9335 | ovr_pr_auc_macro=0.8096
  -> best macro_f1 updated to 0.5448 (epoch 13)
Epoch 14/60 | Time 0m13s
  Train | loss=0.5324 | top1=81.68% | top2=96.77% | top3=99.74%
  Valid | loss=0.5312 | top1=80.66% | top2=98.05% | top3=100.00% | acc=80.66% | bal_acc=62.52% | macro_f1=0.6653 | weighted_f1=0.8057 | precision_macro=0.8519 | recall_macro=0.6252 | qwk=0.7917 | mae=0.1992
        ovr_roc_auc_macro=0.9532 | ovr_pr_auc_macro=0.8820
  -> best macro_f1 updated to 0.6653 (epoch 14)
Epoch 15/60 | Time 0m13s
  Train | loss=0.5144 | top1=84.27% | top2=97.98% | top3=99.89%
  Valid | loss=0.5206 | top1=83.20% | top2=98.24% | top3=99.61% | acc=83.20% | bal_acc=70.77% | macro_f1=0.7496 | weighted_f1=0.8331 | precision_macro=0.8586 | recall_macro=0.7077 | qwk=0.8269 | mae=0.1738
        ovr_roc_auc_macro=0.9635 | ovr_pr_auc_macro=0.9026
  -> best macro_f1 updated to 0.7496 (epoch 15)
Epoch 16/60 | Time 0m13s
  Train | loss=0.5040 | top1=86.41% | top2=98.11% | top3=99.89%
  Valid | loss=0.5060 | top1=83.40% | top2=98.63% | top3=100.00% | acc=83.40% | bal_acc=75.59% | macro_f1=0.7805 | weighted_f1=0.8277 | precision_macro=0.8216 | recall_macro=0.7559 | qwk=0.8230 | mae=0.1777
        ovr_roc_auc_macro=0.9780 | ovr_pr_auc_macro=0.9213
  -> best macro_f1 updated to 0.7805 (epoch 16)
Epoch 17/60 | Time 0m13s
  Train | loss=0.4895 | top1=89.02% | top2=98.76% | top3=99.89%
  Valid | loss=0.4965 | top1=86.72% | top2=99.02% | top3=99.80% | acc=86.72% | bal_acc=86.91% | macro_f1=0.8577 | weighted_f1=0.8677 | precision_macro=0.8653 | recall_macro=0.8691 | qwk=0.8638 | mae=0.1367
        ovr_roc_auc_macro=0.9799 | ovr_pr_auc_macro=0.9525
  -> best macro_f1 updated to 0.8577 (epoch 17)
Epoch 18/60 | Time 0m13s
  Train | loss=0.4779 | top1=90.91% | top2=98.98% | top3=99.98%
  Valid | loss=0.4894 | top1=88.09% | top2=98.83% | top3=99.80% | acc=88.09% | bal_acc=88.50% | macro_f1=0.8791 | weighted_f1=0.8804 | precision_macro=0.8850 | recall_macro=0.8850 | qwk=0.8797 | mae=0.1230
        ovr_roc_auc_macro=0.9812 | ovr_pr_auc_macro=0.9628
  -> best macro_f1 updated to 0.8791 (epoch 18)
Epoch 19/60 | Time 0m13s
  Train | loss=0.4676 | top1=92.71% | top2=99.15% | top3=99.96%
  Valid | loss=0.4742 | top1=91.21% | top2=99.02% | top3=99.80% | acc=91.21% | bal_acc=93.85% | macro_f1=0.9084 | weighted_f1=0.9127 | precision_macro=0.8834 | recall_macro=0.9385 | qwk=0.9185 | mae=0.0898
        ovr_roc_auc_macro=0.9882 | ovr_pr_auc_macro=0.9688
  -> best macro_f1 updated to 0.9084 (epoch 19)
Epoch 20/60 | Time 0m13s
  Train | loss=0.4613 | top1=93.62% | top2=99.50% | top3=99.96%
  Valid | loss=0.4734 | top1=91.41% | top2=99.61% | top3=100.00% | acc=91.41% | bal_acc=93.69% | macro_f1=0.9122 | weighted_f1=0.9123 | precision_macro=0.8966 | recall_macro=0.9369 | qwk=0.9217 | mae=0.0879
        ovr_roc_auc_macro=0.9906 | ovr_pr_auc_macro=0.9834
  -> best macro_f1 updated to 0.9122 (epoch 20)
Epoch 21/60 | Time 0m13s
  Train | loss=0.4498 | top1=95.55% | top2=99.63% | top3=100.00%
  Valid | loss=0.4655 | top1=91.02% | top2=99.61% | top3=100.00% | acc=91.02% | bal_acc=93.05% | macro_f1=0.9080 | weighted_f1=0.9111 | precision_macro=0.8918 | recall_macro=0.9305 | qwk=0.9143 | mae=0.0918
        ovr_roc_auc_macro=0.9911 | ovr_pr_auc_macro=0.9824
Epoch 22/60 | Time 0m13s
  Train | loss=0.4449 | top1=95.99% | top2=99.70% | top3=99.98%
  Valid | loss=0.4479 | top1=94.73% | top2=99.61% | top3=100.00% | acc=94.73% | bal_acc=95.78% | macro_f1=0.9372 | weighted_f1=0.9472 | precision_macro=0.9206 | recall_macro=0.9578 | qwk=0.9485 | mae=0.0547
        ovr_roc_auc_macro=0.9959 | ovr_pr_auc_macro=0.9925
  -> best macro_f1 updated to 0.9372 (epoch 22)
Epoch 23/60 | Time 0m13s
  Train | loss=0.4406 | top1=96.70% | top2=99.63% | top3=99.98%
  Valid | loss=0.4543 | top1=92.38% | top2=99.41% | top3=100.00% | acc=92.38% | bal_acc=93.44% | macro_f1=0.9401 | weighted_f1=0.9237 | precision_macro=0.9464 | recall_macro=0.9344 | qwk=0.9159 | mae=0.0820
        ovr_roc_auc_macro=0.9929 | ovr_pr_auc_macro=0.9884
  -> best macro_f1 updated to 0.9401 (epoch 23)
Epoch 24/60 | Time 0m13s
  Train | loss=0.4342 | top1=97.68% | top2=99.87% | top3=99.96%
  Valid | loss=0.4500 | top1=95.12% | top2=99.61% | top3=100.00% | acc=95.12% | bal_acc=95.60% | macro_f1=0.9615 | weighted_f1=0.9508 | precision_macro=0.9681 | recall_macro=0.9560 | qwk=0.9463 | mae=0.0527
        ovr_roc_auc_macro=0.9961 | ovr_pr_auc_macro=0.9921
  -> best macro_f1 updated to 0.9615 (epoch 24)
Epoch 25/60 | Time 0m13s
  Train | loss=0.4363 | top1=97.24% | top2=99.78% | top3=99.96%
  Valid | loss=0.4505 | top1=93.95% | top2=99.22% | top3=100.00% | acc=93.95% | bal_acc=93.64% | macro_f1=0.9486 | weighted_f1=0.9387 | precision_macro=0.9642 | recall_macro=0.9364 | qwk=0.9297 | mae=0.0664
        ovr_roc_auc_macro=0.9970 | ovr_pr_auc_macro=0.9942
Epoch 26/60 | Time 0m13s
  Train | loss=0.4343 | top1=97.16% | top2=99.80% | top3=99.98%
  Valid | loss=0.4501 | top1=94.34% | top2=99.41% | top3=100.00% | acc=94.34% | bal_acc=95.17% | macro_f1=0.9546 | weighted_f1=0.9438 | precision_macro=0.9592 | recall_macro=0.9517 | qwk=0.9434 | mae=0.0586
        ovr_roc_auc_macro=0.9942 | ovr_pr_auc_macro=0.9884
Epoch 27/60 | Time 0m13s
  Train | loss=0.4318 | top1=97.50% | top2=99.83% | top3=99.98%
  Valid | loss=0.4453 | top1=94.34% | top2=99.80% | top3=100.00% | acc=94.34% | bal_acc=95.79% | macro_f1=0.9616 | weighted_f1=0.9430 | precision_macro=0.9665 | recall_macro=0.9579 | qwk=0.9449 | mae=0.0586
        ovr_roc_auc_macro=0.9956 | ovr_pr_auc_macro=0.9938
Epoch 28/60 | Time 0m13s
  Train | loss=0.4260 | top1=98.46% | top2=99.93% | top3=99.98%
  Valid | loss=0.4414 | top1=95.90% | top2=99.41% | top3=100.00% | acc=95.90% | bal_acc=95.87% | macro_f1=0.9654 | weighted_f1=0.9589 | precision_macro=0.9732 | recall_macro=0.9587 | qwk=0.9420 | mae=0.0488
        ovr_roc_auc_macro=0.9975 | ovr_pr_auc_macro=0.9957
  -> best macro_f1 updated to 0.9654 (epoch 28)
Epoch 29/60 | Time 0m13s
  Train | loss=0.4264 | top1=98.33% | top2=99.89% | top3=99.98%
  Valid | loss=0.4366 | top1=96.09% | top2=100.00% | top3=100.00% | acc=96.09% | bal_acc=96.46% | macro_f1=0.9288 | weighted_f1=0.9610 | precision_macro=0.9060 | recall_macro=0.9646 | qwk=0.9508 | mae=0.0449
        ovr_roc_auc_macro=0.9988 | ovr_pr_auc_macro=0.9974
Epoch 30/60 | Time 0m13s
  Train | loss=0.4255 | top1=98.07% | top2=99.96% | top3=100.00%
  Valid | loss=0.4384 | top1=97.07% | top2=100.00% | top3=100.00% | acc=97.07% | bal_acc=97.91% | macro_f1=0.9799 | weighted_f1=0.9707 | precision_macro=0.9807 | recall_macro=0.9791 | qwk=0.9689 | mae=0.0312
        ovr_roc_auc_macro=0.9973 | ovr_pr_auc_macro=0.9963
  -> best macro_f1 updated to 0.9799 (epoch 30)
Epoch 31/60 | Time 0m13s
  Train | loss=0.4235 | top1=98.63% | top2=99.93% | top3=99.98%
  Valid | loss=0.4301 | top1=97.46% | top2=99.80% | top3=100.00% | acc=97.46% | bal_acc=98.65% | macro_f1=0.9836 | weighted_f1=0.9746 | precision_macro=0.9812 | recall_macro=0.9865 | qwk=0.9722 | mae=0.0273
        ovr_roc_auc_macro=0.9984 | ovr_pr_auc_macro=0.9975
  -> best macro_f1 updated to 0.9836 (epoch 31)
Epoch 32/60 | Time 0m13s
  Train | loss=0.4251 | top1=98.35% | top2=99.85% | top3=99.98%
  Valid | loss=0.4292 | top1=98.05% | top2=99.80% | top3=100.00% | acc=98.05% | bal_acc=98.81% | macro_f1=0.9861 | weighted_f1=0.9805 | precision_macro=0.9841 | recall_macro=0.9881 | qwk=0.9725 | mae=0.0234
        ovr_roc_auc_macro=0.9991 | ovr_pr_auc_macro=0.9986
  -> best macro_f1 updated to 0.9861 (epoch 32)
Epoch 33/60 | Time 0m13s
  Train | loss=0.4216 | top1=98.87% | top2=99.98% | top3=100.00%
  Valid | loss=0.4263 | top1=97.66% | top2=100.00% | top3=100.00% | acc=97.66% | bal_acc=98.28% | macro_f1=0.9832 | weighted_f1=0.9765 | precision_macro=0.9837 | recall_macro=0.9828 | qwk=0.9793 | mae=0.0234
        ovr_roc_auc_macro=0.9993 | ovr_pr_auc_macro=0.9988
Epoch 34/60 | Time 0m13s
  Train | loss=0.4207 | top1=98.85% | top2=99.93% | top3=100.00%
  Valid | loss=0.4305 | top1=96.48% | top2=100.00% | top3=100.00% | acc=96.48% | bal_acc=97.61% | macro_f1=0.9690 | weighted_f1=0.9647 | precision_macro=0.9638 | recall_macro=0.9761 | qwk=0.9696 | mae=0.0352
        ovr_roc_auc_macro=0.9992 | ovr_pr_auc_macro=0.9984
Epoch 35/60 | Time 0m13s
  Train | loss=0.4172 | top1=99.35% | top2=99.98% | top3=100.00%
  Valid | loss=0.4217 | top1=98.63% | top2=100.00% | top3=100.00% | acc=98.63% | bal_acc=99.02% | macro_f1=0.9907 | weighted_f1=0.9863 | precision_macro=0.9912 | recall_macro=0.9902 | qwk=0.9826 | mae=0.0156
        ovr_roc_auc_macro=0.9998 | ovr_pr_auc_macro=0.9998
  -> best macro_f1 updated to 0.9907 (epoch 35)
Epoch 36/60 | Time 0m13s
  Train | loss=0.4170 | top1=99.31% | top2=99.98% | top3=100.00%
  Valid | loss=0.4220 | top1=98.63% | top2=100.00% | top3=100.00% | acc=98.63% | bal_acc=98.82% | macro_f1=0.9894 | weighted_f1=0.9864 | precision_macro=0.9909 | recall_macro=0.9882 | qwk=0.9826 | mae=0.0156
        ovr_roc_auc_macro=0.9998 | ovr_pr_auc_macro=0.9997
Epoch 37/60 | Time 0m13s
  Train | loss=0.4159 | top1=99.59% | top2=100.00% | top3=100.00%
  Valid | loss=0.4207 | top1=98.63% | top2=99.80% | top3=100.00% | acc=98.63% | bal_acc=98.94% | macro_f1=0.9907 | weighted_f1=0.9863 | precision_macro=0.9919 | recall_macro=0.9894 | qwk=0.9827 | mae=0.0156
        ovr_roc_auc_macro=0.9994 | ovr_pr_auc_macro=0.9987
Epoch 38/60 | Time 0m13s
  Train | loss=0.4166 | top1=99.39% | top2=100.00% | top3=100.00%
  Valid | loss=0.4200 | top1=99.22% | top2=100.00% | top3=100.00% | acc=99.22% | bal_acc=99.57% | macro_f1=0.9930 | weighted_f1=0.9922 | precision_macro=0.9905 | recall_macro=0.9957 | qwk=0.9879 | mae=0.0098
        ovr_roc_auc_macro=0.9998 | ovr_pr_auc_macro=0.9997
  -> best macro_f1 updated to 0.9930 (epoch 38)
Epoch 39/60 | Time 0m13s
  Train | loss=0.4177 | top1=99.18% | top2=99.96% | top3=99.98%
  Valid | loss=0.4210 | top1=98.63% | top2=100.00% | top3=100.00% | acc=98.63% | bal_acc=99.11% | macro_f1=0.9917 | weighted_f1=0.9863 | precision_macro=0.9923 | recall_macro=0.9911 | qwk=0.9879 | mae=0.0137
        ovr_roc_auc_macro=0.9997 | ovr_pr_auc_macro=0.9995
Epoch 40/60 | Time 0m13s
  Train | loss=0.4158 | top1=99.31% | top2=99.98% | top3=100.00%
  Valid | loss=0.4210 | top1=98.63% | top2=99.80% | top3=100.00% | acc=98.63% | bal_acc=98.65% | macro_f1=0.9891 | weighted_f1=0.9863 | precision_macro=0.9919 | recall_macro=0.9865 | qwk=0.9878 | mae=0.0137
        ovr_roc_auc_macro=0.9998 | ovr_pr_auc_macro=0.9997
Epoch 41/60 | Time 0m13s
  Train | loss=0.4155 | top1=99.35% | top2=100.00% | top3=100.00%
  Valid | loss=0.4210 | top1=98.44% | top2=100.00% | top3=100.00% | acc=98.44% | bal_acc=98.97% | macro_f1=0.9905 | weighted_f1=0.9843 | precision_macro=0.9914 | recall_macro=0.9897 | qwk=0.9862 | mae=0.0156
        ovr_roc_auc_macro=0.9995 | ovr_pr_auc_macro=0.9994
Epoch 42/60 | Time 0m13s
  Train | loss=0.4139 | top1=99.72% | top2=99.98% | top3=100.00%
  Valid | loss=0.4188 | top1=98.83% | top2=100.00% | top3=100.00% | acc=98.83% | bal_acc=99.20% | macro_f1=0.9929 | weighted_f1=0.9883 | precision_macro=0.9938 | recall_macro=0.9920 | qwk=0.9896 | mae=0.0117
        ovr_roc_auc_macro=0.9998 | ovr_pr_auc_macro=0.9998
Epoch 43/60 | Time 0m13s
  Train | loss=0.4132 | top1=99.74% | top2=100.00% | top3=100.00%
  Valid | loss=0.4260 | top1=97.46% | top2=100.00% | top3=100.00% | acc=97.46% | bal_acc=98.44% | macro_f1=0.9835 | weighted_f1=0.9747 | precision_macro=0.9832 | recall_macro=0.9844 | qwk=0.9773 | mae=0.0254
        ovr_roc_auc_macro=0.9990 | ovr_pr_auc_macro=0.9977
Epoch 44/60 | Time 0m13s
  Train | loss=0.4126 | top1=99.83% | top2=100.00% | top3=100.00%
  Valid | loss=0.4192 | top1=99.02% | top2=100.00% | top3=100.00% | acc=99.02% | bal_acc=99.34% | macro_f1=0.9941 | weighted_f1=0.9902 | precision_macro=0.9947 | recall_macro=0.9934 | qwk=0.9914 | mae=0.0098
        ovr_roc_auc_macro=0.9999 | ovr_pr_auc_macro=0.9999
  -> best macro_f1 updated to 0.9941 (epoch 44)
Epoch 45/60 | Time 0m13s
  Train | loss=0.4123 | top1=99.85% | top2=100.00% | top3=100.00%
  Valid | loss=0.4169 | top1=99.02% | top2=100.00% | top3=100.00% | acc=99.02% | bal_acc=99.18% | macro_f1=0.9928 | weighted_f1=0.9902 | precision_macro=0.9939 | recall_macro=0.9918 | qwk=0.9913 | mae=0.0098
        ovr_roc_auc_macro=0.9999 | ovr_pr_auc_macro=0.9999
Epoch 46/60 | Time 0m13s
  Train | loss=0.4128 | top1=99.78% | top2=99.98% | top3=100.00%
  Valid | loss=0.4180 | top1=99.02% | top2=100.00% | top3=100.00% | acc=99.02% | bal_acc=99.18% | macro_f1=0.9928 | weighted_f1=0.9902 | precision_macro=0.9939 | recall_macro=0.9918 | qwk=0.9913 | mae=0.0098
        ovr_roc_auc_macro=0.9999 | ovr_pr_auc_macro=0.9997
Epoch 47/60 | Time 0m13s
  Train | loss=0.4120 | top1=99.85% | top2=100.00% | top3=100.00%
  Valid | loss=0.4156 | top1=99.41% | top2=100.00% | top3=100.00% | acc=99.41% | bal_acc=99.46% | macro_f1=0.9952 | weighted_f1=0.9942 | precision_macro=0.9959 | recall_macro=0.9946 | qwk=0.9948 | mae=0.0059
        ovr_roc_auc_macro=1.0000 | ovr_pr_auc_macro=1.0000
  -> best macro_f1 updated to 0.9952 (epoch 47)
Epoch 48/60 | Time 0m13s
  Train | loss=0.4128 | top1=99.72% | top2=99.96% | top3=100.00%
  Valid | loss=0.4155 | top1=99.41% | top2=99.80% | top3=100.00% | acc=99.41% | bal_acc=99.21% | macro_f1=0.9941 | weighted_f1=0.9941 | precision_macro=0.9963 | recall_macro=0.9921 | qwk=0.9896 | mae=0.0078
        ovr_roc_auc_macro=1.0000 | ovr_pr_auc_macro=0.9999
Epoch 49/60 | Time 0m13s
  Train | loss=0.4116 | top1=99.87% | top2=100.00% | top3=100.00%
  Valid | loss=0.4166 | top1=99.02% | top2=99.80% | top3=100.00% | acc=99.02% | bal_acc=98.93% | macro_f1=0.9917 | weighted_f1=0.9902 | precision_macro=0.9943 | recall_macro=0.9893 | qwk=0.9861 | mae=0.0117
        ovr_roc_auc_macro=0.9999 | ovr_pr_auc_macro=0.9998
Epoch 50/60 | Time 0m13s
  Train | loss=0.4121 | top1=99.83% | top2=100.00% | top3=100.00%
  Valid | loss=0.4155 | top1=99.22% | top2=100.00% | top3=100.00% | acc=99.22% | bal_acc=99.32% | macro_f1=0.9940 | weighted_f1=0.9922 | precision_macro=0.9949 | recall_macro=0.9932 | qwk=0.9931 | mae=0.0078
        ovr_roc_auc_macro=0.9999 | ovr_pr_auc_macro=0.9999
Epoch 51/60 | Time 0m13s
  Train | loss=0.4119 | top1=99.80% | top2=100.00% | top3=100.00%
  Valid | loss=0.4164 | top1=99.02% | top2=100.00% | top3=100.00% | acc=99.02% | bal_acc=98.97% | macro_f1=0.9915 | weighted_f1=0.9902 | precision_macro=0.9935 | recall_macro=0.9897 | qwk=0.9913 | mae=0.0098
        ovr_roc_auc_macro=0.9999 | ovr_pr_auc_macro=0.9998
Epoch 52/60 | Time 0m13s
  Train | loss=0.4116 | top1=99.85% | top2=100.00% | top3=100.00%
  Valid | loss=0.4162 | top1=99.22% | top2=100.00% | top3=100.00% | acc=99.22% | bal_acc=99.32% | macro_f1=0.9940 | weighted_f1=0.9922 | precision_macro=0.9949 | recall_macro=0.9932 | qwk=0.9931 | mae=0.0078
        ovr_roc_auc_macro=0.9999 | ovr_pr_auc_macro=0.9998
Epoch 53/60 | Time 0m13s
  Train | loss=0.4115 | top1=99.87% | top2=100.00% | top3=100.00%
  Valid | loss=0.4162 | top1=99.41% | top2=100.00% | top3=100.00% | acc=99.41% | bal_acc=99.46% | macro_f1=0.9952 | weighted_f1=0.9942 | precision_macro=0.9959 | recall_macro=0.9946 | qwk=0.9948 | mae=0.0059
        ovr_roc_auc_macro=0.9999 | ovr_pr_auc_macro=0.9998
Epoch 54/60 | Time 0m13s
  Train | loss=0.4111 | top1=99.98% | top2=100.00% | top3=100.00%
  Valid | loss=0.4155 | top1=99.41% | top2=100.00% | top3=100.00% | acc=99.41% | bal_acc=99.67% | macro_f1=0.9964 | weighted_f1=0.9941 | precision_macro=0.9962 | recall_macro=0.9967 | qwk=0.9948 | mae=0.0059
        ovr_roc_auc_macro=0.9999 | ovr_pr_auc_macro=0.9999
  -> best macro_f1 updated to 0.9964 (epoch 54)
Epoch 55/60 | Time 0m13s
  Train | loss=0.4115 | top1=99.85% | top2=99.98% | top3=100.00%
  Valid | loss=0.4163 | top1=99.22% | top2=100.00% | top3=100.00% | acc=99.22% | bal_acc=99.32% | macro_f1=0.9940 | weighted_f1=0.9922 | precision_macro=0.9949 | recall_macro=0.9932 | qwk=0.9931 | mae=0.0078
        ovr_roc_auc_macro=0.9999 | ovr_pr_auc_macro=0.9998
Epoch 56/60 | Time 0m13s
  Train | loss=0.4114 | top1=99.89% | top2=100.00% | top3=100.00%
  Valid | loss=0.4166 | top1=99.02% | top2=100.00% | top3=100.00% | acc=99.02% | bal_acc=99.18% | macro_f1=0.9928 | weighted_f1=0.9902 | precision_macro=0.9939 | recall_macro=0.9918 | qwk=0.9913 | mae=0.0098
        ovr_roc_auc_macro=0.9999 | ovr_pr_auc_macro=0.9998
Epoch 57/60 | Time 0m13s
  Train | loss=0.4112 | top1=99.89% | top2=100.00% | top3=100.00%
  Valid | loss=0.4160 | top1=99.02% | top2=100.00% | top3=100.00% | acc=99.02% | bal_acc=99.18% | macro_f1=0.9928 | weighted_f1=0.9902 | precision_macro=0.9939 | recall_macro=0.9918 | qwk=0.9913 | mae=0.0098
        ovr_roc_auc_macro=0.9999 | ovr_pr_auc_macro=0.9999
Epoch 58/60 | Time 0m13s
  Train | loss=0.4110 | top1=99.93% | top2=100.00% | top3=100.00%
  Valid | loss=0.4162 | top1=98.83% | top2=100.00% | top3=100.00% | acc=98.83% | bal_acc=98.83% | macro_f1=0.9904 | weighted_f1=0.9883 | precision_macro=0.9925 | recall_macro=0.9883 | qwk=0.9896 | mae=0.0117
        ovr_roc_auc_macro=0.9999 | ovr_pr_auc_macro=0.9999
Epoch 59/60 | Time 0m13s
  Train | loss=0.4111 | top1=99.93% | top2=100.00% | top3=100.00%
  Valid | loss=0.4163 | top1=99.02% | top2=100.00% | top3=100.00% | acc=99.02% | bal_acc=98.97% | macro_f1=0.9915 | weighted_f1=0.9902 | precision_macro=0.9935 | recall_macro=0.9897 | qwk=0.9913 | mae=0.0098
        ovr_roc_auc_macro=0.9999 | ovr_pr_auc_macro=0.9999
Epoch 60/60 | Time 0m13s
  Train | loss=0.4110 | top1=99.91% | top2=100.00% | top3=100.00%
  Valid | loss=0.4154 | top1=99.02% | top2=100.00% | top3=100.00% | acc=99.02% | bal_acc=99.18% | macro_f1=0.9928 | weighted_f1=0.9902 | precision_macro=0.9939 | recall_macro=0.9918 | qwk=0.9913 | mae=0.0098
        ovr_roc_auc_macro=0.9999 | ovr_pr_auc_macro=0.9999

[TEST] loss=dast
  Test | loss=0.4167 | top1=99.22% | top2=99.92% | top3=100.00% | acc=99.22% | bal_acc=99.17% | macro_f1=0.9932 | weighted_f1=0.9922 | precision_macro=0.9948 | recall_macro=0.9917 | qwk=0.9931 | mae=0.0078
        ovr_roc_auc_macro=0.9995 | ovr_pr_auc_macro=0.9991

==========================================================================================
Summary CSV saved: /root/autodl-tmp/MedVisionLab/Alzheimer_MRI_Loss/logs/ResNet_layer3+MECS_controlled_mecsb_vb_koa_adni_10seed_20260803_234110_adni_resnet50_plus_mesc_versionb_plus_dast_seed1_20260804_025028_summary.csv
Top results by test_macro_f1:
  dast: macro_f1=0.9932, acc=99.22%, bal_acc=99.17%
Log file saved: /root/autodl-tmp/MedVisionLab/Alzheimer_MRI_Loss/logs/ResNet_layer3+MECS_controlled_mecsb_vb_koa_adni_10seed_20260803_234110_adni_resnet50_plus_mesc_versionb_plus_dast_seed1_20260804_025028.log
==========================================================================================

==========================================================================================
RETURN_CODE: 0
