DATASET: ADNI
METHOD: ResNet50 + MESC VersionB
SEED: 8
SCRIPT: /root/autodl-tmp/MedVisionLab/Alzheimer_MRI_Loss/ResNet_layer3+MECS.py
RUN_TAG: controlled_mecsb_vb_koa_adni_10seed_20260803_234110_adni_resnet50_plus_mesc_versionb_seed8
ALZHEIMER_LOSSES: ce
LOSS: ce
COMMAND: /root/miniconda3/envs/medvision/bin/python -u /root/autodl-tmp/MedVisionLab/tools/run_training_with_mecsb.py --script /root/autodl-tmp/MedVisionLab/Alzheimer_MRI_Loss/ResNet_layer3+MECS.py
==========================================================================================
MESC_IMPLEMENTATION: MECS_VersionB
ORIGINAL_SCRIPT: /root/autodl-tmp/MedVisionLab/Alzheimer_MRI_Loss/ResNet_layer3+MECS.py
==========================================================================================
Injected attention module: MECS_VersionB
Original training script : /root/autodl-tmp/MedVisionLab/Alzheimer_MRI_Loss/ResNet_layer3+MECS.py
Dataset                  : ADNI
Original source modified : no
==========================================================================================
==========================================================================================
Script: ResNet_layer3+MECS
Run tag: controlled_mecsb_vb_koa_adni_10seed_20260803_234110_adni_resnet50_plus_mesc_versionb_seed8
Module: MECS VersionB | Insert after: layer3
Device: cuda
CUDA: NVIDIA GeForce RTX 3090
Data root: /root/autodl-tmp/Augmented_Alzheimer_MRI/OriginalDataset
Class order: ['NonDemented', 'VeryMildDemented', 'MildDemented', 'ModerateDemented'] (used for labels/QWK/MAE/ordinal losses)
Config | seed=8, batch_size=32, epochs=60, num_workers=2, image_size=224, base_lr=0.0001, test_ratio=0.2, val_ratio_within_train=0.1, patience=15
Losses to run: ['ce']
==========================================================================================
Split sizes | train=4608, valid=512, test=1280
Classes (4): ['NonDemented', 'VeryMildDemented', 'MildDemented', 'ModerateDemented']
Train class counts: [2304, 1613, 645, 46]
Valid class counts: [256, 179, 72, 5]
Test class counts : [640, 448, 179, 13]
Loading torchvision ResNet50 pretrained weights once...
Pretrained state keys: 320

##########################################################################################
Starting loss: ce
##########################################################################################
Model params: 27,303,248 | pretrained loaded: 320/346 | feat_dim=2048
Criterion: CrossEntropyLoss
Criterion trainable params: 0
Epoch 01/60 | Time 0m14s
  Train | loss=1.3614 | top1=35.20% | top2=65.36% | top3=83.40%
  Valid | loss=1.3021 | top1=45.51% | top2=84.96% | top3=98.83% | acc=45.51% | bal_acc=26.41% | macro_f1=0.2420 | weighted_f1=0.4203 | precision_macro=0.2240 | recall_macro=0.2641 | qwk=0.0206 | mae=0.6387
        ovr_roc_auc_macro=0.5720 | ovr_pr_auc_macro=0.2869
  -> best macro_f1 updated to 0.2420 (epoch 1)
Epoch 02/60 | Time 0m13s
  Train | loss=1.2072 | top1=51.11% | top2=85.00% | top3=98.87%
  Valid | loss=1.1133 | top1=50.59% | top2=84.96% | top3=99.02% | acc=50.59% | bal_acc=25.42% | macro_f1=0.1759 | weighted_f1=0.3469 | precision_macro=0.2762 | recall_macro=0.2542 | qwk=0.0145 | mae=0.6504
        ovr_roc_auc_macro=0.6587 | ovr_pr_auc_macro=0.3442
Epoch 03/60 | Time 0m13s
  Train | loss=1.0431 | top1=50.46% | top2=85.00% | top3=99.00%
  Valid | loss=0.9966 | top1=54.10% | top2=84.96% | top3=99.02% | acc=54.10% | bal_acc=28.86% | macro_f1=0.2526 | weighted_f1=0.4567 | precision_macro=0.2601 | recall_macro=0.2886 | qwk=0.1319 | mae=0.5742
        ovr_roc_auc_macro=0.7122 | ovr_pr_auc_macro=0.3855
  -> best macro_f1 updated to 0.2526 (epoch 3)
Epoch 04/60 | Time 0m13s
  Train | loss=0.9359 | top1=56.49% | top2=85.00% | top3=99.00%
  Valid | loss=0.9000 | top1=58.40% | top2=84.96% | top3=99.02% | acc=58.40% | bal_acc=33.95% | macro_f1=0.3110 | weighted_f1=0.5413 | precision_macro=0.2890 | recall_macro=0.3395 | qwk=0.3510 | mae=0.4609
        ovr_roc_auc_macro=0.7585 | ovr_pr_auc_macro=0.4243
  -> best macro_f1 updated to 0.3110 (epoch 4)
Epoch 05/60 | Time 0m13s
  Train | loss=0.8855 | top1=58.01% | top2=85.31% | top3=99.00%
  Valid | loss=0.8552 | top1=58.59% | top2=86.13% | top3=99.02% | acc=58.59% | bal_acc=34.55% | macro_f1=0.3151 | weighted_f1=0.5475 | precision_macro=0.2982 | recall_macro=0.3455 | qwk=0.4079 | mae=0.4395
        ovr_roc_auc_macro=0.7723 | ovr_pr_auc_macro=0.4412
  -> best macro_f1 updated to 0.3151 (epoch 5)
Epoch 06/60 | Time 0m13s
  Train | loss=0.8469 | top1=60.83% | top2=86.63% | top3=99.00%
  Valid | loss=0.8367 | top1=59.77% | top2=87.50% | top3=99.02% | acc=59.77% | bal_acc=34.38% | macro_f1=0.3157 | weighted_f1=0.5512 | precision_macro=0.2921 | recall_macro=0.3438 | qwk=0.3758 | mae=0.4473
        ovr_roc_auc_macro=0.8141 | ovr_pr_auc_macro=0.4753
  -> best macro_f1 updated to 0.3157 (epoch 6)
Epoch 07/60 | Time 0m13s
  Train | loss=0.8139 | top1=61.11% | top2=87.80% | top3=99.00%
  Valid | loss=0.8266 | top1=60.94% | top2=87.11% | top3=99.02% | acc=60.94% | bal_acc=36.81% | macro_f1=0.3310 | weighted_f1=0.5710 | precision_macro=0.3276 | recall_macro=0.3681 | qwk=0.4530 | mae=0.4062
        ovr_roc_auc_macro=0.8309 | ovr_pr_auc_macro=0.5053
  -> best macro_f1 updated to 0.3310 (epoch 7)
Epoch 08/60 | Time 0m13s
  Train | loss=0.7916 | top1=62.57% | top2=89.00% | top3=99.00%
  Valid | loss=0.8031 | top1=61.33% | top2=88.48% | top3=99.02% | acc=61.33% | bal_acc=37.35% | macro_f1=0.3766 | weighted_f1=0.5753 | precision_macro=0.4363 | recall_macro=0.3735 | qwk=0.3800 | mae=0.4629
        ovr_roc_auc_macro=0.8484 | ovr_pr_auc_macro=0.5380
  -> best macro_f1 updated to 0.3766 (epoch 8)
Epoch 09/60 | Time 0m13s
  Train | loss=0.7479 | top1=65.47% | top2=90.26% | top3=99.00%
  Valid | loss=0.7363 | top1=66.99% | top2=89.45% | top3=99.02% | acc=66.99% | bal_acc=42.50% | macro_f1=0.4250 | weighted_f1=0.6512 | precision_macro=0.5168 | recall_macro=0.4250 | qwk=0.5492 | mae=0.3535
        ovr_roc_auc_macro=0.8725 | ovr_pr_auc_macro=0.6024
  -> best macro_f1 updated to 0.4250 (epoch 9)
Epoch 10/60 | Time 0m13s
  Train | loss=0.7067 | top1=68.25% | top2=91.80% | top3=99.00%
  Valid | loss=0.7497 | top1=66.80% | top2=89.06% | top3=99.02% | acc=66.80% | bal_acc=46.65% | macro_f1=0.4669 | weighted_f1=0.6638 | precision_macro=0.5323 | recall_macro=0.4665 | qwk=0.5901 | mae=0.3457
        ovr_roc_auc_macro=0.8836 | ovr_pr_auc_macro=0.6551
  -> best macro_f1 updated to 0.4669 (epoch 10)
Epoch 11/60 | Time 0m13s
  Train | loss=0.6451 | top1=71.46% | top2=93.40% | top3=99.00%
  Valid | loss=0.6404 | top1=74.80% | top2=93.55% | top3=99.02% | acc=74.80% | bal_acc=51.86% | macro_f1=0.5310 | weighted_f1=0.7421 | precision_macro=0.5763 | recall_macro=0.5186 | qwk=0.6401 | mae=0.2832
        ovr_roc_auc_macro=0.9096 | ovr_pr_auc_macro=0.7130
  -> best macro_f1 updated to 0.5310 (epoch 11)
Epoch 12/60 | Time 0m13s
  Train | loss=0.5981 | top1=74.85% | top2=94.01% | top3=99.00%
  Valid | loss=0.6310 | top1=74.22% | top2=93.75% | top3=99.02% | acc=74.22% | bal_acc=51.73% | macro_f1=0.5303 | weighted_f1=0.7376 | precision_macro=0.5857 | recall_macro=0.5173 | qwk=0.6471 | mae=0.2832
        ovr_roc_auc_macro=0.9212 | ovr_pr_auc_macro=0.8135
Epoch 13/60 | Time 0m13s
  Train | loss=0.5372 | top1=77.91% | top2=95.44% | top3=99.02%
  Valid | loss=0.5327 | top1=79.49% | top2=94.34% | top3=99.22% | acc=79.49% | bal_acc=55.82% | macro_f1=0.5690 | weighted_f1=0.7876 | precision_macro=0.5881 | recall_macro=0.5582 | qwk=0.7254 | mae=0.2305
        ovr_roc_auc_macro=0.9410 | ovr_pr_auc_macro=0.8588
  -> best macro_f1 updated to 0.5690 (epoch 13)
Epoch 14/60 | Time 0m13s
  Train | loss=0.4450 | top1=81.92% | top2=96.35% | top3=99.24%
  Valid | loss=0.5189 | top1=78.52% | top2=94.53% | top3=100.00% | acc=78.52% | bal_acc=60.23% | macro_f1=0.5747 | weighted_f1=0.7817 | precision_macro=0.5624 | recall_macro=0.6023 | qwk=0.7639 | mae=0.2363
        ovr_roc_auc_macro=0.9467 | ovr_pr_auc_macro=0.9007
  -> best macro_f1 updated to 0.5747 (epoch 14)
Epoch 15/60 | Time 0m13s
  Train | loss=0.3882 | top1=84.16% | top2=97.22% | top3=99.63%
  Valid | loss=0.4445 | top1=82.03% | top2=97.27% | top3=100.00% | acc=82.03% | bal_acc=61.07% | macro_f1=0.6014 | weighted_f1=0.8127 | precision_macro=0.6013 | recall_macro=0.6107 | qwk=0.7849 | mae=0.2012
        ovr_roc_auc_macro=0.9655 | ovr_pr_auc_macro=0.9150
  -> best macro_f1 updated to 0.6014 (epoch 15)
Epoch 16/60 | Time 0m13s
  Train | loss=0.3356 | top1=86.87% | top2=97.87% | top3=99.83%
  Valid | loss=0.4297 | top1=82.42% | top2=97.46% | top3=100.00% | acc=82.42% | bal_acc=62.98% | macro_f1=0.6017 | weighted_f1=0.8214 | precision_macro=0.5926 | recall_macro=0.6298 | qwk=0.7889 | mae=0.2012
        ovr_roc_auc_macro=0.9682 | ovr_pr_auc_macro=0.9305
  -> best macro_f1 updated to 0.6017 (epoch 16)
Epoch 17/60 | Time 0m13s
  Train | loss=0.2661 | top1=89.87% | top2=98.59% | top3=99.96%
  Valid | loss=0.3673 | top1=85.35% | top2=98.44% | top3=99.80% | acc=85.35% | bal_acc=86.47% | macro_f1=0.8405 | weighted_f1=0.8546 | precision_macro=0.8462 | recall_macro=0.8647 | qwk=0.8407 | mae=0.1543
        ovr_roc_auc_macro=0.9767 | ovr_pr_auc_macro=0.9598
  -> best macro_f1 updated to 0.8405 (epoch 17)
Epoch 18/60 | Time 0m13s
  Train | loss=0.2215 | top1=91.45% | top2=99.26% | top3=99.98%
  Valid | loss=0.5529 | top1=78.71% | top2=97.46% | top3=100.00% | acc=78.71% | bal_acc=86.69% | macro_f1=0.8028 | weighted_f1=0.7892 | precision_macro=0.7797 | recall_macro=0.8669 | qwk=0.7720 | mae=0.2285
        ovr_roc_auc_macro=0.9692 | ovr_pr_auc_macro=0.9398
Epoch 19/60 | Time 0m13s
  Train | loss=0.1849 | top1=93.08% | top2=99.48% | top3=99.98%
  Valid | loss=0.3303 | top1=86.91% | top2=98.44% | top3=99.80% | acc=86.91% | bal_acc=90.94% | macro_f1=0.8685 | weighted_f1=0.8674 | precision_macro=0.8453 | recall_macro=0.9094 | qwk=0.8498 | mae=0.1484
        ovr_roc_auc_macro=0.9835 | ovr_pr_auc_macro=0.9664
  -> best macro_f1 updated to 0.8685 (epoch 19)
Epoch 20/60 | Time 0m13s
  Train | loss=0.1641 | top1=94.47% | top2=99.48% | top3=99.96%
  Valid | loss=0.2909 | top1=89.84% | top2=98.63% | top3=100.00% | acc=89.84% | bal_acc=92.08% | macro_f1=0.8993 | weighted_f1=0.8982 | precision_macro=0.8817 | recall_macro=0.9208 | qwk=0.8802 | mae=0.1133
        ovr_roc_auc_macro=0.9831 | ovr_pr_auc_macro=0.9697
  -> best macro_f1 updated to 0.8993 (epoch 20)
Epoch 21/60 | Time 0m13s
  Train | loss=0.1453 | top1=94.75% | top2=99.70% | top3=100.00%
  Valid | loss=0.2650 | top1=89.26% | top2=98.44% | top3=100.00% | acc=89.26% | bal_acc=91.33% | macro_f1=0.9132 | weighted_f1=0.8926 | precision_macro=0.9130 | recall_macro=0.9133 | qwk=0.8840 | mae=0.1152
        ovr_roc_auc_macro=0.9847 | ovr_pr_auc_macro=0.9695
  -> best macro_f1 updated to 0.9132 (epoch 21)
Epoch 22/60 | Time 0m13s
  Train | loss=0.1241 | top1=95.33% | top2=99.48% | top3=99.98%
  Valid | loss=0.2088 | top1=92.58% | top2=99.22% | top3=100.00% | acc=92.58% | bal_acc=94.78% | macro_f1=0.9405 | weighted_f1=0.9259 | precision_macro=0.9342 | recall_macro=0.9478 | qwk=0.9099 | mae=0.0840
        ovr_roc_auc_macro=0.9905 | ovr_pr_auc_macro=0.9816
  -> best macro_f1 updated to 0.9405 (epoch 22)
Epoch 23/60 | Time 0m13s
  Train | loss=0.1145 | top1=96.18% | top2=99.63% | top3=100.00%
  Valid | loss=0.1816 | top1=92.38% | top2=99.61% | top3=100.00% | acc=92.38% | bal_acc=95.48% | macro_f1=0.9420 | weighted_f1=0.9239 | precision_macro=0.9319 | recall_macro=0.9548 | qwk=0.9089 | mae=0.0859
        ovr_roc_auc_macro=0.9941 | ovr_pr_auc_macro=0.9901
  -> best macro_f1 updated to 0.9420 (epoch 23)
Epoch 24/60 | Time 0m13s
  Train | loss=0.0815 | top1=96.94% | top2=99.85% | top3=100.00%
  Valid | loss=0.2626 | top1=92.58% | top2=98.83% | top3=100.00% | acc=92.58% | bal_acc=93.33% | macro_f1=0.9454 | weighted_f1=0.9256 | precision_macro=0.9609 | recall_macro=0.9333 | qwk=0.8968 | mae=0.0879
        ovr_roc_auc_macro=0.9891 | ovr_pr_auc_macro=0.9822
  -> best macro_f1 updated to 0.9454 (epoch 24)
Epoch 25/60 | Time 0m13s
  Train | loss=0.0933 | top1=96.59% | top2=99.85% | top3=100.00%
  Valid | loss=0.1627 | top1=93.95% | top2=99.61% | top3=100.00% | acc=93.95% | bal_acc=95.59% | macro_f1=0.9242 | weighted_f1=0.9395 | precision_macro=0.8994 | recall_macro=0.9559 | qwk=0.9237 | mae=0.0703
        ovr_roc_auc_macro=0.9950 | ovr_pr_auc_macro=0.9900
Epoch 26/60 | Time 0m13s
  Train | loss=0.0685 | top1=97.50% | top2=99.98% | top3=100.00%
  Valid | loss=0.2001 | top1=92.97% | top2=99.22% | top3=100.00% | acc=92.97% | bal_acc=94.52% | macro_f1=0.9218 | weighted_f1=0.9288 | precision_macro=0.9065 | recall_macro=0.9452 | qwk=0.9097 | mae=0.0820
        ovr_roc_auc_macro=0.9948 | ovr_pr_auc_macro=0.9898
Epoch 27/60 | Time 0m13s
  Train | loss=0.0694 | top1=97.53% | top2=99.80% | top3=100.00%
  Valid | loss=0.1119 | top1=95.51% | top2=99.41% | top3=100.00% | acc=95.51% | bal_acc=96.46% | macro_f1=0.9409 | weighted_f1=0.9550 | precision_macro=0.9212 | recall_macro=0.9646 | qwk=0.9455 | mae=0.0508
        ovr_roc_auc_macro=0.9970 | ovr_pr_auc_macro=0.9937
Epoch 28/60 | Time 0m13s
  Train | loss=0.0613 | top1=97.92% | top2=99.96% | top3=100.00%
  Valid | loss=0.1469 | top1=93.95% | top2=99.41% | top3=100.00% | acc=93.95% | bal_acc=95.68% | macro_f1=0.9511 | weighted_f1=0.9393 | precision_macro=0.9472 | recall_macro=0.9568 | qwk=0.9171 | mae=0.0723
        ovr_roc_auc_macro=0.9959 | ovr_pr_auc_macro=0.9936
  -> best macro_f1 updated to 0.9511 (epoch 28)
Epoch 29/60 | Time 0m13s
  Train | loss=0.0550 | top1=98.20% | top2=99.91% | top3=100.00%
  Valid | loss=0.1192 | top1=96.09% | top2=99.80% | top3=100.00% | acc=96.09% | bal_acc=96.92% | macro_f1=0.9469 | weighted_f1=0.9610 | precision_macro=0.9285 | recall_macro=0.9692 | qwk=0.9502 | mae=0.0449
        ovr_roc_auc_macro=0.9965 | ovr_pr_auc_macro=0.9938
Epoch 30/60 | Time 0m14s
  Train | loss=0.0389 | top1=98.85% | top2=99.93% | top3=100.00%
  Valid | loss=0.1270 | top1=95.31% | top2=99.80% | top3=100.00% | acc=95.31% | bal_acc=96.53% | macro_f1=0.9658 | weighted_f1=0.9532 | precision_macro=0.9663 | recall_macro=0.9653 | qwk=0.9478 | mae=0.0508
        ovr_roc_auc_macro=0.9964 | ovr_pr_auc_macro=0.9935
  -> best macro_f1 updated to 0.9658 (epoch 30)
Epoch 31/60 | Time 0m13s
  Train | loss=0.0379 | top1=98.61% | top2=99.98% | top3=100.00%
  Valid | loss=0.1283 | top1=94.73% | top2=99.02% | top3=100.00% | acc=94.73% | bal_acc=95.78% | macro_f1=0.9564 | weighted_f1=0.9472 | precision_macro=0.9552 | recall_macro=0.9578 | qwk=0.9330 | mae=0.0605
        ovr_roc_auc_macro=0.9965 | ovr_pr_auc_macro=0.9925
Epoch 32/60 | Time 0m13s
  Train | loss=0.0399 | top1=98.72% | top2=99.93% | top3=100.00%
  Valid | loss=0.1355 | top1=95.12% | top2=99.22% | top3=100.00% | acc=95.12% | bal_acc=96.39% | macro_f1=0.9633 | weighted_f1=0.9510 | precision_macro=0.9634 | recall_macro=0.9639 | qwk=0.9417 | mae=0.0547
        ovr_roc_auc_macro=0.9971 | ovr_pr_auc_macro=0.9948
Epoch 33/60 | Time 0m13s
  Train | loss=0.0403 | top1=98.63% | top2=99.98% | top3=100.00%
  Valid | loss=0.1348 | top1=95.12% | top2=99.41% | top3=100.00% | acc=95.12% | bal_acc=96.64% | macro_f1=0.9619 | weighted_f1=0.9510 | precision_macro=0.9582 | recall_macro=0.9664 | qwk=0.9523 | mae=0.0508
        ovr_roc_auc_macro=0.9967 | ovr_pr_auc_macro=0.9941
Epoch 34/60 | Time 0m14s
  Train | loss=0.0415 | top1=98.55% | top2=99.91% | top3=100.00%
  Valid | loss=0.1048 | top1=96.48% | top2=99.41% | top3=100.00% | acc=96.48% | bal_acc=97.32% | macro_f1=0.9742 | weighted_f1=0.9648 | precision_macro=0.9753 | recall_macro=0.9732 | qwk=0.9534 | mae=0.0410
        ovr_roc_auc_macro=0.9975 | ovr_pr_auc_macro=0.9947
  -> best macro_f1 updated to 0.9742 (epoch 34)
Epoch 35/60 | Time 0m13s
  Train | loss=0.0251 | top1=99.18% | top2=99.96% | top3=100.00%
  Valid | loss=0.0912 | top1=96.68% | top2=99.61% | top3=100.00% | acc=96.68% | bal_acc=97.63% | macro_f1=0.9740 | weighted_f1=0.9669 | precision_macro=0.9718 | recall_macro=0.9763 | qwk=0.9653 | mae=0.0352
        ovr_roc_auc_macro=0.9982 | ovr_pr_auc_macro=0.9967
Epoch 36/60 | Time 0m13s
  Train | loss=0.0247 | top1=99.31% | top2=100.00% | top3=100.00%
  Valid | loss=0.0981 | top1=96.88% | top2=99.22% | top3=99.80% | acc=96.88% | bal_acc=97.60% | macro_f1=0.9544 | weighted_f1=0.9688 | precision_macro=0.9365 | recall_macro=0.9760 | qwk=0.9520 | mae=0.0391
        ovr_roc_auc_macro=0.9979 | ovr_pr_auc_macro=0.9965
Epoch 37/60 | Time 0m13s
  Train | loss=0.0237 | top1=99.18% | top2=99.98% | top3=100.00%
  Valid | loss=0.1107 | top1=95.90% | top2=99.41% | top3=100.00% | acc=95.90% | bal_acc=96.61% | macro_f1=0.9425 | weighted_f1=0.9589 | precision_macro=0.9234 | recall_macro=0.9661 | qwk=0.9390 | mae=0.0508
        ovr_roc_auc_macro=0.9979 | ovr_pr_auc_macro=0.9956
Epoch 38/60 | Time 0m13s
  Train | loss=0.0208 | top1=99.22% | top2=99.96% | top3=100.00%
  Valid | loss=0.1372 | top1=95.70% | top2=99.02% | top3=99.80% | acc=95.70% | bal_acc=97.10% | macro_f1=0.9410 | weighted_f1=0.9569 | precision_macro=0.9174 | recall_macro=0.9710 | qwk=0.9533 | mae=0.0469
        ovr_roc_auc_macro=0.9976 | ovr_pr_auc_macro=0.9957
Epoch 39/60 | Time 0m13s
  Train | loss=0.0163 | top1=99.48% | top2=99.98% | top3=100.00%
  Valid | loss=0.1093 | top1=96.09% | top2=99.41% | top3=100.00% | acc=96.09% | bal_acc=96.46% | macro_f1=0.9672 | weighted_f1=0.9609 | precision_macro=0.9698 | recall_macro=0.9646 | qwk=0.9392 | mae=0.0488
        ovr_roc_auc_macro=0.9975 | ovr_pr_auc_macro=0.9955
Epoch 40/60 | Time 0m13s
  Train | loss=0.0240 | top1=99.15% | top2=100.00% | top3=100.00%
  Valid | loss=0.0963 | top1=96.88% | top2=99.22% | top3=100.00% | acc=96.88% | bal_acc=97.39% | macro_f1=0.9531 | weighted_f1=0.9688 | precision_macro=0.9361 | recall_macro=0.9739 | qwk=0.9519 | mae=0.0391
        ovr_roc_auc_macro=0.9981 | ovr_pr_auc_macro=0.9962
Epoch 41/60 | Time 0m13s
  Train | loss=0.0139 | top1=99.54% | top2=100.00% | top3=100.00%
  Valid | loss=0.0950 | top1=96.88% | top2=99.61% | top3=100.00% | acc=96.88% | bal_acc=97.56% | macro_f1=0.9518 | weighted_f1=0.9688 | precision_macro=0.9318 | recall_macro=0.9756 | qwk=0.9574 | mae=0.0371
        ovr_roc_auc_macro=0.9983 | ovr_pr_auc_macro=0.9963
Epoch 42/60 | Time 0m13s
  Train | loss=0.0205 | top1=99.28% | top2=99.93% | top3=100.00%
  Valid | loss=0.0833 | top1=97.27% | top2=99.80% | top3=100.00% | acc=97.27% | bal_acc=97.80% | macro_f1=0.9788 | weighted_f1=0.9726 | precision_macro=0.9796 | recall_macro=0.9780 | qwk=0.9655 | mae=0.0312
        ovr_roc_auc_macro=0.9984 | ovr_pr_auc_macro=0.9974
  -> best macro_f1 updated to 0.9788 (epoch 42)
Epoch 43/60 | Time 0m13s
  Train | loss=0.0191 | top1=99.39% | top2=100.00% | top3=100.00%
  Valid | loss=0.0931 | top1=97.66% | top2=99.61% | top3=100.00% | acc=97.66% | bal_acc=98.49% | macro_f1=0.9822 | weighted_f1=0.9765 | precision_macro=0.9799 | recall_macro=0.9849 | qwk=0.9743 | mae=0.0254
        ovr_roc_auc_macro=0.9982 | ovr_pr_auc_macro=0.9969
  -> best macro_f1 updated to 0.9822 (epoch 43)
Epoch 44/60 | Time 0m13s
  Train | loss=0.0133 | top1=99.54% | top2=99.98% | top3=100.00%
  Valid | loss=0.0971 | top1=97.27% | top2=99.80% | top3=100.00% | acc=97.27% | bal_acc=97.84% | macro_f1=0.9788 | weighted_f1=0.9726 | precision_macro=0.9792 | recall_macro=0.9784 | qwk=0.9654 | mae=0.0312
        ovr_roc_auc_macro=0.9980 | ovr_pr_auc_macro=0.9967
Epoch 45/60 | Time 0m13s
  Train | loss=0.0100 | top1=99.67% | top2=100.00% | top3=100.00%
  Valid | loss=0.1047 | top1=96.48% | top2=99.41% | top3=100.00% | acc=96.48% | bal_acc=97.24% | macro_f1=0.9739 | weighted_f1=0.9647 | precision_macro=0.9758 | recall_macro=0.9724 | qwk=0.9586 | mae=0.0391
        ovr_roc_auc_macro=0.9985 | ovr_pr_auc_macro=0.9973
Epoch 46/60 | Time 0m13s
  Train | loss=0.0106 | top1=99.65% | top2=99.98% | top3=100.00%
  Valid | loss=0.0866 | top1=96.29% | top2=99.61% | top3=100.00% | acc=96.29% | bal_acc=97.14% | macro_f1=0.9507 | weighted_f1=0.9628 | precision_macro=0.9341 | recall_macro=0.9714 | qwk=0.9470 | mae=0.0449
        ovr_roc_auc_macro=0.9987 | ovr_pr_auc_macro=0.9977
Epoch 47/60 | Time 0m13s
  Train | loss=0.0114 | top1=99.74% | top2=100.00% | top3=100.00%
  Valid | loss=0.0885 | top1=96.48% | top2=99.41% | top3=100.00% | acc=96.48% | bal_acc=97.49% | macro_f1=0.9529 | weighted_f1=0.9648 | precision_macro=0.9351 | recall_macro=0.9749 | qwk=0.9540 | mae=0.0410
        ovr_roc_auc_macro=0.9989 | ovr_pr_auc_macro=0.9980
Epoch 48/60 | Time 0m14s
  Train | loss=0.0120 | top1=99.50% | top2=100.00% | top3=100.00%
  Valid | loss=0.0729 | top1=97.27% | top2=100.00% | top3=100.00% | acc=97.27% | bal_acc=98.21% | macro_f1=0.9798 | weighted_f1=0.9726 | precision_macro=0.9779 | recall_macro=0.9821 | qwk=0.9709 | mae=0.0293
        ovr_roc_auc_macro=0.9990 | ovr_pr_auc_macro=0.9982
Epoch 49/60 | Time 0m13s
  Train | loss=0.0111 | top1=99.65% | top2=100.00% | top3=100.00%
  Valid | loss=0.0750 | top1=97.27% | top2=99.80% | top3=100.00% | acc=97.27% | bal_acc=98.25% | macro_f1=0.9811 | weighted_f1=0.9726 | precision_macro=0.9798 | recall_macro=0.9825 | qwk=0.9708 | mae=0.0293
        ovr_roc_auc_macro=0.9991 | ovr_pr_auc_macro=0.9983
Epoch 50/60 | Time 0m13s
  Train | loss=0.0057 | top1=99.85% | top2=100.00% | top3=100.00%
  Valid | loss=0.0742 | top1=97.07% | top2=100.00% | top3=100.00% | acc=97.07% | bal_acc=98.12% | macro_f1=0.9786 | weighted_f1=0.9706 | precision_macro=0.9765 | recall_macro=0.9812 | qwk=0.9692 | mae=0.0312
        ovr_roc_auc_macro=0.9990 | ovr_pr_auc_macro=0.9984
Epoch 51/60 | Time 0m13s
  Train | loss=0.0069 | top1=99.87% | top2=100.00% | top3=100.00%
  Valid | loss=0.0711 | top1=97.27% | top2=100.00% | top3=100.00% | acc=97.27% | bal_acc=98.21% | macro_f1=0.9808 | weighted_f1=0.9725 | precision_macro=0.9798 | recall_macro=0.9821 | qwk=0.9760 | mae=0.0273
        ovr_roc_auc_macro=0.9991 | ovr_pr_auc_macro=0.9985
Epoch 52/60 | Time 0m13s
  Train | loss=0.0042 | top1=99.93% | top2=100.00% | top3=100.00%
  Valid | loss=0.0714 | top1=97.07% | top2=99.80% | top3=100.00% | acc=97.07% | bal_acc=98.12% | macro_f1=0.9809 | weighted_f1=0.9706 | precision_macro=0.9807 | recall_macro=0.9812 | qwk=0.9742 | mae=0.0293
        ovr_roc_auc_macro=0.9991 | ovr_pr_auc_macro=0.9986
Epoch 53/60 | Time 0m13s
  Train | loss=0.0053 | top1=99.85% | top2=100.00% | top3=100.00%
  Valid | loss=0.0720 | top1=97.27% | top2=99.61% | top3=100.00% | acc=97.27% | bal_acc=98.21% | macro_f1=0.9810 | weighted_f1=0.9726 | precision_macro=0.9803 | recall_macro=0.9821 | qwk=0.9708 | mae=0.0293
        ovr_roc_auc_macro=0.9993 | ovr_pr_auc_macro=0.9988
Epoch 54/60 | Time 0m13s
  Train | loss=0.0064 | top1=99.80% | top2=100.00% | top3=100.00%
  Valid | loss=0.0690 | top1=97.27% | top2=99.80% | top3=100.00% | acc=97.27% | bal_acc=98.25% | macro_f1=0.9811 | weighted_f1=0.9726 | precision_macro=0.9798 | recall_macro=0.9825 | qwk=0.9708 | mae=0.0293
        ovr_roc_auc_macro=0.9992 | ovr_pr_auc_macro=0.9988
Epoch 55/60 | Time 0m13s
  Train | loss=0.0056 | top1=99.83% | top2=100.00% | top3=100.00%
  Valid | loss=0.0672 | top1=97.46% | top2=99.80% | top3=100.00% | acc=97.46% | bal_acc=98.35% | macro_f1=0.9833 | weighted_f1=0.9745 | precision_macro=0.9831 | recall_macro=0.9835 | qwk=0.9776 | mae=0.0254
        ovr_roc_auc_macro=0.9992 | ovr_pr_auc_macro=0.9988
  -> best macro_f1 updated to 0.9833 (epoch 55)
Epoch 56/60 | Time 0m13s
  Train | loss=0.0067 | top1=99.76% | top2=100.00% | top3=100.00%
  Valid | loss=0.0644 | top1=97.46% | top2=99.61% | top3=100.00% | acc=97.46% | bal_acc=98.35% | macro_f1=0.9833 | weighted_f1=0.9745 | precision_macro=0.9831 | recall_macro=0.9835 | qwk=0.9776 | mae=0.0254
        ovr_roc_auc_macro=0.9994 | ovr_pr_auc_macro=0.9990
Epoch 57/60 | Time 0m13s
  Train | loss=0.0064 | top1=99.80% | top2=100.00% | top3=100.00%
  Valid | loss=0.0599 | top1=97.27% | top2=99.61% | top3=100.00% | acc=97.27% | bal_acc=98.25% | macro_f1=0.9821 | weighted_f1=0.9726 | precision_macro=0.9817 | recall_macro=0.9825 | qwk=0.9759 | mae=0.0273
        ovr_roc_auc_macro=0.9993 | ovr_pr_auc_macro=0.9990
Epoch 58/60 | Time 0m13s
  Train | loss=0.0081 | top1=99.76% | top2=100.00% | top3=100.00%
  Valid | loss=0.0593 | top1=97.85% | top2=100.00% | top3=100.00% | acc=97.85% | bal_acc=98.72% | macro_f1=0.9847 | weighted_f1=0.9785 | precision_macro=0.9823 | recall_macro=0.9872 | qwk=0.9759 | mae=0.0234
        ovr_roc_auc_macro=0.9993 | ovr_pr_auc_macro=0.9989
  -> best macro_f1 updated to 0.9847 (epoch 58)
Epoch 59/60 | Time 0m13s
  Train | loss=0.0055 | top1=99.83% | top2=100.00% | top3=100.00%
  Valid | loss=0.0591 | top1=97.66% | top2=100.00% | top3=100.00% | acc=97.66% | bal_acc=98.58% | macro_f1=0.9835 | weighted_f1=0.9765 | precision_macro=0.9813 | recall_macro=0.9858 | qwk=0.9742 | mae=0.0254
        ovr_roc_auc_macro=0.9993 | ovr_pr_auc_macro=0.9989
Epoch 60/60 | Time 0m13s
  Train | loss=0.0057 | top1=99.91% | top2=100.00% | top3=100.00%
  Valid | loss=0.0614 | top1=97.46% | top2=100.00% | top3=100.00% | acc=97.46% | bal_acc=98.35% | macro_f1=0.9833 | weighted_f1=0.9745 | precision_macro=0.9831 | recall_macro=0.9835 | qwk=0.9776 | mae=0.0254
        ovr_roc_auc_macro=0.9993 | ovr_pr_auc_macro=0.9989

[TEST] loss=ce
  Test | loss=0.0344 | top1=99.06% | top2=100.00% | top3=100.00% | acc=99.06% | bal_acc=99.26% | macro_f1=0.9923 | weighted_f1=0.9906 | precision_macro=0.9920 | recall_macro=0.9926 | qwk=0.9917 | mae=0.0094
        ovr_roc_auc_macro=0.9994 | ovr_pr_auc_macro=0.9991

==========================================================================================
Summary CSV saved: /root/autodl-tmp/MedVisionLab/Alzheimer_MRI_Loss/logs/ResNet_layer3+MECS_controlled_mecsb_vb_koa_adni_10seed_20260803_234110_adni_resnet50_plus_mesc_versionb_seed8_20260804_122238_summary.csv
Top results by test_macro_f1:
  ce: macro_f1=0.9923, acc=99.06%, bal_acc=99.26%
Log file saved: /root/autodl-tmp/MedVisionLab/Alzheimer_MRI_Loss/logs/ResNet_layer3+MECS_controlled_mecsb_vb_koa_adni_10seed_20260803_234110_adni_resnet50_plus_mesc_versionb_seed8_20260804_122238.log
==========================================================================================

==========================================================================================
RETURN_CODE: 0
