DATASET: KOA
METHOD: ResNet50
SEED: 1
SCRIPT: /root/autodl-tmp/MedVisionLab/Knee/ResNet_baseline.py
RUN_TAG: controlled_mecsb_vb_koa_adni_10seed_20260803_234110_koa_resnet50_seed1
COMMAND: /root/miniconda3/envs/medvision/bin/python -u /root/autodl-tmp/MedVisionLab/Knee/ResNet_baseline.py
==========================================================================================
Starting Knee Osteoarthritis ResNet50 Baseline...
Using device: cuda
CUDA device: NVIDIA GeForce RTX 3090
Run tag: controlled_mecsb_vb_koa_adni_10seed_20260803_234110_koa_resnet50_seed1
Config | seed=1, batch_size=32, epochs=60, image_size=224
Class mapping from folders: {'0': 0, '1': 1, '2': 2, '3': 3, '4': 4}

Train samples: 5778
Train class distribution:
  0_Normal: 2286
  1_Doubtful: 1046
  2_Mild: 1516
  3_Moderate: 757
  4_Severe: 173

Valid samples: 826
Valid class distribution:
  0_Normal: 328
  1_Doubtful: 153
  2_Mild: 212
  3_Moderate: 106
  4_Severe: 27

Test samples: 1656
Test class distribution:
  0_Normal: 639
  1_Doubtful: 296
  2_Mild: 447
  3_Moderate: 223
  4_Severe: 51

AutoTest samples: 1526
AutoTest class distribution:
  0_Normal: 604
  1_Doubtful: 275
  2_Mild: 403
  3_Moderate: 200
  4_Severe: 44

Split sizes | train=5778, valid=826, test=1656, auto_test=1526
Loading pretrained ResNet50...
Trainable parameters: 23,518,277

[INFO] Class counts in training set: [2286 1046 1516  757  173]
[INFO] Using Standard CrossEntropyLoss (No class weights).
Starting training...

Epoch 01/60 | Time 0m 14s
  Train | loss=1.4496 | top1=37.97% | top2=63.61% | top3=81.60%
  Valid | loss=1.3906 | top1=39.54% | top2=65.02% | top3=83.17% | acc=39.83% | bal_acc=20.19% | macro_f1=0.1213 | qwk=0.0246 | mae=1.1925 | weighted_f1=0.2358 | precision_macro=0.1302 | recall_macro=0.2019
         ovr_roc_auc_macro=0.5912 | ovr_pr_auc_macro=0.2655
 Initial best model saved to /root/autodl-tmp/MedVisionLab/Knee/checkpoints/best_resnet50_knee_oa_standard_ce_controlled_mecsb_vb_koa_adni_10seed_20260803_234110_koa_resnet50_seed1.pt (QWK=0.0246)

Epoch 02/60 | Time 0m 13s
  Train | loss=1.3138 | top1=43.25% | top2=66.83% | top3=85.29%
  Valid | loss=1.2358 | top1=45.79% | top2=71.88% | top3=89.66% | acc=46.13% | bal_acc=25.63% | macro_f1=0.1996 | qwk=0.4049 | mae=0.8547 | weighted_f1=0.3472 | precision_macro=0.1711 | recall_macro=0.2563
         ovr_roc_auc_macro=0.7458 | ovr_pr_auc_macro=0.4029
 Validation improved. Saved best model to /root/autodl-tmp/MedVisionLab/Knee/checkpoints/best_resnet50_knee_oa_standard_ce_controlled_mecsb_vb_koa_adni_10seed_20260803_234110_koa_resnet50_seed1.pt (QWK=0.4049)

Epoch 03/60 | Time 0m 13s
  Train | loss=1.0925 | top1=54.47% | top2=78.18% | top3=94.16%
  Valid | loss=1.0251 | top1=58.04% | top2=78.37% | top3=98.08% | acc=58.35% | bal_acc=44.27% | macro_f1=0.4303 | qwk=0.6751 | mae=0.5726 | weighted_f1=0.5171 | precision_macro=0.5628 | recall_macro=0.4427
         ovr_roc_auc_macro=0.8346 | ovr_pr_auc_macro=0.5928
 Validation improved. Saved best model to /root/autodl-tmp/MedVisionLab/Knee/checkpoints/best_resnet50_knee_oa_standard_ce_controlled_mecsb_vb_koa_adni_10seed_20260803_234110_koa_resnet50_seed1.pt (QWK=0.6751)

Epoch 04/60 | Time 0m 14s
  Train | loss=0.8975 | top1=62.60% | top2=84.84% | top3=98.24%
  Valid | loss=0.9363 | top1=58.96% | top2=83.65% | top3=96.88% | acc=58.72% | bal_acc=63.91% | macro_f1=0.6069 | qwk=0.7162 | mae=0.5424 | weighted_f1=0.5756 | precision_macro=0.5940 | recall_macro=0.6391
         ovr_roc_auc_macro=0.8591 | ovr_pr_auc_macro=0.6754
 Validation improved. Saved best model to /root/autodl-tmp/MedVisionLab/Knee/checkpoints/best_resnet50_knee_oa_standard_ce_controlled_mecsb_vb_koa_adni_10seed_20260803_234110_koa_resnet50_seed1.pt (QWK=0.7162)

Epoch 05/60 | Time 0m 14s
  Train | loss=0.8133 | top1=65.17% | top2=87.92% | top3=98.77%
  Valid | loss=0.8192 | top1=64.64% | top2=86.87% | top3=98.20% | acc=64.41% | bal_acc=67.77% | macro_f1=0.6583 | qwk=0.7895 | mae=0.4395 | weighted_f1=0.6394 | precision_macro=0.6485 | recall_macro=0.6777
         ovr_roc_auc_macro=0.8846 | ovr_pr_auc_macro=0.7119
 Validation improved. Saved best model to /root/autodl-tmp/MedVisionLab/Knee/checkpoints/best_resnet50_knee_oa_standard_ce_controlled_mecsb_vb_koa_adni_10seed_20260803_234110_koa_resnet50_seed1.pt (QWK=0.7895)

Epoch 06/60 | Time 0m 14s
  Train | loss=0.7667 | top1=67.82% | top2=89.53% | top3=98.91%
  Valid | loss=0.9205 | top1=63.55% | top2=84.95% | top3=96.75% | acc=63.32% | bal_acc=65.88% | macro_f1=0.6004 | qwk=0.7248 | mae=0.5097 | weighted_f1=0.5821 | precision_macro=0.6497 | recall_macro=0.6588
         ovr_roc_auc_macro=0.8752 | ovr_pr_auc_macro=0.6959
 No improvement. Bad epochs: 1/15

Epoch 07/60 | Time 0m 14s
  Train | loss=0.7173 | top1=70.11% | top2=90.93% | top3=99.15%
  Valid | loss=0.8625 | top1=63.35% | top2=87.83% | top3=98.53% | acc=63.20% | bal_acc=61.57% | macro_f1=0.6228 | qwk=0.7816 | mae=0.4516 | weighted_f1=0.6154 | precision_macro=0.6496 | recall_macro=0.6157
         ovr_roc_auc_macro=0.8735 | ovr_pr_auc_macro=0.6961
 No improvement. Bad epochs: 2/15

Epoch 08/60 | Time 0m 14s
  Train | loss=0.6706 | top1=72.07% | top2=92.03% | top3=99.27%
  Valid | loss=0.8607 | top1=63.44% | top2=88.46% | top3=97.96% | acc=63.32% | bal_acc=66.28% | macro_f1=0.6620 | qwk=0.7769 | mae=0.4479 | weighted_f1=0.6362 | precision_macro=0.6650 | recall_macro=0.6628
         ovr_roc_auc_macro=0.8816 | ovr_pr_auc_macro=0.7120
 No improvement. Bad epochs: 3/15

Epoch 09/60 | Time 0m 14s
  Train | loss=0.6279 | top1=73.74% | top2=92.86% | top3=99.55%
  Valid | loss=0.8755 | top1=64.43% | top2=86.90% | top3=97.48% | acc=64.29% | bal_acc=68.24% | macro_f1=0.6602 | qwk=0.7984 | mae=0.4249 | weighted_f1=0.6509 | precision_macro=0.6532 | recall_macro=0.6824
         ovr_roc_auc_macro=0.8877 | ovr_pr_auc_macro=0.7204
 Validation improved. Saved best model to /root/autodl-tmp/MedVisionLab/Knee/checkpoints/best_resnet50_knee_oa_standard_ce_controlled_mecsb_vb_koa_adni_10seed_20260803_234110_koa_resnet50_seed1.pt (QWK=0.7984)

Epoch 10/60 | Time 0m 14s
  Train | loss=0.5875 | top1=76.20% | top2=94.04% | top3=99.46%
  Valid | loss=0.8263 | top1=66.36% | top2=88.94% | top3=98.56% | acc=66.22% | bal_acc=66.22% | macro_f1=0.6659 | qwk=0.7973 | mae=0.4177 | weighted_f1=0.6522 | precision_macro=0.6798 | recall_macro=0.6622
         ovr_roc_auc_macro=0.8873 | ovr_pr_auc_macro=0.7250
 No improvement. Bad epochs: 1/15

Epoch 11/60 | Time 0m 14s
  Train | loss=0.5422 | top1=78.04% | top2=94.29% | top3=99.71%
  Valid | loss=1.0198 | top1=59.77% | top2=83.41% | top3=95.79% | acc=59.56% | bal_acc=65.47% | macro_f1=0.6211 | qwk=0.7206 | mae=0.5291 | weighted_f1=0.5954 | precision_macro=0.6076 | recall_macro=0.6547
         ovr_roc_auc_macro=0.8721 | ovr_pr_auc_macro=0.6870
 No improvement. Bad epochs: 2/15

Epoch 12/60 | Time 0m 14s
  Train | loss=0.5108 | top1=79.27% | top2=95.11% | top3=99.64%
  Valid | loss=0.8800 | top1=63.71% | top2=88.46% | top3=98.20% | acc=63.56% | bal_acc=65.26% | macro_f1=0.6328 | qwk=0.7823 | mae=0.4504 | weighted_f1=0.6302 | precision_macro=0.6187 | recall_macro=0.6526
         ovr_roc_auc_macro=0.8846 | ovr_pr_auc_macro=0.7137
 No improvement. Bad epochs: 3/15

Epoch 13/60 | Time 0m 14s
  Train | loss=0.4543 | top1=82.26% | top2=96.15% | top3=99.72%
  Valid | loss=1.0264 | top1=63.41% | top2=88.91% | top3=98.20% | acc=63.20% | bal_acc=63.90% | macro_f1=0.6265 | qwk=0.7941 | mae=0.4383 | weighted_f1=0.6280 | precision_macro=0.6381 | recall_macro=0.6390
         ovr_roc_auc_macro=0.8680 | ovr_pr_auc_macro=0.6943
 No improvement. Bad epochs: 4/15

Epoch 14/60 | Time 0m 14s
  Train | loss=0.4101 | top1=84.01% | top2=96.79% | top3=99.84%
  Valid | loss=1.2450 | top1=64.91% | top2=86.63% | top3=98.32% | acc=64.77% | bal_acc=63.84% | macro_f1=0.6388 | qwk=0.7577 | mae=0.4564 | weighted_f1=0.6199 | precision_macro=0.6906 | recall_macro=0.6384
         ovr_roc_auc_macro=0.8754 | ovr_pr_auc_macro=0.7018
 No improvement. Bad epochs: 5/15

Epoch 15/60 | Time 0m 14s
  Train | loss=0.3551 | top1=86.09% | top2=97.64% | top3=99.88%
  Valid | loss=1.2613 | top1=64.04% | top2=89.64% | top3=98.92% | acc=63.92% | bal_acc=64.14% | macro_f1=0.6449 | qwk=0.7883 | mae=0.4467 | weighted_f1=0.6250 | precision_macro=0.6649 | recall_macro=0.6414
         ovr_roc_auc_macro=0.8701 | ovr_pr_auc_macro=0.7042
 No improvement. Bad epochs: 6/15

Epoch 16/60 | Time 0m 14s
  Train | loss=0.3185 | top1=87.93% | top2=97.84% | top3=99.95%
  Valid | loss=1.2456 | top1=57.91% | top2=86.96% | top3=98.44% | acc=57.75% | bal_acc=63.86% | macro_f1=0.6381 | qwk=0.7796 | mae=0.4709 | weighted_f1=0.5999 | precision_macro=0.6702 | recall_macro=0.6386
         ovr_roc_auc_macro=0.8766 | ovr_pr_auc_macro=0.7042
 No improvement. Bad epochs: 7/15

Epoch 17/60 | Time 0m 14s
  Train | loss=0.2853 | top1=89.40% | top2=98.23% | top3=99.83%
  Valid | loss=1.2695 | top1=61.67% | top2=86.66% | top3=98.08% | acc=61.50% | bal_acc=64.49% | macro_f1=0.6295 | qwk=0.7851 | mae=0.4588 | weighted_f1=0.6205 | precision_macro=0.6201 | recall_macro=0.6449
         ovr_roc_auc_macro=0.8760 | ovr_pr_auc_macro=0.7011
 No improvement. Bad epochs: 8/15

Epoch 18/60 | Time 0m 14s
  Train | loss=0.2391 | top1=91.00% | top2=98.74% | top3=99.95%
  Valid | loss=1.2151 | top1=63.29% | top2=87.26% | top3=98.80% | acc=63.08% | bal_acc=64.54% | macro_f1=0.6212 | qwk=0.7912 | mae=0.4492 | weighted_f1=0.6220 | precision_macro=0.6147 | recall_macro=0.6454
         ovr_roc_auc_macro=0.8671 | ovr_pr_auc_macro=0.6842
 No improvement. Bad epochs: 9/15

Epoch 19/60 | Time 0m 14s
  Train | loss=0.2034 | top1=92.31% | top2=99.10% | top3=99.93%
  Valid | loss=1.3674 | top1=59.50% | top2=86.54% | top3=97.36% | acc=59.32% | bal_acc=63.48% | macro_f1=0.6174 | qwk=0.7704 | mae=0.4891 | weighted_f1=0.5922 | precision_macro=0.6054 | recall_macro=0.6348
         ovr_roc_auc_macro=0.8693 | ovr_pr_auc_macro=0.6909
 No improvement. Bad epochs: 10/15

Epoch 20/60 | Time 0m 14s
  Train | loss=0.1905 | top1=93.08% | top2=99.12% | top3=99.98%
  Valid | loss=1.2917 | top1=65.13% | top2=87.35% | top3=97.60% | acc=65.01% | bal_acc=65.51% | macro_f1=0.6500 | qwk=0.7881 | mae=0.4322 | weighted_f1=0.6418 | precision_macro=0.6475 | recall_macro=0.6551
         ovr_roc_auc_macro=0.8762 | ovr_pr_auc_macro=0.6988
 No improvement. Bad epochs: 11/15

Epoch 21/60 | Time 0m 14s
  Train | loss=0.1795 | top1=93.42% | top2=99.24% | top3=99.98%
  Valid | loss=1.4946 | top1=63.15% | top2=86.03% | top3=97.60% | acc=63.08% | bal_acc=64.78% | macro_f1=0.6641 | qwk=0.7784 | mae=0.4443 | weighted_f1=0.6380 | precision_macro=0.6913 | recall_macro=0.6478
         ovr_roc_auc_macro=0.8746 | ovr_pr_auc_macro=0.7053
 No improvement. Bad epochs: 12/15

Epoch 22/60 | Time 0m 13s
  Train | loss=0.1481 | top1=94.25% | top2=99.29% | top3=99.95%
  Valid | loss=1.3244 | top1=65.34% | top2=88.19% | top3=98.20% | acc=65.25% | bal_acc=66.60% | macro_f1=0.6750 | qwk=0.7956 | mae=0.4201 | weighted_f1=0.6556 | precision_macro=0.6869 | recall_macro=0.6660
         ovr_roc_auc_macro=0.8819 | ovr_pr_auc_macro=0.7162
 No improvement. Bad epochs: 13/15

Epoch 23/60 | Time 0m 14s
  Train | loss=0.1336 | top1=95.29% | top2=99.46% | top3=99.97%
  Valid | loss=1.4638 | top1=63.50% | top2=87.47% | top3=98.44% | acc=63.32% | bal_acc=64.89% | macro_f1=0.6286 | qwk=0.7731 | mae=0.4613 | weighted_f1=0.6257 | precision_macro=0.6199 | recall_macro=0.6489
         ovr_roc_auc_macro=0.8681 | ovr_pr_auc_macro=0.6866
 No improvement. Bad epochs: 14/15

Epoch 24/60 | Time 0m 14s
  Train | loss=0.1150 | top1=96.01% | top2=99.71% | top3=99.97%
  Valid | loss=1.6844 | top1=64.40% | top2=87.11% | top3=98.20% | acc=64.29% | bal_acc=64.36% | macro_f1=0.6465 | qwk=0.7725 | mae=0.4564 | weighted_f1=0.6317 | precision_macro=0.6546 | recall_macro=0.6436
         ovr_roc_auc_macro=0.8697 | ovr_pr_auc_macro=0.7002
 No improvement. Bad epochs: 15/15
⏹ Early stopping triggered.
 Training stopped early at epoch 24.

Loading best model and evaluating on test set...
Best validation QWK: 0.7984

Test | loss=0.8093 | top1=65.16% | top2=90.06% | top3=99.22% | acc=65.04% | bal_acc=69.38% | macro_f1=0.6677 | qwk=0.8291 | mae=0.3973 | weighted_f1=0.6525 | precision_macro=0.6600 | recall_macro=0.6938
     ovr_roc_auc_macro=0.8936 | ovr_pr_auc_macro=0.7227

Evaluating on auto_test set...

AutoTest | loss=0.7789 | top1=65.63% | top2=90.36% | top3=99.09% | acc=65.47% | bal_acc=68.59% | macro_f1=0.6621 | qwk=0.8382 | mae=0.3847 | weighted_f1=0.6563 | precision_macro=0.6566 | recall_macro=0.6859
         ovr_roc_auc_macro=0.8991 | ovr_pr_auc_macro=0.7408

Knee Osteoarthritis ResNet50 baseline completed!

==========================================================================================
RETURN_CODE: 0
