DATASET: ADNI
METHOD: ResNet50 + MESC VersionB
SEED: 3
SCRIPT: /root/autodl-tmp/MedVisionLab/Alzheimer_MRI_Loss/ResNet_layer3+MECS.py
RUN_TAG: controlled_mecsb_vb_koa_adni_10seed_20260803_234110_adni_resnet50_plus_mesc_versionb_seed3
ALZHEIMER_LOSSES: ce
LOSS: ce
COMMAND: /root/miniconda3/envs/medvision/bin/python -u /root/autodl-tmp/MedVisionLab/tools/run_training_with_mecsb.py --script /root/autodl-tmp/MedVisionLab/Alzheimer_MRI_Loss/ResNet_layer3+MECS.py
==========================================================================================
MESC_IMPLEMENTATION: MECS_VersionB
ORIGINAL_SCRIPT: /root/autodl-tmp/MedVisionLab/Alzheimer_MRI_Loss/ResNet_layer3+MECS.py
==========================================================================================
Injected attention module: MECS_VersionB
Original training script : /root/autodl-tmp/MedVisionLab/Alzheimer_MRI_Loss/ResNet_layer3+MECS.py
Dataset                  : ADNI
Original source modified : no
==========================================================================================
==========================================================================================
Script: ResNet_layer3+MECS
Run tag: controlled_mecsb_vb_koa_adni_10seed_20260803_234110_adni_resnet50_plus_mesc_versionb_seed3
Module: MECS VersionB | Insert after: layer3
Device: cuda
CUDA: NVIDIA GeForce RTX 3090
Data root: /root/autodl-tmp/Augmented_Alzheimer_MRI/OriginalDataset
Class order: ['NonDemented', 'VeryMildDemented', 'MildDemented', 'ModerateDemented'] (used for labels/QWK/MAE/ordinal losses)
Config | seed=3, batch_size=32, epochs=60, num_workers=2, image_size=224, base_lr=0.0001, test_ratio=0.2, val_ratio_within_train=0.1, patience=15
Losses to run: ['ce']
==========================================================================================
Split sizes | train=4608, valid=512, test=1280
Classes (4): ['NonDemented', 'VeryMildDemented', 'MildDemented', 'ModerateDemented']
Train class counts: [2304, 1613, 645, 46]
Valid class counts: [256, 179, 72, 5]
Test class counts : [640, 448, 179, 13]
Loading torchvision ResNet50 pretrained weights once...
Pretrained state keys: 320

##########################################################################################
Starting loss: ce
##########################################################################################
Model params: 27,303,248 | pretrained loaded: 320/346 | feat_dim=2048
Criterion: CrossEntropyLoss
Criterion trainable params: 0
Epoch 01/60 | Time 0m14s
  Train | loss=1.3513 | top1=34.11% | top2=68.38% | top3=84.94%
  Valid | loss=1.2858 | top1=45.31% | top2=84.96% | top3=96.29% | acc=45.31% | bal_acc=24.50% | macro_f1=0.2188 | weighted_f1=0.3965 | precision_macro=0.2041 | recall_macro=0.2450 | qwk=0.0727 | mae=0.6445
        ovr_roc_auc_macro=0.4754 | ovr_pr_auc_macro=0.2596
  -> best macro_f1 updated to 0.2188 (epoch 1)
Epoch 02/60 | Time 0m13s
  Train | loss=1.1846 | top1=49.37% | top2=85.00% | top3=98.55%
  Valid | loss=1.1051 | top1=50.00% | top2=84.96% | top3=99.02% | acc=50.00% | bal_acc=25.00% | macro_f1=0.1667 | weighted_f1=0.3333 | precision_macro=0.1250 | recall_macro=0.2500 | qwk=0.0000 | mae=0.6602
        ovr_roc_auc_macro=0.5484 | ovr_pr_auc_macro=0.2863
Epoch 03/60 | Time 0m13s
  Train | loss=1.0528 | top1=49.98% | top2=85.00% | top3=99.00%
  Valid | loss=1.0215 | top1=50.00% | top2=84.96% | top3=99.02% | acc=50.00% | bal_acc=25.00% | macro_f1=0.1667 | weighted_f1=0.3333 | precision_macro=0.1250 | recall_macro=0.2500 | qwk=0.0000 | mae=0.6602
        ovr_roc_auc_macro=0.6603 | ovr_pr_auc_macro=0.3444
Epoch 04/60 | Time 0m13s
  Train | loss=0.9820 | top1=52.21% | top2=85.00% | top3=99.00%
  Valid | loss=0.9558 | top1=52.93% | top2=84.96% | top3=99.02% | acc=52.93% | bal_acc=28.10% | macro_f1=0.2436 | weighted_f1=0.4432 | precision_macro=0.2485 | recall_macro=0.2810 | qwk=0.1263 | mae=0.5840
        ovr_roc_auc_macro=0.6932 | ovr_pr_auc_macro=0.3820
  -> best macro_f1 updated to 0.2436 (epoch 4)
Epoch 05/60 | Time 0m13s
  Train | loss=0.9078 | top1=57.77% | top2=85.00% | top3=99.00%
  Valid | loss=0.9030 | top1=57.23% | top2=86.72% | top3=99.02% | acc=57.23% | bal_acc=34.16% | macro_f1=0.3099 | weighted_f1=0.5370 | precision_macro=0.3004 | recall_macro=0.3416 | qwk=0.4153 | mae=0.4434
        ovr_roc_auc_macro=0.7356 | ovr_pr_auc_macro=0.4073
  -> best macro_f1 updated to 0.3099 (epoch 5)
Epoch 06/60 | Time 0m13s
  Train | loss=0.8563 | top1=59.64% | top2=86.68% | top3=99.00%
  Valid | loss=0.8315 | top1=59.96% | top2=89.06% | top3=99.02% | acc=59.96% | bal_acc=35.44% | macro_f1=0.3229 | weighted_f1=0.5604 | precision_macro=0.3064 | recall_macro=0.3544 | qwk=0.4298 | mae=0.4238
        ovr_roc_auc_macro=0.8057 | ovr_pr_auc_macro=0.4819
  -> best macro_f1 updated to 0.3229 (epoch 6)
Epoch 07/60 | Time 0m13s
  Train | loss=0.8087 | top1=62.22% | top2=87.80% | top3=99.00%
  Valid | loss=0.8209 | top1=62.89% | top2=89.06% | top3=99.02% | acc=62.89% | bal_acc=41.81% | macro_f1=0.4191 | weighted_f1=0.6251 | precision_macro=0.4424 | recall_macro=0.4181 | qwk=0.5212 | mae=0.4004
        ovr_roc_auc_macro=0.8284 | ovr_pr_auc_macro=0.4993
  -> best macro_f1 updated to 0.4191 (epoch 7)
Epoch 08/60 | Time 0m13s
  Train | loss=0.7585 | top1=65.91% | top2=90.26% | top3=99.00%
  Valid | loss=0.7701 | top1=66.80% | top2=89.45% | top3=99.02% | acc=66.80% | bal_acc=43.35% | macro_f1=0.4406 | weighted_f1=0.6545 | precision_macro=0.4894 | recall_macro=0.4335 | qwk=0.5409 | mae=0.3652
        ovr_roc_auc_macro=0.8410 | ovr_pr_auc_macro=0.5564
  -> best macro_f1 updated to 0.4406 (epoch 8)
Epoch 09/60 | Time 0m13s
  Train | loss=0.7034 | top1=69.34% | top2=91.49% | top3=99.00%
  Valid | loss=0.7360 | top1=69.92% | top2=90.23% | top3=99.02% | acc=69.92% | bal_acc=45.90% | macro_f1=0.4728 | weighted_f1=0.6816 | precision_macro=0.5166 | recall_macro=0.4590 | qwk=0.5472 | mae=0.3516
        ovr_roc_auc_macro=0.8776 | ovr_pr_auc_macro=0.6171
  -> best macro_f1 updated to 0.4728 (epoch 9)
Epoch 10/60 | Time 0m13s
  Train | loss=0.6446 | top1=72.57% | top2=93.12% | top3=99.00%
  Valid | loss=0.6895 | top1=68.95% | top2=91.41% | top3=99.02% | acc=68.95% | bal_acc=52.19% | macro_f1=0.4872 | weighted_f1=0.6890 | precision_macro=0.4880 | recall_macro=0.5219 | qwk=0.6085 | mae=0.3730
        ovr_roc_auc_macro=0.9065 | ovr_pr_auc_macro=0.6754
  -> best macro_f1 updated to 0.4872 (epoch 10)
Epoch 11/60 | Time 0m13s
  Train | loss=0.5596 | top1=77.00% | top2=94.73% | top3=99.05%
  Valid | loss=0.7494 | top1=66.21% | top2=92.97% | top3=99.22% | acc=66.21% | bal_acc=44.90% | macro_f1=0.4483 | weighted_f1=0.6211 | precision_macro=0.5230 | recall_macro=0.4490 | qwk=0.5056 | mae=0.4062
        ovr_roc_auc_macro=0.9070 | ovr_pr_auc_macro=0.7109
Epoch 12/60 | Time 0m13s
  Train | loss=0.4919 | top1=80.32% | top2=95.51% | top3=99.48%
  Valid | loss=0.5563 | top1=77.73% | top2=94.53% | top3=99.80% | acc=77.73% | bal_acc=58.77% | macro_f1=0.5726 | weighted_f1=0.7769 | precision_macro=0.5646 | recall_macro=0.5877 | qwk=0.7254 | mae=0.2480
        ovr_roc_auc_macro=0.9355 | ovr_pr_auc_macro=0.8327
  -> best macro_f1 updated to 0.5726 (epoch 12)
Epoch 13/60 | Time 0m13s
  Train | loss=0.4280 | top1=83.16% | top2=97.24% | top3=99.72%
  Valid | loss=0.4513 | top1=83.01% | top2=95.31% | top3=100.00% | acc=83.01% | bal_acc=61.94% | macro_f1=0.6710 | weighted_f1=0.8219 | precision_macro=0.8838 | recall_macro=0.6194 | qwk=0.7417 | mae=0.1992
        ovr_roc_auc_macro=0.9594 | ovr_pr_auc_macro=0.9066
  -> best macro_f1 updated to 0.6710 (epoch 13)
Epoch 14/60 | Time 0m13s
  Train | loss=0.3645 | top1=86.02% | top2=98.00% | top3=99.96%
  Valid | loss=0.3873 | top1=85.16% | top2=97.46% | top3=100.00% | acc=85.16% | bal_acc=77.52% | macro_f1=0.8180 | weighted_f1=0.8507 | precision_macro=0.8869 | recall_macro=0.7752 | qwk=0.8322 | mae=0.1602
        ovr_roc_auc_macro=0.9663 | ovr_pr_auc_macro=0.9068
  -> best macro_f1 updated to 0.8180 (epoch 14)
Epoch 15/60 | Time 0m13s
  Train | loss=0.2825 | top1=89.13% | top2=98.83% | top3=99.98%
  Valid | loss=0.4978 | top1=79.69% | top2=96.68% | top3=99.80% | acc=79.69% | bal_acc=78.80% | macro_f1=0.7735 | weighted_f1=0.7872 | precision_macro=0.8076 | recall_macro=0.7880 | qwk=0.7071 | mae=0.2422
        ovr_roc_auc_macro=0.9638 | ovr_pr_auc_macro=0.9149
Epoch 16/60 | Time 0m13s
  Train | loss=0.2401 | top1=91.06% | top2=99.05% | top3=99.98%
  Valid | loss=0.3771 | top1=84.18% | top2=97.46% | top3=100.00% | acc=84.18% | bal_acc=88.41% | macro_f1=0.7856 | weighted_f1=0.8441 | precision_macro=0.7361 | recall_macro=0.8841 | qwk=0.8003 | mae=0.1855
        ovr_roc_auc_macro=0.9726 | ovr_pr_auc_macro=0.9430
Epoch 17/60 | Time 0m13s
  Train | loss=0.2179 | top1=91.62% | top2=99.33% | top3=100.00%
  Valid | loss=0.2845 | top1=88.09% | top2=98.44% | top3=100.00% | acc=88.09% | bal_acc=88.17% | macro_f1=0.8955 | weighted_f1=0.8794 | precision_macro=0.9146 | recall_macro=0.8817 | qwk=0.8427 | mae=0.1367
        ovr_roc_auc_macro=0.9824 | ovr_pr_auc_macro=0.9635
  -> best macro_f1 updated to 0.8955 (epoch 17)
Epoch 18/60 | Time 0m13s
  Train | loss=0.1706 | top1=93.53% | top2=99.48% | top3=99.98%
  Valid | loss=0.2326 | top1=91.99% | top2=99.61% | top3=100.00% | acc=91.99% | bal_acc=93.53% | macro_f1=0.9316 | weighted_f1=0.9197 | precision_macro=0.9288 | recall_macro=0.9353 | qwk=0.9047 | mae=0.0898
        ovr_roc_auc_macro=0.9876 | ovr_pr_auc_macro=0.9739
  -> best macro_f1 updated to 0.9316 (epoch 18)
Epoch 19/60 | Time 0m13s
  Train | loss=0.1379 | top1=94.40% | top2=99.59% | top3=99.98%
  Valid | loss=0.2283 | top1=91.80% | top2=99.22% | top3=100.00% | acc=91.80% | bal_acc=92.27% | macro_f1=0.9289 | weighted_f1=0.9174 | precision_macro=0.9358 | recall_macro=0.9227 | qwk=0.9004 | mae=0.0918
        ovr_roc_auc_macro=0.9881 | ovr_pr_auc_macro=0.9762
Epoch 20/60 | Time 0m13s
  Train | loss=0.1402 | top1=95.01% | top2=99.70% | top3=99.98%
  Valid | loss=0.3035 | top1=90.04% | top2=99.41% | top3=100.00% | acc=90.04% | bal_acc=91.97% | macro_f1=0.9245 | weighted_f1=0.8979 | precision_macro=0.9385 | recall_macro=0.9197 | qwk=0.8885 | mae=0.1094
        ovr_roc_auc_macro=0.9905 | ovr_pr_auc_macro=0.9832
Epoch 21/60 | Time 0m13s
  Train | loss=0.1138 | top1=95.96% | top2=99.65% | top3=100.00%
  Valid | loss=0.1675 | top1=94.34% | top2=99.61% | top3=100.00% | acc=94.34% | bal_acc=96.08% | macro_f1=0.9303 | weighted_f1=0.9432 | precision_macro=0.9058 | recall_macro=0.9608 | qwk=0.9382 | mae=0.0605
        ovr_roc_auc_macro=0.9946 | ovr_pr_auc_macro=0.9897
Epoch 22/60 | Time 0m13s
  Train | loss=0.1106 | top1=96.16% | top2=99.70% | top3=100.00%
  Valid | loss=0.1891 | top1=91.99% | top2=99.61% | top3=100.00% | acc=91.99% | bal_acc=94.58% | macro_f1=0.9464 | weighted_f1=0.9204 | precision_macro=0.9485 | recall_macro=0.9458 | qwk=0.9067 | mae=0.0879
        ovr_roc_auc_macro=0.9919 | ovr_pr_auc_macro=0.9891
  -> best macro_f1 updated to 0.9464 (epoch 22)
Epoch 23/60 | Time 0m13s
  Train | loss=0.0835 | top1=96.98% | top2=99.74% | top3=99.98%
  Valid | loss=0.1403 | top1=95.31% | top2=99.80% | top3=100.00% | acc=95.31% | bal_acc=95.53% | macro_f1=0.9625 | weighted_f1=0.9532 | precision_macro=0.9710 | recall_macro=0.9553 | qwk=0.9576 | mae=0.0469
        ovr_roc_auc_macro=0.9954 | ovr_pr_auc_macro=0.9905
  -> best macro_f1 updated to 0.9625 (epoch 23)
Epoch 24/60 | Time 0m13s
  Train | loss=0.0810 | top1=97.22% | top2=99.89% | top3=100.00%
  Valid | loss=0.1162 | top1=96.09% | top2=99.80% | top3=100.00% | acc=96.09% | bal_acc=97.34% | macro_f1=0.9729 | weighted_f1=0.9609 | precision_macro=0.9725 | recall_macro=0.9734 | qwk=0.9552 | mae=0.0430
        ovr_roc_auc_macro=0.9961 | ovr_pr_auc_macro=0.9941
  -> best macro_f1 updated to 0.9729 (epoch 24)
Epoch 25/60 | Time 0m13s
  Train | loss=0.0745 | top1=97.27% | top2=99.85% | top3=100.00%
  Valid | loss=0.1155 | top1=96.09% | top2=99.61% | top3=100.00% | acc=96.09% | bal_acc=97.50% | macro_f1=0.9710 | weighted_f1=0.9609 | precision_macro=0.9673 | recall_macro=0.9750 | qwk=0.9449 | mae=0.0469
        ovr_roc_auc_macro=0.9965 | ovr_pr_auc_macro=0.9939
Epoch 26/60 | Time 0m13s
  Train | loss=0.0564 | top1=98.07% | top2=99.96% | top3=100.00%
  Valid | loss=0.1100 | top1=95.70% | top2=99.61% | top3=100.00% | acc=95.70% | bal_acc=96.64% | macro_f1=0.9666 | weighted_f1=0.9567 | precision_macro=0.9679 | recall_macro=0.9664 | qwk=0.9521 | mae=0.0469
        ovr_roc_auc_macro=0.9983 | ovr_pr_auc_macro=0.9968
Epoch 27/60 | Time 0m13s
  Train | loss=0.0617 | top1=97.66% | top2=99.96% | top3=100.00%
  Valid | loss=0.1238 | top1=95.70% | top2=99.22% | top3=100.00% | acc=95.70% | bal_acc=96.68% | macro_f1=0.9691 | weighted_f1=0.9568 | precision_macro=0.9721 | recall_macro=0.9668 | qwk=0.9519 | mae=0.0469
        ovr_roc_auc_macro=0.9972 | ovr_pr_auc_macro=0.9959
Epoch 28/60 | Time 0m13s
  Train | loss=0.0479 | top1=98.35% | top2=99.96% | top3=100.00%
  Valid | loss=0.1295 | top1=95.51% | top2=99.61% | top3=100.00% | acc=95.51% | bal_acc=96.30% | macro_f1=0.9666 | weighted_f1=0.9554 | precision_macro=0.9715 | recall_macro=0.9630 | qwk=0.9594 | mae=0.0449
        ovr_roc_auc_macro=0.9963 | ovr_pr_auc_macro=0.9942
Epoch 29/60 | Time 0m13s
  Train | loss=0.0552 | top1=97.92% | top2=99.93% | top3=100.00%
  Valid | loss=0.0756 | top1=97.46% | top2=99.80% | top3=100.00% | acc=97.46% | bal_acc=97.48% | macro_f1=0.9786 | weighted_f1=0.9746 | precision_macro=0.9826 | recall_macro=0.9748 | qwk=0.9669 | mae=0.0293
        ovr_roc_auc_macro=0.9986 | ovr_pr_auc_macro=0.9976
  -> best macro_f1 updated to 0.9786 (epoch 29)
Epoch 30/60 | Time 0m13s
  Train | loss=0.0429 | top1=98.63% | top2=99.87% | top3=100.00%
  Valid | loss=0.0706 | top1=96.88% | top2=99.61% | top3=100.00% | acc=96.88% | bal_acc=97.23% | macro_f1=0.9775 | weighted_f1=0.9687 | precision_macro=0.9834 | recall_macro=0.9723 | qwk=0.9618 | mae=0.0352
        ovr_roc_auc_macro=0.9992 | ovr_pr_auc_macro=0.9988
Epoch 31/60 | Time 0m13s
  Train | loss=0.0417 | top1=98.59% | top2=99.93% | top3=100.00%
  Valid | loss=0.0649 | top1=97.46% | top2=100.00% | top3=100.00% | acc=97.46% | bal_acc=97.69% | macro_f1=0.9809 | weighted_f1=0.9746 | precision_macro=0.9853 | recall_macro=0.9769 | qwk=0.9721 | mae=0.0273
        ovr_roc_auc_macro=0.9990 | ovr_pr_auc_macro=0.9986
  -> best macro_f1 updated to 0.9809 (epoch 31)
Epoch 32/60 | Time 0m13s
  Train | loss=0.0353 | top1=98.85% | top2=99.98% | top3=100.00%
  Valid | loss=0.0768 | top1=97.66% | top2=100.00% | top3=100.00% | acc=97.66% | bal_acc=98.20% | macro_f1=0.9834 | weighted_f1=0.9765 | precision_macro=0.9851 | recall_macro=0.9820 | qwk=0.9741 | mae=0.0254
        ovr_roc_auc_macro=0.9987 | ovr_pr_auc_macro=0.9980
  -> best macro_f1 updated to 0.9834 (epoch 32)
Epoch 33/60 | Time 0m13s
  Train | loss=0.0394 | top1=98.57% | top2=99.98% | top3=100.00%
  Valid | loss=0.0807 | top1=97.07% | top2=100.00% | top3=100.00% | acc=97.07% | bal_acc=98.12% | macro_f1=0.9809 | weighted_f1=0.9706 | precision_macro=0.9807 | recall_macro=0.9812 | qwk=0.9742 | mae=0.0293
        ovr_roc_auc_macro=0.9983 | ovr_pr_auc_macro=0.9975
Epoch 34/60 | Time 0m13s
  Train | loss=0.0327 | top1=99.02% | top2=100.00% | top3=100.00%
  Valid | loss=0.0795 | top1=97.66% | top2=100.00% | top3=100.00% | acc=97.66% | bal_acc=97.91% | macro_f1=0.9811 | weighted_f1=0.9766 | precision_macro=0.9833 | recall_macro=0.9791 | qwk=0.9687 | mae=0.0273
        ovr_roc_auc_macro=0.9983 | ovr_pr_auc_macro=0.9973
Epoch 35/60 | Time 0m13s
  Train | loss=0.0286 | top1=98.98% | top2=99.93% | top3=100.00%
  Valid | loss=0.0721 | top1=98.44% | top2=100.00% | top3=100.00% | acc=98.44% | bal_acc=98.84% | macro_f1=0.9895 | weighted_f1=0.9844 | precision_macro=0.9905 | recall_macro=0.9884 | qwk=0.9809 | mae=0.0176
        ovr_roc_auc_macro=0.9982 | ovr_pr_auc_macro=0.9974
  -> best macro_f1 updated to 0.9895 (epoch 35)
Epoch 36/60 | Time 0m13s
  Train | loss=0.0197 | top1=99.39% | top2=99.98% | top3=100.00%
  Valid | loss=0.0737 | top1=96.88% | top2=100.00% | top3=100.00% | acc=96.88% | bal_acc=97.44% | macro_f1=0.9778 | weighted_f1=0.9688 | precision_macro=0.9816 | recall_macro=0.9744 | qwk=0.9564 | mae=0.0371
        ovr_roc_auc_macro=0.9985 | ovr_pr_auc_macro=0.9976
Epoch 37/60 | Time 0m13s
  Train | loss=0.0159 | top1=99.54% | top2=100.00% | top3=100.00%
  Valid | loss=0.0632 | top1=97.46% | top2=99.80% | top3=100.00% | acc=97.46% | bal_acc=97.77% | macro_f1=0.9814 | weighted_f1=0.9746 | precision_macro=0.9853 | recall_macro=0.9777 | qwk=0.9616 | mae=0.0312
        ovr_roc_auc_macro=0.9987 | ovr_pr_auc_macro=0.9981
Epoch 38/60 | Time 0m13s
  Train | loss=0.0151 | top1=99.54% | top2=99.98% | top3=100.00%
  Valid | loss=0.0601 | top1=98.24% | top2=100.00% | top3=100.00% | acc=98.24% | bal_acc=99.04% | macro_f1=0.9894 | weighted_f1=0.9825 | precision_macro=0.9885 | recall_macro=0.9904 | qwk=0.9844 | mae=0.0176
        ovr_roc_auc_macro=0.9993 | ovr_pr_auc_macro=0.9990
Epoch 39/60 | Time 0m13s
  Train | loss=0.0199 | top1=99.24% | top2=99.98% | top3=100.00%
  Valid | loss=0.0488 | top1=98.63% | top2=99.80% | top3=100.00% | acc=98.63% | bal_acc=98.78% | macro_f1=0.9892 | weighted_f1=0.9864 | precision_macro=0.9909 | recall_macro=0.9878 | qwk=0.9878 | mae=0.0137
        ovr_roc_auc_macro=0.9992 | ovr_pr_auc_macro=0.9988
Epoch 40/60 | Time 0m13s
  Train | loss=0.0237 | top1=99.31% | top2=99.98% | top3=100.00%
  Valid | loss=0.0490 | top1=97.85% | top2=100.00% | top3=100.00% | acc=97.85% | bal_acc=98.47% | macro_f1=0.9857 | weighted_f1=0.9785 | precision_macro=0.9868 | recall_macro=0.9847 | qwk=0.9809 | mae=0.0215
        ovr_roc_auc_macro=0.9993 | ovr_pr_auc_macro=0.9990
Epoch 41/60 | Time 0m13s
  Train | loss=0.0110 | top1=99.65% | top2=100.00% | top3=100.00%
  Valid | loss=0.0319 | top1=98.83% | top2=100.00% | top3=100.00% | acc=98.83% | bal_acc=99.29% | macro_f1=0.9929 | weighted_f1=0.9883 | precision_macro=0.9929 | recall_macro=0.9929 | qwk=0.9896 | mae=0.0117
        ovr_roc_auc_macro=0.9997 | ovr_pr_auc_macro=0.9995
  -> best macro_f1 updated to 0.9929 (epoch 41)
Epoch 42/60 | Time 0m13s
  Train | loss=0.0106 | top1=99.70% | top2=100.00% | top3=100.00%
  Valid | loss=0.0364 | top1=98.44% | top2=100.00% | top3=100.00% | acc=98.44% | bal_acc=99.05% | macro_f1=0.9905 | weighted_f1=0.9844 | precision_macro=0.9905 | recall_macro=0.9905 | qwk=0.9862 | mae=0.0156
        ovr_roc_auc_macro=0.9996 | ovr_pr_auc_macro=0.9994
Epoch 43/60 | Time 0m13s
  Train | loss=0.0126 | top1=99.61% | top2=100.00% | top3=100.00%
  Valid | loss=0.0394 | top1=98.05% | top2=100.00% | top3=100.00% | acc=98.05% | bal_acc=98.69% | macro_f1=0.9869 | weighted_f1=0.9805 | precision_macro=0.9872 | recall_macro=0.9869 | qwk=0.9826 | mae=0.0195
        ovr_roc_auc_macro=0.9997 | ovr_pr_auc_macro=0.9996
Epoch 44/60 | Time 0m13s
  Train | loss=0.0110 | top1=99.70% | top2=100.00% | top3=100.00%
  Valid | loss=0.0362 | top1=98.63% | top2=100.00% | top3=100.00% | acc=98.63% | bal_acc=99.23% | macro_f1=0.9917 | weighted_f1=0.9863 | precision_macro=0.9912 | recall_macro=0.9923 | qwk=0.9879 | mae=0.0137
        ovr_roc_auc_macro=0.9996 | ovr_pr_auc_macro=0.9995
Epoch 45/60 | Time 0m13s
  Train | loss=0.0091 | top1=99.78% | top2=100.00% | top3=100.00%
  Valid | loss=0.0379 | top1=98.63% | top2=100.00% | top3=100.00% | acc=98.63% | bal_acc=99.23% | macro_f1=0.9917 | weighted_f1=0.9863 | precision_macro=0.9912 | recall_macro=0.9923 | qwk=0.9879 | mae=0.0137
        ovr_roc_auc_macro=0.9997 | ovr_pr_auc_macro=0.9996
Epoch 46/60 | Time 0m13s
  Train | loss=0.0122 | top1=99.65% | top2=100.00% | top3=100.00%
  Valid | loss=0.0521 | top1=98.05% | top2=100.00% | top3=100.00% | acc=98.05% | bal_acc=98.98% | macro_f1=0.9882 | weighted_f1=0.9805 | precision_macro=0.9870 | recall_macro=0.9898 | qwk=0.9826 | mae=0.0195
        ovr_roc_auc_macro=0.9995 | ovr_pr_auc_macro=0.9992
Epoch 47/60 | Time 0m13s
  Train | loss=0.0087 | top1=99.72% | top2=100.00% | top3=100.00%
  Valid | loss=0.0427 | top1=98.63% | top2=100.00% | top3=100.00% | acc=98.63% | bal_acc=99.27% | macro_f1=0.9917 | weighted_f1=0.9864 | precision_macro=0.9909 | recall_macro=0.9927 | qwk=0.9879 | mae=0.0137
        ovr_roc_auc_macro=0.9996 | ovr_pr_auc_macro=0.9994
Epoch 48/60 | Time 0m13s
  Train | loss=0.0061 | top1=99.83% | top2=100.00% | top3=100.00%
  Valid | loss=0.0370 | top1=98.63% | top2=100.00% | top3=100.00% | acc=98.63% | bal_acc=99.19% | macro_f1=0.9917 | weighted_f1=0.9863 | precision_macro=0.9915 | recall_macro=0.9919 | qwk=0.9879 | mae=0.0137
        ovr_roc_auc_macro=0.9997 | ovr_pr_auc_macro=0.9995
Epoch 49/60 | Time 0m13s
  Train | loss=0.0054 | top1=99.89% | top2=100.00% | top3=100.00%
  Valid | loss=0.0367 | top1=99.22% | top2=100.00% | top3=100.00% | acc=99.22% | bal_acc=99.61% | macro_f1=0.9953 | weighted_f1=0.9922 | precision_macro=0.9945 | recall_macro=0.9961 | qwk=0.9931 | mae=0.0078
        ovr_roc_auc_macro=0.9996 | ovr_pr_auc_macro=0.9994
  -> best macro_f1 updated to 0.9953 (epoch 49)
Epoch 50/60 | Time 0m13s
  Train | loss=0.0041 | top1=99.96% | top2=100.00% | top3=100.00%
  Valid | loss=0.0391 | top1=98.83% | top2=100.00% | top3=100.00% | acc=98.83% | bal_acc=99.33% | macro_f1=0.9929 | weighted_f1=0.9883 | precision_macro=0.9925 | recall_macro=0.9933 | qwk=0.9896 | mae=0.0117
        ovr_roc_auc_macro=0.9995 | ovr_pr_auc_macro=0.9993
Epoch 51/60 | Time 0m13s
  Train | loss=0.0069 | top1=99.70% | top2=100.00% | top3=100.00%
  Valid | loss=0.0383 | top1=98.44% | top2=100.00% | top3=100.00% | acc=98.44% | bal_acc=99.09% | macro_f1=0.9905 | weighted_f1=0.9844 | precision_macro=0.9901 | recall_macro=0.9909 | qwk=0.9861 | mae=0.0156
        ovr_roc_auc_macro=0.9996 | ovr_pr_auc_macro=0.9995
Epoch 52/60 | Time 0m13s
  Train | loss=0.0045 | top1=99.85% | top2=100.00% | top3=100.00%
  Valid | loss=0.0395 | top1=98.24% | top2=100.00% | top3=100.00% | acc=98.24% | bal_acc=98.95% | macro_f1=0.9893 | weighted_f1=0.9824 | precision_macro=0.9891 | recall_macro=0.9895 | qwk=0.9844 | mae=0.0176
        ovr_roc_auc_macro=0.9996 | ovr_pr_auc_macro=0.9994
Epoch 53/60 | Time 0m13s
  Train | loss=0.0070 | top1=99.80% | top2=100.00% | top3=100.00%
  Valid | loss=0.0420 | top1=98.44% | top2=100.00% | top3=100.00% | acc=98.44% | bal_acc=99.05% | macro_f1=0.9905 | weighted_f1=0.9844 | precision_macro=0.9905 | recall_macro=0.9905 | qwk=0.9862 | mae=0.0156
        ovr_roc_auc_macro=0.9994 | ovr_pr_auc_macro=0.9991
Epoch 54/60 | Time 0m13s
  Train | loss=0.0062 | top1=99.85% | top2=100.00% | top3=100.00%
  Valid | loss=0.0437 | top1=98.63% | top2=100.00% | top3=100.00% | acc=98.63% | bal_acc=99.19% | macro_f1=0.9917 | weighted_f1=0.9863 | precision_macro=0.9915 | recall_macro=0.9919 | qwk=0.9879 | mae=0.0137
        ovr_roc_auc_macro=0.9992 | ovr_pr_auc_macro=0.9988
Epoch 55/60 | Time 0m13s
  Train | loss=0.0043 | top1=99.91% | top2=100.00% | top3=100.00%
  Valid | loss=0.0495 | top1=99.02% | top2=100.00% | top3=100.00% | acc=99.02% | bal_acc=99.51% | macro_f1=0.9941 | weighted_f1=0.9903 | precision_macro=0.9932 | recall_macro=0.9951 | qwk=0.9913 | mae=0.0098
        ovr_roc_auc_macro=0.9991 | ovr_pr_auc_macro=0.9985
Epoch 56/60 | Time 0m13s
  Train | loss=0.0045 | top1=99.89% | top2=100.00% | top3=100.00%
  Valid | loss=0.0419 | top1=98.63% | top2=100.00% | top3=100.00% | acc=98.63% | bal_acc=99.19% | macro_f1=0.9917 | weighted_f1=0.9863 | precision_macro=0.9915 | recall_macro=0.9919 | qwk=0.9879 | mae=0.0137
        ovr_roc_auc_macro=0.9993 | ovr_pr_auc_macro=0.9989
Epoch 57/60 | Time 0m13s
  Train | loss=0.0050 | top1=99.87% | top2=100.00% | top3=100.00%
  Valid | loss=0.0424 | top1=99.02% | top2=100.00% | top3=100.00% | acc=99.02% | bal_acc=99.47% | macro_f1=0.9941 | weighted_f1=0.9902 | precision_macro=0.9935 | recall_macro=0.9947 | qwk=0.9913 | mae=0.0098
        ovr_roc_auc_macro=0.9993 | ovr_pr_auc_macro=0.9989
Epoch 58/60 | Time 0m13s
  Train | loss=0.0033 | top1=99.96% | top2=100.00% | top3=100.00%
  Valid | loss=0.0429 | top1=99.22% | top2=100.00% | top3=100.00% | acc=99.22% | bal_acc=99.61% | macro_f1=0.9953 | weighted_f1=0.9922 | precision_macro=0.9945 | recall_macro=0.9961 | qwk=0.9931 | mae=0.0078
        ovr_roc_auc_macro=0.9993 | ovr_pr_auc_macro=0.9989
Epoch 59/60 | Time 0m13s
  Train | loss=0.0056 | top1=99.80% | top2=99.98% | top3=100.00%
  Valid | loss=0.0428 | top1=99.22% | top2=100.00% | top3=100.00% | acc=99.22% | bal_acc=99.61% | macro_f1=0.9953 | weighted_f1=0.9922 | precision_macro=0.9945 | recall_macro=0.9961 | qwk=0.9931 | mae=0.0078
        ovr_roc_auc_macro=0.9993 | ovr_pr_auc_macro=0.9990
Epoch 60/60 | Time 0m13s
  Train | loss=0.0039 | top1=99.93% | top2=100.00% | top3=100.00%
  Valid | loss=0.0514 | top1=98.83% | top2=100.00% | top3=100.00% | acc=98.83% | bal_acc=99.41% | macro_f1=0.9929 | weighted_f1=0.9883 | precision_macro=0.9919 | recall_macro=0.9941 | qwk=0.9896 | mae=0.0117
        ovr_roc_auc_macro=0.9991 | ovr_pr_auc_macro=0.9986

[TEST] loss=ce
  Test | loss=0.0386 | top1=98.83% | top2=99.84% | top3=100.00% | acc=98.83% | bal_acc=99.21% | macro_f1=0.9920 | weighted_f1=0.9883 | precision_macro=0.9918 | recall_macro=0.9921 | qwk=0.9875 | mae=0.0125
        ovr_roc_auc_macro=0.9996 | ovr_pr_auc_macro=0.9994

==========================================================================================
Summary CSV saved: /root/autodl-tmp/MedVisionLab/Alzheimer_MRI_Loss/logs/ResNet_layer3+MECS_controlled_mecsb_vb_koa_adni_10seed_20260803_234110_adni_resnet50_plus_mesc_versionb_seed3_20260804_052329_summary.csv
Top results by test_macro_f1:
  ce: macro_f1=0.9920, acc=98.83%, bal_acc=99.21%
Log file saved: /root/autodl-tmp/MedVisionLab/Alzheimer_MRI_Loss/logs/ResNet_layer3+MECS_controlled_mecsb_vb_koa_adni_10seed_20260803_234110_adni_resnet50_plus_mesc_versionb_seed3_20260804_052329.log
==========================================================================================

==========================================================================================
RETURN_CODE: 0
