DATASET: KOA
METHOD: ResNet50 + DAST
SEED: 7
SCRIPT: /root/autodl-tmp/MedVisionLab/Knee/ResNet_baseline+Loss4.py
RUN_TAG: controlled_mecsb_vb_koa_adni_10seed_20260803_234110_koa_resnet50_plus_dast_seed7
DAST_TAU: 1.0
DAST_GAMMA: 1.5
COMMAND: /root/miniconda3/envs/medvision/bin/python -u /root/autodl-tmp/MedVisionLab/Knee/ResNet_baseline+Loss4.py
==========================================================================================
Starting Knee Osteoarthritis ResNet50 Baseline...
Using device: cuda
CUDA device: NVIDIA GeForce RTX 3090
Run tag: controlled_mecsb_vb_koa_adni_10seed_20260803_234110_koa_resnet50_plus_dast_seed7
Data root: /root/autodl-tmp/Knee_Osteoarthritis
Config | seed=7, img_size=224, batch_size=32, epochs=60, num_workers=2, lr_backbone=0.0001, lr_head=0.001, weight_decay=0.0001, patience=15, early_delta=0.0001
DAST config | tau=1.0000, gamma=1.5000
Class mapping from folders: {'0': 0, '1': 1, '2': 2, '3': 3, '4': 4}

Train samples: 5778
Train class distribution:
  0_Normal: 2286
  1_Doubtful: 1046
  2_Mild: 1516
  3_Moderate: 757
  4_Severe: 173

Valid samples: 826
Valid class distribution:
  0_Normal: 328
  1_Doubtful: 153
  2_Mild: 212
  3_Moderate: 106
  4_Severe: 27

Test samples: 1656
Test class distribution:
  0_Normal: 639
  1_Doubtful: 296
  2_Mild: 447
  3_Moderate: 223
  4_Severe: 51

AutoTest samples: 1526
AutoTest class distribution:
  0_Normal: 604
  1_Doubtful: 275
  2_Mild: 403
  3_Moderate: 200
  4_Severe: 44

Split sizes | train=5778, valid=826, test=1656, auto_test=1526
Loading pretrained ResNet50...
Trainable parameters: 23,518,277

[INFO] Class counts in training set: [2286 1046 1516  757  173]

[INFO] Using Distance-Aware Soft Target Loss (DAST)
       - Feature: Clinically-aware ordinal grading
       - Behavior: Allows ambiguity for adjacent grades, strongly penalizes far-away mistakes
Starting training...

Epoch 01/60 | Time 0m 14s
  Train | loss=1.0453 | top1=34.40% | top2=59.15% | top3=82.12%
  Valid | loss=1.0121 | top1=39.90% | top2=63.82% | top3=83.29% | acc=40.19% | bal_acc=20.45% | macro_f1=0.1247 | qwk=0.0304 | mae=1.1877 | weighted_f1=0.2399 | precision_macro=0.1869 | recall_macro=0.2045
         ovr_roc_auc_macro=0.6425 | ovr_pr_auc_macro=0.2825
 Initial best model saved to /root/autodl-tmp/MedVisionLab/Knee/checkpoints/best_resnet50_knee_oa_DAST_controlled_mecsb_vb_koa_adni_10seed_20260803_234110_koa_resnet50_plus_dast_seed7.pt (QWK=0.0304)

Epoch 02/60 | Time 0m 14s
  Train | loss=0.9545 | top1=45.28% | top2=68.67% | top3=87.43%
  Valid | loss=0.9070 | top1=49.40% | top2=73.56% | top3=93.36% | acc=49.76% | bal_acc=32.90% | macro_f1=0.3181 | qwk=0.5734 | mae=0.7082 | weighted_f1=0.4463 | precision_macro=0.3457 | recall_macro=0.3290
         ovr_roc_auc_macro=0.7787 | ovr_pr_auc_macro=0.4277
 Validation improved. Saved best model to /root/autodl-tmp/MedVisionLab/Knee/checkpoints/best_resnet50_knee_oa_DAST_controlled_mecsb_vb_koa_adni_10seed_20260803_234110_koa_resnet50_plus_dast_seed7.pt (QWK=0.5734)

Epoch 03/60 | Time 0m 14s
  Train | loss=0.8479 | top1=54.86% | top2=79.34% | top3=95.53%
  Valid | loss=0.8064 | top1=56.84% | top2=83.85% | top3=97.12% | acc=57.14% | bal_acc=45.98% | macro_f1=0.4581 | qwk=0.6919 | mae=0.5738 | weighted_f1=0.5342 | precision_macro=0.5391 | recall_macro=0.4598
         ovr_roc_auc_macro=0.8425 | ovr_pr_auc_macro=0.5914
 Validation improved. Saved best model to /root/autodl-tmp/MedVisionLab/Knee/checkpoints/best_resnet50_knee_oa_DAST_controlled_mecsb_vb_koa_adni_10seed_20260803_234110_koa_resnet50_plus_dast_seed7.pt (QWK=0.6919)

Epoch 04/60 | Time 0m 14s
  Train | loss=0.7896 | top1=60.85% | top2=84.32% | top3=97.83%
  Valid | loss=0.7705 | top1=61.60% | top2=85.85% | top3=98.17% | acc=61.74% | bal_acc=54.51% | macro_f1=0.5642 | qwk=0.7604 | mae=0.4831 | weighted_f1=0.5929 | precision_macro=0.6404 | recall_macro=0.5451
         ovr_roc_auc_macro=0.8663 | ovr_pr_auc_macro=0.6712
 Validation improved. Saved best model to /root/autodl-tmp/MedVisionLab/Knee/checkpoints/best_resnet50_knee_oa_DAST_controlled_mecsb_vb_koa_adni_10seed_20260803_234110_koa_resnet50_plus_dast_seed7.pt (QWK=0.7604)

Epoch 05/60 | Time 0m 14s
  Train | loss=0.7555 | top1=65.21% | top2=87.66% | top3=98.22%
  Valid | loss=0.7697 | top1=61.51% | top2=86.54% | top3=98.68% | acc=61.26% | bal_acc=59.49% | macro_f1=0.5701 | qwk=0.7618 | mae=0.4915 | weighted_f1=0.5718 | precision_macro=0.6118 | recall_macro=0.5949
         ovr_roc_auc_macro=0.8712 | ovr_pr_auc_macro=0.6950
 Validation improved. Saved best model to /root/autodl-tmp/MedVisionLab/Knee/checkpoints/best_resnet50_knee_oa_DAST_controlled_mecsb_vb_koa_adni_10seed_20260803_234110_koa_resnet50_plus_dast_seed7.pt (QWK=0.7618)

Epoch 06/60 | Time 0m 14s
  Train | loss=0.7378 | top1=66.73% | top2=89.51% | top3=98.58%
  Valid | loss=0.7612 | top1=65.93% | top2=86.87% | top3=97.24% | acc=65.74% | bal_acc=67.21% | macro_f1=0.6436 | qwk=0.7656 | mae=0.4516 | weighted_f1=0.6288 | precision_macro=0.6611 | recall_macro=0.6721
         ovr_roc_auc_macro=0.8842 | ovr_pr_auc_macro=0.7223
 Validation improved. Saved best model to /root/autodl-tmp/MedVisionLab/Knee/checkpoints/best_resnet50_knee_oa_DAST_controlled_mecsb_vb_koa_adni_10seed_20260803_234110_koa_resnet50_plus_dast_seed7.pt (QWK=0.7656)

Epoch 07/60 | Time 0m 14s
  Train | loss=0.7164 | top1=70.13% | top2=90.97% | top3=99.12%
  Valid | loss=0.7573 | top1=64.64% | top2=88.82% | top3=98.56% | acc=64.41% | bal_acc=63.66% | macro_f1=0.5846 | qwk=0.7876 | mae=0.4540 | weighted_f1=0.5996 | precision_macro=0.5910 | recall_macro=0.6366
         ovr_roc_auc_macro=0.8822 | ovr_pr_auc_macro=0.7048
 Validation improved. Saved best model to /root/autodl-tmp/MedVisionLab/Knee/checkpoints/best_resnet50_knee_oa_DAST_controlled_mecsb_vb_koa_adni_10seed_20260803_234110_koa_resnet50_plus_dast_seed7.pt (QWK=0.7876)

Epoch 08/60 | Time 0m 14s
  Train | loss=0.7048 | top1=71.23% | top2=91.28% | top3=99.26%
  Valid | loss=0.7740 | top1=63.77% | top2=85.82% | top3=96.51% | acc=63.56% | bal_acc=67.56% | macro_f1=0.6439 | qwk=0.7833 | mae=0.4516 | weighted_f1=0.6310 | precision_macro=0.6214 | recall_macro=0.6756
         ovr_roc_auc_macro=0.8764 | ovr_pr_auc_macro=0.7081
 No improvement. Bad epochs: 1/15

Epoch 09/60 | Time 0m 14s
  Train | loss=0.6863 | top1=72.98% | top2=92.93% | top3=99.33%
  Valid | loss=0.7711 | top1=65.58% | top2=88.79% | top3=98.80% | acc=65.50% | bal_acc=63.78% | macro_f1=0.6523 | qwk=0.7950 | mae=0.4237 | weighted_f1=0.6429 | precision_macro=0.6862 | recall_macro=0.6378
         ovr_roc_auc_macro=0.8771 | ovr_pr_auc_macro=0.7112
 Validation improved. Saved best model to /root/autodl-tmp/MedVisionLab/Knee/checkpoints/best_resnet50_knee_oa_DAST_controlled_mecsb_vb_koa_adni_10seed_20260803_234110_koa_resnet50_plus_dast_seed7.pt (QWK=0.7950)

Epoch 10/60 | Time 0m 14s
  Train | loss=0.6788 | top1=73.87% | top2=93.63% | top3=99.47%
  Valid | loss=0.8132 | top1=59.11% | top2=83.03% | top3=96.39% | acc=58.84% | bal_acc=64.46% | macro_f1=0.6121 | qwk=0.7386 | mae=0.5097 | weighted_f1=0.5868 | precision_macro=0.6210 | recall_macro=0.6446
         ovr_roc_auc_macro=0.8653 | ovr_pr_auc_macro=0.6704
 No improvement. Bad epochs: 1/15

Epoch 11/60 | Time 0m 14s
  Train | loss=0.6664 | top1=76.53% | top2=94.53% | top3=99.67%
  Valid | loss=0.7542 | top1=66.48% | top2=89.03% | top3=98.56% | acc=66.34% | bal_acc=66.34% | macro_f1=0.6629 | qwk=0.7951 | mae=0.4165 | weighted_f1=0.6536 | precision_macro=0.6677 | recall_macro=0.6634
         ovr_roc_auc_macro=0.8838 | ovr_pr_auc_macro=0.7093
 Validation improved. Saved best model to /root/autodl-tmp/MedVisionLab/Knee/checkpoints/best_resnet50_knee_oa_DAST_controlled_mecsb_vb_koa_adni_10seed_20260803_234110_koa_resnet50_plus_dast_seed7.pt (QWK=0.7951)

Epoch 12/60 | Time 0m 14s
  Train | loss=0.6520 | top1=77.90% | top2=95.12% | top3=99.65%
  Valid | loss=0.7679 | top1=63.90% | top2=88.19% | top3=97.24% | acc=63.80% | bal_acc=63.50% | macro_f1=0.6305 | qwk=0.7852 | mae=0.4443 | weighted_f1=0.6275 | precision_macro=0.6299 | recall_macro=0.6350
         ovr_roc_auc_macro=0.8765 | ovr_pr_auc_macro=0.6959
 No improvement. Bad epochs: 1/15

Epoch 13/60 | Time 0m 14s
  Train | loss=0.6417 | top1=79.30% | top2=95.87% | top3=99.69%
  Valid | loss=0.7703 | top1=64.46% | top2=86.84% | top3=96.88% | acc=64.29% | bal_acc=66.28% | macro_f1=0.6468 | qwk=0.7761 | mae=0.4504 | weighted_f1=0.6229 | precision_macro=0.6466 | recall_macro=0.6628
         ovr_roc_auc_macro=0.8855 | ovr_pr_auc_macro=0.7157
 No improvement. Bad epochs: 2/15

Epoch 14/60 | Time 0m 14s
  Train | loss=0.6276 | top1=81.89% | top2=96.27% | top3=99.65%
  Valid | loss=0.7742 | top1=62.54% | top2=88.07% | top3=97.72% | acc=62.35% | bal_acc=67.13% | macro_f1=0.6622 | qwk=0.7929 | mae=0.4383 | weighted_f1=0.6349 | precision_macro=0.6618 | recall_macro=0.6713
         ovr_roc_auc_macro=0.8763 | ovr_pr_auc_macro=0.7044
 No improvement. Bad epochs: 3/15

Epoch 15/60 | Time 0m 14s
  Train | loss=0.6133 | top1=84.21% | top2=97.55% | top3=99.78%
  Valid | loss=0.8137 | top1=60.43% | top2=86.54% | top3=96.63% | acc=60.17% | bal_acc=63.79% | macro_f1=0.5877 | qwk=0.7774 | mae=0.4867 | weighted_f1=0.5923 | precision_macro=0.5620 | recall_macro=0.6379
         ovr_roc_auc_macro=0.8594 | ovr_pr_auc_macro=0.6457
 No improvement. Bad epochs: 4/15

Epoch 16/60 | Time 0m 14s
  Train | loss=0.6007 | top1=86.01% | top2=97.76% | top3=99.95%
  Valid | loss=0.7924 | top1=62.78% | top2=88.07% | top3=98.44% | acc=62.59% | bal_acc=62.49% | macro_f1=0.6281 | qwk=0.7706 | mae=0.4540 | weighted_f1=0.6218 | precision_macro=0.6693 | recall_macro=0.6249
         ovr_roc_auc_macro=0.8694 | ovr_pr_auc_macro=0.6870
 No improvement. Bad epochs: 5/15

Epoch 17/60 | Time 0m 14s
  Train | loss=0.5880 | top1=88.23% | top2=98.36% | top3=99.88%
  Valid | loss=0.7977 | top1=62.66% | top2=88.07% | top3=97.96% | acc=62.47% | bal_acc=65.61% | macro_f1=0.6525 | qwk=0.7977 | mae=0.4395 | weighted_f1=0.6298 | precision_macro=0.6568 | recall_macro=0.6561
         ovr_roc_auc_macro=0.8700 | ovr_pr_auc_macro=0.6865
 Validation improved. Saved best model to /root/autodl-tmp/MedVisionLab/Knee/checkpoints/best_resnet50_knee_oa_DAST_controlled_mecsb_vb_koa_adni_10seed_20260803_234110_koa_resnet50_plus_dast_seed7.pt (QWK=0.7977)

Epoch 18/60 | Time 0m 14s
  Train | loss=0.5803 | top1=90.05% | top2=98.43% | top3=99.91%
  Valid | loss=0.8051 | top1=61.19% | top2=86.96% | top3=98.44% | acc=61.02% | bal_acc=63.63% | macro_f1=0.6483 | qwk=0.7866 | mae=0.4540 | weighted_f1=0.6187 | precision_macro=0.6694 | recall_macro=0.6363
         ovr_roc_auc_macro=0.8606 | ovr_pr_auc_macro=0.6813
 No improvement. Bad epochs: 1/15

Epoch 19/60 | Time 0m 14s
  Train | loss=0.5672 | top1=91.42% | top2=98.96% | top3=99.98%
  Valid | loss=0.7997 | top1=62.54% | top2=87.11% | top3=97.36% | acc=62.35% | bal_acc=64.31% | macro_f1=0.6450 | qwk=0.7846 | mae=0.4479 | weighted_f1=0.6258 | precision_macro=0.6545 | recall_macro=0.6431
         ovr_roc_auc_macro=0.8634 | ovr_pr_auc_macro=0.6797
 No improvement. Bad epochs: 2/15

Epoch 20/60 | Time 0m 14s
  Train | loss=0.5593 | top1=93.00% | top2=99.33% | top3=100.00%
  Valid | loss=0.8283 | top1=61.84% | top2=86.99% | top3=98.32% | acc=61.62% | bal_acc=62.69% | macro_f1=0.6251 | qwk=0.7738 | mae=0.4685 | weighted_f1=0.6073 | precision_macro=0.6369 | recall_macro=0.6269
         ovr_roc_auc_macro=0.8570 | ovr_pr_auc_macro=0.6736
 No improvement. Bad epochs: 3/15

Epoch 21/60 | Time 0m 14s
  Train | loss=0.5551 | top1=93.65% | top2=99.34% | top3=99.95%
  Valid | loss=0.8143 | top1=61.75% | top2=86.54% | top3=96.88% | acc=61.50% | bal_acc=67.87% | macro_f1=0.6545 | qwk=0.7787 | mae=0.4613 | weighted_f1=0.6214 | precision_macro=0.6403 | recall_macro=0.6787
         ovr_roc_auc_macro=0.8693 | ovr_pr_auc_macro=0.6620
 No improvement. Bad epochs: 4/15

Epoch 22/60 | Time 0m 14s
  Train | loss=0.5459 | top1=95.10% | top2=99.53% | top3=100.00%
  Valid | loss=0.8273 | top1=62.63% | top2=87.93% | top3=98.56% | acc=62.47% | bal_acc=61.86% | macro_f1=0.6269 | qwk=0.7743 | mae=0.4625 | weighted_f1=0.6170 | precision_macro=0.6469 | recall_macro=0.6186
         ovr_roc_auc_macro=0.8622 | ovr_pr_auc_macro=0.6876
 No improvement. Bad epochs: 5/15

Epoch 23/60 | Time 0m 14s
  Train | loss=0.5403 | top1=95.79% | top2=99.62% | top3=99.97%
  Valid | loss=0.8050 | top1=63.74% | top2=86.78% | top3=97.24% | acc=63.56% | bal_acc=66.56% | macro_f1=0.6576 | qwk=0.7749 | mae=0.4564 | weighted_f1=0.6300 | precision_macro=0.6511 | recall_macro=0.6656
         ovr_roc_auc_macro=0.8711 | ovr_pr_auc_macro=0.6822
 No improvement. Bad epochs: 6/15

Epoch 24/60 | Time 0m 14s
  Train | loss=0.5357 | top1=96.10% | top2=99.76% | top3=99.98%
  Valid | loss=0.8116 | top1=62.59% | top2=85.94% | top3=96.75% | acc=62.35% | bal_acc=66.77% | macro_f1=0.6389 | qwk=0.7800 | mae=0.4625 | weighted_f1=0.6199 | precision_macro=0.6196 | recall_macro=0.6677
         ovr_roc_auc_macro=0.8660 | ovr_pr_auc_macro=0.6674
 No improvement. Bad epochs: 7/15

Epoch 25/60 | Time 0m 14s
  Train | loss=0.5300 | top1=97.00% | top2=99.81% | top3=100.00%
  Valid | loss=0.8154 | top1=64.40% | top2=87.71% | top3=97.12% | acc=64.29% | bal_acc=64.83% | macro_f1=0.6461 | qwk=0.7722 | mae=0.4564 | weighted_f1=0.6298 | precision_macro=0.6500 | recall_macro=0.6483
         ovr_roc_auc_macro=0.8689 | ovr_pr_auc_macro=0.6900
 No improvement. Bad epochs: 8/15

Epoch 26/60 | Time 0m 14s
  Train | loss=0.5271 | top1=97.31% | top2=99.84% | top3=99.98%
  Valid | loss=0.8077 | top1=62.84% | top2=87.08% | top3=97.69% | acc=62.71% | bal_acc=62.30% | macro_f1=0.6292 | qwk=0.7728 | mae=0.4588 | weighted_f1=0.6187 | precision_macro=0.6449 | recall_macro=0.6230
         ovr_roc_auc_macro=0.8664 | ovr_pr_auc_macro=0.6852
 No improvement. Bad epochs: 9/15

Epoch 27/60 | Time 0m 14s
  Train | loss=0.5261 | top1=97.50% | top2=99.84% | top3=99.97%
  Valid | loss=0.8294 | top1=64.76% | top2=86.18% | top3=95.79% | acc=64.53% | bal_acc=68.31% | macro_f1=0.6590 | qwk=0.7878 | mae=0.4407 | weighted_f1=0.6369 | precision_macro=0.6413 | recall_macro=0.6831
         ovr_roc_auc_macro=0.8627 | ovr_pr_auc_macro=0.6758
 No improvement. Bad epochs: 10/15

Epoch 28/60 | Time 0m 14s
  Train | loss=0.5229 | top1=97.86% | top2=99.81% | top3=100.00%
  Valid | loss=0.8077 | top1=65.03% | top2=87.11% | top3=97.48% | acc=64.89% | bal_acc=66.46% | macro_f1=0.6739 | qwk=0.7901 | mae=0.4249 | weighted_f1=0.6511 | precision_macro=0.6934 | recall_macro=0.6646
         ovr_roc_auc_macro=0.8693 | ovr_pr_auc_macro=0.6850
 No improvement. Bad epochs: 11/15

Epoch 29/60 | Time 0m 14s
  Train | loss=0.5198 | top1=98.10% | top2=99.84% | top3=100.00%
  Valid | loss=0.8206 | top1=60.97% | top2=86.06% | top3=97.60% | acc=60.77% | bal_acc=64.01% | macro_f1=0.6412 | qwk=0.7686 | mae=0.4746 | weighted_f1=0.6095 | precision_macro=0.6449 | recall_macro=0.6401
         ovr_roc_auc_macro=0.8590 | ovr_pr_auc_macro=0.6798
 No improvement. Bad epochs: 12/15

Epoch 30/60 | Time 0m 14s
  Train | loss=0.5194 | top1=98.20% | top2=99.71% | top3=99.98%
  Valid | loss=0.8173 | top1=64.52% | top2=87.38% | top3=97.36% | acc=64.29% | bal_acc=66.70% | macro_f1=0.6521 | qwk=0.7878 | mae=0.4443 | weighted_f1=0.6302 | precision_macro=0.6484 | recall_macro=0.6670
         ovr_roc_auc_macro=0.8623 | ovr_pr_auc_macro=0.6896
 No improvement. Bad epochs: 13/15

Epoch 31/60 | Time 0m 14s
  Train | loss=0.5161 | top1=98.53% | top2=99.91% | top3=99.98%
  Valid | loss=0.8497 | top1=62.32% | top2=86.27% | top3=97.96% | acc=62.11% | bal_acc=63.77% | macro_f1=0.6483 | qwk=0.7757 | mae=0.4613 | weighted_f1=0.6188 | precision_macro=0.6765 | recall_macro=0.6377
         ovr_roc_auc_macro=0.8515 | ovr_pr_auc_macro=0.6792
 No improvement. Bad epochs: 14/15

Epoch 32/60 | Time 0m 14s
  Train | loss=0.5155 | top1=98.43% | top2=99.93% | top3=100.00%
  Valid | loss=0.8152 | top1=63.17% | top2=86.66% | top3=97.24% | acc=62.95% | bal_acc=66.49% | macro_f1=0.6640 | qwk=0.7934 | mae=0.4383 | weighted_f1=0.6324 | precision_macro=0.6660 | recall_macro=0.6649
         ovr_roc_auc_macro=0.8639 | ovr_pr_auc_macro=0.6963
 No improvement. Bad epochs: 15/15
Early stopping triggered.
 Training stopped early at epoch 32.

Loading best model and evaluating on test set...
Best validation QWK: 0.7977

Test | loss=0.7704 | top1=65.42% | top2=89.42% | top3=98.80% | acc=65.34% | bal_acc=66.53% | macro_f1=0.6658 | qwk=0.8240 | mae=0.3986 | weighted_f1=0.6538 | precision_macro=0.6755 | recall_macro=0.6653
     ovr_roc_auc_macro=0.8873 | ovr_pr_auc_macro=0.7150

Evaluating on auto_test set...

AutoTest | loss=0.7588 | top1=66.15% | top2=90.66% | top3=98.96% | acc=65.99% | bal_acc=67.77% | macro_f1=0.6745 | qwk=0.8189 | mae=0.3971 | weighted_f1=0.6587 | precision_macro=0.6812 | recall_macro=0.6777
         ovr_roc_auc_macro=0.8917 | ovr_pr_auc_macro=0.7191
Summary CSV saved: /root/autodl-tmp/MedVisionLab/Knee/logs/ResNet_baseline+Loss4_controlled_mecsb_vb_koa_adni_10seed_20260803_234110_koa_resnet50_plus_dast_seed7_20260804_100539_summary.csv
Checkpoint saved: /root/autodl-tmp/MedVisionLab/Knee/checkpoints/best_resnet50_knee_oa_DAST_controlled_mecsb_vb_koa_adni_10seed_20260803_234110_koa_resnet50_plus_dast_seed7.pt

Knee Osteoarthritis ResNet50 baseline (DAST) completed!

==========================================================================================
RETURN_CODE: 0
