DATASET: KOA
METHOD: ResNet50
SEED: 4
SCRIPT: /root/autodl-tmp/MedVisionLab/Knee/ResNet_baseline.py
RUN_TAG: controlled_mecsb_vb_koa_adni_10seed_20260803_234110_koa_resnet50_seed4
COMMAND: /root/miniconda3/envs/medvision/bin/python -u /root/autodl-tmp/MedVisionLab/Knee/ResNet_baseline.py
==========================================================================================
Starting Knee Osteoarthritis ResNet50 Baseline...
Using device: cuda
CUDA device: NVIDIA GeForce RTX 3090
Run tag: controlled_mecsb_vb_koa_adni_10seed_20260803_234110_koa_resnet50_seed4
Config | seed=4, batch_size=32, epochs=60, image_size=224
Class mapping from folders: {'0': 0, '1': 1, '2': 2, '3': 3, '4': 4}

Train samples: 5778
Train class distribution:
  0_Normal: 2286
  1_Doubtful: 1046
  2_Mild: 1516
  3_Moderate: 757
  4_Severe: 173

Valid samples: 826
Valid class distribution:
  0_Normal: 328
  1_Doubtful: 153
  2_Mild: 212
  3_Moderate: 106
  4_Severe: 27

Test samples: 1656
Test class distribution:
  0_Normal: 639
  1_Doubtful: 296
  2_Mild: 447
  3_Moderate: 223
  4_Severe: 51

AutoTest samples: 1526
AutoTest class distribution:
  0_Normal: 604
  1_Doubtful: 275
  2_Mild: 403
  3_Moderate: 200
  4_Severe: 44

Split sizes | train=5778, valid=826, test=1656, auto_test=1526
Loading pretrained ResNet50...
Trainable parameters: 23,518,277

[INFO] Class counts in training set: [2286 1046 1516  757  173]
[INFO] Using Standard CrossEntropyLoss (No class weights).
Starting training...

Epoch 01/60 | Time 0m 14s
  Train | loss=1.4375 | top1=38.39% | top2=64.50% | top3=83.07%
  Valid | loss=1.3884 | top1=39.42% | top2=64.78% | top3=83.53% | acc=39.71% | bal_acc=20.03% | macro_f1=0.1155 | qwk=0.0023 | mae=1.2119 | weighted_f1=0.2280 | precision_macro=0.1461 | recall_macro=0.2003
         ovr_roc_auc_macro=0.5991 | ovr_pr_auc_macro=0.2682
 Initial best model saved to /root/autodl-tmp/MedVisionLab/Knee/checkpoints/best_resnet50_knee_oa_standard_ce_controlled_mecsb_vb_koa_adni_10seed_20260803_234110_koa_resnet50_seed4.pt (QWK=0.0023)

Epoch 02/60 | Time 0m 13s
  Train | loss=1.3011 | top1=43.43% | top2=68.29% | top3=86.13%
  Valid | loss=1.2198 | top1=48.08% | top2=74.16% | top3=89.66% | acc=48.43% | bal_acc=28.20% | macro_f1=0.2247 | qwk=0.4914 | mae=0.7651 | weighted_f1=0.3820 | precision_macro=0.3840 | recall_macro=0.2820
         ovr_roc_auc_macro=0.7649 | ovr_pr_auc_macro=0.4201
 Validation improved. Saved best model to /root/autodl-tmp/MedVisionLab/Knee/checkpoints/best_resnet50_knee_oa_standard_ce_controlled_mecsb_vb_koa_adni_10seed_20260803_234110_koa_resnet50_seed4.pt (QWK=0.4914)

Epoch 03/60 | Time 0m 13s
  Train | loss=1.0948 | top1=53.59% | top2=78.49% | top3=93.91%
  Valid | loss=1.0822 | top1=52.04% | top2=78.86% | top3=96.10% | acc=52.42% | bal_acc=35.59% | macro_f1=0.3232 | qwk=0.5944 | mae=0.7046 | weighted_f1=0.4350 | precision_macro=0.3336 | recall_macro=0.3559
         ovr_roc_auc_macro=0.8120 | ovr_pr_auc_macro=0.5407
 Validation improved. Saved best model to /root/autodl-tmp/MedVisionLab/Knee/checkpoints/best_resnet50_knee_oa_standard_ce_controlled_mecsb_vb_koa_adni_10seed_20260803_234110_koa_resnet50_seed4.pt (QWK=0.5944)

Epoch 04/60 | Time 0m 14s
  Train | loss=0.9046 | top1=61.93% | top2=85.00% | top3=97.98%
  Valid | loss=0.9472 | top1=58.69% | top2=84.38% | top3=98.08% | acc=58.47% | bal_acc=55.30% | macro_f1=0.5156 | qwk=0.7171 | mae=0.5617 | weighted_f1=0.5322 | precision_macro=0.5592 | recall_macro=0.5530
         ovr_roc_auc_macro=0.8480 | ovr_pr_auc_macro=0.6309
 Validation improved. Saved best model to /root/autodl-tmp/MedVisionLab/Knee/checkpoints/best_resnet50_knee_oa_standard_ce_controlled_mecsb_vb_koa_adni_10seed_20260803_234110_koa_resnet50_seed4.pt (QWK=0.7171)

Epoch 05/60 | Time 0m 14s
  Train | loss=0.8240 | top1=65.65% | top2=88.06% | top3=98.78%
  Valid | loss=0.9330 | top1=61.54% | top2=86.42% | top3=97.12% | acc=61.26% | bal_acc=65.63% | macro_f1=0.5984 | qwk=0.7605 | mae=0.4964 | weighted_f1=0.6068 | precision_macro=0.5685 | recall_macro=0.6563
         ovr_roc_auc_macro=0.8637 | ovr_pr_auc_macro=0.6346
 Validation improved. Saved best model to /root/autodl-tmp/MedVisionLab/Knee/checkpoints/best_resnet50_knee_oa_standard_ce_controlled_mecsb_vb_koa_adni_10seed_20260803_234110_koa_resnet50_seed4.pt (QWK=0.7605)

Epoch 06/60 | Time 0m 14s
  Train | loss=0.7699 | top1=68.13% | top2=89.70% | top3=98.72%
  Valid | loss=0.9463 | top1=61.21% | top2=84.68% | top3=98.17% | acc=61.02% | bal_acc=59.56% | macro_f1=0.5956 | qwk=0.7384 | mae=0.5157 | weighted_f1=0.5757 | precision_macro=0.6375 | recall_macro=0.5956
         ovr_roc_auc_macro=0.8519 | ovr_pr_auc_macro=0.6682
 No improvement. Bad epochs: 1/15

Epoch 07/60 | Time 0m 14s
  Train | loss=0.7187 | top1=69.51% | top2=90.79% | top3=99.37%
  Valid | loss=0.9266 | top1=61.04% | top2=85.58% | top3=98.56% | acc=60.90% | bal_acc=60.21% | macro_f1=0.6075 | qwk=0.7651 | mae=0.4891 | weighted_f1=0.5809 | precision_macro=0.6532 | recall_macro=0.6021
         ovr_roc_auc_macro=0.8620 | ovr_pr_auc_macro=0.6775
 Validation improved. Saved best model to /root/autodl-tmp/MedVisionLab/Knee/checkpoints/best_resnet50_knee_oa_standard_ce_controlled_mecsb_vb_koa_adni_10seed_20260803_234110_koa_resnet50_seed4.pt (QWK=0.7651)

Epoch 08/60 | Time 0m 14s
  Train | loss=0.6625 | top1=72.03% | top2=92.33% | top3=99.45%
  Valid | loss=0.8829 | top1=65.34% | top2=87.59% | top3=98.80% | acc=65.25% | bal_acc=63.67% | macro_f1=0.6345 | qwk=0.7654 | mae=0.4516 | weighted_f1=0.6237 | precision_macro=0.6770 | recall_macro=0.6367
         ovr_roc_auc_macro=0.8814 | ovr_pr_auc_macro=0.7106
 Validation improved. Saved best model to /root/autodl-tmp/MedVisionLab/Knee/checkpoints/best_resnet50_knee_oa_standard_ce_controlled_mecsb_vb_koa_adni_10seed_20260803_234110_koa_resnet50_seed4.pt (QWK=0.7654)

Epoch 09/60 | Time 0m 14s
  Train | loss=0.6212 | top1=74.09% | top2=93.30% | top3=99.26%
  Valid | loss=0.8430 | top1=65.93% | top2=89.42% | top3=98.92% | acc=65.74% | bal_acc=64.54% | macro_f1=0.6403 | qwk=0.7930 | mae=0.4262 | weighted_f1=0.6265 | precision_macro=0.6680 | recall_macro=0.6454
         ovr_roc_auc_macro=0.8848 | ovr_pr_auc_macro=0.7180
 Validation improved. Saved best model to /root/autodl-tmp/MedVisionLab/Knee/checkpoints/best_resnet50_knee_oa_standard_ce_controlled_mecsb_vb_koa_adni_10seed_20260803_234110_koa_resnet50_seed4.pt (QWK=0.7930)

Epoch 10/60 | Time 0m 14s
  Train | loss=0.5839 | top1=76.21% | top2=93.42% | top3=99.53%
  Valid | loss=0.8459 | top1=64.46% | top2=88.70% | top3=98.80% | acc=64.29% | bal_acc=64.66% | macro_f1=0.6240 | qwk=0.7832 | mae=0.4479 | weighted_f1=0.6192 | precision_macro=0.6192 | recall_macro=0.6466
         ovr_roc_auc_macro=0.8787 | ovr_pr_auc_macro=0.7036
 No improvement. Bad epochs: 1/15

Epoch 11/60 | Time 0m 14s
  Train | loss=0.5358 | top1=78.02% | top2=94.68% | top3=99.79%
  Valid | loss=1.0013 | top1=59.68% | top2=87.14% | top3=97.48% | acc=59.44% | bal_acc=65.53% | macro_f1=0.6181 | qwk=0.7656 | mae=0.4915 | weighted_f1=0.6002 | precision_macro=0.5963 | recall_macro=0.6553
         ovr_roc_auc_macro=0.8683 | ovr_pr_auc_macro=0.6840
 No improvement. Bad epochs: 2/15

Epoch 12/60 | Time 0m 14s
  Train | loss=0.4770 | top1=80.26% | top2=95.96% | top3=99.79%
  Valid | loss=1.0158 | top1=63.20% | top2=89.30% | top3=98.80% | acc=63.08% | bal_acc=62.21% | macro_f1=0.6218 | qwk=0.7864 | mae=0.4528 | weighted_f1=0.6101 | precision_macro=0.6342 | recall_macro=0.6221
         ovr_roc_auc_macro=0.8703 | ovr_pr_auc_macro=0.6763
 No improvement. Bad epochs: 3/15

Epoch 13/60 | Time 0m 14s
  Train | loss=0.4320 | top1=82.81% | top2=96.71% | top3=99.71%
  Valid | loss=1.0317 | top1=63.66% | top2=88.67% | top3=98.32% | acc=63.56% | bal_acc=64.69% | macro_f1=0.6635 | qwk=0.7853 | mae=0.4370 | weighted_f1=0.6400 | precision_macro=0.6834 | recall_macro=0.6469
         ovr_roc_auc_macro=0.8688 | ovr_pr_auc_macro=0.6786
 No improvement. Bad epochs: 4/15

Epoch 14/60 | Time 0m 14s
  Train | loss=0.3959 | top1=84.35% | top2=96.59% | top3=99.74%
  Valid | loss=1.2186 | top1=63.53% | top2=84.86% | top3=98.20% | acc=63.32% | bal_acc=63.87% | macro_f1=0.5841 | qwk=0.7638 | mae=0.4770 | weighted_f1=0.5984 | precision_macro=0.5810 | recall_macro=0.6387
         ovr_roc_auc_macro=0.8692 | ovr_pr_auc_macro=0.6775
 No improvement. Bad epochs: 5/15

Epoch 15/60 | Time 0m 14s
  Train | loss=0.3530 | top1=86.42% | top2=97.31% | top3=99.88%
  Valid | loss=1.1895 | top1=61.70% | top2=88.65% | top3=99.04% | acc=61.50% | bal_acc=63.92% | macro_f1=0.6455 | qwk=0.7909 | mae=0.4443 | weighted_f1=0.6260 | precision_macro=0.6733 | recall_macro=0.6392
         ovr_roc_auc_macro=0.8633 | ovr_pr_auc_macro=0.6710
 No improvement. Bad epochs: 6/15

Epoch 16/60 | Time 0m 14s
  Train | loss=0.3170 | top1=87.31% | top2=98.07% | top3=99.90%
  Valid | loss=1.1111 | top1=67.65% | top2=86.72% | top3=98.68% | acc=67.55% | bal_acc=66.06% | macro_f1=0.6633 | qwk=0.7928 | mae=0.4140 | weighted_f1=0.6481 | precision_macro=0.7007 | recall_macro=0.6606
         ovr_roc_auc_macro=0.8755 | ovr_pr_auc_macro=0.7094
 No improvement. Bad epochs: 7/15

Epoch 17/60 | Time 0m 14s
  Train | loss=0.2761 | top1=89.57% | top2=98.53% | top3=99.91%
  Valid | loss=1.2054 | top1=63.20% | top2=86.99% | top3=98.56% | acc=63.08% | bal_acc=63.89% | macro_f1=0.6415 | qwk=0.7867 | mae=0.4431 | weighted_f1=0.6284 | precision_macro=0.6497 | recall_macro=0.6389
         ovr_roc_auc_macro=0.8682 | ovr_pr_auc_macro=0.6912
 No improvement. Bad epochs: 8/15

Epoch 18/60 | Time 0m 14s
  Train | loss=0.2320 | top1=91.28% | top2=98.86% | top3=99.95%
  Valid | loss=1.3697 | top1=62.99% | top2=87.95% | top3=98.32% | acc=62.83% | bal_acc=63.43% | macro_f1=0.6402 | qwk=0.7833 | mae=0.4528 | weighted_f1=0.6215 | precision_macro=0.6515 | recall_macro=0.6343
         ovr_roc_auc_macro=0.8663 | ovr_pr_auc_macro=0.6899
 No improvement. Bad epochs: 9/15

Epoch 19/60 | Time 0m 14s
  Train | loss=0.1981 | top1=93.01% | top2=99.10% | top3=99.98%
  Valid | loss=1.7503 | top1=61.67% | top2=85.64% | top3=98.20% | acc=61.50% | bal_acc=58.67% | macro_f1=0.5929 | qwk=0.7562 | mae=0.4879 | weighted_f1=0.5858 | precision_macro=0.6271 | recall_macro=0.5867
         ovr_roc_auc_macro=0.8482 | ovr_pr_auc_macro=0.6644
 No improvement. Bad epochs: 10/15

Epoch 20/60 | Time 0m 14s
  Train | loss=0.1931 | top1=92.86% | top2=99.33% | top3=99.98%
  Valid | loss=1.4887 | top1=59.20% | top2=84.50% | top3=97.00% | acc=58.96% | bal_acc=65.10% | macro_f1=0.6061 | qwk=0.7520 | mae=0.5109 | weighted_f1=0.5877 | precision_macro=0.5842 | recall_macro=0.6510
         ovr_roc_auc_macro=0.8682 | ovr_pr_auc_macro=0.6799
 No improvement. Bad epochs: 11/15

Epoch 21/60 | Time 0m 14s
  Train | loss=0.1515 | top1=94.08% | top2=99.36% | top3=100.00%
  Valid | loss=1.6007 | top1=59.78% | top2=87.83% | top3=99.28% | acc=59.69% | bal_acc=62.01% | macro_f1=0.6378 | qwk=0.7809 | mae=0.4649 | weighted_f1=0.6104 | precision_macro=0.6690 | recall_macro=0.6201
         ovr_roc_auc_macro=0.8652 | ovr_pr_auc_macro=0.6832
 No improvement. Bad epochs: 12/15

Epoch 22/60 | Time 0m 14s
  Train | loss=0.1381 | top1=94.67% | top2=99.41% | top3=99.98%
  Valid | loss=1.5529 | top1=63.80% | top2=87.26% | top3=98.44% | acc=63.68% | bal_acc=63.12% | macro_f1=0.6323 | qwk=0.7932 | mae=0.4346 | weighted_f1=0.6305 | precision_macro=0.6427 | recall_macro=0.6312
         ovr_roc_auc_macro=0.8658 | ovr_pr_auc_macro=0.6914
 Validation improved. Saved best model to /root/autodl-tmp/MedVisionLab/Knee/checkpoints/best_resnet50_knee_oa_standard_ce_controlled_mecsb_vb_koa_adni_10seed_20260803_234110_koa_resnet50_seed4.pt (QWK=0.7932)

Epoch 23/60 | Time 0m 14s
  Train | loss=0.1180 | top1=95.74% | top2=99.52% | top3=99.95%
  Valid | loss=1.8546 | top1=62.27% | top2=86.06% | top3=98.44% | acc=62.11% | bal_acc=63.52% | macro_f1=0.6334 | qwk=0.7604 | mae=0.4746 | weighted_f1=0.6182 | precision_macro=0.6373 | recall_macro=0.6352
         ovr_roc_auc_macro=0.8557 | ovr_pr_auc_macro=0.6638
 No improvement. Bad epochs: 1/15

Epoch 24/60 | Time 0m 14s
  Train | loss=0.1132 | top1=95.63% | top2=99.59% | top3=99.97%
  Valid | loss=1.7810 | top1=59.62% | top2=85.28% | top3=98.44% | acc=59.44% | bal_acc=61.20% | macro_f1=0.6085 | qwk=0.7315 | mae=0.5133 | weighted_f1=0.5884 | precision_macro=0.6330 | recall_macro=0.6120
         ovr_roc_auc_macro=0.8613 | ovr_pr_auc_macro=0.6795
 No improvement. Bad epochs: 2/15

Epoch 25/60 | Time 0m 14s
  Train | loss=0.1070 | top1=96.10% | top2=99.36% | top3=100.00%
  Valid | loss=1.6850 | top1=63.71% | top2=85.82% | top3=98.20% | acc=63.56% | bal_acc=63.22% | macro_f1=0.5996 | qwk=0.7833 | mae=0.4600 | weighted_f1=0.6129 | precision_macro=0.5880 | recall_macro=0.6322
         ovr_roc_auc_macro=0.8648 | ovr_pr_auc_macro=0.6772
 No improvement. Bad epochs: 3/15

Epoch 26/60 | Time 0m 14s
  Train | loss=0.0978 | top1=96.60% | top2=99.74% | top3=99.98%
  Valid | loss=1.6117 | top1=63.56% | top2=87.11% | top3=98.32% | acc=63.44% | bal_acc=63.42% | macro_f1=0.6397 | qwk=0.7851 | mae=0.4455 | weighted_f1=0.6306 | precision_macro=0.6466 | recall_macro=0.6342
         ovr_roc_auc_macro=0.8642 | ovr_pr_auc_macro=0.6857
 No improvement. Bad epochs: 4/15

Epoch 27/60 | Time 0m 14s
  Train | loss=0.0776 | top1=97.52% | top2=99.69% | top3=99.98%
  Valid | loss=1.8590 | top1=63.35% | top2=88.34% | top3=98.20% | acc=63.20% | bal_acc=64.91% | macro_f1=0.6427 | qwk=0.7858 | mae=0.4467 | weighted_f1=0.6304 | precision_macro=0.6389 | recall_macro=0.6491
         ovr_roc_auc_macro=0.8658 | ovr_pr_auc_macro=0.6851
 No improvement. Bad epochs: 5/15

Epoch 28/60 | Time 0m 14s
  Train | loss=0.0774 | top1=97.44% | top2=99.74% | top3=100.00%
  Valid | loss=1.9530 | top1=62.48% | top2=85.97% | top3=98.08% | acc=62.35% | bal_acc=61.39% | macro_f1=0.6260 | qwk=0.7629 | mae=0.4673 | weighted_f1=0.6135 | precision_macro=0.6538 | recall_macro=0.6139
         ovr_roc_auc_macro=0.8571 | ovr_pr_auc_macro=0.6686
 No improvement. Bad epochs: 6/15

Epoch 29/60 | Time 0m 14s
  Train | loss=0.0623 | top1=97.85% | top2=99.78% | top3=100.00%
  Valid | loss=1.9824 | top1=65.10% | top2=86.84% | top3=98.44% | acc=65.01% | bal_acc=63.15% | macro_f1=0.6362 | qwk=0.7828 | mae=0.4358 | weighted_f1=0.6325 | precision_macro=0.6559 | recall_macro=0.6315
         ovr_roc_auc_macro=0.8673 | ovr_pr_auc_macro=0.6828
 No improvement. Bad epochs: 7/15

Epoch 30/60 | Time 0m 14s
  Train | loss=0.0521 | top1=98.15% | top2=99.95% | top3=100.00%
  Valid | loss=1.9798 | top1=63.90% | top2=87.11% | top3=98.68% | acc=63.80% | bal_acc=62.80% | macro_f1=0.6277 | qwk=0.7787 | mae=0.4516 | weighted_f1=0.6203 | precision_macro=0.6354 | recall_macro=0.6280
         ovr_roc_auc_macro=0.8619 | ovr_pr_auc_macro=0.6736
 No improvement. Bad epochs: 8/15

Epoch 31/60 | Time 0m 14s
  Train | loss=0.0529 | top1=98.12% | top2=99.93% | top3=100.00%
  Valid | loss=2.0218 | top1=62.78% | top2=85.46% | top3=97.96% | acc=62.59% | bal_acc=63.72% | macro_f1=0.6144 | qwk=0.7640 | mae=0.4782 | weighted_f1=0.6053 | precision_macro=0.6124 | recall_macro=0.6372
         ovr_roc_auc_macro=0.8630 | ovr_pr_auc_macro=0.6798
 No improvement. Bad epochs: 9/15

Epoch 32/60 | Time 0m 14s
  Train | loss=0.0447 | top1=98.58% | top2=99.95% | top3=100.00%
  Valid | loss=2.0518 | top1=63.78% | top2=86.90% | top3=98.20% | acc=63.68% | bal_acc=62.39% | macro_f1=0.6281 | qwk=0.7702 | mae=0.4576 | weighted_f1=0.6287 | precision_macro=0.6358 | recall_macro=0.6239
         ovr_roc_auc_macro=0.8636 | ovr_pr_auc_macro=0.6795
 No improvement. Bad epochs: 10/15

Epoch 33/60 | Time 0m 14s
  Train | loss=0.0477 | top1=98.45% | top2=99.84% | top3=99.98%
  Valid | loss=2.0572 | top1=63.89% | top2=85.91% | top3=98.08% | acc=63.68% | bal_acc=64.42% | macro_f1=0.6229 | qwk=0.7756 | mae=0.4588 | weighted_f1=0.6183 | precision_macro=0.6221 | recall_macro=0.6442
         ovr_roc_auc_macro=0.8607 | ovr_pr_auc_macro=0.6888
 No improvement. Bad epochs: 11/15

Epoch 34/60 | Time 0m 14s
  Train | loss=0.0421 | top1=98.55% | top2=99.88% | top3=99.98%
  Valid | loss=2.0304 | top1=64.22% | top2=86.15% | top3=98.68% | acc=64.04% | bal_acc=63.76% | macro_f1=0.6265 | qwk=0.7742 | mae=0.4540 | weighted_f1=0.6201 | precision_macro=0.6351 | recall_macro=0.6376
         ovr_roc_auc_macro=0.8669 | ovr_pr_auc_macro=0.6920
 No improvement. Bad epochs: 12/15

Epoch 35/60 | Time 0m 14s
  Train | loss=0.0388 | top1=98.69% | top2=99.95% | top3=100.00%
  Valid | loss=2.0084 | top1=65.10% | top2=87.23% | top3=98.32% | acc=65.01% | bal_acc=62.52% | macro_f1=0.6332 | qwk=0.7837 | mae=0.4370 | weighted_f1=0.6340 | precision_macro=0.6525 | recall_macro=0.6252
         ovr_roc_auc_macro=0.8651 | ovr_pr_auc_macro=0.6746
 No improvement. Bad epochs: 13/15

Epoch 36/60 | Time 0m 14s
  Train | loss=0.0328 | top1=98.74% | top2=99.98% | top3=100.00%
  Valid | loss=2.0556 | top1=63.80% | top2=87.71% | top3=98.08% | acc=63.68% | bal_acc=62.63% | macro_f1=0.6228 | qwk=0.7680 | mae=0.4613 | weighted_f1=0.6189 | precision_macro=0.6308 | recall_macro=0.6263
         ovr_roc_auc_macro=0.8638 | ovr_pr_auc_macro=0.6694
 No improvement. Bad epochs: 14/15

Epoch 37/60 | Time 0m 14s
  Train | loss=0.0315 | top1=98.83% | top2=99.91% | top3=100.00%
  Valid | loss=2.2102 | top1=63.32% | top2=87.23% | top3=98.32% | acc=63.20% | bal_acc=61.92% | macro_f1=0.6154 | qwk=0.7719 | mae=0.4600 | weighted_f1=0.6170 | precision_macro=0.6239 | recall_macro=0.6192
         ovr_roc_auc_macro=0.8641 | ovr_pr_auc_macro=0.6795
 No improvement. Bad epochs: 15/15
⏹ Early stopping triggered.
 Training stopped early at epoch 37.

Loading best model and evaluating on test set...
Best validation QWK: 0.7932

Test | loss=1.2720 | top1=65.44% | top2=90.08% | top3=99.22% | acc=65.34% | bal_acc=65.80% | macro_f1=0.6647 | qwk=0.8026 | mae=0.4167 | weighted_f1=0.6501 | precision_macro=0.6730 | recall_macro=0.6580
     ovr_roc_auc_macro=0.8871 | ovr_pr_auc_macro=0.7257

Evaluating on auto_test set...

AutoTest | loss=1.2490 | top1=66.15% | top2=90.49% | top3=99.67% | acc=65.99% | bal_acc=66.28% | macro_f1=0.6676 | qwk=0.8094 | mae=0.4050 | weighted_f1=0.6552 | precision_macro=0.6755 | recall_macro=0.6628
         ovr_roc_auc_macro=0.8880 | ovr_pr_auc_macro=0.7184

Knee Osteoarthritis ResNet50 baseline completed!

==========================================================================================
RETURN_CODE: 0
