DATASET: KOA
METHOD: ResNet50 + MESC VersionB + DAST
SEED: 1
SCRIPT: /root/autodl-tmp/MedVisionLab/Knee/ResNet_layer3+MECS+Loss4.py
RUN_TAG: controlled_mecsb_vb_koa_adni_10seed_20260803_234110_koa_resnet50_plus_mesc_versionb_plus_dast_seed1
DAST_TAU: 1.0
DAST_GAMMA: 1.5
COMMAND: /root/miniconda3/envs/medvision/bin/python -u /root/autodl-tmp/MedVisionLab/tools/run_training_with_mecsb.py --script /root/autodl-tmp/MedVisionLab/Knee/ResNet_layer3+MECS+Loss4.py
==========================================================================================
MESC_IMPLEMENTATION: MECS_VersionB
ORIGINAL_SCRIPT: /root/autodl-tmp/MedVisionLab/Knee/ResNet_layer3+MECS+Loss4.py
==========================================================================================
Injected attention module: MECS_VersionB
Original training script : /root/autodl-tmp/MedVisionLab/Knee/ResNet_layer3+MECS+Loss4.py
Dataset                  : KOA
Original source modified : no
==========================================================================================
Starting ResNet(layer3)+MECS+DAST Knee Osteoarthritis Baseline...
Using device: cuda
CUDA device: NVIDIA GeForce RTX 3090
Run tag: controlled_mecsb_vb_koa_adni_10seed_20260803_234110_koa_resnet50_plus_mesc_versionb_plus_dast_seed1
Config | seed=1, batch_size=32, epochs=60, image_size=224
DAST config | tau=1.0000, gamma=1.5000
Class mapping from folders: {'0': 0, '1': 1, '2': 2, '3': 3, '4': 4}

Train samples: 5778
Train class distribution:
  0_Normal: 2286
  1_Doubtful: 1046
  2_Mild: 1516
  3_Moderate: 757
  4_Severe: 173

Valid samples: 826
Valid class distribution:
  0_Normal: 328
  1_Doubtful: 153
  2_Mild: 212
  3_Moderate: 106
  4_Severe: 27

Test samples: 1656
Test class distribution:
  0_Normal: 639
  1_Doubtful: 296
  2_Mild: 447
  3_Moderate: 223
  4_Severe: 51

AutoTest samples: 1526
AutoTest class distribution:
  0_Normal: 604
  1_Doubtful: 275
  2_Mild: 403
  3_Moderate: 200
  4_Severe: 44

Split sizes | train=5778, valid=826, test=1656, auto_test=1526
Loading ResNet50 with MECS module at layer3...
Trainable parameters: 27,305,297

[INFO] Class counts in training set: [2286 1046 1516  757  173]
[INFO] Using Clinically Distance-Aware Soft Label Loss (DAST).
Starting training...

Epoch 01/60 | Time 0m 17s
  Train | loss=1.0054 | top1=40.85% | top2=62.63% | top3=82.76%
  Valid | loss=0.9250 | top1=47.72% | top2=71.15% | top3=88.25% | acc=48.06% | bal_acc=27.34% | macro_f1=0.2165 | qwk=0.4255 | mae=0.8184 | weighted_f1=0.3706 | precision_macro=0.1834 | recall_macro=0.2734
         ovr_roc_auc_macro=0.7694 | ovr_pr_auc_macro=0.4442
 Initial best model saved to /root/autodl-tmp/MedVisionLab/Knee/checkpoints/best_resnet50_mecs_layer3_dast_knee_oa_new_controlled_mecsb_vb_koa_adni_10seed_20260803_234110_koa_resnet50_plus_mesc_versionb_plus_dast_seed1.pt (QWK=0.4255)

Epoch 02/60 | Time 0m 17s
  Train | loss=0.8914 | top1=51.25% | top2=76.10% | top3=92.60%
  Valid | loss=0.8504 | top1=54.45% | top2=81.42% | top3=94.95% | acc=54.84% | bal_acc=41.46% | macro_f1=0.3712 | qwk=0.6484 | mae=0.6271 | weighted_f1=0.4906 | precision_macro=0.3699 | recall_macro=0.4146
         ovr_roc_auc_macro=0.8187 | ovr_pr_auc_macro=0.5226
 Validation improved. Saved best model to /root/autodl-tmp/MedVisionLab/Knee/checkpoints/best_resnet50_mecs_layer3_dast_knee_oa_new_controlled_mecsb_vb_koa_adni_10seed_20260803_234110_koa_resnet50_plus_mesc_versionb_plus_dast_seed1.pt (QWK=0.6484)

Epoch 03/60 | Time 0m 17s
  Train | loss=0.8139 | top1=58.40% | top2=82.35% | top3=97.05%
  Valid | loss=0.7921 | top1=59.62% | top2=85.03% | top3=98.32% | acc=60.05% | bal_acc=43.76% | macro_f1=0.4003 | qwk=0.7212 | mae=0.5278 | weighted_f1=0.5298 | precision_macro=0.4064 | recall_macro=0.4376
         ovr_roc_auc_macro=0.8552 | ovr_pr_auc_macro=0.6111
 Validation improved. Saved best model to /root/autodl-tmp/MedVisionLab/Knee/checkpoints/best_resnet50_mecs_layer3_dast_knee_oa_new_controlled_mecsb_vb_koa_adni_10seed_20260803_234110_koa_resnet50_plus_mesc_versionb_plus_dast_seed1.pt (QWK=0.7212)

Epoch 04/60 | Time 0m 17s
  Train | loss=0.7769 | top1=62.62% | top2=86.25% | top3=97.85%
  Valid | loss=0.7805 | top1=61.97% | top2=85.43% | top3=95.55% | acc=61.86% | bal_acc=62.21% | macro_f1=0.5890 | qwk=0.7363 | mae=0.5218 | weighted_f1=0.5833 | precision_macro=0.6129 | recall_macro=0.6221
         ovr_roc_auc_macro=0.8772 | ovr_pr_auc_macro=0.6908
 Validation improved. Saved best model to /root/autodl-tmp/MedVisionLab/Knee/checkpoints/best_resnet50_mecs_layer3_dast_knee_oa_new_controlled_mecsb_vb_koa_adni_10seed_20260803_234110_koa_resnet50_plus_mesc_versionb_plus_dast_seed1.pt (QWK=0.7363)

Epoch 05/60 | Time 0m 17s
  Train | loss=0.7559 | top1=65.45% | top2=87.47% | top3=98.50%
  Valid | loss=0.7594 | top1=64.28% | top2=86.87% | top3=97.96% | acc=64.16% | bal_acc=64.66% | macro_f1=0.6549 | qwk=0.7838 | mae=0.4358 | weighted_f1=0.6411 | precision_macro=0.6676 | recall_macro=0.6466
         ovr_roc_auc_macro=0.8779 | ovr_pr_auc_macro=0.6981
 Validation improved. Saved best model to /root/autodl-tmp/MedVisionLab/Knee/checkpoints/best_resnet50_mecs_layer3_dast_knee_oa_new_controlled_mecsb_vb_koa_adni_10seed_20260803_234110_koa_resnet50_plus_mesc_versionb_plus_dast_seed1.pt (QWK=0.7838)

Epoch 06/60 | Time 0m 17s
  Train | loss=0.7424 | top1=66.05% | top2=89.30% | top3=98.83%
  Valid | loss=0.8843 | top1=53.16% | top2=75.69% | top3=90.99% | acc=52.91% | bal_acc=62.94% | macro_f1=0.6042 | qwk=0.6188 | mae=0.6404 | weighted_f1=0.5129 | precision_macro=0.6730 | recall_macro=0.6294
         ovr_roc_auc_macro=0.8544 | ovr_pr_auc_macro=0.6811
 No improvement. Bad epochs: 1/15

Epoch 07/60 | Time 0m 17s
  Train | loss=0.7237 | top1=68.68% | top2=90.09% | top3=98.92%
  Valid | loss=0.7464 | top1=64.32% | top2=87.59% | top3=97.60% | acc=64.29% | bal_acc=62.87% | macro_f1=0.6531 | qwk=0.7827 | mae=0.4346 | weighted_f1=0.6414 | precision_macro=0.6901 | recall_macro=0.6287
         ovr_roc_auc_macro=0.8853 | ovr_pr_auc_macro=0.7152
 No improvement. Bad epochs: 2/15

Epoch 08/60 | Time 0m 17s
  Train | loss=0.7073 | top1=70.62% | top2=91.73% | top3=99.14%
  Valid | loss=0.7349 | top1=67.40% | top2=89.03% | top3=98.80% | acc=67.19% | bal_acc=67.36% | macro_f1=0.6504 | qwk=0.7972 | mae=0.4153 | weighted_f1=0.6402 | precision_macro=0.6704 | recall_macro=0.6736
         ovr_roc_auc_macro=0.8956 | ovr_pr_auc_macro=0.7443
 Validation improved. Saved best model to /root/autodl-tmp/MedVisionLab/Knee/checkpoints/best_resnet50_mecs_layer3_dast_knee_oa_new_controlled_mecsb_vb_koa_adni_10seed_20260803_234110_koa_resnet50_plus_mesc_versionb_plus_dast_seed1.pt (QWK=0.7972)

Epoch 09/60 | Time 0m 17s
  Train | loss=0.6997 | top1=71.12% | top2=92.14% | top3=99.22%
  Valid | loss=0.7426 | top1=67.34% | top2=89.76% | top3=98.08% | acc=67.19% | bal_acc=66.81% | macro_f1=0.6506 | qwk=0.8050 | mae=0.4080 | weighted_f1=0.6570 | precision_macro=0.6489 | recall_macro=0.6681
         ovr_roc_auc_macro=0.8908 | ovr_pr_auc_macro=0.7238
 Validation improved. Saved best model to /root/autodl-tmp/MedVisionLab/Knee/checkpoints/best_resnet50_mecs_layer3_dast_knee_oa_new_controlled_mecsb_vb_koa_adni_10seed_20260803_234110_koa_resnet50_plus_mesc_versionb_plus_dast_seed1.pt (QWK=0.8050)

Epoch 10/60 | Time 0m 17s
  Train | loss=0.6876 | top1=72.65% | top2=93.10% | top3=99.33%
  Valid | loss=0.7508 | top1=66.68% | top2=88.70% | top3=98.32% | acc=66.46% | bal_acc=68.48% | macro_f1=0.6561 | qwk=0.8076 | mae=0.4116 | weighted_f1=0.6498 | precision_macro=0.6436 | recall_macro=0.6848
         ovr_roc_auc_macro=0.8894 | ovr_pr_auc_macro=0.7127
 Validation improved. Saved best model to /root/autodl-tmp/MedVisionLab/Knee/checkpoints/best_resnet50_mecs_layer3_dast_knee_oa_new_controlled_mecsb_vb_koa_adni_10seed_20260803_234110_koa_resnet50_plus_mesc_versionb_plus_dast_seed1.pt (QWK=0.8076)

Epoch 11/60 | Time 0m 17s
  Train | loss=0.6790 | top1=74.01% | top2=93.73% | top3=99.40%
  Valid | loss=0.7561 | top1=64.01% | top2=87.59% | top3=98.44% | acc=63.80% | bal_acc=65.87% | macro_f1=0.6494 | qwk=0.7957 | mae=0.4298 | weighted_f1=0.6375 | precision_macro=0.6517 | recall_macro=0.6587
         ovr_roc_auc_macro=0.8809 | ovr_pr_auc_macro=0.6945
 No improvement. Bad epochs: 1/15

Epoch 12/60 | Time 0m 17s
  Train | loss=0.6728 | top1=74.84% | top2=94.01% | top3=99.45%
  Valid | loss=0.7467 | top1=66.84% | top2=89.64% | top3=98.80% | acc=66.71% | bal_acc=66.41% | macro_f1=0.6718 | qwk=0.8013 | mae=0.4068 | weighted_f1=0.6582 | precision_macro=0.6908 | recall_macro=0.6641
         ovr_roc_auc_macro=0.8859 | ovr_pr_auc_macro=0.7146
 No improvement. Bad epochs: 2/15

Epoch 13/60 | Time 0m 17s
  Train | loss=0.6606 | top1=76.91% | top2=94.66% | top3=99.57%
  Valid | loss=0.7473 | top1=64.70% | top2=90.14% | top3=98.68% | acc=64.53% | bal_acc=67.17% | macro_f1=0.6708 | qwk=0.8117 | mae=0.4092 | weighted_f1=0.6527 | precision_macro=0.6787 | recall_macro=0.6717
         ovr_roc_auc_macro=0.8838 | ovr_pr_auc_macro=0.7119
 Validation improved. Saved best model to /root/autodl-tmp/MedVisionLab/Knee/checkpoints/best_resnet50_mecs_layer3_dast_knee_oa_new_controlled_mecsb_vb_koa_adni_10seed_20260803_234110_koa_resnet50_plus_mesc_versionb_plus_dast_seed1.pt (QWK=0.8117)

Epoch 14/60 | Time 0m 17s
  Train | loss=0.6484 | top1=78.11% | top2=95.76% | top3=99.59%
  Valid | loss=0.7479 | top1=65.09% | top2=89.42% | top3=98.08% | acc=64.89% | bal_acc=66.30% | macro_f1=0.6417 | qwk=0.7972 | mae=0.4298 | weighted_f1=0.6304 | precision_macro=0.6336 | recall_macro=0.6630
         ovr_roc_auc_macro=0.8884 | ovr_pr_auc_macro=0.7210
 No improvement. Bad epochs: 1/15

Epoch 15/60 | Time 0m 17s
  Train | loss=0.6437 | top1=78.73% | top2=95.89% | top3=99.60%
  Valid | loss=0.8505 | top1=62.21% | top2=85.40% | top3=98.92% | acc=62.11% | bal_acc=58.98% | macro_f1=0.5931 | qwk=0.7524 | mae=0.4976 | weighted_f1=0.5793 | precision_macro=0.6406 | recall_macro=0.5898
         ovr_roc_auc_macro=0.8728 | ovr_pr_auc_macro=0.7004
 No improvement. Bad epochs: 2/15

Epoch 16/60 | Time 0m 17s
  Train | loss=0.6376 | top1=79.62% | top2=96.22% | top3=99.74%
  Valid | loss=0.7619 | top1=64.67% | top2=89.15% | top3=97.24% | acc=64.53% | bal_acc=64.36% | macro_f1=0.6482 | qwk=0.8064 | mae=0.4128 | weighted_f1=0.6430 | precision_macro=0.6645 | recall_macro=0.6436
         ovr_roc_auc_macro=0.8855 | ovr_pr_auc_macro=0.7117
 No improvement. Bad epochs: 3/15

Epoch 17/60 | Time 0m 17s
  Train | loss=0.6275 | top1=80.82% | top2=96.49% | top3=99.74%
  Valid | loss=0.7916 | top1=58.58% | top2=86.48% | top3=96.88% | acc=58.47% | bal_acc=61.49% | macro_f1=0.6245 | qwk=0.7620 | mae=0.4770 | weighted_f1=0.5978 | precision_macro=0.6648 | recall_macro=0.6149
         ovr_roc_auc_macro=0.8770 | ovr_pr_auc_macro=0.6942
 No improvement. Bad epochs: 4/15

Epoch 18/60 | Time 0m 17s
  Train | loss=0.6154 | top1=83.39% | top2=97.19% | top3=99.83%
  Valid | loss=0.7703 | top1=63.15% | top2=87.98% | top3=97.84% | acc=63.08% | bal_acc=63.08% | macro_f1=0.6484 | qwk=0.7908 | mae=0.4370 | weighted_f1=0.6337 | precision_macro=0.6697 | recall_macro=0.6308
         ovr_roc_auc_macro=0.8763 | ovr_pr_auc_macro=0.7024
 No improvement. Bad epochs: 5/15

Epoch 19/60 | Time 0m 17s
  Train | loss=0.6069 | top1=84.07% | top2=97.44% | top3=99.83%
  Valid | loss=0.7945 | top1=64.08% | top2=86.99% | top3=96.88% | acc=64.04% | bal_acc=65.07% | macro_f1=0.6678 | qwk=0.7899 | mae=0.4286 | weighted_f1=0.6489 | precision_macro=0.6976 | recall_macro=0.6507
         ovr_roc_auc_macro=0.8787 | ovr_pr_auc_macro=0.7036
 No improvement. Bad epochs: 6/15

Epoch 20/60 | Time 0m 17s
  Train | loss=0.5976 | top1=85.60% | top2=98.12% | top3=99.88%
  Valid | loss=0.8386 | top1=56.30% | top2=83.88% | top3=94.47% | acc=56.17% | bal_acc=62.88% | macro_f1=0.6263 | qwk=0.7557 | mae=0.4939 | weighted_f1=0.5731 | precision_macro=0.6777 | recall_macro=0.6288
         ovr_roc_auc_macro=0.8749 | ovr_pr_auc_macro=0.7019
 No improvement. Bad epochs: 7/15

Epoch 21/60 | Time 0m 17s
  Train | loss=0.5921 | top1=85.95% | top2=98.17% | top3=99.83%
  Valid | loss=0.7841 | top1=63.14% | top2=87.74% | top3=97.72% | acc=62.95% | bal_acc=67.78% | macro_f1=0.6733 | qwk=0.8094 | mae=0.4177 | weighted_f1=0.6445 | precision_macro=0.6830 | recall_macro=0.6778
         ovr_roc_auc_macro=0.8819 | ovr_pr_auc_macro=0.7126
 No improvement. Bad epochs: 8/15

Epoch 22/60 | Time 0m 17s
  Train | loss=0.5866 | top1=86.66% | top2=98.50% | top3=99.88%
  Valid | loss=0.7813 | top1=64.15% | top2=86.66% | top3=97.24% | acc=63.92% | bal_acc=68.86% | macro_f1=0.6689 | qwk=0.7985 | mae=0.4262 | weighted_f1=0.6461 | precision_macro=0.6585 | recall_macro=0.6886
         ovr_roc_auc_macro=0.8819 | ovr_pr_auc_macro=0.7043
 No improvement. Bad epochs: 9/15

Epoch 23/60 | Time 0m 17s
  Train | loss=0.5739 | top1=88.82% | top2=98.91% | top3=99.97%
  Valid | loss=0.7826 | top1=64.64% | top2=87.50% | top3=96.88% | acc=64.53% | bal_acc=66.95% | macro_f1=0.6815 | qwk=0.8024 | mae=0.4116 | weighted_f1=0.6554 | precision_macro=0.7049 | recall_macro=0.6695
         ovr_roc_auc_macro=0.8874 | ovr_pr_auc_macro=0.7078
 No improvement. Bad epochs: 10/15

Epoch 24/60 | Time 0m 17s
  Train | loss=0.5713 | top1=89.60% | top2=98.88% | top3=99.91%
  Valid | loss=0.7903 | top1=63.92% | top2=88.70% | top3=97.24% | acc=63.80% | bal_acc=65.60% | macro_f1=0.6671 | qwk=0.8074 | mae=0.4165 | weighted_f1=0.6472 | precision_macro=0.6828 | recall_macro=0.6560
         ovr_roc_auc_macro=0.8756 | ovr_pr_auc_macro=0.6980
 No improvement. Bad epochs: 11/15

Epoch 25/60 | Time 0m 17s
  Train | loss=0.5649 | top1=90.56% | top2=99.12% | top3=99.93%
  Valid | loss=0.7971 | top1=63.02% | top2=86.63% | top3=97.48% | acc=62.83% | bal_acc=63.76% | macro_f1=0.6392 | qwk=0.7871 | mae=0.4431 | weighted_f1=0.6259 | precision_macro=0.6590 | recall_macro=0.6376
         ovr_roc_auc_macro=0.8747 | ovr_pr_auc_macro=0.6905
 No improvement. Bad epochs: 12/15

Epoch 26/60 | Time 0m 17s
  Train | loss=0.5563 | top1=91.74% | top2=99.14% | top3=99.97%
  Valid | loss=0.7910 | top1=64.64% | top2=87.74% | top3=97.36% | acc=64.53% | bal_acc=64.76% | macro_f1=0.6644 | qwk=0.7988 | mae=0.4201 | weighted_f1=0.6463 | precision_macro=0.6890 | recall_macro=0.6476
         ovr_roc_auc_macro=0.8838 | ovr_pr_auc_macro=0.6975
 No improvement. Bad epochs: 13/15

Epoch 27/60 | Time 0m 17s
  Train | loss=0.5507 | top1=92.72% | top2=99.41% | top3=99.95%
  Valid | loss=0.7896 | top1=64.77% | top2=88.43% | top3=97.72% | acc=64.65% | bal_acc=66.42% | macro_f1=0.6836 | qwk=0.8111 | mae=0.4080 | weighted_f1=0.6545 | precision_macro=0.7094 | recall_macro=0.6642
         ovr_roc_auc_macro=0.8798 | ovr_pr_auc_macro=0.7087
 No improvement. Bad epochs: 14/15

Epoch 28/60 | Time 0m 17s
  Train | loss=0.5461 | top1=93.41% | top2=99.34% | top3=99.97%
  Valid | loss=0.8024 | top1=64.55% | top2=86.75% | top3=96.27% | acc=64.41% | bal_acc=67.37% | macro_f1=0.6673 | qwk=0.8012 | mae=0.4225 | weighted_f1=0.6489 | precision_macro=0.6632 | recall_macro=0.6737
         ovr_roc_auc_macro=0.8771 | ovr_pr_auc_macro=0.6863
 No improvement. Bad epochs: 15/15
⏹ Early stopping triggered.
 Training stopped early at epoch 28.

Loading best model and evaluating on test set...
Best validation QWK: 0.8117

Test | loss=0.7261 | top1=67.81% | top2=90.12% | top3=98.86% | acc=67.69% | bal_acc=69.06% | macro_f1=0.6950 | qwk=0.8415 | mae=0.3635 | weighted_f1=0.6792 | precision_macro=0.7131 | recall_macro=0.6906
     ovr_roc_auc_macro=0.9022 | ovr_pr_auc_macro=0.7393

Evaluating on auto_test set...

AutoTest | loss=0.7188 | top1=67.84% | top2=90.47% | top3=99.02% | acc=67.69% | bal_acc=69.09% | macro_f1=0.6898 | qwk=0.8386 | mae=0.3644 | weighted_f1=0.6815 | precision_macro=0.7012 | recall_macro=0.6909
         ovr_roc_auc_macro=0.9068 | ovr_pr_auc_macro=0.7487

ResNet(layer3)+MECS+DAST Knee Osteoarthritis baseline completed!

==========================================================================================
RETURN_CODE: 0
