Starting ResNet(layer3)+MECS+CE Knee Osteoarthritis Baseline...
Using device: cuda
CUDA device: NVIDIA GeForce RTX 3090
Run tag: mesc_seed777
Config | seed=777, batch_size=32, epochs=60, image_size=224
Class mapping from folders: {'0': 0, '1': 1, '2': 2, '3': 3, '4': 4}

Train samples: 5778
Train class distribution:
  0_Normal: 2286
  1_Doubtful: 1046
  2_Mild: 1516
  3_Moderate: 757
  4_Severe: 173

Valid samples: 826
Valid class distribution:
  0_Normal: 328
  1_Doubtful: 153
  2_Mild: 212
  3_Moderate: 106
  4_Severe: 27

Test samples: 1656
Test class distribution:
  0_Normal: 639
  1_Doubtful: 296
  2_Mild: 447
  3_Moderate: 223
  4_Severe: 51

AutoTest samples: 1526
AutoTest class distribution:
  0_Normal: 604
  1_Doubtful: 275
  2_Mild: 403
  3_Moderate: 200
  4_Severe: 44

Split sizes | train=5778, valid=826, test=1656, auto_test=1526
Loading ResNet50 with MECS module at layer3...
Trainable parameters: 27,305,285

[INFO] Class counts in training set: [2286 1046 1516  757  173]
[INFO] Using Standard CrossEntropyLoss (No class weights).
Starting training...

Epoch 01/60 | Time 0m 17s
  Train | loss=1.4041 | top1=39.54% | top2=64.94% | top3=83.63%
  Valid | loss=1.2930 | top1=43.15% | top2=66.23% | top3=83.89% | acc=43.46% | bal_acc=23.16% | macro_f1=0.1713 | qwk=0.1587 | mae=1.0569 | weighted_f1=0.3042 | precision_macro=0.1761 | recall_macro=0.2316
         ovr_roc_auc_macro=0.7295 | ovr_pr_auc_macro=0.3709
 Initial best model saved to /root/autodl-tmp/MedVisionLab/Knee/checkpoints/best_resnet50_mecs_layer3_knee_oa_mesc_seed777.pt (QWK=0.1587)

Epoch 02/60 | Time 0m 16s
  Train | loss=1.1845 | top1=49.62% | top2=72.74% | top3=90.49%
  Valid | loss=1.1814 | top1=49.04% | top2=73.44% | top3=90.55% | acc=49.39% | bal_acc=29.49% | macro_f1=0.2553 | qwk=0.4965 | mae=0.7651 | weighted_f1=0.3981 | precision_macro=0.3163 | recall_macro=0.2949
         ovr_roc_auc_macro=0.7940 | ovr_pr_auc_macro=0.4796
 Validation improved. Saved best model to /root/autodl-tmp/MedVisionLab/Knee/checkpoints/best_resnet50_mecs_layer3_knee_oa_mesc_seed777.pt (QWK=0.4965)

Epoch 03/60 | Time 0m 16s
  Train | loss=1.0070 | top1=57.36% | top2=81.37% | top3=96.83%
  Valid | loss=0.9862 | top1=58.32% | top2=84.75% | top3=97.66% | acc=58.35% | bal_acc=48.56% | macro_f1=0.4839 | qwk=0.6923 | mae=0.5569 | weighted_f1=0.5178 | precision_macro=0.7415 | recall_macro=0.4856
         ovr_roc_auc_macro=0.8452 | ovr_pr_auc_macro=0.6105
 Validation improved. Saved best model to /root/autodl-tmp/MedVisionLab/Knee/checkpoints/best_resnet50_mecs_layer3_knee_oa_mesc_seed777.pt (QWK=0.6923)

Epoch 04/60 | Time 0m 17s
  Train | loss=0.8827 | top1=62.52% | top2=85.91% | top3=98.00%
  Valid | loss=0.9313 | top1=60.53% | top2=84.71% | top3=96.63% | acc=60.41% | bal_acc=60.23% | macro_f1=0.5619 | qwk=0.6954 | mae=0.5738 | weighted_f1=0.5426 | precision_macro=0.6170 | recall_macro=0.6023
         ovr_roc_auc_macro=0.8616 | ovr_pr_auc_macro=0.6728
 Validation improved. Saved best model to /root/autodl-tmp/MedVisionLab/Knee/checkpoints/best_resnet50_mecs_layer3_knee_oa_mesc_seed777.pt (QWK=0.6954)

Epoch 05/60 | Time 0m 17s
  Train | loss=0.8301 | top1=65.90% | top2=88.03% | top3=98.83%
  Valid | loss=0.9718 | top1=60.76% | top2=82.93% | top3=97.96% | acc=60.53% | bal_acc=59.59% | macro_f1=0.5981 | qwk=0.7351 | mae=0.5194 | weighted_f1=0.5730 | precision_macro=0.6455 | recall_macro=0.5959
         ovr_roc_auc_macro=0.8584 | ovr_pr_auc_macro=0.6680
 Validation improved. Saved best model to /root/autodl-tmp/MedVisionLab/Knee/checkpoints/best_resnet50_mecs_layer3_knee_oa_mesc_seed777.pt (QWK=0.7351)

Epoch 06/60 | Time 0m 17s
  Train | loss=0.7716 | top1=66.77% | top2=89.51% | top3=99.17%
  Valid | loss=0.8219 | top1=64.64% | top2=89.54% | top3=99.04% | acc=64.41% | bal_acc=64.24% | macro_f1=0.5872 | qwk=0.7814 | mae=0.4576 | weighted_f1=0.5952 | precision_macro=0.5904 | recall_macro=0.6424
         ovr_roc_auc_macro=0.8853 | ovr_pr_auc_macro=0.7060
 Validation improved. Saved best model to /root/autodl-tmp/MedVisionLab/Knee/checkpoints/best_resnet50_mecs_layer3_knee_oa_mesc_seed777.pt (QWK=0.7814)

Epoch 07/60 | Time 0m 17s
  Train | loss=0.7328 | top1=68.92% | top2=90.27% | top3=98.98%
  Valid | loss=0.8433 | top1=64.25% | top2=87.71% | top3=97.96% | acc=64.04% | bal_acc=63.52% | macro_f1=0.5906 | qwk=0.7648 | mae=0.4673 | weighted_f1=0.5965 | precision_macro=0.6233 | recall_macro=0.6352
         ovr_roc_auc_macro=0.8809 | ovr_pr_auc_macro=0.6924
 No improvement. Bad epochs: 1/15

Epoch 08/60 | Time 0m 17s
  Train | loss=0.6966 | top1=70.37% | top2=91.05% | top3=99.26%
  Valid | loss=0.7895 | top1=66.44% | top2=88.82% | top3=99.04% | acc=66.22% | bal_acc=66.81% | macro_f1=0.6314 | qwk=0.8030 | mae=0.4237 | weighted_f1=0.6325 | precision_macro=0.6283 | recall_macro=0.6681
         ovr_roc_auc_macro=0.8938 | ovr_pr_auc_macro=0.7213
 Validation improved. Saved best model to /root/autodl-tmp/MedVisionLab/Knee/checkpoints/best_resnet50_mecs_layer3_knee_oa_mesc_seed777.pt (QWK=0.8030)

Epoch 09/60 | Time 0m 17s
  Train | loss=0.6638 | top1=71.71% | top2=92.10% | top3=99.33%
  Valid | loss=0.9928 | top1=61.73% | top2=85.19% | top3=97.48% | acc=61.62% | bal_acc=61.76% | macro_f1=0.5907 | qwk=0.7175 | mae=0.5230 | weighted_f1=0.5773 | precision_macro=0.6343 | recall_macro=0.6176
         ovr_roc_auc_macro=0.8767 | ovr_pr_auc_macro=0.7058
 No improvement. Bad epochs: 1/15

Epoch 10/60 | Time 0m 17s
  Train | loss=0.6320 | top1=73.58% | top2=93.10% | top3=99.46%
  Valid | loss=0.8862 | top1=64.40% | top2=88.55% | top3=98.80% | acc=64.29% | bal_acc=61.95% | macro_f1=0.6315 | qwk=0.7975 | mae=0.4298 | weighted_f1=0.6263 | precision_macro=0.6577 | recall_macro=0.6195
         ovr_roc_auc_macro=0.8803 | ovr_pr_auc_macro=0.7009
 No improvement. Bad epochs: 2/15

Epoch 11/60 | Time 0m 17s
  Train | loss=0.6071 | top1=74.43% | top2=93.29% | top3=99.43%
  Valid | loss=0.8439 | top1=63.71% | top2=86.30% | top3=98.08% | acc=63.56% | bal_acc=65.23% | macro_f1=0.6521 | qwk=0.7705 | mae=0.4564 | weighted_f1=0.6358 | precision_macro=0.6533 | recall_macro=0.6523
         ovr_roc_auc_macro=0.8791 | ovr_pr_auc_macro=0.7000
 No improvement. Bad epochs: 3/15

Epoch 12/60 | Time 0m 17s
  Train | loss=0.5756 | top1=76.01% | top2=94.36% | top3=99.62%
  Valid | loss=1.0297 | top1=58.96% | top2=85.55% | top3=98.56% | acc=58.72% | bal_acc=63.37% | macro_f1=0.6224 | qwk=0.7551 | mae=0.4879 | weighted_f1=0.5942 | precision_macro=0.6526 | recall_macro=0.6337
         ovr_roc_auc_macro=0.8731 | ovr_pr_auc_macro=0.6957
 No improvement. Bad epochs: 4/15

Epoch 13/60 | Time 0m 17s
  Train | loss=0.5525 | top1=77.31% | top2=94.67% | top3=99.78%
  Valid | loss=0.8465 | top1=67.01% | top2=89.66% | top3=99.28% | acc=66.83% | bal_acc=66.96% | macro_f1=0.6521 | qwk=0.8041 | mae=0.4140 | weighted_f1=0.6491 | precision_macro=0.6569 | recall_macro=0.6696
         ovr_roc_auc_macro=0.8838 | ovr_pr_auc_macro=0.7084
 Validation improved. Saved best model to /root/autodl-tmp/MedVisionLab/Knee/checkpoints/best_resnet50_mecs_layer3_knee_oa_mesc_seed777.pt (QWK=0.8041)

Epoch 14/60 | Time 0m 17s
  Train | loss=0.5186 | top1=78.37% | top2=95.19% | top3=99.78%
  Valid | loss=1.0902 | top1=61.81% | top2=88.79% | top3=98.44% | acc=61.86% | bal_acc=60.25% | macro_f1=0.6177 | qwk=0.7763 | mae=0.4588 | weighted_f1=0.6200 | precision_macro=0.6791 | recall_macro=0.6025
         ovr_roc_auc_macro=0.8834 | ovr_pr_auc_macro=0.6957
 No improvement. Bad epochs: 1/15

Epoch 15/60 | Time 0m 17s
  Train | loss=0.4681 | top1=80.82% | top2=96.05% | top3=99.83%
  Valid | loss=1.0401 | top1=60.52% | top2=89.18% | top3=99.52% | acc=60.29% | bal_acc=67.10% | macro_f1=0.6582 | qwk=0.8030 | mae=0.4407 | weighted_f1=0.6204 | precision_macro=0.6771 | recall_macro=0.6710
         ovr_roc_auc_macro=0.8839 | ovr_pr_auc_macro=0.7106
 No improvement. Bad epochs: 2/15

Epoch 16/60 | Time 0m 17s
  Train | loss=0.4518 | top1=82.03% | top2=96.21% | top3=99.79%
  Valid | loss=1.0167 | top1=63.20% | top2=86.96% | top3=98.80% | acc=63.08% | bal_acc=65.95% | macro_f1=0.6673 | qwk=0.7971 | mae=0.4298 | weighted_f1=0.6411 | precision_macro=0.6799 | recall_macro=0.6595
         ovr_roc_auc_macro=0.8813 | ovr_pr_auc_macro=0.7094
 No improvement. Bad epochs: 3/15

Epoch 17/60 | Time 0m 17s
  Train | loss=0.4079 | top1=83.19% | top2=96.88% | top3=99.81%
  Valid | loss=1.0775 | top1=64.26% | top2=87.81% | top3=97.72% | acc=64.16% | bal_acc=65.33% | macro_f1=0.6468 | qwk=0.7854 | mae=0.4431 | weighted_f1=0.6334 | precision_macro=0.6457 | recall_macro=0.6533
         ovr_roc_auc_macro=0.8797 | ovr_pr_auc_macro=0.6893
 No improvement. Bad epochs: 4/15

Epoch 18/60 | Time 0m 17s
  Train | loss=0.3842 | top1=84.20% | top2=97.34% | top3=99.81%
  Valid | loss=1.2623 | top1=62.26% | top2=87.26% | top3=98.80% | acc=61.99% | bal_acc=64.77% | macro_f1=0.6068 | qwk=0.7993 | mae=0.4479 | weighted_f1=0.6206 | precision_macro=0.6059 | recall_macro=0.6477
         ovr_roc_auc_macro=0.8694 | ovr_pr_auc_macro=0.6898
 No improvement. Bad epochs: 5/15

Epoch 19/60 | Time 0m 17s
  Train | loss=0.3512 | top1=86.43% | top2=97.50% | top3=99.88%
  Valid | loss=1.0602 | top1=60.88% | top2=86.42% | top3=98.20% | acc=60.65% | bal_acc=63.61% | macro_f1=0.6018 | qwk=0.7708 | mae=0.4915 | weighted_f1=0.5861 | precision_macro=0.5806 | recall_macro=0.6361
         ovr_roc_auc_macro=0.8692 | ovr_pr_auc_macro=0.6914
 No improvement. Bad epochs: 6/15

Epoch 20/60 | Time 0m 17s
  Train | loss=0.3125 | top1=87.58% | top2=98.10% | top3=99.90%
  Valid | loss=1.3713 | top1=62.84% | top2=88.67% | top3=99.04% | acc=62.71% | bal_acc=60.10% | macro_f1=0.6043 | qwk=0.7732 | mae=0.4540 | weighted_f1=0.6083 | precision_macro=0.6446 | recall_macro=0.6010
         ovr_roc_auc_macro=0.8694 | ovr_pr_auc_macro=0.6787
 No improvement. Bad epochs: 7/15

Epoch 21/60 | Time 0m 17s
  Train | loss=0.2979 | top1=88.68% | top2=97.98% | top3=99.97%
  Valid | loss=1.1624 | top1=65.61% | top2=89.28% | top3=98.68% | acc=65.50% | bal_acc=64.49% | macro_f1=0.6426 | qwk=0.7861 | mae=0.4334 | weighted_f1=0.6394 | precision_macro=0.6522 | recall_macro=0.6449
         ovr_roc_auc_macro=0.8751 | ovr_pr_auc_macro=0.7003
 No improvement. Bad epochs: 8/15

Epoch 22/60 | Time 0m 17s
  Train | loss=0.2586 | top1=89.69% | top2=98.76% | top3=99.97%
  Valid | loss=1.2262 | top1=65.73% | top2=88.43% | top3=99.28% | acc=65.62% | bal_acc=64.47% | macro_f1=0.6395 | qwk=0.7892 | mae=0.4298 | weighted_f1=0.6380 | precision_macro=0.6474 | recall_macro=0.6447
         ovr_roc_auc_macro=0.8853 | ovr_pr_auc_macro=0.7157
 No improvement. Bad epochs: 9/15

Epoch 23/60 | Time 0m 17s
  Train | loss=0.2429 | top1=91.04% | top2=98.72% | top3=99.97%
  Valid | loss=1.2402 | top1=63.51% | top2=88.31% | top3=99.04% | acc=63.44% | bal_acc=63.85% | macro_f1=0.6465 | qwk=0.7914 | mae=0.4358 | weighted_f1=0.6344 | precision_macro=0.6559 | recall_macro=0.6385
         ovr_roc_auc_macro=0.8762 | ovr_pr_auc_macro=0.6897
 No improvement. Bad epochs: 10/15

Epoch 24/60 | Time 0m 17s
  Train | loss=0.2144 | top1=91.76% | top2=98.62% | top3=99.97%
  Valid | loss=1.3414 | top1=63.30% | top2=86.75% | top3=98.92% | acc=63.20% | bal_acc=62.87% | macro_f1=0.6236 | qwk=0.7784 | mae=0.4552 | weighted_f1=0.6197 | precision_macro=0.6290 | recall_macro=0.6287
         ovr_roc_auc_macro=0.8811 | ovr_pr_auc_macro=0.6992
 No improvement. Bad epochs: 11/15

Epoch 25/60 | Time 0m 17s
  Train | loss=0.1962 | top1=92.33% | top2=99.14% | top3=99.98%
  Valid | loss=1.4489 | top1=64.13% | top2=88.22% | top3=99.04% | acc=63.92% | bal_acc=64.73% | macro_f1=0.6272 | qwk=0.7856 | mae=0.4504 | weighted_f1=0.6210 | precision_macro=0.6272 | recall_macro=0.6473
         ovr_roc_auc_macro=0.8783 | ovr_pr_auc_macro=0.7098
 No improvement. Bad epochs: 12/15

Epoch 26/60 | Time 0m 17s
  Train | loss=0.1758 | top1=93.53% | top2=99.22% | top3=99.98%
  Valid | loss=1.2947 | top1=64.28% | top2=88.22% | top3=98.80% | acc=64.16% | bal_acc=65.57% | macro_f1=0.6492 | qwk=0.7928 | mae=0.4370 | weighted_f1=0.6352 | precision_macro=0.6442 | recall_macro=0.6557
         ovr_roc_auc_macro=0.8810 | ovr_pr_auc_macro=0.7097
 No improvement. Bad epochs: 13/15

Epoch 27/60 | Time 0m 17s
  Train | loss=0.1461 | top1=94.52% | top2=99.36% | top3=99.97%
  Valid | loss=1.8003 | top1=60.79% | top2=88.34% | top3=98.80% | acc=60.53% | bal_acc=62.57% | macro_f1=0.6026 | qwk=0.7838 | mae=0.4746 | weighted_f1=0.5979 | precision_macro=0.6118 | recall_macro=0.6257
         ovr_roc_auc_macro=0.8556 | ovr_pr_auc_macro=0.6670
 No improvement. Bad epochs: 14/15

Epoch 28/60 | Time 0m 17s
  Train | loss=0.1412 | top1=94.92% | top2=99.41% | top3=99.98%
  Valid | loss=1.4519 | top1=64.94% | top2=88.46% | top3=98.80% | acc=64.77% | bal_acc=66.59% | macro_f1=0.6567 | qwk=0.7883 | mae=0.4322 | weighted_f1=0.6441 | precision_macro=0.6540 | recall_macro=0.6659
         ovr_roc_auc_macro=0.8832 | ovr_pr_auc_macro=0.7032
 No improvement. Bad epochs: 15/15
⏹ Early stopping triggered.
 Training stopped early at epoch 28.

Loading best model and evaluating on test set...
Best validation QWK: 0.8041

Test | loss=0.7744 | top1=69.19% | top2=90.91% | top3=99.46% | acc=69.08% | bal_acc=69.08% | macro_f1=0.6731 | qwk=0.8335 | mae=0.3726 | weighted_f1=0.6702 | precision_macro=0.6731 | recall_macro=0.6908
     ovr_roc_auc_macro=0.8994 | ovr_pr_auc_macro=0.7363

Evaluating on auto_test set...

AutoTest | loss=0.7647 | top1=69.44% | top2=90.60% | top3=99.35% | acc=69.27% | bal_acc=69.90% | macro_f1=0.6782 | qwk=0.8298 | mae=0.3735 | weighted_f1=0.6719 | precision_macro=0.6771 | recall_macro=0.6990
         ovr_roc_auc_macro=0.9006 | ovr_pr_auc_macro=0.7492

ResNet(layer3)+MECS+CE Knee Osteoarthritis baseline completed!
