Starting ResNet(layer3)+MECS+CE Knee Osteoarthritis Baseline...
Using device: cuda
CUDA device: NVIDIA GeForce RTX 3090
Run tag: mesc_seed42
Config | seed=42, batch_size=32, epochs=60, image_size=224
Class mapping from folders: {'0': 0, '1': 1, '2': 2, '3': 3, '4': 4}

Train samples: 5778
Train class distribution:
  0_Normal: 2286
  1_Doubtful: 1046
  2_Mild: 1516
  3_Moderate: 757
  4_Severe: 173

Valid samples: 826
Valid class distribution:
  0_Normal: 328
  1_Doubtful: 153
  2_Mild: 212
  3_Moderate: 106
  4_Severe: 27

Test samples: 1656
Test class distribution:
  0_Normal: 639
  1_Doubtful: 296
  2_Mild: 447
  3_Moderate: 223
  4_Severe: 51

AutoTest samples: 1526
AutoTest class distribution:
  0_Normal: 604
  1_Doubtful: 275
  2_Mild: 403
  3_Moderate: 200
  4_Severe: 44

Split sizes | train=5778, valid=826, test=1656, auto_test=1526
Loading ResNet50 with MECS module at layer3...
Trainable parameters: 27,305,285

[INFO] Class counts in training set: [2286 1046 1516  757  173]
[INFO] Using Standard CrossEntropyLoss (No class weights).
Starting training...

Epoch 01/60 | Time 0m 17s
  Train | loss=1.4141 | top1=39.36% | top2=64.40% | top3=82.66%
  Valid | loss=1.2983 | top1=40.99% | top2=66.23% | top3=84.01% | acc=41.28% | bal_acc=21.46% | macro_f1=0.1468 | qwk=0.1226 | mae=1.1077 | weighted_f1=0.2710 | precision_macro=0.1476 | recall_macro=0.2146
         ovr_roc_auc_macro=0.7333 | ovr_pr_auc_macro=0.3837
 Initial best model saved to /root/autodl-tmp/MedVisionLab/Knee/checkpoints/best_resnet50_mecs_layer3_knee_oa_mesc_seed42.pt (QWK=0.1226)

Epoch 02/60 | Time 0m 16s
  Train | loss=1.1991 | top1=48.43% | top2=73.04% | top3=89.34%
  Valid | loss=1.1400 | top1=52.64% | top2=78.12% | top3=94.64% | acc=53.03% | bal_acc=37.76% | macro_f1=0.3381 | qwk=0.6163 | mae=0.6477 | weighted_f1=0.4686 | precision_macro=0.3240 | recall_macro=0.3776
         ovr_roc_auc_macro=0.8162 | ovr_pr_auc_macro=0.5159
 Validation improved. Saved best model to /root/autodl-tmp/MedVisionLab/Knee/checkpoints/best_resnet50_mecs_layer3_knee_oa_mesc_seed42.pt (QWK=0.6163)

Epoch 03/60 | Time 0m 16s
  Train | loss=0.9696 | top1=59.27% | top2=83.64% | top3=96.81%
  Valid | loss=1.0225 | top1=58.49% | top2=83.72% | top3=98.20% | acc=58.35% | bal_acc=53.37% | macro_f1=0.5200 | qwk=0.6936 | mae=0.5787 | weighted_f1=0.5140 | precision_macro=0.5459 | recall_macro=0.5337
         ovr_roc_auc_macro=0.8392 | ovr_pr_auc_macro=0.6448
 Validation improved. Saved best model to /root/autodl-tmp/MedVisionLab/Knee/checkpoints/best_resnet50_mecs_layer3_knee_oa_mesc_seed42.pt (QWK=0.6936)

Epoch 04/60 | Time 0m 16s
  Train | loss=0.8754 | top1=63.09% | top2=86.40% | top3=98.29%
  Valid | loss=0.8796 | top1=64.10% | top2=86.75% | top3=98.68% | acc=63.92% | bal_acc=61.49% | macro_f1=0.5811 | qwk=0.7545 | mae=0.4903 | weighted_f1=0.5698 | precision_macro=0.5692 | recall_macro=0.6149
         ovr_roc_auc_macro=0.8693 | ovr_pr_auc_macro=0.6902
 Validation improved. Saved best model to /root/autodl-tmp/MedVisionLab/Knee/checkpoints/best_resnet50_mecs_layer3_knee_oa_mesc_seed42.pt (QWK=0.7545)

Epoch 05/60 | Time 0m 16s
  Train | loss=0.8114 | top1=65.62% | top2=87.96% | top3=98.64%
  Valid | loss=0.8369 | top1=64.28% | top2=88.67% | top3=98.56% | acc=64.16% | bal_acc=60.58% | macro_f1=0.5875 | qwk=0.7579 | mae=0.4734 | weighted_f1=0.5767 | precision_macro=0.5873 | recall_macro=0.6058
         ovr_roc_auc_macro=0.8769 | ovr_pr_auc_macro=0.7071
 Validation improved. Saved best model to /root/autodl-tmp/MedVisionLab/Knee/checkpoints/best_resnet50_mecs_layer3_knee_oa_mesc_seed42.pt (QWK=0.7579)

Epoch 06/60 | Time 0m 17s
  Train | loss=0.7684 | top1=67.36% | top2=89.29% | top3=98.79%
  Valid | loss=0.8593 | top1=65.80% | top2=87.90% | top3=98.08% | acc=65.86% | bal_acc=59.87% | macro_f1=0.6173 | qwk=0.7796 | mae=0.4407 | weighted_f1=0.6248 | precision_macro=0.6924 | recall_macro=0.5987
         ovr_roc_auc_macro=0.8819 | ovr_pr_auc_macro=0.7039
 Validation improved. Saved best model to /root/autodl-tmp/MedVisionLab/Knee/checkpoints/best_resnet50_mecs_layer3_knee_oa_mesc_seed42.pt (QWK=0.7796)

Epoch 07/60 | Time 0m 17s
  Train | loss=0.7412 | top1=68.96% | top2=90.34% | top3=99.08%
  Valid | loss=0.9044 | top1=63.07% | top2=86.66% | top3=97.12% | acc=62.83% | bal_acc=65.54% | macro_f1=0.5926 | qwk=0.7658 | mae=0.4855 | weighted_f1=0.5997 | precision_macro=0.5769 | recall_macro=0.6554
         ovr_roc_auc_macro=0.8800 | ovr_pr_auc_macro=0.6951
 No improvement. Bad epochs: 1/15

Epoch 08/60 | Time 0m 17s
  Train | loss=0.7041 | top1=70.37% | top2=91.11% | top3=98.96%
  Valid | loss=0.9289 | top1=63.93% | top2=86.46% | top3=97.33% | acc=63.92% | bal_acc=63.77% | macro_f1=0.6502 | qwk=0.7624 | mae=0.4564 | weighted_f1=0.6398 | precision_macro=0.6842 | recall_macro=0.6377
         ovr_roc_auc_macro=0.8714 | ovr_pr_auc_macro=0.6821
 No improvement. Bad epochs: 2/15

Epoch 09/60 | Time 0m 17s
  Train | loss=0.6669 | top1=72.04% | top2=91.88% | top3=99.40%
  Valid | loss=0.9105 | top1=63.55% | top2=87.86% | top3=97.84% | acc=63.32% | bal_acc=65.40% | macro_f1=0.5941 | qwk=0.7763 | mae=0.4758 | weighted_f1=0.5986 | precision_macro=0.5822 | recall_macro=0.6540
         ovr_roc_auc_macro=0.8760 | ovr_pr_auc_macro=0.7021
 No improvement. Bad epochs: 3/15

Epoch 10/60 | Time 0m 17s
  Train | loss=0.6442 | top1=73.23% | top2=92.94% | top3=99.50%
  Valid | loss=0.8603 | top1=64.31% | top2=86.75% | top3=98.56% | acc=64.16% | bal_acc=65.81% | macro_f1=0.6359 | qwk=0.7486 | mae=0.4782 | weighted_f1=0.6216 | precision_macro=0.6423 | recall_macro=0.6581
         ovr_roc_auc_macro=0.8788 | ovr_pr_auc_macro=0.7076
 No improvement. Bad epochs: 4/15

Epoch 11/60 | Time 0m 17s
  Train | loss=0.6058 | top1=74.81% | top2=93.15% | top3=99.59%
  Valid | loss=0.8313 | top1=67.25% | top2=88.34% | top3=98.20% | acc=67.07% | bal_acc=68.40% | macro_f1=0.6758 | qwk=0.7877 | mae=0.4201 | weighted_f1=0.6564 | precision_macro=0.6780 | recall_macro=0.6840
         ovr_roc_auc_macro=0.8901 | ovr_pr_auc_macro=0.7252
 Validation improved. Saved best model to /root/autodl-tmp/MedVisionLab/Knee/checkpoints/best_resnet50_mecs_layer3_knee_oa_mesc_seed42.pt (QWK=0.7877)

Epoch 12/60 | Time 0m 17s
  Train | loss=0.5853 | top1=75.91% | top2=93.77% | top3=99.55%
  Valid | loss=1.0396 | top1=64.89% | top2=87.08% | top3=98.80% | acc=64.77% | bal_acc=63.42% | macro_f1=0.6469 | qwk=0.7687 | mae=0.4564 | weighted_f1=0.6262 | precision_macro=0.6793 | recall_macro=0.6342
         ovr_roc_auc_macro=0.8795 | ovr_pr_auc_macro=0.7074
 No improvement. Bad epochs: 1/15

Epoch 13/60 | Time 0m 17s
  Train | loss=0.5432 | top1=77.17% | top2=94.22% | top3=99.60%
  Valid | loss=0.9311 | top1=64.34% | top2=87.83% | top3=98.80% | acc=64.16% | bal_acc=64.63% | macro_f1=0.6350 | qwk=0.7699 | mae=0.4661 | weighted_f1=0.6205 | precision_macro=0.6423 | recall_macro=0.6463
         ovr_roc_auc_macro=0.8798 | ovr_pr_auc_macro=0.7039
 No improvement. Bad epochs: 2/15

Epoch 14/60 | Time 0m 17s
  Train | loss=0.5213 | top1=79.07% | top2=95.07% | top3=99.67%
  Valid | loss=0.9219 | top1=65.42% | top2=89.03% | top3=98.92% | acc=65.25% | bal_acc=63.71% | macro_f1=0.6265 | qwk=0.7893 | mae=0.4370 | weighted_f1=0.6238 | precision_macro=0.6472 | recall_macro=0.6371
         ovr_roc_auc_macro=0.8847 | ovr_pr_auc_macro=0.7155
 Validation improved. Saved best model to /root/autodl-tmp/MedVisionLab/Knee/checkpoints/best_resnet50_mecs_layer3_knee_oa_mesc_seed42.pt (QWK=0.7893)

Epoch 15/60 | Time 0m 17s
  Train | loss=0.4932 | top1=79.65% | top2=95.82% | top3=99.79%
  Valid | loss=0.9328 | top1=62.81% | top2=86.39% | top3=98.44% | acc=62.71% | bal_acc=65.63% | macro_f1=0.6580 | qwk=0.7732 | mae=0.4516 | weighted_f1=0.6340 | precision_macro=0.6661 | recall_macro=0.6563
         ovr_roc_auc_macro=0.8879 | ovr_pr_auc_macro=0.7327
 No improvement. Bad epochs: 1/15

Epoch 16/60 | Time 0m 17s
  Train | loss=0.4508 | top1=81.72% | top2=96.07% | top3=99.78%
  Valid | loss=0.9854 | top1=63.38% | top2=89.28% | top3=98.89% | acc=63.20% | bal_acc=64.71% | macro_f1=0.6604 | qwk=0.7956 | mae=0.4286 | weighted_f1=0.6373 | precision_macro=0.6882 | recall_macro=0.6471
         ovr_roc_auc_macro=0.8809 | ovr_pr_auc_macro=0.7172
 Validation improved. Saved best model to /root/autodl-tmp/MedVisionLab/Knee/checkpoints/best_resnet50_mecs_layer3_knee_oa_mesc_seed42.pt (QWK=0.7956)

Epoch 17/60 | Time 0m 17s
  Train | loss=0.4106 | top1=83.32% | top2=96.65% | top3=99.95%
  Valid | loss=1.1285 | top1=64.13% | top2=87.23% | top3=98.80% | acc=63.92% | bal_acc=63.44% | macro_f1=0.6334 | qwk=0.7747 | mae=0.4588 | weighted_f1=0.6149 | precision_macro=0.6601 | recall_macro=0.6344
         ovr_roc_auc_macro=0.8727 | ovr_pr_auc_macro=0.6998
 No improvement. Bad epochs: 1/15

Epoch 18/60 | Time 0m 17s
  Train | loss=0.3905 | top1=84.07% | top2=97.04% | top3=99.83%
  Valid | loss=1.2229 | top1=62.95% | top2=87.83% | top3=98.56% | acc=62.71% | bal_acc=63.11% | macro_f1=0.6237 | qwk=0.7695 | mae=0.4673 | weighted_f1=0.6137 | precision_macro=0.6497 | recall_macro=0.6311
         ovr_roc_auc_macro=0.8685 | ovr_pr_auc_macro=0.6940
 No improvement. Bad epochs: 2/15

Epoch 19/60 | Time 0m 17s
  Train | loss=0.3519 | top1=86.32% | top2=97.48% | top3=99.93%
  Valid | loss=1.1612 | top1=63.03% | top2=86.51% | top3=98.53% | acc=62.95% | bal_acc=61.93% | macro_f1=0.6357 | qwk=0.7503 | mae=0.4758 | weighted_f1=0.6175 | precision_macro=0.6716 | recall_macro=0.6193
         ovr_roc_auc_macro=0.8728 | ovr_pr_auc_macro=0.6976
 No improvement. Bad epochs: 3/15

Epoch 20/60 | Time 0m 17s
  Train | loss=0.3223 | top1=87.13% | top2=97.86% | top3=99.91%
  Valid | loss=1.0208 | top1=66.51% | top2=87.83% | top3=98.44% | acc=66.46% | bal_acc=66.18% | macro_f1=0.6665 | qwk=0.7906 | mae=0.4189 | weighted_f1=0.6615 | precision_macro=0.6721 | recall_macro=0.6618
         ovr_roc_auc_macro=0.8829 | ovr_pr_auc_macro=0.7060
 No improvement. Bad epochs: 4/15

Epoch 21/60 | Time 0m 17s
  Train | loss=0.2563 | top1=90.77% | top2=98.76% | top3=99.97%
  Valid | loss=1.3072 | top1=64.13% | top2=88.19% | top3=98.68% | acc=63.92% | bal_acc=64.32% | macro_f1=0.6287 | qwk=0.7824 | mae=0.4516 | weighted_f1=0.6181 | precision_macro=0.6333 | recall_macro=0.6432
         ovr_roc_auc_macro=0.8743 | ovr_pr_auc_macro=0.6982
 No improvement. Bad epochs: 5/15

Epoch 22/60 | Time 0m 17s
  Train | loss=0.2704 | top1=90.10% | top2=98.25% | top3=99.86%
  Valid | loss=1.3503 | top1=63.98% | top2=88.10% | top3=98.68% | acc=63.80% | bal_acc=64.80% | macro_f1=0.6430 | qwk=0.7840 | mae=0.4479 | weighted_f1=0.6258 | precision_macro=0.6448 | recall_macro=0.6480
         ovr_roc_auc_macro=0.8685 | ovr_pr_auc_macro=0.6820
 No improvement. Bad epochs: 6/15

Epoch 23/60 | Time 0m 17s
  Train | loss=0.2188 | top1=92.12% | top2=98.95% | top3=99.98%
  Valid | loss=1.4126 | top1=62.39% | top2=88.07% | top3=98.80% | acc=62.23% | bal_acc=63.96% | macro_f1=0.6519 | qwk=0.7952 | mae=0.4370 | weighted_f1=0.6310 | precision_macro=0.6735 | recall_macro=0.6396
         ovr_roc_auc_macro=0.8715 | ovr_pr_auc_macro=0.6967
 No improvement. Bad epochs: 7/15

Epoch 24/60 | Time 0m 17s
  Train | loss=0.2039 | top1=92.13% | top2=98.90% | top3=99.98%
  Valid | loss=1.3567 | top1=64.58% | top2=88.10% | top3=98.44% | acc=64.41% | bal_acc=65.52% | macro_f1=0.6414 | qwk=0.7855 | mae=0.4431 | weighted_f1=0.6325 | precision_macro=0.6356 | recall_macro=0.6552
         ovr_roc_auc_macro=0.8751 | ovr_pr_auc_macro=0.7026
 No improvement. Bad epochs: 8/15

Epoch 25/60 | Time 0m 17s
  Train | loss=0.1768 | top1=93.34% | top2=99.12% | top3=99.98%
  Valid | loss=1.4306 | top1=61.85% | top2=88.31% | top3=98.92% | acc=61.74% | bal_acc=62.27% | macro_f1=0.6393 | qwk=0.7838 | mae=0.4479 | weighted_f1=0.6260 | precision_macro=0.6655 | recall_macro=0.6227
         ovr_roc_auc_macro=0.8691 | ovr_pr_auc_macro=0.6880
 No improvement. Bad epochs: 9/15

Epoch 26/60 | Time 0m 17s
  Train | loss=0.1509 | top1=94.30% | top2=99.38% | top3=99.98%
  Valid | loss=1.5430 | top1=63.20% | top2=87.47% | top3=98.56% | acc=63.08% | bal_acc=63.35% | macro_f1=0.6414 | qwk=0.7785 | mae=0.4492 | weighted_f1=0.6306 | precision_macro=0.6543 | recall_macro=0.6335
         ovr_roc_auc_macro=0.8732 | ovr_pr_auc_macro=0.7009
 No improvement. Bad epochs: 10/15

Epoch 27/60 | Time 0m 17s
  Train | loss=0.1583 | top1=94.09% | top2=99.52% | top3=99.95%
  Valid | loss=1.6616 | top1=63.28% | top2=85.55% | top3=98.56% | acc=63.32% | bal_acc=59.10% | macro_f1=0.6123 | qwk=0.7534 | mae=0.4722 | weighted_f1=0.6152 | precision_macro=0.6710 | recall_macro=0.5910
         ovr_roc_auc_macro=0.8620 | ovr_pr_auc_macro=0.6746
 No improvement. Bad epochs: 11/15

Epoch 28/60 | Time 0m 17s
  Train | loss=0.1314 | top1=95.31% | top2=99.31% | top3=99.97%
  Valid | loss=1.6935 | top1=63.12% | top2=85.52% | top3=98.32% | acc=63.08% | bal_acc=60.07% | macro_f1=0.6284 | qwk=0.7577 | mae=0.4722 | weighted_f1=0.6199 | precision_macro=0.6727 | recall_macro=0.6007
         ovr_roc_auc_macro=0.8667 | ovr_pr_auc_macro=0.6858
 No improvement. Bad epochs: 12/15

Epoch 29/60 | Time 0m 17s
  Train | loss=0.1117 | top1=96.29% | top2=99.71% | top3=100.00%
  Valid | loss=1.6753 | top1=63.02% | top2=87.50% | top3=98.56% | acc=62.83% | bal_acc=64.04% | macro_f1=0.6278 | qwk=0.7642 | mae=0.4722 | weighted_f1=0.6161 | precision_macro=0.6269 | recall_macro=0.6404
         ovr_roc_auc_macro=0.8715 | ovr_pr_auc_macro=0.6873
 No improvement. Bad epochs: 13/15

Epoch 30/60 | Time 0m 17s
  Train | loss=0.1053 | top1=96.34% | top2=99.57% | top3=99.98%
  Valid | loss=1.6411 | top1=60.68% | top2=86.54% | top3=98.56% | acc=60.53% | bal_acc=62.09% | macro_f1=0.6296 | qwk=0.7591 | mae=0.4843 | weighted_f1=0.6064 | precision_macro=0.6391 | recall_macro=0.6209
         ovr_roc_auc_macro=0.8651 | ovr_pr_auc_macro=0.6786
 No improvement. Bad epochs: 14/15

Epoch 31/60 | Time 0m 17s
  Train | loss=0.0925 | top1=96.79% | top2=99.57% | top3=99.98%
  Valid | loss=1.9417 | top1=63.36% | top2=86.03% | top3=98.92% | acc=63.32% | bal_acc=61.41% | macro_f1=0.6264 | qwk=0.7708 | mae=0.4576 | weighted_f1=0.6199 | precision_macro=0.6474 | recall_macro=0.6141
         ovr_roc_auc_macro=0.8713 | ovr_pr_auc_macro=0.6920
 No improvement. Bad epochs: 15/15
⏹ Early stopping triggered.
 Training stopped early at epoch 31.

Loading best model and evaluating on test set...
Best validation QWK: 0.7956

Test | loss=0.9300 | top1=65.44% | top2=88.74% | top3=99.28% | acc=65.40% | bal_acc=64.38% | macro_f1=0.6627 | qwk=0.8098 | mae=0.4028 | weighted_f1=0.6578 | precision_macro=0.6911 | recall_macro=0.6438
     ovr_roc_auc_macro=0.8902 | ovr_pr_auc_macro=0.7208

Evaluating on auto_test set...

AutoTest | loss=0.8989 | top1=65.41% | top2=90.47% | top3=99.61% | acc=65.27% | bal_acc=65.06% | macro_f1=0.6698 | qwk=0.8142 | mae=0.3971 | weighted_f1=0.6581 | precision_macro=0.6988 | recall_macro=0.6506
         ovr_roc_auc_macro=0.8919 | ovr_pr_auc_macro=0.7337

ResNet(layer3)+MECS+CE Knee Osteoarthritis baseline completed!
