Starting ResNet(layer3)+MECS+CE Knee Osteoarthritis Baseline...
Using device: cuda
CUDA device: NVIDIA GeForce RTX 3090
Run tag: mesc_seed2024
Config | seed=2024, batch_size=32, epochs=60, image_size=224
Class mapping from folders: {'0': 0, '1': 1, '2': 2, '3': 3, '4': 4}

Train samples: 5778
Train class distribution:
  0_Normal: 2286
  1_Doubtful: 1046
  2_Mild: 1516
  3_Moderate: 757
  4_Severe: 173

Valid samples: 826
Valid class distribution:
  0_Normal: 328
  1_Doubtful: 153
  2_Mild: 212
  3_Moderate: 106
  4_Severe: 27

Test samples: 1656
Test class distribution:
  0_Normal: 639
  1_Doubtful: 296
  2_Mild: 447
  3_Moderate: 223
  4_Severe: 51

AutoTest samples: 1526
AutoTest class distribution:
  0_Normal: 604
  1_Doubtful: 275
  2_Mild: 403
  3_Moderate: 200
  4_Severe: 44

Split sizes | train=5778, valid=826, test=1656, auto_test=1526
Loading ResNet50 with MECS module at layer3...
Trainable parameters: 27,305,285

[INFO] Class counts in training set: [2286 1046 1516  757  173]
[INFO] Using Standard CrossEntropyLoss (No class weights).
Starting training...

Epoch 01/60 | Time 0m 17s
  Train | loss=1.3947 | top1=40.42% | top2=65.47% | top3=84.01%
  Valid | loss=1.2466 | top1=45.67% | top2=68.39% | top3=86.42% | acc=46.00% | bal_acc=25.47% | macro_f1=0.1980 | qwk=0.3478 | mae=0.8971 | weighted_f1=0.3440 | precision_macro=0.1724 | recall_macro=0.2547
         ovr_roc_auc_macro=0.7432 | ovr_pr_auc_macro=0.4322
 Initial best model saved to /root/autodl-tmp/MedVisionLab/Knee/checkpoints/best_resnet50_mecs_layer3_knee_oa_mesc_seed2024.pt (QWK=0.3478)

Epoch 02/60 | Time 0m 16s
  Train | loss=1.1257 | top1=52.49% | top2=76.21% | top3=93.05%
  Valid | loss=1.1047 | top1=53.69% | top2=79.42% | top3=94.71% | acc=54.00% | bal_acc=45.28% | macro_f1=0.4053 | qwk=0.6339 | mae=0.6513 | weighted_f1=0.4864 | precision_macro=0.5278 | recall_macro=0.4528
         ovr_roc_auc_macro=0.8169 | ovr_pr_auc_macro=0.5538
 Validation improved. Saved best model to /root/autodl-tmp/MedVisionLab/Knee/checkpoints/best_resnet50_mecs_layer3_knee_oa_mesc_seed2024.pt (QWK=0.6339)

Epoch 03/60 | Time 0m 17s
  Train | loss=0.9340 | top1=60.72% | top2=83.78% | top3=97.28%
  Valid | loss=1.1601 | top1=51.74% | top2=74.61% | top3=93.27% | acc=51.69% | bal_acc=55.10% | macro_f1=0.5403 | qwk=0.5827 | mae=0.6840 | weighted_f1=0.4966 | precision_macro=0.6187 | recall_macro=0.5510
         ovr_roc_auc_macro=0.8447 | ovr_pr_auc_macro=0.6470
 No improvement. Bad epochs: 1/15

Epoch 04/60 | Time 0m 17s
  Train | loss=0.8687 | top1=63.36% | top2=85.60% | top3=98.46%
  Valid | loss=0.8991 | top1=61.84% | top2=83.75% | top3=97.84% | acc=61.62% | bal_acc=59.81% | macro_f1=0.5954 | qwk=0.7475 | mae=0.5024 | weighted_f1=0.5765 | precision_macro=0.6490 | recall_macro=0.5981
         ovr_roc_auc_macro=0.8638 | ovr_pr_auc_macro=0.6798
 Validation improved. Saved best model to /root/autodl-tmp/MedVisionLab/Knee/checkpoints/best_resnet50_mecs_layer3_knee_oa_mesc_seed2024.pt (QWK=0.7475)

Epoch 05/60 | Time 0m 17s
  Train | loss=0.8086 | top1=66.50% | top2=88.30% | top3=98.74%
  Valid | loss=1.0210 | top1=61.54% | top2=84.62% | top3=97.60% | acc=61.26% | bal_acc=59.10% | macro_f1=0.5418 | qwk=0.7481 | mae=0.5073 | weighted_f1=0.5671 | precision_macro=0.6072 | recall_macro=0.5910
         ovr_roc_auc_macro=0.8542 | ovr_pr_auc_macro=0.6482
 Validation improved. Saved best model to /root/autodl-tmp/MedVisionLab/Knee/checkpoints/best_resnet50_mecs_layer3_knee_oa_mesc_seed2024.pt (QWK=0.7481)

Epoch 06/60 | Time 0m 17s
  Train | loss=0.7600 | top1=68.21% | top2=89.26% | top3=99.05%
  Valid | loss=0.8499 | top1=66.54% | top2=89.37% | top3=98.92% | acc=66.46% | bal_acc=63.80% | macro_f1=0.6354 | qwk=0.7841 | mae=0.4358 | weighted_f1=0.6229 | precision_macro=0.6751 | recall_macro=0.6380
         ovr_roc_auc_macro=0.8826 | ovr_pr_auc_macro=0.7080
 Validation improved. Saved best model to /root/autodl-tmp/MedVisionLab/Knee/checkpoints/best_resnet50_mecs_layer3_knee_oa_mesc_seed2024.pt (QWK=0.7841)

Epoch 07/60 | Time 0m 17s
  Train | loss=0.7280 | top1=69.41% | top2=90.53% | top3=98.90%
  Valid | loss=1.0138 | top1=57.15% | top2=86.09% | top3=97.60% | acc=57.51% | bal_acc=39.30% | macro_f1=0.3780 | qwk=0.7099 | mae=0.5315 | weighted_f1=0.5138 | precision_macro=0.5864 | recall_macro=0.3930
         ovr_roc_auc_macro=0.8542 | ovr_pr_auc_macro=0.6249
 No improvement. Bad epochs: 1/15

Epoch 08/60 | Time 0m 17s
  Train | loss=0.6943 | top1=70.24% | top2=91.44% | top3=99.21%
  Valid | loss=0.8042 | top1=65.81% | top2=88.79% | top3=98.80% | acc=65.62% | bal_acc=67.51% | macro_f1=0.6615 | qwk=0.8014 | mae=0.4249 | weighted_f1=0.6405 | precision_macro=0.6645 | recall_macro=0.6751
         ovr_roc_auc_macro=0.8946 | ovr_pr_auc_macro=0.7437
 Validation improved. Saved best model to /root/autodl-tmp/MedVisionLab/Knee/checkpoints/best_resnet50_mecs_layer3_knee_oa_mesc_seed2024.pt (QWK=0.8014)

Epoch 09/60 | Time 0m 17s
  Train | loss=0.6446 | top1=73.44% | top2=92.85% | top3=99.40%
  Valid | loss=0.8543 | top1=65.21% | top2=88.58% | top3=97.84% | acc=65.01% | bal_acc=67.30% | macro_f1=0.6469 | qwk=0.7860 | mae=0.4383 | weighted_f1=0.6405 | precision_macro=0.6303 | recall_macro=0.6730
         ovr_roc_auc_macro=0.8892 | ovr_pr_auc_macro=0.7151
 No improvement. Bad epochs: 1/15

Epoch 10/60 | Time 0m 17s
  Train | loss=0.6209 | top1=73.30% | top2=93.03% | top3=99.45%
  Valid | loss=1.0718 | top1=61.05% | top2=85.67% | top3=97.84% | acc=61.02% | bal_acc=60.06% | macro_f1=0.5999 | qwk=0.7030 | mae=0.5303 | weighted_f1=0.5826 | precision_macro=0.6583 | recall_macro=0.6006
         ovr_roc_auc_macro=0.8714 | ovr_pr_auc_macro=0.6879
 No improvement. Bad epochs: 2/15

Epoch 11/60 | Time 0m 17s
  Train | loss=0.6061 | top1=74.86% | top2=93.80% | top3=99.62%
  Valid | loss=0.9842 | top1=60.20% | top2=82.66% | top3=94.35% | acc=60.05% | bal_acc=63.41% | macro_f1=0.6086 | qwk=0.7158 | mae=0.5436 | weighted_f1=0.5833 | precision_macro=0.6197 | recall_macro=0.6341
         ovr_roc_auc_macro=0.8671 | ovr_pr_auc_macro=0.6851
 No improvement. Bad epochs: 3/15

Epoch 12/60 | Time 0m 17s
  Train | loss=0.5574 | top1=76.67% | top2=94.49% | top3=99.62%
  Valid | loss=0.9807 | top1=63.24% | top2=87.99% | top3=98.92% | acc=63.20% | bal_acc=62.69% | macro_f1=0.6515 | qwk=0.7931 | mae=0.4249 | weighted_f1=0.6439 | precision_macro=0.6943 | recall_macro=0.6269
         ovr_roc_auc_macro=0.8856 | ovr_pr_auc_macro=0.7034
 No improvement. Bad epochs: 4/15

Epoch 13/60 | Time 0m 17s
  Train | loss=0.5537 | top1=76.47% | top2=94.22% | top3=99.65%
  Valid | loss=1.0008 | top1=65.75% | top2=88.41% | top3=98.44% | acc=65.62% | bal_acc=63.40% | macro_f1=0.6298 | qwk=0.7755 | mae=0.4479 | weighted_f1=0.6231 | precision_macro=0.6579 | recall_macro=0.6340
         ovr_roc_auc_macro=0.8791 | ovr_pr_auc_macro=0.6893
 No improvement. Bad epochs: 5/15

Epoch 14/60 | Time 0m 17s
  Train | loss=0.5140 | top1=78.92% | top2=95.32% | top3=99.76%
  Valid | loss=1.0132 | top1=66.21% | top2=88.41% | top3=98.80% | acc=66.10% | bal_acc=63.64% | macro_f1=0.6430 | qwk=0.7908 | mae=0.4286 | weighted_f1=0.6358 | precision_macro=0.6739 | recall_macro=0.6364
         ovr_roc_auc_macro=0.8750 | ovr_pr_auc_macro=0.6995
 No improvement. Bad epochs: 6/15

Epoch 15/60 | Time 0m 17s
  Train | loss=0.4582 | top1=80.61% | top2=96.24% | top3=99.79%
  Valid | loss=0.9270 | top1=65.97% | top2=90.38% | top3=98.68% | acc=65.86% | bal_acc=65.64% | macro_f1=0.6488 | qwk=0.8016 | mae=0.4201 | weighted_f1=0.6419 | precision_macro=0.6502 | recall_macro=0.6564
         ovr_roc_auc_macro=0.8885 | ovr_pr_auc_macro=0.7067
 Validation improved. Saved best model to /root/autodl-tmp/MedVisionLab/Knee/checkpoints/best_resnet50_mecs_layer3_knee_oa_mesc_seed2024.pt (QWK=0.8016)

Epoch 16/60 | Time 0m 17s
  Train | loss=0.4397 | top1=82.09% | top2=96.41% | top3=99.78%
  Valid | loss=1.2433 | top1=60.23% | top2=84.56% | top3=97.12% | acc=60.05% | bal_acc=65.22% | macro_f1=0.6326 | qwk=0.7487 | mae=0.4988 | weighted_f1=0.6012 | precision_macro=0.6293 | recall_macro=0.6522
         ovr_roc_auc_macro=0.8659 | ovr_pr_auc_macro=0.6769
 No improvement. Bad epochs: 1/15

Epoch 17/60 | Time 0m 17s
  Train | loss=0.4144 | top1=82.74% | top2=97.13% | top3=99.88%
  Valid | loss=1.0460 | top1=62.33% | top2=88.89% | top3=98.92% | acc=62.23% | bal_acc=63.35% | macro_f1=0.6306 | qwk=0.7911 | mae=0.4467 | weighted_f1=0.6196 | precision_macro=0.6285 | recall_macro=0.6335
         ovr_roc_auc_macro=0.8749 | ovr_pr_auc_macro=0.6867
 No improvement. Bad epochs: 2/15

Epoch 18/60 | Time 0m 17s
  Train | loss=0.3627 | top1=84.90% | top2=97.65% | top3=99.95%
  Valid | loss=1.1255 | top1=65.39% | top2=87.71% | top3=98.80% | acc=65.25% | bal_acc=65.17% | macro_f1=0.6566 | qwk=0.7873 | mae=0.4358 | weighted_f1=0.6382 | precision_macro=0.6709 | recall_macro=0.6517
         ovr_roc_auc_macro=0.8795 | ovr_pr_auc_macro=0.7131
 No improvement. Bad epochs: 3/15

Epoch 19/60 | Time 0m 17s
  Train | loss=0.3477 | top1=86.08% | top2=97.59% | top3=99.90%
  Valid | loss=1.1534 | top1=64.67% | top2=88.31% | top3=98.20% | acc=64.53% | bal_acc=65.47% | macro_f1=0.6625 | qwk=0.7981 | mae=0.4177 | weighted_f1=0.6478 | precision_macro=0.6846 | recall_macro=0.6547
         ovr_roc_auc_macro=0.8820 | ovr_pr_auc_macro=0.7134
 No improvement. Bad epochs: 4/15

Epoch 20/60 | Time 0m 17s
  Train | loss=0.3177 | top1=87.32% | top2=98.01% | top3=99.97%
  Valid | loss=1.2242 | top1=59.57% | top2=85.34% | top3=98.20% | acc=59.44% | bal_acc=63.06% | macro_f1=0.6318 | qwk=0.7572 | mae=0.4879 | weighted_f1=0.5981 | precision_macro=0.6449 | recall_macro=0.6306
         ovr_roc_auc_macro=0.8721 | ovr_pr_auc_macro=0.7021
 No improvement. Bad epochs: 5/15

Epoch 21/60 | Time 0m 17s
  Train | loss=0.2770 | top1=89.43% | top2=98.43% | top3=99.90%
  Valid | loss=1.6374 | top1=64.98% | top2=88.46% | top3=98.68% | acc=64.89% | bal_acc=62.35% | macro_f1=0.6199 | qwk=0.7750 | mae=0.4564 | weighted_f1=0.6072 | precision_macro=0.6517 | recall_macro=0.6235
         ovr_roc_auc_macro=0.8634 | ovr_pr_auc_macro=0.6876
 No improvement. Bad epochs: 6/15

Epoch 22/60 | Time 0m 17s
  Train | loss=0.2654 | top1=89.47% | top2=98.53% | top3=99.98%
  Valid | loss=1.4429 | top1=66.42% | top2=86.87% | top3=98.92% | acc=66.34% | bal_acc=62.97% | macro_f1=0.6226 | qwk=0.7785 | mae=0.4358 | weighted_f1=0.6266 | precision_macro=0.6585 | recall_macro=0.6297
         ovr_roc_auc_macro=0.8763 | ovr_pr_auc_macro=0.7017
 No improvement. Bad epochs: 7/15

Epoch 23/60 | Time 0m 17s
  Train | loss=0.2303 | top1=91.32% | top2=98.88% | top3=99.95%
  Valid | loss=1.4305 | top1=65.97% | top2=85.79% | top3=97.60% | acc=65.86% | bal_acc=66.18% | macro_f1=0.6532 | qwk=0.7657 | mae=0.4516 | weighted_f1=0.6310 | precision_macro=0.6790 | recall_macro=0.6618
         ovr_roc_auc_macro=0.8786 | ovr_pr_auc_macro=0.6991
 No improvement. Bad epochs: 8/15

Epoch 24/60 | Time 0m 17s
  Train | loss=0.2357 | top1=90.78% | top2=98.77% | top3=99.91%
  Valid | loss=1.4190 | top1=60.83% | top2=87.98% | top3=99.04% | acc=60.65% | bal_acc=61.73% | macro_f1=0.6185 | qwk=0.7888 | mae=0.4576 | weighted_f1=0.6090 | precision_macro=0.6373 | recall_macro=0.6173
         ovr_roc_auc_macro=0.8690 | ovr_pr_auc_macro=0.6920
 No improvement. Bad epochs: 9/15

Epoch 25/60 | Time 0m 17s
  Train | loss=0.1970 | top1=92.80% | top2=99.02% | top3=99.97%
  Valid | loss=1.3378 | top1=64.31% | top2=88.70% | top3=98.44% | acc=64.16% | bal_acc=67.48% | macro_f1=0.6590 | qwk=0.8027 | mae=0.4262 | weighted_f1=0.6442 | precision_macro=0.6530 | recall_macro=0.6748
         ovr_roc_auc_macro=0.8812 | ovr_pr_auc_macro=0.7022
 Validation improved. Saved best model to /root/autodl-tmp/MedVisionLab/Knee/checkpoints/best_resnet50_mecs_layer3_knee_oa_mesc_seed2024.pt (QWK=0.8027)

Epoch 26/60 | Time 0m 17s
  Train | loss=0.1734 | top1=93.41% | top2=99.22% | top3=99.95%
  Valid | loss=1.6250 | top1=62.86% | top2=85.58% | top3=98.32% | acc=62.59% | bal_acc=64.92% | macro_f1=0.6075 | qwk=0.7812 | mae=0.4600 | weighted_f1=0.6165 | precision_macro=0.6158 | recall_macro=0.6492
         ovr_roc_auc_macro=0.8617 | ovr_pr_auc_macro=0.6673
 No improvement. Bad epochs: 1/15

Epoch 27/60 | Time 0m 17s
  Train | loss=0.1486 | top1=94.68% | top2=99.34% | top3=100.00%
  Valid | loss=1.4464 | top1=65.22% | top2=89.28% | top3=98.44% | acc=65.13% | bal_acc=65.60% | macro_f1=0.6672 | qwk=0.7957 | mae=0.4225 | weighted_f1=0.6484 | precision_macro=0.6814 | recall_macro=0.6560
         ovr_roc_auc_macro=0.8833 | ovr_pr_auc_macro=0.7034
 No improvement. Bad epochs: 2/15

Epoch 28/60 | Time 0m 17s
  Train | loss=0.1369 | top1=94.85% | top2=99.53% | top3=99.98%
  Valid | loss=1.6080 | top1=62.81% | top2=86.54% | top3=98.44% | acc=62.71% | bal_acc=64.59% | macro_f1=0.6531 | qwk=0.7814 | mae=0.4455 | weighted_f1=0.6310 | precision_macro=0.6653 | recall_macro=0.6459
         ovr_roc_auc_macro=0.8784 | ovr_pr_auc_macro=0.7018
 No improvement. Bad epochs: 3/15

Epoch 29/60 | Time 0m 17s
  Train | loss=0.1227 | top1=95.42% | top2=99.55% | top3=100.00%
  Valid | loss=1.6438 | top1=63.51% | top2=89.28% | top3=98.56% | acc=63.44% | bal_acc=62.09% | macro_f1=0.6338 | qwk=0.7802 | mae=0.4516 | weighted_f1=0.6227 | precision_macro=0.6536 | recall_macro=0.6209
         ovr_roc_auc_macro=0.8783 | ovr_pr_auc_macro=0.6974
 No improvement. Bad epochs: 4/15

Epoch 30/60 | Time 0m 17s
  Train | loss=0.0921 | top1=96.78% | top2=99.72% | top3=99.98%
  Valid | loss=1.7922 | top1=65.61% | top2=85.79% | top3=98.68% | acc=65.50% | bal_acc=65.15% | macro_f1=0.6481 | qwk=0.7992 | mae=0.4213 | weighted_f1=0.6405 | precision_macro=0.6525 | recall_macro=0.6515
         ovr_roc_auc_macro=0.8757 | ovr_pr_auc_macro=0.6971
 No improvement. Bad epochs: 5/15

Epoch 31/60 | Time 0m 17s
  Train | loss=0.1051 | top1=95.99% | top2=99.65% | top3=99.97%
  Valid | loss=1.7090 | top1=64.16% | top2=89.18% | top3=98.44% | acc=64.04% | bal_acc=65.33% | macro_f1=0.6466 | qwk=0.7999 | mae=0.4286 | weighted_f1=0.6402 | precision_macro=0.6418 | recall_macro=0.6533
         ovr_roc_auc_macro=0.8766 | ovr_pr_auc_macro=0.6983
 No improvement. Bad epochs: 6/15

Epoch 32/60 | Time 0m 17s
  Train | loss=0.0813 | top1=97.22% | top2=99.78% | top3=100.00%
  Valid | loss=1.9310 | top1=62.12% | top2=88.19% | top3=98.56% | acc=61.99% | bal_acc=61.50% | macro_f1=0.6284 | qwk=0.7765 | mae=0.4600 | weighted_f1=0.6169 | precision_macro=0.6556 | recall_macro=0.6150
         ovr_roc_auc_macro=0.8691 | ovr_pr_auc_macro=0.6921
 No improvement. Bad epochs: 7/15

Epoch 33/60 | Time 0m 17s
  Train | loss=0.0822 | top1=97.10% | top2=99.78% | top3=100.00%
  Valid | loss=1.8460 | top1=63.66% | top2=86.48% | top3=98.20% | acc=63.56% | bal_acc=63.16% | macro_f1=0.6400 | qwk=0.7691 | mae=0.4552 | weighted_f1=0.6267 | precision_macro=0.6572 | recall_macro=0.6316
         ovr_roc_auc_macro=0.8756 | ovr_pr_auc_macro=0.6909
 No improvement. Bad epochs: 8/15

Epoch 34/60 | Time 0m 17s
  Train | loss=0.0729 | top1=97.39% | top2=99.84% | top3=100.00%
  Valid | loss=1.8917 | top1=63.03% | top2=86.96% | top3=98.32% | acc=62.95% | bal_acc=63.67% | macro_f1=0.6491 | qwk=0.7938 | mae=0.4370 | weighted_f1=0.6337 | precision_macro=0.6657 | recall_macro=0.6367
         ovr_roc_auc_macro=0.8689 | ovr_pr_auc_macro=0.6821
 No improvement. Bad epochs: 9/15

Epoch 35/60 | Time 0m 17s
  Train | loss=0.0587 | top1=97.96% | top2=99.90% | top3=100.00%
  Valid | loss=1.8247 | top1=62.93% | top2=87.62% | top3=98.32% | acc=62.83% | bal_acc=64.49% | macro_f1=0.6498 | qwk=0.7748 | mae=0.4552 | weighted_f1=0.6320 | precision_macro=0.6558 | recall_macro=0.6449
         ovr_roc_auc_macro=0.8748 | ovr_pr_auc_macro=0.6919
 No improvement. Bad epochs: 10/15

Epoch 36/60 | Time 0m 17s
  Train | loss=0.0610 | top1=97.81% | top2=99.84% | top3=99.98%
  Valid | loss=1.9157 | top1=64.16% | top2=87.74% | top3=97.96% | acc=64.04% | bal_acc=65.30% | macro_f1=0.6475 | qwk=0.7784 | mae=0.4504 | weighted_f1=0.6316 | precision_macro=0.6450 | recall_macro=0.6530
         ovr_roc_auc_macro=0.8748 | ovr_pr_auc_macro=0.6894
 No improvement. Bad epochs: 11/15

Epoch 37/60 | Time 0m 17s
  Train | loss=0.0497 | top1=98.22% | top2=99.91% | top3=100.00%
  Valid | loss=1.8956 | top1=62.48% | top2=88.58% | top3=98.68% | acc=62.35% | bal_acc=63.42% | macro_f1=0.6349 | qwk=0.7954 | mae=0.4407 | weighted_f1=0.6279 | precision_macro=0.6398 | recall_macro=0.6342
         ovr_roc_auc_macro=0.8815 | ovr_pr_auc_macro=0.7082
 No improvement. Bad epochs: 12/15

Epoch 38/60 | Time 0m 17s
  Train | loss=0.0446 | top1=98.52% | top2=99.88% | top3=100.00%
  Valid | loss=1.9954 | top1=62.96% | top2=88.34% | top3=98.44% | acc=62.83% | bal_acc=63.52% | macro_f1=0.6430 | qwk=0.7866 | mae=0.4467 | weighted_f1=0.6249 | precision_macro=0.6527 | recall_macro=0.6352
         ovr_roc_auc_macro=0.8793 | ovr_pr_auc_macro=0.7027
 No improvement. Bad epochs: 13/15

Epoch 39/60 | Time 0m 17s
  Train | loss=0.0386 | top1=98.77% | top2=99.88% | top3=100.00%
  Valid | loss=2.1268 | top1=65.49% | top2=87.02% | top3=98.32% | acc=65.38% | bal_acc=65.92% | macro_f1=0.6606 | qwk=0.7931 | mae=0.4298 | weighted_f1=0.6393 | precision_macro=0.6692 | recall_macro=0.6592
         ovr_roc_auc_macro=0.8794 | ovr_pr_auc_macro=0.7043
 No improvement. Bad epochs: 14/15

Epoch 40/60 | Time 0m 17s
  Train | loss=0.0393 | top1=98.59% | top2=99.91% | top3=100.00%
  Valid | loss=2.2520 | top1=62.69% | top2=87.35% | top3=98.56% | acc=62.59% | bal_acc=62.55% | macro_f1=0.6401 | qwk=0.7674 | mae=0.4637 | weighted_f1=0.6217 | precision_macro=0.6615 | recall_macro=0.6255
         ovr_roc_auc_macro=0.8742 | ovr_pr_auc_macro=0.6910
 No improvement. Bad epochs: 15/15
⏹ Early stopping triggered.
 Training stopped early at epoch 40.

Loading best model and evaluating on test set...
Best validation QWK: 0.8027

Test | loss=1.2798 | top1=63.60% | top2=89.70% | top3=99.04% | acc=63.47% | bal_acc=66.51% | macro_f1=0.6541 | qwk=0.8126 | mae=0.4251 | weighted_f1=0.6323 | precision_macro=0.6589 | recall_macro=0.6651
     ovr_roc_auc_macro=0.8840 | ovr_pr_auc_macro=0.7123

Evaluating on auto_test set...

AutoTest | loss=1.2462 | top1=65.53% | top2=89.68% | top3=99.28% | acc=65.33% | bal_acc=68.96% | macro_f1=0.6764 | qwk=0.8257 | mae=0.3978 | weighted_f1=0.6510 | precision_macro=0.6810 | recall_macro=0.6896
         ovr_roc_auc_macro=0.8888 | ovr_pr_auc_macro=0.7251

ResNet(layer3)+MECS+CE Knee Osteoarthritis baseline completed!
