DATASET: KOA
METHOD: ResNet50 + MESC + DAST
SEED: 42
SCRIPT: /root/autodl-tmp/MedVisionLab/Knee/ResNet_layer3+MECS+Loss4.py
RUN_TAG: controlled_koa_resnet50_plus_mesc_plus_dast_seed42
LABEL_SMOOTHING: 0.1
SORD_TAU: 1.0
COMMAND: /root/miniconda3/envs/medvision/bin/python -u /root/autodl-tmp/MedVisionLab/Knee/ResNet_layer3+MECS+Loss4.py
==========================================================================================
Starting ResNet(layer3)+MECS+DAST Knee Osteoarthritis Baseline...
Using device: cuda
CUDA device: NVIDIA GeForce RTX 3090
Run tag: controlled_koa_resnet50_plus_mesc_plus_dast_seed42
Config | seed=42, batch_size=32, epochs=1, image_size=224
DAST config | tau=1.0000, gamma=1.5000
Class mapping from folders: {'0': 0, '1': 1, '2': 2, '3': 3, '4': 4}

Train samples: 5778
Train class distribution:
  0_Normal: 2286
  1_Doubtful: 1046
  2_Mild: 1516
  3_Moderate: 757
  4_Severe: 173

Valid samples: 826
Valid class distribution:
  0_Normal: 328
  1_Doubtful: 153
  2_Mild: 212
  3_Moderate: 106
  4_Severe: 27

Test samples: 1656
Test class distribution:
  0_Normal: 639
  1_Doubtful: 296
  2_Mild: 447
  3_Moderate: 223
  4_Severe: 51

AutoTest samples: 1526
AutoTest class distribution:
  0_Normal: 604
  1_Doubtful: 275
  2_Mild: 403
  3_Moderate: 200
  4_Severe: 44

Split sizes | train=5778, valid=826, test=1656, auto_test=1526
Loading ResNet50 with MECS module at layer3...
Trainable parameters: 27,305,285

[INFO] Class counts in training set: [2286 1046 1516  757  173]
[INFO] Using Clinically Distance-Aware Soft Label Loss (DAST).
Starting training...

Epoch 01/1 | Time 0m 17s
  Train | loss=0.8899 | top1=50.45% | top2=75.50% | top3=92.21%
  Valid | loss=0.8014 | top1=57.45% | top2=82.77% | top3=97.84% | acc=57.87% | bal_acc=41.06% | macro_f1=0.3851 | qwk=0.6864 | mae=0.5751 | weighted_f1=0.5124 | precision_macro=0.4385 | recall_macro=0.4106
         ovr_roc_auc_macro=0.8473 | ovr_pr_auc_macro=0.5973
 Initial best model saved to /root/autodl-tmp/MedVisionLab/Knee/checkpoints/best_resnet50_mecs_layer3_dast_knee_oa_new_controlled_koa_resnet50_plus_mesc_plus_dast_seed42.pt (QWK=0.6864)

Loading best model and evaluating on test set...
Best validation QWK: 0.6864

Test | loss=0.8232 | top1=57.21% | top2=82.35% | top3=97.60% | acc=57.49% | bal_acc=40.37% | macro_f1=0.3748 | qwk=0.6920 | mae=0.5755 | weighted_f1=0.5053 | precision_macro=0.3910 | recall_macro=0.4037
     ovr_roc_auc_macro=0.8372 | ovr_pr_auc_macro=0.5651

Evaluating on auto_test set...

AutoTest | loss=0.8135 | top1=57.23% | top2=82.68% | top3=97.24% | acc=57.60% | bal_acc=40.14% | macro_f1=0.3747 | qwk=0.6938 | mae=0.5714 | weighted_f1=0.5068 | precision_macro=0.4089 | recall_macro=0.4014
         ovr_roc_auc_macro=0.8417 | ovr_pr_auc_macro=0.5603

ResNet(layer3)+MECS+DAST Knee Osteoarthritis baseline completed!

==========================================================================================
RETURN_CODE: 0
