COMMAND: /root/miniconda3/envs/medvision/bin/python -u /root/autodl-tmp/MedVisionLab/Knee/ResNet_baseline_loss_compare.py
==========================================================================================
Starting Knee Osteoarthritis ResNet50 loss comparison: KL-Match Soft CE
Using device: cuda
CUDA device: NVIDIA GeForce RTX 4090
Run tag: resnet50_kl_match_ce_5seed_koa_baseline_kl_match_ce_seed1
Data root: /root/autodl-tmp/Knee_Osteoarthritis
Config | seed=1, img_size=224, batch_size=32, epochs=60, num_workers=4, lr_backbone=0.0001, lr_head=0.001, weight_decay=0.0001, patience=15, early_delta=0.0001
Class mapping from folders: {'0': 0, '1': 1, '2': 2, '3': 3, '4': 4}

Train samples: 5778
Train class distribution:
  0_Normal: 2286
  1_Doubtful: 1046
  2_Mild: 1516
  3_Moderate: 757
  4_Severe: 173

Valid samples: 826
Valid class distribution:
  0_Normal: 328
  1_Doubtful: 153
  2_Mild: 212
  3_Moderate: 106
  4_Severe: 27

Test samples: 1656
Test class distribution:
  0_Normal: 639
  1_Doubtful: 296
  2_Mild: 447
  3_Moderate: 223
  4_Severe: 51

AutoTest samples: 1526
AutoTest class distribution:
  0_Normal: 604
  1_Doubtful: 275
  2_Mild: 403
  3_Moderate: 200
  4_Severe: 44

Split sizes | train=5778, valid=826, test=1656, auto_test=1526
Loading pretrained ResNet50...
Trainable parameters: 23,518,277

[INFO] Class counts in training set: [2286 1046 1516  757  173]
[INFO] Using KL-Match Soft CE
       no tunable loss hyperparameters
Starting training...

Epoch 01/60 | Time 0m 10s
  Train | loss=0.4620 | top1=35.03% | top2=60.34% | top3=82.10%
  Valid | loss=0.4333 | top1=38.34% | top2=62.50% | top3=83.29% | acc=38.62% | bal_acc=20.09% | macro_f1=0.1404 | qwk=0.0795 | mae=1.1392 | weighted_f1=0.2580 | precision_macro=0.1567 | recall_macro=0.2009
         ovr_roc_auc_macro=0.6205 | ovr_pr_auc_macro=0.2846
 Initial best model saved to /root/autodl-tmp/MedVisionLab/Knee/checkpoints/best_resnet50_knee_oa_kl_match_ce_resnet50_kl_match_ce_5seed_koa_baseline_kl_match_ce_seed1.pt (QWK=0.0795)

Epoch 02/60 | Time 0m 9s
  Train | loss=0.3769 | top1=45.01% | top2=68.47% | top3=87.32%
  Valid | loss=0.3198 | top1=49.52% | top2=74.64% | top3=93.29% | acc=49.88% | bal_acc=31.52% | macro_f1=0.2847 | qwk=0.5566 | mae=0.7131 | weighted_f1=0.4255 | precision_macro=0.2981 | recall_macro=0.3152
         ovr_roc_auc_macro=0.7712 | ovr_pr_auc_macro=0.4037
 Validation improved. Saved best model to /root/autodl-tmp/MedVisionLab/Knee/checkpoints/best_resnet50_knee_oa_kl_match_ce_resnet50_kl_match_ce_5seed_koa_baseline_kl_match_ce_seed1.pt (QWK=0.5566)

Epoch 03/60 | Time 0m 9s
  Train | loss=0.2712 | top1=54.12% | top2=79.32% | top3=95.58%
  Valid | loss=0.2825 | top1=53.56% | top2=79.49% | top3=94.95% | acc=53.75% | bal_acc=46.66% | macro_f1=0.4629 | qwk=0.6213 | mae=0.6429 | weighted_f1=0.5071 | precision_macro=0.5512 | recall_macro=0.4666
         ovr_roc_auc_macro=0.8266 | ovr_pr_auc_macro=0.5483
 Validation improved. Saved best model to /root/autodl-tmp/MedVisionLab/Knee/checkpoints/best_resnet50_knee_oa_kl_match_ce_resnet50_kl_match_ce_5seed_koa_baseline_kl_match_ce_seed1.pt (QWK=0.6213)

Epoch 04/60 | Time 0m 9s
  Train | loss=0.2175 | top1=61.76% | top2=85.50% | top3=97.95%
  Valid | loss=0.2074 | top1=62.07% | top2=85.94% | top3=97.84% | acc=61.99% | bal_acc=61.18% | macro_f1=0.6252 | qwk=0.7659 | mae=0.4661 | weighted_f1=0.6169 | precision_macro=0.6457 | recall_macro=0.6118
         ovr_roc_auc_macro=0.8563 | ovr_pr_auc_macro=0.6635
 Validation improved. Saved best model to /root/autodl-tmp/MedVisionLab/Knee/checkpoints/best_resnet50_knee_oa_kl_match_ce_resnet50_kl_match_ce_5seed_koa_baseline_kl_match_ce_seed1.pt (QWK=0.7659)

Epoch 05/60 | Time 0m 9s
  Train | loss=0.1855 | top1=65.55% | top2=88.88% | top3=98.74%
  Valid | loss=0.1980 | top1=63.84% | top2=86.87% | top3=98.32% | acc=63.80% | bal_acc=61.52% | macro_f1=0.6429 | qwk=0.7896 | mae=0.4370 | weighted_f1=0.6304 | precision_macro=0.6889 | recall_macro=0.6152
         ovr_roc_auc_macro=0.8675 | ovr_pr_auc_macro=0.6831
 Validation improved. Saved best model to /root/autodl-tmp/MedVisionLab/Knee/checkpoints/best_resnet50_knee_oa_kl_match_ce_resnet50_kl_match_ce_5seed_koa_baseline_kl_match_ce_seed1.pt (QWK=0.7896)

Epoch 06/60 | Time 0m 9s
  Train | loss=0.1776 | top1=66.90% | top2=89.48% | top3=98.96%
  Valid | loss=0.2198 | top1=63.17% | top2=85.82% | top3=95.79% | acc=62.95% | bal_acc=64.73% | macro_f1=0.6223 | qwk=0.7267 | mae=0.5061 | weighted_f1=0.6011 | precision_macro=0.6638 | recall_macro=0.6473
         ovr_roc_auc_macro=0.8727 | ovr_pr_auc_macro=0.7029
 No improvement. Bad epochs: 1/15

Epoch 07/60 | Time 0m 9s
  Train | loss=0.1615 | top1=69.73% | top2=91.06% | top3=99.00%
  Valid | loss=0.1916 | top1=63.43% | top2=87.02% | top3=98.68% | acc=63.20% | bal_acc=63.26% | macro_f1=0.6183 | qwk=0.7931 | mae=0.4455 | weighted_f1=0.6154 | precision_macro=0.6384 | recall_macro=0.6326
         ovr_roc_auc_macro=0.8768 | ovr_pr_auc_macro=0.7060
 Validation improved. Saved best model to /root/autodl-tmp/MedVisionLab/Knee/checkpoints/best_resnet50_knee_oa_kl_match_ce_resnet50_kl_match_ce_5seed_koa_baseline_kl_match_ce_seed1.pt (QWK=0.7931)

Epoch 08/60 | Time 0m 9s
  Train | loss=0.1490 | top1=71.24% | top2=92.34% | top3=99.10%
  Valid | loss=0.2049 | top1=60.61% | top2=87.11% | top3=96.63% | acc=60.41% | bal_acc=65.25% | macro_f1=0.6478 | qwk=0.7563 | mae=0.4831 | weighted_f1=0.6075 | precision_macro=0.6522 | recall_macro=0.6525
         ovr_roc_auc_macro=0.8731 | ovr_pr_auc_macro=0.7015
 No improvement. Bad epochs: 1/15

Epoch 09/60 | Time 0m 9s
  Train | loss=0.1398 | top1=72.83% | top2=92.72% | top3=99.26%
  Valid | loss=0.1957 | top1=63.86% | top2=88.34% | top3=98.44% | acc=63.68% | bal_acc=66.64% | macro_f1=0.6655 | qwk=0.8070 | mae=0.4189 | weighted_f1=0.6472 | precision_macro=0.6785 | recall_macro=0.6664
         ovr_roc_auc_macro=0.8793 | ovr_pr_auc_macro=0.7174
 Validation improved. Saved best model to /root/autodl-tmp/MedVisionLab/Knee/checkpoints/best_resnet50_knee_oa_kl_match_ce_resnet50_kl_match_ce_5seed_koa_baseline_kl_match_ce_seed1.pt (QWK=0.8070)

Epoch 10/60 | Time 0m 9s
  Train | loss=0.1290 | top1=74.73% | top2=93.94% | top3=99.50%
  Valid | loss=0.2253 | top1=65.12% | top2=87.62% | top3=98.68% | acc=64.89% | bal_acc=65.53% | macro_f1=0.6467 | qwk=0.7918 | mae=0.4383 | weighted_f1=0.6263 | precision_macro=0.6689 | recall_macro=0.6553
         ovr_roc_auc_macro=0.8799 | ovr_pr_auc_macro=0.7221
 No improvement. Bad epochs: 1/15

Epoch 11/60 | Time 0m 9s
  Train | loss=0.1182 | top1=76.26% | top2=94.63% | top3=99.65%
  Valid | loss=0.2228 | top1=62.78% | top2=85.58% | top3=95.91% | acc=62.59% | bal_acc=67.32% | macro_f1=0.6676 | qwk=0.7551 | mae=0.4746 | weighted_f1=0.6226 | precision_macro=0.6734 | recall_macro=0.6732
         ovr_roc_auc_macro=0.8740 | ovr_pr_auc_macro=0.7057
 No improvement. Bad epochs: 2/15

Epoch 12/60 | Time 0m 9s
  Train | loss=0.1109 | top1=78.36% | top2=95.35% | top3=99.55%
  Valid | loss=0.1905 | top1=65.87% | top2=88.10% | top3=98.68% | acc=65.62% | bal_acc=69.99% | macro_f1=0.6741 | qwk=0.8216 | mae=0.3995 | weighted_f1=0.6586 | precision_macro=0.6603 | recall_macro=0.6999
         ovr_roc_auc_macro=0.8834 | ovr_pr_auc_macro=0.7160
 Validation improved. Saved best model to /root/autodl-tmp/MedVisionLab/Knee/checkpoints/best_resnet50_knee_oa_kl_match_ce_resnet50_kl_match_ce_5seed_koa_baseline_kl_match_ce_seed1.pt (QWK=0.8216)

Epoch 13/60 | Time 0m 9s
  Train | loss=0.1019 | top1=80.45% | top2=96.07% | top3=99.65%
  Valid | loss=0.1925 | top1=65.12% | top2=89.30% | top3=98.92% | acc=64.89% | bal_acc=67.54% | macro_f1=0.6723 | qwk=0.8189 | mae=0.4019 | weighted_f1=0.6515 | precision_macro=0.6806 | recall_macro=0.6754
         ovr_roc_auc_macro=0.8774 | ovr_pr_auc_macro=0.7106
 No improvement. Bad epochs: 1/15

Epoch 14/60 | Time 0m 9s
  Train | loss=0.0923 | top1=82.31% | top2=97.05% | top3=99.84%
  Valid | loss=0.2092 | top1=65.37% | top2=87.11% | top3=96.63% | acc=65.25% | bal_acc=65.17% | macro_f1=0.6608 | qwk=0.7824 | mae=0.4322 | weighted_f1=0.6422 | precision_macro=0.6869 | recall_macro=0.6517
         ovr_roc_auc_macro=0.8781 | ovr_pr_auc_macro=0.7120
 No improvement. Bad epochs: 2/15

Epoch 15/60 | Time 0m 9s
  Train | loss=0.0832 | top1=83.79% | top2=97.55% | top3=99.78%
  Valid | loss=0.1992 | top1=65.99% | top2=87.98% | top3=98.08% | acc=65.86% | bal_acc=66.54% | macro_f1=0.6631 | qwk=0.8147 | mae=0.4044 | weighted_f1=0.6494 | precision_macro=0.6637 | recall_macro=0.6654
         ovr_roc_auc_macro=0.8769 | ovr_pr_auc_macro=0.7103
 No improvement. Bad epochs: 3/15

Epoch 16/60 | Time 0m 9s
  Train | loss=0.0750 | top1=85.67% | top2=98.03% | top3=99.83%
  Valid | loss=0.2026 | top1=62.56% | top2=87.86% | top3=98.20% | acc=62.35% | bal_acc=65.88% | macro_f1=0.6575 | qwk=0.8002 | mae=0.4358 | weighted_f1=0.6304 | precision_macro=0.6652 | recall_macro=0.6588
         ovr_roc_auc_macro=0.8775 | ovr_pr_auc_macro=0.7029
 No improvement. Bad epochs: 4/15

Epoch 17/60 | Time 0m 9s
  Train | loss=0.0705 | top1=86.98% | top2=98.00% | top3=99.88%
  Valid | loss=0.2241 | top1=62.90% | top2=86.30% | top3=96.88% | acc=62.71% | bal_acc=66.80% | macro_f1=0.6665 | qwk=0.8013 | mae=0.4298 | weighted_f1=0.6376 | precision_macro=0.6713 | recall_macro=0.6680
         ovr_roc_auc_macro=0.8666 | ovr_pr_auc_macro=0.6835
 No improvement. Bad epochs: 5/15

Epoch 18/60 | Time 0m 9s
  Train | loss=0.0582 | top1=89.08% | top2=98.93% | top3=99.97%
  Valid | loss=0.2155 | top1=62.93% | top2=88.34% | top3=98.08% | acc=62.71% | bal_acc=65.19% | macro_f1=0.6458 | qwk=0.8033 | mae=0.4358 | weighted_f1=0.6254 | precision_macro=0.6490 | recall_macro=0.6519
         ovr_roc_auc_macro=0.8650 | ovr_pr_auc_macro=0.6854
 No improvement. Bad epochs: 6/15

Epoch 19/60 | Time 0m 9s
  Train | loss=0.0519 | top1=90.77% | top2=99.10% | top3=99.97%
  Valid | loss=0.2218 | top1=64.34% | top2=87.11% | top3=96.88% | acc=64.16% | bal_acc=66.39% | macro_f1=0.6543 | qwk=0.7886 | mae=0.4383 | weighted_f1=0.6342 | precision_macro=0.6512 | recall_macro=0.6639
         ovr_roc_auc_macro=0.8674 | ovr_pr_auc_macro=0.6887
 No improvement. Bad epochs: 7/15

Epoch 20/60 | Time 0m 9s
  Train | loss=0.0503 | top1=91.30% | top2=99.03% | top3=99.97%
  Valid | loss=0.2369 | top1=61.60% | top2=83.77% | top3=95.55% | acc=61.38% | bal_acc=66.22% | macro_f1=0.6411 | qwk=0.7660 | mae=0.4758 | weighted_f1=0.6121 | precision_macro=0.6278 | recall_macro=0.6622
         ovr_roc_auc_macro=0.8690 | ovr_pr_auc_macro=0.6905
 No improvement. Bad epochs: 8/15

Epoch 21/60 | Time 0m 9s
  Train | loss=0.0484 | top1=91.85% | top2=99.19% | top3=99.95%
  Valid | loss=0.2353 | top1=61.34% | top2=85.10% | top3=95.91% | acc=61.14% | bal_acc=64.92% | macro_f1=0.6366 | qwk=0.7682 | mae=0.4746 | weighted_f1=0.6088 | precision_macro=0.6274 | recall_macro=0.6492
         ovr_roc_auc_macro=0.8651 | ovr_pr_auc_macro=0.6756
 No improvement. Bad epochs: 9/15

Epoch 22/60 | Time 0m 9s
  Train | loss=0.0410 | top1=93.91% | top2=99.48% | top3=99.95%
  Valid | loss=0.2182 | top1=63.95% | top2=87.59% | top3=96.63% | acc=63.80% | bal_acc=66.02% | macro_f1=0.6606 | qwk=0.7751 | mae=0.4479 | weighted_f1=0.6377 | precision_macro=0.6633 | recall_macro=0.6602
         ovr_roc_auc_macro=0.8696 | ovr_pr_auc_macro=0.6921
 No improvement. Bad epochs: 10/15

Epoch 23/60 | Time 0m 9s
  Train | loss=0.0376 | top1=94.58% | top2=99.52% | top3=99.98%
  Valid | loss=0.2205 | top1=63.80% | top2=86.15% | top3=96.39% | acc=63.68% | bal_acc=66.06% | macro_f1=0.6668 | qwk=0.7867 | mae=0.4346 | weighted_f1=0.6402 | precision_macro=0.6789 | recall_macro=0.6606
         ovr_roc_auc_macro=0.8762 | ovr_pr_auc_macro=0.7002
 No improvement. Bad epochs: 11/15

Epoch 24/60 | Time 0m 9s
  Train | loss=0.0321 | top1=95.31% | top2=99.79% | top3=100.00%
  Valid | loss=0.2285 | top1=64.40% | top2=85.82% | top3=96.63% | acc=64.16% | bal_acc=66.61% | macro_f1=0.6318 | qwk=0.7770 | mae=0.4600 | weighted_f1=0.6264 | precision_macro=0.6197 | recall_macro=0.6661
         ovr_roc_auc_macro=0.8689 | ovr_pr_auc_macro=0.6648
 No improvement. Bad epochs: 12/15

Epoch 25/60 | Time 0m 9s
  Train | loss=0.0320 | top1=95.48% | top2=99.67% | top3=99.97%
  Valid | loss=0.2142 | top1=64.10% | top2=86.90% | top3=96.27% | acc=63.92% | bal_acc=67.19% | macro_f1=0.6631 | qwk=0.7862 | mae=0.4383 | weighted_f1=0.6423 | precision_macro=0.6590 | recall_macro=0.6719
         ovr_roc_auc_macro=0.8795 | ovr_pr_auc_macro=0.7165
 No improvement. Bad epochs: 13/15

Epoch 26/60 | Time 0m 9s
  Train | loss=0.0267 | top1=96.33% | top2=99.74% | top3=100.00%
  Valid | loss=0.2183 | top1=63.83% | top2=86.39% | top3=97.00% | acc=63.68% | bal_acc=63.56% | macro_f1=0.6269 | qwk=0.7883 | mae=0.4443 | weighted_f1=0.6218 | precision_macro=0.6285 | recall_macro=0.6356
         ovr_roc_auc_macro=0.8686 | ovr_pr_auc_macro=0.6903
 No improvement. Bad epochs: 14/15

Epoch 27/60 | Time 0m 9s
  Train | loss=0.0245 | top1=96.56% | top2=99.81% | top3=100.00%
  Valid | loss=0.2196 | top1=64.94% | top2=87.98% | top3=97.36% | acc=64.77% | bal_acc=66.24% | macro_f1=0.6627 | qwk=0.7941 | mae=0.4298 | weighted_f1=0.6432 | precision_macro=0.6678 | recall_macro=0.6624
         ovr_roc_auc_macro=0.8699 | ovr_pr_auc_macro=0.7028
 No improvement. Bad epochs: 15/15
Early stopping triggered.
 Training stopped early at epoch 27.

Loading best model and evaluating on test set...
Best validation QWK: 0.8216

Test | loss=0.1764 | top1=64.92% | top2=90.12% | top3=98.92% | acc=64.79% | bal_acc=67.58% | macro_f1=0.6618 | qwk=0.8320 | mae=0.3961 | weighted_f1=0.6483 | precision_macro=0.6532 | recall_macro=0.6758
     ovr_roc_auc_macro=0.8889 | ovr_pr_auc_macro=0.7246

Confusion Matrix:
[[506 112  21   0   0]
 [117  99  75   5   0]
 [ 42 117 241  47   0]
 [  0   5  24 181  13]
 [  0   0   0   5  46]]

Classification Report:
              precision    recall  f1-score   support

    0_Normal     0.7609    0.7919    0.7761       639
  1_Doubtful     0.2973    0.3345    0.3148       296
      2_Mild     0.6676    0.5391    0.5965       447
  3_Moderate     0.7605    0.8117    0.7852       223
    4_Severe     0.7797    0.9020    0.8364        51

    accuracy                         0.6479      1656
   macro avg     0.6532    0.6758    0.6618      1656
weighted avg     0.6534    0.6479    0.6483      1656


Evaluating on auto_test set...

AutoTest | loss=0.1649 | top1=67.51% | top2=91.21% | top3=99.15% | acc=67.30% | bal_acc=70.36% | macro_f1=0.6849 | qwk=0.8426 | mae=0.3676 | weighted_f1=0.6734 | precision_macro=0.6729 | recall_macro=0.7036
Summary CSV saved: /root/autodl-tmp/MedVisionLab/Knee/logs/ResNet_baseline_loss_compare_kl_match_ce_resnet50_kl_match_ce_5seed_koa_baseline_kl_match_ce_seed1_20260808_150628_summary.csv
Checkpoint saved: /root/autodl-tmp/MedVisionLab/Knee/checkpoints/best_resnet50_knee_oa_kl_match_ce_resnet50_kl_match_ce_5seed_koa_baseline_kl_match_ce_seed1.pt

Knee Osteoarthritis ResNet50 loss comparison (kl_match_ce) completed!
