COMMAND: /root/miniconda3/envs/medvision/bin/python -u /root/autodl-tmp/MedVisionLab/Knee/ResNet_baseline_loss_compare.py
==========================================================================================
Starting Knee Osteoarthritis ResNet50 loss comparison: KL-Match Soft CE
Using device: cuda
CUDA device: NVIDIA GeForce RTX 4090
Run tag: resnet50_kl_match_ce_5seed_koa_baseline_kl_match_ce_seed4
Data root: /root/autodl-tmp/Knee_Osteoarthritis
Config | seed=4, img_size=224, batch_size=32, epochs=60, num_workers=4, lr_backbone=0.0001, lr_head=0.001, weight_decay=0.0001, patience=15, early_delta=0.0001
Class mapping from folders: {'0': 0, '1': 1, '2': 2, '3': 3, '4': 4}

Train samples: 5778
Train class distribution:
  0_Normal: 2286
  1_Doubtful: 1046
  2_Mild: 1516
  3_Moderate: 757
  4_Severe: 173

Valid samples: 826
Valid class distribution:
  0_Normal: 328
  1_Doubtful: 153
  2_Mild: 212
  3_Moderate: 106
  4_Severe: 27

Test samples: 1656
Test class distribution:
  0_Normal: 639
  1_Doubtful: 296
  2_Mild: 447
  3_Moderate: 223
  4_Severe: 51

AutoTest samples: 1526
AutoTest class distribution:
  0_Normal: 604
  1_Doubtful: 275
  2_Mild: 403
  3_Moderate: 200
  4_Severe: 44

Split sizes | train=5778, valid=826, test=1656, auto_test=1526
Loading pretrained ResNet50...
Trainable parameters: 23,518,277

[INFO] Class counts in training set: [2286 1046 1516  757  173]
[INFO] Using KL-Match Soft CE
       no tunable loss hyperparameters
Starting training...

Epoch 01/60 | Time 0m 9s
  Train | loss=0.4555 | top1=36.61% | top2=59.89% | top3=83.14%
  Valid | loss=0.4296 | top1=38.22% | top2=60.94% | top3=83.29% | acc=38.50% | bal_acc=20.55% | macro_f1=0.1530 | qwk=0.0686 | mae=1.1356 | weighted_f1=0.2699 | precision_macro=0.1773 | recall_macro=0.2055
         ovr_roc_auc_macro=0.6316 | ovr_pr_auc_macro=0.2857
 Initial best model saved to /root/autodl-tmp/MedVisionLab/Knee/checkpoints/best_resnet50_knee_oa_kl_match_ce_resnet50_kl_match_ce_5seed_koa_baseline_kl_match_ce_seed4.pt (QWK=0.0686)

Epoch 02/60 | Time 0m 9s
  Train | loss=0.3742 | top1=44.56% | top2=68.80% | top3=87.46%
  Valid | loss=0.3412 | top1=46.75% | top2=74.88% | top3=91.60% | acc=47.09% | bal_acc=31.17% | macro_f1=0.2822 | qwk=0.4972 | mae=0.7639 | weighted_f1=0.4149 | precision_macro=0.3221 | recall_macro=0.3117
         ovr_roc_auc_macro=0.7657 | ovr_pr_auc_macro=0.4089
 Validation improved. Saved best model to /root/autodl-tmp/MedVisionLab/Knee/checkpoints/best_resnet50_knee_oa_kl_match_ce_resnet50_kl_match_ce_5seed_koa_baseline_kl_match_ce_seed4.pt (QWK=0.4972)

Epoch 03/60 | Time 0m 9s
  Train | loss=0.2753 | top1=53.38% | top2=78.84% | top3=95.36%
  Valid | loss=0.2666 | top1=54.05% | top2=79.67% | top3=96.61% | acc=54.36% | bal_acc=40.50% | macro_f1=0.4106 | qwk=0.6547 | mae=0.6235 | weighted_f1=0.4955 | precision_macro=0.5482 | recall_macro=0.4050
         ovr_roc_auc_macro=0.8206 | ovr_pr_auc_macro=0.5359
 Validation improved. Saved best model to /root/autodl-tmp/MedVisionLab/Knee/checkpoints/best_resnet50_knee_oa_kl_match_ce_resnet50_kl_match_ce_5seed_koa_baseline_kl_match_ce_seed4.pt (QWK=0.6547)

Epoch 04/60 | Time 0m 9s
  Train | loss=0.2182 | top1=60.66% | top2=84.52% | top3=97.86%
  Valid | loss=0.2355 | top1=56.78% | top2=83.33% | top3=97.45% | acc=56.66% | bal_acc=51.54% | macro_f1=0.5023 | qwk=0.7178 | mae=0.5569 | weighted_f1=0.5363 | precision_macro=0.5557 | recall_macro=0.5154
         ovr_roc_auc_macro=0.8479 | ovr_pr_auc_macro=0.6204
 Validation improved. Saved best model to /root/autodl-tmp/MedVisionLab/Knee/checkpoints/best_resnet50_knee_oa_kl_match_ce_resnet50_kl_match_ce_5seed_koa_baseline_kl_match_ce_seed4.pt (QWK=0.7178)

Epoch 05/60 | Time 0m 9s
  Train | loss=0.1922 | top1=65.04% | top2=87.80% | top3=98.54%
  Valid | loss=0.2040 | top1=61.84% | top2=86.39% | top3=98.20% | acc=61.62% | bal_acc=61.86% | macro_f1=0.5968 | qwk=0.7851 | mae=0.4637 | weighted_f1=0.5979 | precision_macro=0.6013 | recall_macro=0.6186
         ovr_roc_auc_macro=0.8600 | ovr_pr_auc_macro=0.6679
 Validation improved. Saved best model to /root/autodl-tmp/MedVisionLab/Knee/checkpoints/best_resnet50_knee_oa_kl_match_ce_resnet50_kl_match_ce_5seed_koa_baseline_kl_match_ce_seed4.pt (QWK=0.7851)

Epoch 06/60 | Time 0m 9s
  Train | loss=0.1758 | top1=67.60% | top2=89.94% | top3=98.69%
  Valid | loss=0.2334 | top1=60.13% | top2=85.22% | top3=98.20% | acc=59.93% | bal_acc=58.72% | macro_f1=0.5753 | qwk=0.7500 | mae=0.5133 | weighted_f1=0.5692 | precision_macro=0.6086 | recall_macro=0.5872
         ovr_roc_auc_macro=0.8560 | ovr_pr_auc_macro=0.6627
 No improvement. Bad epochs: 1/15

Epoch 07/60 | Time 0m 9s
  Train | loss=0.1630 | top1=68.80% | top2=90.45% | top3=99.02%
  Valid | loss=0.2144 | top1=62.72% | top2=85.70% | top3=98.80% | acc=62.59% | bal_acc=62.11% | macro_f1=0.6248 | qwk=0.7760 | mae=0.4685 | weighted_f1=0.5988 | precision_macro=0.6720 | recall_macro=0.6211
         ovr_roc_auc_macro=0.8718 | ovr_pr_auc_macro=0.7081
 No improvement. Bad epochs: 2/15

Epoch 08/60 | Time 0m 9s
  Train | loss=0.1484 | top1=70.84% | top2=91.94% | top3=99.26%
  Valid | loss=0.1963 | top1=65.34% | top2=89.03% | top3=98.92% | acc=65.25% | bal_acc=61.07% | macro_f1=0.6212 | qwk=0.7863 | mae=0.4346 | weighted_f1=0.6125 | precision_macro=0.6764 | recall_macro=0.6107
         ovr_roc_auc_macro=0.8771 | ovr_pr_auc_macro=0.7035
 Validation improved. Saved best model to /root/autodl-tmp/MedVisionLab/Knee/checkpoints/best_resnet50_knee_oa_kl_match_ce_resnet50_kl_match_ce_5seed_koa_baseline_kl_match_ce_seed4.pt (QWK=0.7863)

Epoch 09/60 | Time 0m 9s
  Train | loss=0.1420 | top1=72.13% | top2=92.38% | top3=99.05%
  Valid | loss=0.1883 | top1=64.54% | top2=88.46% | top3=98.56% | acc=64.29% | bal_acc=65.14% | macro_f1=0.6199 | qwk=0.7920 | mae=0.4407 | weighted_f1=0.6203 | precision_macro=0.6287 | recall_macro=0.6514
         ovr_roc_auc_macro=0.8861 | ovr_pr_auc_macro=0.7291
 Validation improved. Saved best model to /root/autodl-tmp/MedVisionLab/Knee/checkpoints/best_resnet50_knee_oa_kl_match_ce_resnet50_kl_match_ce_5seed_koa_baseline_kl_match_ce_seed4.pt (QWK=0.7920)

Epoch 10/60 | Time 0m 9s
  Train | loss=0.1303 | top1=74.82% | top2=93.66% | top3=99.40%
  Valid | loss=0.1932 | top1=66.09% | top2=87.86% | top3=97.24% | acc=65.98% | bal_acc=66.33% | macro_f1=0.6734 | qwk=0.7865 | mae=0.4262 | weighted_f1=0.6456 | precision_macro=0.7006 | recall_macro=0.6633
         ovr_roc_auc_macro=0.8848 | ovr_pr_auc_macro=0.7242
 No improvement. Bad epochs: 1/15

Epoch 11/60 | Time 0m 9s
  Train | loss=0.1220 | top1=76.04% | top2=94.25% | top3=99.59%
  Valid | loss=0.2109 | top1=60.89% | top2=85.79% | top3=96.39% | acc=60.77% | bal_acc=65.96% | macro_f1=0.6596 | qwk=0.7768 | mae=0.4576 | weighted_f1=0.6196 | precision_macro=0.6805 | recall_macro=0.6596
         ovr_roc_auc_macro=0.8797 | ovr_pr_auc_macro=0.7162
 No improvement. Bad epochs: 2/15

Epoch 12/60 | Time 0m 9s
  Train | loss=0.1083 | top1=78.83% | top2=95.58% | top3=99.74%
  Valid | loss=0.1993 | top1=64.67% | top2=88.70% | top3=97.96% | acc=64.53% | bal_acc=66.17% | macro_f1=0.6573 | qwk=0.7964 | mae=0.4298 | weighted_f1=0.6382 | precision_macro=0.6552 | recall_macro=0.6617
         ovr_roc_auc_macro=0.8798 | ovr_pr_auc_macro=0.7069
 Validation improved. Saved best model to /root/autodl-tmp/MedVisionLab/Knee/checkpoints/best_resnet50_knee_oa_kl_match_ce_resnet50_kl_match_ce_5seed_koa_baseline_kl_match_ce_seed4.pt (QWK=0.7964)

Epoch 13/60 | Time 0m 9s
  Train | loss=0.0999 | top1=80.19% | top2=96.38% | top3=99.74%
  Valid | loss=0.2083 | top1=64.56% | top2=85.70% | top3=97.00% | acc=64.53% | bal_acc=62.83% | macro_f1=0.6431 | qwk=0.7792 | mae=0.4419 | weighted_f1=0.6322 | precision_macro=0.6738 | recall_macro=0.6283
         ovr_roc_auc_macro=0.8754 | ovr_pr_auc_macro=0.7011
 No improvement. Bad epochs: 1/15

Epoch 14/60 | Time 0m 9s
  Train | loss=0.0949 | top1=81.44% | top2=96.60% | top3=99.79%
  Valid | loss=0.2031 | top1=64.91% | top2=87.38% | top3=97.72% | acc=64.77% | bal_acc=64.77% | macro_f1=0.6358 | qwk=0.7792 | mae=0.4431 | weighted_f1=0.6353 | precision_macro=0.6419 | recall_macro=0.6477
         ovr_roc_auc_macro=0.8800 | ovr_pr_auc_macro=0.6996
 No improvement. Bad epochs: 2/15

Epoch 15/60 | Time 0m 9s
  Train | loss=0.0886 | top1=83.32% | top2=97.10% | top3=99.78%
  Valid | loss=0.2029 | top1=65.10% | top2=88.41% | top3=98.56% | acc=65.01% | bal_acc=64.54% | macro_f1=0.6613 | qwk=0.8010 | mae=0.4128 | weighted_f1=0.6530 | precision_macro=0.6839 | recall_macro=0.6454
         ovr_roc_auc_macro=0.8761 | ovr_pr_auc_macro=0.7027
 Validation improved. Saved best model to /root/autodl-tmp/MedVisionLab/Knee/checkpoints/best_resnet50_knee_oa_kl_match_ce_resnet50_kl_match_ce_5seed_koa_baseline_kl_match_ce_seed4.pt (QWK=0.8010)

Epoch 16/60 | Time 0m 9s
  Train | loss=0.0744 | top1=85.65% | top2=98.12% | top3=99.97%
  Valid | loss=0.2127 | top1=64.67% | top2=87.32% | top3=97.60% | acc=64.53% | bal_acc=65.45% | macro_f1=0.6591 | qwk=0.7930 | mae=0.4286 | weighted_f1=0.6445 | precision_macro=0.6713 | recall_macro=0.6545
         ovr_roc_auc_macro=0.8744 | ovr_pr_auc_macro=0.6980
 No improvement. Bad epochs: 1/15

Epoch 17/60 | Time 0m 9s
  Train | loss=0.0686 | top1=87.47% | top2=98.26% | top3=99.90%
  Valid | loss=0.2301 | top1=60.16% | top2=86.51% | top3=98.20% | acc=59.93% | bal_acc=61.76% | macro_f1=0.6186 | qwk=0.7854 | mae=0.4637 | weighted_f1=0.6024 | precision_macro=0.6474 | recall_macro=0.6176
         ovr_roc_auc_macro=0.8626 | ovr_pr_auc_macro=0.6897
 No improvement. Bad epochs: 2/15

Epoch 18/60 | Time 0m 9s
  Train | loss=0.0626 | top1=88.82% | top2=98.72% | top3=100.00%
  Valid | loss=0.2187 | top1=67.10% | top2=87.62% | top3=98.20% | acc=66.95% | bal_acc=66.31% | macro_f1=0.6669 | qwk=0.8033 | mae=0.4068 | weighted_f1=0.6563 | precision_macro=0.6856 | recall_macro=0.6631
         ovr_roc_auc_macro=0.8714 | ovr_pr_auc_macro=0.7012
 Validation improved. Saved best model to /root/autodl-tmp/MedVisionLab/Knee/checkpoints/best_resnet50_knee_oa_kl_match_ce_resnet50_kl_match_ce_5seed_koa_baseline_kl_match_ce_seed4.pt (QWK=0.8033)

Epoch 19/60 | Time 0m 9s
  Train | loss=0.0537 | top1=90.78% | top2=98.95% | top3=99.95%
  Valid | loss=0.2262 | top1=62.48% | top2=86.75% | top3=98.44% | acc=62.35% | bal_acc=61.89% | macro_f1=0.6323 | qwk=0.7846 | mae=0.4504 | weighted_f1=0.6214 | precision_macro=0.6592 | recall_macro=0.6189
         ovr_roc_auc_macro=0.8659 | ovr_pr_auc_macro=0.6768
 No improvement. Bad epochs: 1/15

Epoch 20/60 | Time 0m 9s
  Train | loss=0.0510 | top1=91.57% | top2=99.07% | top3=99.98%
  Valid | loss=0.2143 | top1=65.45% | top2=86.87% | top3=97.24% | acc=65.25% | bal_acc=67.90% | macro_f1=0.6762 | qwk=0.7985 | mae=0.4177 | weighted_f1=0.6528 | precision_macro=0.6805 | recall_macro=0.6790
         ovr_roc_auc_macro=0.8755 | ovr_pr_auc_macro=0.7000
 No improvement. Bad epochs: 2/15

Epoch 21/60 | Time 0m 9s
  Train | loss=0.0444 | top1=93.15% | top2=99.31% | top3=99.95%
  Valid | loss=0.2118 | top1=64.43% | top2=88.58% | top3=97.36% | acc=64.29% | bal_acc=66.62% | macro_f1=0.6651 | qwk=0.7952 | mae=0.4237 | weighted_f1=0.6472 | precision_macro=0.6673 | recall_macro=0.6662
         ovr_roc_auc_macro=0.8797 | ovr_pr_auc_macro=0.7152
 No improvement. Bad epochs: 3/15

Epoch 22/60 | Time 0m 9s
  Train | loss=0.0409 | top1=93.64% | top2=99.52% | top3=100.00%
  Valid | loss=0.2264 | top1=60.25% | top2=84.59% | top3=96.63% | acc=60.05% | bal_acc=64.91% | macro_f1=0.6407 | qwk=0.7686 | mae=0.4697 | weighted_f1=0.6104 | precision_macro=0.6495 | recall_macro=0.6491
         ovr_roc_auc_macro=0.8693 | ovr_pr_auc_macro=0.6901
 No improvement. Bad epochs: 4/15

Epoch 23/60 | Time 0m 9s
  Train | loss=0.0389 | top1=94.23% | top2=99.50% | top3=99.98%
  Valid | loss=0.2260 | top1=62.39% | top2=84.86% | top3=96.88% | acc=62.23% | bal_acc=65.59% | macro_f1=0.6537 | qwk=0.7665 | mae=0.4613 | weighted_f1=0.6252 | precision_macro=0.6596 | recall_macro=0.6559
         ovr_roc_auc_macro=0.8722 | ovr_pr_auc_macro=0.6950
 No improvement. Bad epochs: 5/15

Epoch 24/60 | Time 0m 9s
  Train | loss=0.0342 | top1=95.13% | top2=99.71% | top3=99.98%
  Valid | loss=0.2293 | top1=62.95% | top2=84.62% | top3=96.63% | acc=62.71% | bal_acc=67.19% | macro_f1=0.6544 | qwk=0.7835 | mae=0.4467 | weighted_f1=0.6291 | precision_macro=0.6496 | recall_macro=0.6719
         ovr_roc_auc_macro=0.8706 | ovr_pr_auc_macro=0.6852
 No improvement. Bad epochs: 6/15

Epoch 25/60 | Time 0m 8s
  Train | loss=0.0311 | top1=96.03% | top2=99.71% | top3=99.97%
  Valid | loss=0.2115 | top1=64.67% | top2=87.02% | top3=97.48% | acc=64.53% | bal_acc=66.88% | macro_f1=0.6701 | qwk=0.7948 | mae=0.4225 | weighted_f1=0.6515 | precision_macro=0.6750 | recall_macro=0.6688
         ovr_roc_auc_macro=0.8783 | ovr_pr_auc_macro=0.6964
 No improvement. Bad epochs: 7/15

Epoch 26/60 | Time 0m 9s
  Train | loss=0.0278 | top1=96.45% | top2=99.72% | top3=100.00%
  Valid | loss=0.2109 | top1=64.86% | top2=87.35% | top3=97.36% | acc=64.77% | bal_acc=65.81% | macro_f1=0.6674 | qwk=0.7781 | mae=0.4370 | weighted_f1=0.6482 | precision_macro=0.6781 | recall_macro=0.6581
         ovr_roc_auc_macro=0.8759 | ovr_pr_auc_macro=0.6883
 No improvement. Bad epochs: 8/15

Epoch 27/60 | Time 0m 9s
  Train | loss=0.0244 | top1=97.31% | top2=99.76% | top3=99.98%
  Valid | loss=0.2158 | top1=63.92% | top2=87.95% | top3=98.08% | acc=63.80% | bal_acc=64.16% | macro_f1=0.6491 | qwk=0.7948 | mae=0.4334 | weighted_f1=0.6357 | precision_macro=0.6616 | recall_macro=0.6416
         ovr_roc_auc_macro=0.8728 | ovr_pr_auc_macro=0.6920
 No improvement. Bad epochs: 9/15

Epoch 28/60 | Time 0m 9s
  Train | loss=0.0238 | top1=97.07% | top2=99.84% | top3=99.98%
  Valid | loss=0.2135 | top1=63.08% | top2=87.90% | top3=97.36% | acc=62.95% | bal_acc=62.32% | macro_f1=0.6419 | qwk=0.7768 | mae=0.4504 | weighted_f1=0.6235 | precision_macro=0.6707 | recall_macro=0.6232
         ovr_roc_auc_macro=0.8709 | ovr_pr_auc_macro=0.6924
 No improvement. Bad epochs: 10/15

Epoch 29/60 | Time 0m 9s
  Train | loss=0.0225 | top1=97.44% | top2=99.79% | top3=99.98%
  Valid | loss=0.2299 | top1=60.83% | top2=85.67% | top3=97.00% | acc=60.65% | bal_acc=64.31% | macro_f1=0.6390 | qwk=0.7690 | mae=0.4709 | weighted_f1=0.6119 | precision_macro=0.6408 | recall_macro=0.6431
         ovr_roc_auc_macro=0.8669 | ovr_pr_auc_macro=0.6791
 No improvement. Bad epochs: 11/15

Epoch 30/60 | Time 0m 9s
  Train | loss=0.0195 | top1=97.88% | top2=99.86% | top3=99.98%
  Valid | loss=0.2242 | top1=62.93% | top2=86.75% | top3=97.48% | acc=62.71% | bal_acc=65.10% | macro_f1=0.6498 | qwk=0.7844 | mae=0.4479 | weighted_f1=0.6284 | precision_macro=0.6581 | recall_macro=0.6510
         ovr_roc_auc_macro=0.8683 | ovr_pr_auc_macro=0.6854
 No improvement. Bad epochs: 12/15

Epoch 31/60 | Time 0m 9s
  Train | loss=0.0181 | top1=97.85% | top2=99.93% | top3=100.00%
  Valid | loss=0.2191 | top1=61.46% | top2=86.48% | top3=97.48% | acc=61.26% | bal_acc=63.15% | macro_f1=0.6398 | qwk=0.7789 | mae=0.4588 | weighted_f1=0.6171 | precision_macro=0.6619 | recall_macro=0.6315
         ovr_roc_auc_macro=0.8652 | ovr_pr_auc_macro=0.6862
 No improvement. Bad epochs: 13/15

Epoch 32/60 | Time 0m 9s
  Train | loss=0.0156 | top1=98.60% | top2=99.86% | top3=99.98%
  Valid | loss=0.2189 | top1=62.54% | top2=87.32% | top3=98.08% | acc=62.35% | bal_acc=64.30% | macro_f1=0.6526 | qwk=0.7810 | mae=0.4492 | weighted_f1=0.6285 | precision_macro=0.6731 | recall_macro=0.6430
         ovr_roc_auc_macro=0.8709 | ovr_pr_auc_macro=0.6926
 No improvement. Bad epochs: 14/15

Epoch 33/60 | Time 0m 9s
  Train | loss=0.0155 | top1=98.41% | top2=99.91% | top3=99.98%
  Valid | loss=0.2109 | top1=61.21% | top2=87.56% | top3=98.20% | acc=61.02% | bal_acc=64.04% | macro_f1=0.6402 | qwk=0.7882 | mae=0.4564 | weighted_f1=0.6144 | precision_macro=0.6431 | recall_macro=0.6404
         ovr_roc_auc_macro=0.8701 | ovr_pr_auc_macro=0.6918
 No improvement. Bad epochs: 15/15
Early stopping triggered.
 Training stopped early at epoch 33.

Loading best model and evaluating on test set...
Best validation QWK: 0.8033

Test | loss=0.1906 | top1=67.81% | top2=89.54% | top3=99.10% | acc=67.69% | bal_acc=66.13% | macro_f1=0.6707 | qwk=0.8233 | mae=0.3859 | weighted_f1=0.6598 | precision_macro=0.6928 | recall_macro=0.6613
     ovr_roc_auc_macro=0.8943 | ovr_pr_auc_macro=0.7292

Confusion Matrix:
[[578  48  13   0   0]
 [167  67  60   2   0]
 [ 80  80 271  16   0]
 [  1   7  47 162   6]
 [  0   0   0   8  43]]

Classification Report:
              precision    recall  f1-score   support

    0_Normal     0.6998    0.9045    0.7891       639
  1_Doubtful     0.3317    0.2264    0.2691       296
      2_Mild     0.6931    0.6063    0.6468       447
  3_Moderate     0.8617    0.7265    0.7883       223
    4_Severe     0.8776    0.8431    0.8600        51

    accuracy                         0.6769      1656
   macro avg     0.6928    0.6613    0.6707      1656
weighted avg     0.6595    0.6769    0.6598      1656


Evaluating on auto_test set...

AutoTest | loss=0.1895 | top1=67.87% | top2=89.58% | top3=99.15% | acc=67.69% | bal_acc=66.32% | macro_f1=0.6696 | qwk=0.8222 | mae=0.3840 | weighted_f1=0.6634 | precision_macro=0.6897 | recall_macro=0.6632
Summary CSV saved: /root/autodl-tmp/MedVisionLab/Knee/logs/ResNet_baseline_loss_compare_kl_match_ce_resnet50_kl_match_ce_5seed_koa_baseline_kl_match_ce_seed4_20260808_151854_summary.csv
Checkpoint saved: /root/autodl-tmp/MedVisionLab/Knee/checkpoints/best_resnet50_knee_oa_kl_match_ce_resnet50_kl_match_ce_5seed_koa_baseline_kl_match_ce_seed4.pt

Knee Osteoarthritis ResNet50 loss comparison (kl_match_ce) completed!
