COMMAND: /root/miniconda3/envs/medvision/bin/python -u /root/autodl-tmp/MedVisionLab/tools/run_training_with_mecsb.py --variant median --script /root/autodl-tmp/MedVisionLab/Alzheimer_MRI_Loss/ResNet_layer3+MECS.py
==========================================================================================
==========================================================================================
Injected attention module: MECS_VersionB
Routing representation    : median-anchored dynamic router
Original training script : /root/autodl-tmp/MedVisionLab/Alzheimer_MRI_Loss/ResNet_layer3+MECS.py
Dataset                  : ADNI
Insert after             : layer3
MESC channels            : 1024
Original source modified : no
==========================================================================================
==========================================================================================
Script: ResNet_layer3+MECS
Run tag: resnet50_dasl_5seed_adni_mesc_dasl_seed9
Module: MECS_VersionB | Insert after: layer3
Device: cuda
CUDA: NVIDIA GeForce RTX 4090
Data root: /root/autodl-tmp/Augmented_Alzheimer_MRI/OriginalDataset
Class order: ['NonDemented', 'VeryMildDemented', 'MildDemented', 'ModerateDemented'] (used for labels/QWK/MAE/ordinal losses)
Config | seed=9, batch_size=32, epochs=60, num_workers=2, image_size=224, base_lr=0.0001, test_ratio=0.2, val_ratio_within_train=0.1, patience=15
Optimizer LR divisors | conv1=/10, bn1=/10, layer1=/8, layer2=/6, layer3=/4, inserted_module=/3, layer4=/2, fc=/1
Losses to run: ['dasl']
==========================================================================================
Split sizes | train=4608, valid=512, test=1280
Classes (4): ['NonDemented', 'VeryMildDemented', 'MildDemented', 'ModerateDemented']
Train class counts: [2304, 1613, 645, 46]
Valid class counts: [256, 179, 72, 5]
Test class counts : [640, 448, 179, 13]
Loading torchvision ResNet50 pretrained weights once...
Pretrained state keys: 320

##########################################################################################
Starting loss: dasl
##########################################################################################
Model params: 27,303,248 | pretrained loaded: 320/346 | feat_dim=2048
Criterion: DistanceAwareSeverityLoss
Criterion trainable params: 0
Optimizer max LRs | conv1=1e-05, bn1=1e-05, layer1=1.25e-05, layer2=1.6666667e-05, layer3=2.5e-05, inserted_module=3.3333333e-05, layer4=5e-05, fc=0.0001
Epoch 01/60 | Time 0m9s
  Train | loss=1.8440 | top1=42.84% | top2=76.82% | top3=93.40%
  Valid | loss=1.7354 | top1=51.17% | top2=84.96% | top3=99.02% | acc=51.17% | bal_acc=26.05% | macro_f1=0.1952 | weighted_f1=0.3735 | precision_macro=0.2885 | recall_macro=0.2605 | qwk=0.0070 | mae=0.6465
        ovr_roc_auc_macro=0.5409 | ovr_pr_auc_macro=0.2878
  -> best macro_f1 updated to 0.1952 (epoch 1)
Epoch 02/60 | Time 0m8s
  Train | loss=1.5587 | top1=50.52% | top2=85.00% | top3=98.98%
  Valid | loss=1.4085 | top1=50.00% | top2=84.96% | top3=99.02% | acc=50.00% | bal_acc=25.00% | macro_f1=0.1667 | weighted_f1=0.3333 | precision_macro=0.1250 | recall_macro=0.2500 | qwk=0.0000 | mae=0.6602
        ovr_roc_auc_macro=0.6118 | ovr_pr_auc_macro=0.3416
Epoch 03/60 | Time 0m8s
  Train | loss=1.3440 | top1=50.35% | top2=85.00% | top3=99.00%
  Valid | loss=1.2950 | top1=50.78% | top2=84.96% | top3=99.02% | acc=50.78% | bal_acc=25.81% | macro_f1=0.1920 | weighted_f1=0.3686 | precision_macro=0.2733 | recall_macro=0.2581 | qwk=0.0031 | mae=0.6504
        ovr_roc_auc_macro=0.6938 | ovr_pr_auc_macro=0.3759
Epoch 04/60 | Time 0m8s
  Train | loss=1.2374 | top1=55.06% | top2=85.00% | top3=99.00%
  Valid | loss=1.2039 | top1=57.42% | top2=84.96% | top3=99.02% | acc=57.42% | bal_acc=33.46% | macro_f1=0.3064 | weighted_f1=0.5331 | precision_macro=0.2853 | recall_macro=0.3346 | qwk=0.3388 | mae=0.4688
        ovr_roc_auc_macro=0.7433 | ovr_pr_auc_macro=0.4159
  -> best macro_f1 updated to 0.3064 (epoch 4)
Epoch 05/60 | Time 0m8s
  Train | loss=1.1407 | top1=57.86% | top2=85.70% | top3=99.00%
  Valid | loss=1.1086 | top1=58.01% | top2=87.11% | top3=99.02% | acc=58.01% | bal_acc=34.13% | macro_f1=0.3116 | weighted_f1=0.5417 | precision_macro=0.2941 | recall_macro=0.3413 | qwk=0.3956 | mae=0.4473
        ovr_roc_auc_macro=0.7618 | ovr_pr_auc_macro=0.4463
  -> best macro_f1 updated to 0.3116 (epoch 5)
Epoch 06/60 | Time 0m8s
  Train | loss=1.0765 | top1=59.61% | top2=87.41% | top3=99.00%
  Valid | loss=1.0769 | top1=59.18% | top2=88.09% | top3=99.02% | acc=59.18% | bal_acc=33.83% | macro_f1=0.3108 | weighted_f1=0.5445 | precision_macro=0.2875 | recall_macro=0.3383 | qwk=0.3794 | mae=0.4512
        ovr_roc_auc_macro=0.8015 | ovr_pr_auc_macro=0.4573
Epoch 07/60 | Time 0m8s
  Train | loss=1.0215 | top1=61.85% | top2=88.85% | top3=99.00%
  Valid | loss=1.0096 | top1=62.30% | top2=89.06% | top3=99.02% | acc=62.30% | bal_acc=38.78% | macro_f1=0.3756 | weighted_f1=0.6020 | precision_macro=0.4724 | recall_macro=0.3878 | qwk=0.5078 | mae=0.3906
        ovr_roc_auc_macro=0.8361 | ovr_pr_auc_macro=0.4800
  -> best macro_f1 updated to 0.3756 (epoch 7)
Epoch 08/60 | Time 0m8s
  Train | loss=0.9695 | top1=64.89% | top2=90.17% | top3=99.00%
  Valid | loss=1.0444 | top1=60.74% | top2=89.65% | top3=99.02% | acc=60.74% | bal_acc=37.51% | macro_f1=0.3811 | weighted_f1=0.5727 | precision_macro=0.4440 | recall_macro=0.3751 | qwk=0.3926 | mae=0.4629
        ovr_roc_auc_macro=0.8332 | ovr_pr_auc_macro=0.4814
  -> best macro_f1 updated to 0.3811 (epoch 8)
Epoch 09/60 | Time 0m8s
  Train | loss=0.8886 | top1=68.49% | top2=91.97% | top3=99.00%
  Valid | loss=1.0400 | top1=61.33% | top2=88.67% | top3=99.02% | acc=61.33% | bal_acc=44.70% | macro_f1=0.4371 | weighted_f1=0.6139 | precision_macro=0.4801 | recall_macro=0.4470 | qwk=0.5107 | mae=0.4160
        ovr_roc_auc_macro=0.8616 | ovr_pr_auc_macro=0.5633
  -> best macro_f1 updated to 0.4371 (epoch 9)
Epoch 10/60 | Time 0m8s
  Train | loss=0.7997 | top1=72.68% | top2=92.77% | top3=99.09%
  Valid | loss=0.8769 | top1=70.90% | top2=92.38% | top3=99.02% | acc=70.90% | bal_acc=48.23% | macro_f1=0.4928 | weighted_f1=0.7010 | precision_macro=0.5209 | recall_macro=0.4823 | qwk=0.5989 | mae=0.3262
        ovr_roc_auc_macro=0.8859 | ovr_pr_auc_macro=0.6078
  -> best macro_f1 updated to 0.4928 (epoch 10)
Epoch 11/60 | Time 0m8s
  Train | loss=0.7311 | top1=75.24% | top2=94.01% | top3=99.24%
  Valid | loss=0.7737 | top1=73.83% | top2=91.80% | top3=99.41% | acc=73.83% | bal_acc=53.14% | macro_f1=0.5277 | weighted_f1=0.7323 | precision_macro=0.5255 | recall_macro=0.5314 | qwk=0.6770 | mae=0.2930
        ovr_roc_auc_macro=0.9132 | ovr_pr_auc_macro=0.6980
  -> best macro_f1 updated to 0.5277 (epoch 11)
Epoch 12/60 | Time 0m8s
  Train | loss=0.6162 | top1=80.14% | top2=95.64% | top3=99.65%
  Valid | loss=0.7026 | top1=77.73% | top2=95.51% | top3=99.80% | acc=77.73% | bal_acc=58.97% | macro_f1=0.5768 | weighted_f1=0.7725 | precision_macro=0.5671 | recall_macro=0.5897 | qwk=0.7493 | mae=0.2422
        ovr_roc_auc_macro=0.9302 | ovr_pr_auc_macro=0.7418
  -> best macro_f1 updated to 0.5768 (epoch 12)
Epoch 13/60 | Time 0m8s
  Train | loss=0.5261 | top1=82.44% | top2=97.09% | top3=99.85%
  Valid | loss=0.5892 | top1=80.47% | top2=96.88% | top3=99.41% | acc=80.47% | bal_acc=59.17% | macro_f1=0.5935 | weighted_f1=0.7990 | precision_macro=0.5964 | recall_macro=0.5917 | qwk=0.7536 | mae=0.2188
        ovr_roc_auc_macro=0.9496 | ovr_pr_auc_macro=0.8362
  -> best macro_f1 updated to 0.5935 (epoch 13)
Epoch 14/60 | Time 0m8s
  Train | loss=0.4556 | top1=85.11% | top2=97.68% | top3=99.80%
  Valid | loss=0.6064 | top1=81.45% | top2=94.73% | top3=99.41% | acc=81.45% | bal_acc=73.51% | macro_f1=0.7090 | weighted_f1=0.8171 | precision_macro=0.6955 | recall_macro=0.7351 | qwk=0.7892 | mae=0.2070
        ovr_roc_auc_macro=0.9586 | ovr_pr_auc_macro=0.8276
  -> best macro_f1 updated to 0.7090 (epoch 14)
Epoch 15/60 | Time 0m8s
  Train | loss=0.3574 | top1=88.93% | top2=98.59% | top3=99.98%
  Valid | loss=0.4753 | top1=85.16% | top2=97.46% | top3=99.80% | acc=85.16% | bal_acc=74.11% | macro_f1=0.7485 | weighted_f1=0.8499 | precision_macro=0.7603 | recall_macro=0.7411 | qwk=0.8341 | mae=0.1621
        ovr_roc_auc_macro=0.9690 | ovr_pr_auc_macro=0.8711
  -> best macro_f1 updated to 0.7485 (epoch 15)
Epoch 16/60 | Time 0m8s
  Train | loss=0.2922 | top1=91.25% | top2=99.31% | top3=99.96%
  Valid | loss=0.4785 | top1=85.35% | top2=97.27% | top3=99.61% | acc=85.35% | bal_acc=82.48% | macro_f1=0.8302 | weighted_f1=0.8546 | precision_macro=0.8411 | recall_macro=0.8248 | qwk=0.8125 | mae=0.1641
        ovr_roc_auc_macro=0.9699 | ovr_pr_auc_macro=0.9130
  -> best macro_f1 updated to 0.8302 (epoch 16)
Epoch 17/60 | Time 0m8s
  Train | loss=0.2548 | top1=92.06% | top2=99.50% | top3=100.00%
  Valid | loss=0.5052 | top1=84.77% | top2=96.88% | top3=100.00% | acc=84.77% | bal_acc=84.77% | macro_f1=0.8422 | weighted_f1=0.8494 | precision_macro=0.8476 | recall_macro=0.8477 | qwk=0.8283 | mae=0.1641
        ovr_roc_auc_macro=0.9801 | ovr_pr_auc_macro=0.9512
  -> best macro_f1 updated to 0.8422 (epoch 17)
Epoch 18/60 | Time 0m8s
  Train | loss=0.2153 | top1=93.75% | top2=99.41% | top3=99.98%
  Valid | loss=0.3235 | top1=91.41% | top2=99.61% | top3=99.80% | acc=91.41% | bal_acc=94.53% | macro_f1=0.9137 | weighted_f1=0.9143 | precision_macro=0.8875 | recall_macro=0.9453 | qwk=0.9051 | mae=0.0938
        ovr_roc_auc_macro=0.9856 | ovr_pr_auc_macro=0.9755
  -> best macro_f1 updated to 0.9137 (epoch 18)
Epoch 19/60 | Time 0m8s
  Train | loss=0.1794 | top1=94.66% | top2=99.52% | top3=100.00%
  Valid | loss=0.3870 | top1=89.45% | top2=98.24% | top3=100.00% | acc=89.45% | bal_acc=93.35% | macro_f1=0.8745 | weighted_f1=0.8953 | precision_macro=0.8334 | recall_macro=0.9335 | qwk=0.8387 | mae=0.1348
        ovr_roc_auc_macro=0.9825 | ovr_pr_auc_macro=0.9653
Epoch 20/60 | Time 0m8s
  Train | loss=0.1694 | top1=94.88% | top2=99.54% | top3=100.00%
  Valid | loss=0.2435 | top1=92.19% | top2=99.41% | top3=100.00% | acc=92.19% | bal_acc=93.38% | macro_f1=0.9190 | weighted_f1=0.9220 | precision_macro=0.9093 | recall_macro=0.9338 | qwk=0.9248 | mae=0.0801
        ovr_roc_auc_macro=0.9904 | ovr_pr_auc_macro=0.9848
  -> best macro_f1 updated to 0.9190 (epoch 20)
Epoch 21/60 | Time 0m8s
  Train | loss=0.1357 | top1=96.33% | top2=99.80% | top3=100.00%
  Valid | loss=0.2768 | top1=91.99% | top2=99.80% | top3=100.00% | acc=91.99% | bal_acc=93.58% | macro_f1=0.9196 | weighted_f1=0.9208 | precision_macro=0.9104 | recall_macro=0.9358 | qwk=0.9275 | mae=0.0801
        ovr_roc_auc_macro=0.9891 | ovr_pr_auc_macro=0.9841
  -> best macro_f1 updated to 0.9196 (epoch 21)
Epoch 22/60 | Time 0m8s
  Train | loss=0.1169 | top1=96.70% | top2=99.76% | top3=100.00%
  Valid | loss=0.2535 | top1=93.95% | top2=99.22% | top3=100.00% | acc=93.95% | bal_acc=93.81% | macro_f1=0.9085 | weighted_f1=0.9395 | precision_macro=0.8941 | recall_macro=0.9381 | qwk=0.9352 | mae=0.0645
        ovr_roc_auc_macro=0.9897 | ovr_pr_auc_macro=0.9701
Epoch 23/60 | Time 0m8s
  Train | loss=0.1088 | top1=96.96% | top2=99.78% | top3=100.00%
  Valid | loss=0.2769 | top1=92.97% | top2=99.80% | top3=100.00% | acc=92.97% | bal_acc=95.61% | macro_f1=0.9267 | weighted_f1=0.9299 | precision_macro=0.9026 | recall_macro=0.9561 | qwk=0.9178 | mae=0.0781
        ovr_roc_auc_macro=0.9890 | ovr_pr_auc_macro=0.9831
  -> best macro_f1 updated to 0.9267 (epoch 23)
Epoch 24/60 | Time 0m8s
  Train | loss=0.1078 | top1=96.79% | top2=99.80% | top3=100.00%
  Valid | loss=0.2568 | top1=93.16% | top2=99.61% | top3=100.00% | acc=93.16% | bal_acc=92.83% | macro_f1=0.8998 | weighted_f1=0.9313 | precision_macro=0.8869 | recall_macro=0.9283 | qwk=0.9175 | mae=0.0762
        ovr_roc_auc_macro=0.9913 | ovr_pr_auc_macro=0.9784
Epoch 25/60 | Time 0m8s
  Train | loss=0.0757 | top1=97.85% | top2=99.93% | top3=100.00%
  Valid | loss=0.2398 | top1=94.92% | top2=99.41% | top3=100.00% | acc=94.92% | bal_acc=95.67% | macro_f1=0.9205 | weighted_f1=0.9495 | precision_macro=0.8971 | recall_macro=0.9567 | qwk=0.9395 | mae=0.0566
        ovr_roc_auc_macro=0.9908 | ovr_pr_auc_macro=0.9855
Epoch 26/60 | Time 0m8s
  Train | loss=0.0825 | top1=97.92% | top2=99.91% | top3=100.00%
  Valid | loss=0.1946 | top1=94.92% | top2=100.00% | top3=100.00% | acc=94.92% | bal_acc=96.33% | macro_f1=0.9379 | weighted_f1=0.9491 | precision_macro=0.9168 | recall_macro=0.9633 | qwk=0.9408 | mae=0.0566
        ovr_roc_auc_macro=0.9927 | ovr_pr_auc_macro=0.9901
  -> best macro_f1 updated to 0.9379 (epoch 26)
Epoch 27/60 | Time 0m8s
  Train | loss=0.0538 | top1=98.35% | top2=99.96% | top3=100.00%
  Valid | loss=0.1738 | top1=95.51% | top2=99.61% | top3=99.80% | acc=95.51% | bal_acc=95.80% | macro_f1=0.9421 | weighted_f1=0.9552 | precision_macro=0.9315 | recall_macro=0.9580 | qwk=0.9491 | mae=0.0488
        ovr_roc_auc_macro=0.9942 | ovr_pr_auc_macro=0.9918
  -> best macro_f1 updated to 0.9421 (epoch 27)
Epoch 28/60 | Time 0m8s
  Train | loss=0.0693 | top1=98.03% | top2=99.91% | top3=100.00%
  Valid | loss=0.1730 | top1=96.29% | top2=99.80% | top3=100.00% | acc=96.29% | bal_acc=96.98% | macro_f1=0.9493 | weighted_f1=0.9629 | precision_macro=0.9327 | recall_macro=0.9698 | qwk=0.9622 | mae=0.0391
        ovr_roc_auc_macro=0.9936 | ovr_pr_auc_macro=0.9913
  -> best macro_f1 updated to 0.9493 (epoch 28)
Epoch 29/60 | Time 0m8s
  Train | loss=0.0469 | top1=98.78% | top2=99.98% | top3=100.00%
  Valid | loss=0.2034 | top1=95.31% | top2=99.41% | top3=99.80% | acc=95.31% | bal_acc=95.82% | macro_f1=0.8951 | weighted_f1=0.9541 | precision_macro=0.8646 | recall_macro=0.9582 | qwk=0.9354 | mae=0.0547
        ovr_roc_auc_macro=0.9943 | ovr_pr_auc_macro=0.9919
Epoch 30/60 | Time 0m8s
  Train | loss=0.0549 | top1=98.57% | top2=99.93% | top3=100.00%
  Valid | loss=0.1522 | top1=96.29% | top2=99.61% | top3=99.80% | acc=96.29% | bal_acc=97.35% | macro_f1=0.9731 | weighted_f1=0.9629 | precision_macro=0.9728 | recall_macro=0.9735 | qwk=0.9515 | mae=0.0430
        ovr_roc_auc_macro=0.9948 | ovr_pr_auc_macro=0.9929
  -> best macro_f1 updated to 0.9731 (epoch 30)
Epoch 31/60 | Time 0m8s
  Train | loss=0.0480 | top1=98.50% | top2=99.96% | top3=100.00%
  Valid | loss=0.2172 | top1=94.34% | top2=99.61% | top3=100.00% | acc=94.34% | bal_acc=96.04% | macro_f1=0.9390 | weighted_f1=0.9440 | precision_macro=0.9241 | recall_macro=0.9604 | qwk=0.9491 | mae=0.0566
        ovr_roc_auc_macro=0.9960 | ovr_pr_auc_macro=0.9947
Epoch 32/60 | Time 0m8s
  Train | loss=0.0444 | top1=98.96% | top2=99.98% | top3=99.98%
  Valid | loss=0.1294 | top1=97.27% | top2=100.00% | top3=100.00% | acc=97.27% | bal_acc=97.55% | macro_f1=0.9566 | weighted_f1=0.9727 | precision_macro=0.9419 | recall_macro=0.9755 | qwk=0.9656 | mae=0.0312
        ovr_roc_auc_macro=0.9970 | ovr_pr_auc_macro=0.9951
Epoch 33/60 | Time 0m8s
  Train | loss=0.0319 | top1=99.15% | top2=100.00% | top3=100.00%
  Valid | loss=0.1557 | top1=96.68% | top2=99.80% | top3=100.00% | acc=96.68% | bal_acc=97.75% | macro_f1=0.9775 | weighted_f1=0.9668 | precision_macro=0.9775 | recall_macro=0.9775 | qwk=0.9654 | mae=0.0352
        ovr_roc_auc_macro=0.9951 | ovr_pr_auc_macro=0.9929
  -> best macro_f1 updated to 0.9775 (epoch 33)
Epoch 34/60 | Time 0m8s
  Train | loss=0.0306 | top1=99.13% | top2=99.96% | top3=100.00%
  Valid | loss=0.1832 | top1=95.51% | top2=100.00% | top3=100.00% | acc=95.51% | bal_acc=96.84% | macro_f1=0.9461 | weighted_f1=0.9554 | precision_macro=0.9285 | recall_macro=0.9684 | qwk=0.9549 | mae=0.0469
        ovr_roc_auc_macro=0.9957 | ovr_pr_auc_macro=0.9941
Epoch 35/60 | Time 0m8s
  Train | loss=0.0505 | top1=98.50% | top2=100.00% | top3=100.00%
  Valid | loss=0.1378 | top1=96.29% | top2=100.00% | top3=100.00% | acc=96.29% | bal_acc=97.10% | macro_f1=0.9484 | weighted_f1=0.9630 | precision_macro=0.9296 | recall_macro=0.9710 | qwk=0.9571 | mae=0.0410
        ovr_roc_auc_macro=0.9960 | ovr_pr_auc_macro=0.9939
Epoch 36/60 | Time 0m8s
  Train | loss=0.0300 | top1=99.28% | top2=100.00% | top3=100.00%
  Valid | loss=0.0851 | top1=98.24% | top2=100.00% | top3=100.00% | acc=98.24% | bal_acc=98.45% | macro_f1=0.9650 | weighted_f1=0.9825 | precision_macro=0.9493 | recall_macro=0.9845 | qwk=0.9793 | mae=0.0195
        ovr_roc_auc_macro=0.9983 | ovr_pr_auc_macro=0.9978
Epoch 37/60 | Time 0m8s
  Train | loss=0.0279 | top1=99.33% | top2=99.96% | top3=100.00%
  Valid | loss=0.1343 | top1=97.07% | top2=100.00% | top3=100.00% | acc=97.07% | bal_acc=97.37% | macro_f1=0.9542 | weighted_f1=0.9708 | precision_macro=0.9389 | recall_macro=0.9737 | qwk=0.9636 | mae=0.0332
        ovr_roc_auc_macro=0.9963 | ovr_pr_auc_macro=0.9951
Epoch 38/60 | Time 0m8s
  Train | loss=0.0181 | top1=99.50% | top2=100.00% | top3=100.00%
  Valid | loss=0.1315 | top1=97.66% | top2=100.00% | top3=100.00% | acc=97.66% | bal_acc=97.91% | macro_f1=0.9601 | weighted_f1=0.9766 | precision_macro=0.9452 | recall_macro=0.9791 | qwk=0.9741 | mae=0.0254
        ovr_roc_auc_macro=0.9956 | ovr_pr_auc_macro=0.9944
Epoch 39/60 | Time 0m8s
  Train | loss=0.0216 | top1=99.41% | top2=99.96% | top3=100.00%
  Valid | loss=0.1247 | top1=97.07% | top2=100.00% | top3=100.00% | acc=97.07% | bal_acc=97.33% | macro_f1=0.9553 | weighted_f1=0.9708 | precision_macro=0.9415 | recall_macro=0.9733 | qwk=0.9688 | mae=0.0312
        ovr_roc_auc_macro=0.9967 | ovr_pr_auc_macro=0.9957
Epoch 40/60 | Time 0m8s
  Train | loss=0.0192 | top1=99.54% | top2=100.00% | top3=100.00%
  Valid | loss=0.1161 | top1=97.46% | top2=100.00% | top3=100.00% | acc=97.46% | bal_acc=97.52% | macro_f1=0.9576 | weighted_f1=0.9747 | precision_macro=0.9442 | recall_macro=0.9752 | qwk=0.9723 | mae=0.0273
        ovr_roc_auc_macro=0.9965 | ovr_pr_auc_macro=0.9955
Epoch 41/60 | Time 0m8s
  Train | loss=0.0153 | top1=99.65% | top2=99.98% | top3=100.00%
  Valid | loss=0.1004 | top1=97.85% | top2=100.00% | top3=100.00% | acc=97.85% | bal_acc=97.97% | macro_f1=0.9613 | weighted_f1=0.9786 | precision_macro=0.9469 | recall_macro=0.9797 | qwk=0.9758 | mae=0.0234
        ovr_roc_auc_macro=0.9974 | ovr_pr_auc_macro=0.9968
Epoch 42/60 | Time 0m8s
  Train | loss=0.0132 | top1=99.65% | top2=100.00% | top3=100.00%
  Valid | loss=0.1211 | top1=97.66% | top2=99.80% | top3=100.00% | acc=97.66% | bal_acc=98.03% | macro_f1=0.9614 | weighted_f1=0.9766 | precision_macro=0.9464 | recall_macro=0.9803 | qwk=0.9742 | mae=0.0254
        ovr_roc_auc_macro=0.9968 | ovr_pr_auc_macro=0.9958
Epoch 43/60 | Time 0m8s
  Train | loss=0.0155 | top1=99.65% | top2=99.98% | top3=100.00%
  Valid | loss=0.1086 | top1=97.46% | top2=100.00% | top3=100.00% | acc=97.46% | bal_acc=97.98% | macro_f1=0.9602 | weighted_f1=0.9747 | precision_macro=0.9445 | recall_macro=0.9798 | qwk=0.9724 | mae=0.0273
        ovr_roc_auc_macro=0.9973 | ovr_pr_auc_macro=0.9876
Epoch 44/60 | Time 0m8s
  Train | loss=0.0108 | top1=99.72% | top2=100.00% | top3=100.00%
  Valid | loss=0.1202 | top1=97.07% | top2=100.00% | top3=100.00% | acc=97.07% | bal_acc=98.08% | macro_f1=0.9590 | weighted_f1=0.9708 | precision_macro=0.9411 | recall_macro=0.9808 | qwk=0.9741 | mae=0.0293
        ovr_roc_auc_macro=0.9975 | ovr_pr_auc_macro=0.9967
Epoch 45/60 | Time 0m8s
  Train | loss=0.0179 | top1=99.46% | top2=100.00% | top3=100.00%
  Valid | loss=0.0939 | top1=97.66% | top2=100.00% | top3=100.00% | acc=97.66% | bal_acc=97.87% | macro_f1=0.9601 | weighted_f1=0.9766 | precision_macro=0.9455 | recall_macro=0.9787 | qwk=0.9741 | mae=0.0254
        ovr_roc_auc_macro=0.9976 | ovr_pr_auc_macro=0.9969
Epoch 46/60 | Time 0m8s
  Train | loss=0.0085 | top1=99.78% | top2=100.00% | top3=100.00%
  Valid | loss=0.0977 | top1=98.44% | top2=100.00% | top3=100.00% | acc=98.44% | bal_acc=98.55% | macro_f1=0.9661 | weighted_f1=0.9844 | precision_macro=0.9507 | recall_macro=0.9855 | qwk=0.9811 | mae=0.0176
        ovr_roc_auc_macro=0.9972 | ovr_pr_auc_macro=0.9960
Epoch 47/60 | Time 0m8s
  Train | loss=0.0065 | top1=99.87% | top2=100.00% | top3=100.00%
  Valid | loss=0.1103 | top1=98.05% | top2=99.80% | top3=100.00% | acc=98.05% | bal_acc=98.23% | macro_f1=0.9637 | weighted_f1=0.9805 | precision_macro=0.9493 | recall_macro=0.9823 | qwk=0.9777 | mae=0.0215
        ovr_roc_auc_macro=0.9974 | ovr_pr_auc_macro=0.9967
Epoch 48/60 | Time 0m8s
  Train | loss=0.0067 | top1=99.87% | top2=100.00% | top3=100.00%
  Valid | loss=0.1168 | top1=98.05% | top2=99.80% | top3=100.00% | acc=98.05% | bal_acc=98.23% | macro_f1=0.9637 | weighted_f1=0.9805 | precision_macro=0.9493 | recall_macro=0.9823 | qwk=0.9777 | mae=0.0215
        ovr_roc_auc_macro=0.9973 | ovr_pr_auc_macro=0.9964
  -> early stopping triggered at epoch 48

[TEST] loss=dasl
  Test | loss=0.0852 | top1=97.58% | top2=99.84% | top3=100.00% | acc=97.58% | bal_acc=98.29% | macro_f1=0.9730 | weighted_f1=0.9758 | precision_macro=0.9638 | recall_macro=0.9829 | qwk=0.9745 | mae=0.0258
        ovr_roc_auc_macro=0.9988 | ovr_pr_auc_macro=0.9978

==========================================================================================
Summary CSV saved: /root/autodl-tmp/MedVisionLab/Alzheimer_MRI_Loss/logs/ResNet_layer3+MECS_resnet50_dasl_5seed_adni_mesc_dasl_seed9_20260808_131828_summary.csv
Top results by test_macro_f1:
  dasl: macro_f1=0.9730, acc=97.58%, bal_acc=98.29%
Log file saved: /root/autodl-tmp/MedVisionLab/Alzheimer_MRI_Loss/logs/ResNet_layer3+MECS_resnet50_dasl_5seed_adni_mesc_dasl_seed9_20260808_131828.log
==========================================================================================
