COMMAND: /root/miniconda3/envs/medvision/bin/python -u /root/autodl-tmp/MedVisionLab/tools/run_training_with_mecsb.py --variant median --script /root/autodl-tmp/MedVisionLab/Alzheimer_MRI_Loss/ResNet_layer3+MECS.py
==========================================================================================
==========================================================================================
Injected attention module: MECS_VersionB
Routing representation    : median-anchored dynamic router
Original training script : /root/autodl-tmp/MedVisionLab/Alzheimer_MRI_Loss/ResNet_layer3+MECS.py
Dataset                  : ADNI
Insert after             : layer3
MESC channels            : 1024
Original source modified : no
==========================================================================================
==========================================================================================
Script: ResNet_layer3+MECS
Run tag: resnet50_dasl_5seed_adni_mesc_dasl_seed6
Module: MECS_VersionB | Insert after: layer3
Device: cuda
CUDA: NVIDIA GeForce RTX 4090
Data root: /root/autodl-tmp/Augmented_Alzheimer_MRI/OriginalDataset
Class order: ['NonDemented', 'VeryMildDemented', 'MildDemented', 'ModerateDemented'] (used for labels/QWK/MAE/ordinal losses)
Config | seed=6, batch_size=32, epochs=60, num_workers=2, image_size=224, base_lr=0.0001, test_ratio=0.2, val_ratio_within_train=0.1, patience=15
Optimizer LR divisors | conv1=/10, bn1=/10, layer1=/8, layer2=/6, layer3=/4, inserted_module=/3, layer4=/2, fc=/1
Losses to run: ['dasl']
==========================================================================================
Split sizes | train=4608, valid=512, test=1280
Classes (4): ['NonDemented', 'VeryMildDemented', 'MildDemented', 'ModerateDemented']
Train class counts: [2304, 1613, 645, 46]
Valid class counts: [256, 179, 72, 5]
Test class counts : [640, 448, 179, 13]
Loading torchvision ResNet50 pretrained weights once...
Pretrained state keys: 320

##########################################################################################
Starting loss: dasl
##########################################################################################
Model params: 27,303,248 | pretrained loaded: 320/346 | feat_dim=2048
Criterion: DistanceAwareSeverityLoss
Criterion trainable params: 0
Optimizer max LRs | conv1=1e-05, bn1=1e-05, layer1=1.25e-05, layer2=1.6666667e-05, layer3=2.5e-05, inserted_module=3.3333333e-05, layer4=5e-05, fc=0.0001
Epoch 01/60 | Time 0m8s
  Train | loss=1.8874 | top1=32.34% | top2=63.87% | top3=80.95%
  Valid | loss=1.7373 | top1=42.58% | top2=84.96% | top3=99.02% | acc=42.58% | bal_acc=27.30% | macro_f1=0.2247 | weighted_f1=0.3731 | precision_macro=0.2405 | recall_macro=0.2730 | qwk=0.0764 | mae=0.6152
        ovr_roc_auc_macro=0.5494 | ovr_pr_auc_macro=0.2899
  -> best macro_f1 updated to 0.2247 (epoch 1)
Epoch 02/60 | Time 0m8s
  Train | loss=1.5811 | top1=47.27% | top2=84.98% | top3=98.96%
  Valid | loss=1.4038 | top1=50.39% | top2=84.96% | top3=99.02% | acc=50.39% | bal_acc=25.28% | macro_f1=0.1726 | weighted_f1=0.3419 | precision_macro=0.3755 | recall_macro=0.2528 | qwk=0.0027 | mae=0.6562
        ovr_roc_auc_macro=0.5939 | ovr_pr_auc_macro=0.3171
Epoch 03/60 | Time 0m8s
  Train | loss=1.3511 | top1=51.17% | top2=85.00% | top3=99.00%
  Valid | loss=1.3065 | top1=50.98% | top2=84.96% | top3=99.02% | acc=50.98% | bal_acc=26.08% | macro_f1=0.2006 | weighted_f1=0.3809 | precision_macro=0.2569 | recall_macro=0.2608 | qwk=0.0206 | mae=0.6426
        ovr_roc_auc_macro=0.6871 | ovr_pr_auc_macro=0.3598
Epoch 04/60 | Time 0m8s
  Train | loss=1.2575 | top1=54.25% | top2=85.00% | top3=99.00%
  Valid | loss=1.1998 | top1=55.47% | top2=84.96% | top3=99.02% | acc=55.47% | bal_acc=30.89% | macro_f1=0.2826 | weighted_f1=0.4982 | precision_macro=0.2663 | recall_macro=0.3089 | qwk=0.1937 | mae=0.5352
        ovr_roc_auc_macro=0.7216 | ovr_pr_auc_macro=0.4434
  -> best macro_f1 updated to 0.2826 (epoch 4)
Epoch 05/60 | Time 0m8s
  Train | loss=1.1505 | top1=58.03% | top2=85.20% | top3=99.00%
  Valid | loss=1.1055 | top1=59.57% | top2=85.35% | top3=99.02% | acc=59.57% | bal_acc=34.20% | macro_f1=0.3141 | weighted_f1=0.5490 | precision_macro=0.2906 | recall_macro=0.3420 | qwk=0.3704 | mae=0.4492
        ovr_roc_auc_macro=0.7353 | ovr_pr_auc_macro=0.4287
  -> best macro_f1 updated to 0.3141 (epoch 5)
Epoch 06/60 | Time 0m8s
  Train | loss=1.1054 | top1=58.38% | top2=85.87% | top3=99.00%
  Valid | loss=1.0356 | top1=60.94% | top2=87.30% | top3=99.02% | acc=60.94% | bal_acc=36.10% | macro_f1=0.3287 | weighted_f1=0.5705 | precision_macro=0.3136 | recall_macro=0.3610 | qwk=0.4604 | mae=0.4082
        ovr_roc_auc_macro=0.8032 | ovr_pr_auc_macro=0.4731
  -> best macro_f1 updated to 0.3287 (epoch 6)
Epoch 07/60 | Time 0m8s
  Train | loss=1.0530 | top1=60.00% | top2=87.41% | top3=99.00%
  Valid | loss=1.0387 | top1=61.52% | top2=87.89% | top3=99.02% | acc=61.52% | bal_acc=37.27% | macro_f1=0.3345 | weighted_f1=0.5766 | precision_macro=0.3339 | recall_macro=0.3727 | qwk=0.4651 | mae=0.3984
        ovr_roc_auc_macro=0.8017 | ovr_pr_auc_macro=0.4721
  -> best macro_f1 updated to 0.3345 (epoch 7)
Epoch 08/60 | Time 0m8s
  Train | loss=0.9879 | top1=63.41% | top2=89.65% | top3=99.00%
  Valid | loss=0.9618 | top1=62.89% | top2=90.23% | top3=99.02% | acc=62.89% | bal_acc=39.40% | macro_f1=0.3915 | weighted_f1=0.6115 | precision_macro=0.4432 | recall_macro=0.3940 | qwk=0.4983 | mae=0.3984
        ovr_roc_auc_macro=0.8242 | ovr_pr_auc_macro=0.5103
  -> best macro_f1 updated to 0.3915 (epoch 8)
Epoch 09/60 | Time 0m8s
  Train | loss=0.9505 | top1=66.41% | top2=90.13% | top3=99.00%
  Valid | loss=0.9862 | top1=64.26% | top2=89.84% | top3=99.02% | acc=64.26% | bal_acc=45.29% | macro_f1=0.4476 | weighted_f1=0.6452 | precision_macro=0.4601 | recall_macro=0.4529 | qwk=0.5272 | mae=0.3984
        ovr_roc_auc_macro=0.8438 | ovr_pr_auc_macro=0.5634
  -> best macro_f1 updated to 0.4476 (epoch 9)
Epoch 10/60 | Time 0m8s
  Train | loss=0.8838 | top1=69.21% | top2=92.17% | top3=99.00%
  Valid | loss=0.9169 | top1=69.14% | top2=91.02% | top3=99.02% | acc=69.14% | bal_acc=46.73% | macro_f1=0.4757 | weighted_f1=0.6840 | precision_macro=0.5053 | recall_macro=0.4673 | qwk=0.5708 | mae=0.3438
        ovr_roc_auc_macro=0.8680 | ovr_pr_auc_macro=0.5961
  -> best macro_f1 updated to 0.4757 (epoch 10)
Epoch 11/60 | Time 0m8s
  Train | loss=0.8016 | top1=72.89% | top2=93.25% | top3=99.00%
  Valid | loss=0.8387 | top1=72.07% | top2=92.58% | top3=99.02% | acc=72.07% | bal_acc=50.44% | macro_f1=0.5023 | weighted_f1=0.7182 | precision_macro=0.5015 | recall_macro=0.5044 | qwk=0.5944 | mae=0.3281
        ovr_roc_auc_macro=0.9006 | ovr_pr_auc_macro=0.7085
  -> best macro_f1 updated to 0.5023 (epoch 11)
Epoch 12/60 | Time 0m8s
  Train | loss=0.7087 | top1=76.69% | top2=95.10% | top3=99.05%
  Valid | loss=0.7554 | top1=77.15% | top2=91.99% | top3=99.22% | acc=77.15% | bal_acc=52.07% | macro_f1=0.5276 | weighted_f1=0.7619 | precision_macro=0.5559 | recall_macro=0.5207 | qwk=0.6778 | mae=0.2559
        ovr_roc_auc_macro=0.9064 | ovr_pr_auc_macro=0.7166
  -> best macro_f1 updated to 0.5276 (epoch 12)
Epoch 13/60 | Time 0m8s
  Train | loss=0.6551 | top1=77.80% | top2=95.59% | top3=99.28%
  Valid | loss=0.8102 | top1=73.44% | top2=94.14% | top3=99.80% | acc=73.44% | bal_acc=56.18% | macro_f1=0.5189 | weighted_f1=0.7402 | precision_macro=0.5336 | recall_macro=0.5618 | qwk=0.6726 | mae=0.3223
        ovr_roc_auc_macro=0.9208 | ovr_pr_auc_macro=0.7188
Epoch 14/60 | Time 0m8s
  Train | loss=0.5598 | top1=82.64% | top2=96.38% | top3=99.50%
  Valid | loss=0.8964 | top1=69.34% | top2=92.77% | top3=99.61% | acc=69.34% | bal_acc=53.95% | macro_f1=0.5126 | weighted_f1=0.6919 | precision_macro=0.5360 | recall_macro=0.5395 | qwk=0.5973 | mae=0.3457
        ovr_roc_auc_macro=0.9368 | ovr_pr_auc_macro=0.7203
Epoch 15/60 | Time 0m8s
  Train | loss=0.4814 | top1=84.59% | top2=97.16% | top3=99.67%
  Valid | loss=0.5325 | top1=83.79% | top2=96.88% | top3=99.80% | acc=83.79% | bal_acc=62.25% | macro_f1=0.6054 | weighted_f1=0.8365 | precision_macro=0.5947 | recall_macro=0.6225 | qwk=0.7863 | mae=0.1895
        ovr_roc_auc_macro=0.9603 | ovr_pr_auc_macro=0.8732
  -> best macro_f1 updated to 0.6054 (epoch 15)
Epoch 16/60 | Time 0m8s
  Train | loss=0.4215 | top1=86.59% | top2=98.00% | top3=99.80%
  Valid | loss=0.5280 | top1=83.20% | top2=96.68% | top3=99.61% | acc=83.20% | bal_acc=61.25% | macro_f1=0.5991 | weighted_f1=0.8314 | precision_macro=0.5889 | recall_macro=0.6125 | qwk=0.7963 | mae=0.1875
        ovr_roc_auc_macro=0.9619 | ovr_pr_auc_macro=0.8829
Epoch 17/60 | Time 0m8s
  Train | loss=0.3540 | top1=88.89% | top2=98.74% | top3=99.83%
  Valid | loss=0.5876 | top1=80.86% | top2=97.27% | top3=100.00% | acc=80.86% | bal_acc=60.17% | macro_f1=0.5915 | weighted_f1=0.8086 | precision_macro=0.5923 | recall_macro=0.6017 | qwk=0.7848 | mae=0.2031
        ovr_roc_auc_macro=0.9666 | ovr_pr_auc_macro=0.9067
Epoch 18/60 | Time 0m8s
  Train | loss=0.2944 | top1=90.76% | top2=99.11% | top3=99.96%
  Valid | loss=0.3869 | top1=89.45% | top2=97.85% | top3=99.80% | acc=89.45% | bal_acc=86.49% | macro_f1=0.8749 | weighted_f1=0.8962 | precision_macro=0.8934 | recall_macro=0.8649 | qwk=0.8375 | mae=0.1328
        ovr_roc_auc_macro=0.9792 | ovr_pr_auc_macro=0.9556
  -> best macro_f1 updated to 0.8749 (epoch 18)
Epoch 19/60 | Time 0m8s
  Train | loss=0.2549 | top1=92.32% | top2=99.26% | top3=99.96%
  Valid | loss=0.4215 | top1=88.87% | top2=98.24% | top3=99.61% | acc=88.87% | bal_acc=85.65% | macro_f1=0.8746 | weighted_f1=0.8872 | precision_macro=0.9040 | recall_macro=0.8565 | qwk=0.8634 | mae=0.1270
        ovr_roc_auc_macro=0.9777 | ovr_pr_auc_macro=0.9504
Epoch 20/60 | Time 0m8s
  Train | loss=0.2096 | top1=93.88% | top2=99.48% | top3=99.98%
  Valid | loss=0.3802 | top1=88.28% | top2=99.02% | top3=100.00% | acc=88.28% | bal_acc=82.11% | macro_f1=0.8585 | weighted_f1=0.8796 | precision_macro=0.9093 | recall_macro=0.8211 | qwk=0.8314 | mae=0.1387
        ovr_roc_auc_macro=0.9810 | ovr_pr_auc_macro=0.9552
Epoch 21/60 | Time 0m8s
  Train | loss=0.1682 | top1=95.18% | top2=99.67% | top3=99.98%
  Valid | loss=0.3255 | top1=90.04% | top2=98.44% | top3=100.00% | acc=90.04% | bal_acc=88.85% | macro_f1=0.9031 | weighted_f1=0.8978 | precision_macro=0.9239 | recall_macro=0.8885 | qwk=0.8514 | mae=0.1211
        ovr_roc_auc_macro=0.9878 | ovr_pr_auc_macro=0.9683
  -> best macro_f1 updated to 0.9031 (epoch 21)
Epoch 22/60 | Time 0m8s
  Train | loss=0.1582 | top1=95.81% | top2=99.65% | top3=99.98%
  Valid | loss=0.2445 | top1=91.99% | top2=99.22% | top3=100.00% | acc=91.99% | bal_acc=93.62% | macro_f1=0.9338 | weighted_f1=0.9203 | precision_macro=0.9317 | recall_macro=0.9362 | qwk=0.9133 | mae=0.0859
        ovr_roc_auc_macro=0.9908 | ovr_pr_auc_macro=0.9807
  -> best macro_f1 updated to 0.9338 (epoch 22)
Epoch 23/60 | Time 0m8s
  Train | loss=0.1395 | top1=95.79% | top2=99.70% | top3=99.96%
  Valid | loss=0.2266 | top1=92.97% | top2=99.02% | top3=100.00% | acc=92.97% | bal_acc=92.24% | macro_f1=0.9103 | weighted_f1=0.9290 | precision_macro=0.9073 | recall_macro=0.9224 | qwk=0.9035 | mae=0.0820
        ovr_roc_auc_macro=0.9926 | ovr_pr_auc_macro=0.9825
Epoch 24/60 | Time 0m8s
  Train | loss=0.1269 | top1=96.33% | top2=99.83% | top3=99.96%
  Valid | loss=0.2157 | top1=93.36% | top2=99.41% | top3=100.00% | acc=93.36% | bal_acc=94.38% | macro_f1=0.9441 | weighted_f1=0.9330 | precision_macro=0.9469 | recall_macro=0.9438 | qwk=0.9167 | mae=0.0762
        ovr_roc_auc_macro=0.9949 | ovr_pr_auc_macro=0.9884
  -> best macro_f1 updated to 0.9441 (epoch 24)
Epoch 25/60 | Time 0m8s
  Train | loss=0.1086 | top1=97.05% | top2=99.83% | top3=100.00%
  Valid | loss=0.2398 | top1=91.99% | top2=99.61% | top3=100.00% | acc=91.99% | bal_acc=91.87% | macro_f1=0.9318 | weighted_f1=0.9187 | precision_macro=0.9499 | recall_macro=0.9187 | qwk=0.8916 | mae=0.0938
        ovr_roc_auc_macro=0.9931 | ovr_pr_auc_macro=0.9849
Epoch 26/60 | Time 0m8s
  Train | loss=0.0908 | top1=97.55% | top2=99.91% | top3=100.00%
  Valid | loss=0.1764 | top1=94.73% | top2=99.41% | top3=100.00% | acc=94.73% | bal_acc=95.03% | macro_f1=0.9523 | weighted_f1=0.9474 | precision_macro=0.9565 | recall_macro=0.9503 | qwk=0.9310 | mae=0.0605
        ovr_roc_auc_macro=0.9974 | ovr_pr_auc_macro=0.9923
  -> best macro_f1 updated to 0.9523 (epoch 26)
Epoch 27/60 | Time 0m8s
  Train | loss=0.0869 | top1=97.63% | top2=99.93% | top3=99.98%
  Valid | loss=0.1132 | top1=96.88% | top2=100.00% | top3=100.00% | acc=96.88% | bal_acc=97.23% | macro_f1=0.9725 | weighted_f1=0.9688 | precision_macro=0.9729 | recall_macro=0.9723 | qwk=0.9669 | mae=0.0332
        ovr_roc_auc_macro=0.9979 | ovr_pr_auc_macro=0.9947
  -> best macro_f1 updated to 0.9725 (epoch 27)
Epoch 28/60 | Time 0m8s
  Train | loss=0.0781 | top1=97.63% | top2=99.91% | top3=100.00%
  Valid | loss=0.1710 | top1=95.70% | top2=99.41% | top3=100.00% | acc=95.70% | bal_acc=93.94% | macro_f1=0.9534 | weighted_f1=0.9559 | precision_macro=0.9738 | recall_macro=0.9394 | qwk=0.9386 | mae=0.0508
        ovr_roc_auc_macro=0.9960 | ovr_pr_auc_macro=0.9891
Epoch 29/60 | Time 0m8s
  Train | loss=0.0701 | top1=97.98% | top2=99.85% | top3=100.00%
  Valid | loss=0.1498 | top1=95.90% | top2=99.61% | top3=100.00% | acc=95.90% | bal_acc=96.28% | macro_f1=0.9643 | weighted_f1=0.9589 | precision_macro=0.9659 | recall_macro=0.9628 | qwk=0.9480 | mae=0.0469
        ovr_roc_auc_macro=0.9964 | ovr_pr_auc_macro=0.9911
Epoch 30/60 | Time 0m8s
  Train | loss=0.0722 | top1=98.05% | top2=99.91% | top3=100.00%
  Valid | loss=0.1596 | top1=95.90% | top2=99.61% | top3=100.00% | acc=95.90% | bal_acc=97.03% | macro_f1=0.9650 | weighted_f1=0.9593 | precision_macro=0.9605 | recall_macro=0.9703 | qwk=0.9482 | mae=0.0469
        ovr_roc_auc_macro=0.9969 | ovr_pr_auc_macro=0.9929
Epoch 31/60 | Time 0m8s
  Train | loss=0.0797 | top1=97.63% | top2=99.72% | top3=100.00%
  Valid | loss=0.1516 | top1=96.48% | top2=99.80% | top3=100.00% | acc=96.48% | bal_acc=92.05% | macro_f1=0.9454 | weighted_f1=0.9650 | precision_macro=0.9774 | recall_macro=0.9205 | qwk=0.9572 | mae=0.0391
        ovr_roc_auc_macro=0.9972 | ovr_pr_auc_macro=0.9943
Epoch 32/60 | Time 0m8s
  Train | loss=0.0511 | top1=98.74% | top2=99.98% | top3=100.00%
  Valid | loss=0.1091 | top1=97.27% | top2=100.00% | top3=100.00% | acc=97.27% | bal_acc=97.59% | macro_f1=0.9786 | weighted_f1=0.9728 | precision_macro=0.9822 | recall_macro=0.9759 | qwk=0.9701 | mae=0.0293
        ovr_roc_auc_macro=0.9985 | ovr_pr_auc_macro=0.9972
  -> best macro_f1 updated to 0.9786 (epoch 32)
Epoch 33/60 | Time 0m8s
  Train | loss=0.0456 | top1=98.83% | top2=99.98% | top3=100.00%
  Valid | loss=0.0892 | top1=96.29% | top2=100.00% | top3=100.00% | acc=96.29% | bal_acc=97.14% | macro_f1=0.9670 | weighted_f1=0.9629 | precision_macro=0.9632 | recall_macro=0.9714 | qwk=0.9574 | mae=0.0410
        ovr_roc_auc_macro=0.9989 | ovr_pr_auc_macro=0.9974
Epoch 34/60 | Time 0m8s
  Train | loss=0.0474 | top1=98.63% | top2=99.96% | top3=100.00%
  Valid | loss=0.1053 | top1=96.68% | top2=100.00% | top3=100.00% | acc=96.68% | bal_acc=96.92% | macro_f1=0.9728 | weighted_f1=0.9667 | precision_macro=0.9767 | recall_macro=0.9692 | qwk=0.9549 | mae=0.0391
        ovr_roc_auc_macro=0.9991 | ovr_pr_auc_macro=0.9977
Epoch 35/60 | Time 0m8s
  Train | loss=0.0373 | top1=99.00% | top2=99.98% | top3=100.00%
  Valid | loss=0.0954 | top1=96.88% | top2=100.00% | top3=100.00% | acc=96.88% | bal_acc=97.48% | macro_f1=0.9777 | weighted_f1=0.9688 | precision_macro=0.9808 | recall_macro=0.9748 | qwk=0.9616 | mae=0.0352
        ovr_roc_auc_macro=0.9986 | ovr_pr_auc_macro=0.9976
Epoch 36/60 | Time 0m8s
  Train | loss=0.0350 | top1=99.13% | top2=99.98% | top3=100.00%
  Valid | loss=0.1109 | top1=96.68% | top2=99.80% | top3=100.00% | acc=96.68% | bal_acc=91.61% | macro_f1=0.9441 | weighted_f1=0.9667 | precision_macro=0.9792 | recall_macro=0.9161 | qwk=0.9482 | mae=0.0410
        ovr_roc_auc_macro=0.9989 | ovr_pr_auc_macro=0.9900
Epoch 37/60 | Time 0m8s
  Train | loss=0.0306 | top1=99.24% | top2=99.98% | top3=100.00%
  Valid | loss=0.0419 | top1=98.83% | top2=100.00% | top3=100.00% | acc=98.83% | bal_acc=99.12% | macro_f1=0.9917 | weighted_f1=0.9883 | precision_macro=0.9922 | recall_macro=0.9912 | qwk=0.9896 | mae=0.0117
        ovr_roc_auc_macro=0.9998 | ovr_pr_auc_macro=0.9996
  -> best macro_f1 updated to 0.9917 (epoch 37)
Epoch 38/60 | Time 0m8s
  Train | loss=0.0248 | top1=99.41% | top2=99.98% | top3=100.00%
  Valid | loss=0.0955 | top1=97.27% | top2=99.80% | top3=100.00% | acc=97.27% | bal_acc=92.90% | macro_f1=0.9525 | weighted_f1=0.9725 | precision_macro=0.9817 | recall_macro=0.9290 | qwk=0.9651 | mae=0.0312
        ovr_roc_auc_macro=0.9984 | ovr_pr_auc_macro=0.9971
Epoch 39/60 | Time 0m8s
  Train | loss=0.0234 | top1=99.48% | top2=99.96% | top3=100.00%
  Valid | loss=0.0693 | top1=97.66% | top2=100.00% | top3=100.00% | acc=97.66% | bal_acc=97.66% | macro_f1=0.9786 | weighted_f1=0.9765 | precision_macro=0.9807 | recall_macro=0.9766 | qwk=0.9687 | mae=0.0273
        ovr_roc_auc_macro=0.9992 | ovr_pr_auc_macro=0.9979
Epoch 40/60 | Time 0m8s
  Train | loss=0.0234 | top1=99.44% | top2=100.00% | top3=100.00%
  Valid | loss=0.0612 | top1=98.44% | top2=100.00% | top3=100.00% | acc=98.44% | bal_acc=98.22% | macro_f1=0.9846 | weighted_f1=0.9843 | precision_macro=0.9873 | recall_macro=0.9822 | qwk=0.9755 | mae=0.0195
        ovr_roc_auc_macro=0.9994 | ovr_pr_auc_macro=0.9984
Epoch 41/60 | Time 0m8s
  Train | loss=0.0265 | top1=99.31% | top2=99.98% | top3=100.00%
  Valid | loss=0.0739 | top1=97.66% | top2=100.00% | top3=100.00% | acc=97.66% | bal_acc=97.87% | macro_f1=0.9787 | weighted_f1=0.9766 | precision_macro=0.9787 | recall_macro=0.9787 | qwk=0.9688 | mae=0.0273
        ovr_roc_auc_macro=0.9992 | ovr_pr_auc_macro=0.9980
Epoch 42/60 | Time 0m8s
  Train | loss=0.0161 | top1=99.61% | top2=100.00% | top3=100.00%
  Valid | loss=0.0661 | top1=98.83% | top2=100.00% | top3=100.00% | acc=98.83% | bal_acc=98.62% | macro_f1=0.9893 | weighted_f1=0.9883 | precision_macro=0.9926 | recall_macro=0.9862 | qwk=0.9843 | mae=0.0137
        ovr_roc_auc_macro=0.9993 | ovr_pr_auc_macro=0.9982
Epoch 43/60 | Time 0m8s
  Train | loss=0.0221 | top1=99.44% | top2=99.98% | top3=100.00%
  Valid | loss=0.0510 | top1=98.44% | top2=100.00% | top3=100.00% | acc=98.44% | bal_acc=98.39% | macro_f1=0.9857 | weighted_f1=0.9844 | precision_macro=0.9876 | recall_macro=0.9839 | qwk=0.9808 | mae=0.0176
        ovr_roc_auc_macro=0.9995 | ovr_pr_auc_macro=0.9985
Epoch 44/60 | Time 0m8s
  Train | loss=0.0224 | top1=99.50% | top2=99.96% | top3=100.00%
  Valid | loss=0.0558 | top1=98.63% | top2=100.00% | top3=100.00% | acc=98.63% | bal_acc=98.48% | macro_f1=0.9868 | weighted_f1=0.9863 | precision_macro=0.9890 | recall_macro=0.9848 | qwk=0.9826 | mae=0.0156
        ovr_roc_auc_macro=0.9994 | ovr_pr_auc_macro=0.9985
Epoch 45/60 | Time 0m8s
  Train | loss=0.0140 | top1=99.65% | top2=100.00% | top3=100.00%
  Valid | loss=0.0509 | top1=98.44% | top2=100.00% | top3=100.00% | acc=98.44% | bal_acc=98.59% | macro_f1=0.9882 | weighted_f1=0.9844 | precision_macro=0.9906 | recall_macro=0.9859 | qwk=0.9809 | mae=0.0176
        ovr_roc_auc_macro=0.9995 | ovr_pr_auc_macro=0.9986
Epoch 46/60 | Time 0m8s
  Train | loss=0.0141 | top1=99.65% | top2=100.00% | top3=100.00%
  Valid | loss=0.0655 | top1=97.85% | top2=100.00% | top3=100.00% | acc=97.85% | bal_acc=98.09% | macro_f1=0.9809 | weighted_f1=0.9786 | precision_macro=0.9812 | recall_macro=0.9809 | qwk=0.9756 | mae=0.0234
        ovr_roc_auc_macro=0.9993 | ovr_pr_auc_macro=0.9981
Epoch 47/60 | Time 0m8s
  Train | loss=0.0147 | top1=99.63% | top2=100.00% | top3=100.00%
  Valid | loss=0.0540 | top1=98.24% | top2=100.00% | top3=100.00% | acc=98.24% | bal_acc=98.58% | macro_f1=0.9848 | weighted_f1=0.9824 | precision_macro=0.9839 | recall_macro=0.9858 | qwk=0.9740 | mae=0.0215
        ovr_roc_auc_macro=0.9995 | ovr_pr_auc_macro=0.9987
Epoch 48/60 | Time 0m8s
  Train | loss=0.0121 | top1=99.67% | top2=100.00% | top3=100.00%
  Valid | loss=0.0521 | top1=98.63% | top2=99.80% | top3=100.00% | acc=98.63% | bal_acc=98.57% | macro_f1=0.9881 | weighted_f1=0.9863 | precision_macro=0.9909 | recall_macro=0.9857 | qwk=0.9825 | mae=0.0156
        ovr_roc_auc_macro=0.9995 | ovr_pr_auc_macro=0.9989
Epoch 49/60 | Time 0m8s
  Train | loss=0.0121 | top1=99.76% | top2=99.98% | top3=100.00%
  Valid | loss=0.0522 | top1=98.05% | top2=100.00% | top3=100.00% | acc=98.05% | bal_acc=98.36% | macro_f1=0.9810 | weighted_f1=0.9805 | precision_macro=0.9786 | recall_macro=0.9836 | qwk=0.9776 | mae=0.0215
        ovr_roc_auc_macro=0.9995 | ovr_pr_auc_macro=0.9986
Epoch 50/60 | Time 0m8s
  Train | loss=0.0120 | top1=99.59% | top2=100.00% | top3=100.00%
  Valid | loss=0.0602 | top1=98.24% | top2=100.00% | top3=100.00% | acc=98.24% | bal_acc=98.50% | macro_f1=0.9834 | weighted_f1=0.9825 | precision_macro=0.9818 | recall_macro=0.9850 | qwk=0.9793 | mae=0.0195
        ovr_roc_auc_macro=0.9994 | ovr_pr_auc_macro=0.9985
Epoch 51/60 | Time 0m8s
  Train | loss=0.0116 | top1=99.76% | top2=99.98% | top3=100.00%
  Valid | loss=0.0390 | top1=98.44% | top2=100.00% | top3=100.00% | acc=98.44% | bal_acc=98.39% | macro_f1=0.9857 | weighted_f1=0.9844 | precision_macro=0.9876 | recall_macro=0.9839 | qwk=0.9808 | mae=0.0176
        ovr_roc_auc_macro=0.9998 | ovr_pr_auc_macro=0.9993
Epoch 52/60 | Time 0m8s
  Train | loss=0.0085 | top1=99.76% | top2=100.00% | top3=100.00%
  Valid | loss=0.0436 | top1=98.63% | top2=100.00% | top3=100.00% | acc=98.63% | bal_acc=98.78% | macro_f1=0.9882 | weighted_f1=0.9863 | precision_macro=0.9887 | recall_macro=0.9878 | qwk=0.9826 | mae=0.0156
        ovr_roc_auc_macro=0.9998 | ovr_pr_auc_macro=0.9993
  -> early stopping triggered at epoch 52

[TEST] loss=dasl
  Test | loss=0.0563 | top1=98.52% | top2=100.00% | top3=100.00% | acc=98.52% | bal_acc=98.74% | macro_f1=0.9689 | weighted_f1=0.9852 | precision_macro=0.9527 | recall_macro=0.9874 | qwk=0.9829 | mae=0.0164
        ovr_roc_auc_macro=0.9994 | ovr_pr_auc_macro=0.9987

==========================================================================================
Summary CSV saved: /root/autodl-tmp/MedVisionLab/Alzheimer_MRI_Loss/logs/ResNet_layer3+MECS_resnet50_dasl_5seed_adni_mesc_dasl_seed6_20260808_130326_summary.csv
Top results by test_macro_f1:
  dasl: macro_f1=0.9689, acc=98.52%, bal_acc=98.74%
Log file saved: /root/autodl-tmp/MedVisionLab/Alzheimer_MRI_Loss/logs/ResNet_layer3+MECS_resnet50_dasl_5seed_adni_mesc_dasl_seed6_20260808_130326.log
==========================================================================================
