COMMAND: /root/miniconda3/envs/medvision/bin/python -u /root/autodl-tmp/MedVisionLab/Knee/ResNet_baseline_loss_compare.py
==========================================================================================
Starting Knee Osteoarthritis ResNet50 loss comparison: DASL
Using device: cuda
CUDA device: NVIDIA GeForce RTX 4090
Run tag: resnet50_dasl_5seed_koa_baseline_dasl_seed4
Data root: /root/autodl-tmp/Knee_Osteoarthritis
Config | seed=4, img_size=224, batch_size=32, epochs=60, num_workers=4, lr_backbone=0.0001, lr_head=0.001, weight_decay=0.0001, patience=15, early_delta=0.0001
Class mapping from folders: {'0': 0, '1': 1, '2': 2, '3': 3, '4': 4}

Train samples: 5778
Train class distribution:
  0_Normal: 2286
  1_Doubtful: 1046
  2_Mild: 1516
  3_Moderate: 757
  4_Severe: 173

Valid samples: 826
Valid class distribution:
  0_Normal: 328
  1_Doubtful: 153
  2_Mild: 212
  3_Moderate: 106
  4_Severe: 27

Test samples: 1656
Test class distribution:
  0_Normal: 639
  1_Doubtful: 296
  2_Mild: 447
  3_Moderate: 223
  4_Severe: 51

AutoTest samples: 1526
AutoTest class distribution:
  0_Normal: 604
  1_Doubtful: 275
  2_Mild: 403
  3_Moderate: 200
  4_Severe: 44

Split sizes | train=5778, valid=826, test=1656, auto_test=1526
Loading pretrained ResNet50...
Trainable parameters: 23,518,277

[INFO] Class counts in training set: [2286 1046 1516  757  173]
[INFO] Using DASL
       no tunable loss hyperparameters
Starting training...

Epoch 01/60 | Time 0m 9s
  Train | loss=1.8599 | top1=38.13% | top2=64.12% | top3=83.14%
  Valid | loss=1.7688 | top1=39.90% | top2=64.78% | top3=83.29% | acc=40.19% | bal_acc=20.38% | macro_f1=0.1215 | qwk=0.0053 | mae=1.2046 | weighted_f1=0.2360 | precision_macro=0.2798 | recall_macro=0.2038
         ovr_roc_auc_macro=0.6181 | ovr_pr_auc_macro=0.2778
 Initial best model saved to /root/autodl-tmp/MedVisionLab/Knee/checkpoints/best_resnet50_knee_oa_dasl_resnet50_dasl_5seed_koa_baseline_dasl_seed4.pt (QWK=0.0053)

Epoch 02/60 | Time 0m 8s
  Train | loss=1.6285 | top1=44.02% | top2=69.34% | top3=85.73%
  Valid | loss=1.5041 | top1=48.20% | top2=75.12% | top3=89.54% | acc=48.55% | bal_acc=28.29% | macro_f1=0.2237 | qwk=0.4905 | mae=0.7639 | weighted_f1=0.3817 | precision_macro=0.1852 | recall_macro=0.2829
         ovr_roc_auc_macro=0.7606 | ovr_pr_auc_macro=0.4165
 Validation improved. Saved best model to /root/autodl-tmp/MedVisionLab/Knee/checkpoints/best_resnet50_knee_oa_dasl_resnet50_dasl_5seed_koa_baseline_dasl_seed4.pt (QWK=0.4905)

Epoch 03/60 | Time 0m 8s
  Train | loss=1.3336 | top1=53.33% | top2=79.11% | top3=94.58%
  Valid | loss=1.2619 | top1=55.29% | top2=80.15% | top3=97.00% | acc=55.69% | bal_acc=39.54% | macro_f1=0.3611 | qwk=0.6531 | mae=0.6271 | weighted_f1=0.4789 | precision_macro=0.3787 | recall_macro=0.3954
         ovr_roc_auc_macro=0.8200 | ovr_pr_auc_macro=0.5458
 Validation improved. Saved best model to /root/autodl-tmp/MedVisionLab/Knee/checkpoints/best_resnet50_knee_oa_dasl_resnet50_dasl_5seed_koa_baseline_dasl_seed4.pt (QWK=0.6531)

Epoch 04/60 | Time 0m 8s
  Train | loss=1.0868 | top1=62.57% | top2=85.31% | top3=97.91%
  Valid | loss=1.1873 | top1=57.77% | top2=81.77% | top3=97.12% | acc=57.63% | bal_acc=52.44% | macro_f1=0.5180 | qwk=0.6947 | mae=0.5763 | weighted_f1=0.5271 | precision_macro=0.5926 | recall_macro=0.5244
         ovr_roc_auc_macro=0.8385 | ovr_pr_auc_macro=0.6115
 Validation improved. Saved best model to /root/autodl-tmp/MedVisionLab/Knee/checkpoints/best_resnet50_knee_oa_dasl_resnet50_dasl_5seed_koa_baseline_dasl_seed4.pt (QWK=0.6947)

Epoch 05/60 | Time 0m 9s
  Train | loss=0.9747 | top1=65.85% | top2=88.00% | top3=98.62%
  Valid | loss=1.2677 | top1=55.77% | top2=82.69% | top3=95.67% | acc=55.45% | bal_acc=63.62% | macro_f1=0.5611 | qwk=0.7064 | mae=0.5799 | weighted_f1=0.5626 | precision_macro=0.5354 | recall_macro=0.6362
         ovr_roc_auc_macro=0.8488 | ovr_pr_auc_macro=0.6403
 Validation improved. Saved best model to /root/autodl-tmp/MedVisionLab/Knee/checkpoints/best_resnet50_knee_oa_dasl_resnet50_dasl_5seed_koa_baseline_dasl_seed4.pt (QWK=0.7064)

Epoch 06/60 | Time 0m 8s
  Train | loss=0.9169 | top1=68.47% | top2=89.78% | top3=98.69%
  Valid | loss=1.1370 | top1=62.93% | top2=86.30% | top3=98.56% | acc=62.71% | bal_acc=60.99% | macro_f1=0.5866 | qwk=0.7524 | mae=0.4952 | weighted_f1=0.5876 | precision_macro=0.6261 | recall_macro=0.6099
         ovr_roc_auc_macro=0.8551 | ovr_pr_auc_macro=0.6737
 Validation improved. Saved best model to /root/autodl-tmp/MedVisionLab/Knee/checkpoints/best_resnet50_knee_oa_dasl_resnet50_dasl_5seed_koa_baseline_dasl_seed4.pt (QWK=0.7524)

Epoch 07/60 | Time 0m 8s
  Train | loss=0.8577 | top1=69.46% | top2=90.90% | top3=99.26%
  Valid | loss=1.1465 | top1=60.35% | top2=85.70% | top3=98.68% | acc=60.17% | bal_acc=58.85% | macro_f1=0.5814 | qwk=0.7530 | mae=0.5109 | weighted_f1=0.5615 | precision_macro=0.6195 | recall_macro=0.5885
         ovr_roc_auc_macro=0.8551 | ovr_pr_auc_macro=0.6887
 Validation improved. Saved best model to /root/autodl-tmp/MedVisionLab/Knee/checkpoints/best_resnet50_knee_oa_dasl_resnet50_dasl_5seed_koa_baseline_dasl_seed4.pt (QWK=0.7530)

Epoch 08/60 | Time 0m 8s
  Train | loss=0.7940 | top1=71.36% | top2=92.11% | top3=99.33%
  Valid | loss=1.0490 | top1=64.79% | top2=85.85% | top3=98.56% | acc=64.65% | bal_acc=64.62% | macro_f1=0.6356 | qwk=0.7615 | mae=0.4625 | weighted_f1=0.6122 | precision_macro=0.6743 | recall_macro=0.6462
         ovr_roc_auc_macro=0.8805 | ovr_pr_auc_macro=0.7098
 Validation improved. Saved best model to /root/autodl-tmp/MedVisionLab/Knee/checkpoints/best_resnet50_knee_oa_dasl_resnet50_dasl_5seed_koa_baseline_dasl_seed4.pt (QWK=0.7615)

Epoch 09/60 | Time 0m 8s
  Train | loss=0.7414 | top1=74.12% | top2=93.11% | top3=99.43%
  Valid | loss=1.0230 | top1=65.84% | top2=88.46% | top3=98.32% | acc=65.62% | bal_acc=66.98% | macro_f1=0.6512 | qwk=0.7859 | mae=0.4370 | weighted_f1=0.6373 | precision_macro=0.6519 | recall_macro=0.6698
         ovr_roc_auc_macro=0.8861 | ovr_pr_auc_macro=0.7335
 Validation improved. Saved best model to /root/autodl-tmp/MedVisionLab/Knee/checkpoints/best_resnet50_knee_oa_dasl_resnet50_dasl_5seed_koa_baseline_dasl_seed4.pt (QWK=0.7859)

Epoch 10/60 | Time 0m 8s
  Train | loss=0.6986 | top1=75.65% | top2=93.49% | top3=99.48%
  Valid | loss=1.1568 | top1=60.62% | top2=83.96% | top3=98.32% | acc=60.53% | bal_acc=62.56% | macro_f1=0.6225 | qwk=0.7525 | mae=0.4891 | weighted_f1=0.6010 | precision_macro=0.6392 | recall_macro=0.6256
         ovr_roc_auc_macro=0.8727 | ovr_pr_auc_macro=0.6991
 No improvement. Bad epochs: 1/15

Epoch 11/60 | Time 0m 8s
  Train | loss=0.6525 | top1=77.55% | top2=94.77% | top3=99.65%
  Valid | loss=1.1185 | top1=62.08% | top2=86.66% | top3=97.96% | acc=61.86% | bal_acc=67.12% | macro_f1=0.6479 | qwk=0.7868 | mae=0.4564 | weighted_f1=0.6198 | precision_macro=0.6304 | recall_macro=0.6712
         ovr_roc_auc_macro=0.8746 | ovr_pr_auc_macro=0.6999
 Validation improved. Saved best model to /root/autodl-tmp/MedVisionLab/Knee/checkpoints/best_resnet50_knee_oa_dasl_resnet50_dasl_5seed_koa_baseline_dasl_seed4.pt (QWK=0.7868)

Epoch 12/60 | Time 0m 8s
  Train | loss=0.5896 | top1=79.70% | top2=95.51% | top3=99.72%
  Valid | loss=1.1617 | top1=63.59% | top2=89.42% | top3=98.80% | acc=63.44% | bal_acc=63.85% | macro_f1=0.6394 | qwk=0.7887 | mae=0.4455 | weighted_f1=0.6234 | precision_macro=0.6503 | recall_macro=0.6385
         ovr_roc_auc_macro=0.8716 | ovr_pr_auc_macro=0.6927
 Validation improved. Saved best model to /root/autodl-tmp/MedVisionLab/Knee/checkpoints/best_resnet50_knee_oa_dasl_resnet50_dasl_5seed_koa_baseline_dasl_seed4.pt (QWK=0.7887)

Epoch 13/60 | Time 0m 9s
  Train | loss=0.5332 | top1=82.68% | top2=96.40% | top3=99.65%
  Valid | loss=1.2126 | top1=62.19% | top2=89.52% | top3=98.08% | acc=62.23% | bal_acc=57.87% | macro_f1=0.6001 | qwk=0.7601 | mae=0.4697 | weighted_f1=0.6120 | precision_macro=0.6364 | recall_macro=0.5787
         ovr_roc_auc_macro=0.8696 | ovr_pr_auc_macro=0.6885
 No improvement. Bad epochs: 1/15

Epoch 14/60 | Time 0m 8s
  Train | loss=0.4765 | top1=84.11% | top2=96.90% | top3=99.84%
  Valid | loss=1.3774 | top1=62.11% | top2=85.22% | top3=97.84% | acc=61.86% | bal_acc=64.53% | macro_f1=0.6019 | qwk=0.7691 | mae=0.4794 | weighted_f1=0.5985 | precision_macro=0.5864 | recall_macro=0.6453
         ovr_roc_auc_macro=0.8725 | ovr_pr_auc_macro=0.6939
 No improvement. Bad epochs: 2/15

Epoch 15/60 | Time 0m 8s
  Train | loss=0.4319 | top1=85.43% | top2=97.09% | top3=99.88%
  Valid | loss=1.2972 | top1=63.05% | top2=89.03% | top3=98.80% | acc=62.83% | bal_acc=64.39% | macro_f1=0.6428 | qwk=0.7801 | mae=0.4479 | weighted_f1=0.6281 | precision_macro=0.6639 | recall_macro=0.6439
         ovr_roc_auc_macro=0.8714 | ovr_pr_auc_macro=0.6998
 No improvement. Bad epochs: 3/15

Epoch 16/60 | Time 0m 8s
  Train | loss=0.3716 | top1=87.87% | top2=98.24% | top3=99.90%
  Valid | loss=1.5677 | top1=64.55% | top2=86.12% | top3=98.20% | acc=64.41% | bal_acc=65.01% | macro_f1=0.6579 | qwk=0.7535 | mae=0.4613 | weighted_f1=0.6273 | precision_macro=0.6971 | recall_macro=0.6501
         ovr_roc_auc_macro=0.8672 | ovr_pr_auc_macro=0.6988
 No improvement. Bad epochs: 4/15

Epoch 17/60 | Time 0m 8s
  Train | loss=0.3381 | top1=88.99% | top2=98.43% | top3=99.95%
  Valid | loss=1.6416 | top1=56.50% | top2=85.01% | top3=98.20% | acc=56.30% | bal_acc=61.42% | macro_f1=0.6221 | qwk=0.7457 | mae=0.5048 | weighted_f1=0.5804 | precision_macro=0.6598 | recall_macro=0.6142
         ovr_roc_auc_macro=0.8548 | ovr_pr_auc_macro=0.6702
 No improvement. Bad epochs: 5/15

Epoch 18/60 | Time 0m 8s
  Train | loss=0.2995 | top1=90.70% | top2=98.43% | top3=99.86%
  Valid | loss=1.5536 | top1=64.83% | top2=88.07% | top3=98.56% | acc=64.77% | bal_acc=63.16% | macro_f1=0.6449 | qwk=0.7784 | mae=0.4455 | weighted_f1=0.6304 | precision_macro=0.6709 | recall_macro=0.6316
         ovr_roc_auc_macro=0.8645 | ovr_pr_auc_macro=0.6939
 No improvement. Bad epochs: 6/15

Epoch 19/60 | Time 0m 8s
  Train | loss=0.2412 | top1=92.40% | top2=99.05% | top3=99.98%
  Valid | loss=1.8610 | top1=64.07% | top2=86.78% | top3=98.20% | acc=63.92% | bal_acc=61.97% | macro_f1=0.6260 | qwk=0.7754 | mae=0.4552 | weighted_f1=0.6139 | precision_macro=0.6576 | recall_macro=0.6197
         ovr_roc_auc_macro=0.8515 | ovr_pr_auc_macro=0.6810
 No improvement. Bad epochs: 7/15

Epoch 20/60 | Time 0m 8s
  Train | loss=0.2274 | top1=92.83% | top2=99.05% | top3=99.98%
  Valid | loss=1.7527 | top1=59.56% | top2=83.87% | top3=97.96% | acc=59.32% | bal_acc=65.93% | macro_f1=0.6395 | qwk=0.7451 | mae=0.5036 | weighted_f1=0.5975 | precision_macro=0.6311 | recall_macro=0.6593
         ovr_roc_auc_macro=0.8651 | ovr_pr_auc_macro=0.6974
 No improvement. Bad epochs: 8/15

Epoch 21/60 | Time 0m 8s
  Train | loss=0.1889 | top1=94.05% | top2=99.43% | top3=99.97%
  Valid | loss=1.7181 | top1=63.11% | top2=87.74% | top3=98.20% | acc=62.95% | bal_acc=65.13% | macro_f1=0.6541 | qwk=0.7761 | mae=0.4540 | weighted_f1=0.6292 | precision_macro=0.6576 | recall_macro=0.6513
         ovr_roc_auc_macro=0.8675 | ovr_pr_auc_macro=0.6962
 No improvement. Bad epochs: 9/15

Epoch 22/60 | Time 0m 8s
  Train | loss=0.1734 | top1=94.41% | top2=99.49% | top3=99.97%
  Valid | loss=1.7805 | top1=63.11% | top2=87.86% | top3=98.44% | acc=62.95% | bal_acc=63.77% | macro_f1=0.6463 | qwk=0.7609 | mae=0.4722 | weighted_f1=0.6191 | precision_macro=0.6611 | recall_macro=0.6377
         ovr_roc_auc_macro=0.8588 | ovr_pr_auc_macro=0.6892
 No improvement. Bad epochs: 10/15

Epoch 23/60 | Time 0m 8s
  Train | loss=0.1450 | top1=95.26% | top2=99.50% | top3=99.98%
  Valid | loss=2.0209 | top1=60.22% | top2=85.34% | top3=98.32% | acc=59.93% | bal_acc=65.51% | macro_f1=0.6276 | qwk=0.7615 | mae=0.4867 | weighted_f1=0.6040 | precision_macro=0.6184 | recall_macro=0.6551
         ovr_roc_auc_macro=0.8638 | ovr_pr_auc_macro=0.6805
 No improvement. Bad epochs: 11/15

Epoch 24/60 | Time 0m 8s
  Train | loss=0.1430 | top1=95.91% | top2=99.60% | top3=99.98%
  Valid | loss=1.8097 | top1=63.14% | top2=86.54% | top3=98.20% | acc=62.95% | bal_acc=66.82% | macro_f1=0.6667 | qwk=0.7803 | mae=0.4492 | weighted_f1=0.6327 | precision_macro=0.6672 | recall_macro=0.6682
         ovr_roc_auc_macro=0.8626 | ovr_pr_auc_macro=0.6964
 No improvement. Bad epochs: 12/15

Epoch 25/60 | Time 0m 9s
  Train | loss=0.1448 | top1=95.86% | top2=99.53% | top3=99.98%
  Valid | loss=1.9440 | top1=63.91% | top2=83.89% | top3=97.36% | acc=63.68% | bal_acc=65.84% | macro_f1=0.6340 | qwk=0.7735 | mae=0.4576 | weighted_f1=0.6148 | precision_macro=0.6282 | recall_macro=0.6584
         ovr_roc_auc_macro=0.8632 | ovr_pr_auc_macro=0.6896
 No improvement. Bad epochs: 13/15

Epoch 26/60 | Time 0m 8s
  Train | loss=0.1121 | top1=96.81% | top2=99.78% | top3=100.00%
  Valid | loss=1.9431 | top1=63.42% | top2=87.11% | top3=97.84% | acc=63.32% | bal_acc=64.73% | macro_f1=0.6571 | qwk=0.7606 | mae=0.4625 | weighted_f1=0.6294 | precision_macro=0.6732 | recall_macro=0.6473
         ovr_roc_auc_macro=0.8666 | ovr_pr_auc_macro=0.6894
 No improvement. Bad epochs: 14/15

Epoch 27/60 | Time 0m 8s
  Train | loss=0.0969 | top1=97.17% | top2=99.76% | top3=99.98%
  Valid | loss=2.0020 | top1=62.84% | top2=88.10% | top3=98.32% | acc=62.71% | bal_acc=63.70% | macro_f1=0.6456 | qwk=0.7731 | mae=0.4600 | weighted_f1=0.6212 | precision_macro=0.6579 | recall_macro=0.6370
         ovr_roc_auc_macro=0.8642 | ovr_pr_auc_macro=0.6850
 No improvement. Bad epochs: 15/15
Early stopping triggered.
 Training stopped early at epoch 27.

Loading best model and evaluating on test set...
Best validation QWK: 0.7887

Test | loss=1.0026 | top1=67.59% | top2=90.20% | top3=99.22% | acc=67.51% | bal_acc=67.70% | macro_f1=0.6811 | qwk=0.8267 | mae=0.3847 | weighted_f1=0.6654 | precision_macro=0.6976 | recall_macro=0.6770
     ovr_roc_auc_macro=0.8986 | ovr_pr_auc_macro=0.7460

Confusion Matrix:
[[562  59  18   0   0]
 [151 100  40   5   0]
 [ 66 115 228  38   0]
 [  1   8  23 186   5]
 [  0   0   0   9  42]]

Classification Report:
              precision    recall  f1-score   support

    0_Normal     0.7205    0.8795    0.7921       639
  1_Doubtful     0.3546    0.3378    0.3460       296
      2_Mild     0.7379    0.5101    0.6032       447
  3_Moderate     0.7815    0.8341    0.8069       223
    4_Severe     0.8936    0.8235    0.8571        51

    accuracy                         0.6751      1656
   macro avg     0.6976    0.6770    0.6811      1656
weighted avg     0.6733    0.6751    0.6654      1656


Evaluating on auto_test set...

AutoTest | loss=1.0052 | top1=69.28% | top2=90.36% | top3=99.28% | acc=69.13% | bal_acc=69.42% | macro_f1=0.6953 | qwk=0.8308 | mae=0.3676 | weighted_f1=0.6824 | precision_macro=0.7070 | recall_macro=0.6942
Summary CSV saved: /root/autodl-tmp/MedVisionLab/Knee/logs/ResNet_baseline_loss_compare_dasl_resnet50_dasl_5seed_koa_baseline_dasl_seed4_20260808_113358_summary.csv
Checkpoint saved: /root/autodl-tmp/MedVisionLab/Knee/checkpoints/best_resnet50_knee_oa_dasl_resnet50_dasl_5seed_koa_baseline_dasl_seed4.pt

Knee Osteoarthritis ResNet50 loss comparison (dasl) completed!
