COMMAND: /root/miniconda3/envs/medvision/bin/python -u /root/autodl-tmp/MedVisionLab/tools/run_training_with_mecsb.py --variant median --script /root/autodl-tmp/MedVisionLab/Knee/ResNet_layer3+MECS+CE.py
==========================================================================================
==========================================================================================
Injected attention module: MECS_VersionB
Routing representation    : median-anchored dynamic router
Original training script : /root/autodl-tmp/MedVisionLab/Knee/ResNet_layer3+MECS+CE.py
Dataset                  : KOA
Insert after             : layer3
MESC channels            : 1024
Original source modified : no
==========================================================================================
Starting ResNet(layer3)+MECS+DASL Knee Osteoarthritis Baseline...
Using device: cuda
CUDA device: NVIDIA GeForce RTX 4090
Run tag: resnet50_dasl_5seed_koa_mesc_dasl_seed1
Config | seed=1, batch_size=32, epochs=60, image_size=224
Class mapping from folders: {'0': 0, '1': 1, '2': 2, '3': 3, '4': 4}

Train samples: 5778
Train class distribution:
  0_Normal: 2286
  1_Doubtful: 1046
  2_Mild: 1516
  3_Moderate: 757
  4_Severe: 173

Valid samples: 826
Valid class distribution:
  0_Normal: 328
  1_Doubtful: 153
  2_Mild: 212
  3_Moderate: 106
  4_Severe: 27

Test samples: 1656
Test class distribution:
  0_Normal: 639
  1_Doubtful: 296
  2_Mild: 447
  3_Moderate: 223
  4_Severe: 51

AutoTest samples: 1526
AutoTest class distribution:
  0_Normal: 604
  1_Doubtful: 275
  2_Mild: 403
  3_Moderate: 200
  4_Severe: 44

Split sizes | train=5778, valid=826, test=1656, auto_test=1526
Loading ResNet50 with MECS module at layer3...
Trainable parameters: 27,305,297

[INFO] Class counts in training set: [2286 1046 1516  757  173]
[INFO] Using DASL (no tunable loss hyperparameters).
Starting training...

Epoch 01/60 | Time 0m 10s
  Train | loss=1.7868 | top1=40.97% | top2=63.72% | top3=82.19%
  Valid | loss=1.5616 | top1=47.12% | top2=69.83% | top3=86.66% | acc=47.46% | bal_acc=27.31% | macro_f1=0.2156 | qwk=0.4341 | mae=0.8123 | weighted_f1=0.3699 | precision_macro=0.1791 | recall_macro=0.2731
         ovr_roc_auc_macro=0.7437 | ovr_pr_auc_macro=0.4209
 Initial best model saved to /root/autodl-tmp/MedVisionLab/Knee/checkpoints/best_resnet50_mecs_layer3_knee_oa_dasl_resnet50_dasl_5seed_koa_mesc_dasl_seed1.pt (QWK=0.4341)

Epoch 02/60 | Time 0m 10s
  Train | loss=1.4450 | top1=50.79% | top2=75.79% | top3=91.31%
  Valid | loss=1.3647 | top1=53.12% | top2=77.40% | top3=94.55% | acc=53.51% | bal_acc=35.62% | macro_f1=0.3244 | qwk=0.6223 | mae=0.6477 | weighted_f1=0.4595 | precision_macro=0.3181 | recall_macro=0.3562
         ovr_roc_auc_macro=0.8048 | ovr_pr_auc_macro=0.4971
 Validation improved. Saved best model to /root/autodl-tmp/MedVisionLab/Knee/checkpoints/best_resnet50_mecs_layer3_knee_oa_dasl_resnet50_dasl_5seed_koa_mesc_dasl_seed1.pt (QWK=0.6223)

Epoch 03/60 | Time 0m 10s
  Train | loss=1.2090 | top1=57.85% | top2=81.24% | top3=96.98%
  Valid | loss=1.1797 | top1=59.28% | top2=83.45% | top3=96.88% | acc=59.69% | bal_acc=46.68% | macro_f1=0.4146 | qwk=0.6883 | mae=0.5642 | weighted_f1=0.5276 | precision_macro=0.6021 | recall_macro=0.4668
         ovr_roc_auc_macro=0.8529 | ovr_pr_auc_macro=0.6223
 Validation improved. Saved best model to /root/autodl-tmp/MedVisionLab/Knee/checkpoints/best_resnet50_mecs_layer3_knee_oa_dasl_resnet50_dasl_5seed_koa_mesc_dasl_seed1.pt (QWK=0.6883)

Epoch 04/60 | Time 0m 10s
  Train | loss=1.0699 | top1=62.42% | top2=85.09% | top3=97.98%
  Valid | loss=1.1314 | top1=61.85% | top2=85.31% | top3=96.27% | acc=61.74% | bal_acc=61.74% | macro_f1=0.5799 | qwk=0.7230 | mae=0.5351 | weighted_f1=0.5768 | precision_macro=0.6096 | recall_macro=0.6174
         ovr_roc_auc_macro=0.8703 | ovr_pr_auc_macro=0.6796
 Validation improved. Saved best model to /root/autodl-tmp/MedVisionLab/Knee/checkpoints/best_resnet50_mecs_layer3_knee_oa_dasl_resnet50_dasl_5seed_koa_mesc_dasl_seed1.pt (QWK=0.7230)

Epoch 05/60 | Time 0m 10s
  Train | loss=0.9935 | top1=65.71% | top2=87.88% | top3=98.38%
  Valid | loss=1.0537 | top1=62.15% | top2=88.22% | top3=97.48% | acc=61.99% | bal_acc=64.80% | macro_f1=0.6400 | qwk=0.7656 | mae=0.4685 | weighted_f1=0.6216 | precision_macro=0.6329 | recall_macro=0.6480
         ovr_roc_auc_macro=0.8778 | ovr_pr_auc_macro=0.6935
 Validation improved. Saved best model to /root/autodl-tmp/MedVisionLab/Knee/checkpoints/best_resnet50_mecs_layer3_knee_oa_dasl_resnet50_dasl_5seed_koa_mesc_dasl_seed1.pt (QWK=0.7656)

Epoch 06/60 | Time 0m 10s
  Train | loss=0.9382 | top1=66.57% | top2=89.00% | top3=98.77%
  Valid | loss=1.2438 | top1=58.57% | top2=83.89% | top3=96.51% | acc=58.35% | bal_acc=63.02% | macro_f1=0.6142 | qwk=0.7047 | mae=0.5412 | weighted_f1=0.5777 | precision_macro=0.6278 | recall_macro=0.6302
         ovr_roc_auc_macro=0.8635 | ovr_pr_auc_macro=0.6634
 No improvement. Bad epochs: 1/15

Epoch 07/60 | Time 0m 10s
  Train | loss=0.8818 | top1=68.41% | top2=90.07% | top3=99.21%
  Valid | loss=0.9767 | top1=65.24% | top2=88.53% | top3=99.04% | acc=65.38% | bal_acc=60.06% | macro_f1=0.6271 | qwk=0.8036 | mae=0.4116 | weighted_f1=0.6504 | precision_macro=0.6996 | recall_macro=0.6006
         ovr_roc_auc_macro=0.8910 | ovr_pr_auc_macro=0.7105
 Validation improved. Saved best model to /root/autodl-tmp/MedVisionLab/Knee/checkpoints/best_resnet50_mecs_layer3_knee_oa_dasl_resnet50_dasl_5seed_koa_mesc_dasl_seed1.pt (QWK=0.8036)

Epoch 08/60 | Time 0m 10s
  Train | loss=0.8209 | top1=70.61% | top2=91.72% | top3=99.45%
  Valid | loss=0.9665 | top1=66.72% | top2=88.46% | top3=98.80% | acc=66.59% | bal_acc=67.12% | macro_f1=0.6580 | qwk=0.7888 | mae=0.4298 | weighted_f1=0.6388 | precision_macro=0.6698 | recall_macro=0.6712
         ovr_roc_auc_macro=0.8896 | ovr_pr_auc_macro=0.7258
 No improvement. Bad epochs: 1/15

Epoch 09/60 | Time 0m 10s
  Train | loss=0.7928 | top1=72.69% | top2=92.24% | top3=99.43%
  Valid | loss=0.9892 | top1=67.43% | top2=90.14% | top3=98.68% | acc=67.19% | bal_acc=67.36% | macro_f1=0.6254 | qwk=0.8174 | mae=0.4019 | weighted_f1=0.6507 | precision_macro=0.6226 | recall_macro=0.6736
         ovr_roc_auc_macro=0.8891 | ovr_pr_auc_macro=0.7023
 Validation improved. Saved best model to /root/autodl-tmp/MedVisionLab/Knee/checkpoints/best_resnet50_mecs_layer3_knee_oa_dasl_resnet50_dasl_5seed_koa_mesc_dasl_seed1.pt (QWK=0.8174)

Epoch 10/60 | Time 0m 10s
  Train | loss=0.7556 | top1=73.29% | top2=93.14% | top3=99.40%
  Valid | loss=1.0322 | top1=66.77% | top2=89.42% | top3=99.04% | acc=66.59% | bal_acc=66.40% | macro_f1=0.6489 | qwk=0.7852 | mae=0.4334 | weighted_f1=0.6382 | precision_macro=0.6597 | recall_macro=0.6640
         ovr_roc_auc_macro=0.8861 | ovr_pr_auc_macro=0.7147
 No improvement. Bad epochs: 1/15

Epoch 11/60 | Time 0m 10s
  Train | loss=0.7128 | top1=74.65% | top2=93.60% | top3=99.57%
  Valid | loss=1.0414 | top1=64.80% | top2=87.35% | top3=98.56% | acc=64.77% | bal_acc=63.02% | macro_f1=0.6544 | qwk=0.7976 | mae=0.4189 | weighted_f1=0.6497 | precision_macro=0.6874 | recall_macro=0.6302
         ovr_roc_auc_macro=0.8824 | ovr_pr_auc_macro=0.6930
 No improvement. Bad epochs: 2/15

Epoch 12/60 | Time 0m 10s
  Train | loss=0.6900 | top1=75.98% | top2=94.24% | top3=99.69%
  Valid | loss=1.1914 | top1=62.69% | top2=87.06% | top3=99.16% | acc=62.59% | bal_acc=60.38% | macro_f1=0.6216 | qwk=0.7603 | mae=0.4685 | weighted_f1=0.6108 | precision_macro=0.6690 | recall_macro=0.6038
         ovr_roc_auc_macro=0.8704 | ovr_pr_auc_macro=0.6861
 No improvement. Bad epochs: 3/15

Epoch 13/60 | Time 0m 10s
  Train | loss=0.6437 | top1=77.17% | top2=94.64% | top3=99.66%
  Valid | loss=1.0678 | top1=63.92% | top2=88.77% | top3=98.92% | acc=63.80% | bal_acc=65.68% | macro_f1=0.6637 | qwk=0.7998 | mae=0.4213 | weighted_f1=0.6481 | precision_macro=0.6771 | recall_macro=0.6568
         ovr_roc_auc_macro=0.8860 | ovr_pr_auc_macro=0.7061
 No improvement. Bad epochs: 4/15

Epoch 14/60 | Time 0m 10s
  Train | loss=0.5938 | top1=79.34% | top2=95.77% | top3=99.71%
  Valid | loss=1.0356 | top1=66.50% | top2=89.78% | top3=98.80% | acc=66.34% | bal_acc=67.14% | macro_f1=0.6640 | qwk=0.8079 | mae=0.4080 | weighted_f1=0.6544 | precision_macro=0.6639 | recall_macro=0.6714
         ovr_roc_auc_macro=0.8871 | ovr_pr_auc_macro=0.7228
 No improvement. Bad epochs: 5/15

Epoch 15/60 | Time 0m 10s
  Train | loss=0.5766 | top1=79.56% | top2=95.79% | top3=99.84%
  Valid | loss=1.1809 | top1=65.26% | top2=87.81% | top3=98.92% | acc=65.25% | bal_acc=61.98% | macro_f1=0.6341 | qwk=0.7766 | mae=0.4407 | weighted_f1=0.6305 | precision_macro=0.6843 | recall_macro=0.6198
         ovr_roc_auc_macro=0.8771 | ovr_pr_auc_macro=0.6827
 No improvement. Bad epochs: 6/15

Epoch 16/60 | Time 0m 10s
  Train | loss=0.5383 | top1=81.44% | top2=96.44% | top3=99.93%
  Valid | loss=1.1740 | top1=64.19% | top2=88.70% | top3=99.40% | acc=64.04% | bal_acc=64.19% | macro_f1=0.6442 | qwk=0.7787 | mae=0.4455 | weighted_f1=0.6308 | precision_macro=0.6583 | recall_macro=0.6419
         ovr_roc_auc_macro=0.8837 | ovr_pr_auc_macro=0.7160
 No improvement. Bad epochs: 7/15

Epoch 17/60 | Time 0m 10s
  Train | loss=0.4971 | top1=82.37% | top2=96.83% | top3=99.86%
  Valid | loss=1.2828 | top1=64.74% | top2=87.83% | top3=98.80% | acc=64.65% | bal_acc=64.21% | macro_f1=0.6455 | qwk=0.7854 | mae=0.4334 | weighted_f1=0.6389 | precision_macro=0.6553 | recall_macro=0.6421
         ovr_roc_auc_macro=0.8780 | ovr_pr_auc_macro=0.6993
 No improvement. Bad epochs: 8/15

Epoch 18/60 | Time 0m 10s
  Train | loss=0.4586 | top1=84.02% | top2=97.05% | top3=99.91%
  Valid | loss=1.3048 | top1=64.86% | top2=87.50% | top3=99.04% | acc=64.77% | bal_acc=64.06% | macro_f1=0.6433 | qwk=0.8002 | mae=0.4262 | weighted_f1=0.6396 | precision_macro=0.6533 | recall_macro=0.6406
         ovr_roc_auc_macro=0.8722 | ovr_pr_auc_macro=0.6947
 No improvement. Bad epochs: 9/15

Epoch 19/60 | Time 0m 10s
  Train | loss=0.4160 | top1=85.77% | top2=97.81% | top3=99.88%
  Valid | loss=1.2680 | top1=64.71% | top2=87.71% | top3=98.44% | acc=64.65% | bal_acc=64.34% | macro_f1=0.6537 | qwk=0.8042 | mae=0.4201 | weighted_f1=0.6464 | precision_macro=0.6693 | recall_macro=0.6434
         ovr_roc_auc_macro=0.8789 | ovr_pr_auc_macro=0.6997
 No improvement. Bad epochs: 10/15

Epoch 20/60 | Time 0m 10s
  Train | loss=0.3675 | top1=87.76% | top2=98.05% | top3=99.91%
  Valid | loss=1.3531 | top1=61.58% | top2=88.10% | top3=99.16% | acc=61.38% | bal_acc=65.67% | macro_f1=0.6493 | qwk=0.7890 | mae=0.4443 | weighted_f1=0.6278 | precision_macro=0.6637 | recall_macro=0.6567
         ovr_roc_auc_macro=0.8797 | ovr_pr_auc_macro=0.7016
 No improvement. Bad epochs: 11/15

Epoch 21/60 | Time 0m 10s
  Train | loss=0.3474 | top1=88.03% | top2=97.77% | top3=99.91%
  Valid | loss=1.5386 | top1=64.19% | top2=88.70% | top3=98.92% | acc=64.04% | bal_acc=64.83% | macro_f1=0.6525 | qwk=0.7939 | mae=0.4334 | weighted_f1=0.6348 | precision_macro=0.6601 | recall_macro=0.6483
         ovr_roc_auc_macro=0.8764 | ovr_pr_auc_macro=0.7107
 No improvement. Bad epochs: 12/15

Epoch 22/60 | Time 0m 10s
  Train | loss=0.3136 | top1=90.01% | top2=98.71% | top3=99.97%
  Valid | loss=1.6005 | top1=61.96% | top2=85.58% | top3=97.12% | acc=61.74% | bal_acc=67.86% | macro_f1=0.6467 | qwk=0.7768 | mae=0.4613 | weighted_f1=0.6227 | precision_macro=0.6290 | recall_macro=0.6786
         ovr_roc_auc_macro=0.8758 | ovr_pr_auc_macro=0.6969
 No improvement. Bad epochs: 13/15

Epoch 23/60 | Time 0m 10s
  Train | loss=0.2766 | top1=90.67% | top2=98.88% | top3=100.00%
  Valid | loss=1.5013 | top1=65.21% | top2=87.74% | top3=98.44% | acc=65.01% | bal_acc=67.20% | macro_f1=0.6466 | qwk=0.7943 | mae=0.4298 | weighted_f1=0.6398 | precision_macro=0.6346 | recall_macro=0.6720
         ovr_roc_auc_macro=0.8771 | ovr_pr_auc_macro=0.7026
 No improvement. Bad epochs: 14/15

Epoch 24/60 | Time 0m 10s
  Train | loss=0.2421 | top1=92.48% | top2=99.14% | top3=99.98%
  Valid | loss=1.7225 | top1=62.75% | top2=87.35% | top3=98.92% | acc=62.59% | bal_acc=62.20% | macro_f1=0.6286 | qwk=0.7753 | mae=0.4613 | weighted_f1=0.6175 | precision_macro=0.6502 | recall_macro=0.6220
         ovr_roc_auc_macro=0.8673 | ovr_pr_auc_macro=0.6865
 No improvement. Bad epochs: 15/15
⏹ Early stopping triggered.
 Training stopped early at epoch 24.

Loading best model and evaluating on test set...
Best validation QWK: 0.8174

Test | loss=0.8908 | top1=68.27% | top2=90.26% | top3=99.46% | acc=68.12% | bal_acc=68.48% | macro_f1=0.6388 | qwk=0.8268 | mae=0.3901 | weighted_f1=0.6518 | precision_macro=0.6377 | recall_macro=0.6848
     ovr_roc_auc_macro=0.9050 | ovr_pr_auc_macro=0.7361

Evaluating on auto_test set...

AutoTest | loss=0.8844 | top1=68.75% | top2=90.82% | top3=99.48% | acc=68.55% | bal_acc=69.14% | macro_f1=0.6476 | qwk=0.8300 | mae=0.3814 | weighted_f1=0.6591 | precision_macro=0.6432 | recall_macro=0.6914
         ovr_roc_auc_macro=0.9066 | ovr_pr_auc_macro=0.7368

ResNet(layer3)+MECS+DASL Knee Osteoarthritis baseline completed!
