COMMAND: /root/miniconda3/envs/medvision/bin/python -u /root/autodl-tmp/MedVisionLab/Knee/ResNet_baseline_loss_compare.py
==========================================================================================
Starting Knee Osteoarthritis ResNet50 loss comparison: DASL
Using device: cuda
CUDA device: NVIDIA GeForce RTX 4090
Run tag: resnet50_dasl_5seed_koa_baseline_dasl_seed1
Data root: /root/autodl-tmp/Knee_Osteoarthritis
Config | seed=1, img_size=224, batch_size=32, epochs=60, num_workers=4, lr_backbone=0.0001, lr_head=0.001, weight_decay=0.0001, patience=15, early_delta=0.0001
Class mapping from folders: {'0': 0, '1': 1, '2': 2, '3': 3, '4': 4}

Train samples: 5778
Train class distribution:
  0_Normal: 2286
  1_Doubtful: 1046
  2_Mild: 1516
  3_Moderate: 757
  4_Severe: 173

Valid samples: 826
Valid class distribution:
  0_Normal: 328
  1_Doubtful: 153
  2_Mild: 212
  3_Moderate: 106
  4_Severe: 27

Test samples: 1656
Test class distribution:
  0_Normal: 639
  1_Doubtful: 296
  2_Mild: 447
  3_Moderate: 223
  4_Severe: 51

AutoTest samples: 1526
AutoTest class distribution:
  0_Normal: 604
  1_Doubtful: 275
  2_Mild: 403
  3_Moderate: 200
  4_Severe: 44

Split sizes | train=5778, valid=826, test=1656, auto_test=1526
Loading pretrained ResNet50...
Trainable parameters: 23,518,277

[INFO] Class counts in training set: [2286 1046 1516  757  173]
[INFO] Using DASL
       no tunable loss hyperparameters
Starting training...

Epoch 01/60 | Time 0m 9s
  Train | loss=1.8770 | top1=37.11% | top2=62.73% | top3=81.93%
  Valid | loss=1.7729 | top1=39.66% | top2=64.54% | top3=83.29% | acc=39.95% | bal_acc=20.49% | macro_f1=0.1320 | qwk=0.0419 | mae=1.1755 | weighted_f1=0.2497 | precision_macro=0.1375 | recall_macro=0.2049
         ovr_roc_auc_macro=0.6116 | ovr_pr_auc_macro=0.2750
 Initial best model saved to /root/autodl-tmp/MedVisionLab/Knee/checkpoints/best_resnet50_knee_oa_dasl_resnet50_dasl_5seed_koa_baseline_dasl_seed1.pt (QWK=0.0419)

Epoch 02/60 | Time 0m 8s
  Train | loss=1.6428 | top1=44.48% | top2=68.16% | top3=85.37%
  Valid | loss=1.5114 | top1=47.24% | top2=75.12% | top3=90.26% | acc=47.58% | bal_acc=27.10% | macro_f1=0.2135 | qwk=0.4649 | mae=0.7954 | weighted_f1=0.3677 | precision_macro=0.1781 | recall_macro=0.2710
         ovr_roc_auc_macro=0.7597 | ovr_pr_auc_macro=0.4249
 Validation improved. Saved best model to /root/autodl-tmp/MedVisionLab/Knee/checkpoints/best_resnet50_knee_oa_dasl_resnet50_dasl_5seed_koa_baseline_dasl_seed1.pt (QWK=0.4649)

Epoch 03/60 | Time 0m 8s
  Train | loss=1.3213 | top1=54.32% | top2=78.93% | top3=94.70%
  Valid | loss=1.2554 | top1=57.17% | top2=77.86% | top3=96.75% | acc=57.51% | bal_acc=42.44% | macro_f1=0.4062 | qwk=0.6648 | mae=0.5799 | weighted_f1=0.5091 | precision_macro=0.5577 | recall_macro=0.4244
         ovr_roc_auc_macro=0.8333 | ovr_pr_auc_macro=0.5889
 Validation improved. Saved best model to /root/autodl-tmp/MedVisionLab/Knee/checkpoints/best_resnet50_knee_oa_dasl_resnet50_dasl_5seed_koa_baseline_dasl_seed1.pt (QWK=0.6648)

Epoch 04/60 | Time 0m 8s
  Train | loss=1.0921 | top1=61.94% | top2=85.41% | top3=98.01%
  Valid | loss=1.0687 | top1=60.40% | top2=84.98% | top3=98.20% | acc=60.17% | bal_acc=64.32% | macro_f1=0.6244 | qwk=0.7595 | mae=0.4879 | weighted_f1=0.6003 | precision_macro=0.6192 | recall_macro=0.6432
         ovr_roc_auc_macro=0.8645 | ovr_pr_auc_macro=0.6833
 Validation improved. Saved best model to /root/autodl-tmp/MedVisionLab/Knee/checkpoints/best_resnet50_knee_oa_dasl_resnet50_dasl_5seed_koa_baseline_dasl_seed1.pt (QWK=0.7595)

Epoch 05/60 | Time 0m 8s
  Train | loss=0.9638 | top1=65.51% | top2=88.15% | top3=99.03%
  Valid | loss=1.0156 | top1=63.67% | top2=88.46% | top3=99.04% | acc=63.44% | bal_acc=65.48% | macro_f1=0.6293 | qwk=0.7940 | mae=0.4443 | weighted_f1=0.6232 | precision_macro=0.6241 | recall_macro=0.6548
         ovr_roc_auc_macro=0.8688 | ovr_pr_auc_macro=0.6975
 Validation improved. Saved best model to /root/autodl-tmp/MedVisionLab/Knee/checkpoints/best_resnet50_knee_oa_dasl_resnet50_dasl_5seed_koa_baseline_dasl_seed1.pt (QWK=0.7940)

Epoch 06/60 | Time 0m 9s
  Train | loss=0.9194 | top1=67.84% | top2=89.29% | top3=98.77%
  Valid | loss=1.0142 | top1=66.08% | top2=88.07% | top3=97.60% | acc=65.86% | bal_acc=66.07% | macro_f1=0.6074 | qwk=0.7722 | mae=0.4479 | weighted_f1=0.6101 | precision_macro=0.6422 | recall_macro=0.6607
         ovr_roc_auc_macro=0.8845 | ovr_pr_auc_macro=0.7194
 No improvement. Bad epochs: 1/15

Epoch 07/60 | Time 0m 8s
  Train | loss=0.8477 | top1=69.80% | top2=91.38% | top3=99.27%
  Valid | loss=1.0388 | top1=64.49% | top2=88.07% | top3=98.68% | acc=64.29% | bal_acc=62.47% | macro_f1=0.6136 | qwk=0.7906 | mae=0.4419 | weighted_f1=0.6138 | precision_macro=0.6421 | recall_macro=0.6247
         ovr_roc_auc_macro=0.8784 | ovr_pr_auc_macro=0.6967
 No improvement. Bad epochs: 2/15

Epoch 08/60 | Time 0m 9s
  Train | loss=0.7903 | top1=71.25% | top2=92.26% | top3=99.22%
  Valid | loss=1.1405 | top1=59.17% | top2=86.30% | top3=97.48% | acc=58.96% | bal_acc=63.79% | macro_f1=0.6148 | qwk=0.7361 | mae=0.5121 | weighted_f1=0.5872 | precision_macro=0.6080 | recall_macro=0.6379
         ovr_roc_auc_macro=0.8717 | ovr_pr_auc_macro=0.6900
 No improvement. Bad epochs: 3/15

Epoch 09/60 | Time 0m 9s
  Train | loss=0.7489 | top1=73.24% | top2=92.80% | top3=99.45%
  Valid | loss=1.0271 | top1=63.23% | top2=88.67% | top3=98.80% | acc=63.08% | bal_acc=67.24% | macro_f1=0.6719 | qwk=0.7952 | mae=0.4286 | weighted_f1=0.6421 | precision_macro=0.6792 | recall_macro=0.6724
         ovr_roc_auc_macro=0.8858 | ovr_pr_auc_macro=0.7183
 Validation improved. Saved best model to /root/autodl-tmp/MedVisionLab/Knee/checkpoints/best_resnet50_knee_oa_dasl_resnet50_dasl_5seed_koa_baseline_dasl_seed1.pt (QWK=0.7952)

Epoch 10/60 | Time 0m 9s
  Train | loss=0.6805 | top1=76.83% | top2=94.22% | top3=99.52%
  Valid | loss=1.0171 | top1=67.25% | top2=89.90% | top3=98.32% | acc=67.07% | bal_acc=67.30% | macro_f1=0.6557 | qwk=0.8212 | mae=0.3923 | weighted_f1=0.6624 | precision_macro=0.6557 | recall_macro=0.6730
         ovr_roc_auc_macro=0.8842 | ovr_pr_auc_macro=0.7258
 Validation improved. Saved best model to /root/autodl-tmp/MedVisionLab/Knee/checkpoints/best_resnet50_knee_oa_dasl_resnet50_dasl_5seed_koa_baseline_dasl_seed1.pt (QWK=0.8212)

Epoch 11/60 | Time 0m 9s
  Train | loss=0.6373 | top1=78.10% | top2=94.63% | top3=99.65%
  Valid | loss=1.1345 | top1=62.39% | top2=86.27% | top3=97.36% | acc=62.23% | bal_acc=65.84% | macro_f1=0.6439 | qwk=0.7608 | mae=0.4746 | weighted_f1=0.6221 | precision_macro=0.6329 | recall_macro=0.6584
         ovr_roc_auc_macro=0.8728 | ovr_pr_auc_macro=0.6976
 No improvement. Bad epochs: 1/15

Epoch 12/60 | Time 0m 8s
  Train | loss=0.5820 | top1=79.59% | top2=95.39% | top3=99.74%
  Valid | loss=1.0759 | top1=68.40% | top2=88.94% | top3=98.44% | acc=68.28% | bal_acc=69.06% | macro_f1=0.6881 | qwk=0.8050 | mae=0.3983 | weighted_f1=0.6745 | precision_macro=0.6902 | recall_macro=0.6906
         ovr_roc_auc_macro=0.8859 | ovr_pr_auc_macro=0.7174
 No improvement. Bad epochs: 2/15

Epoch 13/60 | Time 0m 8s
  Train | loss=0.5190 | top1=82.50% | top2=96.36% | top3=99.74%
  Valid | loss=1.2071 | top1=64.94% | top2=88.22% | top3=98.68% | acc=64.77% | bal_acc=64.35% | macro_f1=0.6387 | qwk=0.7934 | mae=0.4370 | weighted_f1=0.6293 | precision_macro=0.6558 | recall_macro=0.6435
         ovr_roc_auc_macro=0.8783 | ovr_pr_auc_macro=0.7086
 No improvement. Bad epochs: 3/15

Epoch 14/60 | Time 0m 8s
  Train | loss=0.4656 | top1=84.40% | top2=96.82% | top3=99.84%
  Valid | loss=1.3710 | top1=64.37% | top2=87.35% | top3=97.84% | acc=64.16% | bal_acc=64.87% | macro_f1=0.6233 | qwk=0.7688 | mae=0.4600 | weighted_f1=0.6219 | precision_macro=0.6273 | recall_macro=0.6487
         ovr_roc_auc_macro=0.8715 | ovr_pr_auc_macro=0.6842
 No improvement. Bad epochs: 4/15

Epoch 15/60 | Time 0m 8s
  Train | loss=0.3951 | top1=86.98% | top2=98.08% | top3=99.88%
  Valid | loss=1.4240 | top1=65.49% | top2=87.95% | top3=98.56% | acc=65.38% | bal_acc=63.97% | macro_f1=0.6463 | qwk=0.7961 | mae=0.4262 | weighted_f1=0.6362 | precision_macro=0.6642 | recall_macro=0.6397
         ovr_roc_auc_macro=0.8756 | ovr_pr_auc_macro=0.7032
 No improvement. Bad epochs: 5/15

Epoch 16/60 | Time 0m 9s
  Train | loss=0.3552 | top1=88.73% | top2=97.96% | top3=99.93%
  Valid | loss=1.5743 | top1=60.71% | top2=89.40% | top3=98.44% | acc=60.53% | bal_acc=64.02% | macro_f1=0.6466 | qwk=0.7864 | mae=0.4479 | weighted_f1=0.6242 | precision_macro=0.6803 | recall_macro=0.6402
         ovr_roc_auc_macro=0.8666 | ovr_pr_auc_macro=0.6872
 No improvement. Bad epochs: 6/15

Epoch 17/60 | Time 0m 9s
  Train | loss=0.3159 | top1=90.07% | top2=98.36% | top3=99.88%
  Valid | loss=1.7194 | top1=59.24% | top2=88.22% | top3=98.56% | acc=59.08% | bal_acc=61.70% | macro_f1=0.6140 | qwk=0.7717 | mae=0.4806 | weighted_f1=0.6002 | precision_macro=0.6169 | recall_macro=0.6170
         ovr_roc_auc_macro=0.8642 | ovr_pr_auc_macro=0.6860
 No improvement. Bad epochs: 7/15

Epoch 18/60 | Time 0m 9s
  Train | loss=0.2440 | top1=92.10% | top2=99.07% | top3=99.97%
  Valid | loss=1.6810 | top1=60.56% | top2=88.17% | top3=98.08% | acc=60.41% | bal_acc=61.77% | macro_f1=0.6274 | qwk=0.7780 | mae=0.4673 | weighted_f1=0.6082 | precision_macro=0.6432 | recall_macro=0.6177
         ovr_roc_auc_macro=0.8562 | ovr_pr_auc_macro=0.6632
 No improvement. Bad epochs: 8/15

Epoch 19/60 | Time 0m 8s
  Train | loss=0.2463 | top1=92.72% | top2=98.99% | top3=99.93%
  Valid | loss=1.7354 | top1=62.12% | top2=86.51% | top3=97.84% | acc=61.99% | bal_acc=62.90% | macro_f1=0.6241 | qwk=0.7574 | mae=0.4794 | weighted_f1=0.6100 | precision_macro=0.6260 | recall_macro=0.6290
         ovr_roc_auc_macro=0.8636 | ovr_pr_auc_macro=0.6656
 No improvement. Bad epochs: 9/15

Epoch 20/60 | Time 0m 9s
  Train | loss=0.2024 | top1=93.79% | top2=99.29% | top3=99.98%
  Valid | loss=1.6450 | top1=61.82% | top2=87.59% | top3=98.44% | acc=61.62% | bal_acc=63.91% | macro_f1=0.6373 | qwk=0.7808 | mae=0.4625 | weighted_f1=0.6165 | precision_macro=0.6391 | recall_macro=0.6391
         ovr_roc_auc_macro=0.8695 | ovr_pr_auc_macro=0.6966
 No improvement. Bad epochs: 10/15

Epoch 21/60 | Time 0m 9s
  Train | loss=0.1796 | top1=94.72% | top2=99.27% | top3=99.97%
  Valid | loss=1.8897 | top1=62.79% | top2=87.32% | top3=98.80% | acc=62.71% | bal_acc=60.64% | macro_f1=0.6308 | qwk=0.7705 | mae=0.4637 | weighted_f1=0.6179 | precision_macro=0.6696 | recall_macro=0.6064
         ovr_roc_auc_macro=0.8577 | ovr_pr_auc_macro=0.6745
 No improvement. Bad epochs: 11/15

Epoch 22/60 | Time 0m 9s
  Train | loss=0.1573 | top1=95.08% | top2=99.40% | top3=99.98%
  Valid | loss=1.6639 | top1=63.30% | top2=88.43% | top3=98.32% | acc=63.20% | bal_acc=62.00% | macro_f1=0.6097 | qwk=0.7823 | mae=0.4540 | weighted_f1=0.6161 | precision_macro=0.6079 | recall_macro=0.6200
         ovr_roc_auc_macro=0.8723 | ovr_pr_auc_macro=0.6864
 No improvement. Bad epochs: 12/15

Epoch 23/60 | Time 0m 9s
  Train | loss=0.1421 | top1=95.70% | top2=99.50% | top3=99.97%
  Valid | loss=1.8810 | top1=60.73% | top2=87.23% | top3=98.32% | acc=60.53% | bal_acc=62.51% | macro_f1=0.6122 | qwk=0.7697 | mae=0.4818 | weighted_f1=0.6035 | precision_macro=0.6053 | recall_macro=0.6251
         ovr_roc_auc_macro=0.8600 | ovr_pr_auc_macro=0.6742
 No improvement. Bad epochs: 13/15

Epoch 24/60 | Time 0m 8s
  Train | loss=0.1211 | top1=96.22% | top2=99.71% | top3=99.97%
  Valid | loss=1.8630 | top1=63.19% | top2=86.30% | top3=97.48% | acc=62.95% | bal_acc=66.17% | macro_f1=0.6207 | qwk=0.7617 | mae=0.4818 | weighted_f1=0.6111 | precision_macro=0.6003 | recall_macro=0.6617
         ovr_roc_auc_macro=0.8663 | ovr_pr_auc_macro=0.6788
 No improvement. Bad epochs: 14/15

Epoch 25/60 | Time 0m 8s
  Train | loss=0.1125 | top1=96.82% | top2=99.55% | top3=100.00%
  Valid | loss=1.8884 | top1=62.69% | top2=87.59% | top3=98.44% | acc=62.59% | bal_acc=62.87% | macro_f1=0.6396 | qwk=0.7681 | mae=0.4661 | weighted_f1=0.6221 | precision_macro=0.6553 | recall_macro=0.6287
         ovr_roc_auc_macro=0.8627 | ovr_pr_auc_macro=0.6835
 No improvement. Bad epochs: 15/15
Early stopping triggered.
 Training stopped early at epoch 25.

Loading best model and evaluating on test set...
Best validation QWK: 0.8212

Test | loss=0.9652 | top1=66.27% | top2=90.06% | top3=99.26% | acc=66.12% | bal_acc=67.00% | macro_f1=0.6578 | qwk=0.8212 | mae=0.3998 | weighted_f1=0.6518 | precision_macro=0.6573 | recall_macro=0.6700
     ovr_roc_auc_macro=0.8932 | ovr_pr_auc_macro=0.7304

Confusion Matrix:
[[551  70  18   0   0]
 [152  83  57   4   0]
 [ 69  98 254  26   0]
 [  1   8  37 160  17]
 [  0   0   0   4  47]]

Classification Report:
              precision    recall  f1-score   support

    0_Normal     0.7128    0.8623    0.7805       639
  1_Doubtful     0.3205    0.2804    0.2991       296
      2_Mild     0.6940    0.5682    0.6248       447
  3_Moderate     0.8247    0.7175    0.7674       223
    4_Severe     0.7344    0.9216    0.8174        51

    accuracy                         0.6612      1656
   macro avg     0.6573    0.6700    0.6578      1656
weighted avg     0.6533    0.6612    0.6518      1656


Evaluating on auto_test set...

AutoTest | loss=0.9417 | top1=67.81% | top2=90.27% | top3=99.51% | acc=67.63% | bal_acc=67.82% | macro_f1=0.6741 | qwk=0.8263 | mae=0.3807 | weighted_f1=0.6676 | precision_macro=0.6816 | recall_macro=0.6782
Summary CSV saved: /root/autodl-tmp/MedVisionLab/Knee/logs/ResNet_baseline_loss_compare_dasl_resnet50_dasl_5seed_koa_baseline_dasl_seed1_20260808_112546_summary.csv
Checkpoint saved: /root/autodl-tmp/MedVisionLab/Knee/checkpoints/best_resnet50_knee_oa_dasl_resnet50_dasl_5seed_koa_baseline_dasl_seed1.pt

Knee Osteoarthritis ResNet50 loss comparison (dasl) completed!
