COMMAND: /root/miniconda3/envs/medvision/bin/python -u /root/autodl-tmp/MedVisionLab/Knee/ResNet_baseline_loss_compare.py
==========================================================================================
Starting Knee Osteoarthritis ResNet50 loss comparison: DASL
Using device: cuda
CUDA device: NVIDIA GeForce RTX 4090
Run tag: resnet50_dasl_5seed_koa_baseline_dasl_seed9
Data root: /root/autodl-tmp/Knee_Osteoarthritis
Config | seed=9, img_size=224, batch_size=32, epochs=60, num_workers=4, lr_backbone=0.0001, lr_head=0.001, weight_decay=0.0001, patience=15, early_delta=0.0001
Class mapping from folders: {'0': 0, '1': 1, '2': 2, '3': 3, '4': 4}

Train samples: 5778
Train class distribution:
  0_Normal: 2286
  1_Doubtful: 1046
  2_Mild: 1516
  3_Moderate: 757
  4_Severe: 173

Valid samples: 826
Valid class distribution:
  0_Normal: 328
  1_Doubtful: 153
  2_Mild: 212
  3_Moderate: 106
  4_Severe: 27

Test samples: 1656
Test class distribution:
  0_Normal: 639
  1_Doubtful: 296
  2_Mild: 447
  3_Moderate: 223
  4_Severe: 51

AutoTest samples: 1526
AutoTest class distribution:
  0_Normal: 604
  1_Doubtful: 275
  2_Mild: 403
  3_Moderate: 200
  4_Severe: 44

Split sizes | train=5778, valid=826, test=1656, auto_test=1526
Loading pretrained ResNet50...
Trainable parameters: 23,518,277

[INFO] Class counts in training set: [2286 1046 1516  757  173]
[INFO] Using DASL
       no tunable loss hyperparameters
Starting training...

Epoch 01/60 | Time 0m 9s
  Train | loss=1.8629 | top1=38.42% | top2=64.34% | top3=82.95%
  Valid | loss=1.7784 | top1=39.78% | top2=64.90% | top3=83.29% | acc=40.07% | bal_acc=20.28% | macro_f1=0.1197 | qwk=0.0100 | mae=1.2022 | weighted_f1=0.2338 | precision_macro=0.1999 | recall_macro=0.2028
         ovr_roc_auc_macro=0.6063 | ovr_pr_auc_macro=0.2705
 Initial best model saved to /root/autodl-tmp/MedVisionLab/Knee/checkpoints/best_resnet50_knee_oa_dasl_resnet50_dasl_5seed_koa_baseline_dasl_seed9.pt (QWK=0.0100)

Epoch 02/60 | Time 0m 9s
  Train | loss=1.6437 | top1=44.03% | top2=68.33% | top3=86.00%
  Valid | loss=1.5179 | top1=47.24% | top2=74.76% | top3=90.14% | acc=47.58% | bal_acc=27.73% | macro_f1=0.2219 | qwk=0.4673 | mae=0.7869 | weighted_f1=0.3752 | precision_macro=0.2478 | recall_macro=0.2773
         ovr_roc_auc_macro=0.7582 | ovr_pr_auc_macro=0.4212
 Validation improved. Saved best model to /root/autodl-tmp/MedVisionLab/Knee/checkpoints/best_resnet50_knee_oa_dasl_resnet50_dasl_5seed_koa_baseline_dasl_seed9.pt (QWK=0.4673)

Epoch 03/60 | Time 0m 8s
  Train | loss=1.3134 | top1=54.63% | top2=79.39% | top3=94.73%
  Valid | loss=1.1895 | top1=55.05% | top2=83.55% | top3=97.72% | acc=55.45% | bal_acc=39.87% | macro_f1=0.3763 | qwk=0.6644 | mae=0.5981 | weighted_f1=0.5030 | precision_macro=0.3864 | recall_macro=0.3987
         ovr_roc_auc_macro=0.8405 | ovr_pr_auc_macro=0.5924
 Validation improved. Saved best model to /root/autodl-tmp/MedVisionLab/Knee/checkpoints/best_resnet50_knee_oa_dasl_resnet50_dasl_5seed_koa_baseline_dasl_seed9.pt (QWK=0.6644)

Epoch 04/60 | Time 0m 8s
  Train | loss=1.0916 | top1=62.43% | top2=85.80% | top3=98.05%
  Valid | loss=1.0859 | top1=60.73% | top2=85.89% | top3=98.17% | acc=60.90% | bal_acc=51.25% | macro_f1=0.5370 | qwk=0.7263 | mae=0.5048 | weighted_f1=0.5768 | precision_macro=0.6510 | recall_macro=0.5125
         ovr_roc_auc_macro=0.8701 | ovr_pr_auc_macro=0.6659
 Validation improved. Saved best model to /root/autodl-tmp/MedVisionLab/Knee/checkpoints/best_resnet50_knee_oa_dasl_resnet50_dasl_5seed_koa_baseline_dasl_seed9.pt (QWK=0.7263)

Epoch 05/60 | Time 0m 8s
  Train | loss=0.9756 | top1=66.20% | top2=88.28% | top3=98.64%
  Valid | loss=1.0183 | top1=62.24% | top2=86.78% | top3=98.32% | acc=62.11% | bal_acc=64.16% | macro_f1=0.6544 | qwk=0.7895 | mae=0.4455 | weighted_f1=0.6275 | precision_macro=0.6728 | recall_macro=0.6416
         ovr_roc_auc_macro=0.8801 | ovr_pr_auc_macro=0.7123
 Validation improved. Saved best model to /root/autodl-tmp/MedVisionLab/Knee/checkpoints/best_resnet50_knee_oa_dasl_resnet50_dasl_5seed_koa_baseline_dasl_seed9.pt (QWK=0.7895)

Epoch 06/60 | Time 0m 8s
  Train | loss=0.9014 | top1=68.12% | top2=89.53% | top3=99.07%
  Valid | loss=1.0214 | top1=62.23% | top2=87.26% | top3=98.20% | acc=61.99% | bal_acc=67.36% | macro_f1=0.6402 | qwk=0.7780 | mae=0.4649 | weighted_f1=0.6228 | precision_macro=0.6180 | recall_macro=0.6736
         ovr_roc_auc_macro=0.8819 | ovr_pr_auc_macro=0.7096
 No improvement. Bad epochs: 1/15

Epoch 07/60 | Time 0m 8s
  Train | loss=0.8553 | top1=69.69% | top2=90.83% | top3=99.15%
  Valid | loss=0.9860 | top1=63.07% | top2=88.10% | top3=99.04% | acc=62.83% | bal_acc=67.80% | macro_f1=0.6627 | qwk=0.8013 | mae=0.4310 | weighted_f1=0.6358 | precision_macro=0.6543 | recall_macro=0.6780
         ovr_roc_auc_macro=0.8841 | ovr_pr_auc_macro=0.7084
 Validation improved. Saved best model to /root/autodl-tmp/MedVisionLab/Knee/checkpoints/best_resnet50_knee_oa_dasl_resnet50_dasl_5seed_koa_baseline_dasl_seed9.pt (QWK=0.8013)

Epoch 08/60 | Time 0m 8s
  Train | loss=0.7845 | top1=72.58% | top2=92.72% | top3=99.40%
  Valid | loss=1.0435 | top1=62.62% | top2=86.78% | top3=98.56% | acc=62.35% | bal_acc=66.37% | macro_f1=0.6324 | qwk=0.7845 | mae=0.4540 | weighted_f1=0.6266 | precision_macro=0.6247 | recall_macro=0.6637
         ovr_roc_auc_macro=0.8819 | ovr_pr_auc_macro=0.7068
 No improvement. Bad epochs: 1/15

Epoch 09/60 | Time 0m 8s
  Train | loss=0.7458 | top1=73.40% | top2=93.18% | top3=99.43%
  Valid | loss=1.0652 | top1=66.42% | top2=88.46% | top3=99.16% | acc=66.34% | bal_acc=65.62% | macro_f1=0.6658 | qwk=0.8003 | mae=0.4092 | weighted_f1=0.6585 | precision_macro=0.6781 | recall_macro=0.6562
         ovr_roc_auc_macro=0.8823 | ovr_pr_auc_macro=0.7017
 No improvement. Bad epochs: 2/15

Epoch 10/60 | Time 0m 8s
  Train | loss=0.6919 | top1=75.96% | top2=94.16% | top3=99.57%
  Valid | loss=1.0908 | top1=65.58% | top2=87.86% | top3=98.92% | acc=65.50% | bal_acc=64.35% | macro_f1=0.6596 | qwk=0.8009 | mae=0.4165 | weighted_f1=0.6486 | precision_macro=0.6881 | recall_macro=0.6435
         ovr_roc_auc_macro=0.8766 | ovr_pr_auc_macro=0.7056
 No improvement. Bad epochs: 3/15

Epoch 11/60 | Time 0m 8s
  Train | loss=0.6245 | top1=78.23% | top2=95.34% | top3=99.62%
  Valid | loss=1.1464 | top1=60.84% | top2=88.98% | top3=98.44% | acc=60.77% | bal_acc=62.10% | macro_f1=0.6437 | qwk=0.7898 | mae=0.4431 | weighted_f1=0.6261 | precision_macro=0.6857 | recall_macro=0.6210
         ovr_roc_auc_macro=0.8794 | ovr_pr_auc_macro=0.6999
 No improvement. Bad epochs: 4/15

Epoch 12/60 | Time 0m 8s
  Train | loss=0.5842 | top1=79.68% | top2=95.86% | top3=99.83%
  Valid | loss=1.2382 | top1=63.50% | top2=88.22% | top3=98.92% | acc=63.32% | bal_acc=63.66% | macro_f1=0.6405 | qwk=0.7825 | mae=0.4540 | weighted_f1=0.6172 | precision_macro=0.6723 | recall_macro=0.6366
         ovr_roc_auc_macro=0.8721 | ovr_pr_auc_macro=0.7118
 No improvement. Bad epochs: 5/15

Epoch 13/60 | Time 0m 8s
  Train | loss=0.5156 | top1=82.64% | top2=96.20% | top3=99.78%
  Valid | loss=1.4420 | top1=63.53% | top2=86.42% | top3=98.68% | acc=63.32% | bal_acc=63.86% | macro_f1=0.6359 | qwk=0.7824 | mae=0.4576 | weighted_f1=0.6111 | precision_macro=0.6537 | recall_macro=0.6386
         ovr_roc_auc_macro=0.8622 | ovr_pr_auc_macro=0.6968
 No improvement. Bad epochs: 6/15

Epoch 14/60 | Time 0m 8s
  Train | loss=0.4863 | top1=83.60% | top2=97.17% | top3=99.72%
  Valid | loss=1.4171 | top1=62.08% | top2=87.02% | top3=98.80% | acc=61.86% | bal_acc=62.27% | macro_f1=0.6193 | qwk=0.7615 | mae=0.4831 | weighted_f1=0.5997 | precision_macro=0.6488 | recall_macro=0.6227
         ovr_roc_auc_macro=0.8691 | ovr_pr_auc_macro=0.6941
 No improvement. Bad epochs: 7/15

Epoch 15/60 | Time 0m 8s
  Train | loss=0.4234 | top1=85.89% | top2=97.40% | top3=99.90%
  Valid | loss=1.5716 | top1=60.16% | top2=85.58% | top3=98.20% | acc=59.93% | bal_acc=62.00% | macro_f1=0.6077 | qwk=0.7501 | mae=0.5073 | weighted_f1=0.5895 | precision_macro=0.6175 | recall_macro=0.6200
         ovr_roc_auc_macro=0.8569 | ovr_pr_auc_macro=0.6762
 No improvement. Bad epochs: 8/15

Epoch 16/60 | Time 0m 8s
  Train | loss=0.3720 | top1=87.60% | top2=98.16% | top3=99.91%
  Valid | loss=1.3819 | top1=64.65% | top2=86.43% | top3=99.04% | acc=64.65% | bal_acc=61.86% | macro_f1=0.6426 | qwk=0.7802 | mae=0.4370 | weighted_f1=0.6369 | precision_macro=0.6873 | recall_macro=0.6186
         ovr_roc_auc_macro=0.8708 | ovr_pr_auc_macro=0.6875
 No improvement. Bad epochs: 9/15

Epoch 17/60 | Time 0m 8s
  Train | loss=0.3305 | top1=89.51% | top2=98.19% | top3=99.91%
  Valid | loss=1.3779 | top1=59.62% | top2=88.79% | top3=99.04% | acc=59.44% | bal_acc=62.92% | macro_f1=0.6322 | qwk=0.7859 | mae=0.4649 | weighted_f1=0.6063 | precision_macro=0.6446 | recall_macro=0.6292
         ovr_roc_auc_macro=0.8673 | ovr_pr_auc_macro=0.6994
 No improvement. Bad epochs: 10/15

Epoch 18/60 | Time 0m 8s
  Train | loss=0.2887 | top1=90.55% | top2=98.79% | top3=99.97%
  Valid | loss=1.5838 | top1=62.93% | top2=88.22% | top3=98.44% | acc=62.71% | bal_acc=63.02% | macro_f1=0.6306 | qwk=0.7818 | mae=0.4528 | weighted_f1=0.6196 | precision_macro=0.6557 | recall_macro=0.6302
         ovr_roc_auc_macro=0.8652 | ovr_pr_auc_macro=0.6901
 No improvement. Bad epochs: 11/15

Epoch 19/60 | Time 0m 9s
  Train | loss=0.2392 | top1=92.32% | top2=99.02% | top3=99.97%
  Valid | loss=1.6945 | top1=59.81% | top2=83.99% | top3=97.60% | acc=59.69% | bal_acc=62.94% | macro_f1=0.6294 | qwk=0.7327 | mae=0.5000 | weighted_f1=0.6000 | precision_macro=0.6537 | recall_macro=0.6294
         ovr_roc_auc_macro=0.8689 | ovr_pr_auc_macro=0.6876
 No improvement. Bad epochs: 12/15

Epoch 20/60 | Time 0m 8s
  Train | loss=0.2259 | top1=92.91% | top2=98.91% | top3=99.98%
  Valid | loss=1.7150 | top1=63.20% | top2=86.75% | top3=97.84% | acc=63.08% | bal_acc=62.53% | macro_f1=0.6248 | qwk=0.7732 | mae=0.4625 | weighted_f1=0.6139 | precision_macro=0.6327 | recall_macro=0.6253
         ovr_roc_auc_macro=0.8597 | ovr_pr_auc_macro=0.6830
 No improvement. Bad epochs: 13/15

Epoch 21/60 | Time 0m 9s
  Train | loss=0.1873 | top1=94.16% | top2=99.36% | top3=99.97%
  Valid | loss=1.8268 | top1=59.57% | top2=86.63% | top3=98.32% | acc=59.44% | bal_acc=61.76% | macro_f1=0.6352 | qwk=0.7562 | mae=0.4879 | weighted_f1=0.6059 | precision_macro=0.6596 | recall_macro=0.6176
         ovr_roc_auc_macro=0.8528 | ovr_pr_auc_macro=0.6756
 No improvement. Bad epochs: 14/15

Epoch 22/60 | Time 0m 9s
  Train | loss=0.1663 | top1=94.79% | top2=99.38% | top3=99.95%
  Valid | loss=1.9445 | top1=58.39% | top2=87.35% | top3=98.44% | acc=58.23% | bal_acc=62.20% | macro_f1=0.6326 | qwk=0.7606 | mae=0.4903 | weighted_f1=0.5976 | precision_macro=0.6576 | recall_macro=0.6220
         ovr_roc_auc_macro=0.8564 | ovr_pr_auc_macro=0.6790
 No improvement. Bad epochs: 15/15
Early stopping triggered.
 Training stopped early at epoch 22.

Loading best model and evaluating on test set...
Best validation QWK: 0.8013

Test | loss=0.9113 | top1=66.55% | top2=90.32% | top3=99.10% | acc=66.43% | bal_acc=67.66% | macro_f1=0.6709 | qwk=0.8242 | mae=0.3895 | weighted_f1=0.6654 | precision_macro=0.6656 | recall_macro=0.6766
     ovr_roc_auc_macro=0.8964 | ovr_pr_auc_macro=0.7291

Confusion Matrix:
[[490 102  47   0   0]
 [104 107  78   7   0]
 [ 31  97 283  36   0]
 [  1   2  30 178  12]
 [  0   0   0   9  42]]

Classification Report:
              precision    recall  f1-score   support

    0_Normal     0.7827    0.7668    0.7747       639
  1_Doubtful     0.3474    0.3615    0.3543       296
      2_Mild     0.6461    0.6331    0.6395       447
  3_Moderate     0.7739    0.7982    0.7859       223
    4_Severe     0.7778    0.8235    0.8000        51

    accuracy                         0.6643      1656
   macro avg     0.6656    0.6766    0.6709      1656
weighted avg     0.6667    0.6643    0.6654      1656


Evaluating on auto_test set...

AutoTest | loss=0.8910 | top1=67.61% | top2=90.49% | top3=99.28% | acc=67.43% | bal_acc=69.53% | macro_f1=0.6852 | qwk=0.8298 | mae=0.3768 | weighted_f1=0.6748 | precision_macro=0.6767 | recall_macro=0.6953
Summary CSV saved: /root/autodl-tmp/MedVisionLab/Knee/logs/ResNet_baseline_loss_compare_dasl_resnet50_dasl_5seed_koa_baseline_dasl_seed9_20260808_115936_summary.csv
Checkpoint saved: /root/autodl-tmp/MedVisionLab/Knee/checkpoints/best_resnet50_knee_oa_dasl_resnet50_dasl_5seed_koa_baseline_dasl_seed9.pt

Knee Osteoarthritis ResNet50 loss comparison (dasl) completed!
