COMMAND: /root/miniconda3/envs/medvision/bin/python -u /root/autodl-tmp/MedVisionLab/tools/run_training_with_mecsb.py --variant median --script /root/autodl-tmp/MedVisionLab/Knee/ResNet_layer3+MECS+CE.py
==========================================================================================
==========================================================================================
Injected attention module: MECS_VersionB
Routing representation    : median-anchored dynamic router
Original training script : /root/autodl-tmp/MedVisionLab/Knee/ResNet_layer3+MECS+CE.py
Dataset                  : KOA
Insert after             : layer3
MESC channels            : 1024
Original source modified : no
==========================================================================================
Starting ResNet(layer3)+MECS+DASL Knee Osteoarthritis Baseline...
Using device: cuda
CUDA device: NVIDIA GeForce RTX 4090
Run tag: resnet50_dasl_5seed_koa_mesc_dasl_seed5
Config | seed=5, batch_size=32, epochs=60, image_size=224
Class mapping from folders: {'0': 0, '1': 1, '2': 2, '3': 3, '4': 4}

Train samples: 5778
Train class distribution:
  0_Normal: 2286
  1_Doubtful: 1046
  2_Mild: 1516
  3_Moderate: 757
  4_Severe: 173

Valid samples: 826
Valid class distribution:
  0_Normal: 328
  1_Doubtful: 153
  2_Mild: 212
  3_Moderate: 106
  4_Severe: 27

Test samples: 1656
Test class distribution:
  0_Normal: 639
  1_Doubtful: 296
  2_Mild: 447
  3_Moderate: 223
  4_Severe: 51

AutoTest samples: 1526
AutoTest class distribution:
  0_Normal: 604
  1_Doubtful: 275
  2_Mild: 403
  3_Moderate: 200
  4_Severe: 44

Split sizes | train=5778, valid=826, test=1656, auto_test=1526
Loading ResNet50 with MECS module at layer3...
Trainable parameters: 27,305,297

[INFO] Class counts in training set: [2286 1046 1516  757  173]
[INFO] Using DASL (no tunable loss hyperparameters).
Starting training...

Epoch 01/60 | Time 0m 11s
  Train | loss=1.7981 | top1=39.55% | top2=64.07% | top3=83.05%
  Valid | loss=1.6099 | top1=42.67% | top2=66.95% | top3=83.53% | acc=42.98% | bal_acc=22.95% | macro_f1=0.1691 | qwk=0.3034 | mae=0.9673 | weighted_f1=0.3034 | precision_macro=0.1518 | recall_macro=0.2295
         ovr_roc_auc_macro=0.7387 | ovr_pr_auc_macro=0.3986
 Initial best model saved to /root/autodl-tmp/MedVisionLab/Knee/checkpoints/best_resnet50_mecs_layer3_knee_oa_dasl_resnet50_dasl_5seed_koa_mesc_dasl_seed5.pt (QWK=0.3034)

Epoch 02/60 | Time 0m 10s
  Train | loss=1.4668 | top1=50.31% | top2=73.61% | top3=90.52%
  Valid | loss=1.3487 | top1=56.01% | top2=78.97% | top3=94.90% | acc=56.42% | bal_acc=42.71% | macro_f1=0.3767 | qwk=0.6534 | mae=0.6077 | weighted_f1=0.4995 | precision_macro=0.3399 | recall_macro=0.4271
         ovr_roc_auc_macro=0.8220 | ovr_pr_auc_macro=0.5391
 Validation improved. Saved best model to /root/autodl-tmp/MedVisionLab/Knee/checkpoints/best_resnet50_mecs_layer3_knee_oa_dasl_resnet50_dasl_5seed_koa_mesc_dasl_seed5.pt (QWK=0.6534)

Epoch 03/60 | Time 0m 10s
  Train | loss=1.1962 | top1=58.67% | top2=82.28% | top3=96.77%
  Valid | loss=1.1566 | top1=59.89% | top2=84.62% | top3=97.96% | acc=59.69% | bal_acc=58.33% | macro_f1=0.5163 | qwk=0.7150 | mae=0.5714 | weighted_f1=0.5251 | precision_macro=0.4861 | recall_macro=0.5833
         ovr_roc_auc_macro=0.8477 | ovr_pr_auc_macro=0.6351
 Validation improved. Saved best model to /root/autodl-tmp/MedVisionLab/Knee/checkpoints/best_resnet50_mecs_layer3_knee_oa_dasl_resnet50_dasl_5seed_koa_mesc_dasl_seed5.pt (QWK=0.7150)

Epoch 04/60 | Time 0m 10s
  Train | loss=1.0500 | top1=63.62% | top2=86.17% | top3=98.53%
  Valid | loss=1.2790 | top1=60.08% | top2=84.11% | top3=95.43% | acc=59.93% | bal_acc=60.39% | macro_f1=0.5330 | qwk=0.7162 | mae=0.5605 | weighted_f1=0.5439 | precision_macro=0.5219 | recall_macro=0.6039
         ovr_roc_auc_macro=0.8434 | ovr_pr_auc_macro=0.6101
 Validation improved. Saved best model to /root/autodl-tmp/MedVisionLab/Knee/checkpoints/best_resnet50_mecs_layer3_knee_oa_dasl_resnet50_dasl_5seed_koa_mesc_dasl_seed5.pt (QWK=0.7162)

Epoch 05/60 | Time 0m 10s
  Train | loss=0.9832 | top1=65.88% | top2=88.20% | top3=98.81%
  Valid | loss=1.0033 | top1=65.01% | top2=89.61% | top3=99.04% | acc=65.01% | bal_acc=59.94% | macro_f1=0.5912 | qwk=0.7603 | mae=0.4625 | weighted_f1=0.5909 | precision_macro=0.7389 | recall_macro=0.5994
         ovr_roc_auc_macro=0.8838 | ovr_pr_auc_macro=0.7083
 Validation improved. Saved best model to /root/autodl-tmp/MedVisionLab/Knee/checkpoints/best_resnet50_mecs_layer3_knee_oa_dasl_resnet50_dasl_5seed_koa_mesc_dasl_seed5.pt (QWK=0.7603)

Epoch 06/60 | Time 0m 10s
  Train | loss=0.9313 | top1=67.52% | top2=89.47% | top3=99.08%
  Valid | loss=1.0007 | top1=65.28% | top2=88.29% | top3=98.08% | acc=65.25% | bal_acc=62.83% | macro_f1=0.6251 | qwk=0.7849 | mae=0.4395 | weighted_f1=0.6307 | precision_macro=0.6471 | recall_macro=0.6283
         ovr_roc_auc_macro=0.8826 | ovr_pr_auc_macro=0.7105
 Validation improved. Saved best model to /root/autodl-tmp/MedVisionLab/Knee/checkpoints/best_resnet50_mecs_layer3_knee_oa_dasl_resnet50_dasl_5seed_koa_mesc_dasl_seed5.pt (QWK=0.7849)

Epoch 07/60 | Time 0m 10s
  Train | loss=0.8792 | top1=68.80% | top2=90.49% | top3=99.08%
  Valid | loss=1.0902 | top1=65.69% | top2=87.95% | top3=98.80% | acc=65.50% | bal_acc=63.23% | macro_f1=0.6327 | qwk=0.7795 | mae=0.4455 | weighted_f1=0.6163 | precision_macro=0.6898 | recall_macro=0.6323
         ovr_roc_auc_macro=0.8769 | ovr_pr_auc_macro=0.7130
 No improvement. Bad epochs: 1/15

Epoch 08/60 | Time 0m 10s
  Train | loss=0.8398 | top1=70.37% | top2=91.27% | top3=99.21%
  Valid | loss=0.9600 | top1=66.15% | top2=87.93% | top3=98.56% | acc=66.10% | bal_acc=63.82% | macro_f1=0.6138 | qwk=0.7786 | mae=0.4455 | weighted_f1=0.6116 | precision_macro=0.6640 | recall_macro=0.6382
         ovr_roc_auc_macro=0.8905 | ovr_pr_auc_macro=0.7251
 No improvement. Bad epochs: 2/15

Epoch 09/60 | Time 0m 10s
  Train | loss=0.8063 | top1=71.50% | top2=92.08% | top3=99.34%
  Valid | loss=1.0555 | top1=66.17% | top2=89.88% | top3=99.40% | acc=65.98% | bal_acc=63.41% | macro_f1=0.6051 | qwk=0.7857 | mae=0.4419 | weighted_f1=0.6084 | precision_macro=0.6547 | recall_macro=0.6341
         ovr_roc_auc_macro=0.8880 | ovr_pr_auc_macro=0.7241
 Validation improved. Saved best model to /root/autodl-tmp/MedVisionLab/Knee/checkpoints/best_resnet50_mecs_layer3_knee_oa_dasl_resnet50_dasl_5seed_koa_mesc_dasl_seed5.pt (QWK=0.7857)

Epoch 10/60 | Time 0m 10s
  Train | loss=0.7544 | top1=73.21% | top2=92.83% | top3=99.55%
  Valid | loss=0.9806 | top1=64.55% | top2=87.71% | top3=98.92% | acc=64.41% | bal_acc=63.59% | macro_f1=0.6322 | qwk=0.7952 | mae=0.4334 | weighted_f1=0.6315 | precision_macro=0.6406 | recall_macro=0.6359
         ovr_roc_auc_macro=0.8867 | ovr_pr_auc_macro=0.7123
 Validation improved. Saved best model to /root/autodl-tmp/MedVisionLab/Knee/checkpoints/best_resnet50_mecs_layer3_knee_oa_dasl_resnet50_dasl_5seed_koa_mesc_dasl_seed5.pt (QWK=0.7952)

Epoch 11/60 | Time 0m 10s
  Train | loss=0.7342 | top1=74.13% | top2=93.24% | top3=99.47%
  Valid | loss=1.1652 | top1=63.75% | top2=87.59% | top3=98.44% | acc=63.68% | bal_acc=59.18% | macro_f1=0.5917 | qwk=0.7637 | mae=0.4758 | weighted_f1=0.5876 | precision_macro=0.6415 | recall_macro=0.5918
         ovr_roc_auc_macro=0.8721 | ovr_pr_auc_macro=0.6997
 No improvement. Bad epochs: 1/15

Epoch 12/60 | Time 0m 10s
  Train | loss=0.6897 | top1=75.47% | top2=94.25% | top3=99.52%
  Valid | loss=1.0406 | top1=66.41% | top2=89.42% | top3=98.08% | acc=66.22% | bal_acc=66.53% | macro_f1=0.6399 | qwk=0.7855 | mae=0.4346 | weighted_f1=0.6326 | precision_macro=0.6402 | recall_macro=0.6653
         ovr_roc_auc_macro=0.8827 | ovr_pr_auc_macro=0.7079
 No improvement. Bad epochs: 2/15

Epoch 13/60 | Time 0m 10s
  Train | loss=0.6584 | top1=76.72% | top2=94.60% | top3=99.72%
  Valid | loss=1.1283 | top1=66.12% | top2=88.67% | top3=98.44% | acc=66.10% | bal_acc=61.23% | macro_f1=0.6210 | qwk=0.7802 | mae=0.4383 | weighted_f1=0.6191 | precision_macro=0.6806 | recall_macro=0.6123
         ovr_roc_auc_macro=0.8859 | ovr_pr_auc_macro=0.7117
 No improvement. Bad epochs: 3/15

Epoch 14/60 | Time 0m 10s
  Train | loss=0.6253 | top1=78.25% | top2=95.12% | top3=99.79%
  Valid | loss=1.3948 | top1=55.21% | top2=87.20% | top3=98.53% | acc=54.96% | bal_acc=59.71% | macro_f1=0.5928 | qwk=0.7668 | mae=0.4843 | weighted_f1=0.5654 | precision_macro=0.6886 | recall_macro=0.5971
         ovr_roc_auc_macro=0.8803 | ovr_pr_auc_macro=0.6937
 No improvement. Bad epochs: 4/15

Epoch 15/60 | Time 0m 10s
  Train | loss=0.5904 | top1=79.39% | top2=95.81% | top3=99.72%
  Valid | loss=1.1061 | top1=66.86% | top2=89.28% | top3=98.92% | acc=66.71% | bal_acc=66.01% | macro_f1=0.6373 | qwk=0.7772 | mae=0.4419 | weighted_f1=0.6303 | precision_macro=0.6642 | recall_macro=0.6601
         ovr_roc_auc_macro=0.8849 | ovr_pr_auc_macro=0.7248
 No improvement. Bad epochs: 5/15

Epoch 16/60 | Time 0m 10s
  Train | loss=0.5342 | top1=81.57% | top2=96.70% | top3=99.81%
  Valid | loss=1.4366 | top1=59.74% | top2=87.14% | top3=97.24% | acc=59.44% | bal_acc=64.22% | macro_f1=0.5921 | qwk=0.7626 | mae=0.4903 | weighted_f1=0.6005 | precision_macro=0.5920 | recall_macro=0.6422
         ovr_roc_auc_macro=0.8686 | ovr_pr_auc_macro=0.6757
 No improvement. Bad epochs: 6/15

Epoch 17/60 | Time 0m 10s
  Train | loss=0.5145 | top1=82.22% | top2=96.72% | top3=99.79%
  Valid | loss=1.1985 | top1=59.50% | top2=86.54% | top3=97.96% | acc=59.32% | bal_acc=62.49% | macro_f1=0.6070 | qwk=0.7445 | mae=0.5036 | weighted_f1=0.5886 | precision_macro=0.6029 | recall_macro=0.6249
         ovr_roc_auc_macro=0.8670 | ovr_pr_auc_macro=0.6874
 No improvement. Bad epochs: 7/15

Epoch 18/60 | Time 0m 10s
  Train | loss=0.4755 | top1=83.67% | top2=97.31% | top3=99.86%
  Valid | loss=1.2624 | top1=63.56% | top2=88.31% | top3=98.77% | acc=63.44% | bal_acc=63.00% | macro_f1=0.6432 | qwk=0.7819 | mae=0.4443 | weighted_f1=0.6310 | precision_macro=0.6662 | recall_macro=0.6300
         ovr_roc_auc_macro=0.8759 | ovr_pr_auc_macro=0.6943
 No improvement. Bad epochs: 8/15

Epoch 19/60 | Time 0m 10s
  Train | loss=0.4356 | top1=85.57% | top2=97.29% | top3=99.90%
  Valid | loss=1.5732 | top1=59.48% | top2=84.59% | top3=95.31% | acc=59.32% | bal_acc=63.61% | macro_f1=0.6198 | qwk=0.7466 | mae=0.5036 | weighted_f1=0.5974 | precision_macro=0.6127 | recall_macro=0.6361
         ovr_roc_auc_macro=0.8672 | ovr_pr_auc_macro=0.6755
 No improvement. Bad epochs: 9/15

Epoch 20/60 | Time 0m 10s
  Train | loss=0.3853 | top1=87.40% | top2=97.71% | top3=99.86%
  Valid | loss=1.4053 | top1=62.21% | top2=87.44% | top3=99.04% | acc=62.11% | bal_acc=60.51% | macro_f1=0.6269 | qwk=0.7757 | mae=0.4625 | weighted_f1=0.6142 | precision_macro=0.6603 | recall_macro=0.6051
         ovr_roc_auc_macro=0.8684 | ovr_pr_auc_macro=0.6890
 No improvement. Bad epochs: 10/15

Epoch 21/60 | Time 0m 10s
  Train | loss=0.3424 | top1=88.97% | top2=98.41% | top3=99.95%
  Valid | loss=1.4334 | top1=63.62% | top2=87.71% | top3=98.92% | acc=63.44% | bal_acc=65.21% | macro_f1=0.6462 | qwk=0.7877 | mae=0.4455 | weighted_f1=0.6259 | precision_macro=0.6437 | recall_macro=0.6521
         ovr_roc_auc_macro=0.8707 | ovr_pr_auc_macro=0.6947
 No improvement. Bad epochs: 11/15

Epoch 22/60 | Time 0m 10s
  Train | loss=0.3314 | top1=88.93% | top2=98.38% | top3=99.90%
  Valid | loss=1.7088 | top1=58.90% | top2=84.11% | top3=97.48% | acc=58.72% | bal_acc=63.26% | macro_f1=0.6199 | qwk=0.7476 | mae=0.5000 | weighted_f1=0.5924 | precision_macro=0.6323 | recall_macro=0.6326
         ovr_roc_auc_macro=0.8730 | ovr_pr_auc_macro=0.6959
 No improvement. Bad epochs: 12/15

Epoch 23/60 | Time 0m 10s
  Train | loss=0.2799 | top1=91.28% | top2=98.76% | top3=99.97%
  Valid | loss=1.4649 | top1=60.92% | top2=89.42% | top3=98.20% | acc=60.77% | bal_acc=65.35% | macro_f1=0.6477 | qwk=0.7802 | mae=0.4613 | weighted_f1=0.6180 | precision_macro=0.6501 | recall_macro=0.6535
         ovr_roc_auc_macro=0.8734 | ovr_pr_auc_macro=0.6967
 No improvement. Bad epochs: 13/15

Epoch 24/60 | Time 0m 10s
  Train | loss=0.2569 | top1=91.76% | top2=99.12% | top3=99.97%
  Valid | loss=1.7571 | top1=60.79% | top2=87.14% | top3=97.60% | acc=60.53% | bal_acc=65.65% | macro_f1=0.6244 | qwk=0.7585 | mae=0.4867 | weighted_f1=0.6045 | precision_macro=0.6103 | recall_macro=0.6565
         ovr_roc_auc_macro=0.8742 | ovr_pr_auc_macro=0.6824
 No improvement. Bad epochs: 14/15

Epoch 25/60 | Time 0m 10s
  Train | loss=0.2116 | top1=93.42% | top2=99.46% | top3=99.93%
  Valid | loss=1.7676 | top1=60.49% | top2=86.18% | top3=97.36% | acc=60.29% | bal_acc=63.78% | macro_f1=0.6091 | qwk=0.7530 | mae=0.4964 | weighted_f1=0.6003 | precision_macro=0.5970 | recall_macro=0.6378
         ovr_roc_auc_macro=0.8741 | ovr_pr_auc_macro=0.6906
 No improvement. Bad epochs: 15/15
⏹ Early stopping triggered.
 Training stopped early at epoch 25.

Loading best model and evaluating on test set...
Best validation QWK: 0.7952

Test | loss=0.8844 | top1=67.91% | top2=89.78% | top3=99.34% | acc=67.81% | bal_acc=68.02% | macro_f1=0.6792 | qwk=0.8301 | mae=0.3786 | weighted_f1=0.6666 | precision_macro=0.6885 | recall_macro=0.6802
     ovr_roc_auc_macro=0.9024 | ovr_pr_auc_macro=0.7453

Evaluating on auto_test set...

AutoTest | loss=0.8608 | top1=69.73% | top2=90.10% | top3=99.28% | acc=69.53% | bal_acc=70.03% | macro_f1=0.7002 | qwk=0.8319 | mae=0.3630 | weighted_f1=0.6836 | precision_macro=0.7120 | recall_macro=0.7003
         ovr_roc_auc_macro=0.9080 | ovr_pr_auc_macro=0.7572

ResNet(layer3)+MECS+DASL Knee Osteoarthritis baseline completed!
