COMMAND: /root/miniconda3/envs/medvision/bin/python -u /root/autodl-tmp/MedVisionLab/tools/run_training_with_mecsb.py --variant median --script /root/autodl-tmp/MedVisionLab/Knee/ResNet_layer3+MECS+CE.py
==========================================================================================
==========================================================================================
Injected attention module: MECS_VersionB
Routing representation    : median-anchored dynamic router
Original training script : /root/autodl-tmp/MedVisionLab/Knee/ResNet_layer3+MECS+CE.py
Dataset                  : KOA
Insert after             : layer3
MESC channels            : 1024
Original source modified : no
==========================================================================================
Starting ResNet(layer3)+MECS+DASL Knee Osteoarthritis Baseline...
Using device: cuda
CUDA device: NVIDIA GeForce RTX 4090
Run tag: resnet50_dasl_5seed_koa_mesc_dasl_seed4
Config | seed=4, batch_size=32, epochs=60, image_size=224
Class mapping from folders: {'0': 0, '1': 1, '2': 2, '3': 3, '4': 4}

Train samples: 5778
Train class distribution:
  0_Normal: 2286
  1_Doubtful: 1046
  2_Mild: 1516
  3_Moderate: 757
  4_Severe: 173

Valid samples: 826
Valid class distribution:
  0_Normal: 328
  1_Doubtful: 153
  2_Mild: 212
  3_Moderate: 106
  4_Severe: 27

Test samples: 1656
Test class distribution:
  0_Normal: 639
  1_Doubtful: 296
  2_Mild: 447
  3_Moderate: 223
  4_Severe: 51

AutoTest samples: 1526
AutoTest class distribution:
  0_Normal: 604
  1_Doubtful: 275
  2_Mild: 403
  3_Moderate: 200
  4_Severe: 44

Split sizes | train=5778, valid=826, test=1656, auto_test=1526
Loading ResNet50 with MECS module at layer3...
Trainable parameters: 27,305,297

[INFO] Class counts in training set: [2286 1046 1516  757  173]
[INFO] Using DASL (no tunable loss hyperparameters).
Starting training...

Epoch 01/60 | Time 0m 11s
  Train | loss=1.7982 | top1=40.15% | top2=65.79% | top3=83.59%
  Valid | loss=1.5685 | top1=44.83% | top2=68.15% | top3=83.65% | acc=45.16% | bal_acc=24.78% | macro_f1=0.1908 | qwk=0.3584 | mae=0.9019 | weighted_f1=0.3337 | precision_macro=0.1675 | recall_macro=0.2478
         ovr_roc_auc_macro=0.7533 | ovr_pr_auc_macro=0.4561
 Initial best model saved to /root/autodl-tmp/MedVisionLab/Knee/checkpoints/best_resnet50_mecs_layer3_knee_oa_dasl_resnet50_dasl_5seed_koa_mesc_dasl_seed4.pt (QWK=0.3584)

Epoch 02/60 | Time 0m 10s
  Train | loss=1.3993 | top1=52.06% | top2=76.84% | top3=91.92%
  Valid | loss=1.2916 | top1=55.29% | top2=78.66% | top3=96.26% | acc=55.69% | bal_acc=38.68% | macro_f1=0.3674 | qwk=0.6352 | mae=0.6259 | weighted_f1=0.4925 | precision_macro=0.4055 | recall_macro=0.3868
         ovr_roc_auc_macro=0.8189 | ovr_pr_auc_macro=0.5514
 Validation improved. Saved best model to /root/autodl-tmp/MedVisionLab/Knee/checkpoints/best_resnet50_mecs_layer3_knee_oa_dasl_resnet50_dasl_5seed_koa_mesc_dasl_seed4.pt (QWK=0.6352)

Epoch 03/60 | Time 0m 10s
  Train | loss=1.1292 | top1=60.83% | top2=83.58% | top3=97.81%
  Valid | loss=1.2186 | top1=57.43% | top2=84.08% | top3=98.17% | acc=57.26% | bal_acc=50.67% | macro_f1=0.4464 | qwk=0.7208 | mae=0.5630 | weighted_f1=0.5102 | precision_macro=0.5790 | recall_macro=0.5067
         ovr_roc_auc_macro=0.8518 | ovr_pr_auc_macro=0.5615
 Validation improved. Saved best model to /root/autodl-tmp/MedVisionLab/Knee/checkpoints/best_resnet50_mecs_layer3_knee_oa_dasl_resnet50_dasl_5seed_koa_mesc_dasl_seed4.pt (QWK=0.7208)

Epoch 04/60 | Time 0m 10s
  Train | loss=1.0218 | top1=63.95% | top2=87.21% | top3=98.35%
  Valid | loss=1.0927 | top1=62.93% | top2=87.08% | top3=98.56% | acc=62.83% | bal_acc=58.22% | macro_f1=0.5632 | qwk=0.7438 | mae=0.5000 | weighted_f1=0.5613 | precision_macro=0.5673 | recall_macro=0.5822
         ovr_roc_auc_macro=0.8669 | ovr_pr_auc_macro=0.6858
 Validation improved. Saved best model to /root/autodl-tmp/MedVisionLab/Knee/checkpoints/best_resnet50_mecs_layer3_knee_oa_dasl_resnet50_dasl_5seed_koa_mesc_dasl_seed4.pt (QWK=0.7438)

Epoch 05/60 | Time 0m 10s
  Train | loss=0.9755 | top1=65.53% | top2=87.94% | top3=98.74%
  Valid | loss=1.0755 | top1=63.14% | top2=85.94% | top3=98.80% | acc=62.95% | bal_acc=61.75% | macro_f1=0.6030 | qwk=0.7344 | mae=0.5145 | weighted_f1=0.5742 | precision_macro=0.6486 | recall_macro=0.6175
         ovr_roc_auc_macro=0.8641 | ovr_pr_auc_macro=0.6903
 No improvement. Bad epochs: 1/15

Epoch 06/60 | Time 0m 10s
  Train | loss=0.9154 | top1=68.20% | top2=89.32% | top3=98.92%
  Valid | loss=0.9818 | top1=66.53% | top2=89.30% | top3=98.32% | acc=66.34% | bal_acc=66.04% | macro_f1=0.6310 | qwk=0.7991 | mae=0.4201 | weighted_f1=0.6376 | precision_macro=0.6301 | recall_macro=0.6604
         ovr_roc_auc_macro=0.8831 | ovr_pr_auc_macro=0.7013
 Validation improved. Saved best model to /root/autodl-tmp/MedVisionLab/Knee/checkpoints/best_resnet50_mecs_layer3_knee_oa_dasl_resnet50_dasl_5seed_koa_mesc_dasl_seed4.pt (QWK=0.7991)

Epoch 07/60 | Time 0m 10s
  Train | loss=0.8669 | top1=69.23% | top2=90.61% | top3=99.00%
  Valid | loss=1.0094 | top1=63.44% | top2=88.55% | top3=98.44% | acc=63.32% | bal_acc=62.08% | macro_f1=0.6205 | qwk=0.7753 | mae=0.4600 | weighted_f1=0.6146 | precision_macro=0.6335 | recall_macro=0.6208
         ovr_roc_auc_macro=0.8800 | ovr_pr_auc_macro=0.6983
 No improvement. Bad epochs: 1/15

Epoch 08/60 | Time 0m 10s
  Train | loss=0.8303 | top1=70.32% | top2=90.98% | top3=99.26%
  Valid | loss=1.0394 | top1=66.21% | top2=88.70% | top3=98.68% | acc=66.10% | bal_acc=63.05% | macro_f1=0.6243 | qwk=0.7846 | mae=0.4395 | weighted_f1=0.6144 | precision_macro=0.6577 | recall_macro=0.6305
         ovr_roc_auc_macro=0.8786 | ovr_pr_auc_macro=0.7114
 No improvement. Bad epochs: 2/15

Epoch 09/60 | Time 0m 10s
  Train | loss=0.7866 | top1=72.00% | top2=92.31% | top3=99.29%
  Valid | loss=0.9992 | top1=63.41% | top2=90.26% | top3=99.16% | acc=63.20% | bal_acc=66.56% | macro_f1=0.6386 | qwk=0.8150 | mae=0.4189 | weighted_f1=0.6413 | precision_macro=0.6318 | recall_macro=0.6656
         ovr_roc_auc_macro=0.8837 | ovr_pr_auc_macro=0.7026
 Validation improved. Saved best model to /root/autodl-tmp/MedVisionLab/Knee/checkpoints/best_resnet50_mecs_layer3_knee_oa_dasl_resnet50_dasl_5seed_koa_mesc_dasl_seed4.pt (QWK=0.8150)

Epoch 10/60 | Time 0m 10s
  Train | loss=0.7468 | top1=73.91% | top2=93.17% | top3=99.40%
  Valid | loss=1.0963 | top1=64.43% | top2=88.58% | top3=97.72% | acc=64.29% | bal_acc=63.17% | macro_f1=0.6126 | qwk=0.7742 | mae=0.4613 | weighted_f1=0.6128 | precision_macro=0.6185 | recall_macro=0.6317
         ovr_roc_auc_macro=0.8793 | ovr_pr_auc_macro=0.6833
 No improvement. Bad epochs: 1/15

Epoch 11/60 | Time 0m 10s
  Train | loss=0.7190 | top1=74.64% | top2=93.81% | top3=99.46%
  Valid | loss=1.1249 | top1=65.36% | top2=90.12% | top3=99.16% | acc=65.13% | bal_acc=63.52% | macro_f1=0.5805 | qwk=0.7826 | mae=0.4479 | weighted_f1=0.5980 | precision_macro=0.6583 | recall_macro=0.6352
         ovr_roc_auc_macro=0.8775 | ovr_pr_auc_macro=0.7050
 No improvement. Bad epochs: 2/15

Epoch 12/60 | Time 0m 10s
  Train | loss=0.6933 | top1=75.70% | top2=94.32% | top3=99.52%
  Valid | loss=1.0041 | top1=68.39% | top2=90.38% | top3=98.80% | acc=68.16% | bal_acc=67.68% | macro_f1=0.6484 | qwk=0.8233 | mae=0.3838 | weighted_f1=0.6585 | precision_macro=0.6609 | recall_macro=0.6768
         ovr_roc_auc_macro=0.8879 | ovr_pr_auc_macro=0.7094
 Validation improved. Saved best model to /root/autodl-tmp/MedVisionLab/Knee/checkpoints/best_resnet50_mecs_layer3_knee_oa_dasl_resnet50_dasl_5seed_koa_mesc_dasl_seed4.pt (QWK=0.8233)

Epoch 13/60 | Time 0m 10s
  Train | loss=0.6312 | top1=77.76% | top2=95.55% | top3=99.71%
  Valid | loss=0.9998 | top1=66.69% | top2=89.90% | top3=99.04% | acc=66.59% | bal_acc=67.31% | macro_f1=0.6720 | qwk=0.8122 | mae=0.4031 | weighted_f1=0.6598 | precision_macro=0.6798 | recall_macro=0.6731
         ovr_roc_auc_macro=0.8892 | ovr_pr_auc_macro=0.7198
 No improvement. Bad epochs: 1/15

Epoch 14/60 | Time 0m 10s
  Train | loss=0.6025 | top1=79.22% | top2=95.23% | top3=99.74%
  Valid | loss=1.2241 | top1=65.27% | top2=88.22% | top3=98.44% | acc=65.13% | bal_acc=64.16% | macro_f1=0.6122 | qwk=0.7785 | mae=0.4528 | weighted_f1=0.6229 | precision_macro=0.6127 | recall_macro=0.6416
         ovr_roc_auc_macro=0.8707 | ovr_pr_auc_macro=0.6879
 No improvement. Bad epochs: 2/15

Epoch 15/60 | Time 0m 10s
  Train | loss=0.5608 | top1=80.66% | top2=95.96% | top3=99.79%
  Valid | loss=1.1082 | top1=63.63% | top2=88.70% | top3=99.16% | acc=63.56% | bal_acc=64.43% | macro_f1=0.6572 | qwk=0.8005 | mae=0.4262 | weighted_f1=0.6429 | precision_macro=0.6868 | recall_macro=0.6443
         ovr_roc_auc_macro=0.8833 | ovr_pr_auc_macro=0.7010
 No improvement. Bad epochs: 3/15

Epoch 16/60 | Time 0m 10s
  Train | loss=0.5479 | top1=81.50% | top2=96.24% | top3=99.81%
  Valid | loss=1.2394 | top1=64.28% | top2=87.20% | top3=98.56% | acc=64.16% | bal_acc=63.76% | macro_f1=0.6428 | qwk=0.7855 | mae=0.4358 | weighted_f1=0.6319 | precision_macro=0.6642 | recall_macro=0.6376
         ovr_roc_auc_macro=0.8781 | ovr_pr_auc_macro=0.6886
 No improvement. Bad epochs: 4/15

Epoch 17/60 | Time 0m 10s
  Train | loss=0.4841 | top1=83.12% | top2=96.64% | top3=99.81%
  Valid | loss=1.1179 | top1=66.42% | top2=89.42% | top3=98.56% | acc=66.34% | bal_acc=66.24% | macro_f1=0.6686 | qwk=0.8019 | mae=0.4104 | weighted_f1=0.6605 | precision_macro=0.6758 | recall_macro=0.6624
         ovr_roc_auc_macro=0.8909 | ovr_pr_auc_macro=0.7263
 No improvement. Bad epochs: 5/15

Epoch 18/60 | Time 0m 10s
  Train | loss=0.4361 | top1=85.24% | top2=97.57% | top3=99.93%
  Valid | loss=1.2136 | top1=66.48% | top2=88.34% | top3=98.44% | acc=66.34% | bal_acc=67.48% | macro_f1=0.6688 | qwk=0.7789 | mae=0.4370 | weighted_f1=0.6459 | precision_macro=0.6772 | recall_macro=0.6748
         ovr_roc_auc_macro=0.8852 | ovr_pr_auc_macro=0.7311
 No improvement. Bad epochs: 6/15

Epoch 19/60 | Time 0m 10s
  Train | loss=0.4084 | top1=86.05% | top2=97.57% | top3=99.88%
  Valid | loss=1.4341 | top1=65.72% | top2=88.82% | top3=98.80% | acc=65.50% | bal_acc=64.79% | macro_f1=0.6079 | qwk=0.7759 | mae=0.4540 | weighted_f1=0.6153 | precision_macro=0.6338 | recall_macro=0.6479
         ovr_roc_auc_macro=0.8795 | ovr_pr_auc_macro=0.6993
 No improvement. Bad epochs: 7/15

Epoch 20/60 | Time 0m 10s
  Train | loss=0.3727 | top1=87.41% | top2=97.93% | top3=99.91%
  Valid | loss=1.3712 | top1=65.59% | top2=89.78% | top3=99.16% | acc=65.62% | bal_acc=61.28% | macro_f1=0.6254 | qwk=0.7931 | mae=0.4286 | weighted_f1=0.6326 | precision_macro=0.6596 | recall_macro=0.6128
         ovr_roc_auc_macro=0.8804 | ovr_pr_auc_macro=0.6923
 No improvement. Bad epochs: 8/15

Epoch 21/60 | Time 0m 10s
  Train | loss=0.3499 | top1=88.08% | top2=98.43% | top3=99.95%
  Valid | loss=1.3728 | top1=64.26% | top2=88.29% | top3=98.56% | acc=64.16% | bal_acc=63.46% | macro_f1=0.6481 | qwk=0.8020 | mae=0.4201 | weighted_f1=0.6429 | precision_macro=0.6695 | recall_macro=0.6346
         ovr_roc_auc_macro=0.8843 | ovr_pr_auc_macro=0.7109
 No improvement. Bad epochs: 9/15

Epoch 22/60 | Time 0m 10s
  Train | loss=0.2927 | top1=90.27% | top2=98.64% | top3=99.95%
  Valid | loss=1.5201 | top1=63.35% | top2=87.47% | top3=98.92% | acc=63.20% | bal_acc=63.02% | macro_f1=0.6380 | qwk=0.7782 | mae=0.4552 | weighted_f1=0.6215 | precision_macro=0.6558 | recall_macro=0.6302
         ovr_roc_auc_macro=0.8711 | ovr_pr_auc_macro=0.6902
 No improvement. Bad epochs: 10/15

Epoch 23/60 | Time 0m 10s
  Train | loss=0.2668 | top1=91.46% | top2=98.86% | top3=99.97%
  Valid | loss=1.6102 | top1=60.05% | top2=87.71% | top3=99.16% | acc=59.93% | bal_acc=59.74% | macro_f1=0.6032 | qwk=0.7689 | mae=0.4855 | weighted_f1=0.5955 | precision_macro=0.6257 | recall_macro=0.5974
         ovr_roc_auc_macro=0.8715 | ovr_pr_auc_macro=0.6935
 No improvement. Bad epochs: 11/15

Epoch 24/60 | Time 0m 10s
  Train | loss=0.2692 | top1=91.10% | top2=98.88% | top3=99.98%
  Valid | loss=1.5214 | top1=63.56% | top2=85.94% | top3=98.56% | acc=63.44% | bal_acc=65.04% | macro_f1=0.6415 | qwk=0.7878 | mae=0.4431 | weighted_f1=0.6359 | precision_macro=0.6353 | recall_macro=0.6504
         ovr_roc_auc_macro=0.8750 | ovr_pr_auc_macro=0.6962
 No improvement. Bad epochs: 12/15

Epoch 25/60 | Time 0m 10s
  Train | loss=0.2093 | top1=93.25% | top2=99.15% | top3=99.97%
  Valid | loss=1.7300 | top1=62.43% | top2=87.06% | top3=99.04% | acc=62.35% | bal_acc=60.02% | macro_f1=0.6309 | qwk=0.7730 | mae=0.4564 | weighted_f1=0.6189 | precision_macro=0.6767 | recall_macro=0.6002
         ovr_roc_auc_macro=0.8670 | ovr_pr_auc_macro=0.6864
 No improvement. Bad epochs: 13/15

Epoch 26/60 | Time 0m 10s
  Train | loss=0.1999 | top1=93.87% | top2=99.34% | top3=99.97%
  Valid | loss=1.6880 | top1=63.17% | top2=89.42% | top3=99.28% | acc=62.95% | bal_acc=65.83% | macro_f1=0.6472 | qwk=0.7912 | mae=0.4407 | weighted_f1=0.6336 | precision_macro=0.6497 | recall_macro=0.6583
         ovr_roc_auc_macro=0.8737 | ovr_pr_auc_macro=0.6885
 No improvement. Bad epochs: 14/15

Epoch 27/60 | Time 0m 10s
  Train | loss=0.1674 | top1=94.57% | top2=99.38% | top3=100.00%
  Valid | loss=1.8827 | top1=62.36% | top2=85.91% | top3=98.92% | acc=62.23% | bal_acc=63.67% | macro_f1=0.6348 | qwk=0.7654 | mae=0.4661 | weighted_f1=0.6162 | precision_macro=0.6438 | recall_macro=0.6367
         ovr_roc_auc_macro=0.8695 | ovr_pr_auc_macro=0.6944
 No improvement. Bad epochs: 15/15
⏹ Early stopping triggered.
 Training stopped early at epoch 27.

Loading best model and evaluating on test set...
Best validation QWK: 0.8233

Test | loss=0.9223 | top1=68.37% | top2=90.14% | top3=99.40% | acc=68.24% | bal_acc=68.86% | macro_f1=0.6616 | qwk=0.8265 | mae=0.3847 | weighted_f1=0.6615 | precision_macro=0.6628 | recall_macro=0.6886
     ovr_roc_auc_macro=0.9029 | ovr_pr_auc_macro=0.7435

Evaluating on auto_test set...

AutoTest | loss=0.9069 | top1=67.48% | top2=90.62% | top3=99.48% | acc=67.30% | bal_acc=67.61% | macro_f1=0.6540 | qwk=0.8229 | mae=0.3925 | weighted_f1=0.6523 | precision_macro=0.6567 | recall_macro=0.6761
         ovr_roc_auc_macro=0.9063 | ovr_pr_auc_macro=0.7489

ResNet(layer3)+MECS+DASL Knee Osteoarthritis baseline completed!
