========================================================================
KOA MECS VersionB experiment
Loss mode : CE
Seed      : 777
Epochs    : 60
Patience  : 15
Data root : /root/autodl-tmp/Knee_Osteoarthritis
Run tag   : mecsb_ce_seed777
Checkpoint: /root/autodl-tmp/MedVisionLab/Knee/checkpoints/best_resnet50_mecs_layer3_knee_oa_mecsb_ce_seed777.pt
Module    : MECS_VersionB (median-anchored dynamic router)
========================================================================
Starting ResNet(layer3)+MECS+CE Knee Osteoarthritis Baseline...
Using device: cuda
CUDA device: NVIDIA GeForce RTX 4090
Run tag: mecsb_ce_seed777
Config | seed=777, batch_size=32, epochs=60, image_size=224
Class mapping from folders: {'0': 0, '1': 1, '2': 2, '3': 3, '4': 4}

Train samples: 5778
Train class distribution:
  0_Normal: 2286
  1_Doubtful: 1046
  2_Mild: 1516
  3_Moderate: 757
  4_Severe: 173

Valid samples: 826
Valid class distribution:
  0_Normal: 328
  1_Doubtful: 153
  2_Mild: 212
  3_Moderate: 106
  4_Severe: 27

Test samples: 1656
Test class distribution:
  0_Normal: 639
  1_Doubtful: 296
  2_Mild: 447
  3_Moderate: 223
  4_Severe: 51

AutoTest samples: 1526
AutoTest class distribution:
  0_Normal: 604
  1_Doubtful: 275
  2_Mild: 403
  3_Moderate: 200
  4_Severe: 44

Split sizes | train=5778, valid=826, test=1656, auto_test=1526
Loading ResNet50 with MECS module at layer3...
Trainable parameters: 27,305,297

[INFO] Class counts in training set: [2286 1046 1516  757  173]
[INFO] Using Standard CrossEntropyLoss (No class weights).
Starting training...

Epoch 01/60 | Time 0m 10s
  Train | loss=1.4181 | top1=37.58% | top2=62.77% | top3=81.98%
  Valid | loss=1.2759 | top1=39.90% | top2=64.42% | top3=84.01% | acc=40.19% | bal_acc=20.44% | macro_f1=0.1253 | qwk=0.0383 | mae=1.1780 | weighted_f1=0.2416 | precision_macro=0.1409 | recall_macro=0.2044
         ovr_roc_auc_macro=0.7385 | ovr_pr_auc_macro=0.4112
 Initial best model saved to /root/autodl-tmp/MedVisionLab/Knee/checkpoints/best_resnet50_mecs_layer3_knee_oa_mecsb_ce_seed777.pt (QWK=0.0383)

Epoch 02/60 | Time 0m 9s
  Train | loss=1.1772 | top1=49.53% | top2=73.37% | top3=90.37%
  Valid | loss=1.1512 | top1=52.76% | top2=73.71% | top3=93.48% | acc=53.15% | bal_acc=43.06% | macro_f1=0.3535 | qwk=0.6115 | mae=0.6877 | weighted_f1=0.4702 | precision_macro=0.3101 | recall_macro=0.4306
         ovr_roc_auc_macro=0.8184 | ovr_pr_auc_macro=0.5201
 Validation improved. Saved best model to /root/autodl-tmp/MedVisionLab/Knee/checkpoints/best_resnet50_mecs_layer3_knee_oa_mecsb_ce_seed777.pt (QWK=0.6115)

Epoch 03/60 | Time 0m 10s
  Train | loss=0.9832 | top1=58.60% | top2=82.14% | top3=96.62%
  Valid | loss=0.9433 | top1=59.48% | top2=84.68% | top3=97.36% | acc=59.32% | bal_acc=54.18% | macro_f1=0.5253 | qwk=0.7098 | mae=0.5460 | weighted_f1=0.5303 | precision_macro=0.6578 | recall_macro=0.5418
         ovr_roc_auc_macro=0.8558 | ovr_pr_auc_macro=0.6357
 Validation improved. Saved best model to /root/autodl-tmp/MedVisionLab/Knee/checkpoints/best_resnet50_mecs_layer3_knee_oa_mecsb_ce_seed777.pt (QWK=0.7098)

Epoch 04/60 | Time 0m 10s
  Train | loss=0.8945 | top1=63.33% | top2=85.16% | top3=97.65%
  Valid | loss=0.8498 | top1=64.22% | top2=87.02% | top3=97.96% | acc=64.04% | bal_acc=64.78% | macro_f1=0.6252 | qwk=0.7596 | mae=0.4758 | weighted_f1=0.6081 | precision_macro=0.6354 | recall_macro=0.6478
         ovr_roc_auc_macro=0.8713 | ovr_pr_auc_macro=0.6935
 Validation improved. Saved best model to /root/autodl-tmp/MedVisionLab/Knee/checkpoints/best_resnet50_mecs_layer3_knee_oa_mecsb_ce_seed777.pt (QWK=0.7596)

Epoch 05/60 | Time 0m 10s
  Train | loss=0.8345 | top1=65.24% | top2=87.19% | top3=98.38%
  Valid | loss=0.9172 | top1=61.67% | top2=84.71% | top3=97.84% | acc=61.50% | bal_acc=59.92% | macro_f1=0.5791 | qwk=0.7383 | mae=0.5242 | weighted_f1=0.5632 | precision_macro=0.6092 | recall_macro=0.5992
         ovr_roc_auc_macro=0.8631 | ovr_pr_auc_macro=0.6850
 No improvement. Bad epochs: 1/15

Epoch 06/60 | Time 0m 9s
  Train | loss=0.7892 | top1=66.75% | top2=88.94% | top3=98.88%
  Valid | loss=0.8272 | top1=63.90% | top2=87.08% | top3=98.20% | acc=63.80% | bal_acc=61.08% | macro_f1=0.6257 | qwk=0.7701 | mae=0.4600 | weighted_f1=0.6116 | precision_macro=0.6657 | recall_macro=0.6108
         ovr_roc_auc_macro=0.8833 | ovr_pr_auc_macro=0.7151
 Validation improved. Saved best model to /root/autodl-tmp/MedVisionLab/Knee/checkpoints/best_resnet50_mecs_layer3_knee_oa_mecsb_ce_seed777.pt (QWK=0.7701)

Epoch 07/60 | Time 0m 9s
  Train | loss=0.7551 | top1=67.81% | top2=89.52% | top3=98.84%
  Valid | loss=0.8109 | top1=65.97% | top2=88.34% | top3=98.80% | acc=65.86% | bal_acc=66.57% | macro_f1=0.6577 | qwk=0.7867 | mae=0.4310 | weighted_f1=0.6463 | precision_macro=0.6557 | recall_macro=0.6657
         ovr_roc_auc_macro=0.8882 | ovr_pr_auc_macro=0.7266
 Validation improved. Saved best model to /root/autodl-tmp/MedVisionLab/Knee/checkpoints/best_resnet50_mecs_layer3_knee_oa_mecsb_ce_seed777.pt (QWK=0.7867)

Epoch 08/60 | Time 0m 10s
  Train | loss=0.7069 | top1=70.23% | top2=91.25% | top3=99.23%
  Valid | loss=0.8088 | top1=68.01% | top2=88.10% | top3=98.44% | acc=67.92% | bal_acc=66.47% | macro_f1=0.6440 | qwk=0.7854 | mae=0.4249 | weighted_f1=0.6443 | precision_macro=0.6812 | recall_macro=0.6647
         ovr_roc_auc_macro=0.8933 | ovr_pr_auc_macro=0.7350
 No improvement. Bad epochs: 1/15

Epoch 09/60 | Time 0m 10s
  Train | loss=0.6749 | top1=71.76% | top2=91.90% | top3=99.34%
  Valid | loss=0.9619 | top1=62.83% | top2=86.42% | top3=98.20% | acc=62.59% | bal_acc=60.67% | macro_f1=0.5833 | qwk=0.7748 | mae=0.4697 | weighted_f1=0.5888 | precision_macro=0.6280 | recall_macro=0.6067
         ovr_roc_auc_macro=0.8692 | ovr_pr_auc_macro=0.6857
 No improvement. Bad epochs: 2/15

Epoch 10/60 | Time 0m 10s
  Train | loss=0.6507 | top1=72.03% | top2=92.59% | top3=99.40%
  Valid | loss=0.8238 | top1=66.80% | top2=89.90% | top3=98.80% | acc=66.59% | bal_acc=67.04% | macro_f1=0.6322 | qwk=0.8029 | mae=0.4225 | weighted_f1=0.6287 | precision_macro=0.6352 | recall_macro=0.6704
         ovr_roc_auc_macro=0.8901 | ovr_pr_auc_macro=0.7234
 Validation improved. Saved best model to /root/autodl-tmp/MedVisionLab/Knee/checkpoints/best_resnet50_mecs_layer3_knee_oa_mecsb_ce_seed777.pt (QWK=0.8029)

Epoch 11/60 | Time 0m 9s
  Train | loss=0.6335 | top1=73.53% | top2=93.20% | top3=99.36%
  Valid | loss=0.8738 | top1=62.16% | top2=88.95% | top3=98.77% | acc=62.11% | bal_acc=64.65% | macro_f1=0.6658 | qwk=0.8026 | mae=0.4225 | weighted_f1=0.6405 | precision_macro=0.7120 | recall_macro=0.6465
         ovr_roc_auc_macro=0.8874 | ovr_pr_auc_macro=0.7101
 No improvement. Bad epochs: 1/15

Epoch 12/60 | Time 0m 10s
  Train | loss=0.5902 | top1=74.96% | top2=93.57% | top3=99.57%
  Valid | loss=0.8625 | top1=64.64% | top2=89.18% | top3=98.68% | acc=64.41% | bal_acc=64.52% | macro_f1=0.6153 | qwk=0.7936 | mae=0.4322 | weighted_f1=0.6354 | precision_macro=0.6281 | recall_macro=0.6452
         ovr_roc_auc_macro=0.8819 | ovr_pr_auc_macro=0.6967
 No improvement. Bad epochs: 2/15

Epoch 13/60 | Time 0m 10s
  Train | loss=0.5676 | top1=75.99% | top2=94.38% | top3=99.62%
  Valid | loss=1.0776 | top1=60.04% | top2=85.67% | top3=96.88% | acc=59.81% | bal_acc=65.43% | macro_f1=0.6336 | qwk=0.7397 | mae=0.4964 | weighted_f1=0.5980 | precision_macro=0.6510 | recall_macro=0.6543
         ovr_roc_auc_macro=0.8831 | ovr_pr_auc_macro=0.7107
 No improvement. Bad epochs: 3/15

Epoch 14/60 | Time 0m 10s
  Train | loss=0.5339 | top1=78.10% | top2=94.56% | top3=99.79%
  Valid | loss=0.8769 | top1=66.05% | top2=90.26% | top3=99.04% | acc=65.86% | bal_acc=67.20% | macro_f1=0.6467 | qwk=0.8016 | mae=0.4225 | weighted_f1=0.6407 | precision_macro=0.6371 | recall_macro=0.6720
         ovr_roc_auc_macro=0.8953 | ovr_pr_auc_macro=0.7265
 No improvement. Bad epochs: 4/15

Epoch 15/60 | Time 0m 10s
  Train | loss=0.5201 | top1=77.89% | top2=95.12% | top3=99.64%
  Valid | loss=1.1044 | top1=61.97% | top2=83.17% | top3=97.24% | acc=61.86% | bal_acc=66.06% | macro_f1=0.6572 | qwk=0.7354 | mae=0.4939 | weighted_f1=0.6181 | precision_macro=0.6753 | recall_macro=0.6606
         ovr_roc_auc_macro=0.8803 | ovr_pr_auc_macro=0.7115
 No improvement. Bad epochs: 5/15

Epoch 16/60 | Time 0m 10s
  Train | loss=0.4772 | top1=80.42% | top2=96.11% | top3=99.86%
  Valid | loss=1.1287 | top1=62.35% | top2=86.30% | top3=98.08% | acc=62.11% | bal_acc=65.17% | macro_f1=0.6246 | qwk=0.7888 | mae=0.4576 | weighted_f1=0.6135 | precision_macro=0.6304 | recall_macro=0.6517
         ovr_roc_auc_macro=0.8740 | ovr_pr_auc_macro=0.6996
 No improvement. Bad epochs: 6/15

Epoch 17/60 | Time 0m 10s
  Train | loss=0.4528 | top1=81.79% | top2=96.32% | top3=99.86%
  Valid | loss=1.2145 | top1=62.83% | top2=87.50% | top3=97.48% | acc=62.59% | bal_acc=65.21% | macro_f1=0.6071 | qwk=0.7565 | mae=0.4855 | weighted_f1=0.6065 | precision_macro=0.6075 | recall_macro=0.6521
         ovr_roc_auc_macro=0.8768 | ovr_pr_auc_macro=0.6972
 No improvement. Bad epochs: 7/15

Epoch 18/60 | Time 0m 10s
  Train | loss=0.3976 | top1=83.90% | top2=96.96% | top3=99.93%
  Valid | loss=1.1510 | top1=63.77% | top2=86.90% | top3=98.68% | acc=63.56% | bal_acc=65.57% | macro_f1=0.6526 | qwk=0.7761 | mae=0.4552 | weighted_f1=0.6285 | precision_macro=0.6606 | recall_macro=0.6557
         ovr_roc_auc_macro=0.8773 | ovr_pr_auc_macro=0.7043
 No improvement. Bad epochs: 8/15

Epoch 19/60 | Time 0m 10s
  Train | loss=0.3793 | top1=84.66% | top2=97.60% | top3=99.90%
  Valid | loss=1.0726 | top1=61.31% | top2=87.26% | top3=98.08% | acc=61.14% | bal_acc=66.14% | macro_f1=0.6596 | qwk=0.7770 | mae=0.4552 | weighted_f1=0.6233 | precision_macro=0.6680 | recall_macro=0.6614
         ovr_roc_auc_macro=0.8823 | ovr_pr_auc_macro=0.7106
 No improvement. Bad epochs: 9/15

Epoch 20/60 | Time 0m 10s
  Train | loss=0.3503 | top1=86.25% | top2=97.88% | top3=99.91%
  Valid | loss=1.1760 | top1=58.72% | top2=86.18% | top3=97.96% | acc=58.47% | bal_acc=64.98% | macro_f1=0.6257 | qwk=0.7763 | mae=0.4831 | weighted_f1=0.5953 | precision_macro=0.6244 | recall_macro=0.6498
         ovr_roc_auc_macro=0.8706 | ovr_pr_auc_macro=0.6921
 No improvement. Bad epochs: 10/15

Epoch 21/60 | Time 0m 10s
  Train | loss=0.3076 | top1=88.31% | top2=97.95% | top3=99.92%
  Valid | loss=1.3994 | top1=63.59% | top2=86.54% | top3=97.00% | acc=63.44% | bal_acc=65.64% | macro_f1=0.6398 | qwk=0.7444 | mae=0.4818 | weighted_f1=0.6183 | precision_macro=0.6520 | recall_macro=0.6564
         ovr_roc_auc_macro=0.8701 | ovr_pr_auc_macro=0.6973
 No improvement. Bad epochs: 11/15

Epoch 22/60 | Time 0m 10s
  Train | loss=0.2796 | top1=89.48% | top2=98.40% | top3=99.88%
  Valid | loss=1.1869 | top1=62.32% | top2=88.58% | top3=98.92% | acc=62.11% | bal_acc=65.37% | macro_f1=0.6460 | qwk=0.7980 | mae=0.4370 | weighted_f1=0.6283 | precision_macro=0.6466 | recall_macro=0.6537
         ovr_roc_auc_macro=0.8770 | ovr_pr_auc_macro=0.6997
 No improvement. Bad epochs: 12/15

Epoch 23/60 | Time 0m 10s
  Train | loss=0.2621 | top1=89.71% | top2=98.57% | top3=99.93%
  Valid | loss=1.3204 | top1=62.57% | top2=87.62% | top3=98.68% | acc=62.47% | bal_acc=63.14% | macro_f1=0.6337 | qwk=0.7772 | mae=0.4600 | weighted_f1=0.6226 | precision_macro=0.6408 | recall_macro=0.6314
         ovr_roc_auc_macro=0.8728 | ovr_pr_auc_macro=0.6998
 No improvement. Bad epochs: 13/15

Epoch 24/60 | Time 0m 9s
  Train | loss=0.2366 | top1=90.80% | top2=98.79% | top3=99.98%
  Valid | loss=1.4242 | top1=65.97% | top2=87.50% | top3=98.80% | acc=65.86% | bal_acc=63.81% | macro_f1=0.6429 | qwk=0.7795 | mae=0.4395 | weighted_f1=0.6371 | precision_macro=0.6679 | recall_macro=0.6381
         ovr_roc_auc_macro=0.8791 | ovr_pr_auc_macro=0.7059
 No improvement. Bad epochs: 14/15

Epoch 25/60 | Time 0m 10s
  Train | loss=0.2062 | top1=91.91% | top2=98.81% | top3=99.91%
  Valid | loss=1.3448 | top1=62.45% | top2=87.02% | top3=97.84% | acc=62.35% | bal_acc=65.30% | macro_f1=0.6450 | qwk=0.7961 | mae=0.4395 | weighted_f1=0.6312 | precision_macro=0.6430 | recall_macro=0.6530
         ovr_roc_auc_macro=0.8791 | ovr_pr_auc_macro=0.7045
 No improvement. Bad epochs: 15/15
⏹ Early stopping triggered.
 Training stopped early at epoch 25.

Loading best model and evaluating on test set...
Best validation QWK: 0.8029

Test | loss=0.7513 | top1=69.11% | top2=90.99% | top3=99.58% | acc=69.02% | bal_acc=68.28% | macro_f1=0.6477 | qwk=0.8303 | mae=0.3792 | weighted_f1=0.6479 | precision_macro=0.6460 | recall_macro=0.6828
     ovr_roc_auc_macro=0.9059 | ovr_pr_auc_macro=0.7482

Evaluating on auto_test set...

AutoTest | loss=0.7524 | top1=69.05% | top2=90.49% | top3=99.35% | acc=68.87% | bal_acc=68.50% | macro_f1=0.6508 | qwk=0.8186 | mae=0.3912 | weighted_f1=0.6468 | precision_macro=0.6609 | recall_macro=0.6850
         ovr_roc_auc_macro=0.9050 | ovr_pr_auc_macro=0.7532

ResNet(layer3)+MECS+CE Knee Osteoarthritis baseline completed!
