========================================================================
KOA MECS VersionB experiment
Loss mode : CE
Seed      : 1234
Epochs    : 60
Patience  : 15
Data root : /root/autodl-tmp/Knee_Osteoarthritis
Run tag   : mecsb_ce_seed1234
Checkpoint: /root/autodl-tmp/MedVisionLab/Knee/checkpoints/best_resnet50_mecs_layer3_knee_oa_mecsb_ce_seed1234.pt
Module    : MECS_VersionB (median-anchored dynamic router)
========================================================================
Starting ResNet(layer3)+MECS+CE Knee Osteoarthritis Baseline...
Using device: cuda
CUDA device: NVIDIA GeForce RTX 4090
Run tag: mecsb_ce_seed1234
Config | seed=1234, batch_size=32, epochs=60, image_size=224
Class mapping from folders: {'0': 0, '1': 1, '2': 2, '3': 3, '4': 4}

Train samples: 5778
Train class distribution:
  0_Normal: 2286
  1_Doubtful: 1046
  2_Mild: 1516
  3_Moderate: 757
  4_Severe: 173

Valid samples: 826
Valid class distribution:
  0_Normal: 328
  1_Doubtful: 153
  2_Mild: 212
  3_Moderate: 106
  4_Severe: 27

Test samples: 1656
Test class distribution:
  0_Normal: 639
  1_Doubtful: 296
  2_Mild: 447
  3_Moderate: 223
  4_Severe: 51

AutoTest samples: 1526
AutoTest class distribution:
  0_Normal: 604
  1_Doubtful: 275
  2_Mild: 403
  3_Moderate: 200
  4_Severe: 44

Split sizes | train=5778, valid=826, test=1656, auto_test=1526
Loading ResNet50 with MECS module at layer3...
Trainable parameters: 27,305,297

[INFO] Class counts in training set: [2286 1046 1516  757  173]
[INFO] Using Standard CrossEntropyLoss (No class weights).
Starting training...

Epoch 01/60 | Time 0m 10s
  Train | loss=1.4177 | top1=37.80% | top2=62.98% | top3=81.19%
  Valid | loss=1.2530 | top1=40.99% | top2=68.39% | top3=85.10% | acc=41.28% | bal_acc=21.45% | macro_f1=0.1444 | qwk=0.1542 | mae=1.0981 | weighted_f1=0.2639 | precision_macro=0.1859 | recall_macro=0.2145
         ovr_roc_auc_macro=0.7471 | ovr_pr_auc_macro=0.4389
 Initial best model saved to /root/autodl-tmp/MedVisionLab/Knee/checkpoints/best_resnet50_mecs_layer3_knee_oa_mecsb_ce_seed1234.pt (QWK=0.1542)

Epoch 02/60 | Time 0m 10s
  Train | loss=1.1257 | top1=52.77% | top2=76.12% | top3=92.01%
  Valid | loss=0.9918 | top1=59.01% | top2=83.27% | top3=97.33% | acc=59.44% | bal_acc=43.63% | macro_f1=0.3922 | qwk=0.6886 | mae=0.5726 | weighted_f1=0.5131 | precision_macro=0.3729 | recall_macro=0.4363
         ovr_roc_auc_macro=0.8429 | ovr_pr_auc_macro=0.6258
 Validation improved. Saved best model to /root/autodl-tmp/MedVisionLab/Knee/checkpoints/best_resnet50_mecs_layer3_knee_oa_mecsb_ce_seed1234.pt (QWK=0.6886)

Epoch 03/60 | Time 0m 10s
  Train | loss=0.9260 | top1=61.55% | top2=84.61% | top3=97.61%
  Valid | loss=0.9851 | top1=59.83% | top2=84.89% | top3=98.26% | acc=59.93% | bal_acc=52.40% | macro_f1=0.5474 | qwk=0.7160 | mae=0.5412 | weighted_f1=0.5597 | precision_macro=0.6507 | recall_macro=0.5240
         ovr_roc_auc_macro=0.8568 | ovr_pr_auc_macro=0.6609
 Validation improved. Saved best model to /root/autodl-tmp/MedVisionLab/Knee/checkpoints/best_resnet50_mecs_layer3_knee_oa_mecsb_ce_seed1234.pt (QWK=0.7160)

Epoch 04/60 | Time 0m 10s
  Train | loss=0.8559 | top1=64.05% | top2=86.58% | top3=98.46%
  Valid | loss=0.8664 | top1=65.15% | top2=86.39% | top3=98.56% | acc=65.01% | bal_acc=64.68% | macro_f1=0.6277 | qwk=0.7484 | mae=0.4722 | weighted_f1=0.6186 | precision_macro=0.6714 | recall_macro=0.6468
         ovr_roc_auc_macro=0.8798 | ovr_pr_auc_macro=0.7009
 Validation improved. Saved best model to /root/autodl-tmp/MedVisionLab/Knee/checkpoints/best_resnet50_mecs_layer3_knee_oa_mecsb_ce_seed1234.pt (QWK=0.7484)

Epoch 05/60 | Time 0m 10s
  Train | loss=0.8035 | top1=66.40% | top2=88.56% | top3=98.79%
  Valid | loss=0.8567 | top1=63.59% | top2=87.23% | top3=98.44% | acc=63.44% | bal_acc=60.65% | macro_f1=0.5975 | qwk=0.7611 | mae=0.4831 | weighted_f1=0.5801 | precision_macro=0.6449 | recall_macro=0.6065
         ovr_roc_auc_macro=0.8732 | ovr_pr_auc_macro=0.6912
 Validation improved. Saved best model to /root/autodl-tmp/MedVisionLab/Knee/checkpoints/best_resnet50_mecs_layer3_knee_oa_mecsb_ce_seed1234.pt (QWK=0.7611)

Epoch 06/60 | Time 0m 10s
  Train | loss=0.7554 | top1=68.46% | top2=89.92% | top3=99.00%
  Valid | loss=0.9117 | top1=65.02% | top2=87.74% | top3=98.80% | acc=64.77% | bal_acc=65.63% | macro_f1=0.6116 | qwk=0.7861 | mae=0.4552 | weighted_f1=0.6157 | precision_macro=0.6226 | recall_macro=0.6563
         ovr_roc_auc_macro=0.8773 | ovr_pr_auc_macro=0.6989
 Validation improved. Saved best model to /root/autodl-tmp/MedVisionLab/Knee/checkpoints/best_resnet50_mecs_layer3_knee_oa_mecsb_ce_seed1234.pt (QWK=0.7861)

Epoch 07/60 | Time 0m 9s
  Train | loss=0.7267 | top1=68.73% | top2=90.36% | top3=99.26%
  Valid | loss=0.8681 | top1=63.11% | top2=86.90% | top3=97.60% | acc=62.95% | bal_acc=67.24% | macro_f1=0.6606 | qwk=0.7837 | mae=0.4504 | weighted_f1=0.6326 | precision_macro=0.6664 | recall_macro=0.6724
         ovr_roc_auc_macro=0.8869 | ovr_pr_auc_macro=0.7230
 No improvement. Bad epochs: 1/15

Epoch 08/60 | Time 0m 9s
  Train | loss=0.6895 | top1=71.01% | top2=92.04% | top3=99.38%
  Valid | loss=0.8303 | top1=64.94% | top2=87.50% | top3=98.80% | acc=64.77% | bal_acc=64.01% | macro_f1=0.6333 | qwk=0.7828 | mae=0.4443 | weighted_f1=0.6293 | precision_macro=0.6433 | recall_macro=0.6401
         ovr_roc_auc_macro=0.8866 | ovr_pr_auc_macro=0.7097
 No improvement. Bad epochs: 2/15

Epoch 09/60 | Time 0m 10s
  Train | loss=0.6484 | top1=72.84% | top2=92.46% | top3=99.48%
  Valid | loss=0.8754 | top1=65.86% | top2=87.27% | top3=98.56% | acc=65.86% | bal_acc=61.26% | macro_f1=0.6283 | qwk=0.7900 | mae=0.4274 | weighted_f1=0.6375 | precision_macro=0.6647 | recall_macro=0.6126
         ovr_roc_auc_macro=0.8778 | ovr_pr_auc_macro=0.6868
 Validation improved. Saved best model to /root/autodl-tmp/MedVisionLab/Knee/checkpoints/best_resnet50_mecs_layer3_knee_oa_mecsb_ce_seed1234.pt (QWK=0.7900)

Epoch 10/60 | Time 0m 10s
  Train | loss=0.6362 | top1=73.31% | top2=92.65% | top3=99.55%
  Valid | loss=0.8863 | top1=65.09% | top2=88.70% | top3=98.44% | acc=64.89% | bal_acc=64.67% | macro_f1=0.6235 | qwk=0.7710 | mae=0.4552 | weighted_f1=0.6230 | precision_macro=0.6312 | recall_macro=0.6467
         ovr_roc_auc_macro=0.8803 | ovr_pr_auc_macro=0.7111
 No improvement. Bad epochs: 1/15

Epoch 11/60 | Time 0m 9s
  Train | loss=0.5895 | top1=74.91% | top2=93.84% | top3=99.57%
  Valid | loss=0.8758 | top1=66.93% | top2=88.19% | top3=98.56% | acc=66.83% | bal_acc=64.04% | macro_f1=0.6364 | qwk=0.7861 | mae=0.4286 | weighted_f1=0.6282 | precision_macro=0.6694 | recall_macro=0.6404
         ovr_roc_auc_macro=0.8897 | ovr_pr_auc_macro=0.7309
 No improvement. Bad epochs: 2/15

Epoch 12/60 | Time 0m 10s
  Train | loss=0.5604 | top1=76.73% | top2=94.39% | top3=99.76%
  Valid | loss=0.8414 | top1=67.02% | top2=89.54% | top3=98.68% | acc=66.95% | bal_acc=64.92% | macro_f1=0.6522 | qwk=0.7953 | mae=0.4153 | weighted_f1=0.6466 | precision_macro=0.6744 | recall_macro=0.6492
         ovr_roc_auc_macro=0.8905 | ovr_pr_auc_macro=0.7234
 Validation improved. Saved best model to /root/autodl-tmp/MedVisionLab/Knee/checkpoints/best_resnet50_mecs_layer3_knee_oa_mecsb_ce_seed1234.pt (QWK=0.7953)

Epoch 13/60 | Time 0m 10s
  Train | loss=0.5341 | top1=77.31% | top2=94.87% | top3=99.76%
  Valid | loss=1.0055 | top1=62.56% | top2=87.74% | top3=98.08% | acc=62.35% | bal_acc=66.59% | macro_f1=0.6308 | qwk=0.7838 | mae=0.4588 | weighted_f1=0.6190 | precision_macro=0.6071 | recall_macro=0.6659
         ovr_roc_auc_macro=0.8758 | ovr_pr_auc_macro=0.6898
 No improvement. Bad epochs: 1/15

Epoch 14/60 | Time 0m 10s
  Train | loss=0.5112 | top1=78.86% | top2=95.79% | top3=99.86%
  Valid | loss=1.0087 | top1=66.21% | top2=88.94% | top3=98.44% | acc=66.10% | bal_acc=66.60% | macro_f1=0.6517 | qwk=0.7966 | mae=0.4274 | weighted_f1=0.6461 | precision_macro=0.6599 | recall_macro=0.6660
         ovr_roc_auc_macro=0.8847 | ovr_pr_auc_macro=0.7094
 Validation improved. Saved best model to /root/autodl-tmp/MedVisionLab/Knee/checkpoints/best_resnet50_mecs_layer3_knee_oa_mecsb_ce_seed1234.pt (QWK=0.7966)

Epoch 15/60 | Time 0m 10s
  Train | loss=0.4828 | top1=80.01% | top2=95.70% | top3=99.69%
  Valid | loss=1.0786 | top1=64.39% | top2=87.75% | top3=98.92% | acc=64.41% | bal_acc=59.00% | macro_f1=0.5992 | qwk=0.7687 | mae=0.4552 | weighted_f1=0.6043 | precision_macro=0.6509 | recall_macro=0.5900
         ovr_roc_auc_macro=0.8797 | ovr_pr_auc_macro=0.6860
 No improvement. Bad epochs: 1/15

Epoch 16/60 | Time 0m 10s
  Train | loss=0.4322 | top1=82.22% | top2=97.19% | top3=99.88%
  Valid | loss=1.1037 | top1=65.34% | top2=87.86% | top3=98.56% | acc=65.25% | bal_acc=63.19% | macro_f1=0.6502 | qwk=0.7887 | mae=0.4274 | weighted_f1=0.6422 | precision_macro=0.6790 | recall_macro=0.6319
         ovr_roc_auc_macro=0.8780 | ovr_pr_auc_macro=0.7010
 No improvement. Bad epochs: 2/15

Epoch 17/60 | Time 0m 10s
  Train | loss=0.4298 | top1=82.35% | top2=96.55% | top3=99.91%
  Valid | loss=1.1198 | top1=63.33% | top2=88.77% | top3=98.44% | acc=63.32% | bal_acc=62.57% | macro_f1=0.6365 | qwk=0.7954 | mae=0.4262 | weighted_f1=0.6422 | precision_macro=0.6529 | recall_macro=0.6257
         ovr_roc_auc_macro=0.8827 | ovr_pr_auc_macro=0.6981
 No improvement. Bad epochs: 3/15

Epoch 18/60 | Time 0m 9s
  Train | loss=0.3909 | top1=84.60% | top2=96.98% | top3=99.90%
  Valid | loss=1.0317 | top1=66.06% | top2=89.78% | top3=98.92% | acc=65.98% | bal_acc=63.67% | macro_f1=0.6273 | qwk=0.7973 | mae=0.4274 | weighted_f1=0.6292 | precision_macro=0.6424 | recall_macro=0.6367
         ovr_roc_auc_macro=0.8854 | ovr_pr_auc_macro=0.7049
 Validation improved. Saved best model to /root/autodl-tmp/MedVisionLab/Knee/checkpoints/best_resnet50_mecs_layer3_knee_oa_mecsb_ce_seed1234.pt (QWK=0.7973)

Epoch 19/60 | Time 0m 10s
  Train | loss=0.3493 | top1=85.61% | top2=97.60% | top3=99.93%
  Valid | loss=1.0789 | top1=66.60% | top2=89.88% | top3=98.80% | acc=66.46% | bal_acc=66.25% | macro_f1=0.6584 | qwk=0.8002 | mae=0.4128 | weighted_f1=0.6557 | precision_macro=0.6591 | recall_macro=0.6625
         ovr_roc_auc_macro=0.8849 | ovr_pr_auc_macro=0.7054
 Validation improved. Saved best model to /root/autodl-tmp/MedVisionLab/Knee/checkpoints/best_resnet50_mecs_layer3_knee_oa_mecsb_ce_seed1234.pt (QWK=0.8002)

Epoch 20/60 | Time 0m 10s
  Train | loss=0.3258 | top1=87.00% | top2=97.65% | top3=99.91%
  Valid | loss=1.1564 | top1=65.39% | top2=89.42% | top3=98.20% | acc=65.25% | bal_acc=63.72% | macro_f1=0.6232 | qwk=0.7716 | mae=0.4528 | weighted_f1=0.6279 | precision_macro=0.6368 | recall_macro=0.6372
         ovr_roc_auc_macro=0.8801 | ovr_pr_auc_macro=0.6952
 No improvement. Bad epochs: 1/15

Epoch 21/60 | Time 0m 10s
  Train | loss=0.2948 | top1=88.61% | top2=98.33% | top3=99.97%
  Valid | loss=1.1717 | top1=63.65% | top2=89.54% | top3=98.80% | acc=63.44% | bal_acc=66.56% | macro_f1=0.6378 | qwk=0.7974 | mae=0.4395 | weighted_f1=0.6314 | precision_macro=0.6186 | recall_macro=0.6656
         ovr_roc_auc_macro=0.8787 | ovr_pr_auc_macro=0.6936
 No improvement. Bad epochs: 2/15

Epoch 22/60 | Time 0m 9s
  Train | loss=0.2487 | top1=90.56% | top2=98.95% | top3=99.97%
  Valid | loss=1.1947 | top1=62.63% | top2=86.75% | top3=98.20% | acc=62.47% | bal_acc=65.16% | macro_f1=0.6471 | qwk=0.7834 | mae=0.4479 | weighted_f1=0.6312 | precision_macro=0.6462 | recall_macro=0.6516
         ovr_roc_auc_macro=0.8763 | ovr_pr_auc_macro=0.7012
 No improvement. Bad epochs: 3/15

Epoch 23/60 | Time 0m 9s
  Train | loss=0.2424 | top1=91.01% | top2=98.60% | top3=99.91%
  Valid | loss=1.1599 | top1=64.74% | top2=88.31% | top3=98.56% | acc=64.65% | bal_acc=65.05% | macro_f1=0.6413 | qwk=0.7798 | mae=0.4419 | weighted_f1=0.6438 | precision_macro=0.6342 | recall_macro=0.6505
         ovr_roc_auc_macro=0.8826 | ovr_pr_auc_macro=0.7061
 No improvement. Bad epochs: 4/15

Epoch 24/60 | Time 0m 10s
  Train | loss=0.2124 | top1=92.03% | top2=98.91% | top3=99.93%
  Valid | loss=1.4665 | top1=60.64% | top2=87.23% | top3=97.84% | acc=60.41% | bal_acc=65.32% | macro_f1=0.6338 | qwk=0.7639 | mae=0.4831 | weighted_f1=0.6081 | precision_macro=0.6197 | recall_macro=0.6532
         ovr_roc_auc_macro=0.8693 | ovr_pr_auc_macro=0.6950
 No improvement. Bad epochs: 5/15

Epoch 25/60 | Time 0m 10s
  Train | loss=0.1834 | top1=92.87% | top2=99.21% | top3=99.97%
  Valid | loss=1.5281 | top1=64.61% | top2=85.82% | top3=97.96% | acc=64.41% | bal_acc=67.36% | macro_f1=0.6481 | qwk=0.7731 | mae=0.4552 | weighted_f1=0.6303 | precision_macro=0.6364 | recall_macro=0.6736
         ovr_roc_auc_macro=0.8770 | ovr_pr_auc_macro=0.7069
 No improvement. Bad epochs: 6/15

Epoch 26/60 | Time 0m 10s
  Train | loss=0.1701 | top1=93.76% | top2=99.22% | top3=100.00%
  Valid | loss=1.6708 | top1=63.87% | top2=87.26% | top3=98.44% | acc=63.80% | bal_acc=59.74% | macro_f1=0.6062 | qwk=0.7738 | mae=0.4576 | weighted_f1=0.6039 | precision_macro=0.6448 | recall_macro=0.5974
         ovr_roc_auc_macro=0.8692 | ovr_pr_auc_macro=0.6821
 No improvement. Bad epochs: 7/15

Epoch 27/60 | Time 0m 10s
  Train | loss=0.1488 | top1=94.67% | top2=99.26% | top3=99.98%
  Valid | loss=1.6221 | top1=63.42% | top2=88.82% | top3=98.20% | acc=63.32% | bal_acc=62.71% | macro_f1=0.6404 | qwk=0.7858 | mae=0.4383 | weighted_f1=0.6331 | precision_macro=0.6601 | recall_macro=0.6271
         ovr_roc_auc_macro=0.8739 | ovr_pr_auc_macro=0.6901
 No improvement. Bad epochs: 8/15

Epoch 28/60 | Time 0m 10s
  Train | loss=0.1475 | top1=94.58% | top2=99.48% | top3=99.97%
  Valid | loss=1.4865 | top1=62.81% | top2=89.30% | top3=98.44% | acc=62.71% | bal_acc=64.31% | macro_f1=0.6462 | qwk=0.7815 | mae=0.4467 | weighted_f1=0.6326 | precision_macro=0.6508 | recall_macro=0.6431
         ovr_roc_auc_macro=0.8793 | ovr_pr_auc_macro=0.7035
 No improvement. Bad epochs: 9/15

Epoch 29/60 | Time 0m 10s
  Train | loss=0.1203 | top1=95.45% | top2=99.62% | top3=100.00%
  Valid | loss=1.5833 | top1=63.68% | top2=88.46% | top3=98.56% | acc=63.56% | bal_acc=64.35% | macro_f1=0.6465 | qwk=0.7839 | mae=0.4395 | weighted_f1=0.6351 | precision_macro=0.6511 | recall_macro=0.6435
         ovr_roc_auc_macro=0.8819 | ovr_pr_auc_macro=0.7039
 No improvement. Bad epochs: 10/15

Epoch 30/60 | Time 0m 10s
  Train | loss=0.1104 | top1=95.82% | top2=99.60% | top3=99.98%
  Valid | loss=1.4833 | top1=64.67% | top2=87.74% | top3=98.68% | acc=64.53% | bal_acc=64.89% | macro_f1=0.6475 | qwk=0.8016 | mae=0.4249 | weighted_f1=0.6354 | precision_macro=0.6495 | recall_macro=0.6489
         ovr_roc_auc_macro=0.8808 | ovr_pr_auc_macro=0.7044
 Validation improved. Saved best model to /root/autodl-tmp/MedVisionLab/Knee/checkpoints/best_resnet50_mecs_layer3_knee_oa_mecsb_ce_seed1234.pt (QWK=0.8016)

Epoch 31/60 | Time 0m 10s
  Train | loss=0.0938 | top1=96.91% | top2=99.79% | top3=99.98%
  Valid | loss=1.6849 | top1=64.52% | top2=89.64% | top3=98.44% | acc=64.41% | bal_acc=65.53% | macro_f1=0.6606 | qwk=0.7975 | mae=0.4213 | weighted_f1=0.6492 | precision_macro=0.6683 | recall_macro=0.6553
         ovr_roc_auc_macro=0.8816 | ovr_pr_auc_macro=0.7077
 No improvement. Bad epochs: 1/15

Epoch 32/60 | Time 0m 10s
  Train | loss=0.0800 | top1=97.46% | top2=99.79% | top3=100.00%
  Valid | loss=1.7974 | top1=66.20% | top2=88.82% | top3=98.68% | acc=65.98% | bal_acc=67.55% | macro_f1=0.6581 | qwk=0.7928 | mae=0.4262 | weighted_f1=0.6411 | precision_macro=0.6550 | recall_macro=0.6755
         ovr_roc_auc_macro=0.8797 | ovr_pr_auc_macro=0.7067
 No improvement. Bad epochs: 2/15

Epoch 33/60 | Time 0m 10s
  Train | loss=0.0756 | top1=97.28% | top2=99.79% | top3=99.98%
  Valid | loss=1.8381 | top1=65.66% | top2=87.14% | top3=98.32% | acc=65.50% | bal_acc=66.51% | macro_f1=0.6542 | qwk=0.7908 | mae=0.4322 | weighted_f1=0.6395 | precision_macro=0.6519 | recall_macro=0.6651
         ovr_roc_auc_macro=0.8774 | ovr_pr_auc_macro=0.7029
 No improvement. Bad epochs: 3/15

Epoch 34/60 | Time 0m 10s
  Train | loss=0.0654 | top1=97.55% | top2=99.79% | top3=100.00%
  Valid | loss=1.8847 | top1=64.55% | top2=88.19% | top3=98.80% | acc=64.41% | bal_acc=65.62% | macro_f1=0.6530 | qwk=0.7880 | mae=0.4334 | weighted_f1=0.6421 | precision_macro=0.6531 | recall_macro=0.6562
         ovr_roc_auc_macro=0.8749 | ovr_pr_auc_macro=0.7014
 No improvement. Bad epochs: 4/15

Epoch 35/60 | Time 0m 10s
  Train | loss=0.0666 | top1=97.67% | top2=99.90% | top3=99.98%
  Valid | loss=1.8808 | top1=64.16% | top2=89.42% | top3=98.56% | acc=64.04% | bal_acc=64.42% | macro_f1=0.6548 | qwk=0.7842 | mae=0.4370 | weighted_f1=0.6402 | precision_macro=0.6680 | recall_macro=0.6442
         ovr_roc_auc_macro=0.8788 | ovr_pr_auc_macro=0.7069
 No improvement. Bad epochs: 5/15

Epoch 36/60 | Time 0m 10s
  Train | loss=0.0567 | top1=98.03% | top2=99.83% | top3=100.00%
  Valid | loss=1.9775 | top1=62.99% | top2=88.79% | top3=98.92% | acc=62.83% | bal_acc=65.87% | macro_f1=0.6637 | qwk=0.7858 | mae=0.4407 | weighted_f1=0.6373 | precision_macro=0.6740 | recall_macro=0.6587
         ovr_roc_auc_macro=0.8762 | ovr_pr_auc_macro=0.7006
 No improvement. Bad epochs: 6/15

Epoch 37/60 | Time 0m 10s
  Train | loss=0.0558 | top1=97.93% | top2=99.84% | top3=100.00%
  Valid | loss=1.9921 | top1=66.36% | top2=88.07% | top3=98.56% | acc=66.22% | bal_acc=66.28% | macro_f1=0.6645 | qwk=0.8029 | mae=0.4153 | weighted_f1=0.6468 | precision_macro=0.6741 | recall_macro=0.6628
         ovr_roc_auc_macro=0.8814 | ovr_pr_auc_macro=0.7121
 Validation improved. Saved best model to /root/autodl-tmp/MedVisionLab/Knee/checkpoints/best_resnet50_mecs_layer3_knee_oa_mecsb_ce_seed1234.pt (QWK=0.8029)

Epoch 38/60 | Time 0m 10s
  Train | loss=0.0529 | top1=98.19% | top2=99.88% | top3=100.00%
  Valid | loss=1.9005 | top1=65.09% | top2=89.40% | top3=98.68% | acc=64.89% | bal_acc=66.58% | macro_f1=0.6611 | qwk=0.7943 | mae=0.4286 | weighted_f1=0.6422 | precision_macro=0.6618 | recall_macro=0.6658
         ovr_roc_auc_macro=0.8806 | ovr_pr_auc_macro=0.7127
 No improvement. Bad epochs: 1/15

Epoch 39/60 | Time 0m 10s
  Train | loss=0.0432 | top1=98.47% | top2=99.93% | top3=100.00%
  Valid | loss=1.8718 | top1=65.42% | top2=88.43% | top3=98.80% | acc=65.25% | bal_acc=67.11% | macro_f1=0.6657 | qwk=0.8022 | mae=0.4140 | weighted_f1=0.6546 | precision_macro=0.6659 | recall_macro=0.6711
         ovr_roc_auc_macro=0.8819 | ovr_pr_auc_macro=0.7100
 No improvement. Bad epochs: 2/15

Epoch 40/60 | Time 0m 10s
  Train | loss=0.0335 | top1=98.88% | top2=99.91% | top3=100.00%
  Valid | loss=2.0635 | top1=65.39% | top2=87.11% | top3=98.68% | acc=65.25% | bal_acc=65.69% | macro_f1=0.6547 | qwk=0.7824 | mae=0.4370 | weighted_f1=0.6431 | precision_macro=0.6584 | recall_macro=0.6569
         ovr_roc_auc_macro=0.8792 | ovr_pr_auc_macro=0.7071
 No improvement. Bad epochs: 3/15

Epoch 41/60 | Time 0m 10s
  Train | loss=0.0449 | top1=98.52% | top2=99.88% | top3=100.00%
  Valid | loss=2.0726 | top1=65.42% | top2=87.71% | top3=98.80% | acc=65.25% | bal_acc=64.98% | macro_f1=0.6498 | qwk=0.7914 | mae=0.4334 | weighted_f1=0.6344 | precision_macro=0.6634 | recall_macro=0.6498
         ovr_roc_auc_macro=0.8789 | ovr_pr_auc_macro=0.7097
 No improvement. Bad epochs: 4/15

Epoch 42/60 | Time 0m 10s
  Train | loss=0.0381 | top1=98.83% | top2=99.95% | top3=100.00%
  Valid | loss=2.2052 | top1=65.99% | top2=88.07% | top3=98.92% | acc=65.86% | bal_acc=64.10% | macro_f1=0.6387 | qwk=0.7945 | mae=0.4262 | weighted_f1=0.6276 | precision_macro=0.6609 | recall_macro=0.6410
         ovr_roc_auc_macro=0.8786 | ovr_pr_auc_macro=0.7079
 No improvement. Bad epochs: 5/15

Epoch 43/60 | Time 0m 10s
  Train | loss=0.0261 | top1=99.14% | top2=99.95% | top3=100.00%
  Valid | loss=2.0766 | top1=65.33% | top2=87.47% | top3=98.92% | acc=65.13% | bal_acc=67.52% | macro_f1=0.6691 | qwk=0.7873 | mae=0.4334 | weighted_f1=0.6451 | precision_macro=0.6667 | recall_macro=0.6752
         ovr_roc_auc_macro=0.8798 | ovr_pr_auc_macro=0.7120
 No improvement. Bad epochs: 6/15

Epoch 44/60 | Time 0m 10s
  Train | loss=0.0265 | top1=99.15% | top2=99.97% | top3=100.00%
  Valid | loss=2.1372 | top1=65.67% | top2=88.67% | top3=99.04% | acc=65.62% | bal_acc=63.59% | macro_f1=0.6514 | qwk=0.7900 | mae=0.4262 | weighted_f1=0.6486 | precision_macro=0.6735 | recall_macro=0.6359
         ovr_roc_auc_macro=0.8776 | ovr_pr_auc_macro=0.7038
 No improvement. Bad epochs: 7/15

Epoch 45/60 | Time 0m 10s
  Train | loss=0.0226 | top1=99.17% | top2=99.95% | top3=100.00%
  Valid | loss=2.2025 | top1=64.61% | top2=87.71% | top3=99.04% | acc=64.41% | bal_acc=64.98% | macro_f1=0.6437 | qwk=0.7898 | mae=0.4370 | weighted_f1=0.6311 | precision_macro=0.6505 | recall_macro=0.6498
         ovr_roc_auc_macro=0.8797 | ovr_pr_auc_macro=0.7105
 No improvement. Bad epochs: 8/15

Epoch 46/60 | Time 0m 10s
  Train | loss=0.0222 | top1=99.15% | top2=99.95% | top3=100.00%
  Valid | loss=2.2466 | top1=65.15% | top2=88.31% | top3=98.92% | acc=65.01% | bal_acc=66.19% | macro_f1=0.6647 | qwk=0.7936 | mae=0.4286 | weighted_f1=0.6449 | precision_macro=0.6696 | recall_macro=0.6619
         ovr_roc_auc_macro=0.8752 | ovr_pr_auc_macro=0.7034
 No improvement. Bad epochs: 9/15

Epoch 47/60 | Time 0m 10s
  Train | loss=0.0164 | top1=99.46% | top2=99.95% | top3=100.00%
  Valid | loss=2.2647 | top1=65.30% | top2=87.71% | top3=98.92% | acc=65.13% | bal_acc=65.91% | macro_f1=0.6578 | qwk=0.7944 | mae=0.4274 | weighted_f1=0.6419 | precision_macro=0.6613 | recall_macro=0.6591
         ovr_roc_auc_macro=0.8776 | ovr_pr_auc_macro=0.7098
 No improvement. Bad epochs: 10/15

Epoch 48/60 | Time 0m 9s
  Train | loss=0.0160 | top1=99.46% | top2=99.98% | top3=100.00%
  Valid | loss=2.2064 | top1=65.15% | top2=88.07% | top3=98.92% | acc=65.01% | bal_acc=65.70% | macro_f1=0.6631 | qwk=0.7790 | mae=0.4407 | weighted_f1=0.6421 | precision_macro=0.6734 | recall_macro=0.6570
         ovr_roc_auc_macro=0.8810 | ovr_pr_auc_macro=0.7134
 No improvement. Bad epochs: 11/15

Epoch 49/60 | Time 0m 9s
  Train | loss=0.0164 | top1=99.55% | top2=99.98% | top3=100.00%
  Valid | loss=2.2549 | top1=66.24% | top2=88.58% | top3=99.16% | acc=66.10% | bal_acc=65.90% | macro_f1=0.6596 | qwk=0.7979 | mae=0.4189 | weighted_f1=0.6482 | precision_macro=0.6670 | recall_macro=0.6590
         ovr_roc_auc_macro=0.8801 | ovr_pr_auc_macro=0.7121
 No improvement. Bad epochs: 12/15

Epoch 50/60 | Time 0m 10s
  Train | loss=0.0134 | top1=99.50% | top2=99.98% | top3=99.98%
  Valid | loss=2.3116 | top1=65.51% | top2=87.11% | top3=99.04% | acc=65.38% | bal_acc=65.10% | macro_f1=0.6540 | qwk=0.7856 | mae=0.4358 | weighted_f1=0.6346 | precision_macro=0.6695 | recall_macro=0.6510
         ovr_roc_auc_macro=0.8797 | ovr_pr_auc_macro=0.7067
 No improvement. Bad epochs: 13/15

Epoch 51/60 | Time 0m 10s
  Train | loss=0.0120 | top1=99.64% | top2=99.98% | top3=100.00%
  Valid | loss=2.2128 | top1=66.24% | top2=88.31% | top3=99.16% | acc=66.10% | bal_acc=66.55% | macro_f1=0.6674 | qwk=0.7928 | mae=0.4225 | weighted_f1=0.6489 | precision_macro=0.6762 | recall_macro=0.6655
         ovr_roc_auc_macro=0.8823 | ovr_pr_auc_macro=0.7147
 No improvement. Bad epochs: 14/15

Epoch 52/60 | Time 0m 10s
  Train | loss=0.0090 | top1=99.72% | top2=99.98% | top3=100.00%
  Valid | loss=2.2928 | top1=65.15% | top2=88.55% | top3=99.04% | acc=65.01% | bal_acc=65.84% | macro_f1=0.6636 | qwk=0.7923 | mae=0.4286 | weighted_f1=0.6450 | precision_macro=0.6710 | recall_macro=0.6584
         ovr_roc_auc_macro=0.8785 | ovr_pr_auc_macro=0.7076
 No improvement. Bad epochs: 15/15
⏹ Early stopping triggered.
 Training stopped early at epoch 52.

Loading best model and evaluating on test set...
Best validation QWK: 0.8029

Test | loss=1.7822 | top1=66.71% | top2=88.80% | top3=99.04% | acc=66.61% | bal_acc=65.95% | macro_f1=0.6606 | qwk=0.8228 | mae=0.3961 | weighted_f1=0.6484 | precision_macro=0.6715 | recall_macro=0.6595
     ovr_roc_auc_macro=0.8951 | ovr_pr_auc_macro=0.7375

Evaluating on auto_test set...

AutoTest | loss=1.7144 | top1=69.02% | top2=89.49% | top3=99.61% | acc=68.87% | bal_acc=69.02% | macro_f1=0.6902 | qwk=0.8393 | mae=0.3630 | weighted_f1=0.6731 | precision_macro=0.6991 | recall_macro=0.6902
         ovr_roc_auc_macro=0.8971 | ovr_pr_auc_macro=0.7493

ResNet(layer3)+MECS+CE Knee Osteoarthritis baseline completed!
