========================================================================
KOA MECS VersionB experiment
Loss mode : CE
Seed      : 3407
Epochs    : 60
Patience  : 15
Data root : /root/autodl-tmp/Knee_Osteoarthritis
Run tag   : mecsb_ce_seed3407
Checkpoint: /root/autodl-tmp/MedVisionLab/Knee/checkpoints/best_resnet50_mecs_layer3_knee_oa_mecsb_ce_seed3407.pt
Module    : MECS_VersionB (median-anchored dynamic router)
========================================================================
Starting ResNet(layer3)+MECS+CE Knee Osteoarthritis Baseline...
Using device: cuda
CUDA device: NVIDIA GeForce RTX 4090
Run tag: mecsb_ce_seed3407
Config | seed=3407, batch_size=32, epochs=60, image_size=224
Class mapping from folders: {'0': 0, '1': 1, '2': 2, '3': 3, '4': 4}

Train samples: 5778
Train class distribution:
  0_Normal: 2286
  1_Doubtful: 1046
  2_Mild: 1516
  3_Moderate: 757
  4_Severe: 173

Valid samples: 826
Valid class distribution:
  0_Normal: 328
  1_Doubtful: 153
  2_Mild: 212
  3_Moderate: 106
  4_Severe: 27

Test samples: 1656
Test class distribution:
  0_Normal: 639
  1_Doubtful: 296
  2_Mild: 447
  3_Moderate: 223
  4_Severe: 51

AutoTest samples: 1526
AutoTest class distribution:
  0_Normal: 604
  1_Doubtful: 275
  2_Mild: 403
  3_Moderate: 200
  4_Severe: 44

Split sizes | train=5778, valid=826, test=1656, auto_test=1526
Loading ResNet50 with MECS module at layer3...
Trainable parameters: 27,305,297

[INFO] Class counts in training set: [2286 1046 1516  757  173]
[INFO] Using Standard CrossEntropyLoss (No class weights).
Starting training...

Epoch 01/60 | Time 0m 10s
  Train | loss=1.4178 | top1=39.63% | top2=64.10% | top3=82.06%
  Valid | loss=1.2771 | top1=43.63% | top2=65.75% | top3=84.13% | acc=43.95% | bal_acc=23.67% | macro_f1=0.1776 | qwk=0.2634 | mae=0.9794 | weighted_f1=0.3150 | precision_macro=0.1611 | recall_macro=0.2367
         ovr_roc_auc_macro=0.7219 | ovr_pr_auc_macro=0.3998
 Initial best model saved to /root/autodl-tmp/MedVisionLab/Knee/checkpoints/best_resnet50_mecs_layer3_knee_oa_mecsb_ce_seed3407.pt (QWK=0.2634)

Epoch 02/60 | Time 0m 9s
  Train | loss=1.1762 | top1=50.21% | top2=73.99% | top3=90.56%
  Valid | loss=1.2350 | top1=50.48% | top2=74.66% | top3=94.13% | acc=50.85% | bal_acc=33.66% | macro_f1=0.3017 | qwk=0.5408 | mae=0.7603 | weighted_f1=0.4091 | precision_macro=0.3309 | recall_macro=0.3366
         ovr_roc_auc_macro=0.7875 | ovr_pr_auc_macro=0.5231
 Validation improved. Saved best model to /root/autodl-tmp/MedVisionLab/Knee/checkpoints/best_resnet50_mecs_layer3_knee_oa_mecsb_ce_seed3407.pt (QWK=0.5408)

Epoch 03/60 | Time 0m 10s
  Train | loss=0.9569 | top1=60.13% | top2=83.57% | top3=97.01%
  Valid | loss=0.9011 | top1=62.18% | top2=84.83% | top3=97.45% | acc=61.99% | bal_acc=60.99% | macro_f1=0.5527 | qwk=0.7445 | mae=0.5157 | weighted_f1=0.5633 | precision_macro=0.5525 | recall_macro=0.6099
         ovr_roc_auc_macro=0.8637 | ovr_pr_auc_macro=0.6247
 Validation improved. Saved best model to /root/autodl-tmp/MedVisionLab/Knee/checkpoints/best_resnet50_mecs_layer3_knee_oa_mecsb_ce_seed3407.pt (QWK=0.7445)

Epoch 04/60 | Time 0m 10s
  Train | loss=0.8590 | top1=63.70% | top2=86.69% | top3=98.34%
  Valid | loss=0.9382 | top1=62.61% | top2=85.73% | top3=98.08% | acc=62.59% | bal_acc=54.84% | macro_f1=0.5556 | qwk=0.7329 | mae=0.5036 | weighted_f1=0.5646 | precision_macro=0.7162 | recall_macro=0.5484
         ovr_roc_auc_macro=0.8640 | ovr_pr_auc_macro=0.6681
 No improvement. Bad epochs: 1/15

Epoch 05/60 | Time 0m 9s
  Train | loss=0.8160 | top1=65.86% | top2=88.14% | top3=98.55%
  Valid | loss=0.8802 | top1=65.15% | top2=87.83% | top3=98.68% | acc=65.01% | bal_acc=62.96% | macro_f1=0.6184 | qwk=0.7716 | mae=0.4637 | weighted_f1=0.5998 | precision_macro=0.6536 | recall_macro=0.6296
         ovr_roc_auc_macro=0.8729 | ovr_pr_auc_macro=0.6973
 Validation improved. Saved best model to /root/autodl-tmp/MedVisionLab/Knee/checkpoints/best_resnet50_mecs_layer3_knee_oa_mecsb_ce_seed3407.pt (QWK=0.7716)

Epoch 06/60 | Time 0m 10s
  Train | loss=0.7615 | top1=68.32% | top2=89.33% | top3=99.08%
  Valid | loss=0.8141 | top1=65.50% | top2=89.42% | top3=98.92% | acc=65.25% | bal_acc=66.78% | macro_f1=0.6319 | qwk=0.8064 | mae=0.4237 | weighted_f1=0.6316 | precision_macro=0.6239 | recall_macro=0.6678
         ovr_roc_auc_macro=0.8817 | ovr_pr_auc_macro=0.7034
 Validation improved. Saved best model to /root/autodl-tmp/MedVisionLab/Knee/checkpoints/best_resnet50_mecs_layer3_knee_oa_mecsb_ce_seed3407.pt (QWK=0.8064)

Epoch 07/60 | Time 0m 10s
  Train | loss=0.7142 | top1=69.64% | top2=90.48% | top3=99.22%
  Valid | loss=0.8896 | top1=64.46% | top2=89.18% | top3=98.08% | acc=64.29% | bal_acc=65.40% | macro_f1=0.6419 | qwk=0.7769 | mae=0.4467 | weighted_f1=0.6354 | precision_macro=0.6428 | recall_macro=0.6540
         ovr_roc_auc_macro=0.8836 | ovr_pr_auc_macro=0.7016
 No improvement. Bad epochs: 1/15

Epoch 08/60 | Time 0m 10s
  Train | loss=0.6851 | top1=70.98% | top2=92.05% | top3=99.45%
  Valid | loss=0.8386 | top1=66.32% | top2=88.82% | top3=99.04% | acc=66.10% | bal_acc=65.98% | macro_f1=0.6312 | qwk=0.7803 | mae=0.4443 | weighted_f1=0.6203 | precision_macro=0.6517 | recall_macro=0.6598
         ovr_roc_auc_macro=0.8837 | ovr_pr_auc_macro=0.7065
 No improvement. Bad epochs: 2/15

Epoch 09/60 | Time 0m 10s
  Train | loss=0.6545 | top1=72.15% | top2=92.29% | top3=99.40%
  Valid | loss=0.8608 | top1=63.14% | top2=88.58% | top3=99.04% | acc=62.95% | bal_acc=65.54% | macro_f1=0.6241 | qwk=0.7962 | mae=0.4419 | weighted_f1=0.6293 | precision_macro=0.6036 | recall_macro=0.6554
         ovr_roc_auc_macro=0.8809 | ovr_pr_auc_macro=0.6974
 No improvement. Bad epochs: 3/15

Epoch 10/60 | Time 0m 10s
  Train | loss=0.6311 | top1=73.06% | top2=92.25% | top3=99.64%
  Valid | loss=0.8764 | top1=62.33% | top2=88.79% | top3=98.92% | acc=62.23% | bal_acc=58.62% | macro_f1=0.5889 | qwk=0.7807 | mae=0.4516 | weighted_f1=0.6032 | precision_macro=0.6240 | recall_macro=0.5862
         ovr_roc_auc_macro=0.8819 | ovr_pr_auc_macro=0.6911
 No improvement. Bad epochs: 4/15

Epoch 11/60 | Time 0m 10s
  Train | loss=0.5903 | top1=74.79% | top2=93.46% | top3=99.52%
  Valid | loss=0.9428 | top1=64.58% | top2=88.05% | top3=98.65% | acc=64.41% | bal_acc=63.56% | macro_f1=0.6396 | qwk=0.7969 | mae=0.4298 | weighted_f1=0.6329 | precision_macro=0.6628 | recall_macro=0.6356
         ovr_roc_auc_macro=0.8761 | ovr_pr_auc_macro=0.6722
 No improvement. Bad epochs: 5/15

Epoch 12/60 | Time 0m 9s
  Train | loss=0.5721 | top1=76.59% | top2=94.28% | top3=99.60%
  Valid | loss=0.9066 | top1=65.03% | top2=89.88% | top3=99.04% | acc=64.89% | bal_acc=66.60% | macro_f1=0.6658 | qwk=0.8000 | mae=0.4225 | weighted_f1=0.6467 | precision_macro=0.6664 | recall_macro=0.6660
         ovr_roc_auc_macro=0.8899 | ovr_pr_auc_macro=0.7203
 No improvement. Bad epochs: 6/15

Epoch 13/60 | Time 0m 10s
  Train | loss=0.5440 | top1=77.67% | top2=94.77% | top3=99.67%
  Valid | loss=1.0001 | top1=59.27% | top2=84.47% | top3=98.20% | acc=59.20% | bal_acc=61.63% | macro_f1=0.6212 | qwk=0.7457 | mae=0.4952 | weighted_f1=0.5958 | precision_macro=0.6563 | recall_macro=0.6163
         ovr_roc_auc_macro=0.8753 | ovr_pr_auc_macro=0.6988
 No improvement. Bad epochs: 7/15

Epoch 14/60 | Time 0m 10s
  Train | loss=0.4973 | top1=79.30% | top2=95.58% | top3=99.74%
  Valid | loss=0.9231 | top1=60.73% | top2=87.98% | top3=98.44% | acc=60.53% | bal_acc=64.36% | macro_f1=0.6292 | qwk=0.7752 | mae=0.4709 | weighted_f1=0.6125 | precision_macro=0.6213 | recall_macro=0.6436
         ovr_roc_auc_macro=0.8735 | ovr_pr_auc_macro=0.6880
 No improvement. Bad epochs: 8/15

Epoch 15/60 | Time 0m 9s
  Train | loss=0.4570 | top1=81.55% | top2=96.15% | top3=99.83%
  Valid | loss=1.0356 | top1=63.69% | top2=88.02% | top3=98.68% | acc=63.68% | bal_acc=60.81% | macro_f1=0.6343 | qwk=0.7867 | mae=0.4395 | weighted_f1=0.6307 | precision_macro=0.6797 | recall_macro=0.6081
         ovr_roc_auc_macro=0.8765 | ovr_pr_auc_macro=0.6952
 No improvement. Bad epochs: 9/15

Epoch 16/60 | Time 0m 10s
  Train | loss=0.4435 | top1=81.77% | top2=96.26% | top3=99.90%
  Valid | loss=1.0766 | top1=63.32% | top2=88.29% | top3=99.04% | acc=63.20% | bal_acc=62.47% | macro_f1=0.6360 | qwk=0.7737 | mae=0.4504 | weighted_f1=0.6244 | precision_macro=0.6638 | recall_macro=0.6247
         ovr_roc_auc_macro=0.8748 | ovr_pr_auc_macro=0.6952
 No improvement. Bad epochs: 10/15

Epoch 17/60 | Time 0m 9s
  Train | loss=0.3823 | top1=84.68% | top2=97.22% | top3=99.76%
  Valid | loss=1.1619 | top1=64.58% | top2=88.70% | top3=99.04% | acc=64.41% | bal_acc=63.46% | macro_f1=0.6175 | qwk=0.7839 | mae=0.4479 | weighted_f1=0.6135 | precision_macro=0.6252 | recall_macro=0.6346
         ovr_roc_auc_macro=0.8683 | ovr_pr_auc_macro=0.7000
 No improvement. Bad epochs: 11/15

Epoch 18/60 | Time 0m 10s
  Train | loss=0.3596 | top1=85.78% | top2=97.60% | top3=99.86%
  Valid | loss=1.1135 | top1=62.91% | top2=87.74% | top3=98.32% | acc=62.83% | bal_acc=64.36% | macro_f1=0.6605 | qwk=0.7882 | mae=0.4370 | weighted_f1=0.6386 | precision_macro=0.6903 | recall_macro=0.6436
         ovr_roc_auc_macro=0.8815 | ovr_pr_auc_macro=0.7117
 No improvement. Bad epochs: 12/15

Epoch 19/60 | Time 0m 10s
  Train | loss=0.3267 | top1=87.21% | top2=97.74% | top3=99.91%
  Valid | loss=1.5243 | top1=64.50% | top2=88.17% | top3=98.68% | acc=64.41% | bal_acc=61.20% | macro_f1=0.6174 | qwk=0.7695 | mae=0.4479 | weighted_f1=0.6190 | precision_macro=0.6665 | recall_macro=0.6120
         ovr_roc_auc_macro=0.8744 | ovr_pr_auc_macro=0.6798
 No improvement. Bad epochs: 13/15

Epoch 20/60 | Time 0m 10s
  Train | loss=0.2885 | top1=88.96% | top2=98.62% | top3=99.98%
  Valid | loss=1.5739 | top1=64.22% | top2=87.38% | top3=97.48% | acc=64.04% | bal_acc=63.00% | macro_f1=0.5978 | qwk=0.7708 | mae=0.4637 | weighted_f1=0.5962 | precision_macro=0.6120 | recall_macro=0.6300
         ovr_roc_auc_macro=0.8701 | ovr_pr_auc_macro=0.6820
 No improvement. Bad epochs: 14/15

Epoch 21/60 | Time 0m 9s
  Train | loss=0.2597 | top1=89.96% | top2=98.38% | top3=99.97%
  Valid | loss=1.2130 | top1=64.55% | top2=87.74% | top3=98.92% | acc=64.41% | bal_acc=63.59% | macro_f1=0.6244 | qwk=0.7997 | mae=0.4358 | weighted_f1=0.6233 | precision_macro=0.6297 | recall_macro=0.6359
         ovr_roc_auc_macro=0.8739 | ovr_pr_auc_macro=0.6964
 No improvement. Bad epochs: 15/15
⏹ Early stopping triggered.
 Training stopped early at epoch 21.

Loading best model and evaluating on test set...
Best validation QWK: 0.8064

Test | loss=0.7780 | top1=67.99% | top2=90.44% | top3=99.22% | acc=67.87% | bal_acc=68.47% | macro_f1=0.6541 | qwk=0.8336 | mae=0.3816 | weighted_f1=0.6589 | precision_macro=0.6444 | recall_macro=0.6847
     ovr_roc_auc_macro=0.8953 | ovr_pr_auc_macro=0.7197

Evaluating on auto_test set...

AutoTest | loss=0.7688 | top1=68.68% | top2=90.56% | top3=99.54% | acc=68.48% | bal_acc=70.20% | macro_f1=0.6668 | qwk=0.8251 | mae=0.3840 | weighted_f1=0.6642 | precision_macro=0.6590 | recall_macro=0.7020
         ovr_roc_auc_macro=0.8954 | ovr_pr_auc_macro=0.7321

ResNet(layer3)+MECS+CE Knee Osteoarthritis baseline completed!
