========================================================================
KOA MECS VersionB experiment
Loss mode : CE
Seed      : 42
Epochs    : 60
Patience  : 15
Data root : /root/autodl-tmp/Knee_Osteoarthritis
Run tag   : mecsb_ce_seed42
Checkpoint: /root/autodl-tmp/MedVisionLab/Knee/checkpoints/best_resnet50_mecs_layer3_knee_oa_mecsb_ce_seed42.pt
Module    : MECS_VersionB (median-anchored dynamic router)
========================================================================
Starting ResNet(layer3)+MECS+CE Knee Osteoarthritis Baseline...
Using device: cuda
CUDA device: NVIDIA GeForce RTX 4090
Run tag: mecsb_ce_seed42
Config | seed=42, batch_size=32, epochs=60, image_size=224
Class mapping from folders: {'0': 0, '1': 1, '2': 2, '3': 3, '4': 4}

Train samples: 5778
Train class distribution:
  0_Normal: 2286
  1_Doubtful: 1046
  2_Mild: 1516
  3_Moderate: 757
  4_Severe: 173

Valid samples: 826
Valid class distribution:
  0_Normal: 328
  1_Doubtful: 153
  2_Mild: 212
  3_Moderate: 106
  4_Severe: 27

Test samples: 1656
Test class distribution:
  0_Normal: 639
  1_Doubtful: 296
  2_Mild: 447
  3_Moderate: 223
  4_Severe: 51

AutoTest samples: 1526
AutoTest class distribution:
  0_Normal: 604
  1_Doubtful: 275
  2_Mild: 403
  3_Moderate: 200
  4_Severe: 44

Split sizes | train=5778, valid=826, test=1656, auto_test=1526
Loading ResNet50 with MECS module at layer3...
Trainable parameters: 27,305,297

[INFO] Class counts in training set: [2286 1046 1516  757  173]
[INFO] Using Standard CrossEntropyLoss (No class weights).
Starting training...

Epoch 01/60 | Time 0m 10s
  Train | loss=1.4255 | top1=38.96% | top2=64.82% | top3=82.54%
  Valid | loss=1.2842 | top1=42.43% | top2=66.95% | top3=83.41% | acc=42.74% | bal_acc=22.43% | macro_f1=0.1586 | qwk=0.1674 | mae=1.0666 | weighted_f1=0.2879 | precision_macro=0.1654 | recall_macro=0.2243
         ovr_roc_auc_macro=0.7431 | ovr_pr_auc_macro=0.3997
 Initial best model saved to /root/autodl-tmp/MedVisionLab/Knee/checkpoints/best_resnet50_mecs_layer3_knee_oa_mecsb_ce_seed42.pt (QWK=0.1674)

Epoch 02/60 | Time 0m 9s
  Train | loss=1.1877 | top1=49.27% | top2=72.90% | top3=90.28%
  Valid | loss=1.1834 | top1=48.32% | top2=75.12% | top3=93.81% | acc=48.67% | bal_acc=39.84% | macro_f1=0.3508 | qwk=0.6471 | mae=0.6768 | weighted_f1=0.4608 | precision_macro=0.3366 | recall_macro=0.3984
         ovr_roc_auc_macro=0.8035 | ovr_pr_auc_macro=0.5384
 Validation improved. Saved best model to /root/autodl-tmp/MedVisionLab/Knee/checkpoints/best_resnet50_mecs_layer3_knee_oa_mecsb_ce_seed42.pt (QWK=0.6471)

Epoch 03/60 | Time 0m 10s
  Train | loss=0.9642 | top1=59.22% | top2=82.91% | top3=97.08%
  Valid | loss=0.9862 | top1=60.28% | top2=82.18% | top3=98.17% | acc=60.05% | bal_acc=57.08% | macro_f1=0.5233 | qwk=0.7250 | mae=0.5363 | weighted_f1=0.5312 | precision_macro=0.5357 | recall_macro=0.5708
         ovr_roc_auc_macro=0.8506 | ovr_pr_auc_macro=0.6418
 Validation improved. Saved best model to /root/autodl-tmp/MedVisionLab/Knee/checkpoints/best_resnet50_mecs_layer3_knee_oa_mecsb_ce_seed42.pt (QWK=0.7250)

Epoch 04/60 | Time 0m 10s
  Train | loss=0.8653 | top1=63.40% | top2=86.14% | top3=98.29%
  Valid | loss=1.2768 | top1=53.82% | top2=81.13% | top3=92.19% | acc=53.51% | bal_acc=60.17% | macro_f1=0.5198 | qwk=0.6640 | mae=0.6586 | weighted_f1=0.5231 | precision_macro=0.4997 | recall_macro=0.6017
         ovr_roc_auc_macro=0.8282 | ovr_pr_auc_macro=0.5870
 No improvement. Bad epochs: 1/15

Epoch 05/60 | Time 0m 10s
  Train | loss=0.8270 | top1=65.58% | top2=87.83% | top3=98.48%
  Valid | loss=0.8859 | top1=64.40% | top2=88.22% | top3=98.68% | acc=64.16% | bal_acc=63.84% | macro_f1=0.5959 | qwk=0.7689 | mae=0.4770 | weighted_f1=0.5905 | precision_macro=0.6104 | recall_macro=0.6384
         ovr_roc_auc_macro=0.8805 | ovr_pr_auc_macro=0.7060
 Validation improved. Saved best model to /root/autodl-tmp/MedVisionLab/Knee/checkpoints/best_resnet50_mecs_layer3_knee_oa_mecsb_ce_seed42.pt (QWK=0.7689)

Epoch 06/60 | Time 0m 10s
  Train | loss=0.7640 | top1=68.48% | top2=90.13% | top3=98.83%
  Valid | loss=0.8618 | top1=65.57% | top2=87.98% | top3=98.20% | acc=65.38% | bal_acc=65.50% | macro_f1=0.5982 | qwk=0.7791 | mae=0.4516 | weighted_f1=0.6042 | precision_macro=0.6202 | recall_macro=0.6550
         ovr_roc_auc_macro=0.8808 | ovr_pr_auc_macro=0.6806
 Validation improved. Saved best model to /root/autodl-tmp/MedVisionLab/Knee/checkpoints/best_resnet50_mecs_layer3_knee_oa_mecsb_ce_seed42.pt (QWK=0.7791)

Epoch 07/60 | Time 0m 10s
  Train | loss=0.7288 | top1=69.04% | top2=90.91% | top3=99.40%
  Valid | loss=0.8642 | top1=64.25% | top2=86.42% | top3=97.00% | acc=64.04% | bal_acc=65.02% | macro_f1=0.6115 | qwk=0.7486 | mae=0.4879 | weighted_f1=0.5970 | precision_macro=0.6423 | recall_macro=0.6502
         ovr_roc_auc_macro=0.8858 | ovr_pr_auc_macro=0.7107
 No improvement. Bad epochs: 1/15

Epoch 08/60 | Time 0m 10s
  Train | loss=0.6982 | top1=70.77% | top2=91.19% | top3=99.27%
  Valid | loss=0.8352 | top1=66.24% | top2=87.62% | top3=98.08% | acc=66.10% | bal_acc=66.53% | macro_f1=0.6444 | qwk=0.7837 | mae=0.4370 | weighted_f1=0.6406 | precision_macro=0.6403 | recall_macro=0.6653
         ovr_roc_auc_macro=0.8888 | ovr_pr_auc_macro=0.7179
 Validation improved. Saved best model to /root/autodl-tmp/MedVisionLab/Knee/checkpoints/best_resnet50_mecs_layer3_knee_oa_mecsb_ce_seed42.pt (QWK=0.7837)

Epoch 09/60 | Time 0m 9s
  Train | loss=0.6693 | top1=71.60% | top2=92.09% | top3=99.38%
  Valid | loss=0.8622 | top1=66.36% | top2=89.40% | top3=98.80% | acc=66.22% | bal_acc=66.23% | macro_f1=0.6390 | qwk=0.7982 | mae=0.4298 | weighted_f1=0.6252 | precision_macro=0.6589 | recall_macro=0.6623
         ovr_roc_auc_macro=0.8894 | ovr_pr_auc_macro=0.7165
 Validation improved. Saved best model to /root/autodl-tmp/MedVisionLab/Knee/checkpoints/best_resnet50_mecs_layer3_knee_oa_mecsb_ce_seed42.pt (QWK=0.7982)

Epoch 10/60 | Time 0m 9s
  Train | loss=0.6269 | top1=73.56% | top2=93.20% | top3=99.62%
  Valid | loss=0.9349 | top1=63.17% | top2=87.62% | top3=99.16% | acc=63.08% | bal_acc=63.53% | macro_f1=0.6414 | qwk=0.7413 | mae=0.4782 | weighted_f1=0.6224 | precision_macro=0.6820 | recall_macro=0.6353
         ovr_roc_auc_macro=0.8810 | ovr_pr_auc_macro=0.7102
 No improvement. Bad epochs: 1/15

Epoch 11/60 | Time 0m 10s
  Train | loss=0.6027 | top1=74.29% | top2=93.36% | top3=99.64%
  Valid | loss=1.3682 | top1=62.51% | top2=84.50% | top3=98.68% | acc=62.35% | bal_acc=60.98% | macro_f1=0.6008 | qwk=0.7398 | mae=0.5182 | weighted_f1=0.5676 | precision_macro=0.6717 | recall_macro=0.6098
         ovr_roc_auc_macro=0.8690 | ovr_pr_auc_macro=0.6999
 No improvement. Bad epochs: 2/15

Epoch 12/60 | Time 0m 10s
  Train | loss=0.5592 | top1=76.04% | top2=94.44% | top3=99.78%
  Valid | loss=0.9157 | top1=66.11% | top2=89.42% | top3=98.68% | acc=65.86% | bal_acc=67.26% | macro_f1=0.6190 | qwk=0.7925 | mae=0.4407 | weighted_f1=0.6249 | precision_macro=0.6124 | recall_macro=0.6726
         ovr_roc_auc_macro=0.8797 | ovr_pr_auc_macro=0.6987
 No improvement. Bad epochs: 3/15

Epoch 13/60 | Time 0m 10s
  Train | loss=0.5363 | top1=77.27% | top2=95.05% | top3=99.76%
  Valid | loss=0.9992 | top1=62.50% | top2=87.02% | top3=97.60% | acc=62.23% | bal_acc=67.60% | macro_f1=0.6194 | qwk=0.7703 | mae=0.4831 | weighted_f1=0.6096 | precision_macro=0.5902 | recall_macro=0.6760
         ovr_roc_auc_macro=0.8700 | ovr_pr_auc_macro=0.6843
 No improvement. Bad epochs: 4/15

Epoch 14/60 | Time 0m 10s
  Train | loss=0.5174 | top1=78.39% | top2=94.89% | top3=99.57%
  Valid | loss=0.9695 | top1=61.79% | top2=86.99% | top3=98.44% | acc=61.62% | bal_acc=64.79% | macro_f1=0.6421 | qwk=0.7871 | mae=0.4479 | weighted_f1=0.6257 | precision_macro=0.6480 | recall_macro=0.6479
         ovr_roc_auc_macro=0.8782 | ovr_pr_auc_macro=0.7063
 No improvement. Bad epochs: 5/15

Epoch 15/60 | Time 0m 9s
  Train | loss=0.4794 | top1=79.87% | top2=95.93% | top3=99.83%
  Valid | loss=0.9588 | top1=66.09% | top2=88.77% | top3=98.20% | acc=65.98% | bal_acc=66.09% | macro_f1=0.6524 | qwk=0.7994 | mae=0.4201 | weighted_f1=0.6483 | precision_macro=0.6489 | recall_macro=0.6609
         ovr_roc_auc_macro=0.8863 | ovr_pr_auc_macro=0.7167
 Validation improved. Saved best model to /root/autodl-tmp/MedVisionLab/Knee/checkpoints/best_resnet50_mecs_layer3_knee_oa_mecsb_ce_seed42.pt (QWK=0.7994)

Epoch 16/60 | Time 0m 10s
  Train | loss=0.4303 | top1=81.54% | top2=96.96% | top3=99.91%
  Valid | loss=1.2085 | top1=62.00% | top2=86.99% | top3=98.68% | acc=61.86% | bal_acc=61.07% | macro_f1=0.6135 | qwk=0.7552 | mae=0.4939 | weighted_f1=0.5967 | precision_macro=0.6443 | recall_macro=0.6107
         ovr_roc_auc_macro=0.8642 | ovr_pr_auc_macro=0.6890
 No improvement. Bad epochs: 1/15

Epoch 17/60 | Time 0m 10s
  Train | loss=0.4100 | top1=83.15% | top2=96.78% | top3=99.88%
  Valid | loss=1.0575 | top1=61.52% | top2=86.99% | top3=99.04% | acc=61.38% | bal_acc=62.39% | macro_f1=0.6144 | qwk=0.7686 | mae=0.4746 | weighted_f1=0.6096 | precision_macro=0.6103 | recall_macro=0.6239
         ovr_roc_auc_macro=0.8781 | ovr_pr_auc_macro=0.7093
 No improvement. Bad epochs: 2/15

Epoch 18/60 | Time 0m 9s
  Train | loss=0.3920 | top1=84.13% | top2=97.22% | top3=99.73%
  Valid | loss=1.1659 | top1=64.58% | top2=87.11% | top3=98.56% | acc=64.41% | bal_acc=63.59% | macro_f1=0.6133 | qwk=0.7925 | mae=0.4370 | weighted_f1=0.6147 | precision_macro=0.6223 | recall_macro=0.6359
         ovr_roc_auc_macro=0.8731 | ovr_pr_auc_macro=0.6987
 No improvement. Bad epochs: 3/15

Epoch 19/60 | Time 0m 10s
  Train | loss=0.3462 | top1=86.21% | top2=97.46% | top3=99.91%
  Valid | loss=1.0697 | top1=64.16% | top2=88.31% | top3=99.28% | acc=64.04% | bal_acc=63.91% | macro_f1=0.6462 | qwk=0.7825 | mae=0.4370 | weighted_f1=0.6409 | precision_macro=0.6604 | recall_macro=0.6391
         ovr_roc_auc_macro=0.8808 | ovr_pr_auc_macro=0.7032
 No improvement. Bad epochs: 4/15

Epoch 20/60 | Time 0m 10s
  Train | loss=0.3179 | top1=87.71% | top2=97.86% | top3=99.91%
  Valid | loss=1.3019 | top1=62.08% | top2=88.46% | top3=98.56% | acc=61.86% | bal_acc=63.47% | macro_f1=0.6144 | qwk=0.8045 | mae=0.4431 | weighted_f1=0.6139 | precision_macro=0.6129 | recall_macro=0.6347
         ovr_roc_auc_macro=0.8720 | ovr_pr_auc_macro=0.6998
 Validation improved. Saved best model to /root/autodl-tmp/MedVisionLab/Knee/checkpoints/best_resnet50_mecs_layer3_knee_oa_mecsb_ce_seed42.pt (QWK=0.8045)

Epoch 21/60 | Time 0m 10s
  Train | loss=0.2726 | top1=89.20% | top2=98.72% | top3=99.91%
  Valid | loss=1.3570 | top1=61.13% | top2=86.90% | top3=98.56% | acc=61.02% | bal_acc=63.80% | macro_f1=0.6468 | qwk=0.7495 | mae=0.4794 | weighted_f1=0.6161 | precision_macro=0.6733 | recall_macro=0.6380
         ovr_roc_auc_macro=0.8772 | ovr_pr_auc_macro=0.7029
 No improvement. Bad epochs: 1/15

Epoch 22/60 | Time 0m 10s
  Train | loss=0.2680 | top1=89.73% | top2=98.53% | top3=99.97%
  Valid | loss=1.3966 | top1=64.26% | top2=88.79% | top3=99.04% | acc=64.16% | bal_acc=61.56% | macro_f1=0.6312 | qwk=0.7830 | mae=0.4407 | weighted_f1=0.6270 | precision_macro=0.6623 | recall_macro=0.6156
         ovr_roc_auc_macro=0.8771 | ovr_pr_auc_macro=0.7130
 No improvement. Bad epochs: 2/15

Epoch 23/60 | Time 0m 10s
  Train | loss=0.2421 | top1=90.69% | top2=98.67% | top3=99.97%
  Valid | loss=1.6885 | top1=59.27% | top2=86.82% | top3=98.89% | acc=59.20% | bal_acc=55.36% | macro_f1=0.5868 | qwk=0.7591 | mae=0.4891 | weighted_f1=0.5790 | precision_macro=0.6520 | recall_macro=0.5536
         ovr_roc_auc_macro=0.8577 | ovr_pr_auc_macro=0.6748
 No improvement. Bad epochs: 3/15

Epoch 24/60 | Time 0m 10s
  Train | loss=0.2079 | top1=92.29% | top2=99.00% | top3=99.97%
  Valid | loss=1.5157 | top1=61.48% | top2=87.59% | top3=99.04% | acc=61.26% | bal_acc=62.55% | macro_f1=0.6181 | qwk=0.7743 | mae=0.4673 | weighted_f1=0.6068 | precision_macro=0.6351 | recall_macro=0.6255
         ovr_roc_auc_macro=0.8728 | ovr_pr_auc_macro=0.6981
 No improvement. Bad epochs: 4/15

Epoch 25/60 | Time 0m 10s
  Train | loss=0.1924 | top1=92.58% | top2=99.12% | top3=99.98%
  Valid | loss=1.6447 | top1=58.82% | top2=86.96% | top3=98.89% | acc=58.72% | bal_acc=57.90% | macro_f1=0.6105 | qwk=0.7583 | mae=0.4903 | weighted_f1=0.5931 | precision_macro=0.6714 | recall_macro=0.5790
         ovr_roc_auc_macro=0.8608 | ovr_pr_auc_macro=0.6777
 No improvement. Bad epochs: 5/15

Epoch 26/60 | Time 0m 10s
  Train | loss=0.1663 | top1=94.22% | top2=99.29% | top3=100.00%
  Valid | loss=1.3821 | top1=62.27% | top2=88.91% | top3=99.16% | acc=62.11% | bal_acc=62.95% | macro_f1=0.6322 | qwk=0.7839 | mae=0.4552 | weighted_f1=0.6159 | precision_macro=0.6374 | recall_macro=0.6295
         ovr_roc_auc_macro=0.8715 | ovr_pr_auc_macro=0.6954
 No improvement. Bad epochs: 6/15

Epoch 27/60 | Time 0m 9s
  Train | loss=0.1578 | top1=94.07% | top2=99.28% | top3=99.95%
  Valid | loss=1.5478 | top1=64.64% | top2=87.11% | top3=99.16% | acc=64.53% | bal_acc=65.53% | macro_f1=0.6686 | qwk=0.7916 | mae=0.4274 | weighted_f1=0.6455 | precision_macro=0.6848 | recall_macro=0.6553
         ovr_roc_auc_macro=0.8756 | ovr_pr_auc_macro=0.7034
 No improvement. Bad epochs: 7/15

Epoch 28/60 | Time 0m 9s
  Train | loss=0.1440 | top1=94.90% | top2=99.43% | top3=99.98%
  Valid | loss=1.5290 | top1=63.91% | top2=88.82% | top3=98.80% | acc=63.68% | bal_acc=65.68% | macro_f1=0.6235 | qwk=0.7976 | mae=0.4407 | weighted_f1=0.6302 | precision_macro=0.6131 | recall_macro=0.6568
         ovr_roc_auc_macro=0.8737 | ovr_pr_auc_macro=0.6792
 No improvement. Bad epochs: 8/15

Epoch 29/60 | Time 0m 10s
  Train | loss=0.1146 | top1=95.58% | top2=99.69% | top3=100.00%
  Valid | loss=1.7903 | top1=62.95% | top2=88.46% | top3=98.80% | acc=62.71% | bal_acc=65.95% | macro_f1=0.6500 | qwk=0.7922 | mae=0.4443 | weighted_f1=0.6274 | precision_macro=0.6510 | recall_macro=0.6595
         ovr_roc_auc_macro=0.8690 | ovr_pr_auc_macro=0.6997
 No improvement. Bad epochs: 9/15

Epoch 30/60 | Time 0m 10s
  Train | loss=0.1051 | top1=96.20% | top2=99.76% | top3=99.98%
  Valid | loss=1.6256 | top1=63.92% | top2=89.03% | top3=98.92% | acc=63.80% | bal_acc=64.11% | macro_f1=0.6487 | qwk=0.8044 | mae=0.4249 | weighted_f1=0.6342 | precision_macro=0.6582 | recall_macro=0.6411
         ovr_roc_auc_macro=0.8768 | ovr_pr_auc_macro=0.7121
 No improvement. Bad epochs: 10/15

Epoch 31/60 | Time 0m 9s
  Train | loss=0.1044 | top1=96.32% | top2=99.57% | top3=100.00%
  Valid | loss=1.6880 | top1=62.18% | top2=86.39% | top3=98.56% | acc=61.99% | bal_acc=64.45% | macro_f1=0.6428 | qwk=0.7784 | mae=0.4588 | weighted_f1=0.6173 | precision_macro=0.6469 | recall_macro=0.6445
         ovr_roc_auc_macro=0.8732 | ovr_pr_auc_macro=0.6985
 No improvement. Bad epochs: 11/15

Epoch 32/60 | Time 0m 10s
  Train | loss=0.0931 | top1=96.81% | top2=99.71% | top3=100.00%
  Valid | loss=1.8144 | top1=64.64% | top2=87.74% | top3=98.92% | acc=64.41% | bal_acc=66.31% | macro_f1=0.6511 | qwk=0.7918 | mae=0.4358 | weighted_f1=0.6350 | precision_macro=0.6532 | recall_macro=0.6631
         ovr_roc_auc_macro=0.8723 | ovr_pr_auc_macro=0.7016
 No improvement. Bad epochs: 12/15

Epoch 33/60 | Time 0m 9s
  Train | loss=0.0796 | top1=97.05% | top2=99.76% | top3=100.00%
  Valid | loss=1.7523 | top1=62.90% | top2=87.98% | top3=98.44% | acc=62.71% | bal_acc=65.56% | macro_f1=0.6552 | qwk=0.7828 | mae=0.4492 | weighted_f1=0.6291 | precision_macro=0.6560 | recall_macro=0.6556
         ovr_roc_auc_macro=0.8749 | ovr_pr_auc_macro=0.7011
 No improvement. Bad epochs: 13/15

Epoch 34/60 | Time 0m 10s
  Train | loss=0.0708 | top1=97.63% | top2=99.81% | top3=100.00%
  Valid | loss=1.9774 | top1=61.36% | top2=87.50% | top3=98.92% | acc=61.14% | bal_acc=63.81% | macro_f1=0.6307 | qwk=0.7820 | mae=0.4637 | weighted_f1=0.6134 | precision_macro=0.6337 | recall_macro=0.6381
         ovr_roc_auc_macro=0.8670 | ovr_pr_auc_macro=0.6960
 No improvement. Bad epochs: 14/15

Epoch 35/60 | Time 0m 10s
  Train | loss=0.0617 | top1=97.81% | top2=99.88% | top3=100.00%
  Valid | loss=1.8092 | top1=61.79% | top2=87.50% | top3=97.96% | acc=61.62% | bal_acc=64.50% | macro_f1=0.6436 | qwk=0.7733 | mae=0.4685 | weighted_f1=0.6151 | precision_macro=0.6424 | recall_macro=0.6450
         ovr_roc_auc_macro=0.8764 | ovr_pr_auc_macro=0.7065
 No improvement. Bad epochs: 15/15
⏹ Early stopping triggered.
 Training stopped early at epoch 35.

Loading best model and evaluating on test set...
Best validation QWK: 0.8045

Test | loss=1.0652 | top1=68.05% | top2=90.67% | top3=99.28% | acc=67.93% | bal_acc=69.22% | macro_f1=0.6885 | qwk=0.8257 | mae=0.3810 | weighted_f1=0.6728 | precision_macro=0.6933 | recall_macro=0.6922
     ovr_roc_auc_macro=0.8986 | ovr_pr_auc_macro=0.7442

Evaluating on auto_test set...

AutoTest | loss=1.0698 | top1=67.74% | top2=89.42% | top3=99.54% | acc=67.56% | bal_acc=69.36% | macro_f1=0.6856 | qwk=0.8277 | mae=0.3807 | weighted_f1=0.6691 | precision_macro=0.6859 | recall_macro=0.6936
         ovr_roc_auc_macro=0.8970 | ovr_pr_auc_macro=0.7422

ResNet(layer3)+MECS+CE Knee Osteoarthritis baseline completed!
