========================================================================
KOA MECS VersionB experiment
Loss mode : DAST
Seed      : 1234
Epochs    : 60
Patience  : 15
Data root : /root/autodl-tmp/Knee_Osteoarthritis
Run tag   : mecsb_dast_seed1234
Checkpoint: /root/autodl-tmp/MedVisionLab/Knee/checkpoints/best_resnet50_mecs_layer3_dast_knee_oa_new_mecsb_dast_seed1234.pt
DAST      : tau=1.0, gamma=1.5
Module    : MECS_VersionB (median-anchored dynamic router)
========================================================================
Starting ResNet(layer3)+MECS+DAST Knee Osteoarthritis Baseline...
Using device: cuda
CUDA device: NVIDIA GeForce RTX 4090
Run tag: mecsb_dast_seed1234
Config | seed=1234, batch_size=32, epochs=60, image_size=224
DAST config | tau=1.0000, gamma=1.5000
Class mapping from folders: {'0': 0, '1': 1, '2': 2, '3': 3, '4': 4}

Train samples: 5778
Train class distribution:
  0_Normal: 2286
  1_Doubtful: 1046
  2_Mild: 1516
  3_Moderate: 757
  4_Severe: 173

Valid samples: 826
Valid class distribution:
  0_Normal: 328
  1_Doubtful: 153
  2_Mild: 212
  3_Moderate: 106
  4_Severe: 27

Test samples: 1656
Test class distribution:
  0_Normal: 639
  1_Doubtful: 296
  2_Mild: 447
  3_Moderate: 223
  4_Severe: 51

AutoTest samples: 1526
AutoTest class distribution:
  0_Normal: 604
  1_Doubtful: 275
  2_Mild: 403
  3_Moderate: 200
  4_Severe: 44

Split sizes | train=5778, valid=826, test=1656, auto_test=1526
Loading ResNet50 with MECS module at layer3...
Trainable parameters: 27,305,297

[INFO] Class counts in training set: [2286 1046 1516  757  173]
[INFO] Using Clinically Distance-Aware Soft Label Loss (DAST).
Starting training...

Epoch 01/60 | Time 0m 10s
  Train | loss=1.0163 | top1=37.02% | top2=59.52% | top3=82.17%
  Valid | loss=0.9276 | top1=46.75% | top2=68.75% | top3=88.98% | acc=47.09% | bal_acc=28.05% | macro_f1=0.2450 | qwk=0.4210 | mae=0.8559 | weighted_f1=0.3729 | precision_macro=0.2651 | recall_macro=0.2805
         ovr_roc_auc_macro=0.7556 | ovr_pr_auc_macro=0.4218
 Initial best model saved to /root/autodl-tmp/MedVisionLab/Knee/checkpoints/best_resnet50_mecs_layer3_dast_knee_oa_new_mecsb_dast_seed1234.pt (QWK=0.4210)

Epoch 02/60 | Time 0m 10s
  Train | loss=0.8689 | top1=53.36% | top2=77.55% | top3=93.77%
  Valid | loss=0.8130 | top1=56.40% | top2=84.38% | top3=97.84% | acc=56.78% | bal_acc=41.51% | macro_f1=0.3820 | qwk=0.6737 | mae=0.6041 | weighted_f1=0.4895 | precision_macro=0.5495 | recall_macro=0.4151
         ovr_roc_auc_macro=0.8451 | ovr_pr_auc_macro=0.6093
 Validation improved. Saved best model to /root/autodl-tmp/MedVisionLab/Knee/checkpoints/best_resnet50_mecs_layer3_dast_knee_oa_new_mecsb_dast_seed1234.pt (QWK=0.6737)

Epoch 03/60 | Time 0m 10s
  Train | loss=0.7955 | top1=60.45% | top2=84.22% | top3=97.71%
  Valid | loss=0.8548 | top1=58.25% | top2=81.05% | top3=98.32% | acc=58.11% | bal_acc=55.28% | macro_f1=0.5484 | qwk=0.6918 | mae=0.5896 | weighted_f1=0.5140 | precision_macro=0.6094 | recall_macro=0.5528
         ovr_roc_auc_macro=0.8421 | ovr_pr_auc_macro=0.6491
 Validation improved. Saved best model to /root/autodl-tmp/MedVisionLab/Knee/checkpoints/best_resnet50_mecs_layer3_dast_knee_oa_new_mecsb_dast_seed1234.pt (QWK=0.6918)

Epoch 04/60 | Time 0m 10s
  Train | loss=0.7675 | top1=63.78% | top2=86.56% | top3=98.46%
  Valid | loss=0.7701 | top1=64.94% | top2=86.51% | top3=97.36% | acc=64.77% | bal_acc=65.10% | macro_f1=0.6354 | qwk=0.7644 | mae=0.4625 | weighted_f1=0.6233 | precision_macro=0.6402 | recall_macro=0.6510
         ovr_roc_auc_macro=0.8779 | ovr_pr_auc_macro=0.7042
 Validation improved. Saved best model to /root/autodl-tmp/MedVisionLab/Knee/checkpoints/best_resnet50_mecs_layer3_dast_knee_oa_new_mecsb_dast_seed1234.pt (QWK=0.7644)

Epoch 05/60 | Time 0m 10s
  Train | loss=0.7488 | top1=66.55% | top2=88.40% | top3=98.65%
  Valid | loss=0.7560 | top1=64.68% | top2=87.20% | top3=98.44% | acc=64.65% | bal_acc=59.51% | macro_f1=0.6158 | qwk=0.7684 | mae=0.4528 | weighted_f1=0.6184 | precision_macro=0.6750 | recall_macro=0.5951
         ovr_roc_auc_macro=0.8743 | ovr_pr_auc_macro=0.6826
 Validation improved. Saved best model to /root/autodl-tmp/MedVisionLab/Knee/checkpoints/best_resnet50_mecs_layer3_dast_knee_oa_new_mecsb_dast_seed1234.pt (QWK=0.7684)

Epoch 06/60 | Time 0m 10s
  Train | loss=0.7311 | top1=67.69% | top2=89.73% | top3=98.76%
  Valid | loss=0.7735 | top1=64.13% | top2=87.98% | top3=97.72% | acc=63.92% | bal_acc=64.05% | macro_f1=0.6151 | qwk=0.7847 | mae=0.4528 | weighted_f1=0.6128 | precision_macro=0.6127 | recall_macro=0.6405
         ovr_roc_auc_macro=0.8807 | ovr_pr_auc_macro=0.6990
 Validation improved. Saved best model to /root/autodl-tmp/MedVisionLab/Knee/checkpoints/best_resnet50_mecs_layer3_dast_knee_oa_new_mecsb_dast_seed1234.pt (QWK=0.7847)

Epoch 07/60 | Time 0m 10s
  Train | loss=0.7190 | top1=68.87% | top2=90.76% | top3=99.07%
  Valid | loss=0.7968 | top1=61.89% | top2=84.62% | top3=94.71% | acc=61.86% | bal_acc=61.53% | macro_f1=0.6091 | qwk=0.7548 | mae=0.4903 | weighted_f1=0.6102 | precision_macro=0.6318 | recall_macro=0.6153
         ovr_roc_auc_macro=0.8783 | ovr_pr_auc_macro=0.7013
 No improvement. Bad epochs: 1/15

Epoch 08/60 | Time 0m 10s
  Train | loss=0.7091 | top1=70.56% | top2=91.78% | top3=99.07%
  Valid | loss=0.7674 | top1=66.02% | top2=86.87% | top3=97.00% | acc=65.86% | bal_acc=67.43% | macro_f1=0.6681 | qwk=0.7869 | mae=0.4262 | weighted_f1=0.6521 | precision_macro=0.6728 | recall_macro=0.6743
         ovr_roc_auc_macro=0.8802 | ovr_pr_auc_macro=0.7052
 Validation improved. Saved best model to /root/autodl-tmp/MedVisionLab/Knee/checkpoints/best_resnet50_mecs_layer3_dast_knee_oa_new_mecsb_dast_seed1234.pt (QWK=0.7869)

Epoch 09/60 | Time 0m 10s
  Train | loss=0.6942 | top1=72.09% | top2=92.44% | top3=99.19%
  Valid | loss=0.7594 | top1=64.38% | top2=86.87% | top3=97.72% | acc=64.29% | bal_acc=62.40% | macro_f1=0.6264 | qwk=0.7802 | mae=0.4516 | weighted_f1=0.6198 | precision_macro=0.6463 | recall_macro=0.6240
         ovr_roc_auc_macro=0.8809 | ovr_pr_auc_macro=0.7195
 No improvement. Bad epochs: 1/15

Epoch 10/60 | Time 0m 10s
  Train | loss=0.6881 | top1=72.43% | top2=93.05% | top3=99.43%
  Valid | loss=0.7483 | top1=66.77% | top2=88.34% | top3=98.08% | acc=66.59% | bal_acc=66.59% | macro_f1=0.6507 | qwk=0.7828 | mae=0.4346 | weighted_f1=0.6399 | precision_macro=0.6682 | recall_macro=0.6659
         ovr_roc_auc_macro=0.8918 | ovr_pr_auc_macro=0.7292
 No improvement. Bad epochs: 2/15

Epoch 11/60 | Time 0m 10s
  Train | loss=0.6732 | top1=74.36% | top2=94.12% | top3=99.45%
  Valid | loss=0.7548 | top1=67.08% | top2=88.43% | top3=98.68% | acc=66.95% | bal_acc=65.64% | macro_f1=0.6561 | qwk=0.8007 | mae=0.4128 | weighted_f1=0.6439 | precision_macro=0.6782 | recall_macro=0.6564
         ovr_roc_auc_macro=0.8853 | ovr_pr_auc_macro=0.7146
 Validation improved. Saved best model to /root/autodl-tmp/MedVisionLab/Knee/checkpoints/best_resnet50_mecs_layer3_dast_knee_oa_new_mecsb_dast_seed1234.pt (QWK=0.8007)

Epoch 12/60 | Time 0m 10s
  Train | loss=0.6634 | top1=76.08% | top2=94.53% | top3=99.67%
  Valid | loss=0.7458 | top1=65.55% | top2=88.91% | top3=98.56% | acc=65.50% | bal_acc=63.65% | macro_f1=0.6504 | qwk=0.8091 | mae=0.4080 | weighted_f1=0.6484 | precision_macro=0.6689 | recall_macro=0.6365
         ovr_roc_auc_macro=0.8899 | ovr_pr_auc_macro=0.7242
 Validation improved. Saved best model to /root/autodl-tmp/MedVisionLab/Knee/checkpoints/best_resnet50_mecs_layer3_dast_knee_oa_new_mecsb_dast_seed1234.pt (QWK=0.8091)

Epoch 13/60 | Time 0m 10s
  Train | loss=0.6557 | top1=76.94% | top2=94.82% | top3=99.52%
  Valid | loss=0.7643 | top1=63.41% | top2=86.42% | top3=96.03% | acc=63.20% | bal_acc=67.66% | macro_f1=0.6486 | qwk=0.7934 | mae=0.4383 | weighted_f1=0.6344 | precision_macro=0.6306 | recall_macro=0.6766
         ovr_roc_auc_macro=0.8868 | ovr_pr_auc_macro=0.7230
 No improvement. Bad epochs: 1/15

Epoch 14/60 | Time 0m 10s
  Train | loss=0.6463 | top1=78.06% | top2=95.61% | top3=99.71%
  Valid | loss=0.7613 | top1=65.57% | top2=88.46% | top3=98.68% | acc=65.38% | bal_acc=69.31% | macro_f1=0.6783 | qwk=0.8195 | mae=0.4031 | weighted_f1=0.6550 | precision_macro=0.6778 | recall_macro=0.6931
         ovr_roc_auc_macro=0.8877 | ovr_pr_auc_macro=0.7165
 Validation improved. Saved best model to /root/autodl-tmp/MedVisionLab/Knee/checkpoints/best_resnet50_mecs_layer3_dast_knee_oa_new_mecsb_dast_seed1234.pt (QWK=0.8195)

Epoch 15/60 | Time 0m 10s
  Train | loss=0.6381 | top1=79.69% | top2=96.06% | top3=99.71%
  Valid | loss=0.7886 | top1=65.28% | top2=87.42% | top3=98.44% | acc=65.25% | bal_acc=60.07% | macro_f1=0.5935 | qwk=0.7817 | mae=0.4431 | weighted_f1=0.5993 | precision_macro=0.6265 | recall_macro=0.6007
         ovr_roc_auc_macro=0.8728 | ovr_pr_auc_macro=0.6887
 No improvement. Bad epochs: 1/15

Epoch 16/60 | Time 0m 10s
  Train | loss=0.6319 | top1=80.55% | top2=96.81% | top3=99.71%
  Valid | loss=0.7751 | top1=64.47% | top2=88.65% | top3=98.92% | acc=64.41% | bal_acc=61.23% | macro_f1=0.6270 | qwk=0.7990 | mae=0.4213 | weighted_f1=0.6374 | precision_macro=0.6572 | recall_macro=0.6123
         ovr_roc_auc_macro=0.8839 | ovr_pr_auc_macro=0.7127
 No improvement. Bad epochs: 2/15

Epoch 17/60 | Time 0m 10s
  Train | loss=0.6213 | top1=81.81% | top2=97.03% | top3=99.76%
  Valid | loss=0.7622 | top1=61.61% | top2=86.75% | top3=98.44% | acc=61.50% | bal_acc=64.99% | macro_f1=0.6555 | qwk=0.8004 | mae=0.4322 | weighted_f1=0.6323 | precision_macro=0.6752 | recall_macro=0.6499
         ovr_roc_auc_macro=0.8803 | ovr_pr_auc_macro=0.6953
 No improvement. Bad epochs: 3/15

Epoch 18/60 | Time 0m 10s
  Train | loss=0.6154 | top1=82.56% | top2=97.26% | top3=99.71%
  Valid | loss=0.7893 | top1=66.24% | top2=87.98% | top3=98.56% | acc=66.10% | bal_acc=65.84% | macro_f1=0.6498 | qwk=0.8012 | mae=0.4189 | weighted_f1=0.6473 | precision_macro=0.6542 | recall_macro=0.6584
         ovr_roc_auc_macro=0.8786 | ovr_pr_auc_macro=0.7039
 No improvement. Bad epochs: 4/15

Epoch 19/60 | Time 0m 10s
  Train | loss=0.6052 | top1=84.27% | top2=97.63% | top3=99.91%
  Valid | loss=0.7595 | top1=65.42% | top2=88.10% | top3=97.84% | acc=65.25% | bal_acc=67.81% | macro_f1=0.6739 | qwk=0.8314 | mae=0.3862 | weighted_f1=0.6644 | precision_macro=0.6813 | recall_macro=0.6781
         ovr_roc_auc_macro=0.8884 | ovr_pr_auc_macro=0.7099
 Validation improved. Saved best model to /root/autodl-tmp/MedVisionLab/Knee/checkpoints/best_resnet50_mecs_layer3_dast_knee_oa_new_mecsb_dast_seed1234.pt (QWK=0.8314)

Epoch 20/60 | Time 0m 10s
  Train | loss=0.5940 | top1=85.92% | top2=98.59% | top3=99.93%
  Valid | loss=0.7916 | top1=64.44% | top2=87.78% | top3=98.68% | acc=64.41% | bal_acc=60.67% | macro_f1=0.6173 | qwk=0.7955 | mae=0.4334 | weighted_f1=0.6256 | precision_macro=0.6423 | recall_macro=0.6067
         ovr_roc_auc_macro=0.8766 | ovr_pr_auc_macro=0.6924
 No improvement. Bad epochs: 1/15

Epoch 21/60 | Time 0m 10s
  Train | loss=0.5917 | top1=86.47% | top2=98.31% | top3=99.93%
  Valid | loss=0.7725 | top1=65.18% | top2=88.67% | top3=96.88% | acc=65.01% | bal_acc=68.55% | macro_f1=0.6781 | qwk=0.8102 | mae=0.4080 | weighted_f1=0.6591 | precision_macro=0.6781 | recall_macro=0.6855
         ovr_roc_auc_macro=0.8867 | ovr_pr_auc_macro=0.7230
 No improvement. Bad epochs: 2/15

Epoch 22/60 | Time 0m 10s
  Train | loss=0.5796 | top1=88.25% | top2=98.88% | top3=99.93%
  Valid | loss=0.7798 | top1=66.45% | top2=88.22% | top3=97.60% | acc=66.34% | bal_acc=66.96% | macro_f1=0.6794 | qwk=0.8172 | mae=0.3898 | weighted_f1=0.6692 | precision_macro=0.6953 | recall_macro=0.6696
         ovr_roc_auc_macro=0.8812 | ovr_pr_auc_macro=0.7069
 No improvement. Bad epochs: 3/15

Epoch 23/60 | Time 0m 10s
  Train | loss=0.5746 | top1=88.46% | top2=98.76% | top3=99.93%
  Valid | loss=0.7823 | top1=64.52% | top2=87.56% | top3=97.60% | acc=64.41% | bal_acc=65.66% | macro_f1=0.6621 | qwk=0.8114 | mae=0.4116 | weighted_f1=0.6481 | precision_macro=0.6691 | recall_macro=0.6566
         ovr_roc_auc_macro=0.8791 | ovr_pr_auc_macro=0.6968
 No improvement. Bad epochs: 4/15

Epoch 24/60 | Time 0m 10s
  Train | loss=0.5673 | top1=90.19% | top2=99.03% | top3=100.00%
  Valid | loss=0.8024 | top1=61.25% | top2=87.23% | top3=96.63% | acc=61.14% | bal_acc=64.33% | macro_f1=0.6453 | qwk=0.7888 | mae=0.4516 | weighted_f1=0.6212 | precision_macro=0.6526 | recall_macro=0.6433
         ovr_roc_auc_macro=0.8786 | ovr_pr_auc_macro=0.7025
 No improvement. Bad epochs: 5/15

Epoch 25/60 | Time 0m 10s
  Train | loss=0.5568 | top1=91.58% | top2=99.41% | top3=99.98%
  Valid | loss=0.8220 | top1=61.48% | top2=85.67% | top3=94.23% | acc=61.26% | bal_acc=67.84% | macro_f1=0.6538 | qwk=0.7756 | mae=0.4613 | weighted_f1=0.6169 | precision_macro=0.6482 | recall_macro=0.6784
         ovr_roc_auc_macro=0.8798 | ovr_pr_auc_macro=0.7043
 No improvement. Bad epochs: 6/15

Epoch 26/60 | Time 0m 10s
  Train | loss=0.5523 | top1=92.29% | top2=99.24% | top3=99.98%
  Valid | loss=0.8187 | top1=61.10% | top2=87.95% | top3=98.08% | acc=61.02% | bal_acc=61.73% | macro_f1=0.6326 | qwk=0.7969 | mae=0.4395 | weighted_f1=0.6217 | precision_macro=0.6574 | recall_macro=0.6173
         ovr_roc_auc_macro=0.8696 | ovr_pr_auc_macro=0.6768
 No improvement. Bad epochs: 7/15

Epoch 27/60 | Time 0m 10s
  Train | loss=0.5483 | top1=93.00% | top2=99.46% | top3=99.97%
  Valid | loss=0.8130 | top1=64.37% | top2=87.98% | top3=97.60% | acc=64.16% | bal_acc=65.57% | macro_f1=0.6507 | qwk=0.8000 | mae=0.4237 | weighted_f1=0.6420 | precision_macro=0.6605 | recall_macro=0.6557
         ovr_roc_auc_macro=0.8685 | ovr_pr_auc_macro=0.6844
 No improvement. Bad epochs: 8/15

Epoch 28/60 | Time 0m 10s
  Train | loss=0.5473 | top1=93.34% | top2=99.43% | top3=99.97%
  Valid | loss=0.8017 | top1=65.30% | top2=88.94% | top3=98.32% | acc=65.13% | bal_acc=67.11% | macro_f1=0.6693 | qwk=0.8148 | mae=0.4044 | weighted_f1=0.6553 | precision_macro=0.6725 | recall_macro=0.6711
         ovr_roc_auc_macro=0.8721 | ovr_pr_auc_macro=0.6979
 No improvement. Bad epochs: 9/15

Epoch 29/60 | Time 0m 10s
  Train | loss=0.5404 | top1=93.85% | top2=99.64% | top3=99.98%
  Valid | loss=0.8060 | top1=63.26% | top2=87.74% | top3=96.51% | acc=63.08% | bal_acc=67.31% | macro_f1=0.6652 | qwk=0.8024 | mae=0.4249 | weighted_f1=0.6419 | precision_macro=0.6647 | recall_macro=0.6731
         ovr_roc_auc_macro=0.8809 | ovr_pr_auc_macro=0.7014
 No improvement. Bad epochs: 10/15

Epoch 30/60 | Time 0m 10s
  Train | loss=0.5354 | top1=94.79% | top2=99.57% | top3=99.98%
  Valid | loss=0.8007 | top1=63.32% | top2=89.28% | top3=97.48% | acc=63.20% | bal_acc=64.72% | macro_f1=0.6550 | qwk=0.8052 | mae=0.4213 | weighted_f1=0.6390 | precision_macro=0.6696 | recall_macro=0.6472
         ovr_roc_auc_macro=0.8780 | ovr_pr_auc_macro=0.6981
 No improvement. Bad epochs: 11/15

Epoch 31/60 | Time 0m 10s
  Train | loss=0.5322 | top1=95.17% | top2=99.74% | top3=99.98%
  Valid | loss=0.8240 | top1=63.84% | top2=86.34% | top3=95.67% | acc=63.80% | bal_acc=63.30% | macro_f1=0.6413 | qwk=0.7879 | mae=0.4358 | weighted_f1=0.6370 | precision_macro=0.6557 | recall_macro=0.6330
         ovr_roc_auc_macro=0.8762 | ovr_pr_auc_macro=0.6872
 No improvement. Bad epochs: 12/15

Epoch 32/60 | Time 0m 10s
  Train | loss=0.5271 | top1=95.91% | top2=99.76% | top3=99.97%
  Valid | loss=0.8016 | top1=65.69% | top2=88.55% | top3=97.96% | acc=65.50% | bal_acc=67.61% | macro_f1=0.6760 | qwk=0.8086 | mae=0.4080 | weighted_f1=0.6558 | precision_macro=0.6823 | recall_macro=0.6761
         ovr_roc_auc_macro=0.8763 | ovr_pr_auc_macro=0.6907
 No improvement. Bad epochs: 13/15

Epoch 33/60 | Time 0m 10s
  Train | loss=0.5237 | top1=96.41% | top2=99.79% | top3=99.97%
  Valid | loss=0.8178 | top1=65.67% | top2=88.62% | top3=98.08% | acc=65.62% | bal_acc=64.29% | macro_f1=0.6533 | qwk=0.8101 | mae=0.4080 | weighted_f1=0.6525 | precision_macro=0.6717 | recall_macro=0.6429
         ovr_roc_auc_macro=0.8725 | ovr_pr_auc_macro=0.6858
 No improvement. Bad epochs: 14/15

Epoch 34/60 | Time 0m 10s
  Train | loss=0.5224 | top1=96.67% | top2=99.79% | top3=99.95%
  Valid | loss=0.8227 | top1=61.40% | top2=86.66% | top3=96.51% | acc=61.26% | bal_acc=64.23% | macro_f1=0.6373 | qwk=0.7822 | mae=0.4528 | weighted_f1=0.6235 | precision_macro=0.6427 | recall_macro=0.6423
         ovr_roc_auc_macro=0.8767 | ovr_pr_auc_macro=0.6795
 No improvement. Bad epochs: 15/15
⏹ Early stopping triggered.
 Training stopped early at epoch 34.

Loading best model and evaluating on test set...
Best validation QWK: 0.8314

Test | loss=0.7409 | top1=66.85% | top2=90.79% | top3=99.04% | acc=66.79% | bal_acc=67.51% | macro_f1=0.6797 | qwk=0.8395 | mae=0.3714 | weighted_f1=0.6715 | precision_macro=0.6941 | recall_macro=0.6751
     ovr_roc_auc_macro=0.9018 | ovr_pr_auc_macro=0.7389

Evaluating on auto_test set...

AutoTest | loss=0.7342 | top1=67.39% | top2=91.25% | top3=99.28% | acc=67.23% | bal_acc=69.05% | macro_f1=0.6963 | qwk=0.8409 | mae=0.3650 | weighted_f1=0.6763 | precision_macro=0.7130 | recall_macro=0.6905
         ovr_roc_auc_macro=0.9033 | ovr_pr_auc_macro=0.7479

ResNet(layer3)+MECS+DAST Knee Osteoarthritis baseline completed!
