COMMAND: /root/miniconda3/envs/medvision/bin/python -u /root/autodl-tmp/MedVisionLab/tools/train_convnext_t_experiment.py --dataset adni --data-root /root/autodl-tmp/Augmented_Alzheimer_MRI/OriginalDataset --attention mesc --loss dast --seed 4 --epochs 60 --patience 15 --batch-size 32 --image-size 224 --num-workers 2 --early-delta 0.0001 --base-lr 0.0001 --koa-backbone-lr 0.0001 --koa-head-lr 0.001 --weight-decay 0.0001 --dast-tau 1.0 --dast-gamma 1.5 --sord-tau 1.0 --label-smoothing 0.1 --run-tag convnext_t_all_5seed_adni_mesc_dast_seed4
==========================================================================================
Starting ConvNeXt-T experiment on ADNI...
Using device: cuda
CUDA device: NVIDIA GeForce RTX 4090
Config | seed=4, attention=mesc, loss=dast, epochs=60, patience=15, batch_size=32, image_size=224, pretrained=True
Backbone: ConvNeXt-T | stage3=features[5] | stage3_channels=384
Data root: /root/autodl-tmp/Augmented_Alzheimer_MRI/OriginalDataset
Class order: ['NonDemented', 'VeryMildDemented', 'MildDemented', 'ModerateDemented']
Split sizes | train=4608, valid=512, test=1280
Train class counts: [2304, 1613, 645, 46]
Optimizer: matched progressive Adam | stem=1e-05, stage1=1.25e-05, downsample1=1.6666667e-05, stage2=1.6666667e-05, downsample2=2.5e-05, stage3=2.5e-05, attention=3.3333333e-05, downsample3=5e-05, stage4=5e-05, norm=0.0001, head=0.0001
Trainable parameters: 28,383,184

Epoch 01/60 | Time 0m 17s
  Train | loss=0.7751 | top1=48.81% | top2=77.91% | top3=92.17%
  Valid | loss=0.7170 | top1=50.00% | top2=84.96% | top3=99.02% | acc=50.00% | bal_acc=25.00% | macro_f1=0.1667 | qwk=0.0000 | mae=0.6602 | weighted_f1=0.3333 | precision_macro=0.1250 | recall_macro=0.2500
 Validation improved. Saved best model (macro_f1=0.1667)

Epoch 02/60 | Time 0m 16s
  Train | loss=0.7174 | top1=48.72% | top2=85.00% | top3=99.00%
  Valid | loss=0.7198 | top1=57.42% | top2=84.96% | top3=99.02% | acc=57.42% | bal_acc=34.26% | macro_f1=0.3104 | qwk=0.3777 | mae=0.4531 | weighted_f1=0.5369 | precision_macro=0.2980 | recall_macro=0.3426
 Validation improved. Saved best model (macro_f1=0.3104)

Epoch 03/60 | Time 0m 16s
  Train | loss=0.6938 | top1=52.93% | top2=85.57% | top3=99.00%
  Valid | loss=0.6432 | top1=59.57% | top2=87.50% | top3=99.02% | acc=59.57% | bal_acc=35.67% | macro_f1=0.3227 | qwk=0.4356 | mae=0.4219 | weighted_f1=0.5583 | precision_macro=0.3134 | recall_macro=0.3567
 Validation improved. Saved best model (macro_f1=0.3227)

Epoch 04/60 | Time 0m 16s
  Train | loss=0.6470 | top1=59.44% | top2=87.41% | top3=99.00%
  Valid | loss=0.6514 | top1=58.59% | top2=89.06% | top3=99.02% | acc=58.59% | bal_acc=31.86% | macro_f1=0.2861 | qwk=0.3461 | mae=0.4766 | weighted_f1=0.5124 | precision_macro=0.2747 | recall_macro=0.3186
 No improvement. Bad epochs: 1/15

Epoch 05/60 | Time 0m 16s
  Train | loss=0.6267 | top1=62.43% | top2=90.13% | top3=99.00%
  Valid | loss=0.6034 | top1=66.02% | top2=91.99% | top3=99.61% | acc=66.02% | bal_acc=39.80% | macro_f1=0.3823 | qwk=0.5423 | mae=0.3574 | weighted_f1=0.6266 | precision_macro=0.5374 | recall_macro=0.3980
 Validation improved. Saved best model (macro_f1=0.3823)

Epoch 06/60 | Time 0m 16s
  Train | loss=0.6006 | top1=68.25% | top2=91.80% | top3=99.57%
  Valid | loss=0.5799 | top1=71.09% | top2=93.75% | top3=99.80% | acc=71.09% | bal_acc=52.41% | macro_f1=0.5127 | qwk=0.7093 | mae=0.2969 | weighted_f1=0.7163 | precision_macro=0.5131 | recall_macro=0.5241
 Validation improved. Saved best model (macro_f1=0.5127)

Epoch 07/60 | Time 0m 16s
  Train | loss=0.5719 | top1=72.42% | top2=94.97% | top3=99.59%
  Valid | loss=0.5526 | top1=76.56% | top2=95.31% | top3=100.00% | acc=76.56% | bal_acc=53.69% | macro_f1=0.5464 | qwk=0.7419 | mae=0.2422 | weighted_f1=0.7611 | precision_macro=0.5694 | recall_macro=0.5369
 Validation improved. Saved best model (macro_f1=0.5464)

Epoch 08/60 | Time 0m 16s
  Train | loss=0.5431 | top1=78.43% | top2=96.79% | top3=99.78%
  Valid | loss=0.5715 | top1=71.88% | top2=93.75% | top3=100.00% | acc=71.88% | bal_acc=56.23% | macro_f1=0.5160 | qwk=0.7309 | mae=0.3027 | weighted_f1=0.7221 | precision_macro=0.5107 | recall_macro=0.5623
 No improvement. Bad epochs: 1/15

Epoch 09/60 | Time 0m 16s
  Train | loss=0.5163 | top1=83.20% | top2=97.81% | top3=99.96%
  Valid | loss=0.5178 | top1=82.81% | top2=97.07% | top3=99.80% | acc=82.81% | bal_acc=57.60% | macro_f1=0.5932 | qwk=0.8118 | mae=0.1777 | weighted_f1=0.8193 | precision_macro=0.6291 | recall_macro=0.5760
 Validation improved. Saved best model (macro_f1=0.5932)

Epoch 10/60 | Time 0m 16s
  Train | loss=0.4897 | top1=87.48% | top2=98.81% | top3=99.93%
  Valid | loss=0.4935 | top1=87.30% | top2=98.05% | top3=99.80% | acc=87.30% | bal_acc=70.29% | macro_f1=0.7301 | qwk=0.8766 | mae=0.1289 | weighted_f1=0.8726 | precision_macro=0.8931 | recall_macro=0.7029
 Validation improved. Saved best model (macro_f1=0.7301)

Epoch 11/60 | Time 0m 16s
  Train | loss=0.4784 | top1=89.50% | top2=99.09% | top3=99.93%
  Valid | loss=0.4817 | top1=90.23% | top2=98.83% | top3=100.00% | acc=90.23% | bal_acc=81.64% | macro_f1=0.8590 | qwk=0.8957 | mae=0.1035 | weighted_f1=0.9012 | precision_macro=0.9279 | recall_macro=0.8164
 Validation improved. Saved best model (macro_f1=0.8590)

Epoch 12/60 | Time 0m 16s
  Train | loss=0.4622 | top1=92.21% | top2=99.41% | top3=99.93%
  Valid | loss=0.5224 | top1=83.20% | top2=96.48% | top3=99.61% | acc=83.20% | bal_acc=78.95% | macro_f1=0.7890 | qwk=0.8290 | mae=0.1836 | weighted_f1=0.8385 | precision_macro=0.8419 | recall_macro=0.7895
 No improvement. Bad epochs: 1/15

Epoch 13/60 | Time 0m 16s
  Train | loss=0.4556 | top1=93.25% | top2=99.37% | top3=99.93%
  Valid | loss=0.4554 | top1=93.16% | top2=99.41% | top3=100.00% | acc=93.16% | bal_acc=84.94% | macro_f1=0.8854 | qwk=0.9374 | mae=0.0684 | weighted_f1=0.9318 | precision_macro=0.9477 | recall_macro=0.8494
 Validation improved. Saved best model (macro_f1=0.8854)

Epoch 14/60 | Time 0m 16s
  Train | loss=0.4451 | top1=94.77% | top2=99.61% | top3=99.98%
  Valid | loss=0.4629 | top1=91.60% | top2=99.22% | top3=100.00% | acc=91.60% | bal_acc=88.90% | macro_f1=0.9116 | qwk=0.9227 | mae=0.0840 | weighted_f1=0.9171 | precision_macro=0.9441 | recall_macro=0.8890
 Validation improved. Saved best model (macro_f1=0.9116)

Epoch 15/60 | Time 0m 16s
  Train | loss=0.4395 | top1=95.88% | top2=99.78% | top3=99.98%
  Valid | loss=0.4502 | top1=93.75% | top2=99.41% | top3=99.80% | acc=93.75% | bal_acc=90.43% | macro_f1=0.9232 | qwk=0.9339 | mae=0.0664 | weighted_f1=0.9376 | precision_macro=0.9478 | recall_macro=0.9043
 Validation improved. Saved best model (macro_f1=0.9232)

Epoch 16/60 | Time 0m 16s
  Train | loss=0.4370 | top1=96.12% | top2=99.76% | top3=99.98%
  Valid | loss=0.4576 | top1=92.38% | top2=99.02% | top3=100.00% | acc=92.38% | bal_acc=89.79% | macro_f1=0.9140 | qwk=0.9267 | mae=0.0781 | weighted_f1=0.9244 | precision_macro=0.9369 | recall_macro=0.8979
 No improvement. Bad epochs: 1/15

Epoch 17/60 | Time 0m 16s
  Train | loss=0.4354 | top1=96.18% | top2=99.85% | top3=99.96%
  Valid | loss=0.4450 | top1=94.92% | top2=99.41% | top3=100.00% | acc=94.92% | bal_acc=95.75% | macro_f1=0.9615 | qwk=0.9498 | mae=0.0527 | weighted_f1=0.9489 | precision_macro=0.9661 | recall_macro=0.9575
 Validation improved. Saved best model (macro_f1=0.9615)

Epoch 18/60 | Time 0m 16s
  Train | loss=0.4299 | top1=97.20% | top2=99.87% | top3=100.00%
  Valid | loss=0.4405 | top1=96.68% | top2=99.61% | top3=100.00% | acc=96.68% | bal_acc=97.05% | macro_f1=0.9737 | qwk=0.9651 | mae=0.0352 | weighted_f1=0.9668 | precision_macro=0.9771 | recall_macro=0.9705
 Validation improved. Saved best model (macro_f1=0.9737)

Epoch 19/60 | Time 0m 16s
  Train | loss=0.4309 | top1=97.11% | top2=99.78% | top3=100.00%
  Valid | loss=0.4501 | top1=93.55% | top2=99.41% | top3=100.00% | acc=93.55% | bal_acc=95.15% | macro_f1=0.9399 | qwk=0.9249 | mae=0.0723 | weighted_f1=0.9360 | precision_macro=0.9321 | recall_macro=0.9515
 No improvement. Bad epochs: 1/15

Epoch 20/60 | Time 0m 16s
  Train | loss=0.4273 | top1=97.74% | top2=99.80% | top3=99.96%
  Valid | loss=0.4465 | top1=95.51% | top2=99.02% | top3=99.41% | acc=95.51% | bal_acc=96.54% | macro_f1=0.9635 | qwk=0.9449 | mae=0.0508 | weighted_f1=0.9551 | precision_macro=0.9616 | recall_macro=0.9654
 No improvement. Bad epochs: 2/15

Epoch 21/60 | Time 0m 16s
  Train | loss=0.4248 | top1=98.00% | top2=99.87% | top3=100.00%
  Valid | loss=0.4350 | top1=97.07% | top2=99.80% | top3=100.00% | acc=97.07% | bal_acc=97.45% | macro_f1=0.9786 | qwk=0.9687 | mae=0.0312 | weighted_f1=0.9707 | precision_macro=0.9829 | recall_macro=0.9745
 Validation improved. Saved best model (macro_f1=0.9786)

Epoch 22/60 | Time 0m 17s
  Train | loss=0.4268 | top1=97.68% | top2=99.72% | top3=99.93%
  Valid | loss=0.4681 | top1=91.41% | top2=98.24% | top3=99.80% | acc=91.41% | bal_acc=94.58% | macro_f1=0.9349 | qwk=0.9135 | mae=0.0898 | weighted_f1=0.9150 | precision_macro=0.9283 | recall_macro=0.9458
 No improvement. Bad epochs: 1/15

Epoch 23/60 | Time 0m 16s
  Train | loss=0.4282 | top1=97.11% | top2=99.78% | top3=99.98%
  Valid | loss=0.4593 | top1=93.36% | top2=99.80% | top3=100.00% | acc=93.36% | bal_acc=94.55% | macro_f1=0.9504 | qwk=0.9314 | mae=0.0703 | weighted_f1=0.9327 | precision_macro=0.9582 | recall_macro=0.9455
 No improvement. Bad epochs: 2/15

Epoch 24/60 | Time 0m 16s
  Train | loss=0.4231 | top1=98.20% | top2=99.80% | top3=100.00%
  Valid | loss=0.4357 | top1=96.88% | top2=99.41% | top3=99.80% | acc=96.88% | bal_acc=97.48% | macro_f1=0.9738 | qwk=0.9670 | mae=0.0332 | weighted_f1=0.9688 | precision_macro=0.9730 | recall_macro=0.9748
 No improvement. Bad epochs: 3/15

Epoch 25/60 | Time 0m 16s
  Train | loss=0.4186 | top1=98.91% | top2=99.93% | top3=100.00%
  Valid | loss=0.4386 | top1=95.90% | top2=99.61% | top3=100.00% | acc=95.90% | bal_acc=96.78% | macro_f1=0.9692 | qwk=0.9579 | mae=0.0430 | weighted_f1=0.9592 | precision_macro=0.9714 | recall_macro=0.9678
 No improvement. Bad epochs: 4/15

Epoch 26/60 | Time 0m 17s
  Train | loss=0.4191 | top1=98.74% | top2=99.89% | top3=99.98%
  Valid | loss=0.4329 | top1=97.07% | top2=99.80% | top3=100.00% | acc=97.07% | bal_acc=97.41% | macro_f1=0.9773 | qwk=0.9688 | mae=0.0312 | weighted_f1=0.9706 | precision_macro=0.9807 | recall_macro=0.9741
 No improvement. Bad epochs: 5/15

Epoch 27/60 | Time 0m 16s
  Train | loss=0.4207 | top1=98.50% | top2=99.80% | top3=100.00%
  Valid | loss=0.4287 | top1=97.27% | top2=99.61% | top3=100.00% | acc=97.27% | bal_acc=97.59% | macro_f1=0.9796 | qwk=0.9756 | mae=0.0273 | weighted_f1=0.9727 | precision_macro=0.9835 | recall_macro=0.9759
 Validation improved. Saved best model (macro_f1=0.9796)

Epoch 28/60 | Time 0m 16s
  Train | loss=0.4225 | top1=98.39% | top2=99.83% | top3=99.96%
  Valid | loss=0.4319 | top1=96.48% | top2=99.61% | top3=100.00% | acc=96.48% | bal_acc=96.95% | macro_f1=0.9446 | qwk=0.9641 | mae=0.0371 | weighted_f1=0.9651 | precision_macro=0.9236 | recall_macro=0.9695
 No improvement. Bad epochs: 1/15

Epoch 29/60 | Time 0m 16s
  Train | loss=0.4175 | top1=98.91% | top2=99.93% | top3=100.00%
  Valid | loss=0.4319 | top1=97.07% | top2=100.00% | top3=100.00% | acc=97.07% | bal_acc=97.74% | macro_f1=0.9772 | qwk=0.9740 | mae=0.0293 | weighted_f1=0.9707 | precision_macro=0.9770 | recall_macro=0.9774
 No improvement. Bad epochs: 2/15

Epoch 30/60 | Time 0m 16s
  Train | loss=0.4198 | top1=98.48% | top2=99.85% | top3=100.00%
  Valid | loss=0.4341 | top1=97.07% | top2=100.00% | top3=100.00% | acc=97.07% | bal_acc=97.83% | macro_f1=0.9763 | qwk=0.9688 | mae=0.0312 | weighted_f1=0.9708 | precision_macro=0.9744 | recall_macro=0.9783
 No improvement. Bad epochs: 3/15

Epoch 31/60 | Time 0m 16s
  Train | loss=0.4190 | top1=98.78% | top2=99.91% | top3=99.98%
  Valid | loss=0.4428 | top1=95.51% | top2=99.02% | top3=99.80% | acc=95.51% | bal_acc=96.88% | macro_f1=0.9670 | qwk=0.9545 | mae=0.0469 | weighted_f1=0.9554 | precision_macro=0.9665 | recall_macro=0.9688
 No improvement. Bad epochs: 4/15

Epoch 32/60 | Time 0m 16s
  Train | loss=0.4157 | top1=98.98% | top2=99.96% | top3=100.00%
  Valid | loss=0.4331 | top1=96.68% | top2=99.61% | top3=100.00% | acc=96.68% | bal_acc=96.92% | macro_f1=0.9746 | qwk=0.9703 | mae=0.0332 | weighted_f1=0.9667 | precision_macro=0.9806 | recall_macro=0.9692
 No improvement. Bad epochs: 5/15

Epoch 33/60 | Time 0m 16s
  Train | loss=0.4170 | top1=98.96% | top2=99.89% | top3=99.98%
  Valid | loss=0.4341 | top1=96.48% | top2=99.61% | top3=100.00% | acc=96.48% | bal_acc=96.66% | macro_f1=0.9700 | qwk=0.9629 | mae=0.0371 | weighted_f1=0.9650 | precision_macro=0.9747 | recall_macro=0.9666
 No improvement. Bad epochs: 6/15

Epoch 34/60 | Time 0m 16s
  Train | loss=0.4147 | top1=99.28% | top2=99.98% | top3=100.00%
  Valid | loss=0.4245 | top1=98.24% | top2=99.80% | top3=100.00% | acc=98.24% | bal_acc=98.45% | macro_f1=0.9868 | qwk=0.9843 | mae=0.0176 | weighted_f1=0.9824 | precision_macro=0.9892 | recall_macro=0.9845
 Validation improved. Saved best model (macro_f1=0.9868)

Epoch 35/60 | Time 0m 16s
  Train | loss=0.4178 | top1=98.76% | top2=99.87% | top3=100.00%
  Valid | loss=0.4280 | top1=97.66% | top2=99.41% | top3=99.80% | acc=97.66% | bal_acc=98.16% | macro_f1=0.9810 | qwk=0.9740 | mae=0.0254 | weighted_f1=0.9766 | precision_macro=0.9805 | recall_macro=0.9816
 No improvement. Bad epochs: 1/15

Epoch 36/60 | Time 0m 16s
  Train | loss=0.4147 | top1=99.24% | top2=99.96% | top3=100.00%
  Valid | loss=0.4286 | top1=97.85% | top2=99.61% | top3=100.00% | acc=97.85% | bal_acc=98.22% | macro_f1=0.9822 | qwk=0.9758 | mae=0.0234 | weighted_f1=0.9785 | precision_macro=0.9822 | recall_macro=0.9822
 No improvement. Bad epochs: 2/15

Epoch 37/60 | Time 0m 16s
  Train | loss=0.4159 | top1=99.24% | top2=100.00% | top3=100.00%
  Valid | loss=0.4276 | top1=97.85% | top2=99.80% | top3=100.00% | acc=97.85% | bal_acc=98.22% | macro_f1=0.9810 | qwk=0.9758 | mae=0.0234 | weighted_f1=0.9785 | precision_macro=0.9798 | recall_macro=0.9822
 No improvement. Bad epochs: 3/15

Epoch 38/60 | Time 0m 16s
  Train | loss=0.4141 | top1=99.46% | top2=99.98% | top3=100.00%
  Valid | loss=0.4275 | top1=97.27% | top2=100.00% | top3=100.00% | acc=97.27% | bal_acc=97.76% | macro_f1=0.9786 | qwk=0.9703 | mae=0.0293 | weighted_f1=0.9727 | precision_macro=0.9800 | recall_macro=0.9776
 No improvement. Bad epochs: 4/15

Epoch 39/60 | Time 0m 16s
  Train | loss=0.4147 | top1=99.20% | top2=100.00% | top3=100.00%
  Valid | loss=0.4280 | top1=97.85% | top2=100.00% | top3=100.00% | acc=97.85% | bal_acc=98.22% | macro_f1=0.9810 | qwk=0.9758 | mae=0.0234 | weighted_f1=0.9785 | precision_macro=0.9798 | recall_macro=0.9822
 No improvement. Bad epochs: 5/15

Epoch 40/60 | Time 0m 16s
  Train | loss=0.4139 | top1=99.37% | top2=100.00% | top3=100.00%
  Valid | loss=0.4323 | top1=96.68% | top2=99.41% | top3=100.00% | acc=96.68% | bal_acc=97.09% | macro_f1=0.9761 | qwk=0.9653 | mae=0.0352 | weighted_f1=0.9667 | precision_macro=0.9820 | recall_macro=0.9709
 No improvement. Bad epochs: 6/15

Epoch 41/60 | Time 0m 17s
  Train | loss=0.4137 | top1=99.31% | top2=99.98% | top3=100.00%
  Valid | loss=0.4257 | top1=98.24% | top2=99.61% | top3=100.00% | acc=98.24% | bal_acc=98.50% | macro_f1=0.9858 | qwk=0.9792 | mae=0.0195 | weighted_f1=0.9824 | precision_macro=0.9866 | recall_macro=0.9850
 No improvement. Bad epochs: 7/15

Epoch 42/60 | Time 0m 16s
  Train | loss=0.4140 | top1=99.48% | top2=99.89% | top3=99.98%
  Valid | loss=0.4320 | top1=96.68% | top2=99.61% | top3=100.00% | acc=96.68% | bal_acc=97.13% | macro_f1=0.9761 | qwk=0.9653 | mae=0.0352 | weighted_f1=0.9667 | precision_macro=0.9815 | recall_macro=0.9713
 No improvement. Bad epochs: 8/15

Epoch 43/60 | Time 0m 17s
  Train | loss=0.4142 | top1=99.44% | top2=99.93% | top3=100.00%
  Valid | loss=0.4294 | top1=97.27% | top2=99.80% | top3=99.80% | acc=97.27% | bal_acc=97.97% | macro_f1=0.9787 | qwk=0.9705 | mae=0.0293 | weighted_f1=0.9727 | precision_macro=0.9778 | recall_macro=0.9797
 No improvement. Bad epochs: 9/15

Epoch 44/60 | Time 0m 16s
  Train | loss=0.4127 | top1=99.59% | top2=100.00% | top3=100.00%
  Valid | loss=0.4254 | top1=98.05% | top2=99.41% | top3=100.00% | acc=98.05% | bal_acc=98.11% | macro_f1=0.9843 | qwk=0.9825 | mae=0.0195 | weighted_f1=0.9805 | precision_macro=0.9878 | recall_macro=0.9811
 No improvement. Bad epochs: 10/15

Epoch 45/60 | Time 0m 16s
  Train | loss=0.4130 | top1=99.41% | top2=99.98% | top3=100.00%
  Valid | loss=0.4267 | top1=98.05% | top2=99.61% | top3=100.00% | acc=98.05% | bal_acc=98.40% | macro_f1=0.9846 | qwk=0.9774 | mae=0.0215 | weighted_f1=0.9805 | precision_macro=0.9853 | recall_macro=0.9840
 No improvement. Bad epochs: 11/15

Epoch 46/60 | Time 0m 16s
  Train | loss=0.4122 | top1=99.65% | top2=100.00% | top3=100.00%
  Valid | loss=0.4258 | top1=98.05% | top2=99.61% | top3=100.00% | acc=98.05% | bal_acc=98.36% | macro_f1=0.9846 | qwk=0.9774 | mae=0.0215 | weighted_f1=0.9805 | precision_macro=0.9856 | recall_macro=0.9836
 No improvement. Bad epochs: 12/15

Epoch 47/60 | Time 0m 16s
  Train | loss=0.4132 | top1=99.52% | top2=99.91% | top3=99.98%
  Valid | loss=0.4298 | top1=97.46% | top2=99.41% | top3=100.00% | acc=97.46% | bal_acc=98.11% | macro_f1=0.9811 | qwk=0.9721 | mae=0.0273 | weighted_f1=0.9747 | precision_macro=0.9813 | recall_macro=0.9811
 No improvement. Bad epochs: 13/15

Epoch 48/60 | Time 0m 16s
  Train | loss=0.4134 | top1=99.39% | top2=99.93% | top3=100.00%
  Valid | loss=0.4262 | top1=98.24% | top2=100.00% | top3=100.00% | acc=98.24% | bal_acc=98.50% | macro_f1=0.9858 | qwk=0.9792 | mae=0.0195 | weighted_f1=0.9824 | precision_macro=0.9866 | recall_macro=0.9850
 No improvement. Bad epochs: 14/15

Epoch 49/60 | Time 0m 16s
  Train | loss=0.4125 | top1=99.63% | top2=99.93% | top3=99.96%
  Valid | loss=0.4259 | top1=98.24% | top2=99.61% | top3=100.00% | acc=98.24% | bal_acc=98.50% | macro_f1=0.9858 | qwk=0.9792 | mae=0.0195 | weighted_f1=0.9824 | precision_macro=0.9866 | recall_macro=0.9850
 No improvement. Bad epochs: 15/15
 Early stopping triggered at epoch 49.

Loading best model (epoch=34, macro_f1=0.9868)

Test | loss=0.4206 | top1=98.36% | top2=99.92% | top3=100.00% | acc=98.36% | bal_acc=98.69% | macro_f1=0.9886 | qwk=0.9834 | mae=0.0172 | weighted_f1=0.9836 | precision_macro=0.9904 | recall_macro=0.9869
     ovr_roc_auc_macro=0.9987 | ovr_pr_auc_macro=0.9970
Checkpoint: /root/autodl-tmp/MedVisionLab/Alzheimer_MRI_Loss/checkpoints/best_convnext_t_mesc_dast_convnext_t_all_5seed_adni_mesc_dast_seed4.pt
