COMMAND: /root/miniconda3/envs/medvision/bin/python -u /root/autodl-tmp/MedVisionLab/tools/train_convnext_t_experiment.py --dataset adni --data-root /root/autodl-tmp/Augmented_Alzheimer_MRI/OriginalDataset --attention eca --loss ce --seed 1 --epochs 60 --patience 15 --batch-size 32 --image-size 224 --num-workers 2 --early-delta 0.0001 --base-lr 0.0001 --koa-backbone-lr 0.0001 --koa-head-lr 0.001 --weight-decay 0.0001 --dast-tau 1.0 --dast-gamma 1.5 --sord-tau 1.0 --label-smoothing 0.1 --run-tag convnext_t_all_5seed_adni_eca_ce_seed1
==========================================================================================
Starting ConvNeXt-T experiment on ADNI...
Using device: cuda
CUDA device: NVIDIA GeForce RTX 4090
Config | seed=1, attention=eca, loss=ce, epochs=60, patience=15, batch_size=32, image_size=224, pretrained=True
Backbone: ConvNeXt-T | stage3=features[5] | stage3_channels=384
Data root: /root/autodl-tmp/Augmented_Alzheimer_MRI/OriginalDataset
Class order: ['NonDemented', 'VeryMildDemented', 'MildDemented', 'ModerateDemented']
Split sizes | train=4608, valid=512, test=1280
Train class counts: [2304, 1613, 645, 46]
Optimizer: matched progressive Adam | stem=1e-05, stage1=1.25e-05, downsample1=1.6666667e-05, stage2=1.6666667e-05, downsample2=2.5e-05, stage3=2.5e-05, attention=3.3333333e-05, downsample3=5e-05, stage4=5e-05, norm=0.0001, head=0.0001
Trainable parameters: 27,823,207

Epoch 01/60 | Time 0m 16s
  Train | loss=1.1527 | top1=44.94% | top2=78.99% | top3=93.77%
  Valid | loss=1.0314 | top1=50.00% | top2=84.96% | top3=99.02% | acc=50.00% | bal_acc=25.25% | macro_f1=0.1820 | qwk=0.0295 | mae=0.6465 | weighted_f1=0.3550 | precision_macro=0.2057 | recall_macro=0.2525
 Validation improved. Saved best model (macro_f1=0.1820)

Epoch 02/60 | Time 0m 16s
  Train | loss=0.9863 | top1=52.78% | top2=85.05% | top3=99.00%
  Valid | loss=0.9171 | top1=53.32% | top2=84.77% | top3=99.02% | acc=53.32% | bal_acc=29.22% | macro_f1=0.2642 | qwk=0.2548 | mae=0.5332 | weighted_f1=0.4732 | precision_macro=0.2473 | recall_macro=0.2922
 Validation improved. Saved best model (macro_f1=0.2642)

Epoch 03/60 | Time 0m 16s
  Train | loss=0.8617 | top1=59.05% | top2=87.65% | top3=99.00%
  Valid | loss=0.7800 | top1=62.50% | top2=89.06% | top3=99.02% | acc=62.50% | bal_acc=38.00% | macro_f1=0.3724 | qwk=0.4115 | mae=0.4199 | weighted_f1=0.5943 | precision_macro=0.5560 | recall_macro=0.3800
 Validation improved. Saved best model (macro_f1=0.3724)

Epoch 04/60 | Time 0m 16s
  Train | loss=0.7702 | top1=64.78% | top2=90.00% | top3=99.02%
  Valid | loss=0.6647 | top1=69.73% | top2=92.58% | top3=99.02% | acc=69.73% | bal_acc=46.66% | macro_f1=0.4726 | qwk=0.5748 | mae=0.3281 | weighted_f1=0.6873 | precision_macro=0.5667 | recall_macro=0.4666
 Validation improved. Saved best model (macro_f1=0.4726)

Epoch 05/60 | Time 0m 16s
  Train | loss=0.6412 | top1=72.03% | top2=93.66% | top3=99.37%
  Valid | loss=0.5888 | top1=74.02% | top2=95.31% | top3=100.00% | acc=74.02% | bal_acc=47.73% | macro_f1=0.4762 | qwk=0.6120 | mae=0.2852 | weighted_f1=0.7193 | precision_macro=0.6253 | recall_macro=0.4773
 Validation improved. Saved best model (macro_f1=0.4762)

Epoch 06/60 | Time 0m 16s
  Train | loss=0.4758 | top1=80.06% | top2=96.46% | top3=99.98%
  Valid | loss=0.4227 | top1=81.84% | top2=97.07% | top3=99.80% | acc=81.84% | bal_acc=82.42% | macro_f1=0.8169 | qwk=0.7549 | mae=0.2207 | weighted_f1=0.8241 | precision_macro=0.8326 | recall_macro=0.8242
 Validation improved. Saved best model (macro_f1=0.8169)

Epoch 07/60 | Time 0m 16s
  Train | loss=0.3434 | top1=86.85% | top2=98.05% | top3=99.91%
  Valid | loss=0.2523 | top1=91.21% | top2=99.22% | top3=100.00% | acc=91.21% | bal_acc=91.53% | macro_f1=0.9217 | qwk=0.8815 | mae=0.1016 | weighted_f1=0.9121 | precision_macro=0.9323 | recall_macro=0.9153
 Validation improved. Saved best model (macro_f1=0.9217)

Epoch 08/60 | Time 0m 16s
  Train | loss=0.2224 | top1=91.84% | top2=99.07% | top3=99.93%
  Valid | loss=0.2145 | top1=91.41% | top2=99.41% | top3=100.00% | acc=91.41% | bal_acc=89.01% | macro_f1=0.9077 | qwk=0.8903 | mae=0.0977 | weighted_f1=0.9145 | precision_macro=0.9335 | recall_macro=0.8901
 No improvement. Bad epochs: 1/15

Epoch 09/60 | Time 0m 16s
  Train | loss=0.1639 | top1=93.99% | top2=99.46% | top3=99.96%
  Valid | loss=0.1578 | top1=95.12% | top2=99.80% | top3=100.00% | acc=95.12% | bal_acc=95.43% | macro_f1=0.9601 | qwk=0.9203 | mae=0.0625 | weighted_f1=0.9510 | precision_macro=0.9671 | recall_macro=0.9543
 Validation improved. Saved best model (macro_f1=0.9601)

Epoch 10/60 | Time 0m 16s
  Train | loss=0.1233 | top1=95.94% | top2=99.65% | top3=100.00%
  Valid | loss=0.1940 | top1=93.36% | top2=99.61% | top3=100.00% | acc=93.36% | bal_acc=92.76% | macro_f1=0.9435 | qwk=0.8862 | mae=0.0859 | weighted_f1=0.9330 | precision_macro=0.9648 | recall_macro=0.9276
 No improvement. Bad epochs: 1/15

Epoch 11/60 | Time 0m 16s
  Train | loss=0.0879 | top1=97.27% | top2=99.76% | top3=100.00%
  Valid | loss=0.1926 | top1=92.19% | top2=99.61% | top3=100.00% | acc=92.19% | bal_acc=93.63% | macro_f1=0.9431 | qwk=0.9115 | mae=0.0859 | weighted_f1=0.9204 | precision_macro=0.9568 | recall_macro=0.9363
 No improvement. Bad epochs: 2/15

Epoch 12/60 | Time 0m 16s
  Train | loss=0.0687 | top1=97.72% | top2=99.83% | top3=100.00%
  Valid | loss=0.1586 | top1=95.31% | top2=99.61% | top3=100.00% | acc=95.31% | bal_acc=97.53% | macro_f1=0.9696 | qwk=0.9530 | mae=0.0488 | weighted_f1=0.9533 | precision_macro=0.9656 | recall_macro=0.9753
 Validation improved. Saved best model (macro_f1=0.9696)

Epoch 13/60 | Time 0m 16s
  Train | loss=0.0654 | top1=97.76% | top2=99.87% | top3=100.00%
  Valid | loss=0.0529 | top1=98.44% | top2=100.00% | top3=100.00% | acc=98.44% | bal_acc=98.72% | macro_f1=0.9870 | qwk=0.9811 | mae=0.0176 | weighted_f1=0.9843 | precision_macro=0.9869 | recall_macro=0.9872
 Validation improved. Saved best model (macro_f1=0.9870)

Epoch 14/60 | Time 0m 16s
  Train | loss=0.0496 | top1=98.35% | top2=99.93% | top3=100.00%
  Valid | loss=0.0705 | top1=97.46% | top2=100.00% | top3=100.00% | acc=97.46% | bal_acc=97.86% | macro_f1=0.9814 | qwk=0.9616 | mae=0.0312 | weighted_f1=0.9746 | precision_macro=0.9846 | recall_macro=0.9786
 No improvement. Bad epochs: 1/15

Epoch 15/60 | Time 0m 16s
  Train | loss=0.0536 | top1=98.22% | top2=99.91% | top3=100.00%
  Valid | loss=0.0824 | top1=97.27% | top2=100.00% | top3=100.00% | acc=97.27% | bal_acc=98.59% | macro_f1=0.9835 | qwk=0.9756 | mae=0.0273 | weighted_f1=0.9728 | precision_macro=0.9820 | recall_macro=0.9859
 No improvement. Bad epochs: 2/15

Epoch 16/60 | Time 0m 16s
  Train | loss=0.0305 | top1=99.18% | top2=99.87% | top3=100.00%
  Valid | loss=0.0316 | top1=99.22% | top2=100.00% | top3=100.00% | acc=99.22% | bal_acc=99.57% | macro_f1=0.9953 | qwk=0.9931 | mae=0.0078 | weighted_f1=0.9922 | precision_macro=0.9949 | recall_macro=0.9957
 Validation improved. Saved best model (macro_f1=0.9953)

Epoch 17/60 | Time 0m 16s
  Train | loss=0.0282 | top1=99.11% | top2=99.98% | top3=100.00%
  Valid | loss=0.0468 | top1=98.83% | top2=100.00% | top3=100.00% | acc=98.83% | bal_acc=99.12% | macro_f1=0.9918 | qwk=0.9844 | mae=0.0137 | weighted_f1=0.9883 | precision_macro=0.9925 | recall_macro=0.9912
 No improvement. Bad epochs: 1/15

Epoch 18/60 | Time 0m 16s
  Train | loss=0.0406 | top1=98.70% | top2=99.89% | top3=100.00%
  Valid | loss=0.0406 | top1=98.83% | top2=100.00% | top3=100.00% | acc=98.83% | bal_acc=99.37% | macro_f1=0.9929 | qwk=0.9896 | mae=0.0117 | weighted_f1=0.9883 | precision_macro=0.9922 | recall_macro=0.9937
 No improvement. Bad epochs: 2/15

Epoch 19/60 | Time 0m 16s
  Train | loss=0.0201 | top1=99.50% | top2=99.89% | top3=100.00%
  Valid | loss=0.0449 | top1=98.83% | top2=100.00% | top3=100.00% | acc=98.83% | bal_acc=99.20% | macro_f1=0.9929 | qwk=0.9896 | mae=0.0117 | weighted_f1=0.9883 | precision_macro=0.9938 | recall_macro=0.9920
 No improvement. Bad epochs: 3/15

Epoch 20/60 | Time 0m 16s
  Train | loss=0.0369 | top1=99.05% | top2=99.80% | top3=99.98%
  Valid | loss=0.0574 | top1=98.05% | top2=100.00% | top3=100.00% | acc=98.05% | bal_acc=97.77% | macro_f1=0.9836 | qwk=0.9669 | mae=0.0254 | weighted_f1=0.9804 | precision_macro=0.9901 | recall_macro=0.9777
 No improvement. Bad epochs: 4/15

Epoch 21/60 | Time 0m 16s
  Train | loss=0.0475 | top1=98.35% | top2=99.96% | top3=100.00%
  Valid | loss=0.0639 | top1=98.05% | top2=99.80% | top3=100.00% | acc=98.05% | bal_acc=98.98% | macro_f1=0.9872 | qwk=0.9775 | mae=0.0215 | weighted_f1=0.9805 | precision_macro=0.9848 | recall_macro=0.9898
 No improvement. Bad epochs: 5/15

Epoch 22/60 | Time 0m 16s
  Train | loss=0.0181 | top1=99.48% | top2=100.00% | top3=100.00%
  Valid | loss=0.0302 | top1=99.02% | top2=99.80% | top3=100.00% | acc=99.02% | bal_acc=99.34% | macro_f1=0.9918 | qwk=0.9862 | mae=0.0117 | weighted_f1=0.9902 | precision_macro=0.9903 | recall_macro=0.9934
 No improvement. Bad epochs: 6/15

Epoch 23/60 | Time 0m 16s
  Train | loss=0.0153 | top1=99.61% | top2=100.00% | top3=100.00%
  Valid | loss=0.0331 | top1=99.22% | top2=100.00% | top3=100.00% | acc=99.22% | bal_acc=99.44% | macro_f1=0.9952 | qwk=0.9931 | mae=0.0078 | weighted_f1=0.9922 | precision_macro=0.9962 | recall_macro=0.9944
 No improvement. Bad epochs: 7/15

Epoch 24/60 | Time 0m 16s
  Train | loss=0.0211 | top1=99.31% | top2=99.96% | top3=100.00%
  Valid | loss=0.0558 | top1=98.05% | top2=100.00% | top3=100.00% | acc=98.05% | bal_acc=98.73% | macro_f1=0.9870 | qwk=0.9826 | mae=0.0195 | weighted_f1=0.9806 | precision_macro=0.9870 | recall_macro=0.9873
 No improvement. Bad epochs: 8/15

Epoch 25/60 | Time 0m 16s
  Train | loss=0.0174 | top1=99.48% | top2=99.98% | top3=100.00%
  Valid | loss=0.0184 | top1=98.83% | top2=100.00% | top3=100.00% | acc=98.83% | bal_acc=99.00% | macro_f1=0.9918 | qwk=0.9844 | mae=0.0137 | weighted_f1=0.9883 | precision_macro=0.9938 | recall_macro=0.9900
 No improvement. Bad epochs: 9/15

Epoch 26/60 | Time 0m 16s
  Train | loss=0.0134 | top1=99.59% | top2=99.98% | top3=100.00%
  Valid | loss=0.0165 | top1=99.61% | top2=100.00% | top3=100.00% | acc=99.61% | bal_acc=99.76% | macro_f1=0.9976 | qwk=0.9965 | mae=0.0039 | weighted_f1=0.9961 | precision_macro=0.9976 | recall_macro=0.9976
 Validation improved. Saved best model (macro_f1=0.9976)

Epoch 27/60 | Time 0m 16s
  Train | loss=0.0135 | top1=99.67% | top2=100.00% | top3=100.00%
  Valid | loss=0.0440 | top1=98.83% | top2=100.00% | top3=100.00% | acc=98.83% | bal_acc=99.16% | macro_f1=0.9916 | qwk=0.9897 | mae=0.0117 | weighted_f1=0.9882 | precision_macro=0.9918 | recall_macro=0.9916
 No improvement. Bad epochs: 1/15

Epoch 28/60 | Time 0m 16s
  Train | loss=0.0177 | top1=99.41% | top2=100.00% | top3=100.00%
  Valid | loss=0.0373 | top1=98.63% | top2=100.00% | top3=100.00% | acc=98.63% | bal_acc=99.27% | macro_f1=0.9917 | qwk=0.9879 | mae=0.0137 | weighted_f1=0.9864 | precision_macro=0.9909 | recall_macro=0.9927
 No improvement. Bad epochs: 2/15

Epoch 29/60 | Time 0m 16s
  Train | loss=0.0221 | top1=99.37% | top2=99.98% | top3=100.00%
  Valid | loss=0.0441 | top1=98.63% | top2=99.80% | top3=100.00% | acc=98.63% | bal_acc=99.15% | macro_f1=0.9882 | qwk=0.9828 | mae=0.0156 | weighted_f1=0.9863 | precision_macro=0.9852 | recall_macro=0.9915
 No improvement. Bad epochs: 3/15

Epoch 30/60 | Time 0m 16s
  Train | loss=0.0156 | top1=99.46% | top2=99.98% | top3=100.00%
  Valid | loss=0.0585 | top1=98.83% | top2=99.61% | top3=100.00% | acc=98.83% | bal_acc=99.25% | macro_f1=0.9906 | qwk=0.9845 | mae=0.0137 | weighted_f1=0.9883 | precision_macro=0.9889 | recall_macro=0.9925
 No improvement. Bad epochs: 4/15

Epoch 31/60 | Time 0m 16s
  Train | loss=0.0148 | top1=99.52% | top2=99.98% | top3=100.00%
  Valid | loss=0.0391 | top1=98.83% | top2=100.00% | top3=100.00% | acc=98.83% | bal_acc=99.33% | macro_f1=0.9919 | qwk=0.9844 | mae=0.0137 | weighted_f1=0.9883 | precision_macro=0.9904 | recall_macro=0.9933
 No improvement. Bad epochs: 5/15

Epoch 32/60 | Time 0m 16s
  Train | loss=0.0113 | top1=99.67% | top2=99.98% | top3=100.00%
  Valid | loss=0.0370 | top1=99.41% | top2=99.80% | top3=100.00% | acc=99.41% | bal_acc=99.58% | macro_f1=0.9952 | qwk=0.9948 | mae=0.0059 | weighted_f1=0.9941 | precision_macro=0.9946 | recall_macro=0.9958
 No improvement. Bad epochs: 6/15

Epoch 33/60 | Time 0m 16s
  Train | loss=0.0093 | top1=99.80% | top2=99.98% | top3=100.00%
  Valid | loss=0.0212 | top1=99.41% | top2=100.00% | top3=100.00% | acc=99.41% | bal_acc=99.67% | macro_f1=0.9964 | qwk=0.9948 | mae=0.0059 | weighted_f1=0.9941 | precision_macro=0.9962 | recall_macro=0.9967
 No improvement. Bad epochs: 7/15

Epoch 34/60 | Time 0m 16s
  Train | loss=0.0059 | top1=99.87% | top2=100.00% | top3=100.00%
  Valid | loss=0.0221 | top1=99.80% | top2=100.00% | top3=100.00% | acc=99.80% | bal_acc=99.86% | macro_f1=0.9988 | qwk=0.9983 | mae=0.0020 | weighted_f1=0.9980 | precision_macro=0.9990 | recall_macro=0.9986
 Validation improved. Saved best model (macro_f1=0.9988)

Epoch 35/60 | Time 0m 16s
  Train | loss=0.0085 | top1=99.76% | top2=100.00% | top3=100.00%
  Valid | loss=0.0264 | top1=99.61% | top2=100.00% | top3=100.00% | acc=99.61% | bal_acc=99.76% | macro_f1=0.9976 | qwk=0.9965 | mae=0.0039 | weighted_f1=0.9961 | precision_macro=0.9976 | recall_macro=0.9976
 No improvement. Bad epochs: 1/15

Epoch 36/60 | Time 0m 16s
  Train | loss=0.0082 | top1=99.78% | top2=100.00% | top3=100.00%
  Valid | loss=0.0267 | top1=99.61% | top2=100.00% | top3=100.00% | acc=99.61% | bal_acc=99.72% | macro_f1=0.9964 | qwk=0.9966 | mae=0.0039 | weighted_f1=0.9961 | precision_macro=0.9956 | recall_macro=0.9972
 No improvement. Bad epochs: 2/15

Epoch 37/60 | Time 0m 16s
  Train | loss=0.0089 | top1=99.78% | top2=100.00% | top3=100.00%
  Valid | loss=0.0221 | top1=99.22% | top2=100.00% | top3=100.00% | acc=99.22% | bal_acc=99.57% | macro_f1=0.9953 | qwk=0.9931 | mae=0.0078 | weighted_f1=0.9922 | precision_macro=0.9949 | recall_macro=0.9957
 No improvement. Bad epochs: 3/15

Epoch 38/60 | Time 0m 16s
  Train | loss=0.0041 | top1=99.89% | top2=99.98% | top3=100.00%
  Valid | loss=0.0230 | top1=99.61% | top2=100.00% | top3=100.00% | acc=99.61% | bal_acc=99.72% | macro_f1=0.9976 | qwk=0.9965 | mae=0.0039 | weighted_f1=0.9961 | precision_macro=0.9981 | recall_macro=0.9972
 No improvement. Bad epochs: 4/15

Epoch 39/60 | Time 0m 16s
  Train | loss=0.0084 | top1=99.72% | top2=99.93% | top3=100.00%
  Valid | loss=0.0556 | top1=98.24% | top2=100.00% | top3=100.00% | acc=98.24% | bal_acc=98.74% | macro_f1=0.9892 | qwk=0.9845 | mae=0.0176 | weighted_f1=0.9823 | precision_macro=0.9915 | recall_macro=0.9874
 No improvement. Bad epochs: 5/15

Epoch 40/60 | Time 0m 16s
  Train | loss=0.0069 | top1=99.80% | top2=100.00% | top3=100.00%
  Valid | loss=0.0246 | top1=99.41% | top2=100.00% | top3=100.00% | acc=99.41% | bal_acc=99.58% | macro_f1=0.9964 | qwk=0.9948 | mae=0.0059 | weighted_f1=0.9941 | precision_macro=0.9971 | recall_macro=0.9958
 No improvement. Bad epochs: 6/15

Epoch 41/60 | Time 0m 16s
  Train | loss=0.0033 | top1=99.98% | top2=100.00% | top3=100.00%
  Valid | loss=0.0184 | top1=99.80% | top2=100.00% | top3=100.00% | acc=99.80% | bal_acc=99.86% | macro_f1=0.9988 | qwk=0.9983 | mae=0.0020 | weighted_f1=0.9980 | precision_macro=0.9990 | recall_macro=0.9986
 No improvement. Bad epochs: 7/15

Epoch 42/60 | Time 0m 16s
  Train | loss=0.0045 | top1=99.89% | top2=100.00% | top3=100.00%
  Valid | loss=0.0187 | top1=99.80% | top2=100.00% | top3=100.00% | acc=99.80% | bal_acc=99.86% | macro_f1=0.9988 | qwk=0.9983 | mae=0.0020 | weighted_f1=0.9980 | precision_macro=0.9990 | recall_macro=0.9986
 No improvement. Bad epochs: 8/15

Epoch 43/60 | Time 0m 16s
  Train | loss=0.0049 | top1=99.89% | top2=100.00% | top3=100.00%
  Valid | loss=0.0199 | top1=99.80% | top2=100.00% | top3=100.00% | acc=99.80% | bal_acc=99.86% | macro_f1=0.9988 | qwk=0.9983 | mae=0.0020 | weighted_f1=0.9980 | precision_macro=0.9990 | recall_macro=0.9986
 No improvement. Bad epochs: 9/15

Epoch 44/60 | Time 0m 16s
  Train | loss=0.0047 | top1=99.91% | top2=100.00% | top3=100.00%
  Valid | loss=0.0310 | top1=99.41% | top2=100.00% | top3=100.00% | acc=99.41% | bal_acc=99.58% | macro_f1=0.9964 | qwk=0.9948 | mae=0.0059 | weighted_f1=0.9941 | precision_macro=0.9971 | recall_macro=0.9958
 No improvement. Bad epochs: 10/15

Epoch 45/60 | Time 0m 16s
  Train | loss=0.0034 | top1=99.91% | top2=100.00% | top3=100.00%
  Valid | loss=0.0195 | top1=99.80% | top2=100.00% | top3=100.00% | acc=99.80% | bal_acc=99.86% | macro_f1=0.9988 | qwk=0.9983 | mae=0.0020 | weighted_f1=0.9980 | precision_macro=0.9990 | recall_macro=0.9986
 No improvement. Bad epochs: 11/15

Epoch 46/60 | Time 0m 16s
  Train | loss=0.0039 | top1=99.91% | top2=100.00% | top3=100.00%
  Valid | loss=0.0218 | top1=99.61% | top2=100.00% | top3=100.00% | acc=99.61% | bal_acc=99.72% | macro_f1=0.9976 | qwk=0.9965 | mae=0.0039 | weighted_f1=0.9961 | precision_macro=0.9981 | recall_macro=0.9972
 No improvement. Bad epochs: 12/15

Epoch 47/60 | Time 0m 16s
  Train | loss=0.0031 | top1=99.96% | top2=100.00% | top3=100.00%
  Valid | loss=0.0193 | top1=99.80% | top2=100.00% | top3=100.00% | acc=99.80% | bal_acc=99.86% | macro_f1=0.9988 | qwk=0.9983 | mae=0.0020 | weighted_f1=0.9980 | precision_macro=0.9990 | recall_macro=0.9986
 No improvement. Bad epochs: 13/15

Epoch 48/60 | Time 0m 16s
  Train | loss=0.0041 | top1=99.89% | top2=100.00% | top3=100.00%
  Valid | loss=0.0194 | top1=99.61% | top2=100.00% | top3=100.00% | acc=99.61% | bal_acc=99.76% | macro_f1=0.9976 | qwk=0.9965 | mae=0.0039 | weighted_f1=0.9961 | precision_macro=0.9976 | recall_macro=0.9976
 No improvement. Bad epochs: 14/15

Epoch 49/60 | Time 0m 16s
  Train | loss=0.0021 | top1=99.98% | top2=99.98% | top3=100.00%
  Valid | loss=0.0264 | top1=99.61% | top2=100.00% | top3=100.00% | acc=99.61% | bal_acc=99.72% | macro_f1=0.9976 | qwk=0.9965 | mae=0.0039 | weighted_f1=0.9961 | precision_macro=0.9981 | recall_macro=0.9972
 No improvement. Bad epochs: 15/15
 Early stopping triggered at epoch 49.

Loading best model (epoch=34, macro_f1=0.9988)

Test | loss=0.0426 | top1=98.83% | top2=100.00% | top3=100.00% | acc=98.83% | bal_acc=98.94% | macro_f1=0.9910 | qwk=0.9855 | mae=0.0133 | weighted_f1=0.9883 | precision_macro=0.9926 | recall_macro=0.9894
     ovr_roc_auc_macro=0.9998 | ovr_pr_auc_macro=0.9996
Checkpoint: /root/autodl-tmp/MedVisionLab/Alzheimer_MRI_Loss/checkpoints/best_convnext_t_eca_ce_convnext_t_all_5seed_adni_eca_ce_seed1.pt
