COMMAND: /root/miniconda3/envs/medvision/bin/python -u /root/autodl-tmp/MedVisionLab/tools/train_convnext_t_experiment.py --dataset adni --data-root /root/autodl-tmp/Augmented_Alzheimer_MRI/OriginalDataset --attention eca --loss ce --seed 9 --epochs 60 --patience 15 --batch-size 32 --image-size 224 --num-workers 2 --early-delta 0.0001 --base-lr 0.0001 --koa-backbone-lr 0.0001 --koa-head-lr 0.001 --weight-decay 0.0001 --dast-tau 1.0 --dast-gamma 1.5 --sord-tau 1.0 --label-smoothing 0.1 --run-tag convnext_t_all_5seed_adni_eca_ce_seed9
==========================================================================================
Starting ConvNeXt-T experiment on ADNI...
Using device: cuda
CUDA device: NVIDIA GeForce RTX 4090
Config | seed=9, attention=eca, loss=ce, epochs=60, patience=15, batch_size=32, image_size=224, pretrained=True
Backbone: ConvNeXt-T | stage3=features[5] | stage3_channels=384
Data root: /root/autodl-tmp/Augmented_Alzheimer_MRI/OriginalDataset
Class order: ['NonDemented', 'VeryMildDemented', 'MildDemented', 'ModerateDemented']
Split sizes | train=4608, valid=512, test=1280
Train class counts: [2304, 1613, 645, 46]
Optimizer: matched progressive Adam | stem=1e-05, stage1=1.25e-05, downsample1=1.6666667e-05, stage2=1.6666667e-05, downsample2=2.5e-05, stage3=2.5e-05, attention=3.3333333e-05, downsample3=5e-05, stage4=5e-05, norm=0.0001, head=0.0001
Trainable parameters: 27,823,207

Epoch 01/60 | Time 0m 16s
  Train | loss=1.1680 | top1=45.83% | top2=78.95% | top3=94.10%
  Valid | loss=1.0170 | top1=50.39% | top2=84.96% | top3=99.02% | acc=50.39% | bal_acc=25.32% | macro_f1=0.1756 | qwk=0.0211 | mae=0.6504 | weighted_f1=0.3464 | precision_macro=0.2334 | recall_macro=0.2532
 Validation improved. Saved best model (macro_f1=0.1756)

Epoch 02/60 | Time 0m 16s
  Train | loss=0.9701 | top1=53.28% | top2=85.31% | top3=99.00%
  Valid | loss=0.8785 | top1=54.10% | top2=86.33% | top3=99.02% | acc=54.10% | bal_acc=31.63% | macro_f1=0.2957 | qwk=0.3820 | mae=0.4824 | weighted_f1=0.5108 | precision_macro=0.3150 | recall_macro=0.3163
 Validation improved. Saved best model (macro_f1=0.2957)

Epoch 03/60 | Time 0m 16s
  Train | loss=0.8503 | top1=59.55% | top2=87.67% | top3=99.00%
  Valid | loss=0.7909 | top1=60.55% | top2=89.06% | top3=99.02% | acc=60.55% | bal_acc=41.84% | macro_f1=0.4206 | qwk=0.5137 | mae=0.4297 | weighted_f1=0.6056 | precision_macro=0.4269 | recall_macro=0.4184
 Validation improved. Saved best model (macro_f1=0.4206)

Epoch 04/60 | Time 0m 16s
  Train | loss=0.7617 | top1=64.67% | top2=90.26% | top3=99.07%
  Valid | loss=0.6504 | top1=72.66% | top2=93.75% | top3=99.02% | acc=72.66% | bal_acc=49.98% | macro_f1=0.5116 | qwk=0.6407 | mae=0.3008 | weighted_f1=0.7202 | precision_macro=0.5411 | recall_macro=0.4998
 Validation improved. Saved best model (macro_f1=0.5116)

Epoch 05/60 | Time 0m 16s
  Train | loss=0.6153 | top1=73.39% | top2=94.53% | top3=99.41%
  Valid | loss=0.6006 | top1=75.00% | top2=93.75% | top3=100.00% | acc=75.00% | bal_acc=48.00% | macro_f1=0.4889 | qwk=0.6541 | mae=0.2734 | weighted_f1=0.7298 | precision_macro=0.5739 | recall_macro=0.4800
 No improvement. Bad epochs: 1/15

Epoch 06/60 | Time 0m 16s
  Train | loss=0.4715 | top1=80.97% | top2=96.61% | top3=99.67%
  Valid | loss=0.4117 | top1=84.77% | top2=97.66% | top3=100.00% | acc=84.77% | bal_acc=81.56% | macro_f1=0.8458 | qwk=0.7991 | mae=0.1758 | weighted_f1=0.8461 | precision_macro=0.8839 | recall_macro=0.8156
 Validation improved. Saved best model (macro_f1=0.8458)

Epoch 07/60 | Time 0m 16s
  Train | loss=0.3520 | top1=86.65% | top2=97.76% | top3=99.85%
  Valid | loss=0.2563 | top1=91.21% | top2=99.22% | top3=100.00% | acc=91.21% | bal_acc=87.74% | macro_f1=0.9022 | qwk=0.8950 | mae=0.0977 | weighted_f1=0.9118 | precision_macro=0.9328 | recall_macro=0.8774
 Validation improved. Saved best model (macro_f1=0.9022)

Epoch 08/60 | Time 0m 16s
  Train | loss=0.2115 | top1=92.49% | top2=99.31% | top3=99.98%
  Valid | loss=0.1949 | top1=92.38% | top2=100.00% | top3=100.00% | acc=92.38% | bal_acc=93.68% | macro_f1=0.9403 | qwk=0.9282 | mae=0.0781 | weighted_f1=0.9226 | precision_macro=0.9465 | recall_macro=0.9368
 Validation improved. Saved best model (macro_f1=0.9403)

Epoch 09/60 | Time 0m 16s
  Train | loss=0.1556 | top1=94.53% | top2=99.41% | top3=99.91%
  Valid | loss=0.1337 | top1=95.70% | top2=99.80% | top3=100.00% | acc=95.70% | bal_acc=96.60% | macro_f1=0.9669 | qwk=0.9511 | mae=0.0469 | weighted_f1=0.9572 | precision_macro=0.9681 | recall_macro=0.9660
 Validation improved. Saved best model (macro_f1=0.9669)

Epoch 10/60 | Time 0m 16s
  Train | loss=0.1223 | top1=95.75% | top2=99.54% | top3=99.98%
  Valid | loss=0.1491 | top1=94.53% | top2=100.00% | top3=100.00% | acc=94.53% | bal_acc=94.97% | macro_f1=0.9578 | qwk=0.9408 | mae=0.0586 | weighted_f1=0.9449 | precision_macro=0.9675 | recall_macro=0.9497
 No improvement. Bad epochs: 1/15

Epoch 11/60 | Time 0m 16s
  Train | loss=0.0997 | top1=96.51% | top2=99.65% | top3=99.96%
  Valid | loss=0.1499 | top1=93.95% | top2=99.22% | top3=100.00% | acc=93.95% | bal_acc=88.16% | macro_f1=0.9158 | qwk=0.9212 | mae=0.0684 | weighted_f1=0.9389 | precision_macro=0.9629 | recall_macro=0.8816
 No improvement. Bad epochs: 2/15

Epoch 12/60 | Time 0m 16s
  Train | loss=0.0796 | top1=97.46% | top2=99.83% | top3=100.00%
  Valid | loss=0.1192 | top1=95.51% | top2=99.80% | top3=100.00% | acc=95.51% | bal_acc=97.33% | macro_f1=0.9660 | qwk=0.9505 | mae=0.0488 | weighted_f1=0.9551 | precision_macro=0.9595 | recall_macro=0.9733
 No improvement. Bad epochs: 3/15

Epoch 13/60 | Time 0m 16s
  Train | loss=0.0597 | top1=98.26% | top2=99.93% | top3=100.00%
  Valid | loss=0.1808 | top1=94.34% | top2=99.80% | top3=100.00% | acc=94.34% | bal_acc=95.99% | macro_f1=0.9621 | qwk=0.9508 | mae=0.0566 | weighted_f1=0.9423 | precision_macro=0.9685 | recall_macro=0.9599
 No improvement. Bad epochs: 4/15

Epoch 14/60 | Time 0m 16s
  Train | loss=0.0643 | top1=97.85% | top2=99.83% | top3=100.00%
  Valid | loss=0.1587 | top1=93.95% | top2=100.00% | top3=100.00% | acc=93.95% | bal_acc=93.27% | macro_f1=0.9432 | qwk=0.9332 | mae=0.0645 | weighted_f1=0.9392 | precision_macro=0.9595 | recall_macro=0.9327
 No improvement. Bad epochs: 5/15

Epoch 15/60 | Time 0m 16s
  Train | loss=0.0505 | top1=98.33% | top2=99.87% | top3=100.00%
  Valid | loss=0.0730 | top1=97.85% | top2=99.80% | top3=100.00% | acc=97.85% | bal_acc=98.13% | macro_f1=0.9831 | qwk=0.9809 | mae=0.0215 | weighted_f1=0.9785 | precision_macro=0.9850 | recall_macro=0.9813
 Validation improved. Saved best model (macro_f1=0.9831)

Epoch 16/60 | Time 0m 16s
  Train | loss=0.0497 | top1=98.55% | top2=100.00% | top3=100.00%
  Valid | loss=0.2302 | top1=93.55% | top2=99.02% | top3=99.80% | acc=93.55% | bal_acc=96.61% | macro_f1=0.9558 | qwk=0.9324 | mae=0.0684 | weighted_f1=0.9358 | precision_macro=0.9493 | recall_macro=0.9661
 No improvement. Bad epochs: 1/15

Epoch 17/60 | Time 0m 16s
  Train | loss=0.0457 | top1=98.65% | top2=99.91% | top3=100.00%
  Valid | loss=0.0491 | top1=98.05% | top2=100.00% | top3=100.00% | acc=98.05% | bal_acc=98.61% | macro_f1=0.9846 | qwk=0.9775 | mae=0.0215 | weighted_f1=0.9805 | precision_macro=0.9833 | recall_macro=0.9861
 Validation improved. Saved best model (macro_f1=0.9846)

Epoch 18/60 | Time 0m 16s
  Train | loss=0.0362 | top1=98.76% | top2=99.91% | top3=100.00%
  Valid | loss=0.0452 | top1=98.83% | top2=100.00% | top3=100.00% | acc=98.83% | bal_acc=99.33% | macro_f1=0.9929 | qwk=0.9896 | mae=0.0117 | weighted_f1=0.9883 | precision_macro=0.9925 | recall_macro=0.9933
 Validation improved. Saved best model (macro_f1=0.9929)

Epoch 19/60 | Time 0m 16s
  Train | loss=0.0330 | top1=98.98% | top2=99.89% | top3=100.00%
  Valid | loss=0.0544 | top1=98.05% | top2=100.00% | top3=100.00% | acc=98.05% | bal_acc=98.69% | macro_f1=0.9846 | qwk=0.9777 | mae=0.0215 | weighted_f1=0.9804 | precision_macro=0.9828 | recall_macro=0.9869
 No improvement. Bad epochs: 1/15

Epoch 20/60 | Time 0m 16s
  Train | loss=0.0332 | top1=98.85% | top2=99.91% | top3=100.00%
  Valid | loss=0.0618 | top1=97.85% | top2=99.80% | top3=100.00% | acc=97.85% | bal_acc=98.76% | macro_f1=0.9870 | qwk=0.9809 | mae=0.0215 | weighted_f1=0.9785 | precision_macro=0.9864 | recall_macro=0.9876
 No improvement. Bad epochs: 2/15

Epoch 21/60 | Time 0m 16s
  Train | loss=0.0301 | top1=99.11% | top2=99.93% | top3=100.00%
  Valid | loss=0.0811 | top1=97.85% | top2=99.80% | top3=100.00% | acc=97.85% | bal_acc=98.76% | macro_f1=0.9835 | qwk=0.9759 | mae=0.0234 | weighted_f1=0.9785 | precision_macro=0.9797 | recall_macro=0.9876
 No improvement. Bad epochs: 3/15

Epoch 22/60 | Time 0m 16s
  Train | loss=0.0290 | top1=99.31% | top2=99.98% | top3=100.00%
  Valid | loss=0.0807 | top1=97.85% | top2=99.80% | top3=100.00% | acc=97.85% | bal_acc=98.88% | macro_f1=0.9860 | qwk=0.9757 | mae=0.0234 | weighted_f1=0.9785 | precision_macro=0.9835 | recall_macro=0.9888
 No improvement. Bad epochs: 4/15

Epoch 23/60 | Time 0m 16s
  Train | loss=0.0261 | top1=99.11% | top2=99.98% | top3=100.00%
  Valid | loss=0.0650 | top1=99.02% | top2=100.00% | top3=100.00% | acc=99.02% | bal_acc=99.43% | macro_f1=0.9918 | qwk=0.9862 | mae=0.0117 | weighted_f1=0.9902 | precision_macro=0.9895 | recall_macro=0.9943
 No improvement. Bad epochs: 5/15

Epoch 24/60 | Time 0m 16s
  Train | loss=0.0224 | top1=99.24% | top2=99.98% | top3=100.00%
  Valid | loss=0.0561 | top1=98.83% | top2=100.00% | top3=100.00% | acc=98.83% | bal_acc=99.29% | macro_f1=0.9918 | qwk=0.9845 | mae=0.0137 | weighted_f1=0.9883 | precision_macro=0.9908 | recall_macro=0.9929
 No improvement. Bad epochs: 6/15

Epoch 25/60 | Time 0m 16s
  Train | loss=0.0284 | top1=98.96% | top2=99.98% | top3=100.00%
  Valid | loss=0.0872 | top1=97.27% | top2=99.80% | top3=100.00% | acc=97.27% | bal_acc=97.80% | macro_f1=0.9785 | qwk=0.9755 | mae=0.0273 | weighted_f1=0.9728 | precision_macro=0.9795 | recall_macro=0.9780
 No improvement. Bad epochs: 7/15

Epoch 26/60 | Time 0m 16s
  Train | loss=0.0286 | top1=98.96% | top2=99.91% | top3=100.00%
  Valid | loss=0.0609 | top1=98.05% | top2=100.00% | top3=100.00% | acc=98.05% | bal_acc=98.90% | macro_f1=0.9859 | qwk=0.9776 | mae=0.0215 | weighted_f1=0.9805 | precision_macro=0.9830 | recall_macro=0.9890
 No improvement. Bad epochs: 8/15

Epoch 27/60 | Time 0m 16s
  Train | loss=0.0169 | top1=99.39% | top2=99.98% | top3=100.00%
  Valid | loss=0.0548 | top1=98.44% | top2=100.00% | top3=100.00% | acc=98.44% | bal_acc=98.97% | macro_f1=0.9882 | qwk=0.9811 | mae=0.0176 | weighted_f1=0.9843 | precision_macro=0.9870 | recall_macro=0.9897
 No improvement. Bad epochs: 9/15

Epoch 28/60 | Time 0m 16s
  Train | loss=0.0169 | top1=99.39% | top2=99.98% | top3=100.00%
  Valid | loss=0.0780 | top1=98.05% | top2=100.00% | top3=100.00% | acc=98.05% | bal_acc=98.69% | macro_f1=0.9870 | qwk=0.9776 | mae=0.0215 | weighted_f1=0.9804 | precision_macro=0.9875 | recall_macro=0.9869
 No improvement. Bad epochs: 10/15

Epoch 29/60 | Time 0m 16s
  Train | loss=0.0155 | top1=99.57% | top2=100.00% | top3=100.00%
  Valid | loss=0.0686 | top1=98.83% | top2=100.00% | top3=100.00% | acc=98.83% | bal_acc=99.25% | macro_f1=0.9894 | qwk=0.9846 | mae=0.0137 | weighted_f1=0.9883 | precision_macro=0.9866 | recall_macro=0.9925
 No improvement. Bad epochs: 11/15

Epoch 30/60 | Time 0m 16s
  Train | loss=0.0137 | top1=99.63% | top2=99.98% | top3=100.00%
  Valid | loss=0.0406 | top1=99.22% | top2=100.00% | top3=100.00% | acc=99.22% | bal_acc=99.53% | macro_f1=0.9942 | qwk=0.9879 | mae=0.0098 | weighted_f1=0.9922 | precision_macro=0.9932 | recall_macro=0.9953
 Validation improved. Saved best model (macro_f1=0.9942)

Epoch 31/60 | Time 0m 16s
  Train | loss=0.0160 | top1=99.57% | top2=99.93% | top3=100.00%
  Valid | loss=0.0719 | top1=98.63% | top2=99.80% | top3=100.00% | acc=98.63% | bal_acc=99.06% | macro_f1=0.9904 | qwk=0.9879 | mae=0.0137 | weighted_f1=0.9863 | precision_macro=0.9903 | recall_macro=0.9906
 No improvement. Bad epochs: 1/15

Epoch 32/60 | Time 0m 16s
  Train | loss=0.0097 | top1=99.76% | top2=100.00% | top3=100.00%
  Valid | loss=0.0359 | top1=99.41% | top2=100.00% | top3=100.00% | acc=99.41% | bal_acc=99.62% | macro_f1=0.9964 | qwk=0.9948 | mae=0.0059 | weighted_f1=0.9941 | precision_macro=0.9966 | recall_macro=0.9962
 Validation improved. Saved best model (macro_f1=0.9964)

Epoch 33/60 | Time 0m 16s
  Train | loss=0.0083 | top1=99.78% | top2=99.98% | top3=100.00%
  Valid | loss=0.0383 | top1=99.41% | top2=100.00% | top3=100.00% | acc=99.41% | bal_acc=99.62% | macro_f1=0.9964 | qwk=0.9948 | mae=0.0059 | weighted_f1=0.9941 | precision_macro=0.9966 | recall_macro=0.9962
 No improvement. Bad epochs: 1/15

Epoch 34/60 | Time 0m 16s
  Train | loss=0.0098 | top1=99.74% | top2=100.00% | top3=100.00%
  Valid | loss=0.0879 | top1=98.05% | top2=99.80% | top3=100.00% | acc=98.05% | bal_acc=98.65% | macro_f1=0.9868 | qwk=0.9828 | mae=0.0195 | weighted_f1=0.9804 | precision_macro=0.9875 | recall_macro=0.9865
 No improvement. Bad epochs: 2/15

Epoch 35/60 | Time 0m 16s
  Train | loss=0.0089 | top1=99.70% | top2=99.98% | top3=100.00%
  Valid | loss=0.0462 | top1=98.83% | top2=100.00% | top3=100.00% | acc=98.83% | bal_acc=99.29% | macro_f1=0.9916 | qwk=0.9896 | mae=0.0117 | weighted_f1=0.9883 | precision_macro=0.9904 | recall_macro=0.9929
 No improvement. Bad epochs: 3/15

Epoch 36/60 | Time 0m 16s
  Train | loss=0.0107 | top1=99.65% | top2=100.00% | top3=100.00%
  Valid | loss=0.0482 | top1=99.22% | top2=100.00% | top3=100.00% | acc=99.22% | bal_acc=99.07% | macro_f1=0.9709 | qwk=0.9879 | mae=0.0098 | weighted_f1=0.9923 | precision_macro=0.9550 | recall_macro=0.9907
 No improvement. Bad epochs: 4/15

Epoch 37/60 | Time 0m 16s
  Train | loss=0.0105 | top1=99.78% | top2=100.00% | top3=100.00%
  Valid | loss=0.0362 | top1=99.02% | top2=100.00% | top3=100.00% | acc=99.02% | bal_acc=99.14% | macro_f1=0.9918 | qwk=0.9862 | mae=0.0117 | weighted_f1=0.9902 | precision_macro=0.9922 | recall_macro=0.9914
 No improvement. Bad epochs: 5/15

Epoch 38/60 | Time 0m 16s
  Train | loss=0.0110 | top1=99.72% | top2=100.00% | top3=100.00%
  Valid | loss=0.0452 | top1=99.02% | top2=100.00% | top3=100.00% | acc=99.02% | bal_acc=99.34% | macro_f1=0.9904 | qwk=0.9914 | mae=0.0098 | weighted_f1=0.9903 | precision_macro=0.9876 | recall_macro=0.9934
 No improvement. Bad epochs: 6/15

Epoch 39/60 | Time 0m 16s
  Train | loss=0.0083 | top1=99.80% | top2=100.00% | top3=100.00%
  Valid | loss=0.0584 | top1=98.44% | top2=99.80% | top3=100.00% | acc=98.44% | bal_acc=98.92% | macro_f1=0.9868 | qwk=0.9863 | mae=0.0156 | weighted_f1=0.9843 | precision_macro=0.9847 | recall_macro=0.9892
 No improvement. Bad epochs: 7/15

Epoch 40/60 | Time 0m 16s
  Train | loss=0.0056 | top1=99.87% | top2=100.00% | top3=100.00%
  Valid | loss=0.0369 | top1=99.22% | top2=100.00% | top3=100.00% | acc=99.22% | bal_acc=99.48% | macro_f1=0.9940 | qwk=0.9931 | mae=0.0078 | weighted_f1=0.9922 | precision_macro=0.9932 | recall_macro=0.9948
 No improvement. Bad epochs: 8/15

Epoch 41/60 | Time 0m 16s
  Train | loss=0.0055 | top1=99.91% | top2=99.98% | top3=100.00%
  Valid | loss=0.0368 | top1=99.02% | top2=100.00% | top3=100.00% | acc=99.02% | bal_acc=99.39% | macro_f1=0.9918 | qwk=0.9862 | mae=0.0117 | weighted_f1=0.9902 | precision_macro=0.9899 | recall_macro=0.9939
 No improvement. Bad epochs: 9/15

Epoch 42/60 | Time 0m 16s
  Train | loss=0.0067 | top1=99.83% | top2=100.00% | top3=100.00%
  Valid | loss=0.0522 | top1=98.44% | top2=100.00% | top3=100.00% | acc=98.44% | bal_acc=98.92% | macro_f1=0.9892 | qwk=0.9862 | mae=0.0156 | weighted_f1=0.9843 | precision_macro=0.9894 | recall_macro=0.9892
 No improvement. Bad epochs: 10/15

Epoch 43/60 | Time 0m 16s
  Train | loss=0.0088 | top1=99.74% | top2=99.93% | top3=100.00%
  Valid | loss=0.0402 | top1=99.22% | top2=100.00% | top3=100.00% | acc=99.22% | bal_acc=99.48% | macro_f1=0.9928 | qwk=0.9931 | mae=0.0078 | weighted_f1=0.9922 | precision_macro=0.9909 | recall_macro=0.9948
 No improvement. Bad epochs: 11/15

Epoch 44/60 | Time 0m 16s
  Train | loss=0.0050 | top1=99.93% | top2=100.00% | top3=100.00%
  Valid | loss=0.0375 | top1=99.22% | top2=100.00% | top3=100.00% | acc=99.22% | bal_acc=99.48% | macro_f1=0.9940 | qwk=0.9931 | mae=0.0078 | weighted_f1=0.9922 | precision_macro=0.9932 | recall_macro=0.9948
 No improvement. Bad epochs: 12/15

Epoch 45/60 | Time 0m 16s
  Train | loss=0.0062 | top1=99.76% | top2=99.93% | top3=100.00%
  Valid | loss=0.0365 | top1=99.02% | top2=100.00% | top3=100.00% | acc=99.02% | bal_acc=99.34% | macro_f1=0.9941 | qwk=0.9914 | mae=0.0098 | weighted_f1=0.9902 | precision_macro=0.9947 | recall_macro=0.9934
 No improvement. Bad epochs: 13/15

Epoch 46/60 | Time 0m 16s
  Train | loss=0.0053 | top1=99.80% | top2=100.00% | top3=100.00%
  Valid | loss=0.0364 | top1=99.22% | top2=100.00% | top3=100.00% | acc=99.22% | bal_acc=99.48% | macro_f1=0.9952 | qwk=0.9931 | mae=0.0078 | weighted_f1=0.9922 | precision_macro=0.9957 | recall_macro=0.9948
 No improvement. Bad epochs: 14/15

Epoch 47/60 | Time 0m 16s
  Train | loss=0.0050 | top1=99.89% | top2=100.00% | top3=100.00%
  Valid | loss=0.0335 | top1=99.41% | top2=100.00% | top3=100.00% | acc=99.41% | bal_acc=99.62% | macro_f1=0.9964 | qwk=0.9948 | mae=0.0059 | weighted_f1=0.9941 | precision_macro=0.9966 | recall_macro=0.9962
 No improvement. Bad epochs: 15/15
 Early stopping triggered at epoch 47.

Loading best model (epoch=32, macro_f1=0.9964)

Test | loss=0.0447 | top1=98.91% | top2=100.00% | top3=100.00% | acc=98.91% | bal_acc=98.88% | macro_f1=0.9910 | qwk=0.9862 | mae=0.0125 | weighted_f1=0.9890 | precision_macro=0.9932 | recall_macro=0.9888
     ovr_roc_auc_macro=0.9997 | ovr_pr_auc_macro=0.9995
Checkpoint: /root/autodl-tmp/MedVisionLab/Alzheimer_MRI_Loss/checkpoints/best_convnext_t_eca_ce_convnext_t_all_5seed_adni_eca_ce_seed9.pt
