COMMAND: /root/miniconda3/envs/medvision/bin/python -u /root/autodl-tmp/MedVisionLab/tools/train_convnext_t_experiment.py --dataset adni --data-root /root/autodl-tmp/Augmented_Alzheimer_MRI/OriginalDataset --attention msca --loss ce --seed 1 --epochs 60 --patience 15 --batch-size 32 --image-size 224 --num-workers 2 --early-delta 0.0001 --base-lr 0.0001 --koa-backbone-lr 0.0001 --koa-head-lr 0.001 --weight-decay 0.0001 --dast-tau 1.0 --dast-gamma 1.5 --sord-tau 1.0 --label-smoothing 0.1 --run-tag convnext_t_all_5seed_adni_msca_ce_seed1
==========================================================================================
Starting ConvNeXt-T experiment on ADNI...
Using device: cuda
CUDA device: NVIDIA GeForce RTX 4090
Config | seed=1, attention=msca, loss=ce, epochs=60, patience=15, batch_size=32, image_size=224, pretrained=True
Backbone: ConvNeXt-T | stage3=features[5] | stage3_channels=384
Data root: /root/autodl-tmp/Augmented_Alzheimer_MRI/OriginalDataset
Class order: ['NonDemented', 'VeryMildDemented', 'MildDemented', 'ModerateDemented']
Split sizes | train=4608, valid=512, test=1280
Train class counts: [2304, 1613, 645, 46]
Optimizer: matched progressive Adam | stem=1e-05, stage1=1.25e-05, downsample1=1.6666667e-05, stage2=1.6666667e-05, downsample2=2.5e-05, stage3=2.5e-05, attention=3.3333333e-05, downsample3=5e-05, stage4=5e-05, norm=0.0001, head=0.0001
Trainable parameters: 28,308,964

Epoch 01/60 | Time 0m 17s
  Train | loss=1.1912 | top1=41.93% | top2=74.52% | top3=92.04%
  Valid | loss=1.0164 | top1=50.39% | top2=84.96% | top3=99.02% | acc=50.39% | bal_acc=25.41% | macro_f1=0.1806 | qwk=0.0253 | mae=0.6465 | weighted_f1=0.3533 | precision_macro=0.2229 | recall_macro=0.2541
 Validation improved. Saved best model (macro_f1=0.1806)

Epoch 02/60 | Time 0m 16s
  Train | loss=0.9679 | top1=53.69% | top2=85.11% | top3=99.00%
  Valid | loss=0.8882 | top1=57.03% | top2=87.11% | top3=99.02% | acc=57.03% | bal_acc=32.51% | macro_f1=0.2987 | qwk=0.3740 | mae=0.4668 | weighted_f1=0.5253 | precision_macro=0.2764 | recall_macro=0.3251
 Validation improved. Saved best model (macro_f1=0.2987)

Epoch 03/60 | Time 0m 16s
  Train | loss=0.8555 | top1=59.48% | top2=87.98% | top3=99.00%
  Valid | loss=0.7929 | top1=66.41% | top2=87.89% | top3=99.02% | acc=66.41% | bal_acc=45.70% | macro_f1=0.4625 | qwk=0.5290 | mae=0.3711 | weighted_f1=0.6599 | precision_macro=0.5076 | recall_macro=0.4570
 Validation improved. Saved best model (macro_f1=0.4625)

Epoch 04/60 | Time 0m 16s
  Train | loss=0.7503 | top1=65.97% | top2=90.34% | top3=99.00%
  Valid | loss=0.6957 | top1=70.31% | top2=91.02% | top3=99.02% | acc=70.31% | bal_acc=48.98% | macro_f1=0.4982 | qwk=0.5852 | mae=0.3301 | weighted_f1=0.6991 | precision_macro=0.5383 | recall_macro=0.4898
 Validation improved. Saved best model (macro_f1=0.4982)

Epoch 05/60 | Time 0m 16s
  Train | loss=0.6540 | top1=71.29% | top2=92.73% | top3=99.22%
  Valid | loss=0.5768 | top1=75.00% | top2=93.36% | top3=99.61% | acc=75.00% | bal_acc=54.95% | macro_f1=0.5425 | qwk=0.6511 | mae=0.2852 | weighted_f1=0.7489 | precision_macro=0.5537 | recall_macro=0.5495
 Validation improved. Saved best model (macro_f1=0.5425)

Epoch 06/60 | Time 0m 16s
  Train | loss=0.5087 | top1=79.30% | top2=96.33% | top3=99.63%
  Valid | loss=0.4067 | top1=84.18% | top2=97.27% | top3=100.00% | acc=84.18% | bal_acc=88.09% | macro_f1=0.8664 | qwk=0.7963 | mae=0.1836 | weighted_f1=0.8445 | precision_macro=0.8577 | recall_macro=0.8809
 Validation improved. Saved best model (macro_f1=0.8664)

Epoch 07/60 | Time 0m 16s
  Train | loss=0.3635 | top1=85.68% | top2=97.89% | top3=99.87%
  Valid | loss=0.2701 | top1=88.87% | top2=99.41% | top3=100.00% | acc=88.87% | bal_acc=88.39% | macro_f1=0.8984 | qwk=0.8477 | mae=0.1289 | weighted_f1=0.8872 | precision_macro=0.9206 | recall_macro=0.8839
 Validation improved. Saved best model (macro_f1=0.8984)

Epoch 08/60 | Time 0m 16s
  Train | loss=0.2175 | top1=92.45% | top2=99.05% | top3=99.93%
  Valid | loss=0.2006 | top1=92.38% | top2=99.80% | top3=100.00% | acc=92.38% | bal_acc=94.81% | macro_f1=0.9336 | qwk=0.9052 | mae=0.0879 | weighted_f1=0.9244 | precision_macro=0.9235 | recall_macro=0.9481
 Validation improved. Saved best model (macro_f1=0.9336)

Epoch 09/60 | Time 0m 16s
  Train | loss=0.1515 | top1=95.05% | top2=99.52% | top3=100.00%
  Valid | loss=0.1083 | top1=96.29% | top2=99.80% | top3=100.00% | acc=96.29% | bal_acc=96.60% | macro_f1=0.9704 | qwk=0.9510 | mae=0.0430 | weighted_f1=0.9629 | precision_macro=0.9752 | recall_macro=0.9660
 Validation improved. Saved best model (macro_f1=0.9704)

Epoch 10/60 | Time 0m 16s
  Train | loss=0.1255 | top1=96.09% | top2=99.67% | top3=99.98%
  Valid | loss=0.1898 | top1=92.38% | top2=99.41% | top3=100.00% | acc=92.38% | bal_acc=95.94% | macro_f1=0.9270 | qwk=0.9115 | mae=0.0840 | weighted_f1=0.9239 | precision_macro=0.9051 | recall_macro=0.9594
 No improvement. Bad epochs: 1/15

Epoch 11/60 | Time 0m 16s
  Train | loss=0.0946 | top1=96.81% | top2=99.80% | top3=99.98%
  Valid | loss=0.0716 | top1=97.07% | top2=100.00% | top3=100.00% | acc=97.07% | bal_acc=97.32% | macro_f1=0.9777 | qwk=0.9585 | mae=0.0352 | weighted_f1=0.9706 | precision_macro=0.9828 | recall_macro=0.9732
 Validation improved. Saved best model (macro_f1=0.9777)

Epoch 12/60 | Time 0m 16s
  Train | loss=0.0706 | top1=97.96% | top2=99.89% | top3=99.98%
  Valid | loss=0.0381 | top1=98.83% | top2=100.00% | top3=100.00% | acc=98.83% | bal_acc=99.29% | macro_f1=0.9929 | qwk=0.9896 | mae=0.0117 | weighted_f1=0.9883 | precision_macro=0.9929 | recall_macro=0.9929
 Validation improved. Saved best model (macro_f1=0.9929)

Epoch 13/60 | Time 0m 16s
  Train | loss=0.0660 | top1=98.00% | top2=99.80% | top3=100.00%
  Valid | loss=0.0324 | top1=98.63% | top2=100.00% | top3=100.00% | acc=98.63% | bal_acc=98.90% | macro_f1=0.9906 | qwk=0.9827 | mae=0.0156 | weighted_f1=0.9863 | precision_macro=0.9923 | recall_macro=0.9890
 No improvement. Bad epochs: 1/15

Epoch 14/60 | Time 0m 16s
  Train | loss=0.0466 | top1=98.55% | top2=99.89% | top3=100.00%
  Valid | loss=0.0621 | top1=97.46% | top2=100.00% | top3=100.00% | acc=97.46% | bal_acc=97.77% | macro_f1=0.9824 | qwk=0.9672 | mae=0.0293 | weighted_f1=0.9746 | precision_macro=0.9879 | recall_macro=0.9777
 No improvement. Bad epochs: 2/15

Epoch 15/60 | Time 0m 16s
  Train | loss=0.0498 | top1=98.20% | top2=99.83% | top3=100.00%
  Valid | loss=0.0571 | top1=97.66% | top2=100.00% | top3=100.00% | acc=97.66% | bal_acc=97.54% | macro_f1=0.9812 | qwk=0.9634 | mae=0.0293 | weighted_f1=0.9765 | precision_macro=0.9877 | recall_macro=0.9754
 No improvement. Bad epochs: 3/15

Epoch 16/60 | Time 0m 16s
  Train | loss=0.0467 | top1=98.39% | top2=99.96% | top3=100.00%
  Valid | loss=0.0524 | top1=97.85% | top2=100.00% | top3=100.00% | acc=97.85% | bal_acc=98.63% | macro_f1=0.9858 | qwk=0.9808 | mae=0.0215 | weighted_f1=0.9786 | precision_macro=0.9857 | recall_macro=0.9863
 No improvement. Bad epochs: 4/15

Epoch 17/60 | Time 0m 16s
  Train | loss=0.0445 | top1=98.52% | top2=100.00% | top3=100.00%
  Valid | loss=0.0180 | top1=99.41% | top2=100.00% | top3=100.00% | acc=99.41% | bal_acc=99.42% | macro_f1=0.9952 | qwk=0.9948 | mae=0.0059 | weighted_f1=0.9941 | precision_macro=0.9962 | recall_macro=0.9942
 Validation improved. Saved best model (macro_f1=0.9952)

Epoch 18/60 | Time 0m 16s
  Train | loss=0.0300 | top1=99.00% | top2=99.93% | top3=100.00%
  Valid | loss=0.0413 | top1=98.63% | top2=99.80% | top3=100.00% | acc=98.63% | bal_acc=98.69% | macro_f1=0.9489 | qwk=0.9880 | mae=0.0137 | weighted_f1=0.9866 | precision_macro=0.9228 | recall_macro=0.9869
 No improvement. Bad epochs: 1/15

Epoch 19/60 | Time 0m 16s
  Train | loss=0.0314 | top1=98.96% | top2=99.93% | top3=100.00%
  Valid | loss=0.0213 | top1=99.22% | top2=100.00% | top3=100.00% | acc=99.22% | bal_acc=99.28% | macro_f1=0.9720 | qwk=0.9931 | mae=0.0078 | weighted_f1=0.9923 | precision_macro=0.9550 | recall_macro=0.9928
 No improvement. Bad epochs: 2/15

Epoch 20/60 | Time 0m 16s
  Train | loss=0.0213 | top1=99.35% | top2=99.98% | top3=100.00%
  Valid | loss=0.0365 | top1=98.83% | top2=100.00% | top3=100.00% | acc=98.83% | bal_acc=99.41% | macro_f1=0.9929 | qwk=0.9896 | mae=0.0117 | weighted_f1=0.9883 | precision_macro=0.9919 | recall_macro=0.9941
 No improvement. Bad epochs: 3/15

Epoch 21/60 | Time 0m 16s
  Train | loss=0.0269 | top1=99.24% | top2=99.98% | top3=100.00%
  Valid | loss=0.0203 | top1=98.83% | top2=100.00% | top3=100.00% | acc=98.83% | bal_acc=98.83% | macro_f1=0.9906 | qwk=0.9843 | mae=0.0137 | weighted_f1=0.9883 | precision_macro=0.9929 | recall_macro=0.9883
 No improvement. Bad epochs: 4/15

Epoch 22/60 | Time 0m 16s
  Train | loss=0.0182 | top1=99.46% | top2=99.91% | top3=99.98%
  Valid | loss=0.0399 | top1=98.44% | top2=99.80% | top3=100.00% | acc=98.44% | bal_acc=98.26% | macro_f1=0.9871 | qwk=0.9756 | mae=0.0195 | weighted_f1=0.9843 | precision_macro=0.9919 | recall_macro=0.9826
 No improvement. Bad epochs: 5/15

Epoch 23/60 | Time 0m 16s
  Train | loss=0.0325 | top1=98.76% | top2=99.89% | top3=100.00%
  Valid | loss=0.0259 | top1=99.22% | top2=100.00% | top3=100.00% | acc=99.22% | bal_acc=99.57% | macro_f1=0.9953 | qwk=0.9931 | mae=0.0078 | weighted_f1=0.9922 | precision_macro=0.9949 | recall_macro=0.9957
 No improvement. Bad epochs: 6/15

Epoch 24/60 | Time 0m 16s
  Train | loss=0.0265 | top1=99.18% | top2=99.96% | top3=100.00%
  Valid | loss=0.0327 | top1=99.02% | top2=100.00% | top3=100.00% | acc=99.02% | bal_acc=99.34% | macro_f1=0.9941 | qwk=0.9914 | mae=0.0098 | weighted_f1=0.9902 | precision_macro=0.9947 | recall_macro=0.9934
 No improvement. Bad epochs: 7/15

Epoch 25/60 | Time 0m 16s
  Train | loss=0.0152 | top1=99.59% | top2=99.98% | top3=100.00%
  Valid | loss=0.0272 | top1=98.83% | top2=100.00% | top3=100.00% | acc=98.83% | bal_acc=99.29% | macro_f1=0.9929 | qwk=0.9896 | mae=0.0117 | weighted_f1=0.9883 | precision_macro=0.9929 | recall_macro=0.9929
 No improvement. Bad epochs: 8/15

Epoch 26/60 | Time 0m 16s
  Train | loss=0.0155 | top1=99.48% | top2=99.93% | top3=99.98%
  Valid | loss=0.0263 | top1=99.02% | top2=100.00% | top3=100.00% | acc=99.02% | bal_acc=99.09% | macro_f1=0.9928 | qwk=0.9913 | mae=0.0098 | weighted_f1=0.9902 | precision_macro=0.9947 | recall_macro=0.9909
 No improvement. Bad epochs: 9/15

Epoch 27/60 | Time 0m 16s
  Train | loss=0.0163 | top1=99.52% | top2=99.98% | top3=100.00%
  Valid | loss=0.0474 | top1=98.24% | top2=100.00% | top3=100.00% | acc=98.24% | bal_acc=98.33% | macro_f1=0.9870 | qwk=0.9792 | mae=0.0195 | weighted_f1=0.9824 | precision_macro=0.9910 | recall_macro=0.9833
 No improvement. Bad epochs: 10/15

Epoch 28/60 | Time 0m 16s
  Train | loss=0.0161 | top1=99.46% | top2=100.00% | top3=100.00%
  Valid | loss=0.0306 | top1=98.44% | top2=100.00% | top3=100.00% | acc=98.44% | bal_acc=98.89% | macro_f1=0.9672 | qwk=0.9862 | mae=0.0156 | weighted_f1=0.9845 | precision_macro=0.9495 | recall_macro=0.9889
 No improvement. Bad epochs: 11/15

Epoch 29/60 | Time 0m 16s
  Train | loss=0.0179 | top1=99.33% | top2=99.93% | top3=100.00%
  Valid | loss=0.0264 | top1=99.22% | top2=100.00% | top3=100.00% | acc=99.22% | bal_acc=99.61% | macro_f1=0.9942 | qwk=0.9879 | mae=0.0098 | weighted_f1=0.9922 | precision_macro=0.9925 | recall_macro=0.9961
 No improvement. Bad epochs: 12/15

Epoch 30/60 | Time 0m 16s
  Train | loss=0.0102 | top1=99.76% | top2=100.00% | top3=100.00%
  Valid | loss=0.0736 | top1=97.85% | top2=100.00% | top3=100.00% | acc=97.85% | bal_acc=98.51% | macro_f1=0.9868 | qwk=0.9811 | mae=0.0215 | weighted_f1=0.9784 | precision_macro=0.9891 | recall_macro=0.9851
 No improvement. Bad epochs: 13/15

Epoch 31/60 | Time 0m 16s
  Train | loss=0.0117 | top1=99.70% | top2=100.00% | top3=100.00%
  Valid | loss=0.0289 | top1=99.41% | top2=100.00% | top3=100.00% | acc=99.41% | bal_acc=99.67% | macro_f1=0.9964 | qwk=0.9948 | mae=0.0059 | weighted_f1=0.9941 | precision_macro=0.9962 | recall_macro=0.9967
 Validation improved. Saved best model (macro_f1=0.9964)

Epoch 32/60 | Time 0m 16s
  Train | loss=0.0074 | top1=99.78% | top2=99.98% | top3=100.00%
  Valid | loss=0.0196 | top1=99.41% | top2=100.00% | top3=100.00% | acc=99.41% | bal_acc=99.62% | macro_f1=0.9964 | qwk=0.9948 | mae=0.0059 | weighted_f1=0.9941 | precision_macro=0.9966 | recall_macro=0.9962
 No improvement. Bad epochs: 1/15

Epoch 33/60 | Time 0m 16s
  Train | loss=0.0137 | top1=99.65% | top2=99.98% | top3=100.00%
  Valid | loss=0.0176 | top1=99.61% | top2=100.00% | top3=100.00% | acc=99.61% | bal_acc=99.76% | macro_f1=0.9976 | qwk=0.9965 | mae=0.0039 | weighted_f1=0.9961 | precision_macro=0.9976 | recall_macro=0.9976
 Validation improved. Saved best model (macro_f1=0.9976)

Epoch 34/60 | Time 0m 16s
  Train | loss=0.0073 | top1=99.87% | top2=100.00% | top3=100.00%
  Valid | loss=0.0310 | top1=99.02% | top2=100.00% | top3=100.00% | acc=99.02% | bal_acc=99.39% | macro_f1=0.9941 | qwk=0.9914 | mae=0.0098 | weighted_f1=0.9902 | precision_macro=0.9943 | recall_macro=0.9939
 No improvement. Bad epochs: 1/15

Epoch 35/60 | Time 0m 16s
  Train | loss=0.0060 | top1=99.85% | top2=100.00% | top3=100.00%
  Valid | loss=0.0242 | top1=99.22% | top2=100.00% | top3=100.00% | acc=99.22% | bal_acc=99.48% | macro_f1=0.9952 | qwk=0.9931 | mae=0.0078 | weighted_f1=0.9922 | precision_macro=0.9957 | recall_macro=0.9948
 No improvement. Bad epochs: 2/15

Epoch 36/60 | Time 0m 16s
  Train | loss=0.0059 | top1=99.87% | top2=100.00% | top3=100.00%
  Valid | loss=0.0149 | top1=99.41% | top2=100.00% | top3=100.00% | acc=99.41% | bal_acc=99.62% | macro_f1=0.9964 | qwk=0.9948 | mae=0.0059 | weighted_f1=0.9941 | precision_macro=0.9966 | recall_macro=0.9962
 No improvement. Bad epochs: 3/15

Epoch 37/60 | Time 0m 16s
  Train | loss=0.0084 | top1=99.78% | top2=100.00% | top3=100.00%
  Valid | loss=0.0157 | top1=99.41% | top2=100.00% | top3=100.00% | acc=99.41% | bal_acc=99.42% | macro_f1=0.9954 | qwk=0.9896 | mae=0.0078 | weighted_f1=0.9941 | precision_macro=0.9967 | recall_macro=0.9942
 No improvement. Bad epochs: 4/15

Epoch 38/60 | Time 0m 16s
  Train | loss=0.0048 | top1=99.91% | top2=100.00% | top3=100.00%
  Valid | loss=0.0338 | top1=98.44% | top2=100.00% | top3=100.00% | acc=98.44% | bal_acc=98.64% | macro_f1=0.9880 | qwk=0.9861 | mae=0.0156 | weighted_f1=0.9844 | precision_macro=0.9898 | recall_macro=0.9864
 No improvement. Bad epochs: 5/15

Epoch 39/60 | Time 0m 16s
  Train | loss=0.0048 | top1=99.89% | top2=99.98% | top3=100.00%
  Valid | loss=0.0190 | top1=99.61% | top2=100.00% | top3=100.00% | acc=99.61% | bal_acc=99.76% | macro_f1=0.9976 | qwk=0.9965 | mae=0.0039 | weighted_f1=0.9961 | precision_macro=0.9976 | recall_macro=0.9976
 No improvement. Bad epochs: 6/15

Epoch 40/60 | Time 0m 16s
  Train | loss=0.0078 | top1=99.78% | top2=100.00% | top3=100.00%
  Valid | loss=0.0179 | top1=99.41% | top2=100.00% | top3=100.00% | acc=99.41% | bal_acc=99.62% | macro_f1=0.9964 | qwk=0.9948 | mae=0.0059 | weighted_f1=0.9941 | precision_macro=0.9966 | recall_macro=0.9962
 No improvement. Bad epochs: 7/15

Epoch 41/60 | Time 0m 16s
  Train | loss=0.0080 | top1=99.76% | top2=100.00% | top3=100.00%
  Valid | loss=0.0137 | top1=99.80% | top2=100.00% | top3=100.00% | acc=99.80% | bal_acc=99.90% | macro_f1=0.9988 | qwk=0.9983 | mae=0.0020 | weighted_f1=0.9980 | precision_macro=0.9986 | recall_macro=0.9990
 Validation improved. Saved best model (macro_f1=0.9988)

Epoch 42/60 | Time 0m 16s
  Train | loss=0.0056 | top1=99.85% | top2=100.00% | top3=100.00%
  Valid | loss=0.0140 | top1=99.41% | top2=100.00% | top3=100.00% | acc=99.41% | bal_acc=99.62% | macro_f1=0.9964 | qwk=0.9948 | mae=0.0059 | weighted_f1=0.9941 | precision_macro=0.9966 | recall_macro=0.9962
 No improvement. Bad epochs: 1/15

Epoch 43/60 | Time 0m 16s
  Train | loss=0.0077 | top1=99.78% | top2=100.00% | top3=100.00%
  Valid | loss=0.0118 | top1=99.80% | top2=100.00% | top3=100.00% | acc=99.80% | bal_acc=99.90% | macro_f1=0.9988 | qwk=0.9983 | mae=0.0020 | weighted_f1=0.9980 | precision_macro=0.9986 | recall_macro=0.9990
 No improvement. Bad epochs: 2/15

Epoch 44/60 | Time 0m 16s
  Train | loss=0.0052 | top1=99.85% | top2=99.96% | top3=100.00%
  Valid | loss=0.0135 | top1=99.80% | top2=100.00% | top3=100.00% | acc=99.80% | bal_acc=99.90% | macro_f1=0.9988 | qwk=0.9983 | mae=0.0020 | weighted_f1=0.9980 | precision_macro=0.9986 | recall_macro=0.9990
 No improvement. Bad epochs: 3/15

Epoch 45/60 | Time 0m 16s
  Train | loss=0.0068 | top1=99.83% | top2=99.96% | top3=100.00%
  Valid | loss=0.0159 | top1=99.41% | top2=100.00% | top3=100.00% | acc=99.41% | bal_acc=99.62% | macro_f1=0.9964 | qwk=0.9948 | mae=0.0059 | weighted_f1=0.9941 | precision_macro=0.9966 | recall_macro=0.9962
 No improvement. Bad epochs: 4/15

Epoch 46/60 | Time 0m 16s
  Train | loss=0.0050 | top1=99.85% | top2=100.00% | top3=100.00%
  Valid | loss=0.0212 | top1=99.41% | top2=100.00% | top3=100.00% | acc=99.41% | bal_acc=99.62% | macro_f1=0.9964 | qwk=0.9948 | mae=0.0059 | weighted_f1=0.9941 | precision_macro=0.9966 | recall_macro=0.9962
 No improvement. Bad epochs: 5/15

Epoch 47/60 | Time 0m 16s
  Train | loss=0.0078 | top1=99.74% | top2=100.00% | top3=100.00%
  Valid | loss=0.0174 | top1=99.61% | top2=100.00% | top3=100.00% | acc=99.61% | bal_acc=99.76% | macro_f1=0.9976 | qwk=0.9965 | mae=0.0039 | weighted_f1=0.9961 | precision_macro=0.9976 | recall_macro=0.9976
 No improvement. Bad epochs: 6/15

Epoch 48/60 | Time 0m 16s
  Train | loss=0.0037 | top1=99.96% | top2=100.00% | top3=100.00%
  Valid | loss=0.0137 | top1=99.80% | top2=100.00% | top3=100.00% | acc=99.80% | bal_acc=99.90% | macro_f1=0.9988 | qwk=0.9983 | mae=0.0020 | weighted_f1=0.9980 | precision_macro=0.9986 | recall_macro=0.9990
 No improvement. Bad epochs: 7/15

Epoch 49/60 | Time 0m 16s
  Train | loss=0.0044 | top1=99.89% | top2=99.98% | top3=100.00%
  Valid | loss=0.0135 | top1=99.41% | top2=100.00% | top3=100.00% | acc=99.41% | bal_acc=99.62% | macro_f1=0.9964 | qwk=0.9948 | mae=0.0059 | weighted_f1=0.9941 | precision_macro=0.9966 | recall_macro=0.9962
 No improvement. Bad epochs: 8/15

Epoch 50/60 | Time 0m 16s
  Train | loss=0.0027 | top1=99.96% | top2=100.00% | top3=100.00%
  Valid | loss=0.0125 | top1=99.61% | top2=100.00% | top3=100.00% | acc=99.61% | bal_acc=99.76% | macro_f1=0.9976 | qwk=0.9965 | mae=0.0039 | weighted_f1=0.9961 | precision_macro=0.9976 | recall_macro=0.9976
 No improvement. Bad epochs: 9/15

Epoch 51/60 | Time 0m 16s
  Train | loss=0.0046 | top1=99.85% | top2=99.98% | top3=100.00%
  Valid | loss=0.0133 | top1=99.61% | top2=100.00% | top3=100.00% | acc=99.61% | bal_acc=99.76% | macro_f1=0.9976 | qwk=0.9965 | mae=0.0039 | weighted_f1=0.9961 | precision_macro=0.9976 | recall_macro=0.9976
 No improvement. Bad epochs: 10/15

Epoch 52/60 | Time 0m 16s
  Train | loss=0.0031 | top1=99.91% | top2=100.00% | top3=100.00%
  Valid | loss=0.0136 | top1=99.41% | top2=100.00% | top3=100.00% | acc=99.41% | bal_acc=99.62% | macro_f1=0.9964 | qwk=0.9948 | mae=0.0059 | weighted_f1=0.9941 | precision_macro=0.9966 | recall_macro=0.9962
 No improvement. Bad epochs: 11/15

Epoch 53/60 | Time 0m 16s
  Train | loss=0.0044 | top1=99.91% | top2=100.00% | top3=100.00%
  Valid | loss=0.0139 | top1=99.41% | top2=100.00% | top3=100.00% | acc=99.41% | bal_acc=99.62% | macro_f1=0.9964 | qwk=0.9948 | mae=0.0059 | weighted_f1=0.9941 | precision_macro=0.9966 | recall_macro=0.9962
 No improvement. Bad epochs: 12/15

Epoch 54/60 | Time 0m 16s
  Train | loss=0.0040 | top1=99.87% | top2=100.00% | top3=100.00%
  Valid | loss=0.0135 | top1=99.41% | top2=100.00% | top3=100.00% | acc=99.41% | bal_acc=99.62% | macro_f1=0.9964 | qwk=0.9948 | mae=0.0059 | weighted_f1=0.9941 | precision_macro=0.9966 | recall_macro=0.9962
 No improvement. Bad epochs: 13/15

Epoch 55/60 | Time 0m 16s
  Train | loss=0.0034 | top1=99.93% | top2=100.00% | top3=100.00%
  Valid | loss=0.0135 | top1=99.41% | top2=100.00% | top3=100.00% | acc=99.41% | bal_acc=99.62% | macro_f1=0.9964 | qwk=0.9948 | mae=0.0059 | weighted_f1=0.9941 | precision_macro=0.9966 | recall_macro=0.9962
 No improvement. Bad epochs: 14/15

Epoch 56/60 | Time 0m 16s
  Train | loss=0.0033 | top1=99.89% | top2=100.00% | top3=100.00%
  Valid | loss=0.0141 | top1=99.41% | top2=100.00% | top3=100.00% | acc=99.41% | bal_acc=99.62% | macro_f1=0.9964 | qwk=0.9948 | mae=0.0059 | weighted_f1=0.9941 | precision_macro=0.9966 | recall_macro=0.9962
 No improvement. Bad epochs: 15/15
 Early stopping triggered at epoch 56.

Loading best model (epoch=41, macro_f1=0.9988)

Test | loss=0.0518 | top1=98.59% | top2=99.92% | top3=100.00% | acc=98.59% | bal_acc=98.63% | macro_f1=0.9884 | qwk=0.9875 | mae=0.0141 | weighted_f1=0.9860 | precision_macro=0.9908 | recall_macro=0.9863
     ovr_roc_auc_macro=0.9998 | ovr_pr_auc_macro=0.9994
Checkpoint: /root/autodl-tmp/MedVisionLab/Alzheimer_MRI_Loss/checkpoints/best_convnext_t_msca_ce_convnext_t_all_5seed_adni_msca_ce_seed1.pt
