COMMAND: /root/miniconda3/envs/medvision/bin/python -u /root/autodl-tmp/MedVisionLab/tools/train_convnext_t_experiment.py --dataset adni --data-root /root/autodl-tmp/Augmented_Alzheimer_MRI/OriginalDataset --attention none --loss dast --seed 9 --epochs 60 --patience 15 --batch-size 32 --image-size 224 --num-workers 2 --early-delta 0.0001 --base-lr 0.0001 --koa-backbone-lr 0.0001 --koa-head-lr 0.001 --weight-decay 0.0001 --dast-tau 1.0 --dast-gamma 1.5 --sord-tau 1.0 --label-smoothing 0.1 --run-tag convnext_t_all_5seed_adni_baseline_dast_seed9
==========================================================================================
Starting ConvNeXt-T experiment on ADNI...
Using device: cuda
CUDA device: NVIDIA GeForce RTX 4090
Config | seed=9, attention=none, loss=dast, epochs=60, patience=15, batch_size=32, image_size=224, pretrained=True
Backbone: ConvNeXt-T | stage3=features[5] | stage3_channels=384
Data root: /root/autodl-tmp/Augmented_Alzheimer_MRI/OriginalDataset
Class order: ['NonDemented', 'VeryMildDemented', 'MildDemented', 'ModerateDemented']
Split sizes | train=4608, valid=512, test=1280
Train class counts: [2304, 1613, 645, 46]
Optimizer: matched progressive Adam | stem=1e-05, stage1=1.25e-05, downsample1=1.6666667e-05, stage2=1.6666667e-05, downsample2=2.5e-05, stage3=2.5e-05, downsample3=5e-05, stage4=5e-05, norm=0.0001, head=0.0001
Trainable parameters: 27,823,204

Epoch 01/60 | Time 0m 16s
  Train | loss=0.7529 | top1=47.85% | top2=80.88% | top3=97.46%
  Valid | loss=0.7028 | top1=54.10% | top2=84.96% | top3=99.02% | acc=54.10% | bal_acc=29.66% | macro_f1=0.2688 | qwk=0.1426 | mae=0.5645 | weighted_f1=0.4774 | precision_macro=0.2594 | recall_macro=0.2966
 Validation improved. Saved best model (macro_f1=0.2688)

Epoch 02/60 | Time 0m 16s
  Train | loss=0.6852 | top1=54.30% | top2=85.61% | top3=99.00%
  Valid | loss=0.6583 | top1=57.81% | top2=86.91% | top3=99.02% | acc=57.81% | bal_acc=32.27% | macro_f1=0.2951 | qwk=0.3503 | mae=0.4727 | weighted_f1=0.5224 | precision_macro=0.2744 | recall_macro=0.3227
 Validation improved. Saved best model (macro_f1=0.2951)

Epoch 03/60 | Time 0m 16s
  Train | loss=0.6457 | top1=59.96% | top2=88.19% | top3=99.02%
  Valid | loss=0.6237 | top1=64.06% | top2=89.65% | top3=99.41% | acc=64.06% | bal_acc=42.73% | macro_f1=0.4378 | qwk=0.5578 | mae=0.3789 | weighted_f1=0.6355 | precision_macro=0.4833 | recall_macro=0.4273
 Validation improved. Saved best model (macro_f1=0.4378)

Epoch 04/60 | Time 0m 16s
  Train | loss=0.6193 | top1=65.41% | top2=90.82% | top3=99.35%
  Valid | loss=0.6027 | top1=69.14% | top2=93.16% | top3=99.61% | acc=69.14% | bal_acc=44.72% | macro_f1=0.4649 | qwk=0.5681 | mae=0.3457 | weighted_f1=0.6703 | precision_macro=0.5460 | recall_macro=0.4472
 Validation improved. Saved best model (macro_f1=0.4649)

Epoch 05/60 | Time 0m 16s
  Train | loss=0.5792 | top1=74.11% | top2=94.27% | top3=99.63%
  Valid | loss=0.5810 | top1=73.44% | top2=95.31% | top3=99.22% | acc=73.44% | bal_acc=58.10% | macro_f1=0.5347 | qwk=0.7061 | mae=0.3008 | weighted_f1=0.7305 | precision_macro=0.5259 | recall_macro=0.5810
 Validation improved. Saved best model (macro_f1=0.5347)

Epoch 06/60 | Time 0m 16s
  Train | loss=0.5352 | top1=81.92% | top2=96.64% | top3=99.78%
  Valid | loss=0.5524 | top1=82.23% | top2=97.07% | top3=98.83% | acc=82.23% | bal_acc=83.53% | macro_f1=0.8221 | qwk=0.7927 | mae=0.2051 | weighted_f1=0.8252 | precision_macro=0.8393 | recall_macro=0.8353
 Validation improved. Saved best model (macro_f1=0.8221)

Epoch 07/60 | Time 0m 16s
  Train | loss=0.5013 | top1=87.50% | top2=98.76% | top3=99.96%
  Valid | loss=0.4867 | top1=90.82% | top2=98.63% | top3=100.00% | acc=90.82% | bal_acc=87.38% | macro_f1=0.9012 | qwk=0.8866 | mae=0.1035 | weighted_f1=0.9076 | precision_macro=0.9357 | recall_macro=0.8738
 Validation improved. Saved best model (macro_f1=0.9012)

Epoch 08/60 | Time 0m 16s
  Train | loss=0.4750 | top1=92.71% | top2=99.41% | top3=100.00%
  Valid | loss=0.4805 | top1=91.02% | top2=99.02% | top3=100.00% | acc=91.02% | bal_acc=87.68% | macro_f1=0.9026 | qwk=0.8801 | mae=0.1055 | weighted_f1=0.9090 | precision_macro=0.9396 | recall_macro=0.8768
 Validation improved. Saved best model (macro_f1=0.9026)

Epoch 09/60 | Time 0m 16s
  Train | loss=0.4616 | top1=94.99% | top2=99.61% | top3=100.00%
  Valid | loss=0.4713 | top1=94.14% | top2=99.22% | top3=100.00% | acc=94.14% | bal_acc=96.57% | macro_f1=0.9569 | qwk=0.9327 | mae=0.0645 | weighted_f1=0.9417 | precision_macro=0.9503 | recall_macro=0.9657
 Validation improved. Saved best model (macro_f1=0.9569)

Epoch 10/60 | Time 0m 16s
  Train | loss=0.4503 | top1=96.66% | top2=99.65% | top3=99.98%
  Valid | loss=0.4505 | top1=96.48% | top2=99.41% | top3=100.00% | acc=96.48% | bal_acc=97.49% | macro_f1=0.9741 | qwk=0.9584 | mae=0.0391 | weighted_f1=0.9649 | precision_macro=0.9734 | recall_macro=0.9749
 Validation improved. Saved best model (macro_f1=0.9741)

Epoch 11/60 | Time 0m 16s
  Train | loss=0.4402 | top1=98.09% | top2=99.91% | top3=99.98%
  Valid | loss=0.4444 | top1=97.27% | top2=99.41% | top3=100.00% | acc=97.27% | bal_acc=97.84% | macro_f1=0.9786 | qwk=0.9706 | mae=0.0293 | weighted_f1=0.9726 | precision_macro=0.9788 | recall_macro=0.9784
 Validation improved. Saved best model (macro_f1=0.9786)

Epoch 12/60 | Time 0m 16s
  Train | loss=0.4376 | top1=98.22% | top2=99.89% | top3=100.00%
  Valid | loss=0.4406 | top1=97.66% | top2=99.61% | top3=100.00% | acc=97.66% | bal_acc=98.28% | macro_f1=0.9847 | qwk=0.9740 | mae=0.0254 | weighted_f1=0.9766 | precision_macro=0.9866 | recall_macro=0.9828
 Validation improved. Saved best model (macro_f1=0.9847)

Epoch 13/60 | Time 0m 16s
  Train | loss=0.4321 | top1=99.02% | top2=99.85% | top3=100.00%
  Valid | loss=0.4407 | top1=97.66% | top2=99.80% | top3=100.00% | acc=97.66% | bal_acc=98.49% | macro_f1=0.9834 | qwk=0.9791 | mae=0.0234 | weighted_f1=0.9767 | precision_macro=0.9822 | recall_macro=0.9849
 No improvement. Bad epochs: 1/15

Epoch 14/60 | Time 0m 16s
  Train | loss=0.4304 | top1=98.76% | top2=99.87% | top3=100.00%
  Valid | loss=0.4344 | top1=97.85% | top2=100.00% | top3=100.00% | acc=97.85% | bal_acc=98.72% | macro_f1=0.9870 | qwk=0.9809 | mae=0.0215 | weighted_f1=0.9785 | precision_macro=0.9868 | recall_macro=0.9872
 Validation improved. Saved best model (macro_f1=0.9870)

Epoch 15/60 | Time 0m 16s
  Train | loss=0.4277 | top1=99.02% | top2=100.00% | top3=100.00%
  Valid | loss=0.4330 | top1=97.66% | top2=100.00% | top3=100.00% | acc=97.66% | bal_acc=98.37% | macro_f1=0.9835 | qwk=0.9740 | mae=0.0254 | weighted_f1=0.9766 | precision_macro=0.9833 | recall_macro=0.9837
 No improvement. Bad epochs: 1/15

Epoch 16/60 | Time 0m 16s
  Train | loss=0.4260 | top1=99.24% | top2=99.96% | top3=100.00%
  Valid | loss=0.4308 | top1=97.85% | top2=100.00% | top3=100.00% | acc=97.85% | bal_acc=98.47% | macro_f1=0.9847 | qwk=0.9758 | mae=0.0234 | weighted_f1=0.9785 | precision_macro=0.9847 | recall_macro=0.9847
 No improvement. Bad epochs: 2/15

Epoch 17/60 | Time 0m 16s
  Train | loss=0.4241 | top1=99.22% | top2=99.87% | top3=100.00%
  Valid | loss=0.4319 | top1=98.24% | top2=99.80% | top3=100.00% | acc=98.24% | bal_acc=98.70% | macro_f1=0.9881 | qwk=0.9844 | mae=0.0176 | weighted_f1=0.9824 | precision_macro=0.9891 | recall_macro=0.9870
 Validation improved. Saved best model (macro_f1=0.9881)

Epoch 18/60 | Time 0m 16s
  Train | loss=0.4214 | top1=99.54% | top2=99.96% | top3=100.00%
  Valid | loss=0.4255 | top1=98.63% | top2=100.00% | top3=100.00% | acc=98.63% | bal_acc=99.19% | macro_f1=0.9917 | qwk=0.9879 | mae=0.0137 | weighted_f1=0.9863 | precision_macro=0.9915 | recall_macro=0.9919
 Validation improved. Saved best model (macro_f1=0.9917)

Epoch 19/60 | Time 0m 16s
  Train | loss=0.4208 | top1=99.46% | top2=99.96% | top3=100.00%
  Valid | loss=0.4286 | top1=98.24% | top2=99.80% | top3=100.00% | acc=98.24% | bal_acc=98.79% | macro_f1=0.9859 | qwk=0.9792 | mae=0.0195 | weighted_f1=0.9825 | precision_macro=0.9840 | recall_macro=0.9879
 No improvement. Bad epochs: 1/15

Epoch 20/60 | Time 0m 16s
  Train | loss=0.4203 | top1=99.39% | top2=99.98% | top3=100.00%
  Valid | loss=0.4262 | top1=98.24% | top2=99.80% | top3=100.00% | acc=98.24% | bal_acc=98.75% | macro_f1=0.9881 | qwk=0.9844 | mae=0.0176 | weighted_f1=0.9825 | precision_macro=0.9888 | recall_macro=0.9875
 No improvement. Bad epochs: 2/15

Epoch 21/60 | Time 0m 16s
  Train | loss=0.4189 | top1=99.67% | top2=99.98% | top3=100.00%
  Valid | loss=0.4238 | top1=98.24% | top2=99.80% | top3=100.00% | acc=98.24% | bal_acc=98.95% | macro_f1=0.9883 | qwk=0.9793 | mae=0.0195 | weighted_f1=0.9824 | precision_macro=0.9871 | recall_macro=0.9895
 No improvement. Bad epochs: 3/15

Epoch 22/60 | Time 0m 16s
  Train | loss=0.4188 | top1=99.48% | top2=100.00% | top3=100.00%
  Valid | loss=0.4247 | top1=98.05% | top2=99.80% | top3=100.00% | acc=98.05% | bal_acc=98.77% | macro_f1=0.9871 | qwk=0.9776 | mae=0.0215 | weighted_f1=0.9804 | precision_macro=0.9865 | recall_macro=0.9877
 No improvement. Bad epochs: 4/15

Epoch 23/60 | Time 0m 16s
  Train | loss=0.4188 | top1=99.46% | top2=99.98% | top3=100.00%
  Valid | loss=0.4233 | top1=98.44% | top2=100.00% | top3=100.00% | acc=98.44% | bal_acc=98.97% | macro_f1=0.9905 | qwk=0.9862 | mae=0.0156 | weighted_f1=0.9843 | precision_macro=0.9914 | recall_macro=0.9897
 No improvement. Bad epochs: 5/15

Epoch 24/60 | Time 0m 16s
  Train | loss=0.4178 | top1=99.65% | top2=100.00% | top3=100.00%
  Valid | loss=0.4230 | top1=98.24% | top2=100.00% | top3=100.00% | acc=98.24% | bal_acc=98.87% | macro_f1=0.9893 | qwk=0.9844 | mae=0.0176 | weighted_f1=0.9824 | precision_macro=0.9899 | recall_macro=0.9887
 No improvement. Bad epochs: 6/15

Epoch 25/60 | Time 0m 16s
  Train | loss=0.4182 | top1=99.50% | top2=99.96% | top3=100.00%
  Valid | loss=0.4243 | top1=98.05% | top2=99.80% | top3=100.00% | acc=98.05% | bal_acc=98.65% | macro_f1=0.9847 | qwk=0.9775 | mae=0.0215 | weighted_f1=0.9805 | precision_macro=0.9829 | recall_macro=0.9865
 No improvement. Bad epochs: 7/15

Epoch 26/60 | Time 0m 16s
  Train | loss=0.4179 | top1=99.50% | top2=99.98% | top3=100.00%
  Valid | loss=0.4238 | top1=98.24% | top2=100.00% | top3=100.00% | acc=98.24% | bal_acc=98.95% | macro_f1=0.9893 | qwk=0.9844 | mae=0.0176 | weighted_f1=0.9824 | precision_macro=0.9891 | recall_macro=0.9895
 No improvement. Bad epochs: 8/15

Epoch 27/60 | Time 0m 16s
  Train | loss=0.4154 | top1=99.74% | top2=100.00% | top3=100.00%
  Valid | loss=0.4239 | top1=98.24% | top2=100.00% | top3=100.00% | acc=98.24% | bal_acc=98.91% | macro_f1=0.9893 | qwk=0.9844 | mae=0.0176 | weighted_f1=0.9824 | precision_macro=0.9895 | recall_macro=0.9891
 No improvement. Bad epochs: 9/15

Epoch 28/60 | Time 0m 16s
  Train | loss=0.4168 | top1=99.70% | top2=99.93% | top3=100.00%
  Valid | loss=0.4254 | top1=98.24% | top2=99.80% | top3=99.80% | acc=98.24% | bal_acc=98.95% | macro_f1=0.9883 | qwk=0.9793 | mae=0.0195 | weighted_f1=0.9824 | precision_macro=0.9871 | recall_macro=0.9895
 No improvement. Bad epochs: 10/15

Epoch 29/60 | Time 0m 16s
  Train | loss=0.4153 | top1=99.63% | top2=99.93% | top3=99.98%
  Valid | loss=0.4220 | top1=98.63% | top2=99.80% | top3=100.00% | acc=98.63% | bal_acc=99.15% | macro_f1=0.9907 | qwk=0.9828 | mae=0.0156 | weighted_f1=0.9863 | precision_macro=0.9899 | recall_macro=0.9915
 No improvement. Bad epochs: 11/15

Epoch 30/60 | Time 0m 16s
  Train | loss=0.4146 | top1=99.85% | top2=99.98% | top3=100.00%
  Valid | loss=0.4222 | top1=98.63% | top2=100.00% | top3=100.00% | acc=98.63% | bal_acc=99.06% | macro_f1=0.9917 | qwk=0.9879 | mae=0.0137 | weighted_f1=0.9863 | precision_macro=0.9928 | recall_macro=0.9906
 No improvement. Bad epochs: 12/15

Epoch 31/60 | Time 0m 16s
  Train | loss=0.4150 | top1=99.83% | top2=100.00% | top3=100.00%
  Valid | loss=0.4221 | top1=98.24% | top2=99.61% | top3=100.00% | acc=98.24% | bal_acc=98.91% | macro_f1=0.9873 | qwk=0.9742 | mae=0.0215 | weighted_f1=0.9824 | precision_macro=0.9855 | recall_macro=0.9891
 No improvement. Bad epochs: 13/15

Epoch 32/60 | Time 0m 15s
  Train | loss=0.4139 | top1=99.83% | top2=100.00% | top3=100.00%
  Valid | loss=0.4244 | top1=98.44% | top2=99.80% | top3=100.00% | acc=98.44% | bal_acc=99.01% | macro_f1=0.9895 | qwk=0.9810 | mae=0.0176 | weighted_f1=0.9844 | precision_macro=0.9889 | recall_macro=0.9901
 No improvement. Bad epochs: 14/15

Epoch 33/60 | Time 0m 16s
  Train | loss=0.4147 | top1=99.70% | top2=99.96% | top3=100.00%
  Valid | loss=0.4216 | top1=98.63% | top2=99.80% | top3=100.00% | acc=98.63% | bal_acc=99.15% | macro_f1=0.9907 | qwk=0.9828 | mae=0.0156 | weighted_f1=0.9863 | precision_macro=0.9899 | recall_macro=0.9915
 No improvement. Bad epochs: 15/15
 Early stopping triggered at epoch 33.

Loading best model (epoch=18, macro_f1=0.9917)

Test | loss=0.4211 | top1=98.98% | top2=100.00% | top3=100.00% | acc=98.98% | bal_acc=99.09% | macro_f1=0.9913 | qwk=0.9910 | mae=0.0102 | weighted_f1=0.9898 | precision_macro=0.9917 | recall_macro=0.9909
     ovr_roc_auc_macro=0.9998 | ovr_pr_auc_macro=0.9997
Checkpoint: /root/autodl-tmp/MedVisionLab/Alzheimer_MRI_Loss/checkpoints/best_convnext_t_none_dast_convnext_t_all_5seed_adni_baseline_dast_seed9.pt
