COMMAND: /root/miniconda3/envs/medvision/bin/python -u /root/autodl-tmp/MedVisionLab/tools/train_convnext_t_experiment.py --dataset adni --data-root /root/autodl-tmp/Augmented_Alzheimer_MRI/OriginalDataset --attention se --loss ce --seed 9 --epochs 60 --patience 15 --batch-size 32 --image-size 224 --num-workers 2 --early-delta 0.0001 --base-lr 0.0001 --koa-backbone-lr 0.0001 --koa-head-lr 0.001 --weight-decay 0.0001 --dast-tau 1.0 --dast-gamma 1.5 --sord-tau 1.0 --label-smoothing 0.1 --run-tag convnext_t_all_5seed_adni_se_ce_seed9
==========================================================================================
Starting ConvNeXt-T experiment on ADNI...
Using device: cuda
CUDA device: NVIDIA GeForce RTX 4090
Config | seed=9, attention=se, loss=ce, epochs=60, patience=15, batch_size=32, image_size=224, pretrained=True
Backbone: ConvNeXt-T | stage3=features[5] | stage3_channels=384
Data root: /root/autodl-tmp/Augmented_Alzheimer_MRI/OriginalDataset
Class order: ['NonDemented', 'VeryMildDemented', 'MildDemented', 'ModerateDemented']
Split sizes | train=4608, valid=512, test=1280
Train class counts: [2304, 1613, 645, 46]
Optimizer: matched progressive Adam | stem=1e-05, stage1=1.25e-05, downsample1=1.6666667e-05, stage2=1.6666667e-05, downsample2=2.5e-05, stage3=2.5e-05, attention=3.3333333e-05, downsample3=5e-05, stage4=5e-05, norm=0.0001, head=0.0001
Trainable parameters: 27,842,044

Epoch 01/60 | Time 0m 16s
  Train | loss=1.1844 | top1=43.21% | top2=76.41% | top3=92.14%
  Valid | loss=1.0265 | top1=51.95% | top2=84.96% | top3=99.02% | acc=51.95% | bal_acc=26.73% | macro_f1=0.2114 | qwk=0.0731 | mae=0.6152 | weighted_f1=0.3979 | precision_macro=0.2465 | recall_macro=0.2673
 Validation improved. Saved best model (macro_f1=0.2114)

Epoch 02/60 | Time 0m 16s
  Train | loss=0.9625 | top1=54.32% | top2=85.03% | top3=99.00%
  Valid | loss=0.8926 | top1=57.62% | top2=86.72% | top3=99.02% | acc=57.62% | bal_acc=32.76% | macro_f1=0.3009 | qwk=0.3408 | mae=0.4727 | weighted_f1=0.5284 | precision_macro=0.2783 | recall_macro=0.3276
 Validation improved. Saved best model (macro_f1=0.3009)

Epoch 03/60 | Time 0m 16s
  Train | loss=0.8474 | top1=59.27% | top2=88.24% | top3=99.00%
  Valid | loss=0.7762 | top1=65.04% | top2=89.84% | top3=99.02% | acc=65.04% | bal_acc=44.92% | macro_f1=0.4529 | qwk=0.5335 | mae=0.3926 | weighted_f1=0.6474 | precision_macro=0.4608 | recall_macro=0.4492
 Validation improved. Saved best model (macro_f1=0.4529)

Epoch 04/60 | Time 0m 16s
  Train | loss=0.7327 | top1=67.71% | top2=91.10% | top3=98.98%
  Valid | loss=0.6443 | top1=70.12% | top2=94.14% | top3=99.61% | acc=70.12% | bal_acc=45.97% | macro_f1=0.4669 | qwk=0.5786 | mae=0.3281 | weighted_f1=0.6888 | precision_macro=0.5356 | recall_macro=0.4597
 Validation improved. Saved best model (macro_f1=0.4669)

Epoch 05/60 | Time 0m 16s
  Train | loss=0.6086 | top1=74.11% | top2=93.64% | top3=99.33%
  Valid | loss=0.5307 | top1=78.52% | top2=95.31% | top3=99.80% | acc=78.52% | bal_acc=53.74% | macro_f1=0.5577 | qwk=0.6705 | mae=0.2539 | weighted_f1=0.7732 | precision_macro=0.6059 | recall_macro=0.5374
 Validation improved. Saved best model (macro_f1=0.5577)

Epoch 06/60 | Time 0m 16s
  Train | loss=0.4653 | top1=80.90% | top2=96.25% | top3=99.80%
  Valid | loss=0.3363 | top1=86.91% | top2=98.24% | top3=100.00% | acc=86.91% | bal_acc=76.83% | macro_f1=0.7874 | qwk=0.8016 | mae=0.1641 | weighted_f1=0.8697 | precision_macro=0.8793 | recall_macro=0.7683
 Validation improved. Saved best model (macro_f1=0.7874)

Epoch 07/60 | Time 0m 16s
  Train | loss=0.2942 | top1=89.21% | top2=98.44% | top3=99.89%
  Valid | loss=0.2539 | top1=90.62% | top2=99.41% | top3=100.00% | acc=90.62% | bal_acc=85.41% | macro_f1=0.8934 | qwk=0.8524 | mae=0.1152 | weighted_f1=0.9053 | precision_macro=0.9466 | recall_macro=0.8541
 Validation improved. Saved best model (macro_f1=0.8934)

Epoch 08/60 | Time 0m 16s
  Train | loss=0.1987 | top1=93.12% | top2=99.18% | top3=99.98%
  Valid | loss=0.1532 | top1=95.51% | top2=100.00% | top3=100.00% | acc=95.51% | bal_acc=92.10% | macro_f1=0.9387 | qwk=0.9396 | mae=0.0527 | weighted_f1=0.9549 | precision_macro=0.9624 | recall_macro=0.9210
 Validation improved. Saved best model (macro_f1=0.9387)

Epoch 09/60 | Time 0m 16s
  Train | loss=0.1459 | top1=95.10% | top2=99.52% | top3=100.00%
  Valid | loss=0.1855 | top1=93.95% | top2=99.61% | top3=100.00% | acc=93.95% | bal_acc=96.51% | macro_f1=0.9549 | qwk=0.9259 | mae=0.0684 | weighted_f1=0.9397 | precision_macro=0.9474 | recall_macro=0.9651
 Validation improved. Saved best model (macro_f1=0.9549)

Epoch 10/60 | Time 0m 16s
  Train | loss=0.1138 | top1=96.07% | top2=99.67% | top3=99.96%
  Valid | loss=0.1548 | top1=94.53% | top2=99.80% | top3=100.00% | acc=94.53% | bal_acc=95.39% | macro_f1=0.9398 | qwk=0.9263 | mae=0.0645 | weighted_f1=0.9451 | precision_macro=0.9320 | recall_macro=0.9539
 No improvement. Bad epochs: 1/15

Epoch 11/60 | Time 0m 16s
  Train | loss=0.0875 | top1=97.20% | top2=99.83% | top3=100.00%
  Valid | loss=0.1043 | top1=97.07% | top2=100.00% | top3=100.00% | acc=97.07% | bal_acc=97.53% | macro_f1=0.9762 | qwk=0.9687 | mae=0.0312 | weighted_f1=0.9707 | precision_macro=0.9770 | recall_macro=0.9753
 Validation improved. Saved best model (macro_f1=0.9762)

Epoch 12/60 | Time 0m 16s
  Train | loss=0.0581 | top1=98.37% | top2=99.98% | top3=100.00%
  Valid | loss=0.1249 | top1=95.31% | top2=99.80% | top3=100.00% | acc=95.31% | bal_acc=97.15% | macro_f1=0.9674 | qwk=0.9429 | mae=0.0527 | weighted_f1=0.9532 | precision_macro=0.9638 | recall_macro=0.9715
 No improvement. Bad epochs: 1/15

Epoch 13/60 | Time 0m 16s
  Train | loss=0.0631 | top1=97.87% | top2=99.83% | top3=99.96%
  Valid | loss=0.0659 | top1=97.85% | top2=100.00% | top3=100.00% | acc=97.85% | bal_acc=98.42% | macro_f1=0.9612 | qwk=0.9709 | mae=0.0254 | weighted_f1=0.9786 | precision_macro=0.9419 | recall_macro=0.9842
 No improvement. Bad epochs: 2/15

Epoch 14/60 | Time 0m 16s
  Train | loss=0.0434 | top1=98.78% | top2=99.91% | top3=100.00%
  Valid | loss=0.0948 | top1=96.48% | top2=100.00% | top3=100.00% | acc=96.48% | bal_acc=97.20% | macro_f1=0.9741 | qwk=0.9535 | mae=0.0410 | weighted_f1=0.9647 | precision_macro=0.9770 | recall_macro=0.9720
 No improvement. Bad epochs: 3/15

Epoch 15/60 | Time 0m 16s
  Train | loss=0.0488 | top1=98.44% | top2=99.91% | top3=100.00%
  Valid | loss=0.0666 | top1=98.05% | top2=100.00% | top3=100.00% | acc=98.05% | bal_acc=98.52% | macro_f1=0.9858 | qwk=0.9775 | mae=0.0215 | weighted_f1=0.9804 | precision_macro=0.9865 | recall_macro=0.9852
 Validation improved. Saved best model (macro_f1=0.9858)

Epoch 16/60 | Time 0m 16s
  Train | loss=0.0401 | top1=98.72% | top2=99.89% | top3=100.00%
  Valid | loss=0.0378 | top1=99.02% | top2=99.80% | top3=100.00% | acc=99.02% | bal_acc=99.39% | macro_f1=0.9930 | qwk=0.9862 | mae=0.0117 | weighted_f1=0.9902 | precision_macro=0.9922 | recall_macro=0.9939
 Validation improved. Saved best model (macro_f1=0.9930)

Epoch 17/60 | Time 0m 16s
  Train | loss=0.0308 | top1=99.22% | top2=99.96% | top3=100.00%
  Valid | loss=0.0502 | top1=97.85% | top2=100.00% | top3=100.00% | acc=97.85% | bal_acc=98.76% | macro_f1=0.9859 | qwk=0.9758 | mae=0.0234 | weighted_f1=0.9785 | precision_macro=0.9843 | recall_macro=0.9876
 No improvement. Bad epochs: 1/15

Epoch 18/60 | Time 0m 16s
  Train | loss=0.0308 | top1=98.94% | top2=99.91% | top3=99.96%
  Valid | loss=0.0414 | top1=98.63% | top2=100.00% | top3=100.00% | acc=98.63% | bal_acc=98.94% | macro_f1=0.9896 | qwk=0.9775 | mae=0.0176 | weighted_f1=0.9863 | precision_macro=0.9898 | recall_macro=0.9894
 No improvement. Bad epochs: 2/15

Epoch 19/60 | Time 0m 16s
  Train | loss=0.0292 | top1=99.07% | top2=99.96% | top3=100.00%
  Valid | loss=0.0543 | top1=98.44% | top2=100.00% | top3=100.00% | acc=98.44% | bal_acc=98.84% | macro_f1=0.9874 | qwk=0.9707 | mae=0.0215 | weighted_f1=0.9844 | precision_macro=0.9864 | recall_macro=0.9884
 No improvement. Bad epochs: 3/15

Epoch 20/60 | Time 0m 16s
  Train | loss=0.0325 | top1=98.96% | top2=99.91% | top3=100.00%
  Valid | loss=0.0582 | top1=98.44% | top2=100.00% | top3=100.00% | acc=98.44% | bal_acc=98.84% | macro_f1=0.9872 | qwk=0.9758 | mae=0.0195 | weighted_f1=0.9844 | precision_macro=0.9860 | recall_macro=0.9884
 No improvement. Bad epochs: 4/15

Epoch 21/60 | Time 0m 16s
  Train | loss=0.0287 | top1=98.96% | top2=99.91% | top3=99.98%
  Valid | loss=0.0655 | top1=98.63% | top2=99.61% | top3=99.80% | acc=98.63% | bal_acc=99.11% | macro_f1=0.9672 | qwk=0.9778 | mae=0.0176 | weighted_f1=0.9864 | precision_macro=0.9472 | recall_macro=0.9911
 No improvement. Bad epochs: 5/15

Epoch 22/60 | Time 0m 16s
  Train | loss=0.0241 | top1=99.26% | top2=99.98% | top3=100.00%
  Valid | loss=0.0689 | top1=98.63% | top2=99.61% | top3=100.00% | acc=98.63% | bal_acc=99.15% | macro_f1=0.9674 | qwk=0.9727 | mae=0.0195 | weighted_f1=0.9864 | precision_macro=0.9472 | recall_macro=0.9915
 No improvement. Bad epochs: 6/15

Epoch 23/60 | Time 0m 16s
  Train | loss=0.0301 | top1=99.15% | top2=99.98% | top3=100.00%
  Valid | loss=0.0673 | top1=98.44% | top2=99.61% | top3=100.00% | acc=98.44% | bal_acc=99.01% | macro_f1=0.9650 | qwk=0.9711 | mae=0.0215 | weighted_f1=0.9845 | precision_macro=0.9440 | recall_macro=0.9901
 No improvement. Bad epochs: 7/15

Epoch 24/60 | Time 0m 16s
  Train | loss=0.0270 | top1=99.11% | top2=99.96% | top3=100.00%
  Valid | loss=0.0322 | top1=99.02% | top2=100.00% | top3=100.00% | acc=99.02% | bal_acc=99.43% | macro_f1=0.9708 | qwk=0.9812 | mae=0.0137 | weighted_f1=0.9903 | precision_macro=0.9511 | recall_macro=0.9943
 No improvement. Bad epochs: 8/15

Epoch 25/60 | Time 0m 16s
  Train | loss=0.0184 | top1=99.39% | top2=99.98% | top3=100.00%
  Valid | loss=0.0737 | top1=97.85% | top2=99.61% | top3=99.80% | acc=97.85% | bal_acc=98.55% | macro_f1=0.9636 | qwk=0.9710 | mae=0.0254 | weighted_f1=0.9785 | precision_macro=0.9458 | recall_macro=0.9855
 No improvement. Bad epochs: 9/15

Epoch 26/60 | Time 0m 16s
  Train | loss=0.0170 | top1=99.50% | top2=99.98% | top3=100.00%
  Valid | loss=0.0502 | top1=98.24% | top2=99.80% | top3=100.00% | acc=98.24% | bal_acc=98.83% | macro_f1=0.9648 | qwk=0.9745 | mae=0.0215 | weighted_f1=0.9824 | precision_macro=0.9453 | recall_macro=0.9883
 No improvement. Bad epochs: 10/15

Epoch 27/60 | Time 0m 16s
  Train | loss=0.0090 | top1=99.80% | top2=100.00% | top3=100.00%
  Valid | loss=0.0485 | top1=98.63% | top2=99.80% | top3=100.00% | acc=98.63% | bal_acc=99.11% | macro_f1=0.9684 | qwk=0.9778 | mae=0.0176 | weighted_f1=0.9864 | precision_macro=0.9496 | recall_macro=0.9911
 No improvement. Bad epochs: 11/15

Epoch 28/60 | Time 0m 16s
  Train | loss=0.0199 | top1=99.48% | top2=99.98% | top3=100.00%
  Valid | loss=0.0879 | top1=97.27% | top2=99.61% | top3=100.00% | acc=97.27% | bal_acc=98.13% | macro_f1=0.9563 | qwk=0.9662 | mae=0.0312 | weighted_f1=0.9726 | precision_macro=0.9361 | recall_macro=0.9813
 No improvement. Bad epochs: 12/15

Epoch 29/60 | Time 0m 16s
  Train | loss=0.0130 | top1=99.59% | top2=99.98% | top3=100.00%
  Valid | loss=0.0494 | top1=97.85% | top2=99.80% | top3=100.00% | acc=97.85% | bal_acc=98.63% | macro_f1=0.9624 | qwk=0.9710 | mae=0.0254 | weighted_f1=0.9785 | precision_macro=0.9424 | recall_macro=0.9863
 No improvement. Bad epochs: 13/15

Epoch 30/60 | Time 0m 16s
  Train | loss=0.0178 | top1=99.52% | top2=100.00% | top3=100.00%
  Valid | loss=0.0546 | top1=98.24% | top2=99.80% | top3=100.00% | acc=98.24% | bal_acc=98.83% | macro_f1=0.9660 | qwk=0.9744 | mae=0.0215 | weighted_f1=0.9824 | precision_macro=0.9477 | recall_macro=0.9883
 No improvement. Bad epochs: 14/15

Epoch 31/60 | Time 0m 16s
  Train | loss=0.0120 | top1=99.72% | top2=99.93% | top3=100.00%
  Valid | loss=0.0780 | top1=98.24% | top2=99.80% | top3=100.00% | acc=98.24% | bal_acc=98.83% | macro_f1=0.9858 | qwk=0.9794 | mae=0.0195 | weighted_f1=0.9824 | precision_macro=0.9837 | recall_macro=0.9883
 No improvement. Bad epochs: 15/15
 Early stopping triggered at epoch 31.

Loading best model (epoch=16, macro_f1=0.9930)

Test | loss=0.0366 | top1=98.59% | top2=99.92% | top3=100.00% | acc=98.59% | bal_acc=98.76% | macro_f1=0.9889 | qwk=0.9875 | mae=0.0141 | weighted_f1=0.9859 | precision_macro=0.9903 | recall_macro=0.9876
     ovr_roc_auc_macro=0.9997 | ovr_pr_auc_macro=0.9994
Checkpoint: /root/autodl-tmp/MedVisionLab/Alzheimer_MRI_Loss/checkpoints/best_convnext_t_se_ce_convnext_t_all_5seed_adni_se_ce_seed9.pt
