COMMAND: /root/miniconda3/envs/medvision/bin/python -u /root/autodl-tmp/MedVisionLab/tools/train_convnext_t_experiment.py --dataset adni --data-root /root/autodl-tmp/Augmented_Alzheimer_MRI/OriginalDataset --attention none --loss ce --seed 4 --epochs 60 --patience 15 --batch-size 32 --image-size 224 --num-workers 2 --early-delta 0.0001 --base-lr 0.0001 --koa-backbone-lr 0.0001 --koa-head-lr 0.001 --weight-decay 0.0001 --dast-tau 1.0 --dast-gamma 1.5 --sord-tau 1.0 --label-smoothing 0.1 --run-tag convnext_t_all_5seed_adni_baseline_ce_seed4
==========================================================================================
Starting ConvNeXt-T experiment on ADNI...
Using device: cuda
CUDA device: NVIDIA GeForce RTX 4090
Config | seed=4, attention=none, loss=ce, epochs=60, patience=15, batch_size=32, image_size=224, pretrained=True
Backbone: ConvNeXt-T | stage3=features[5] | stage3_channels=384
Data root: /root/autodl-tmp/Augmented_Alzheimer_MRI/OriginalDataset
Class order: ['NonDemented', 'VeryMildDemented', 'MildDemented', 'ModerateDemented']
Split sizes | train=4608, valid=512, test=1280
Train class counts: [2304, 1613, 645, 46]
Optimizer: matched progressive Adam | stem=1e-05, stage1=1.25e-05, downsample1=1.6666667e-05, stage2=1.6666667e-05, downsample2=2.5e-05, stage3=2.5e-05, downsample3=5e-05, stage4=5e-05, norm=0.0001, head=0.0001
Trainable parameters: 27,823,204

Epoch 01/60 | Time 0m 16s
  Train | loss=1.1688 | top1=44.60% | top2=79.41% | top3=93.40%
  Valid | loss=1.0220 | top1=50.59% | top2=84.96% | top3=99.02% | acc=50.59% | bal_acc=25.42% | macro_f1=0.1756 | qwk=0.0040 | mae=0.6543 | weighted_f1=0.3462 | precision_macro=0.3757 | recall_macro=0.2542
 Validation improved. Saved best model (macro_f1=0.1756)

Epoch 02/60 | Time 0m 16s
  Train | loss=0.9721 | top1=52.69% | top2=85.48% | top3=99.00%
  Valid | loss=0.8705 | top1=57.03% | top2=87.30% | top3=99.02% | acc=57.03% | bal_acc=31.88% | macro_f1=0.2918 | qwk=0.3030 | mae=0.4922 | weighted_f1=0.5154 | precision_macro=0.2717 | recall_macro=0.3188
 Validation improved. Saved best model (macro_f1=0.2918)

Epoch 03/60 | Time 0m 16s
  Train | loss=0.8504 | top1=59.07% | top2=87.87% | top3=99.00%
  Valid | loss=0.7842 | top1=64.26% | top2=89.06% | top3=99.02% | acc=64.26% | bal_acc=39.20% | macro_f1=0.3924 | qwk=0.4602 | mae=0.4004 | weighted_f1=0.6128 | precision_macro=0.5376 | recall_macro=0.3920
 Validation improved. Saved best model (macro_f1=0.3924)

Epoch 04/60 | Time 0m 16s
  Train | loss=0.7503 | top1=65.69% | top2=90.23% | top3=99.00%
  Valid | loss=0.7565 | top1=67.58% | top2=89.06% | top3=99.22% | acc=67.58% | bal_acc=40.77% | macro_f1=0.4143 | qwk=0.3993 | mae=0.4062 | weighted_f1=0.6353 | precision_macro=0.5427 | recall_macro=0.4077
 Validation improved. Saved best model (macro_f1=0.4143)

Epoch 05/60 | Time 0m 16s
  Train | loss=0.6345 | top1=72.40% | top2=93.42% | top3=99.31%
  Valid | loss=0.7563 | top1=65.04% | top2=93.16% | top3=99.41% | acc=65.04% | bal_acc=49.56% | macro_f1=0.4886 | qwk=0.5922 | mae=0.3594 | weighted_f1=0.6469 | precision_macro=0.5661 | recall_macro=0.4956
 Validation improved. Saved best model (macro_f1=0.4886)

Epoch 06/60 | Time 0m 16s
  Train | loss=0.4764 | top1=80.79% | top2=96.27% | top3=99.61%
  Valid | loss=0.3947 | top1=84.57% | top2=97.66% | top3=100.00% | acc=84.57% | bal_acc=62.15% | macro_f1=0.6226 | qwk=0.7922 | mae=0.1758 | weighted_f1=0.8421 | precision_macro=0.6254 | recall_macro=0.6215
 Validation improved. Saved best model (macro_f1=0.6226)

Epoch 07/60 | Time 0m 16s
  Train | loss=0.3191 | top1=88.59% | top2=98.33% | top3=99.91%
  Valid | loss=0.3352 | top1=86.52% | top2=98.24% | top3=99.80% | acc=86.52% | bal_acc=77.41% | macro_f1=0.8280 | qwk=0.8015 | mae=0.1621 | weighted_f1=0.8623 | precision_macro=0.9172 | recall_macro=0.7741
 Validation improved. Saved best model (macro_f1=0.8280)

Epoch 08/60 | Time 0m 16s
  Train | loss=0.2098 | top1=92.69% | top2=99.18% | top3=99.93%
  Valid | loss=0.1999 | top1=93.36% | top2=99.02% | top3=100.00% | acc=93.36% | bal_acc=84.83% | macro_f1=0.8866 | qwk=0.9067 | mae=0.0781 | weighted_f1=0.9336 | precision_macro=0.9514 | recall_macro=0.8483
 Validation improved. Saved best model (macro_f1=0.8866)

Epoch 09/60 | Time 0m 16s
  Train | loss=0.1456 | top1=95.18% | top2=99.52% | top3=99.96%
  Valid | loss=0.1637 | top1=94.34% | top2=98.83% | top3=100.00% | acc=94.34% | bal_acc=95.67% | macro_f1=0.9310 | qwk=0.9293 | mae=0.0645 | weighted_f1=0.9437 | precision_macro=0.9101 | recall_macro=0.9567
 Validation improved. Saved best model (macro_f1=0.9310)

Epoch 10/60 | Time 0m 16s
  Train | loss=0.1165 | top1=96.31% | top2=99.74% | top3=100.00%
  Valid | loss=0.1346 | top1=96.09% | top2=99.41% | top3=99.80% | acc=96.09% | bal_acc=97.34% | macro_f1=0.9706 | qwk=0.9549 | mae=0.0430 | weighted_f1=0.9611 | precision_macro=0.9683 | recall_macro=0.9734
 Validation improved. Saved best model (macro_f1=0.9706)

Epoch 11/60 | Time 0m 16s
  Train | loss=0.0870 | top1=97.31% | top2=99.72% | top3=100.00%
  Valid | loss=0.1434 | top1=95.31% | top2=99.41% | top3=100.00% | acc=95.31% | bal_acc=96.61% | macro_f1=0.9593 | qwk=0.9389 | mae=0.0547 | weighted_f1=0.9533 | precision_macro=0.9536 | recall_macro=0.9661
 No improvement. Bad epochs: 1/15

Epoch 12/60 | Time 0m 16s
  Train | loss=0.0747 | top1=97.57% | top2=99.76% | top3=99.98%
  Valid | loss=0.1259 | top1=95.31% | top2=99.22% | top3=100.00% | acc=95.31% | bal_acc=97.20% | macro_f1=0.9643 | qwk=0.9329 | mae=0.0566 | weighted_f1=0.9532 | precision_macro=0.9578 | recall_macro=0.9720
 No improvement. Bad epochs: 2/15

Epoch 13/60 | Time 0m 16s
  Train | loss=0.0704 | top1=97.76% | top2=99.83% | top3=99.98%
  Valid | loss=0.1646 | top1=95.51% | top2=99.22% | top3=100.00% | acc=95.51% | bal_acc=97.17% | macro_f1=0.9609 | qwk=0.9406 | mae=0.0527 | weighted_f1=0.9555 | precision_macro=0.9520 | recall_macro=0.9717
 No improvement. Bad epochs: 3/15

Epoch 14/60 | Time 0m 16s
  Train | loss=0.0554 | top1=98.29% | top2=99.85% | top3=99.98%
  Valid | loss=0.1053 | top1=96.88% | top2=99.22% | top3=100.00% | acc=96.88% | bal_acc=97.52% | macro_f1=0.9754 | qwk=0.9565 | mae=0.0371 | weighted_f1=0.9688 | precision_macro=0.9758 | recall_macro=0.9752
 Validation improved. Saved best model (macro_f1=0.9754)

Epoch 15/60 | Time 0m 16s
  Train | loss=0.0556 | top1=98.18% | top2=99.91% | top3=100.00%
  Valid | loss=0.0918 | top1=96.68% | top2=99.22% | top3=100.00% | acc=96.68% | bal_acc=97.09% | macro_f1=0.9743 | qwk=0.9494 | mae=0.0410 | weighted_f1=0.9668 | precision_macro=0.9779 | recall_macro=0.9709
 No improvement. Bad epochs: 1/15

Epoch 16/60 | Time 0m 16s
  Train | loss=0.0333 | top1=99.20% | top2=99.96% | top3=99.98%
  Valid | loss=0.1111 | top1=97.46% | top2=99.80% | top3=100.00% | acc=97.46% | bal_acc=98.15% | macro_f1=0.9822 | qwk=0.9773 | mae=0.0254 | weighted_f1=0.9747 | precision_macro=0.9834 | recall_macro=0.9815
 Validation improved. Saved best model (macro_f1=0.9822)

Epoch 17/60 | Time 0m 16s
  Train | loss=0.0403 | top1=98.63% | top2=99.91% | top3=99.98%
  Valid | loss=0.0734 | top1=97.66% | top2=99.22% | top3=100.00% | acc=97.66% | bal_acc=97.66% | macro_f1=0.9798 | qwk=0.9686 | mae=0.0273 | weighted_f1=0.9765 | precision_macro=0.9832 | recall_macro=0.9766
 No improvement. Bad epochs: 1/15

Epoch 18/60 | Time 0m 16s
  Train | loss=0.0284 | top1=99.13% | top2=99.93% | top3=100.00%
  Valid | loss=0.0694 | top1=97.85% | top2=99.61% | top3=100.00% | acc=97.85% | bal_acc=98.63% | macro_f1=0.9813 | qwk=0.9710 | mae=0.0254 | weighted_f1=0.9786 | precision_macro=0.9770 | recall_macro=0.9863
 No improvement. Bad epochs: 2/15

Epoch 19/60 | Time 0m 16s
  Train | loss=0.0286 | top1=99.26% | top2=99.93% | top3=100.00%
  Valid | loss=0.0876 | top1=98.24% | top2=99.61% | top3=100.00% | acc=98.24% | bal_acc=98.33% | macro_f1=0.9857 | qwk=0.9790 | mae=0.0195 | weighted_f1=0.9824 | precision_macro=0.9886 | recall_macro=0.9833
 Validation improved. Saved best model (macro_f1=0.9857)

Epoch 20/60 | Time 0m 16s
  Train | loss=0.0362 | top1=98.78% | top2=99.89% | top3=100.00%
  Valid | loss=0.1078 | top1=97.66% | top2=99.22% | top3=100.00% | acc=97.66% | bal_acc=98.24% | macro_f1=0.9802 | qwk=0.9636 | mae=0.0293 | weighted_f1=0.9766 | precision_macro=0.9782 | recall_macro=0.9824
 No improvement. Bad epochs: 1/15

Epoch 21/60 | Time 0m 16s
  Train | loss=0.0323 | top1=98.98% | top2=99.93% | top3=100.00%
  Valid | loss=0.1219 | top1=96.29% | top2=100.00% | top3=100.00% | acc=96.29% | bal_acc=97.14% | macro_f1=0.9738 | qwk=0.9620 | mae=0.0391 | weighted_f1=0.9628 | precision_macro=0.9764 | recall_macro=0.9714
 No improvement. Bad epochs: 2/15

Epoch 22/60 | Time 0m 16s
  Train | loss=0.0275 | top1=99.09% | top2=99.91% | top3=99.98%
  Valid | loss=0.0810 | top1=97.27% | top2=99.61% | top3=100.00% | acc=97.27% | bal_acc=97.88% | macro_f1=0.9778 | qwk=0.9603 | mae=0.0332 | weighted_f1=0.9727 | precision_macro=0.9768 | recall_macro=0.9788
 No improvement. Bad epochs: 3/15

Epoch 23/60 | Time 0m 16s
  Train | loss=0.0156 | top1=99.48% | top2=99.98% | top3=100.00%
  Valid | loss=0.0940 | top1=97.46% | top2=99.22% | top3=99.80% | acc=97.46% | bal_acc=97.94% | macro_f1=0.9812 | qwk=0.9671 | mae=0.0293 | weighted_f1=0.9746 | precision_macro=0.9831 | recall_macro=0.9794
 No improvement. Bad epochs: 4/15

Epoch 24/60 | Time 0m 16s
  Train | loss=0.0194 | top1=99.41% | top2=99.98% | top3=100.00%
  Valid | loss=0.0965 | top1=97.27% | top2=99.61% | top3=100.00% | acc=97.27% | bal_acc=97.05% | macro_f1=0.9760 | qwk=0.9647 | mae=0.0312 | weighted_f1=0.9726 | precision_macro=0.9827 | recall_macro=0.9705
 No improvement. Bad epochs: 5/15

Epoch 25/60 | Time 0m 16s
  Train | loss=0.0163 | top1=99.54% | top2=100.00% | top3=100.00%
  Valid | loss=0.1123 | top1=97.27% | top2=99.80% | top3=99.80% | acc=97.27% | bal_acc=98.26% | macro_f1=0.9790 | qwk=0.9654 | mae=0.0312 | weighted_f1=0.9727 | precision_macro=0.9757 | recall_macro=0.9826
 No improvement. Bad epochs: 6/15

Epoch 26/60 | Time 0m 16s
  Train | loss=0.0208 | top1=99.39% | top2=99.93% | top3=100.00%
  Valid | loss=0.0855 | top1=98.05% | top2=99.41% | top3=100.00% | acc=98.05% | bal_acc=98.69% | macro_f1=0.9857 | qwk=0.9826 | mae=0.0195 | weighted_f1=0.9805 | precision_macro=0.9847 | recall_macro=0.9869
 No improvement. Bad epochs: 7/15

Epoch 27/60 | Time 0m 16s
  Train | loss=0.0165 | top1=99.54% | top2=99.98% | top3=100.00%
  Valid | loss=0.0896 | top1=97.85% | top2=99.41% | top3=100.00% | acc=97.85% | bal_acc=98.59% | macro_f1=0.9835 | qwk=0.9757 | mae=0.0234 | weighted_f1=0.9786 | precision_macro=0.9813 | recall_macro=0.9859
 No improvement. Bad epochs: 8/15

Epoch 28/60 | Time 0m 16s
  Train | loss=0.0129 | top1=99.70% | top2=99.98% | top3=100.00%
  Valid | loss=0.0973 | top1=98.05% | top2=99.80% | top3=100.00% | acc=98.05% | bal_acc=98.48% | macro_f1=0.9857 | qwk=0.9825 | mae=0.0195 | weighted_f1=0.9806 | precision_macro=0.9870 | recall_macro=0.9848
 No improvement. Bad epochs: 9/15

Epoch 29/60 | Time 0m 16s
  Train | loss=0.0165 | top1=99.54% | top2=99.98% | top3=100.00%
  Valid | loss=0.0810 | top1=97.66% | top2=100.00% | top3=100.00% | acc=97.66% | bal_acc=98.41% | macro_f1=0.9823 | qwk=0.9741 | mae=0.0254 | weighted_f1=0.9766 | precision_macro=0.9806 | recall_macro=0.9841
 No improvement. Bad epochs: 10/15

Epoch 30/60 | Time 0m 16s
  Train | loss=0.0221 | top1=99.33% | top2=99.93% | top3=100.00%
  Valid | loss=0.0793 | top1=97.46% | top2=100.00% | top3=100.00% | acc=97.46% | bal_acc=98.23% | macro_f1=0.9821 | qwk=0.9775 | mae=0.0254 | weighted_f1=0.9746 | precision_macro=0.9819 | recall_macro=0.9823
 No improvement. Bad epochs: 11/15

Epoch 31/60 | Time 0m 16s
  Train | loss=0.0125 | top1=99.74% | top2=100.00% | top3=100.00%
  Valid | loss=0.0845 | top1=98.05% | top2=99.61% | top3=100.00% | acc=98.05% | bal_acc=98.65% | macro_f1=0.9837 | qwk=0.9724 | mae=0.0234 | weighted_f1=0.9805 | precision_macro=0.9810 | recall_macro=0.9865
 No improvement. Bad epochs: 12/15

Epoch 32/60 | Time 0m 16s
  Train | loss=0.0114 | top1=99.65% | top2=99.98% | top3=100.00%
  Valid | loss=0.0850 | top1=97.85% | top2=100.00% | top3=100.00% | acc=97.85% | bal_acc=98.34% | macro_f1=0.9833 | qwk=0.9808 | mae=0.0215 | weighted_f1=0.9786 | precision_macro=0.9834 | recall_macro=0.9834
 No improvement. Bad epochs: 13/15

Epoch 33/60 | Time 0m 16s
  Train | loss=0.0095 | top1=99.70% | top2=99.98% | top3=99.98%
  Valid | loss=0.1004 | top1=97.46% | top2=99.02% | top3=100.00% | acc=97.46% | bal_acc=97.86% | macro_f1=0.9786 | qwk=0.9721 | mae=0.0273 | weighted_f1=0.9747 | precision_macro=0.9788 | recall_macro=0.9786
 No improvement. Bad epochs: 14/15

Epoch 34/60 | Time 0m 16s
  Train | loss=0.0125 | top1=99.59% | top2=99.96% | top3=100.00%
  Valid | loss=0.0870 | top1=98.05% | top2=99.80% | top3=100.00% | acc=98.05% | bal_acc=98.56% | macro_f1=0.9856 | qwk=0.9827 | mae=0.0195 | weighted_f1=0.9805 | precision_macro=0.9856 | recall_macro=0.9856
 No improvement. Bad epochs: 15/15
 Early stopping triggered at epoch 34.

Loading best model (epoch=19, macro_f1=0.9857)

Test | loss=0.0568 | top1=98.28% | top2=99.92% | top3=99.92% | acc=98.28% | bal_acc=98.27% | macro_f1=0.9766 | qwk=0.9806 | mae=0.0188 | weighted_f1=0.9828 | precision_macro=0.9714 | recall_macro=0.9827
     ovr_roc_auc_macro=0.9992 | ovr_pr_auc_macro=0.9984
Checkpoint: /root/autodl-tmp/MedVisionLab/Alzheimer_MRI_Loss/checkpoints/best_convnext_t_none_ce_convnext_t_all_5seed_adni_baseline_ce_seed4.pt
