COMMAND: /root/miniconda3/envs/medvision/bin/python -u /root/autodl-tmp/MedVisionLab/tools/train_convnext_t_experiment.py --dataset adni --data-root /root/autodl-tmp/Augmented_Alzheimer_MRI/OriginalDataset --attention mesc_equal --loss dast --seed 6 --epochs 60 --patience 15 --batch-size 32 --image-size 224 --num-workers 2 --early-delta 0.0001 --base-lr 0.0001 --koa-backbone-lr 0.0001 --koa-head-lr 0.001 --weight-decay 0.0001 --dast-tau 1.0 --dast-gamma 1.5 --sord-tau 1.0 --label-smoothing 0.1 --run-tag convnext_t_all_5seed_adni_mesc_equal_dast_seed6
==========================================================================================
Starting ConvNeXt-T experiment on ADNI...
Using device: cuda
CUDA device: NVIDIA GeForce RTX 4090
Config | seed=6, attention=mesc_equal, loss=dast, epochs=60, patience=15, batch_size=32, image_size=224, pretrained=True
Backbone: ConvNeXt-T | stage3=features[5] | stage3_channels=384
Data root: /root/autodl-tmp/Augmented_Alzheimer_MRI/OriginalDataset
Class order: ['NonDemented', 'VeryMildDemented', 'MildDemented', 'ModerateDemented']
Split sizes | train=4608, valid=512, test=1280
Train class counts: [2304, 1613, 645, 46]
Optimizer: matched progressive Adam | stem=1e-05, stage1=1.25e-05, downsample1=1.6666667e-05, stage2=1.6666667e-05, downsample2=2.5e-05, stage3=2.5e-05, attention=3.3333333e-05, downsample3=5e-05, stage4=5e-05, norm=0.0001, head=0.0001
Trainable parameters: 28,383,172

Epoch 01/60 | Time 0m 17s
  Train | loss=0.7249 | top1=50.11% | top2=85.00% | top3=98.61%
  Valid | loss=0.7169 | top1=50.00% | top2=84.96% | top3=99.02% | acc=50.00% | bal_acc=25.00% | macro_f1=0.1667 | qwk=0.0000 | mae=0.6602 | weighted_f1=0.3333 | precision_macro=0.1250 | recall_macro=0.2500
 Validation improved. Saved best model (macro_f1=0.1667)

Epoch 02/60 | Time 0m 16s
  Train | loss=0.7169 | top1=48.81% | top2=84.98% | top3=99.00%
  Valid | loss=0.7117 | top1=50.00% | top2=84.96% | top3=99.02% | acc=50.00% | bal_acc=25.00% | macro_f1=0.1667 | qwk=0.0000 | mae=0.6602 | weighted_f1=0.3333 | precision_macro=0.1250 | recall_macro=0.2500
 No improvement. Bad epochs: 1/15

Epoch 03/60 | Time 0m 16s
  Train | loss=0.6893 | top1=53.56% | top2=85.44% | top3=99.00%
  Valid | loss=0.6432 | top1=58.98% | top2=87.70% | top3=99.02% | acc=58.98% | bal_acc=34.58% | macro_f1=0.3165 | qwk=0.4501 | mae=0.4258 | weighted_f1=0.5519 | precision_macro=0.2990 | recall_macro=0.3458
 Validation improved. Saved best model (macro_f1=0.3165)

Epoch 04/60 | Time 0m 16s
  Train | loss=0.6431 | top1=59.74% | top2=88.72% | top3=98.98%
  Valid | loss=0.6171 | top1=61.52% | top2=91.60% | top3=99.02% | acc=61.52% | bal_acc=37.31% | macro_f1=0.3410 | qwk=0.4882 | mae=0.3945 | weighted_f1=0.5817 | precision_macro=0.4159 | recall_macro=0.3731
 Validation improved. Saved best model (macro_f1=0.3410)

Epoch 05/60 | Time 0m 16s
  Train | loss=0.6211 | top1=63.41% | top2=90.86% | top3=99.09%
  Valid | loss=0.6003 | top1=66.41% | top2=94.73% | top3=99.61% | acc=66.41% | bal_acc=42.13% | macro_f1=0.4054 | qwk=0.5541 | mae=0.3457 | weighted_f1=0.6401 | precision_macro=0.6084 | recall_macro=0.4213
 Validation improved. Saved best model (macro_f1=0.4054)

Epoch 06/60 | Time 0m 16s
  Train | loss=0.5956 | top1=69.12% | top2=92.62% | top3=99.61%
  Valid | loss=0.5665 | top1=72.66% | top2=96.09% | top3=99.61% | acc=72.66% | bal_acc=50.69% | macro_f1=0.5124 | qwk=0.6915 | mae=0.2871 | weighted_f1=0.7228 | precision_macro=0.5241 | recall_macro=0.5069
 Validation improved. Saved best model (macro_f1=0.5124)

Epoch 07/60 | Time 0m 16s
  Train | loss=0.5576 | top1=75.89% | top2=96.16% | top3=99.63%
  Valid | loss=0.5435 | top1=77.73% | top2=97.46% | top3=100.00% | acc=77.73% | bal_acc=57.10% | macro_f1=0.5655 | qwk=0.7703 | mae=0.2305 | weighted_f1=0.7762 | precision_macro=0.5618 | recall_macro=0.5710
 Validation improved. Saved best model (macro_f1=0.5655)

Epoch 08/60 | Time 0m 16s
  Train | loss=0.5296 | top1=81.51% | top2=97.18% | top3=99.91%
  Valid | loss=0.5726 | top1=75.00% | top2=94.14% | top3=100.00% | acc=75.00% | bal_acc=58.43% | macro_f1=0.5453 | qwk=0.7373 | mae=0.2734 | weighted_f1=0.7569 | precision_macro=0.5361 | recall_macro=0.5843
 No improvement. Bad epochs: 1/15

Epoch 09/60 | Time 0m 16s
  Train | loss=0.5045 | top1=85.29% | top2=98.74% | top3=99.85%
  Valid | loss=0.5292 | top1=81.64% | top2=96.29% | top3=100.00% | acc=81.64% | bal_acc=63.14% | macro_f1=0.6078 | qwk=0.8137 | mae=0.1914 | weighted_f1=0.8161 | precision_macro=0.5956 | recall_macro=0.6314
 Validation improved. Saved best model (macro_f1=0.6078)

Epoch 10/60 | Time 0m 16s
  Train | loss=0.4845 | top1=88.37% | top2=99.00% | top3=99.98%
  Valid | loss=0.4945 | top1=87.89% | top2=98.24% | top3=100.00% | acc=87.89% | bal_acc=75.69% | macro_f1=0.7970 | qwk=0.8801 | mae=0.1250 | weighted_f1=0.8776 | precision_macro=0.9016 | recall_macro=0.7569
 Validation improved. Saved best model (macro_f1=0.7970)

Epoch 11/60 | Time 0m 16s
  Train | loss=0.4755 | top1=90.13% | top2=99.24% | top3=99.91%
  Valid | loss=0.4763 | top1=90.43% | top2=99.61% | top3=100.00% | acc=90.43% | bal_acc=81.29% | macro_f1=0.8564 | qwk=0.9001 | mae=0.0996 | weighted_f1=0.9041 | precision_macro=0.9276 | recall_macro=0.8129
 Validation improved. Saved best model (macro_f1=0.8564)

Epoch 12/60 | Time 0m 16s
  Train | loss=0.4565 | top1=93.36% | top2=99.41% | top3=99.96%
  Valid | loss=0.4710 | top1=92.38% | top2=99.22% | top3=100.00% | acc=92.38% | bal_acc=93.06% | macro_f1=0.9369 | qwk=0.9172 | mae=0.0820 | weighted_f1=0.9228 | precision_macro=0.9453 | recall_macro=0.9306
 Validation improved. Saved best model (macro_f1=0.9369)

Epoch 13/60 | Time 0m 16s
  Train | loss=0.4487 | top1=94.47% | top2=99.67% | top3=100.00%
  Valid | loss=0.4723 | top1=91.41% | top2=98.63% | top3=100.00% | acc=91.41% | bal_acc=93.91% | macro_f1=0.9270 | qwk=0.9054 | mae=0.0938 | weighted_f1=0.9149 | precision_macro=0.9176 | recall_macro=0.9391
 No improvement. Bad epochs: 1/15

Epoch 14/60 | Time 0m 16s
  Train | loss=0.4411 | top1=95.20% | top2=99.80% | top3=100.00%
  Valid | loss=0.4587 | top1=94.14% | top2=99.41% | top3=100.00% | acc=94.14% | bal_acc=94.98% | macro_f1=0.9496 | qwk=0.9384 | mae=0.0625 | weighted_f1=0.9410 | precision_macro=0.9503 | recall_macro=0.9498
 Validation improved. Saved best model (macro_f1=0.9496)

Epoch 15/60 | Time 0m 16s
  Train | loss=0.4355 | top1=96.61% | top2=99.78% | top3=100.00%
  Valid | loss=0.4589 | top1=93.36% | top2=99.02% | top3=100.00% | acc=93.36% | bal_acc=93.43% | macro_f1=0.9415 | qwk=0.9299 | mae=0.0703 | weighted_f1=0.9331 | precision_macro=0.9498 | recall_macro=0.9343
 No improvement. Bad epochs: 1/15

Epoch 16/60 | Time 0m 16s
  Train | loss=0.4376 | top1=96.18% | top2=99.63% | top3=99.98%
  Valid | loss=0.4992 | top1=88.87% | top2=98.24% | top3=100.00% | acc=88.87% | bal_acc=91.04% | macro_f1=0.9041 | qwk=0.8868 | mae=0.1191 | weighted_f1=0.8847 | precision_macro=0.9131 | recall_macro=0.9104
 No improvement. Bad epochs: 2/15

Epoch 17/60 | Time 0m 16s
  Train | loss=0.4330 | top1=96.44% | top2=99.80% | top3=99.98%
  Valid | loss=0.4450 | top1=95.31% | top2=99.41% | top3=100.00% | acc=95.31% | bal_acc=95.78% | macro_f1=0.9582 | qwk=0.9478 | mae=0.0508 | weighted_f1=0.9532 | precision_macro=0.9587 | recall_macro=0.9578
 Validation improved. Saved best model (macro_f1=0.9582)

Epoch 18/60 | Time 0m 16s
  Train | loss=0.4296 | top1=97.35% | top2=99.83% | top3=100.00%
  Valid | loss=0.4445 | top1=94.92% | top2=99.41% | top3=100.00% | acc=94.92% | bal_acc=95.71% | macro_f1=0.9538 | qwk=0.9450 | mae=0.0547 | weighted_f1=0.9494 | precision_macro=0.9506 | recall_macro=0.9571
 No improvement. Bad epochs: 1/15

Epoch 19/60 | Time 0m 16s
  Train | loss=0.4261 | top1=97.55% | top2=99.83% | top3=99.98%
  Valid | loss=0.4522 | top1=93.75% | top2=99.22% | top3=100.00% | acc=93.75% | bal_acc=95.08% | macro_f1=0.9502 | qwk=0.9386 | mae=0.0645 | weighted_f1=0.9381 | precision_macro=0.9510 | recall_macro=0.9508
 No improvement. Bad epochs: 2/15

Epoch 20/60 | Time 0m 16s
  Train | loss=0.4238 | top1=97.79% | top2=99.96% | top3=99.98%
  Valid | loss=0.4449 | top1=94.92% | top2=99.22% | top3=100.00% | acc=94.92% | bal_acc=96.08% | macro_f1=0.9564 | qwk=0.9448 | mae=0.0547 | weighted_f1=0.9495 | precision_macro=0.9523 | recall_macro=0.9608
 No improvement. Bad epochs: 3/15

Epoch 21/60 | Time 0m 16s
  Train | loss=0.4249 | top1=98.05% | top2=99.87% | top3=100.00%
  Valid | loss=0.4403 | top1=96.29% | top2=99.41% | top3=100.00% | acc=96.29% | bal_acc=96.19% | macro_f1=0.9663 | qwk=0.9560 | mae=0.0410 | weighted_f1=0.9628 | precision_macro=0.9715 | recall_macro=0.9619
 Validation improved. Saved best model (macro_f1=0.9663)

Epoch 22/60 | Time 0m 16s
  Train | loss=0.4221 | top1=98.29% | top2=99.89% | top3=100.00%
  Valid | loss=0.4394 | top1=96.68% | top2=99.41% | top3=100.00% | acc=96.68% | bal_acc=96.84% | macro_f1=0.9713 | qwk=0.9598 | mae=0.0371 | weighted_f1=0.9668 | precision_macro=0.9745 | recall_macro=0.9684
 Validation improved. Saved best model (macro_f1=0.9713)

Epoch 23/60 | Time 0m 16s
  Train | loss=0.4214 | top1=98.29% | top2=99.91% | top3=100.00%
  Valid | loss=0.4465 | top1=95.31% | top2=99.41% | top3=100.00% | acc=95.31% | bal_acc=95.78% | macro_f1=0.9548 | qwk=0.9488 | mae=0.0508 | weighted_f1=0.9531 | precision_macro=0.9525 | recall_macro=0.9578
 No improvement. Bad epochs: 1/15

Epoch 24/60 | Time 0m 16s
  Train | loss=0.4199 | top1=98.68% | top2=99.85% | top3=100.00%
  Valid | loss=0.4379 | top1=96.88% | top2=99.22% | top3=100.00% | acc=96.88% | bal_acc=96.19% | macro_f1=0.9695 | qwk=0.9612 | mae=0.0352 | weighted_f1=0.9685 | precision_macro=0.9784 | recall_macro=0.9619
 No improvement. Bad epochs: 2/15

Epoch 25/60 | Time 0m 16s
  Train | loss=0.4201 | top1=98.39% | top2=99.93% | top3=100.00%
  Valid | loss=0.4337 | top1=97.27% | top2=99.41% | top3=100.00% | acc=97.27% | bal_acc=97.01% | macro_f1=0.9760 | qwk=0.9648 | mae=0.0312 | weighted_f1=0.9726 | precision_macro=0.9830 | recall_macro=0.9701
 Validation improved. Saved best model (macro_f1=0.9760)

Epoch 26/60 | Time 0m 16s
  Train | loss=0.4178 | top1=98.98% | top2=99.89% | top3=100.00%
  Valid | loss=0.4461 | top1=95.90% | top2=98.83% | top3=100.00% | acc=95.90% | bal_acc=94.70% | macro_f1=0.9589 | qwk=0.9517 | mae=0.0449 | weighted_f1=0.9584 | precision_macro=0.9749 | recall_macro=0.9470
 No improvement. Bad epochs: 1/15

Epoch 27/60 | Time 0m 17s
  Train | loss=0.4195 | top1=98.65% | top2=99.93% | top3=100.00%
  Valid | loss=0.4412 | top1=96.48% | top2=99.61% | top3=100.00% | acc=96.48% | bal_acc=96.78% | macro_f1=0.9667 | qwk=0.9588 | mae=0.0391 | weighted_f1=0.9648 | precision_macro=0.9658 | recall_macro=0.9678
 No improvement. Bad epochs: 2/15

Epoch 28/60 | Time 0m 17s
  Train | loss=0.4187 | top1=98.72% | top2=99.93% | top3=100.00%
  Valid | loss=0.4643 | top1=91.02% | top2=98.44% | top3=100.00% | acc=91.02% | bal_acc=93.97% | macro_f1=0.9345 | qwk=0.9137 | mae=0.0918 | weighted_f1=0.9113 | precision_macro=0.9341 | recall_macro=0.9397
 No improvement. Bad epochs: 3/15

Epoch 29/60 | Time 0m 16s
  Train | loss=0.4186 | top1=98.81% | top2=99.96% | top3=100.00%
  Valid | loss=0.4391 | top1=96.29% | top2=99.02% | top3=100.00% | acc=96.29% | bal_acc=96.89% | macro_f1=0.9668 | qwk=0.9572 | mae=0.0410 | weighted_f1=0.9628 | precision_macro=0.9650 | recall_macro=0.9689
 No improvement. Bad epochs: 4/15

Epoch 30/60 | Time 0m 16s
  Train | loss=0.4170 | top1=98.98% | top2=99.96% | top3=100.00%
  Valid | loss=0.4338 | top1=96.88% | top2=99.02% | top3=100.00% | acc=96.88% | bal_acc=97.31% | macro_f1=0.9704 | qwk=0.9623 | mae=0.0352 | weighted_f1=0.9688 | precision_macro=0.9680 | recall_macro=0.9731
 No improvement. Bad epochs: 5/15

Epoch 31/60 | Time 0m 16s
  Train | loss=0.4161 | top1=99.15% | top2=99.91% | top3=99.98%
  Valid | loss=0.4334 | top1=97.46% | top2=99.41% | top3=100.00% | acc=97.46% | bal_acc=96.40% | macro_f1=0.9729 | qwk=0.9663 | mae=0.0293 | weighted_f1=0.9743 | precision_macro=0.9840 | recall_macro=0.9640
 No improvement. Bad epochs: 6/15

Epoch 32/60 | Time 0m 16s
  Train | loss=0.4170 | top1=99.05% | top2=99.96% | top3=100.00%
  Valid | loss=0.4306 | top1=97.66% | top2=99.41% | top3=100.00% | acc=97.66% | bal_acc=97.62% | macro_f1=0.9796 | qwk=0.9738 | mae=0.0254 | weighted_f1=0.9765 | precision_macro=0.9832 | recall_macro=0.9762
 Validation improved. Saved best model (macro_f1=0.9796)

Epoch 33/60 | Time 0m 16s
  Train | loss=0.4154 | top1=99.35% | top2=100.00% | top3=100.00%
  Valid | loss=0.4412 | top1=96.88% | top2=99.41% | top3=100.00% | acc=96.88% | bal_acc=96.98% | macro_f1=0.9713 | qwk=0.9621 | mae=0.0352 | weighted_f1=0.9686 | precision_macro=0.9732 | recall_macro=0.9698
 No improvement. Bad epochs: 1/15

Epoch 34/60 | Time 0m 16s
  Train | loss=0.4160 | top1=99.11% | top2=100.00% | top3=100.00%
  Valid | loss=0.4316 | top1=97.27% | top2=99.41% | top3=100.00% | acc=97.27% | bal_acc=97.59% | macro_f1=0.9763 | qwk=0.9654 | mae=0.0312 | weighted_f1=0.9726 | precision_macro=0.9767 | recall_macro=0.9759
 No improvement. Bad epochs: 2/15

Epoch 35/60 | Time 0m 16s
  Train | loss=0.4142 | top1=99.46% | top2=100.00% | top3=100.00%
  Valid | loss=0.4315 | top1=98.44% | top2=99.41% | top3=100.00% | acc=98.44% | bal_acc=98.34% | macro_f1=0.9871 | qwk=0.9756 | mae=0.0195 | weighted_f1=0.9844 | precision_macro=0.9910 | recall_macro=0.9834
 Validation improved. Saved best model (macro_f1=0.9871)

Epoch 36/60 | Time 0m 16s
  Train | loss=0.4158 | top1=99.13% | top2=99.93% | top3=100.00%
  Valid | loss=0.4334 | top1=96.48% | top2=99.41% | top3=100.00% | acc=96.48% | bal_acc=96.78% | macro_f1=0.9656 | qwk=0.9589 | mae=0.0391 | weighted_f1=0.9648 | precision_macro=0.9636 | recall_macro=0.9678
 No improvement. Bad epochs: 1/15

Epoch 37/60 | Time 0m 16s
  Train | loss=0.4158 | top1=99.18% | top2=99.91% | top3=99.96%
  Valid | loss=0.4308 | top1=98.05% | top2=99.41% | top3=100.00% | acc=98.05% | bal_acc=97.77% | macro_f1=0.9821 | qwk=0.9722 | mae=0.0234 | weighted_f1=0.9804 | precision_macro=0.9869 | recall_macro=0.9777
 No improvement. Bad epochs: 2/15

Epoch 38/60 | Time 0m 16s
  Train | loss=0.4164 | top1=99.00% | top2=99.96% | top3=100.00%
  Valid | loss=0.4344 | top1=97.46% | top2=99.41% | top3=100.00% | acc=97.46% | bal_acc=97.15% | macro_f1=0.9760 | qwk=0.9670 | mae=0.0293 | weighted_f1=0.9744 | precision_macro=0.9809 | recall_macro=0.9715
 No improvement. Bad epochs: 3/15

Epoch 39/60 | Time 0m 16s
  Train | loss=0.4142 | top1=99.31% | top2=99.98% | top3=100.00%
  Valid | loss=0.4366 | top1=97.07% | top2=99.22% | top3=100.00% | acc=97.07% | bal_acc=97.07% | macro_f1=0.9725 | qwk=0.9638 | mae=0.0332 | weighted_f1=0.9705 | precision_macro=0.9747 | recall_macro=0.9707
 No improvement. Bad epochs: 4/15

Epoch 40/60 | Time 0m 16s
  Train | loss=0.4133 | top1=99.33% | top2=99.98% | top3=100.00%
  Valid | loss=0.4341 | top1=97.27% | top2=99.41% | top3=100.00% | acc=97.27% | bal_acc=97.30% | macro_f1=0.9774 | qwk=0.9652 | mae=0.0312 | weighted_f1=0.9726 | precision_macro=0.9821 | recall_macro=0.9730
 No improvement. Bad epochs: 5/15

Epoch 41/60 | Time 0m 16s
  Train | loss=0.4139 | top1=99.41% | top2=99.96% | top3=100.00%
  Valid | loss=0.4312 | top1=97.66% | top2=99.41% | top3=100.00% | acc=97.66% | bal_acc=97.83% | macro_f1=0.9799 | qwk=0.9688 | mae=0.0273 | weighted_f1=0.9765 | precision_macro=0.9815 | recall_macro=0.9783
 No improvement. Bad epochs: 6/15

Epoch 42/60 | Time 0m 16s
  Train | loss=0.4132 | top1=99.54% | top2=99.96% | top3=99.98%
  Valid | loss=0.4330 | top1=97.66% | top2=99.41% | top3=100.00% | acc=97.66% | bal_acc=97.74% | macro_f1=0.9798 | qwk=0.9689 | mae=0.0273 | weighted_f1=0.9765 | precision_macro=0.9825 | recall_macro=0.9774
 No improvement. Bad epochs: 7/15

Epoch 43/60 | Time 0m 16s
  Train | loss=0.4135 | top1=99.48% | top2=99.93% | top3=99.98%
  Valid | loss=0.4317 | top1=97.66% | top2=99.41% | top3=100.00% | acc=97.66% | bal_acc=97.79% | macro_f1=0.9798 | qwk=0.9688 | mae=0.0273 | weighted_f1=0.9765 | precision_macro=0.9820 | recall_macro=0.9779
 No improvement. Bad epochs: 8/15

Epoch 44/60 | Time 0m 16s
  Train | loss=0.4121 | top1=99.67% | top2=99.96% | top3=100.00%
  Valid | loss=0.4314 | top1=97.66% | top2=99.61% | top3=100.00% | acc=97.66% | bal_acc=97.62% | macro_f1=0.9786 | qwk=0.9687 | mae=0.0273 | weighted_f1=0.9765 | precision_macro=0.9810 | recall_macro=0.9762
 No improvement. Bad epochs: 9/15

Epoch 45/60 | Time 0m 16s
  Train | loss=0.4120 | top1=99.72% | top2=100.00% | top3=100.00%
  Valid | loss=0.4293 | top1=98.05% | top2=99.61% | top3=100.00% | acc=98.05% | bal_acc=97.98% | macro_f1=0.9810 | qwk=0.9724 | mae=0.0234 | weighted_f1=0.9804 | precision_macro=0.9824 | recall_macro=0.9798
 No improvement. Bad epochs: 10/15

Epoch 46/60 | Time 0m 16s
  Train | loss=0.4123 | top1=99.74% | top2=99.93% | top3=99.98%
  Valid | loss=0.4296 | top1=97.66% | top2=99.41% | top3=100.00% | acc=97.66% | bal_acc=97.62% | macro_f1=0.9774 | qwk=0.9688 | mae=0.0273 | weighted_f1=0.9765 | precision_macro=0.9786 | recall_macro=0.9762
 No improvement. Bad epochs: 11/15

Epoch 47/60 | Time 0m 16s
  Train | loss=0.4125 | top1=99.63% | top2=99.98% | top3=100.00%
  Valid | loss=0.4326 | top1=97.46% | top2=99.61% | top3=100.00% | acc=97.46% | bal_acc=97.65% | macro_f1=0.9763 | qwk=0.9673 | mae=0.0293 | weighted_f1=0.9746 | precision_macro=0.9762 | recall_macro=0.9765
 No improvement. Bad epochs: 12/15

Epoch 48/60 | Time 0m 16s
  Train | loss=0.4116 | top1=99.74% | top2=100.00% | top3=100.00%
  Valid | loss=0.4301 | top1=97.66% | top2=99.61% | top3=100.00% | acc=97.66% | bal_acc=97.83% | macro_f1=0.9775 | qwk=0.9690 | mae=0.0273 | weighted_f1=0.9766 | precision_macro=0.9768 | recall_macro=0.9783
 No improvement. Bad epochs: 13/15

Epoch 49/60 | Time 0m 16s
  Train | loss=0.4119 | top1=99.61% | top2=99.98% | top3=100.00%
  Valid | loss=0.4294 | top1=97.66% | top2=99.61% | top3=100.00% | acc=97.66% | bal_acc=97.79% | macro_f1=0.9775 | qwk=0.9690 | mae=0.0273 | weighted_f1=0.9765 | precision_macro=0.9772 | recall_macro=0.9779
 No improvement. Bad epochs: 14/15

Epoch 50/60 | Time 0m 16s
  Train | loss=0.4116 | top1=99.72% | top2=100.00% | top3=100.00%
  Valid | loss=0.4276 | top1=98.05% | top2=99.41% | top3=100.00% | acc=98.05% | bal_acc=98.11% | macro_f1=0.9835 | qwk=0.9722 | mae=0.0234 | weighted_f1=0.9804 | precision_macro=0.9860 | recall_macro=0.9811
 No improvement. Bad epochs: 15/15
 Early stopping triggered at epoch 50.

Loading best model (epoch=35, macro_f1=0.9871)

Test | loss=0.4170 | top1=98.98% | top2=99.84% | top3=100.00% | acc=98.98% | bal_acc=99.06% | macro_f1=0.9919 | qwk=0.9889 | mae=0.0109 | weighted_f1=0.9898 | precision_macro=0.9932 | recall_macro=0.9906
     ovr_roc_auc_macro=0.9989 | ovr_pr_auc_macro=0.9982
Checkpoint: /root/autodl-tmp/MedVisionLab/Alzheimer_MRI_Loss/checkpoints/best_convnext_t_mesc_equal_dast_convnext_t_all_5seed_adni_mesc_equal_dast_seed6.pt
