COMMAND: /root/miniconda3/envs/medvision/bin/python -u /root/autodl-tmp/MedVisionLab/tools/train_convnext_t_experiment.py --dataset adni --data-root /root/autodl-tmp/Augmented_Alzheimer_MRI/OriginalDataset --attention none --loss coral --seed 4 --epochs 60 --patience 15 --batch-size 32 --image-size 224 --num-workers 2 --early-delta 0.0001 --base-lr 0.0001 --koa-backbone-lr 0.0001 --koa-head-lr 0.001 --weight-decay 0.0001 --dast-tau 1.0 --dast-gamma 1.5 --sord-tau 1.0 --label-smoothing 0.1 --run-tag convnext_t_all_5seed_adni_baseline_coral_seed4
==========================================================================================
Starting ConvNeXt-T experiment on ADNI...
Using device: cuda
CUDA device: NVIDIA GeForce RTX 4090
Config | seed=4, attention=none, loss=coral, epochs=60, patience=15, batch_size=32, image_size=224, pretrained=True
Backbone: ConvNeXt-T | stage3=features[5] | stage3_channels=384
Data root: /root/autodl-tmp/Augmented_Alzheimer_MRI/OriginalDataset
Class order: ['NonDemented', 'VeryMildDemented', 'MildDemented', 'ModerateDemented']
Split sizes | train=4608, valid=512, test=1280
Train class counts: [2304, 1613, 645, 46]
Optimizer: matched progressive Adam | stem=1e-05, stage1=1.25e-05, downsample1=1.6666667e-05, stage2=1.6666667e-05, downsample2=2.5e-05, stage3=2.5e-05, downsample3=5e-05, stage4=5e-05, norm=0.0001, head=0.0001
Trainable parameters: 27,820,899

Epoch 01/60 | Time 0m 16s
  Train | loss=0.4339 | top1=50.04% | top2=80.40% | top3=86.00%
  Valid | loss=0.4078 | top1=50.39% | top2=84.18% | top3=85.94% | acc=50.39% | bal_acc=25.28% | macro_f1=0.1730 | qwk=0.0132 | mae=0.6523 | weighted_f1=0.3427 | precision_macro=0.2510 | recall_macro=0.2528
 Validation improved. Saved best model (macro_f1=0.1730)

Epoch 02/60 | Time 0m 16s
  Train | loss=0.3906 | top1=52.76% | top2=80.45% | top3=86.20%
  Valid | loss=0.3589 | top1=56.64% | top2=76.17% | top3=86.72% | acc=56.64% | bal_acc=31.50% | macro_f1=0.2949 | qwk=0.3082 | mae=0.5059 | weighted_f1=0.4948 | precision_macro=0.4682 | recall_macro=0.3150
 Validation improved. Saved best model (macro_f1=0.2949)

Epoch 03/60 | Time 0m 16s
  Train | loss=0.3625 | top1=56.34% | top2=76.17% | top3=86.61%
  Valid | loss=0.3382 | top1=58.79% | top2=73.83% | top3=85.74% | acc=58.79% | bal_acc=34.16% | macro_f1=0.3326 | qwk=0.4602 | mae=0.4551 | weighted_f1=0.5350 | precision_macro=0.3814 | recall_macro=0.3416
 Validation improved. Saved best model (macro_f1=0.3326)

Epoch 04/60 | Time 0m 16s
  Train | loss=0.3408 | top1=59.68% | top2=75.13% | top3=87.35%
  Valid | loss=0.3212 | top1=61.13% | top2=73.83% | top3=87.30% | acc=61.13% | bal_acc=37.70% | macro_f1=0.3773 | qwk=0.5448 | mae=0.4160 | weighted_f1=0.5696 | precision_macro=0.4211 | recall_macro=0.3770
 Validation improved. Saved best model (macro_f1=0.3773)

Epoch 05/60 | Time 0m 16s
  Train | loss=0.3203 | top1=62.24% | top2=75.54% | top3=88.26%
  Valid | loss=0.2965 | top1=66.80% | top2=74.61% | top3=89.06% | acc=66.80% | bal_acc=46.81% | macro_f1=0.4846 | qwk=0.6396 | mae=0.3477 | weighted_f1=0.6289 | precision_macro=0.5772 | recall_macro=0.4681
 Validation improved. Saved best model (macro_f1=0.4846)

Epoch 06/60 | Time 0m 16s
  Train | loss=0.2964 | top1=66.17% | top2=76.93% | top3=90.26%
  Valid | loss=0.2982 | top1=72.46% | top2=69.14% | top3=91.99% | acc=72.46% | bal_acc=64.62% | macro_f1=0.5602 | qwk=0.7748 | mae=0.2832 | weighted_f1=0.7190 | precision_macro=0.5561 | recall_macro=0.6462
 Validation improved. Saved best model (macro_f1=0.5602)

Epoch 07/60 | Time 0m 16s
  Train | loss=0.2715 | top1=69.34% | top2=78.19% | top3=92.17%
  Valid | loss=0.2681 | top1=67.19% | top2=79.88% | top3=91.60% | acc=67.19% | bal_acc=63.79% | macro_f1=0.5381 | qwk=0.6989 | mae=0.3438 | weighted_f1=0.6349 | precision_macro=0.5784 | recall_macro=0.6379
 No improvement. Bad epochs: 1/15

Epoch 08/60 | Time 0m 16s
  Train | loss=0.2532 | top1=70.81% | top2=81.05% | top3=93.68%
  Valid | loss=0.2595 | top1=71.88% | top2=77.54% | top3=93.95% | acc=71.88% | bal_acc=71.59% | macro_f1=0.5338 | qwk=0.8037 | mae=0.2891 | weighted_f1=0.7182 | precision_macro=0.5660 | recall_macro=0.7159
 No improvement. Bad epochs: 2/15

Epoch 09/60 | Time 0m 16s
  Train | loss=0.2400 | top1=74.35% | top2=81.77% | top3=94.49%
  Valid | loss=0.2483 | top1=82.03% | top2=75.98% | top3=93.95% | acc=82.03% | bal_acc=83.00% | macro_f1=0.7001 | qwk=0.8601 | mae=0.1797 | weighted_f1=0.8174 | precision_macro=0.6864 | recall_macro=0.8300
 Validation improved. Saved best model (macro_f1=0.7001)

Epoch 10/60 | Time 0m 16s
  Train | loss=0.2340 | top1=76.48% | top2=83.38% | top3=94.38%
  Valid | loss=0.2315 | top1=74.61% | top2=84.96% | top3=94.14% | acc=74.61% | bal_acc=75.24% | macro_f1=0.6184 | qwk=0.7853 | mae=0.2617 | weighted_f1=0.7302 | precision_macro=0.6666 | recall_macro=0.7524
 No improvement. Bad epochs: 1/15

Epoch 11/60 | Time 0m 16s
  Train | loss=0.2252 | top1=78.32% | top2=85.33% | top3=94.25%
  Valid | loss=0.2304 | top1=83.20% | top2=81.84% | top3=95.12% | acc=83.20% | bal_acc=81.47% | macro_f1=0.6616 | qwk=0.8684 | mae=0.1719 | weighted_f1=0.8387 | precision_macro=0.6746 | recall_macro=0.8147
 No improvement. Bad epochs: 2/15

Epoch 12/60 | Time 0m 16s
  Train | loss=0.2214 | top1=79.54% | top2=87.07% | top3=94.57%
  Valid | loss=0.2234 | top1=78.91% | top2=89.26% | top3=94.34% | acc=78.91% | bal_acc=78.98% | macro_f1=0.6577 | qwk=0.8284 | mae=0.2148 | weighted_f1=0.7849 | precision_macro=0.7030 | recall_macro=0.7898
 No improvement. Bad epochs: 3/15

Epoch 13/60 | Time 0m 16s
  Train | loss=0.2159 | top1=81.64% | top2=88.37% | top3=94.18%
  Valid | loss=0.2260 | top1=76.56% | top2=88.09% | top3=91.80% | acc=76.56% | bal_acc=77.68% | macro_f1=0.6806 | qwk=0.7956 | mae=0.2383 | weighted_f1=0.7499 | precision_macro=0.7193 | recall_macro=0.7768
 No improvement. Bad epochs: 4/15

Epoch 14/60 | Time 0m 16s
  Train | loss=0.2102 | top1=82.57% | top2=89.47% | top3=94.53%
  Valid | loss=0.2124 | top1=83.79% | top2=90.04% | top3=94.14% | acc=83.79% | bal_acc=83.68% | macro_f1=0.7404 | qwk=0.8648 | mae=0.1621 | weighted_f1=0.8339 | precision_macro=0.7517 | recall_macro=0.8368
 Validation improved. Saved best model (macro_f1=0.7404)

Epoch 15/60 | Time 0m 16s
  Train | loss=0.2079 | top1=83.94% | top2=90.58% | top3=95.20%
  Valid | loss=0.2145 | top1=81.45% | top2=89.84% | top3=93.75% | acc=81.45% | bal_acc=82.08% | macro_f1=0.7316 | qwk=0.8394 | mae=0.1875 | weighted_f1=0.8080 | precision_macro=0.7490 | recall_macro=0.8208
 No improvement. Bad epochs: 1/15

Epoch 16/60 | Time 0m 16s
  Train | loss=0.2029 | top1=84.53% | top2=91.19% | top3=95.88%
  Valid | loss=0.2103 | top1=87.30% | top2=90.04% | top3=94.53% | acc=87.30% | bal_acc=87.06% | macro_f1=0.7788 | qwk=0.8884 | mae=0.1289 | weighted_f1=0.8724 | precision_macro=0.7789 | recall_macro=0.8706
 Validation improved. Saved best model (macro_f1=0.7788)

Epoch 17/60 | Time 0m 16s
  Train | loss=0.2018 | top1=86.41% | top2=91.08% | top3=95.75%
  Valid | loss=0.2082 | top1=86.91% | top2=87.30% | top3=92.58% | acc=86.91% | bal_acc=87.16% | macro_f1=0.8227 | qwk=0.8859 | mae=0.1309 | weighted_f1=0.8654 | precision_macro=0.8205 | recall_macro=0.8716
 Validation improved. Saved best model (macro_f1=0.8227)

Epoch 18/60 | Time 0m 16s
  Train | loss=0.1982 | top1=87.00% | top2=91.23% | top3=96.59%
  Valid | loss=0.2013 | top1=85.74% | top2=92.38% | top3=96.88% | acc=85.74% | bal_acc=85.32% | macro_f1=0.7291 | qwk=0.8874 | mae=0.1426 | weighted_f1=0.8608 | precision_macro=0.7494 | recall_macro=0.8532
 No improvement. Bad epochs: 1/15

Epoch 19/60 | Time 0m 16s
  Train | loss=0.1966 | top1=88.04% | top2=91.30% | top3=97.20%
  Valid | loss=0.2033 | top1=84.18% | top2=93.95% | top3=98.05% | acc=84.18% | bal_acc=81.30% | macro_f1=0.6674 | qwk=0.8803 | mae=0.1602 | weighted_f1=0.8515 | precision_macro=0.7361 | recall_macro=0.8130
 No improvement. Bad epochs: 2/15

Epoch 20/60 | Time 0m 16s
  Train | loss=0.1939 | top1=88.28% | top2=91.58% | top3=97.37%
  Valid | loss=0.1991 | top1=88.28% | top2=93.55% | top3=98.44% | acc=88.28% | bal_acc=85.48% | macro_f1=0.7079 | qwk=0.9122 | mae=0.1172 | weighted_f1=0.8928 | precision_macro=0.7296 | recall_macro=0.8548
 No improvement. Bad epochs: 3/15

Epoch 21/60 | Time 0m 16s
  Train | loss=0.1926 | top1=89.58% | top2=91.15% | top3=97.74%
  Valid | loss=0.1983 | top1=89.65% | top2=91.80% | top3=97.07% | acc=89.65% | bal_acc=87.66% | macro_f1=0.7513 | qwk=0.9170 | mae=0.1035 | weighted_f1=0.9015 | precision_macro=0.7652 | recall_macro=0.8766
 No improvement. Bad epochs: 4/15

Epoch 22/60 | Time 0m 16s
  Train | loss=0.1896 | top1=90.15% | top2=90.67% | top3=98.37%
  Valid | loss=0.1943 | top1=88.67% | top2=92.38% | top3=98.05% | acc=88.67% | bal_acc=85.30% | macro_f1=0.7100 | qwk=0.9144 | mae=0.1133 | weighted_f1=0.8965 | precision_macro=0.7521 | recall_macro=0.8530
 No improvement. Bad epochs: 5/15

Epoch 23/60 | Time 0m 16s
  Train | loss=0.1893 | top1=90.47% | top2=90.67% | top3=98.22%
  Valid | loss=0.1962 | top1=90.43% | top2=92.19% | top3=98.63% | acc=90.43% | bal_acc=87.93% | macro_f1=0.7382 | qwk=0.9267 | mae=0.0957 | weighted_f1=0.9150 | precision_macro=0.7621 | recall_macro=0.8793
 No improvement. Bad epochs: 6/15

Epoch 24/60 | Time 0m 16s
  Train | loss=0.1867 | top1=91.86% | top2=90.56% | top3=98.55%
  Valid | loss=0.1929 | top1=90.23% | top2=89.06% | top3=97.27% | acc=90.23% | bal_acc=89.70% | macro_f1=0.7901 | qwk=0.9198 | mae=0.0977 | weighted_f1=0.9046 | precision_macro=0.7834 | recall_macro=0.8970
 No improvement. Bad epochs: 7/15

Epoch 25/60 | Time 0m 16s
  Train | loss=0.1847 | top1=92.14% | top2=90.10% | top3=98.65%
  Valid | loss=0.1879 | top1=92.19% | top2=88.67% | top3=96.88% | acc=92.19% | bal_acc=91.38% | macro_f1=0.8236 | qwk=0.9337 | mae=0.0781 | weighted_f1=0.9233 | precision_macro=0.8083 | recall_macro=0.9138
 Validation improved. Saved best model (macro_f1=0.8236)

Epoch 26/60 | Time 0m 16s
  Train | loss=0.1869 | top1=91.06% | top2=90.00% | top3=98.37%
  Valid | loss=0.1899 | top1=91.02% | top2=88.87% | top3=98.63% | acc=91.02% | bal_acc=89.92% | macro_f1=0.7793 | qwk=0.9273 | mae=0.0898 | weighted_f1=0.9149 | precision_macro=0.7758 | recall_macro=0.8992
 No improvement. Bad epochs: 1/15

Epoch 27/60 | Time 0m 16s
  Train | loss=0.1824 | top1=93.08% | top2=89.47% | top3=98.96%
  Valid | loss=0.1863 | top1=92.77% | top2=92.97% | top3=99.41% | acc=92.77% | bal_acc=89.06% | macro_f1=0.7458 | qwk=0.9451 | mae=0.0723 | weighted_f1=0.9395 | precision_macro=0.7738 | recall_macro=0.8906
 No improvement. Bad epochs: 2/15

Epoch 28/60 | Time 0m 16s
  Train | loss=0.1799 | top1=94.23% | top2=89.19% | top3=99.13%
  Valid | loss=0.1908 | top1=89.84% | top2=86.72% | top3=97.46% | acc=89.84% | bal_acc=90.08% | macro_f1=0.8627 | qwk=0.9109 | mae=0.1016 | weighted_f1=0.8965 | precision_macro=0.8557 | recall_macro=0.9008
 Validation improved. Saved best model (macro_f1=0.8627)

Epoch 29/60 | Time 0m 16s
  Train | loss=0.1787 | top1=94.14% | top2=89.17% | top3=99.28%
  Valid | loss=0.1852 | top1=95.51% | top2=87.70% | top3=98.24% | acc=95.51% | bal_acc=94.38% | macro_f1=0.8491 | qwk=0.9619 | mae=0.0449 | weighted_f1=0.9575 | precision_macro=0.8259 | recall_macro=0.9438
 No improvement. Bad epochs: 1/15

Epoch 30/60 | Time 0m 16s
  Train | loss=0.1776 | top1=94.40% | top2=88.91% | top3=99.37%
  Valid | loss=0.1820 | top1=93.16% | top2=89.65% | top3=98.83% | acc=93.16% | bal_acc=90.42% | macro_f1=0.7704 | qwk=0.9457 | mae=0.0684 | weighted_f1=0.9395 | precision_macro=0.7800 | recall_macro=0.9042
 No improvement. Bad epochs: 2/15

Epoch 31/60 | Time 0m 16s
  Train | loss=0.1774 | top1=94.31% | top2=88.93% | top3=99.28%
  Valid | loss=0.1815 | top1=91.80% | top2=91.80% | top3=99.41% | acc=91.80% | bal_acc=87.33% | macro_f1=0.7232 | qwk=0.9390 | mae=0.0820 | weighted_f1=0.9305 | precision_macro=0.7621 | recall_macro=0.8733
 No improvement. Bad epochs: 3/15

Epoch 32/60 | Time 0m 16s
  Train | loss=0.1759 | top1=95.49% | top2=88.41% | top3=99.72%
  Valid | loss=0.1814 | top1=94.53% | top2=88.28% | top3=99.22% | acc=94.53% | bal_acc=92.81% | macro_f1=0.8140 | qwk=0.9548 | mae=0.0547 | weighted_f1=0.9497 | precision_macro=0.8025 | recall_macro=0.9281
 No improvement. Bad epochs: 4/15

Epoch 33/60 | Time 0m 16s
  Train | loss=0.1751 | top1=95.25% | top2=88.19% | top3=99.67%
  Valid | loss=0.1815 | top1=94.92% | top2=86.91% | top3=99.22% | acc=94.92% | bal_acc=94.38% | macro_f1=0.8644 | qwk=0.9565 | mae=0.0508 | weighted_f1=0.9506 | precision_macro=0.8387 | recall_macro=0.9438
 Validation improved. Saved best model (macro_f1=0.8644)

Epoch 34/60 | Time 0m 16s
  Train | loss=0.1749 | top1=95.38% | top2=88.22% | top3=99.46%
  Valid | loss=0.1775 | top1=95.51% | top2=86.72% | top3=99.22% | acc=95.51% | bal_acc=94.75% | macro_f1=0.8680 | qwk=0.9615 | mae=0.0449 | weighted_f1=0.9565 | precision_macro=0.8421 | recall_macro=0.9475
 Validation improved. Saved best model (macro_f1=0.8680)

Epoch 35/60 | Time 0m 16s
  Train | loss=0.1720 | top1=96.22% | top2=87.91% | top3=99.74%
  Valid | loss=0.1769 | top1=95.70% | top2=88.09% | top3=99.61% | acc=95.70% | bal_acc=94.06% | macro_f1=0.8246 | qwk=0.9646 | mae=0.0430 | weighted_f1=0.9619 | precision_macro=0.8093 | recall_macro=0.9406
 No improvement. Bad epochs: 1/15

Epoch 36/60 | Time 0m 16s
  Train | loss=0.1719 | top1=96.14% | top2=87.83% | top3=99.61%
  Valid | loss=0.1777 | top1=96.09% | top2=86.91% | top3=99.22% | acc=96.09% | bal_acc=94.76% | macro_f1=0.8526 | qwk=0.9669 | mae=0.0391 | weighted_f1=0.9634 | precision_macro=0.8292 | recall_macro=0.9476
 No improvement. Bad epochs: 2/15

Epoch 37/60 | Time 0m 16s
  Train | loss=0.1728 | top1=95.23% | top2=87.98% | top3=99.57%
  Valid | loss=0.1765 | top1=93.95% | top2=89.45% | top3=99.41% | acc=93.95% | bal_acc=90.32% | macro_f1=0.7615 | qwk=0.9530 | mae=0.0605 | weighted_f1=0.9496 | precision_macro=0.7808 | recall_macro=0.9032
 No improvement. Bad epochs: 3/15

Epoch 38/60 | Time 0m 16s
  Train | loss=0.1714 | top1=96.03% | top2=88.04% | top3=99.65%
  Valid | loss=0.1764 | top1=95.12% | top2=85.94% | top3=99.41% | acc=95.12% | bal_acc=95.26% | macro_f1=0.9051 | qwk=0.9577 | mae=0.0488 | weighted_f1=0.9512 | precision_macro=0.8815 | recall_macro=0.9526
 Validation improved. Saved best model (macro_f1=0.9051)

Epoch 39/60 | Time 0m 16s
  Train | loss=0.1707 | top1=96.22% | top2=87.33% | top3=99.72%
  Valid | loss=0.1770 | top1=94.73% | top2=88.67% | top3=99.61% | acc=94.73% | bal_acc=92.70% | macro_f1=0.8020 | qwk=0.9574 | mae=0.0527 | weighted_f1=0.9537 | precision_macro=0.7966 | recall_macro=0.9270
 No improvement. Bad epochs: 1/15

Epoch 40/60 | Time 0m 16s
  Train | loss=0.1692 | top1=96.68% | top2=87.48% | top3=99.85%
  Valid | loss=0.1769 | top1=95.51% | top2=86.72% | top3=99.61% | acc=95.51% | bal_acc=95.17% | macro_f1=0.8709 | qwk=0.9618 | mae=0.0449 | weighted_f1=0.9566 | precision_macro=0.8432 | recall_macro=0.9517
 No improvement. Bad epochs: 2/15

Epoch 41/60 | Time 0m 16s
  Train | loss=0.1690 | top1=96.77% | top2=87.20% | top3=99.87%
  Valid | loss=0.1772 | top1=94.73% | top2=87.50% | top3=99.61% | acc=94.73% | bal_acc=93.95% | macro_f1=0.8390 | qwk=0.9560 | mae=0.0527 | weighted_f1=0.9503 | precision_macro=0.8184 | recall_macro=0.9395
 No improvement. Bad epochs: 3/15

Epoch 42/60 | Time 0m 16s
  Train | loss=0.1684 | top1=96.70% | top2=87.26% | top3=99.83%
  Valid | loss=0.1726 | top1=95.90% | top2=86.91% | top3=99.61% | acc=95.90% | bal_acc=94.66% | macro_f1=0.8389 | qwk=0.9658 | mae=0.0410 | weighted_f1=0.9628 | precision_macro=0.8178 | recall_macro=0.9466
 No improvement. Bad epochs: 4/15

Epoch 43/60 | Time 0m 16s
  Train | loss=0.1677 | top1=96.72% | top2=87.46% | top3=99.80%
  Valid | loss=0.1729 | top1=96.48% | top2=86.91% | top3=99.41% | acc=96.48% | bal_acc=95.08% | macro_f1=0.8551 | qwk=0.9701 | mae=0.0352 | weighted_f1=0.9673 | precision_macro=0.8308 | recall_macro=0.9508
 No improvement. Bad epochs: 5/15

Epoch 44/60 | Time 0m 16s
  Train | loss=0.1680 | top1=96.88% | top2=87.26% | top3=99.78%
  Valid | loss=0.1711 | top1=96.68% | top2=86.72% | top3=99.61% | acc=96.68% | bal_acc=96.17% | macro_f1=0.8893 | qwk=0.9715 | mae=0.0332 | weighted_f1=0.9680 | precision_macro=0.8598 | recall_macro=0.9617
 No improvement. Bad epochs: 6/15

Epoch 45/60 | Time 0m 16s
  Train | loss=0.1682 | top1=96.88% | top2=86.89% | top3=99.78%
  Valid | loss=0.1719 | top1=95.51% | top2=87.70% | top3=99.80% | acc=95.51% | bal_acc=94.13% | macro_f1=0.8250 | qwk=0.9631 | mae=0.0449 | weighted_f1=0.9601 | precision_macro=0.8089 | recall_macro=0.9413
 No improvement. Bad epochs: 7/15

Epoch 46/60 | Time 0m 16s
  Train | loss=0.1669 | top1=96.79% | top2=87.24% | top3=99.72%
  Valid | loss=0.1712 | top1=96.88% | top2=86.72% | top3=99.61% | acc=96.88% | bal_acc=95.57% | macro_f1=0.8524 | qwk=0.9737 | mae=0.0312 | weighted_f1=0.9721 | precision_macro=0.8277 | recall_macro=0.9557
 No improvement. Bad epochs: 8/15

Epoch 47/60 | Time 0m 16s
  Train | loss=0.1665 | top1=97.16% | top2=87.09% | top3=99.85%
  Valid | loss=0.1715 | top1=96.29% | top2=86.72% | top3=99.61% | acc=96.29% | bal_acc=95.52% | macro_f1=0.8743 | qwk=0.9683 | mae=0.0371 | weighted_f1=0.9645 | precision_macro=0.8464 | recall_macro=0.9552
 No improvement. Bad epochs: 9/15

Epoch 48/60 | Time 0m 16s
  Train | loss=0.1663 | top1=97.09% | top2=87.02% | top3=99.78%
  Valid | loss=0.1706 | top1=96.68% | top2=86.33% | top3=99.61% | acc=96.68% | bal_acc=96.21% | macro_f1=0.8893 | qwk=0.9715 | mae=0.0332 | weighted_f1=0.9680 | precision_macro=0.8593 | recall_macro=0.9621
 No improvement. Bad epochs: 10/15

Epoch 49/60 | Time 0m 16s
  Train | loss=0.1660 | top1=97.22% | top2=86.98% | top3=99.83%
  Valid | loss=0.1708 | top1=97.07% | top2=86.72% | top3=99.61% | acc=97.07% | bal_acc=95.87% | macro_f1=0.8692 | qwk=0.9750 | mae=0.0293 | weighted_f1=0.9728 | precision_macro=0.8417 | recall_macro=0.9587
 No improvement. Bad epochs: 11/15

Epoch 50/60 | Time 0m 16s
  Train | loss=0.1656 | top1=97.81% | top2=86.87% | top3=99.87%
  Valid | loss=0.1706 | top1=96.68% | top2=86.72% | top3=99.61% | acc=96.68% | bal_acc=95.68% | macro_f1=0.8668 | qwk=0.9717 | mae=0.0332 | weighted_f1=0.9689 | precision_macro=0.8390 | recall_macro=0.9568
 No improvement. Bad epochs: 12/15

Epoch 51/60 | Time 0m 16s
  Train | loss=0.1656 | top1=97.35% | top2=87.04% | top3=99.91%
  Valid | loss=0.1700 | top1=96.68% | top2=86.91% | top3=99.61% | acc=96.68% | bal_acc=95.55% | macro_f1=0.8592 | qwk=0.9720 | mae=0.0332 | weighted_f1=0.9695 | precision_macro=0.8336 | recall_macro=0.9555
 No improvement. Bad epochs: 13/15

Epoch 52/60 | Time 0m 16s
  Train | loss=0.1660 | top1=97.55% | top2=86.89% | top3=99.91%
  Valid | loss=0.1705 | top1=95.12% | top2=87.30% | top3=99.61% | acc=95.12% | bal_acc=93.56% | macro_f1=0.8194 | qwk=0.9596 | mae=0.0488 | weighted_f1=0.9559 | precision_macro=0.8046 | recall_macro=0.9356
 No improvement. Bad epochs: 14/15

Epoch 53/60 | Time 0m 16s
  Train | loss=0.1661 | top1=97.37% | top2=86.85% | top3=99.93%
  Valid | loss=0.1701 | top1=96.29% | top2=86.91% | top3=99.61% | acc=96.29% | bal_acc=95.15% | macro_f1=0.8629 | qwk=0.9683 | mae=0.0371 | weighted_f1=0.9649 | precision_macro=0.8369 | recall_macro=0.9515
 No improvement. Bad epochs: 15/15
 Early stopping triggered at epoch 53.

Loading best model (epoch=38, macro_f1=0.9051)

Test | loss=0.1781 | top1=94.14% | top2=87.27% | top3=98.91% | acc=94.14% | bal_acc=92.88% | macro_f1=0.8437 | qwk=0.9461 | mae=0.0602 | weighted_f1=0.9429 | precision_macro=0.8274 | recall_macro=0.9288
     ovr_roc_auc_macro=0.9963 | ovr_pr_auc_macro=0.9930
Checkpoint: /root/autodl-tmp/MedVisionLab/Alzheimer_MRI_Loss/checkpoints/best_convnext_t_none_coral_convnext_t_all_5seed_adni_baseline_coral_seed4.pt
