COMMAND: /root/miniconda3/envs/medvision/bin/python -u /root/autodl-tmp/MedVisionLab/tools/train_convnext_t_experiment.py --dataset adni --data-root /root/autodl-tmp/Augmented_Alzheimer_MRI/OriginalDataset --attention msca --loss ce --seed 5 --epochs 60 --patience 15 --batch-size 32 --image-size 224 --num-workers 2 --early-delta 0.0001 --base-lr 0.0001 --koa-backbone-lr 0.0001 --koa-head-lr 0.001 --weight-decay 0.0001 --dast-tau 1.0 --dast-gamma 1.5 --sord-tau 1.0 --label-smoothing 0.1 --run-tag convnext_t_all_5seed_adni_msca_ce_seed5
==========================================================================================
Starting ConvNeXt-T experiment on ADNI...
Using device: cuda
CUDA device: NVIDIA GeForce RTX 4090
Config | seed=5, attention=msca, loss=ce, epochs=60, patience=15, batch_size=32, image_size=224, pretrained=True
Backbone: ConvNeXt-T | stage3=features[5] | stage3_channels=384
Data root: /root/autodl-tmp/Augmented_Alzheimer_MRI/OriginalDataset
Class order: ['NonDemented', 'VeryMildDemented', 'MildDemented', 'ModerateDemented']
Split sizes | train=4608, valid=512, test=1280
Train class counts: [2304, 1613, 645, 46]
Optimizer: matched progressive Adam | stem=1e-05, stage1=1.25e-05, downsample1=1.6666667e-05, stage2=1.6666667e-05, downsample2=2.5e-05, stage3=2.5e-05, attention=3.3333333e-05, downsample3=5e-05, stage4=5e-05, norm=0.0001, head=0.0001
Trainable parameters: 28,308,964

Epoch 01/60 | Time 0m 17s
  Train | loss=1.1610 | top1=44.38% | top2=76.11% | top3=96.20%
  Valid | loss=1.0095 | top1=53.52% | top2=84.96% | top3=99.02% | acc=53.52% | bal_acc=27.98% | macro_f1=0.2339 | qwk=0.0645 | mae=0.6055 | weighted_f1=0.4298 | precision_macro=0.2776 | recall_macro=0.2798
 Validation improved. Saved best model (macro_f1=0.2339)

Epoch 02/60 | Time 0m 16s
  Train | loss=0.9688 | top1=53.39% | top2=85.55% | top3=99.00%
  Valid | loss=0.8619 | top1=59.38% | top2=87.70% | top3=99.02% | acc=59.38% | bal_acc=34.10% | macro_f1=0.3133 | qwk=0.4297 | mae=0.4336 | weighted_f1=0.5494 | precision_macro=0.2905 | recall_macro=0.3410
 Validation improved. Saved best model (macro_f1=0.3133)

Epoch 03/60 | Time 0m 16s
  Train | loss=0.8487 | top1=60.31% | top2=88.22% | top3=99.00%
  Valid | loss=0.7318 | top1=68.75% | top2=89.45% | top3=99.02% | acc=68.75% | bal_acc=42.66% | macro_f1=0.4284 | qwk=0.5526 | mae=0.3418 | weighted_f1=0.6611 | precision_macro=0.5659 | recall_macro=0.4266
 Validation improved. Saved best model (macro_f1=0.4284)

Epoch 04/60 | Time 0m 16s
  Train | loss=0.7416 | top1=67.17% | top2=90.30% | top3=99.07%
  Valid | loss=0.6284 | top1=72.07% | top2=93.75% | top3=99.02% | acc=72.07% | bal_acc=52.06% | macro_f1=0.5081 | qwk=0.6436 | mae=0.3184 | weighted_f1=0.7240 | precision_macro=0.5005 | recall_macro=0.5206
 Validation improved. Saved best model (macro_f1=0.5081)

Epoch 05/60 | Time 0m 16s
  Train | loss=0.6046 | top1=74.52% | top2=93.58% | top3=99.41%
  Valid | loss=0.4629 | top1=80.08% | top2=97.27% | top3=100.00% | acc=80.08% | bal_acc=70.66% | macro_f1=0.7566 | qwk=0.7456 | mae=0.2188 | weighted_f1=0.7991 | precision_macro=0.8527 | recall_macro=0.7066
 Validation improved. Saved best model (macro_f1=0.7566)

Epoch 06/60 | Time 0m 16s
  Train | loss=0.4235 | top1=83.40% | top2=96.88% | top3=99.85%
  Valid | loss=0.3600 | top1=84.96% | top2=97.07% | top3=100.00% | acc=84.96% | bal_acc=68.11% | macro_f1=0.7451 | qwk=0.7849 | mae=0.1699 | weighted_f1=0.8430 | precision_macro=0.9144 | recall_macro=0.6811
 No improvement. Bad epochs: 1/15

Epoch 07/60 | Time 0m 16s
  Train | loss=0.2953 | top1=88.85% | top2=98.44% | top3=99.98%
  Valid | loss=0.2679 | top1=89.06% | top2=99.41% | top3=100.00% | acc=89.06% | bal_acc=91.65% | macro_f1=0.9087 | qwk=0.8819 | mae=0.1191 | weighted_f1=0.8892 | precision_macro=0.9063 | recall_macro=0.9165
 Validation improved. Saved best model (macro_f1=0.9087)

Epoch 08/60 | Time 0m 16s
  Train | loss=0.2050 | top1=92.69% | top2=99.05% | top3=99.91%
  Valid | loss=0.1481 | top1=95.31% | top2=99.41% | top3=100.00% | acc=95.31% | bal_acc=95.66% | macro_f1=0.9583 | qwk=0.9422 | mae=0.0527 | weighted_f1=0.9532 | precision_macro=0.9606 | recall_macro=0.9566
 Validation improved. Saved best model (macro_f1=0.9583)

Epoch 09/60 | Time 0m 16s
  Train | loss=0.1294 | top1=95.75% | top2=99.65% | top3=100.00%
  Valid | loss=0.1400 | top1=95.51% | top2=99.22% | top3=99.80% | acc=95.51% | bal_acc=94.55% | macro_f1=0.9585 | qwk=0.9326 | mae=0.0547 | weighted_f1=0.9545 | precision_macro=0.9752 | recall_macro=0.9455
 Validation improved. Saved best model (macro_f1=0.9585)

Epoch 10/60 | Time 0m 16s
  Train | loss=0.1037 | top1=96.64% | top2=99.63% | top3=99.96%
  Valid | loss=0.1173 | top1=96.29% | top2=99.80% | top3=100.00% | acc=96.29% | bal_acc=96.02% | macro_f1=0.9672 | qwk=0.9609 | mae=0.0391 | weighted_f1=0.9629 | precision_macro=0.9764 | recall_macro=0.9602
 Validation improved. Saved best model (macro_f1=0.9672)

Epoch 11/60 | Time 0m 16s
  Train | loss=0.0833 | top1=97.40% | top2=99.93% | top3=100.00%
  Valid | loss=0.1169 | top1=95.90% | top2=100.00% | top3=100.00% | acc=95.90% | bal_acc=97.70% | macro_f1=0.9721 | qwk=0.9529 | mae=0.0449 | weighted_f1=0.9591 | precision_macro=0.9692 | recall_macro=0.9770
 Validation improved. Saved best model (macro_f1=0.9721)

Epoch 12/60 | Time 0m 16s
  Train | loss=0.0582 | top1=98.22% | top2=99.78% | top3=99.98%
  Valid | loss=0.0765 | top1=96.68% | top2=99.61% | top3=100.00% | acc=96.68% | bal_acc=97.05% | macro_f1=0.9318 | qwk=0.9510 | mae=0.0410 | weighted_f1=0.9668 | precision_macro=0.9057 | recall_macro=0.9705
 No improvement. Bad epochs: 1/15

Epoch 13/60 | Time 0m 16s
  Train | loss=0.0504 | top1=98.57% | top2=99.89% | top3=99.98%
  Valid | loss=0.0677 | top1=97.85% | top2=99.80% | top3=100.00% | acc=97.85% | bal_acc=98.09% | macro_f1=0.9848 | qwk=0.9706 | mae=0.0254 | weighted_f1=0.9785 | precision_macro=0.9891 | recall_macro=0.9809
 Validation improved. Saved best model (macro_f1=0.9848)

Epoch 14/60 | Time 0m 16s
  Train | loss=0.0437 | top1=98.68% | top2=99.93% | top3=99.98%
  Valid | loss=0.0288 | top1=99.22% | top2=100.00% | top3=100.00% | acc=99.22% | bal_acc=99.03% | macro_f1=0.9929 | qwk=0.9878 | mae=0.0098 | weighted_f1=0.9922 | precision_macro=0.9957 | recall_macro=0.9903
 Validation improved. Saved best model (macro_f1=0.9929)

Epoch 15/60 | Time 0m 16s
  Train | loss=0.0362 | top1=98.81% | top2=100.00% | top3=100.00%
  Valid | loss=0.0359 | top1=98.44% | top2=100.00% | top3=100.00% | acc=98.44% | bal_acc=98.68% | macro_f1=0.9892 | qwk=0.9862 | mae=0.0156 | weighted_f1=0.9843 | precision_macro=0.9919 | recall_macro=0.9868
 No improvement. Bad epochs: 1/15

Epoch 16/60 | Time 0m 16s
  Train | loss=0.0419 | top1=98.63% | top2=99.93% | top3=100.00%
  Valid | loss=0.0331 | top1=98.44% | top2=100.00% | top3=100.00% | acc=98.44% | bal_acc=99.01% | macro_f1=0.9882 | qwk=0.9811 | mae=0.0176 | weighted_f1=0.9844 | precision_macro=0.9865 | recall_macro=0.9901
 No improvement. Bad epochs: 2/15

Epoch 17/60 | Time 0m 16s
  Train | loss=0.0363 | top1=99.02% | top2=99.87% | top3=100.00%
  Valid | loss=0.0592 | top1=97.27% | top2=99.80% | top3=100.00% | acc=97.27% | bal_acc=97.84% | macro_f1=0.9761 | qwk=0.9711 | mae=0.0293 | weighted_f1=0.9725 | precision_macro=0.9751 | recall_macro=0.9784
 No improvement. Bad epochs: 3/15

Epoch 18/60 | Time 0m 16s
  Train | loss=0.0289 | top1=99.24% | top2=99.91% | top3=100.00%
  Valid | loss=0.0276 | top1=99.02% | top2=100.00% | top3=100.00% | acc=99.02% | bal_acc=98.89% | macro_f1=0.9917 | qwk=0.9861 | mae=0.0117 | weighted_f1=0.9902 | precision_macro=0.9947 | recall_macro=0.9889
 No improvement. Bad epochs: 4/15

Epoch 19/60 | Time 0m 16s
  Train | loss=0.0332 | top1=98.96% | top2=99.96% | top3=100.00%
  Valid | loss=0.0301 | top1=98.05% | top2=100.00% | top3=100.00% | acc=98.05% | bal_acc=98.44% | macro_f1=0.9824 | qwk=0.9723 | mae=0.0234 | weighted_f1=0.9805 | precision_macro=0.9805 | recall_macro=0.9844
 No improvement. Bad epochs: 5/15

Epoch 20/60 | Time 0m 16s
  Train | loss=0.0264 | top1=99.07% | top2=99.87% | top3=99.98%
  Valid | loss=0.0122 | top1=99.80% | top2=100.00% | top3=100.00% | acc=99.80% | bal_acc=99.90% | macro_f1=0.9988 | qwk=0.9983 | mae=0.0020 | weighted_f1=0.9980 | precision_macro=0.9986 | recall_macro=0.9990
 Validation improved. Saved best model (macro_f1=0.9988)

Epoch 21/60 | Time 0m 16s
  Train | loss=0.0213 | top1=99.31% | top2=99.96% | top3=100.00%
  Valid | loss=0.0150 | top1=99.22% | top2=100.00% | top3=100.00% | acc=99.22% | bal_acc=99.57% | macro_f1=0.9942 | qwk=0.9879 | mae=0.0098 | weighted_f1=0.9922 | precision_macro=0.9928 | recall_macro=0.9957
 No improvement. Bad epochs: 1/15

Epoch 22/60 | Time 0m 16s
  Train | loss=0.0227 | top1=99.48% | top2=99.98% | top3=100.00%
  Valid | loss=0.0118 | top1=99.80% | top2=100.00% | top3=100.00% | acc=99.80% | bal_acc=99.90% | macro_f1=0.9978 | qwk=0.9931 | mae=0.0039 | weighted_f1=0.9981 | precision_macro=0.9966 | recall_macro=0.9990
 No improvement. Bad epochs: 2/15

Epoch 23/60 | Time 0m 16s
  Train | loss=0.0171 | top1=99.48% | top2=99.98% | top3=100.00%
  Valid | loss=0.0074 | top1=100.00% | top2=100.00% | top3=100.00% | acc=100.00% | bal_acc=100.00% | macro_f1=1.0000 | qwk=1.0000 | mae=0.0000 | weighted_f1=1.0000 | precision_macro=1.0000 | recall_macro=1.0000
 Validation improved. Saved best model (macro_f1=1.0000)

Epoch 24/60 | Time 0m 16s
  Train | loss=0.0275 | top1=99.07% | top2=99.91% | top3=100.00%
  Valid | loss=0.0168 | top1=99.02% | top2=100.00% | top3=100.00% | acc=99.02% | bal_acc=98.93% | macro_f1=0.9903 | qwk=0.9913 | mae=0.0098 | weighted_f1=0.9902 | precision_macro=0.9913 | recall_macro=0.9893
 No improvement. Bad epochs: 1/15

Epoch 25/60 | Time 0m 16s
  Train | loss=0.0143 | top1=99.61% | top2=100.00% | top3=100.00%
  Valid | loss=0.0086 | top1=99.80% | top2=100.00% | top3=100.00% | acc=99.80% | bal_acc=99.90% | macro_f1=0.9988 | qwk=0.9983 | mae=0.0020 | weighted_f1=0.9980 | precision_macro=0.9986 | recall_macro=0.9990
 No improvement. Bad epochs: 2/15

Epoch 26/60 | Time 0m 16s
  Train | loss=0.0114 | top1=99.63% | top2=99.98% | top3=100.00%
  Valid | loss=0.0247 | top1=98.63% | top2=100.00% | top3=100.00% | acc=98.63% | bal_acc=98.94% | macro_f1=0.9872 | qwk=0.9776 | mae=0.0176 | weighted_f1=0.9864 | precision_macro=0.9851 | recall_macro=0.9894
 No improvement. Bad epochs: 3/15

Epoch 27/60 | Time 0m 16s
  Train | loss=0.0123 | top1=99.63% | top2=100.00% | top3=100.00%
  Valid | loss=0.0337 | top1=98.63% | top2=99.80% | top3=100.00% | acc=98.63% | bal_acc=98.81% | macro_f1=0.9879 | qwk=0.9879 | mae=0.0137 | weighted_f1=0.9863 | precision_macro=0.9879 | recall_macro=0.9881
 No improvement. Bad epochs: 4/15

Epoch 28/60 | Time 0m 16s
  Train | loss=0.0178 | top1=99.48% | top2=99.98% | top3=100.00%
  Valid | loss=0.0207 | top1=99.02% | top2=100.00% | top3=100.00% | acc=99.02% | bal_acc=98.89% | macro_f1=0.9917 | qwk=0.9861 | mae=0.0117 | weighted_f1=0.9902 | precision_macro=0.9947 | recall_macro=0.9889
 No improvement. Bad epochs: 5/15

Epoch 29/60 | Time 0m 16s
  Train | loss=0.0192 | top1=99.44% | top2=99.93% | top3=99.98%
  Valid | loss=0.0591 | top1=97.85% | top2=100.00% | top3=100.00% | acc=97.85% | bal_acc=97.68% | macro_f1=0.9807 | qwk=0.9756 | mae=0.0234 | weighted_f1=0.9784 | precision_macro=0.9850 | recall_macro=0.9768
 No improvement. Bad epochs: 6/15

Epoch 30/60 | Time 0m 16s
  Train | loss=0.0129 | top1=99.57% | top2=100.00% | top3=100.00%
  Valid | loss=0.0117 | top1=99.61% | top2=100.00% | top3=100.00% | acc=99.61% | bal_acc=99.72% | macro_f1=0.9964 | qwk=0.9966 | mae=0.0039 | weighted_f1=0.9961 | precision_macro=0.9956 | recall_macro=0.9972
 No improvement. Bad epochs: 7/15

Epoch 31/60 | Time 0m 16s
  Train | loss=0.0107 | top1=99.78% | top2=99.96% | top3=100.00%
  Valid | loss=0.0181 | top1=99.02% | top2=100.00% | top3=100.00% | acc=99.02% | bal_acc=99.09% | macro_f1=0.9918 | qwk=0.9862 | mae=0.0117 | weighted_f1=0.9902 | precision_macro=0.9927 | recall_macro=0.9909
 No improvement. Bad epochs: 8/15

Epoch 32/60 | Time 0m 17s
  Train | loss=0.0068 | top1=99.83% | top2=100.00% | top3=100.00%
  Valid | loss=0.0194 | top1=98.83% | top2=100.00% | top3=100.00% | acc=98.83% | bal_acc=99.12% | macro_f1=0.9906 | qwk=0.9844 | mae=0.0137 | weighted_f1=0.9883 | precision_macro=0.9900 | recall_macro=0.9912
 No improvement. Bad epochs: 9/15

Epoch 33/60 | Time 0m 17s
  Train | loss=0.0081 | top1=99.83% | top2=99.98% | top3=100.00%
  Valid | loss=0.0047 | top1=100.00% | top2=100.00% | top3=100.00% | acc=100.00% | bal_acc=100.00% | macro_f1=1.0000 | qwk=1.0000 | mae=0.0000 | weighted_f1=1.0000 | precision_macro=1.0000 | recall_macro=1.0000
 No improvement. Bad epochs: 10/15

Epoch 34/60 | Time 0m 16s
  Train | loss=0.0089 | top1=99.78% | top2=99.96% | top3=100.00%
  Valid | loss=0.0081 | top1=99.80% | top2=100.00% | top3=100.00% | acc=99.80% | bal_acc=99.86% | macro_f1=0.9976 | qwk=0.9983 | mae=0.0020 | weighted_f1=0.9981 | precision_macro=0.9966 | recall_macro=0.9986
 No improvement. Bad epochs: 11/15

Epoch 35/60 | Time 0m 16s
  Train | loss=0.0146 | top1=99.59% | top2=99.93% | top3=100.00%
  Valid | loss=0.0168 | top1=99.61% | top2=100.00% | top3=100.00% | acc=99.61% | bal_acc=99.51% | macro_f1=0.9953 | qwk=0.9914 | mae=0.0059 | weighted_f1=0.9961 | precision_macro=0.9956 | recall_macro=0.9951
 No improvement. Bad epochs: 12/15

Epoch 36/60 | Time 0m 16s
  Train | loss=0.0098 | top1=99.78% | top2=99.98% | top3=100.00%
  Valid | loss=0.0114 | top1=99.61% | top2=100.00% | top3=100.00% | acc=99.61% | bal_acc=99.31% | macro_f1=0.9951 | qwk=0.9965 | mae=0.0039 | weighted_f1=0.9961 | precision_macro=0.9972 | recall_macro=0.9931
 No improvement. Bad epochs: 13/15

Epoch 37/60 | Time 0m 16s
  Train | loss=0.0080 | top1=99.78% | top2=99.98% | top3=100.00%
  Valid | loss=0.0139 | top1=99.41% | top2=100.00% | top3=100.00% | acc=99.41% | bal_acc=99.17% | macro_f1=0.9939 | qwk=0.9948 | mae=0.0059 | weighted_f1=0.9941 | precision_macro=0.9962 | recall_macro=0.9917
 No improvement. Bad epochs: 14/15

Epoch 38/60 | Time 0m 16s
  Train | loss=0.0049 | top1=99.91% | top2=99.98% | top3=100.00%
  Valid | loss=0.0066 | top1=99.80% | top2=100.00% | top3=100.00% | acc=99.80% | bal_acc=99.65% | macro_f1=0.9976 | qwk=0.9983 | mae=0.0020 | weighted_f1=0.9980 | precision_macro=0.9986 | recall_macro=0.9965
 No improvement. Bad epochs: 15/15
 Early stopping triggered at epoch 38.

Loading best model (epoch=23, macro_f1=1.0000)

Test | loss=0.0515 | top1=98.52% | top2=100.00% | top3=100.00% | acc=98.52% | bal_acc=98.60% | macro_f1=0.9871 | qwk=0.9826 | mae=0.0164 | weighted_f1=0.9852 | precision_macro=0.9883 | recall_macro=0.9860
     ovr_roc_auc_macro=0.9996 | ovr_pr_auc_macro=0.9991
Checkpoint: /root/autodl-tmp/MedVisionLab/Alzheimer_MRI_Loss/checkpoints/best_convnext_t_msca_ce_convnext_t_all_5seed_adni_msca_ce_seed5.pt
