COMMAND: /root/miniconda3/envs/medvision/bin/python -u /root/autodl-tmp/MedVisionLab/tools/train_convnext_t_experiment.py --dataset adni --data-root /root/autodl-tmp/Augmented_Alzheimer_MRI/OriginalDataset --attention se --loss ce --seed 5 --epochs 60 --patience 15 --batch-size 32 --image-size 224 --num-workers 2 --early-delta 0.0001 --base-lr 0.0001 --koa-backbone-lr 0.0001 --koa-head-lr 0.001 --weight-decay 0.0001 --dast-tau 1.0 --dast-gamma 1.5 --sord-tau 1.0 --label-smoothing 0.1 --run-tag convnext_t_all_5seed_adni_se_ce_seed5
==========================================================================================
Starting ConvNeXt-T experiment on ADNI...
Using device: cuda
CUDA device: NVIDIA GeForce RTX 4090
Config | seed=5, attention=se, loss=ce, epochs=60, patience=15, batch_size=32, image_size=224, pretrained=True
Backbone: ConvNeXt-T | stage3=features[5] | stage3_channels=384
Data root: /root/autodl-tmp/Augmented_Alzheimer_MRI/OriginalDataset
Class order: ['NonDemented', 'VeryMildDemented', 'MildDemented', 'ModerateDemented']
Split sizes | train=4608, valid=512, test=1280
Train class counts: [2304, 1613, 645, 46]
Optimizer: matched progressive Adam | stem=1e-05, stage1=1.25e-05, downsample1=1.6666667e-05, stage2=1.6666667e-05, downsample2=2.5e-05, stage3=2.5e-05, attention=3.3333333e-05, downsample3=5e-05, stage4=5e-05, norm=0.0001, head=0.0001
Trainable parameters: 27,842,044

Epoch 01/60 | Time 0m 16s
  Train | loss=1.0938 | top1=50.20% | top2=84.53% | top3=98.61%
  Valid | loss=0.9888 | top1=54.10% | top2=84.96% | top3=99.02% | acc=54.10% | bal_acc=28.40% | macro_f1=0.2402 | qwk=0.0797 | mae=0.5957 | weighted_f1=0.4392 | precision_macro=0.2795 | recall_macro=0.2840
 Validation improved. Saved best model (macro_f1=0.2402)

Epoch 02/60 | Time 0m 16s
  Train | loss=0.9525 | top1=55.45% | top2=85.63% | top3=99.00%
  Valid | loss=0.8867 | top1=56.45% | top2=87.11% | top3=99.02% | acc=56.45% | bal_acc=30.78% | macro_f1=0.2793 | qwk=0.2017 | mae=0.5449 | weighted_f1=0.4761 | precision_macro=0.4790 | recall_macro=0.3078
 Validation improved. Saved best model (macro_f1=0.2793)

Epoch 03/60 | Time 0m 16s
  Train | loss=0.8434 | top1=60.37% | top2=87.65% | top3=99.00%
  Valid | loss=0.7884 | top1=63.48% | top2=89.45% | top3=99.02% | acc=63.48% | bal_acc=44.03% | macro_f1=0.4322 | qwk=0.5172 | mae=0.4043 | weighted_f1=0.6383 | precision_macro=0.4555 | recall_macro=0.4403
 Validation improved. Saved best model (macro_f1=0.4322)

Epoch 04/60 | Time 0m 16s
  Train | loss=0.7426 | top1=66.67% | top2=90.78% | top3=99.11%
  Valid | loss=0.5887 | top1=74.41% | top2=93.16% | top3=99.22% | acc=74.41% | bal_acc=48.90% | macro_f1=0.5013 | qwk=0.6446 | mae=0.2871 | weighted_f1=0.7281 | precision_macro=0.5428 | recall_macro=0.4890
 Validation improved. Saved best model (macro_f1=0.5013)

Epoch 05/60 | Time 0m 16s
  Train | loss=0.6006 | top1=74.09% | top2=94.34% | top3=99.74%
  Valid | loss=0.6236 | top1=73.83% | top2=93.95% | top3=99.22% | acc=73.83% | bal_acc=82.98% | macro_f1=0.7436 | qwk=0.6723 | mae=0.3203 | weighted_f1=0.7503 | precision_macro=0.7127 | recall_macro=0.8298
 Validation improved. Saved best model (macro_f1=0.7436)

Epoch 06/60 | Time 0m 16s
  Train | loss=0.4312 | top1=83.01% | top2=97.11% | top3=99.74%
  Valid | loss=0.3470 | top1=85.94% | top2=98.05% | top3=100.00% | acc=85.94% | bal_acc=85.68% | macro_f1=0.8541 | qwk=0.8437 | mae=0.1484 | weighted_f1=0.8587 | precision_macro=0.8778 | recall_macro=0.8568
 Validation improved. Saved best model (macro_f1=0.8541)

Epoch 07/60 | Time 0m 16s
  Train | loss=0.3000 | top1=89.43% | top2=98.63% | top3=99.87%
  Valid | loss=0.2373 | top1=89.84% | top2=99.22% | top3=100.00% | acc=89.84% | bal_acc=89.09% | macro_f1=0.9065 | qwk=0.8695 | mae=0.1152 | weighted_f1=0.8964 | precision_macro=0.9288 | recall_macro=0.8909
 Validation improved. Saved best model (macro_f1=0.9065)

Epoch 08/60 | Time 0m 16s
  Train | loss=0.1952 | top1=93.25% | top2=99.31% | top3=99.98%
  Valid | loss=0.1701 | top1=92.97% | top2=99.61% | top3=100.00% | acc=92.97% | bal_acc=93.94% | macro_f1=0.9464 | qwk=0.9249 | mae=0.0742 | weighted_f1=0.9302 | precision_macro=0.9569 | recall_macro=0.9394
 Validation improved. Saved best model (macro_f1=0.9464)

Epoch 09/60 | Time 0m 16s
  Train | loss=0.1577 | top1=94.18% | top2=99.44% | top3=99.98%
  Valid | loss=0.1189 | top1=95.12% | top2=99.80% | top3=100.00% | acc=95.12% | bal_acc=95.93% | macro_f1=0.9609 | qwk=0.9407 | mae=0.0547 | weighted_f1=0.9512 | precision_macro=0.9627 | recall_macro=0.9593
 Validation improved. Saved best model (macro_f1=0.9609)

Epoch 10/60 | Time 0m 16s
  Train | loss=0.1341 | top1=95.38% | top2=99.67% | top3=99.93%
  Valid | loss=0.0931 | top1=96.09% | top2=99.80% | top3=100.00% | acc=96.09% | bal_acc=96.84% | macro_f1=0.9703 | qwk=0.9597 | mae=0.0410 | weighted_f1=0.9611 | precision_macro=0.9728 | recall_macro=0.9684
 Validation improved. Saved best model (macro_f1=0.9703)

Epoch 11/60 | Time 0m 16s
  Train | loss=0.0920 | top1=97.01% | top2=99.83% | top3=99.96%
  Valid | loss=0.0726 | top1=97.46% | top2=100.00% | top3=100.00% | acc=97.46% | bal_acc=97.98% | macro_f1=0.9771 | qwk=0.9778 | mae=0.0254 | weighted_f1=0.9745 | precision_macro=0.9754 | recall_macro=0.9798
 Validation improved. Saved best model (macro_f1=0.9771)

Epoch 12/60 | Time 0m 16s
  Train | loss=0.0666 | top1=97.83% | top2=99.91% | top3=99.98%
  Valid | loss=0.0482 | top1=99.02% | top2=100.00% | top3=100.00% | acc=99.02% | bal_acc=99.39% | macro_f1=0.9916 | qwk=0.9914 | mae=0.0098 | weighted_f1=0.9902 | precision_macro=0.9895 | recall_macro=0.9939
 Validation improved. Saved best model (macro_f1=0.9916)

Epoch 13/60 | Time 0m 16s
  Train | loss=0.0565 | top1=98.22% | top2=99.93% | top3=100.00%
  Valid | loss=0.0534 | top1=98.05% | top2=100.00% | top3=100.00% | acc=98.05% | bal_acc=98.90% | macro_f1=0.9847 | qwk=0.9776 | mae=0.0215 | weighted_f1=0.9805 | precision_macro=0.9808 | recall_macro=0.9890
 No improvement. Bad epochs: 1/15

Epoch 14/60 | Time 0m 16s
  Train | loss=0.0562 | top1=98.29% | top2=99.96% | top3=100.00%
  Valid | loss=0.0779 | top1=97.07% | top2=100.00% | top3=100.00% | acc=97.07% | bal_acc=97.74% | macro_f1=0.9786 | qwk=0.9737 | mae=0.0293 | weighted_f1=0.9709 | precision_macro=0.9808 | recall_macro=0.9774
 No improvement. Bad epochs: 2/15

Epoch 15/60 | Time 0m 16s
  Train | loss=0.0532 | top1=98.24% | top2=99.85% | top3=100.00%
  Valid | loss=0.0587 | top1=97.46% | top2=100.00% | top3=100.00% | acc=97.46% | bal_acc=98.27% | macro_f1=0.9811 | qwk=0.9723 | mae=0.0273 | weighted_f1=0.9746 | precision_macro=0.9795 | recall_macro=0.9827
 No improvement. Bad epochs: 3/15

Epoch 16/60 | Time 0m 16s
  Train | loss=0.0480 | top1=98.68% | top2=99.85% | top3=100.00%
  Valid | loss=0.0346 | top1=98.83% | top2=100.00% | top3=100.00% | acc=98.83% | bal_acc=98.79% | macro_f1=0.9906 | qwk=0.9844 | mae=0.0137 | weighted_f1=0.9883 | precision_macro=0.9933 | recall_macro=0.9879
 No improvement. Bad epochs: 4/15

Epoch 17/60 | Time 0m 16s
  Train | loss=0.0413 | top1=98.74% | top2=99.96% | top3=100.00%
  Valid | loss=0.0436 | top1=98.24% | top2=100.00% | top3=100.00% | acc=98.24% | bal_acc=98.83% | macro_f1=0.9824 | qwk=0.9796 | mae=0.0195 | weighted_f1=0.9825 | precision_macro=0.9774 | recall_macro=0.9883
 No improvement. Bad epochs: 5/15

Epoch 18/60 | Time 0m 16s
  Train | loss=0.0347 | top1=99.05% | top2=99.91% | top3=100.00%
  Valid | loss=0.0406 | top1=98.24% | top2=99.80% | top3=100.00% | acc=98.24% | bal_acc=98.87% | macro_f1=0.9871 | qwk=0.9791 | mae=0.0195 | weighted_f1=0.9825 | precision_macro=0.9858 | recall_macro=0.9887
 No improvement. Bad epochs: 6/15

Epoch 19/60 | Time 0m 16s
  Train | loss=0.0277 | top1=99.07% | top2=100.00% | top3=100.00%
  Valid | loss=0.0288 | top1=99.02% | top2=100.00% | top3=100.00% | acc=99.02% | bal_acc=99.30% | macro_f1=0.9940 | qwk=0.9914 | mae=0.0098 | weighted_f1=0.9902 | precision_macro=0.9952 | recall_macro=0.9930
 Validation improved. Saved best model (macro_f1=0.9940)

Epoch 20/60 | Time 0m 16s
  Train | loss=0.0355 | top1=98.78% | top2=99.91% | top3=100.00%
  Valid | loss=0.0225 | top1=99.22% | top2=100.00% | top3=100.00% | acc=99.22% | bal_acc=99.48% | macro_f1=0.9940 | qwk=0.9931 | mae=0.0078 | weighted_f1=0.9922 | precision_macro=0.9932 | recall_macro=0.9948
 No improvement. Bad epochs: 1/15

Epoch 21/60 | Time 0m 16s
  Train | loss=0.0250 | top1=99.28% | top2=99.91% | top3=100.00%
  Valid | loss=0.0195 | top1=99.41% | top2=100.00% | top3=100.00% | acc=99.41% | bal_acc=99.67% | macro_f1=0.9964 | qwk=0.9948 | mae=0.0059 | weighted_f1=0.9941 | precision_macro=0.9962 | recall_macro=0.9967
 Validation improved. Saved best model (macro_f1=0.9964)

Epoch 22/60 | Time 0m 16s
  Train | loss=0.0237 | top1=99.22% | top2=99.93% | top3=100.00%
  Valid | loss=0.0183 | top1=99.22% | top2=100.00% | top3=100.00% | acc=99.22% | bal_acc=99.48% | macro_f1=0.9940 | qwk=0.9931 | mae=0.0078 | weighted_f1=0.9922 | precision_macro=0.9932 | recall_macro=0.9948
 No improvement. Bad epochs: 1/15

Epoch 23/60 | Time 0m 16s
  Train | loss=0.0331 | top1=98.81% | top2=99.98% | top3=100.00%
  Valid | loss=0.0243 | top1=99.02% | top2=100.00% | top3=100.00% | acc=99.02% | bal_acc=98.93% | macro_f1=0.9915 | qwk=0.9913 | mae=0.0098 | weighted_f1=0.9902 | precision_macro=0.9939 | recall_macro=0.9893
 No improvement. Bad epochs: 2/15

Epoch 24/60 | Time 0m 16s
  Train | loss=0.0192 | top1=99.46% | top2=99.96% | top3=100.00%
  Valid | loss=0.0192 | top1=98.83% | top2=100.00% | top3=100.00% | acc=98.83% | bal_acc=99.04% | macro_f1=0.9894 | qwk=0.9845 | mae=0.0137 | weighted_f1=0.9883 | precision_macro=0.9884 | recall_macro=0.9904
 No improvement. Bad epochs: 3/15

Epoch 25/60 | Time 0m 16s
  Train | loss=0.0182 | top1=99.59% | top2=99.93% | top3=100.00%
  Valid | loss=0.0265 | top1=99.22% | top2=100.00% | top3=100.00% | acc=99.22% | bal_acc=99.57% | macro_f1=0.9940 | qwk=0.9931 | mae=0.0078 | weighted_f1=0.9922 | precision_macro=0.9924 | recall_macro=0.9957
 No improvement. Bad epochs: 4/15

Epoch 26/60 | Time 0m 16s
  Train | loss=0.0176 | top1=99.44% | top2=99.96% | top3=100.00%
  Valid | loss=0.0220 | top1=99.41% | top2=100.00% | top3=100.00% | acc=99.41% | bal_acc=99.67% | macro_f1=0.9952 | qwk=0.9948 | mae=0.0059 | weighted_f1=0.9941 | precision_macro=0.9938 | recall_macro=0.9967
 No improvement. Bad epochs: 5/15

Epoch 27/60 | Time 0m 16s
  Train | loss=0.0182 | top1=99.50% | top2=99.93% | top3=100.00%
  Valid | loss=0.0550 | top1=98.05% | top2=99.61% | top3=100.00% | acc=98.05% | bal_acc=96.94% | macro_f1=0.9778 | qwk=0.9717 | mae=0.0234 | weighted_f1=0.9801 | precision_macro=0.9880 | recall_macro=0.9694
 No improvement. Bad epochs: 6/15

Epoch 28/60 | Time 0m 16s
  Train | loss=0.0106 | top1=99.74% | top2=99.98% | top3=100.00%
  Valid | loss=0.0077 | top1=100.00% | top2=100.00% | top3=100.00% | acc=100.00% | bal_acc=100.00% | macro_f1=1.0000 | qwk=1.0000 | mae=0.0000 | weighted_f1=1.0000 | precision_macro=1.0000 | recall_macro=1.0000
 Validation improved. Saved best model (macro_f1=1.0000)

Epoch 29/60 | Time 0m 16s
  Train | loss=0.0139 | top1=99.57% | top2=99.98% | top3=100.00%
  Valid | loss=0.0212 | top1=99.02% | top2=100.00% | top3=100.00% | acc=99.02% | bal_acc=99.26% | macro_f1=0.9918 | qwk=0.9861 | mae=0.0117 | weighted_f1=0.9902 | precision_macro=0.9911 | recall_macro=0.9926
 No improvement. Bad epochs: 1/15

Epoch 30/60 | Time 0m 16s
  Train | loss=0.0187 | top1=99.52% | top2=99.98% | top3=100.00%
  Valid | loss=0.0164 | top1=99.22% | top2=100.00% | top3=100.00% | acc=99.22% | bal_acc=99.57% | macro_f1=0.9942 | qwk=0.9879 | mae=0.0098 | weighted_f1=0.9922 | precision_macro=0.9928 | recall_macro=0.9957
 No improvement. Bad epochs: 2/15

Epoch 31/60 | Time 0m 16s
  Train | loss=0.0108 | top1=99.72% | top2=100.00% | top3=100.00%
  Valid | loss=0.0319 | top1=98.63% | top2=100.00% | top3=100.00% | acc=98.63% | bal_acc=98.57% | macro_f1=0.9879 | qwk=0.9877 | mae=0.0137 | weighted_f1=0.9864 | precision_macro=0.9906 | recall_macro=0.9857
 No improvement. Bad epochs: 3/15

Epoch 32/60 | Time 0m 16s
  Train | loss=0.0120 | top1=99.61% | top2=100.00% | top3=100.00%
  Valid | loss=0.0139 | top1=99.41% | top2=100.00% | top3=100.00% | acc=99.41% | bal_acc=99.21% | macro_f1=0.9941 | qwk=0.9896 | mae=0.0078 | weighted_f1=0.9941 | precision_macro=0.9963 | recall_macro=0.9921
 No improvement. Bad epochs: 4/15

Epoch 33/60 | Time 0m 16s
  Train | loss=0.0136 | top1=99.63% | top2=99.96% | top3=100.00%
  Valid | loss=0.0203 | top1=99.22% | top2=99.80% | top3=100.00% | acc=99.22% | bal_acc=98.82% | macro_f1=0.9916 | qwk=0.9878 | mae=0.0098 | weighted_f1=0.9921 | precision_macro=0.9953 | recall_macro=0.9882
 No improvement. Bad epochs: 5/15

Epoch 34/60 | Time 0m 16s
  Train | loss=0.0123 | top1=99.70% | top2=99.98% | top3=100.00%
  Valid | loss=0.0135 | top1=99.61% | top2=100.00% | top3=100.00% | acc=99.61% | bal_acc=99.72% | macro_f1=0.9964 | qwk=0.9966 | mae=0.0039 | weighted_f1=0.9961 | precision_macro=0.9956 | recall_macro=0.9972
 No improvement. Bad epochs: 6/15

Epoch 35/60 | Time 0m 16s
  Train | loss=0.0117 | top1=99.59% | top2=100.00% | top3=100.00%
  Valid | loss=0.0119 | top1=99.41% | top2=100.00% | top3=100.00% | acc=99.41% | bal_acc=99.67% | macro_f1=0.9954 | qwk=0.9896 | mae=0.0078 | weighted_f1=0.9941 | precision_macro=0.9942 | recall_macro=0.9967
 No improvement. Bad epochs: 7/15

Epoch 36/60 | Time 0m 16s
  Train | loss=0.0113 | top1=99.74% | top2=100.00% | top3=100.00%
  Valid | loss=0.0145 | top1=99.02% | top2=100.00% | top3=100.00% | acc=99.02% | bal_acc=99.47% | macro_f1=0.9930 | qwk=0.9862 | mae=0.0117 | weighted_f1=0.9902 | precision_macro=0.9914 | recall_macro=0.9947
 No improvement. Bad epochs: 8/15

Epoch 37/60 | Time 0m 16s
  Train | loss=0.0144 | top1=99.46% | top2=100.00% | top3=100.00%
  Valid | loss=0.0162 | top1=99.41% | top2=100.00% | top3=100.00% | acc=99.41% | bal_acc=99.62% | macro_f1=0.9954 | qwk=0.9897 | mae=0.0078 | weighted_f1=0.9941 | precision_macro=0.9946 | recall_macro=0.9962
 No improvement. Bad epochs: 9/15

Epoch 38/60 | Time 0m 16s
  Train | loss=0.0090 | top1=99.74% | top2=99.98% | top3=100.00%
  Valid | loss=0.0134 | top1=99.41% | top2=100.00% | top3=100.00% | acc=99.41% | bal_acc=99.58% | macro_f1=0.9964 | qwk=0.9948 | mae=0.0059 | weighted_f1=0.9941 | precision_macro=0.9971 | recall_macro=0.9958
 No improvement. Bad epochs: 10/15

Epoch 39/60 | Time 0m 16s
  Train | loss=0.0099 | top1=99.74% | top2=99.98% | top3=99.98%
  Valid | loss=0.0106 | top1=99.61% | top2=100.00% | top3=100.00% | acc=99.61% | bal_acc=99.80% | macro_f1=0.9966 | qwk=0.9914 | mae=0.0059 | weighted_f1=0.9961 | precision_macro=0.9952 | recall_macro=0.9980
 No improvement. Bad epochs: 11/15

Epoch 40/60 | Time 0m 16s
  Train | loss=0.0094 | top1=99.74% | top2=100.00% | top3=100.00%
  Valid | loss=0.0162 | top1=99.22% | top2=100.00% | top3=100.00% | acc=99.22% | bal_acc=99.53% | macro_f1=0.9930 | qwk=0.9879 | mae=0.0098 | weighted_f1=0.9922 | precision_macro=0.9909 | recall_macro=0.9953
 No improvement. Bad epochs: 12/15

Epoch 41/60 | Time 0m 16s
  Train | loss=0.0075 | top1=99.80% | top2=99.98% | top3=100.00%
  Valid | loss=0.0196 | top1=99.02% | top2=100.00% | top3=100.00% | acc=99.02% | bal_acc=99.34% | macro_f1=0.9918 | qwk=0.9862 | mae=0.0117 | weighted_f1=0.9902 | precision_macro=0.9903 | recall_macro=0.9934
 No improvement. Bad epochs: 13/15

Epoch 42/60 | Time 0m 16s
  Train | loss=0.0056 | top1=99.89% | top2=100.00% | top3=100.00%
  Valid | loss=0.0095 | top1=99.61% | top2=100.00% | top3=100.00% | acc=99.61% | bal_acc=99.76% | macro_f1=0.9966 | qwk=0.9914 | mae=0.0059 | weighted_f1=0.9961 | precision_macro=0.9956 | recall_macro=0.9976
 No improvement. Bad epochs: 14/15

Epoch 43/60 | Time 0m 16s
  Train | loss=0.0066 | top1=99.83% | top2=100.00% | top3=100.00%
  Valid | loss=0.0078 | top1=99.80% | top2=100.00% | top3=100.00% | acc=99.80% | bal_acc=99.86% | macro_f1=0.9988 | qwk=0.9983 | mae=0.0020 | weighted_f1=0.9980 | precision_macro=0.9990 | recall_macro=0.9986
 No improvement. Bad epochs: 15/15
 Early stopping triggered at epoch 43.

Loading best model (epoch=28, macro_f1=1.0000)

Test | loss=0.0477 | top1=98.75% | top2=100.00% | top3=100.00% | acc=98.75% | bal_acc=98.69% | macro_f1=0.9894 | qwk=0.9889 | mae=0.0125 | weighted_f1=0.9875 | precision_macro=0.9920 | recall_macro=0.9869
     ovr_roc_auc_macro=0.9997 | ovr_pr_auc_macro=0.9994
Checkpoint: /root/autodl-tmp/MedVisionLab/Alzheimer_MRI_Loss/checkpoints/best_convnext_t_se_ce_convnext_t_all_5seed_adni_se_ce_seed5.pt
