COMMAND: /root/miniconda3/envs/medvision/bin/python -u /root/autodl-tmp/MedVisionLab/tools/train_convnext_t_experiment.py --dataset adni --data-root /root/autodl-tmp/Augmented_Alzheimer_MRI/OriginalDataset --attention cbam --loss ce --seed 5 --epochs 60 --patience 15 --batch-size 32 --image-size 224 --num-workers 2 --early-delta 0.0001 --base-lr 0.0001 --koa-backbone-lr 0.0001 --koa-head-lr 0.001 --weight-decay 0.0001 --dast-tau 1.0 --dast-gamma 1.5 --sord-tau 1.0 --label-smoothing 0.1 --run-tag convnext_t_all_5seed_adni_cbam_ce_seed5
==========================================================================================
Starting ConvNeXt-T experiment on ADNI...
Using device: cuda
CUDA device: NVIDIA GeForce RTX 4090
Config | seed=5, attention=cbam, loss=ce, epochs=60, patience=15, batch_size=32, image_size=224, pretrained=True
Backbone: ConvNeXt-T | stage3=features[5] | stage3_channels=384
Data root: /root/autodl-tmp/Augmented_Alzheimer_MRI/OriginalDataset
Class order: ['NonDemented', 'VeryMildDemented', 'MildDemented', 'ModerateDemented']
Split sizes | train=4608, valid=512, test=1280
Train class counts: [2304, 1613, 645, 46]
Optimizer: matched progressive Adam | stem=1e-05, stage1=1.25e-05, downsample1=1.6666667e-05, stage2=1.6666667e-05, downsample2=2.5e-05, stage3=2.5e-05, attention=3.3333333e-05, downsample3=5e-05, stage4=5e-05, norm=0.0001, head=0.0001
Trainable parameters: 27,841,734

Epoch 01/60 | Time 0m 16s
  Train | loss=1.2114 | top1=43.92% | top2=74.22% | top3=89.02%
  Valid | loss=1.0252 | top1=50.78% | top2=84.96% | top3=99.02% | acc=50.78% | bal_acc=25.89% | macro_f1=0.1962 | qwk=0.0204 | mae=0.6445 | weighted_f1=0.3747 | precision_macro=0.2520 | recall_macro=0.2589
 Validation improved. Saved best model (macro_f1=0.1962)

Epoch 02/60 | Time 0m 16s
  Train | loss=0.9646 | top1=52.80% | top2=85.13% | top3=99.00%
  Valid | loss=0.8455 | top1=60.35% | top2=87.30% | top3=99.02% | acc=60.35% | bal_acc=34.92% | macro_f1=0.3204 | qwk=0.4236 | mae=0.4277 | weighted_f1=0.5595 | precision_macro=0.2977 | recall_macro=0.3492
 Validation improved. Saved best model (macro_f1=0.3204)

Epoch 03/60 | Time 0m 16s
  Train | loss=0.8433 | top1=59.87% | top2=88.37% | top3=99.00%
  Valid | loss=0.7376 | top1=65.23% | top2=91.02% | top3=99.02% | acc=65.23% | bal_acc=42.18% | macro_f1=0.4306 | qwk=0.5263 | mae=0.3867 | weighted_f1=0.6357 | precision_macro=0.4626 | recall_macro=0.4218
 Validation improved. Saved best model (macro_f1=0.4306)

Epoch 04/60 | Time 0m 16s
  Train | loss=0.7264 | top1=67.04% | top2=91.45% | top3=99.05%
  Valid | loss=0.6290 | top1=71.88% | top2=91.99% | top3=99.02% | acc=71.88% | bal_acc=47.25% | macro_f1=0.4919 | qwk=0.5940 | mae=0.3184 | weighted_f1=0.7012 | precision_macro=0.5649 | recall_macro=0.4725
 Validation improved. Saved best model (macro_f1=0.4919)

Epoch 05/60 | Time 0m 16s
  Train | loss=0.5881 | top1=75.13% | top2=94.23% | top3=99.50%
  Valid | loss=0.5363 | top1=76.17% | top2=96.48% | top3=100.00% | acc=76.17% | bal_acc=63.77% | macro_f1=0.6857 | qwk=0.7100 | mae=0.2520 | weighted_f1=0.7623 | precision_macro=0.8444 | recall_macro=0.6377
 Validation improved. Saved best model (macro_f1=0.6857)

Epoch 06/60 | Time 0m 16s
  Train | loss=0.4472 | top1=81.75% | top2=96.88% | top3=99.74%
  Valid | loss=0.3609 | top1=87.11% | top2=97.85% | top3=100.00% | acc=87.11% | bal_acc=80.20% | macro_f1=0.8282 | qwk=0.8639 | mae=0.1387 | weighted_f1=0.8695 | precision_macro=0.8859 | recall_macro=0.8020
 Validation improved. Saved best model (macro_f1=0.8282)

Epoch 07/60 | Time 0m 16s
  Train | loss=0.2803 | top1=89.91% | top2=98.44% | top3=99.91%
  Valid | loss=0.2586 | top1=90.23% | top2=99.22% | top3=100.00% | acc=90.23% | bal_acc=86.63% | macro_f1=0.8896 | qwk=0.8775 | mae=0.1094 | weighted_f1=0.9032 | precision_macro=0.9226 | recall_macro=0.8663
 Validation improved. Saved best model (macro_f1=0.8896)

Epoch 08/60 | Time 0m 16s
  Train | loss=0.2078 | top1=92.32% | top2=99.15% | top3=99.93%
  Valid | loss=0.1800 | top1=93.36% | top2=99.61% | top3=100.00% | acc=93.36% | bal_acc=95.05% | macro_f1=0.9471 | qwk=0.9252 | mae=0.0723 | weighted_f1=0.9340 | precision_macro=0.9446 | recall_macro=0.9505
 Validation improved. Saved best model (macro_f1=0.9471)

Epoch 09/60 | Time 0m 16s
  Train | loss=0.1331 | top1=95.81% | top2=99.78% | top3=100.00%
  Valid | loss=0.1360 | top1=94.34% | top2=99.41% | top3=100.00% | acc=94.34% | bal_acc=94.67% | macro_f1=0.9523 | qwk=0.9229 | mae=0.0664 | weighted_f1=0.9432 | precision_macro=0.9586 | recall_macro=0.9467
 Validation improved. Saved best model (macro_f1=0.9523)

Epoch 10/60 | Time 0m 16s
  Train | loss=0.1142 | top1=96.12% | top2=99.70% | top3=99.96%
  Valid | loss=0.0931 | top1=96.88% | top2=99.61% | top3=100.00% | acc=96.88% | bal_acc=96.11% | macro_f1=0.9692 | qwk=0.9662 | mae=0.0332 | weighted_f1=0.9686 | precision_macro=0.9799 | recall_macro=0.9611
 Validation improved. Saved best model (macro_f1=0.9692)

Epoch 11/60 | Time 0m 16s
  Train | loss=0.0779 | top1=97.68% | top2=99.67% | top3=99.98%
  Valid | loss=0.1268 | top1=95.31% | top2=99.41% | top3=100.00% | acc=95.31% | bal_acc=93.62% | macro_f1=0.9493 | qwk=0.9454 | mae=0.0508 | weighted_f1=0.9522 | precision_macro=0.9706 | recall_macro=0.9362
 No improvement. Bad epochs: 1/15

Epoch 12/60 | Time 0m 16s
  Train | loss=0.0621 | top1=98.20% | top2=99.83% | top3=99.96%
  Valid | loss=0.0678 | top1=97.46% | top2=99.61% | top3=100.00% | acc=97.46% | bal_acc=97.44% | macro_f1=0.9786 | qwk=0.9666 | mae=0.0293 | weighted_f1=0.9746 | precision_macro=0.9837 | recall_macro=0.9744
 Validation improved. Saved best model (macro_f1=0.9786)

Epoch 13/60 | Time 0m 16s
  Train | loss=0.0491 | top1=98.65% | top2=99.91% | top3=99.96%
  Valid | loss=0.0750 | top1=97.66% | top2=99.61% | top3=100.00% | acc=97.66% | bal_acc=98.49% | macro_f1=0.9803 | qwk=0.9638 | mae=0.0293 | weighted_f1=0.9766 | precision_macro=0.9761 | recall_macro=0.9849
 Validation improved. Saved best model (macro_f1=0.9803)

Epoch 14/60 | Time 0m 16s
  Train | loss=0.0628 | top1=98.09% | top2=99.80% | top3=99.98%
  Valid | loss=0.1221 | top1=95.31% | top2=99.61% | top3=100.00% | acc=95.31% | bal_acc=96.82% | macro_f1=0.9624 | qwk=0.9484 | mae=0.0508 | weighted_f1=0.9533 | precision_macro=0.9573 | recall_macro=0.9682
 No improvement. Bad epochs: 1/15

Epoch 15/60 | Time 0m 16s
  Train | loss=0.0442 | top1=98.61% | top2=99.93% | top3=99.98%
  Valid | loss=0.0394 | top1=98.83% | top2=99.80% | top3=100.00% | acc=98.83% | bal_acc=98.75% | macro_f1=0.9908 | qwk=0.9792 | mae=0.0156 | weighted_f1=0.9883 | precision_macro=0.9943 | recall_macro=0.9875
 Validation improved. Saved best model (macro_f1=0.9908)

Epoch 16/60 | Time 0m 16s
  Train | loss=0.0519 | top1=98.37% | top2=99.87% | top3=99.98%
  Valid | loss=0.0521 | top1=97.66% | top2=100.00% | top3=100.00% | acc=97.66% | bal_acc=98.08% | macro_f1=0.9747 | qwk=0.9591 | mae=0.0312 | weighted_f1=0.9768 | precision_macro=0.9695 | recall_macro=0.9808
 No improvement. Bad epochs: 1/15

Epoch 17/60 | Time 0m 16s
  Train | loss=0.0360 | top1=99.13% | top2=99.93% | top3=100.00%
  Valid | loss=0.0641 | top1=97.85% | top2=99.80% | top3=100.00% | acc=97.85% | bal_acc=97.68% | macro_f1=0.9824 | qwk=0.9651 | mae=0.0273 | weighted_f1=0.9785 | precision_macro=0.9886 | recall_macro=0.9768
 No improvement. Bad epochs: 2/15

Epoch 18/60 | Time 0m 16s
  Train | loss=0.0297 | top1=99.13% | top2=99.93% | top3=100.00%
  Valid | loss=0.0308 | top1=98.44% | top2=100.00% | top3=100.00% | acc=98.44% | bal_acc=98.47% | macro_f1=0.9851 | qwk=0.9652 | mae=0.0234 | weighted_f1=0.9843 | precision_macro=0.9855 | recall_macro=0.9847
 No improvement. Bad epochs: 3/15

Epoch 19/60 | Time 0m 16s
  Train | loss=0.0395 | top1=98.81% | top2=99.87% | top3=99.98%
  Valid | loss=0.0436 | top1=98.44% | top2=99.80% | top3=100.00% | acc=98.44% | bal_acc=98.93% | macro_f1=0.9883 | qwk=0.9809 | mae=0.0176 | weighted_f1=0.9844 | precision_macro=0.9874 | recall_macro=0.9893
 No improvement. Bad epochs: 4/15

Epoch 20/60 | Time 0m 16s
  Train | loss=0.0271 | top1=99.07% | top2=99.96% | top3=100.00%
  Valid | loss=0.0301 | top1=99.41% | top2=100.00% | top3=100.00% | acc=99.41% | bal_acc=98.96% | macro_f1=0.9930 | qwk=0.9843 | mae=0.0098 | weighted_f1=0.9941 | precision_macro=0.9967 | recall_macro=0.9896
 Validation improved. Saved best model (macro_f1=0.9930)

Epoch 21/60 | Time 0m 16s
  Train | loss=0.0310 | top1=98.96% | top2=99.89% | top3=100.00%
  Valid | loss=0.0313 | top1=98.63% | top2=100.00% | top3=100.00% | acc=98.63% | bal_acc=98.73% | macro_f1=0.9873 | qwk=0.9723 | mae=0.0195 | weighted_f1=0.9863 | precision_macro=0.9873 | recall_macro=0.9873
 No improvement. Bad epochs: 1/15

Epoch 22/60 | Time 0m 16s
  Train | loss=0.0206 | top1=99.44% | top2=99.98% | top3=100.00%
  Valid | loss=0.0231 | top1=99.41% | top2=100.00% | top3=100.00% | acc=99.41% | bal_acc=99.17% | macro_f1=0.9943 | qwk=0.9844 | mae=0.0098 | weighted_f1=0.9941 | precision_macro=0.9971 | recall_macro=0.9917
 Validation improved. Saved best model (macro_f1=0.9943)

Epoch 23/60 | Time 0m 16s
  Train | loss=0.0188 | top1=99.48% | top2=100.00% | top3=100.00%
  Valid | loss=0.0237 | top1=99.22% | top2=100.00% | top3=100.00% | acc=99.22% | bal_acc=99.11% | macro_f1=0.9929 | qwk=0.9878 | mae=0.0098 | weighted_f1=0.9922 | precision_macro=0.9949 | recall_macro=0.9911
 No improvement. Bad epochs: 1/15

Epoch 24/60 | Time 0m 16s
  Train | loss=0.0165 | top1=99.54% | top2=99.93% | top3=100.00%
  Valid | loss=0.0258 | top1=99.02% | top2=100.00% | top3=100.00% | acc=99.02% | bal_acc=99.01% | macro_f1=0.9918 | qwk=0.9861 | mae=0.0117 | weighted_f1=0.9902 | precision_macro=0.9936 | recall_macro=0.9901
 No improvement. Bad epochs: 2/15

Epoch 25/60 | Time 0m 16s
  Train | loss=0.0222 | top1=99.22% | top2=99.93% | top3=100.00%
  Valid | loss=0.0470 | top1=98.05% | top2=99.80% | top3=100.00% | acc=98.05% | bal_acc=98.15% | macro_f1=0.9847 | qwk=0.9721 | mae=0.0234 | weighted_f1=0.9805 | precision_macro=0.9882 | recall_macro=0.9815
 No improvement. Bad epochs: 3/15

Epoch 26/60 | Time 0m 16s
  Train | loss=0.0152 | top1=99.63% | top2=100.00% | top3=100.00%
  Valid | loss=0.0151 | top1=99.41% | top2=100.00% | top3=100.00% | acc=99.41% | bal_acc=99.21% | macro_f1=0.9943 | qwk=0.9843 | mae=0.0098 | weighted_f1=0.9941 | precision_macro=0.9967 | recall_macro=0.9921
 No improvement. Bad epochs: 4/15

Epoch 27/60 | Time 0m 16s
  Train | loss=0.0138 | top1=99.76% | top2=99.98% | top3=100.00%
  Valid | loss=0.0286 | top1=99.22% | top2=100.00% | top3=100.00% | acc=99.22% | bal_acc=99.03% | macro_f1=0.9931 | qwk=0.9826 | mae=0.0117 | weighted_f1=0.9922 | precision_macro=0.9962 | recall_macro=0.9903
 No improvement. Bad epochs: 5/15

Epoch 28/60 | Time 0m 16s
  Train | loss=0.0159 | top1=99.48% | top2=100.00% | top3=100.00%
  Valid | loss=0.0562 | top1=97.07% | top2=100.00% | top3=100.00% | acc=97.07% | bal_acc=97.20% | macro_f1=0.9750 | qwk=0.9631 | mae=0.0332 | weighted_f1=0.9707 | precision_macro=0.9787 | recall_macro=0.9720
 No improvement. Bad epochs: 6/15

Epoch 29/60 | Time 0m 16s
  Train | loss=0.0172 | top1=99.46% | top2=99.98% | top3=100.00%
  Valid | loss=0.0604 | top1=97.66% | top2=100.00% | top3=100.00% | acc=97.66% | bal_acc=98.83% | macro_f1=0.9848 | qwk=0.9739 | mae=0.0254 | weighted_f1=0.9766 | precision_macro=0.9821 | recall_macro=0.9883
 No improvement. Bad epochs: 7/15

Epoch 30/60 | Time 0m 16s
  Train | loss=0.0144 | top1=99.72% | top2=100.00% | top3=100.00%
  Valid | loss=0.0091 | top1=99.80% | top2=100.00% | top3=100.00% | acc=99.80% | bal_acc=99.90% | macro_f1=0.9978 | qwk=0.9931 | mae=0.0039 | weighted_f1=0.9981 | precision_macro=0.9966 | recall_macro=0.9990
 Validation improved. Saved best model (macro_f1=0.9978)

Epoch 31/60 | Time 0m 16s
  Train | loss=0.0108 | top1=99.67% | top2=100.00% | top3=100.00%
  Valid | loss=0.0165 | top1=99.41% | top2=100.00% | top3=100.00% | acc=99.41% | bal_acc=98.96% | macro_f1=0.9930 | qwk=0.9843 | mae=0.0098 | weighted_f1=0.9941 | precision_macro=0.9967 | recall_macro=0.9896
 No improvement. Bad epochs: 1/15

Epoch 32/60 | Time 0m 16s
  Train | loss=0.0096 | top1=99.78% | top2=100.00% | top3=100.00%
  Valid | loss=0.0185 | top1=99.41% | top2=100.00% | top3=100.00% | acc=99.41% | bal_acc=99.37% | macro_f1=0.9954 | qwk=0.9896 | mae=0.0078 | weighted_f1=0.9941 | precision_macro=0.9971 | recall_macro=0.9937
 No improvement. Bad epochs: 2/15

Epoch 33/60 | Time 0m 16s
  Train | loss=0.0124 | top1=99.59% | top2=99.96% | top3=100.00%
  Valid | loss=0.0051 | top1=99.80% | top2=100.00% | top3=100.00% | acc=99.80% | bal_acc=99.90% | macro_f1=0.9978 | qwk=0.9931 | mae=0.0039 | weighted_f1=0.9981 | precision_macro=0.9966 | recall_macro=0.9990
 No improvement. Bad epochs: 3/15

Epoch 34/60 | Time 0m 16s
  Train | loss=0.0086 | top1=99.72% | top2=100.00% | top3=100.00%
  Valid | loss=0.0063 | top1=99.80% | top2=100.00% | top3=100.00% | acc=99.80% | bal_acc=99.90% | macro_f1=0.9978 | qwk=0.9931 | mae=0.0039 | weighted_f1=0.9981 | precision_macro=0.9966 | recall_macro=0.9990
 No improvement. Bad epochs: 4/15

Epoch 35/60 | Time 0m 16s
  Train | loss=0.0054 | top1=99.91% | top2=99.93% | top3=100.00%
  Valid | loss=0.0126 | top1=99.61% | top2=100.00% | top3=100.00% | acc=99.61% | bal_acc=99.31% | macro_f1=0.9955 | qwk=0.9861 | mae=0.0078 | weighted_f1=0.9961 | precision_macro=0.9981 | recall_macro=0.9931
 No improvement. Bad epochs: 5/15

Epoch 36/60 | Time 0m 16s
  Train | loss=0.0071 | top1=99.85% | top2=99.98% | top3=100.00%
  Valid | loss=0.0332 | top1=99.02% | top2=100.00% | top3=100.00% | acc=99.02% | bal_acc=99.18% | macro_f1=0.9920 | qwk=0.9810 | mae=0.0137 | weighted_f1=0.9902 | precision_macro=0.9922 | recall_macro=0.9918
 No improvement. Bad epochs: 6/15

Epoch 37/60 | Time 0m 16s
  Train | loss=0.0123 | top1=99.61% | top2=100.00% | top3=100.00%
  Valid | loss=0.0137 | top1=99.41% | top2=100.00% | top3=100.00% | acc=99.41% | bal_acc=99.17% | macro_f1=0.9943 | qwk=0.9844 | mae=0.0098 | weighted_f1=0.9941 | precision_macro=0.9971 | recall_macro=0.9917
 No improvement. Bad epochs: 7/15

Epoch 38/60 | Time 0m 16s
  Train | loss=0.0116 | top1=99.63% | top2=99.98% | top3=100.00%
  Valid | loss=0.0152 | top1=99.02% | top2=100.00% | top3=100.00% | acc=99.02% | bal_acc=98.93% | macro_f1=0.9920 | qwk=0.9809 | mae=0.0137 | weighted_f1=0.9902 | precision_macro=0.9947 | recall_macro=0.9893
 No improvement. Bad epochs: 8/15

Epoch 39/60 | Time 0m 16s
  Train | loss=0.0078 | top1=99.74% | top2=99.96% | top3=100.00%
  Valid | loss=0.0129 | top1=99.61% | top2=100.00% | top3=100.00% | acc=99.61% | bal_acc=99.31% | macro_f1=0.9955 | qwk=0.9861 | mae=0.0078 | weighted_f1=0.9961 | precision_macro=0.9981 | recall_macro=0.9931
 No improvement. Bad epochs: 9/15

Epoch 40/60 | Time 0m 16s
  Train | loss=0.0064 | top1=99.87% | top2=99.98% | top3=99.98%
  Valid | loss=0.0069 | top1=99.80% | top2=100.00% | top3=100.00% | acc=99.80% | bal_acc=99.65% | macro_f1=0.9978 | qwk=0.9931 | mae=0.0039 | weighted_f1=0.9980 | precision_macro=0.9990 | recall_macro=0.9965
 No improvement. Bad epochs: 10/15

Epoch 41/60 | Time 0m 16s
  Train | loss=0.0083 | top1=99.78% | top2=100.00% | top3=100.00%
  Valid | loss=0.0137 | top1=99.41% | top2=100.00% | top3=100.00% | acc=99.41% | bal_acc=99.17% | macro_f1=0.9943 | qwk=0.9844 | mae=0.0098 | weighted_f1=0.9941 | precision_macro=0.9971 | recall_macro=0.9917
 No improvement. Bad epochs: 11/15

Epoch 42/60 | Time 0m 16s
  Train | loss=0.0063 | top1=99.80% | top2=100.00% | top3=100.00%
  Valid | loss=0.0097 | top1=99.22% | top2=100.00% | top3=100.00% | acc=99.22% | bal_acc=99.23% | macro_f1=0.9930 | qwk=0.9879 | mae=0.0098 | weighted_f1=0.9922 | precision_macro=0.9936 | recall_macro=0.9923
 No improvement. Bad epochs: 12/15

Epoch 43/60 | Time 0m 16s
  Train | loss=0.0044 | top1=99.87% | top2=100.00% | top3=100.00%
  Valid | loss=0.0065 | top1=99.80% | top2=100.00% | top3=100.00% | acc=99.80% | bal_acc=99.65% | macro_f1=0.9978 | qwk=0.9931 | mae=0.0039 | weighted_f1=0.9980 | precision_macro=0.9990 | recall_macro=0.9965
 No improvement. Bad epochs: 13/15

Epoch 44/60 | Time 0m 16s
  Train | loss=0.0045 | top1=99.91% | top2=100.00% | top3=100.00%
  Valid | loss=0.0045 | top1=100.00% | top2=100.00% | top3=100.00% | acc=100.00% | bal_acc=100.00% | macro_f1=1.0000 | qwk=1.0000 | mae=0.0000 | weighted_f1=1.0000 | precision_macro=1.0000 | recall_macro=1.0000
 Validation improved. Saved best model (macro_f1=1.0000)

Epoch 45/60 | Time 0m 16s
  Train | loss=0.0061 | top1=99.89% | top2=100.00% | top3=100.00%
  Valid | loss=0.0097 | top1=99.41% | top2=100.00% | top3=100.00% | acc=99.41% | bal_acc=99.37% | macro_f1=0.9954 | qwk=0.9896 | mae=0.0078 | weighted_f1=0.9941 | precision_macro=0.9971 | recall_macro=0.9937
 No improvement. Bad epochs: 1/15

Epoch 46/60 | Time 0m 16s
  Train | loss=0.0060 | top1=99.87% | top2=99.98% | top3=100.00%
  Valid | loss=0.0222 | top1=99.22% | top2=100.00% | top3=100.00% | acc=99.22% | bal_acc=99.03% | macro_f1=0.9929 | qwk=0.9878 | mae=0.0098 | weighted_f1=0.9922 | precision_macro=0.9957 | recall_macro=0.9903
 No improvement. Bad epochs: 2/15

Epoch 47/60 | Time 0m 16s
  Train | loss=0.0066 | top1=99.87% | top2=100.00% | top3=100.00%
  Valid | loss=0.0133 | top1=99.22% | top2=100.00% | top3=100.00% | acc=99.22% | bal_acc=99.03% | macro_f1=0.9931 | qwk=0.9826 | mae=0.0117 | weighted_f1=0.9922 | precision_macro=0.9962 | recall_macro=0.9903
 No improvement. Bad epochs: 3/15

Epoch 48/60 | Time 0m 16s
  Train | loss=0.0047 | top1=99.89% | top2=99.98% | top3=100.00%
  Valid | loss=0.0076 | top1=99.80% | top2=100.00% | top3=100.00% | acc=99.80% | bal_acc=99.65% | macro_f1=0.9978 | qwk=0.9931 | mae=0.0039 | weighted_f1=0.9980 | precision_macro=0.9990 | recall_macro=0.9965
 No improvement. Bad epochs: 4/15

Epoch 49/60 | Time 0m 16s
  Train | loss=0.0061 | top1=99.83% | top2=99.98% | top3=100.00%
  Valid | loss=0.0096 | top1=99.80% | top2=100.00% | top3=100.00% | acc=99.80% | bal_acc=99.65% | macro_f1=0.9978 | qwk=0.9931 | mae=0.0039 | weighted_f1=0.9980 | precision_macro=0.9990 | recall_macro=0.9965
 No improvement. Bad epochs: 5/15

Epoch 50/60 | Time 0m 16s
  Train | loss=0.0029 | top1=99.98% | top2=100.00% | top3=100.00%
  Valid | loss=0.0160 | top1=99.41% | top2=100.00% | top3=100.00% | acc=99.41% | bal_acc=99.37% | macro_f1=0.9954 | qwk=0.9896 | mae=0.0078 | weighted_f1=0.9941 | precision_macro=0.9971 | recall_macro=0.9937
 No improvement. Bad epochs: 6/15

Epoch 51/60 | Time 0m 16s
  Train | loss=0.0044 | top1=99.93% | top2=99.98% | top3=100.00%
  Valid | loss=0.0081 | top1=99.80% | top2=100.00% | top3=100.00% | acc=99.80% | bal_acc=99.65% | macro_f1=0.9978 | qwk=0.9931 | mae=0.0039 | weighted_f1=0.9980 | precision_macro=0.9990 | recall_macro=0.9965
 No improvement. Bad epochs: 7/15

Epoch 52/60 | Time 0m 16s
  Train | loss=0.0046 | top1=99.87% | top2=100.00% | top3=100.00%
  Valid | loss=0.0137 | top1=99.61% | top2=100.00% | top3=100.00% | acc=99.61% | bal_acc=99.31% | macro_f1=0.9955 | qwk=0.9861 | mae=0.0078 | weighted_f1=0.9961 | precision_macro=0.9981 | recall_macro=0.9931
 No improvement. Bad epochs: 8/15

Epoch 53/60 | Time 0m 16s
  Train | loss=0.0027 | top1=100.00% | top2=100.00% | top3=100.00%
  Valid | loss=0.0088 | top1=99.80% | top2=100.00% | top3=100.00% | acc=99.80% | bal_acc=99.65% | macro_f1=0.9978 | qwk=0.9931 | mae=0.0039 | weighted_f1=0.9980 | precision_macro=0.9990 | recall_macro=0.9965
 No improvement. Bad epochs: 9/15

Epoch 54/60 | Time 0m 16s
  Train | loss=0.0037 | top1=99.91% | top2=100.00% | top3=100.00%
  Valid | loss=0.0102 | top1=99.61% | top2=100.00% | top3=100.00% | acc=99.61% | bal_acc=99.51% | macro_f1=0.9966 | qwk=0.9913 | mae=0.0059 | weighted_f1=0.9961 | precision_macro=0.9981 | recall_macro=0.9951
 No improvement. Bad epochs: 10/15

Epoch 55/60 | Time 0m 16s
  Train | loss=0.0046 | top1=99.89% | top2=100.00% | top3=100.00%
  Valid | loss=0.0053 | top1=99.80% | top2=100.00% | top3=100.00% | acc=99.80% | bal_acc=99.65% | macro_f1=0.9978 | qwk=0.9931 | mae=0.0039 | weighted_f1=0.9980 | precision_macro=0.9990 | recall_macro=0.9965
 No improvement. Bad epochs: 11/15

Epoch 56/60 | Time 0m 16s
  Train | loss=0.0027 | top1=99.98% | top2=100.00% | top3=100.00%
  Valid | loss=0.0059 | top1=99.80% | top2=100.00% | top3=100.00% | acc=99.80% | bal_acc=99.65% | macro_f1=0.9978 | qwk=0.9931 | mae=0.0039 | weighted_f1=0.9980 | precision_macro=0.9990 | recall_macro=0.9965
 No improvement. Bad epochs: 12/15

Epoch 57/60 | Time 0m 16s
  Train | loss=0.0029 | top1=99.91% | top2=100.00% | top3=100.00%
  Valid | loss=0.0059 | top1=99.80% | top2=100.00% | top3=100.00% | acc=99.80% | bal_acc=99.65% | macro_f1=0.9978 | qwk=0.9931 | mae=0.0039 | weighted_f1=0.9980 | precision_macro=0.9990 | recall_macro=0.9965
 No improvement. Bad epochs: 13/15

Epoch 58/60 | Time 0m 16s
  Train | loss=0.0032 | top1=99.96% | top2=100.00% | top3=100.00%
  Valid | loss=0.0063 | top1=99.80% | top2=100.00% | top3=100.00% | acc=99.80% | bal_acc=99.65% | macro_f1=0.9978 | qwk=0.9931 | mae=0.0039 | weighted_f1=0.9980 | precision_macro=0.9990 | recall_macro=0.9965
 No improvement. Bad epochs: 14/15

Epoch 59/60 | Time 0m 16s
  Train | loss=0.0043 | top1=99.87% | top2=99.98% | top3=100.00%
  Valid | loss=0.0062 | top1=99.80% | top2=100.00% | top3=100.00% | acc=99.80% | bal_acc=99.65% | macro_f1=0.9978 | qwk=0.9931 | mae=0.0039 | weighted_f1=0.9980 | precision_macro=0.9990 | recall_macro=0.9965
 No improvement. Bad epochs: 15/15
 Early stopping triggered at epoch 59.

Loading best model (epoch=44, macro_f1=1.0000)

Test | loss=0.0361 | top1=98.91% | top2=99.84% | top3=100.00% | acc=98.91% | bal_acc=99.17% | macro_f1=0.9915 | qwk=0.9862 | mae=0.0125 | weighted_f1=0.9891 | precision_macro=0.9914 | recall_macro=0.9917
     ovr_roc_auc_macro=0.9998 | ovr_pr_auc_macro=0.9997
Checkpoint: /root/autodl-tmp/MedVisionLab/Alzheimer_MRI_Loss/checkpoints/best_convnext_t_cbam_ce_convnext_t_all_5seed_adni_cbam_ce_seed5.pt
