COMMAND: /root/miniconda3/envs/medvision/bin/python -u /root/autodl-tmp/MedVisionLab/tools/train_convnext_t_experiment.py --dataset adni --data-root /root/autodl-tmp/Augmented_Alzheimer_MRI/OriginalDataset --attention none --loss coral --seed 5 --epochs 60 --patience 15 --batch-size 32 --image-size 224 --num-workers 2 --early-delta 0.0001 --base-lr 0.0001 --koa-backbone-lr 0.0001 --koa-head-lr 0.001 --weight-decay 0.0001 --dast-tau 1.0 --dast-gamma 1.5 --sord-tau 1.0 --label-smoothing 0.1 --run-tag convnext_t_all_5seed_adni_baseline_coral_seed5
==========================================================================================
Starting ConvNeXt-T experiment on ADNI...
Using device: cuda
CUDA device: NVIDIA GeForce RTX 4090
Config | seed=5, attention=none, loss=coral, epochs=60, patience=15, batch_size=32, image_size=224, pretrained=True
Backbone: ConvNeXt-T | stage3=features[5] | stage3_channels=384
Data root: /root/autodl-tmp/Augmented_Alzheimer_MRI/OriginalDataset
Class order: ['NonDemented', 'VeryMildDemented', 'MildDemented', 'ModerateDemented']
Split sizes | train=4608, valid=512, test=1280
Train class counts: [2304, 1613, 645, 46]
Optimizer: matched progressive Adam | stem=1e-05, stage1=1.25e-05, downsample1=1.6666667e-05, stage2=1.6666667e-05, downsample2=2.5e-05, stage3=2.5e-05, downsample3=5e-05, stage4=5e-05, norm=0.0001, head=0.0001
Trainable parameters: 27,820,899

Epoch 01/60 | Time 0m 16s
  Train | loss=0.4737 | top1=43.99% | top2=74.50% | top3=85.00%
  Valid | loss=0.4251 | top1=50.00% | top2=84.96% | top3=85.94% | acc=50.00% | bal_acc=25.00% | macro_f1=0.1667 | qwk=0.0000 | mae=0.6602 | weighted_f1=0.3333 | precision_macro=0.1250 | recall_macro=0.2500
 Validation improved. Saved best model (macro_f1=0.1667)

Epoch 02/60 | Time 0m 16s
  Train | loss=0.4083 | top1=50.95% | top2=82.86% | top3=86.07%
  Valid | loss=0.3709 | top1=52.73% | top2=79.30% | top3=85.94% | acc=52.73% | bal_acc=27.67% | macro_f1=0.2335 | qwk=0.1577 | mae=0.5801 | weighted_f1=0.4302 | precision_macro=0.2401 | recall_macro=0.2767
 Validation improved. Saved best model (macro_f1=0.2335)

Epoch 03/60 | Time 0m 16s
  Train | loss=0.3749 | top1=54.62% | top2=77.26% | top3=86.24%
  Valid | loss=0.3488 | top1=58.59% | top2=73.05% | top3=85.94% | acc=58.59% | bal_acc=33.23% | macro_f1=0.3178 | qwk=0.3992 | mae=0.4629 | weighted_f1=0.5306 | precision_macro=0.4288 | recall_macro=0.3323
 Validation improved. Saved best model (macro_f1=0.3178)

Epoch 04/60 | Time 0m 16s
  Train | loss=0.3506 | top1=57.75% | top2=75.59% | top3=86.59%
  Valid | loss=0.3205 | top1=62.89% | top2=73.24% | top3=87.30% | acc=62.89% | bal_acc=38.42% | macro_f1=0.3845 | qwk=0.5207 | mae=0.4102 | weighted_f1=0.5823 | precision_macro=0.4435 | recall_macro=0.3842
 Validation improved. Saved best model (macro_f1=0.3845)

Epoch 05/60 | Time 0m 16s
  Train | loss=0.3244 | top1=62.39% | top2=75.04% | top3=88.02%
  Valid | loss=0.2970 | top1=64.26% | top2=76.76% | top3=90.23% | acc=64.26% | bal_acc=60.62% | macro_f1=0.5140 | qwk=0.6420 | mae=0.3828 | weighted_f1=0.5998 | precision_macro=0.5379 | recall_macro=0.6062
 Validation improved. Saved best model (macro_f1=0.5140)

Epoch 06/60 | Time 0m 16s
  Train | loss=0.2991 | top1=64.95% | top2=76.76% | top3=89.78%
  Valid | loss=0.2734 | top1=66.02% | top2=77.73% | top3=91.80% | acc=66.02% | bal_acc=57.18% | macro_f1=0.5069 | qwk=0.6884 | mae=0.3516 | weighted_f1=0.6182 | precision_macro=0.5500 | recall_macro=0.5718
 No improvement. Bad epochs: 1/15

Epoch 07/60 | Time 0m 16s
  Train | loss=0.2813 | top1=67.86% | top2=78.02% | top3=91.58%
  Valid | loss=0.2606 | top1=70.70% | top2=75.98% | top3=91.02% | acc=70.70% | bal_acc=70.87% | macro_f1=0.5349 | qwk=0.7728 | mae=0.3047 | weighted_f1=0.6914 | precision_macro=0.5632 | recall_macro=0.7087
 Validation improved. Saved best model (macro_f1=0.5349)

Epoch 08/60 | Time 0m 16s
  Train | loss=0.2577 | top1=71.81% | top2=78.73% | top3=92.97%
  Valid | loss=0.2477 | top1=74.41% | top2=76.95% | top3=94.14% | acc=74.41% | bal_acc=73.94% | macro_f1=0.5674 | qwk=0.8109 | mae=0.2637 | weighted_f1=0.7421 | precision_macro=0.5968 | recall_macro=0.7394
 Validation improved. Saved best model (macro_f1=0.5674)

Epoch 09/60 | Time 0m 16s
  Train | loss=0.2460 | top1=74.11% | top2=80.45% | top3=93.77%
  Valid | loss=0.2310 | top1=75.98% | top2=81.25% | top3=94.14% | acc=75.98% | bal_acc=76.39% | macro_f1=0.6083 | qwk=0.8192 | mae=0.2441 | weighted_f1=0.7519 | precision_macro=0.6547 | recall_macro=0.7639
 Validation improved. Saved best model (macro_f1=0.6083)

Epoch 10/60 | Time 0m 16s
  Train | loss=0.2342 | top1=77.04% | top2=82.90% | top3=94.42%
  Valid | loss=0.2267 | top1=77.15% | top2=82.23% | top3=92.38% | acc=77.15% | bal_acc=77.64% | macro_f1=0.7071 | qwk=0.7984 | mae=0.2305 | weighted_f1=0.7544 | precision_macro=0.7314 | recall_macro=0.7764
 Validation improved. Saved best model (macro_f1=0.7071)

Epoch 11/60 | Time 0m 16s
  Train | loss=0.2248 | top1=78.43% | top2=84.48% | top3=94.25%
  Valid | loss=0.2263 | top1=86.13% | top2=82.62% | top3=95.90% | acc=86.13% | bal_acc=86.10% | macro_f1=0.7325 | qwk=0.8909 | mae=0.1387 | weighted_f1=0.8638 | precision_macro=0.7269 | recall_macro=0.8610
 Validation improved. Saved best model (macro_f1=0.7325)

Epoch 12/60 | Time 0m 16s
  Train | loss=0.2180 | top1=81.58% | top2=86.35% | top3=94.36%
  Valid | loss=0.2169 | top1=85.74% | top2=85.74% | top3=96.29% | acc=85.74% | bal_acc=85.24% | macro_f1=0.7123 | qwk=0.8921 | mae=0.1426 | weighted_f1=0.8623 | precision_macro=0.7228 | recall_macro=0.8524
 No improvement. Bad epochs: 1/15

Epoch 13/60 | Time 0m 16s
  Train | loss=0.2162 | top1=81.92% | top2=88.80% | top3=94.34%
  Valid | loss=0.2140 | top1=81.25% | top2=90.62% | top3=95.31% | acc=81.25% | bal_acc=79.74% | macro_f1=0.6577 | qwk=0.8589 | mae=0.1875 | weighted_f1=0.8142 | precision_macro=0.7102 | recall_macro=0.7974
 No improvement. Bad epochs: 2/15

Epoch 14/60 | Time 0m 16s
  Train | loss=0.2096 | top1=83.83% | top2=90.71% | top3=94.86%
  Valid | loss=0.2077 | top1=85.16% | top2=88.87% | top3=96.09% | acc=85.16% | bal_acc=83.78% | macro_f1=0.6892 | qwk=0.8867 | mae=0.1504 | weighted_f1=0.8595 | precision_macro=0.7076 | recall_macro=0.8378
 No improvement. Bad epochs: 3/15

Epoch 15/60 | Time 0m 16s
  Train | loss=0.2075 | top1=84.53% | top2=90.39% | top3=95.12%
  Valid | loss=0.2049 | top1=82.23% | top2=92.58% | top3=95.70% | acc=82.23% | bal_acc=81.48% | macro_f1=0.6960 | qwk=0.8524 | mae=0.1797 | weighted_f1=0.8188 | precision_macro=0.7208 | recall_macro=0.8148
 No improvement. Bad epochs: 4/15

Epoch 16/60 | Time 0m 16s
  Train | loss=0.2047 | top1=85.68% | top2=90.97% | top3=95.38%
  Valid | loss=0.2096 | top1=78.71% | top2=89.45% | top3=92.58% | acc=78.71% | bal_acc=78.96% | macro_f1=0.7172 | qwk=0.8116 | mae=0.2148 | weighted_f1=0.7741 | precision_macro=0.7511 | recall_macro=0.7896
 No improvement. Bad epochs: 5/15

Epoch 17/60 | Time 0m 16s
  Train | loss=0.2041 | top1=85.68% | top2=90.67% | top3=96.03%
  Valid | loss=0.2048 | top1=83.98% | top2=93.36% | top3=98.83% | acc=83.98% | bal_acc=78.58% | macro_f1=0.6192 | qwk=0.8925 | mae=0.1602 | weighted_f1=0.8531 | precision_macro=0.6750 | recall_macro=0.7858
 No improvement. Bad epochs: 6/15

Epoch 18/60 | Time 0m 16s
  Train | loss=0.1997 | top1=86.96% | top2=91.36% | top3=96.38%
  Valid | loss=0.1955 | top1=86.13% | top2=92.38% | top3=95.51% | acc=86.13% | bal_acc=85.52% | macro_f1=0.7410 | qwk=0.8878 | mae=0.1387 | weighted_f1=0.8623 | precision_macro=0.7569 | recall_macro=0.8552
 Validation improved. Saved best model (macro_f1=0.7410)

Epoch 19/60 | Time 0m 16s
  Train | loss=0.1951 | top1=88.91% | top2=92.06% | top3=97.05%
  Valid | loss=0.2042 | top1=91.80% | top2=92.38% | top3=97.07% | acc=91.80% | bal_acc=88.49% | macro_f1=0.7426 | qwk=0.9366 | mae=0.0820 | weighted_f1=0.9280 | precision_macro=0.7676 | recall_macro=0.8849
 Validation improved. Saved best model (macro_f1=0.7426)

Epoch 20/60 | Time 0m 16s
  Train | loss=0.1991 | top1=86.74% | top2=91.21% | top3=96.74%
  Valid | loss=0.1949 | top1=86.91% | top2=95.31% | top3=98.44% | acc=86.91% | bal_acc=81.55% | macro_f1=0.6544 | qwk=0.9046 | mae=0.1328 | weighted_f1=0.8821 | precision_macro=0.7118 | recall_macro=0.8155
 No improvement. Bad epochs: 1/15

Epoch 21/60 | Time 0m 16s
  Train | loss=0.1930 | top1=89.58% | top2=91.23% | top3=97.74%
  Valid | loss=0.1926 | top1=87.70% | top2=92.77% | top3=98.24% | acc=87.70% | bal_acc=84.56% | macro_f1=0.7027 | qwk=0.9032 | mae=0.1250 | weighted_f1=0.8863 | precision_macro=0.7444 | recall_macro=0.8456
 No improvement. Bad epochs: 2/15

Epoch 22/60 | Time 0m 16s
  Train | loss=0.1884 | top1=91.19% | top2=91.25% | top3=98.18%
  Valid | loss=0.1883 | top1=90.04% | top2=93.36% | top3=98.24% | acc=90.04% | bal_acc=87.07% | macro_f1=0.7348 | qwk=0.9179 | mae=0.1016 | weighted_f1=0.9081 | precision_macro=0.7624 | recall_macro=0.8707
 No improvement. Bad epochs: 3/15

Epoch 23/60 | Time 0m 16s
  Train | loss=0.1869 | top1=92.01% | top2=91.02% | top3=98.29%
  Valid | loss=0.1940 | top1=86.72% | top2=88.28% | top3=96.68% | acc=86.72% | bal_acc=86.35% | macro_f1=0.7883 | qwk=0.8811 | mae=0.1348 | weighted_f1=0.8645 | precision_macro=0.7930 | recall_macro=0.8635
 Validation improved. Saved best model (macro_f1=0.7883)

Epoch 24/60 | Time 0m 16s
  Train | loss=0.1867 | top1=92.08% | top2=90.78% | top3=98.31%
  Valid | loss=0.1884 | top1=89.84% | top2=90.23% | top3=97.46% | acc=89.84% | bal_acc=87.96% | macro_f1=0.7587 | qwk=0.9133 | mae=0.1035 | weighted_f1=0.9031 | precision_macro=0.7737 | recall_macro=0.8796
 No improvement. Bad epochs: 1/15

Epoch 25/60 | Time 0m 16s
  Train | loss=0.1855 | top1=91.95% | top2=90.60% | top3=98.26%
  Valid | loss=0.1870 | top1=88.48% | top2=90.23% | top3=97.66% | acc=88.48% | bal_acc=86.36% | macro_f1=0.7385 | qwk=0.9033 | mae=0.1172 | weighted_f1=0.8895 | precision_macro=0.7636 | recall_macro=0.8636
 No improvement. Bad epochs: 2/15

Epoch 26/60 | Time 0m 16s
  Train | loss=0.1857 | top1=92.04% | top2=89.78% | top3=98.59%
  Valid | loss=0.1870 | top1=91.41% | top2=87.11% | top3=97.07% | acc=91.41% | bal_acc=91.86% | macro_f1=0.8927 | qwk=0.9243 | mae=0.0859 | weighted_f1=0.9128 | precision_macro=0.8847 | recall_macro=0.9186
 Validation improved. Saved best model (macro_f1=0.8927)

Epoch 27/60 | Time 0m 16s
  Train | loss=0.1838 | top1=92.84% | top2=89.63% | top3=98.63%
  Valid | loss=0.1860 | top1=87.50% | top2=89.45% | top3=98.44% | acc=87.50% | bal_acc=85.87% | macro_f1=0.7340 | qwk=0.8961 | mae=0.1270 | weighted_f1=0.8795 | precision_macro=0.7603 | recall_macro=0.8587
 No improvement. Bad epochs: 1/15

Epoch 28/60 | Time 0m 16s
  Train | loss=0.1800 | top1=93.66% | top2=89.43% | top3=99.31%
  Valid | loss=0.1836 | top1=93.16% | top2=88.87% | top3=98.83% | acc=93.16% | bal_acc=91.83% | macro_f1=0.8170 | qwk=0.9377 | mae=0.0703 | weighted_f1=0.9344 | precision_macro=0.8070 | recall_macro=0.9183
 No improvement. Bad epochs: 2/15

Epoch 29/60 | Time 0m 16s
  Train | loss=0.1799 | top1=94.18% | top2=89.32% | top3=99.07%
  Valid | loss=0.1799 | top1=90.04% | top2=93.75% | top3=99.41% | acc=90.04% | bal_acc=85.20% | macro_f1=0.6993 | qwk=0.9286 | mae=0.0996 | weighted_f1=0.9153 | precision_macro=0.7600 | recall_macro=0.8520
 No improvement. Bad epochs: 3/15

Epoch 30/60 | Time 0m 16s
  Train | loss=0.1785 | top1=94.12% | top2=89.32% | top3=99.28%
  Valid | loss=0.1792 | top1=91.60% | top2=91.60% | top3=99.41% | acc=91.60% | bal_acc=88.60% | macro_f1=0.7466 | qwk=0.9356 | mae=0.0840 | weighted_f1=0.9267 | precision_macro=0.7745 | recall_macro=0.8860
 No improvement. Bad epochs: 4/15

Epoch 31/60 | Time 0m 16s
  Train | loss=0.1792 | top1=93.86% | top2=89.00% | top3=99.11%
  Valid | loss=0.1830 | top1=92.19% | top2=89.84% | top3=99.61% | acc=92.19% | bal_acc=89.85% | macro_f1=0.7676 | qwk=0.9337 | mae=0.0801 | weighted_f1=0.9299 | precision_macro=0.7817 | recall_macro=0.8985
 No improvement. Bad epochs: 5/15

Epoch 32/60 | Time 0m 16s
  Train | loss=0.1763 | top1=94.12% | top2=89.21% | top3=99.44%
  Valid | loss=0.1777 | top1=93.75% | top2=88.48% | top3=99.22% | acc=93.75% | bal_acc=92.67% | macro_f1=0.8237 | qwk=0.9478 | mae=0.0625 | weighted_f1=0.9407 | precision_macro=0.8102 | recall_macro=0.9267
 No improvement. Bad epochs: 6/15

Epoch 33/60 | Time 0m 16s
  Train | loss=0.1742 | top1=95.70% | top2=88.39% | top3=99.54%
  Valid | loss=0.1783 | top1=92.58% | top2=87.30% | top3=98.63% | acc=92.58% | bal_acc=91.99% | macro_f1=0.8380 | qwk=0.9319 | mae=0.0762 | weighted_f1=0.9268 | precision_macro=0.8233 | recall_macro=0.9199
 No improvement. Bad epochs: 7/15

Epoch 34/60 | Time 0m 16s
  Train | loss=0.1749 | top1=96.01% | top2=88.13% | top3=99.78%
  Valid | loss=0.1755 | top1=95.12% | top2=88.48% | top3=99.41% | acc=95.12% | bal_acc=93.19% | macro_f1=0.8148 | qwk=0.9551 | mae=0.0508 | weighted_f1=0.9564 | precision_macro=0.8071 | recall_macro=0.9319
 No improvement. Bad epochs: 8/15

Epoch 35/60 | Time 0m 16s
  Train | loss=0.1754 | top1=95.33% | top2=88.26% | top3=99.63%
  Valid | loss=0.1744 | top1=93.55% | top2=89.26% | top3=99.80% | acc=93.55% | bal_acc=91.45% | macro_f1=0.7854 | qwk=0.9440 | mae=0.0664 | weighted_f1=0.9430 | precision_macro=0.7877 | recall_macro=0.9145
 No improvement. Bad epochs: 9/15

Epoch 36/60 | Time 0m 16s
  Train | loss=0.1733 | top1=95.75% | top2=88.19% | top3=99.72%
  Valid | loss=0.1739 | top1=94.73% | top2=88.67% | top3=99.61% | acc=94.73% | bal_acc=92.49% | macro_f1=0.8017 | qwk=0.9525 | mae=0.0547 | weighted_f1=0.9535 | precision_macro=0.8002 | recall_macro=0.9249
 No improvement. Bad epochs: 10/15

Epoch 37/60 | Time 0m 16s
  Train | loss=0.1722 | top1=96.01% | top2=88.00% | top3=99.72%
  Valid | loss=0.1753 | top1=91.80% | top2=91.02% | top3=99.80% | acc=91.80% | bal_acc=87.91% | macro_f1=0.7355 | qwk=0.9335 | mae=0.0840 | weighted_f1=0.9294 | precision_macro=0.7740 | recall_macro=0.8791
 No improvement. Bad epochs: 11/15

Epoch 38/60 | Time 0m 16s
  Train | loss=0.1705 | top1=96.31% | top2=87.96% | top3=99.78%
  Valid | loss=0.1724 | top1=93.75% | top2=89.26% | top3=99.80% | acc=93.75% | bal_acc=90.55% | macro_f1=0.7692 | qwk=0.9464 | mae=0.0645 | weighted_f1=0.9467 | precision_macro=0.7867 | recall_macro=0.9055
 No improvement. Bad epochs: 12/15

Epoch 39/60 | Time 0m 16s
  Train | loss=0.1706 | top1=96.98% | top2=87.35% | top3=99.72%
  Valid | loss=0.1732 | top1=93.16% | top2=89.45% | top3=99.61% | acc=93.16% | bal_acc=90.13% | macro_f1=0.7674 | qwk=0.9460 | mae=0.0684 | weighted_f1=0.9399 | precision_macro=0.7839 | recall_macro=0.9013
 No improvement. Bad epochs: 13/15

Epoch 40/60 | Time 0m 16s
  Train | loss=0.1698 | top1=96.18% | top2=88.13% | top3=99.80%
  Valid | loss=0.1701 | top1=94.53% | top2=88.09% | top3=99.22% | acc=94.53% | bal_acc=92.15% | macro_f1=0.7985 | qwk=0.9555 | mae=0.0547 | weighted_f1=0.9513 | precision_macro=0.7983 | recall_macro=0.9215
 No improvement. Bad epochs: 14/15

Epoch 41/60 | Time 0m 16s
  Train | loss=0.1688 | top1=96.79% | top2=87.54% | top3=99.83%
  Valid | loss=0.1701 | top1=93.75% | top2=89.26% | top3=99.41% | acc=93.75% | bal_acc=90.55% | macro_f1=0.7710 | qwk=0.9506 | mae=0.0625 | weighted_f1=0.9458 | precision_macro=0.7867 | recall_macro=0.9055
 No improvement. Bad epochs: 15/15
 Early stopping triggered at epoch 41.

Loading best model (epoch=26, macro_f1=0.8927)

Test | loss=0.1935 | top1=91.95% | top2=87.03% | top3=96.72% | acc=91.95% | bal_acc=91.25% | macro_f1=0.8722 | qwk=0.9288 | mae=0.0805 | weighted_f1=0.9186 | precision_macro=0.8610 | recall_macro=0.9125
     ovr_roc_auc_macro=0.9926 | ovr_pr_auc_macro=0.9843
Checkpoint: /root/autodl-tmp/MedVisionLab/Alzheimer_MRI_Loss/checkpoints/best_convnext_t_none_coral_convnext_t_all_5seed_adni_baseline_coral_seed5.pt
