COMMAND: /root/miniconda3/envs/medvision/bin/python -u /root/autodl-tmp/MedVisionLab/tools/train_convnext_t_experiment.py --dataset adni --data-root /root/autodl-tmp/Augmented_Alzheimer_MRI/OriginalDataset --attention se --loss ce --seed 1 --epochs 60 --patience 15 --batch-size 32 --image-size 224 --num-workers 2 --early-delta 0.0001 --base-lr 0.0001 --koa-backbone-lr 0.0001 --koa-head-lr 0.001 --weight-decay 0.0001 --dast-tau 1.0 --dast-gamma 1.5 --sord-tau 1.0 --label-smoothing 0.1 --run-tag convnext_t_all_5seed_adni_se_ce_seed1
==========================================================================================
Starting ConvNeXt-T experiment on ADNI...
Using device: cuda
CUDA device: NVIDIA GeForce RTX 4090
Config | seed=1, attention=se, loss=ce, epochs=60, patience=15, batch_size=32, image_size=224, pretrained=True
Backbone: ConvNeXt-T | stage3=features[5] | stage3_channels=384
Data root: /root/autodl-tmp/Augmented_Alzheimer_MRI/OriginalDataset
Class order: ['NonDemented', 'VeryMildDemented', 'MildDemented', 'ModerateDemented']
Split sizes | train=4608, valid=512, test=1280
Train class counts: [2304, 1613, 645, 46]
Optimizer: matched progressive Adam | stem=1e-05, stage1=1.25e-05, downsample1=1.6666667e-05, stage2=1.6666667e-05, downsample2=2.5e-05, stage3=2.5e-05, attention=3.3333333e-05, downsample3=5e-05, stage4=5e-05, norm=0.0001, head=0.0001
Trainable parameters: 27,842,044

Epoch 01/60 | Time 0m 16s
  Train | loss=1.1747 | top1=46.22% | top2=77.45% | top3=92.32%
  Valid | loss=1.0204 | top1=50.39% | top2=84.96% | top3=99.02% | acc=50.39% | bal_acc=25.78% | macro_f1=0.2001 | qwk=0.1031 | mae=0.6172 | weighted_f1=0.3815 | precision_macro=0.2070 | recall_macro=0.2578
 Validation improved. Saved best model (macro_f1=0.2001)

Epoch 02/60 | Time 0m 16s
  Train | loss=0.9629 | top1=54.36% | top2=85.48% | top3=99.00%
  Valid | loss=0.9113 | top1=58.20% | top2=86.52% | top3=99.02% | acc=58.20% | bal_acc=35.52% | macro_f1=0.3331 | qwk=0.4161 | mae=0.4395 | weighted_f1=0.5533 | precision_macro=0.4552 | recall_macro=0.3552
 Validation improved. Saved best model (macro_f1=0.3331)

Epoch 03/60 | Time 0m 16s
  Train | loss=0.8605 | top1=59.31% | top2=88.17% | top3=99.00%
  Valid | loss=0.8311 | top1=63.09% | top2=86.13% | top3=99.02% | acc=63.09% | bal_acc=47.36% | macro_f1=0.4579 | qwk=0.5109 | mae=0.4199 | weighted_f1=0.6359 | precision_macro=0.4676 | recall_macro=0.4736
 Validation improved. Saved best model (macro_f1=0.4579)

Epoch 04/60 | Time 0m 16s
  Train | loss=0.7542 | top1=65.71% | top2=90.80% | top3=99.02%
  Valid | loss=0.6742 | top1=70.90% | top2=91.99% | top3=99.22% | acc=70.90% | bal_acc=47.98% | macro_f1=0.4869 | qwk=0.5764 | mae=0.3340 | weighted_f1=0.7009 | precision_macro=0.5054 | recall_macro=0.4798
 Validation improved. Saved best model (macro_f1=0.4869)

Epoch 05/60 | Time 0m 16s
  Train | loss=0.6195 | top1=73.18% | top2=93.58% | top3=99.52%
  Valid | loss=0.5815 | top1=76.95% | top2=95.51% | top3=99.80% | acc=76.95% | bal_acc=61.91% | macro_f1=0.6707 | qwk=0.6781 | mae=0.2520 | weighted_f1=0.7621 | precision_macro=0.8633 | recall_macro=0.6191
 Validation improved. Saved best model (macro_f1=0.6707)

Epoch 06/60 | Time 0m 16s
  Train | loss=0.4541 | top1=81.71% | top2=96.81% | top3=99.85%
  Valid | loss=0.4849 | top1=79.10% | top2=95.31% | top3=100.00% | acc=79.10% | bal_acc=85.86% | macro_f1=0.8152 | qwk=0.7645 | mae=0.2441 | weighted_f1=0.7971 | precision_macro=0.8182 | recall_macro=0.8586
 Validation improved. Saved best model (macro_f1=0.8152)

Epoch 07/60 | Time 0m 16s
  Train | loss=0.3067 | top1=88.37% | top2=98.74% | top3=99.93%
  Valid | loss=0.2667 | top1=91.02% | top2=99.02% | top3=100.00% | acc=91.02% | bal_acc=88.72% | macro_f1=0.8941 | qwk=0.8885 | mae=0.1035 | weighted_f1=0.9107 | precision_macro=0.9123 | recall_macro=0.8872
 Validation improved. Saved best model (macro_f1=0.8941)

Epoch 08/60 | Time 0m 16s
  Train | loss=0.1897 | top1=93.49% | top2=99.24% | top3=99.98%
  Valid | loss=0.1530 | top1=94.73% | top2=99.22% | top3=100.00% | acc=94.73% | bal_acc=95.20% | macro_f1=0.9522 | qwk=0.9426 | mae=0.0566 | weighted_f1=0.9474 | precision_macro=0.9525 | recall_macro=0.9520
 Validation improved. Saved best model (macro_f1=0.9522)

Epoch 09/60 | Time 0m 16s
  Train | loss=0.1566 | top1=94.55% | top2=99.52% | top3=100.00%
  Valid | loss=0.1596 | top1=93.75% | top2=99.61% | top3=100.00% | acc=93.75% | bal_acc=94.29% | macro_f1=0.9498 | qwk=0.9185 | mae=0.0723 | weighted_f1=0.9371 | precision_macro=0.9583 | recall_macro=0.9429
 No improvement. Bad epochs: 1/15

Epoch 10/60 | Time 0m 16s
  Train | loss=0.1002 | top1=97.03% | top2=99.85% | top3=100.00%
  Valid | loss=0.0970 | top1=96.48% | top2=99.41% | top3=100.00% | acc=96.48% | bal_acc=96.58% | macro_f1=0.9684 | qwk=0.9371 | mae=0.0469 | weighted_f1=0.9648 | precision_macro=0.9713 | recall_macro=0.9658
 Validation improved. Saved best model (macro_f1=0.9684)

Epoch 11/60 | Time 0m 16s
  Train | loss=0.0859 | top1=97.42% | top2=99.61% | top3=100.00%
  Valid | loss=0.0676 | top1=98.24% | top2=100.00% | top3=100.00% | acc=98.24% | bal_acc=98.16% | macro_f1=0.9861 | qwk=0.9687 | mae=0.0234 | weighted_f1=0.9824 | precision_macro=0.9910 | recall_macro=0.9816
 Validation improved. Saved best model (macro_f1=0.9861)

Epoch 12/60 | Time 0m 16s
  Train | loss=0.0687 | top1=97.74% | top2=99.78% | top3=100.00%
  Valid | loss=0.0830 | top1=97.07% | top2=99.80% | top3=100.00% | acc=97.07% | bal_acc=96.58% | macro_f1=0.9738 | qwk=0.9525 | mae=0.0371 | weighted_f1=0.9705 | precision_macro=0.9831 | recall_macro=0.9658
 No improvement. Bad epochs: 1/15

Epoch 13/60 | Time 0m 16s
  Train | loss=0.0608 | top1=98.24% | top2=99.91% | top3=100.00%
  Valid | loss=0.0585 | top1=97.85% | top2=100.00% | top3=100.00% | acc=97.85% | bal_acc=97.63% | macro_f1=0.9822 | qwk=0.9704 | mae=0.0254 | weighted_f1=0.9784 | precision_macro=0.9886 | recall_macro=0.9763
 No improvement. Bad epochs: 2/15

Epoch 14/60 | Time 0m 16s
  Train | loss=0.0482 | top1=98.52% | top2=99.91% | top3=100.00%
  Valid | loss=0.0574 | top1=98.24% | top2=99.61% | top3=100.00% | acc=98.24% | bal_acc=98.95% | macro_f1=0.9869 | qwk=0.9845 | mae=0.0176 | weighted_f1=0.9824 | precision_macro=0.9843 | recall_macro=0.9895
 Validation improved. Saved best model (macro_f1=0.9869)

Epoch 15/60 | Time 0m 16s
  Train | loss=0.0488 | top1=98.33% | top2=99.93% | top3=100.00%
  Valid | loss=0.0610 | top1=97.85% | top2=100.00% | top3=100.00% | acc=97.85% | bal_acc=98.68% | macro_f1=0.9860 | qwk=0.9756 | mae=0.0234 | weighted_f1=0.9786 | precision_macro=0.9858 | recall_macro=0.9868
 No improvement. Bad epochs: 1/15

Epoch 16/60 | Time 0m 16s
  Train | loss=0.0393 | top1=98.70% | top2=99.96% | top3=100.00%
  Valid | loss=0.0658 | top1=97.27% | top2=100.00% | top3=100.00% | acc=97.27% | bal_acc=97.67% | macro_f1=0.9788 | qwk=0.9652 | mae=0.0312 | weighted_f1=0.9727 | precision_macro=0.9809 | recall_macro=0.9767
 No improvement. Bad epochs: 2/15

Epoch 17/60 | Time 0m 16s
  Train | loss=0.0341 | top1=98.91% | top2=99.96% | top3=100.00%
  Valid | loss=0.0551 | top1=97.85% | top2=100.00% | top3=100.00% | acc=97.85% | bal_acc=97.68% | macro_f1=0.9808 | qwk=0.9753 | mae=0.0234 | weighted_f1=0.9785 | precision_macro=0.9858 | recall_macro=0.9768
 No improvement. Bad epochs: 3/15

Epoch 18/60 | Time 0m 16s
  Train | loss=0.0365 | top1=98.74% | top2=99.96% | top3=100.00%
  Valid | loss=0.0195 | top1=99.02% | top2=100.00% | top3=100.00% | acc=99.02% | bal_acc=99.22% | macro_f1=0.9928 | qwk=0.9913 | mae=0.0098 | weighted_f1=0.9903 | precision_macro=0.9935 | recall_macro=0.9922
 Validation improved. Saved best model (macro_f1=0.9928)

Epoch 19/60 | Time 0m 16s
  Train | loss=0.0389 | top1=98.74% | top2=99.87% | top3=100.00%
  Valid | loss=0.0235 | top1=99.41% | top2=100.00% | top3=100.00% | acc=99.41% | bal_acc=99.71% | macro_f1=0.9964 | qwk=0.9948 | mae=0.0059 | weighted_f1=0.9941 | precision_macro=0.9959 | recall_macro=0.9971
 Validation improved. Saved best model (macro_f1=0.9964)

Epoch 20/60 | Time 0m 16s
  Train | loss=0.0238 | top1=99.28% | top2=99.91% | top3=100.00%
  Valid | loss=0.0272 | top1=98.83% | top2=100.00% | top3=100.00% | acc=98.83% | bal_acc=99.29% | macro_f1=0.9916 | qwk=0.9896 | mae=0.0117 | weighted_f1=0.9883 | precision_macro=0.9904 | recall_macro=0.9929
 No improvement. Bad epochs: 1/15

Epoch 21/60 | Time 0m 16s
  Train | loss=0.0216 | top1=99.44% | top2=99.96% | top3=100.00%
  Valid | loss=0.0588 | top1=97.85% | top2=100.00% | top3=100.00% | acc=97.85% | bal_acc=98.34% | macro_f1=0.9845 | qwk=0.9808 | mae=0.0215 | weighted_f1=0.9786 | precision_macro=0.9859 | recall_macro=0.9834
 No improvement. Bad epochs: 2/15

Epoch 22/60 | Time 0m 16s
  Train | loss=0.0321 | top1=98.91% | top2=99.93% | top3=100.00%
  Valid | loss=0.0477 | top1=98.44% | top2=100.00% | top3=100.00% | acc=98.44% | bal_acc=99.09% | macro_f1=0.9905 | qwk=0.9861 | mae=0.0156 | weighted_f1=0.9844 | precision_macro=0.9901 | recall_macro=0.9909
 No improvement. Bad epochs: 3/15

Epoch 23/60 | Time 0m 16s
  Train | loss=0.0197 | top1=99.37% | top2=100.00% | top3=100.00%
  Valid | loss=0.0253 | top1=99.02% | top2=100.00% | top3=100.00% | acc=99.02% | bal_acc=99.30% | macro_f1=0.9940 | qwk=0.9914 | mae=0.0098 | weighted_f1=0.9902 | precision_macro=0.9952 | recall_macro=0.9930
 No improvement. Bad epochs: 4/15

Epoch 24/60 | Time 0m 16s
  Train | loss=0.0199 | top1=99.41% | top2=99.98% | top3=100.00%
  Valid | loss=0.0197 | top1=99.41% | top2=100.00% | top3=100.00% | acc=99.41% | bal_acc=99.67% | macro_f1=0.9952 | qwk=0.9948 | mae=0.0059 | weighted_f1=0.9941 | precision_macro=0.9938 | recall_macro=0.9967
 No improvement. Bad epochs: 5/15

Epoch 25/60 | Time 0m 16s
  Train | loss=0.0175 | top1=99.37% | top2=100.00% | top3=100.00%
  Valid | loss=0.0104 | top1=99.80% | top2=100.00% | top3=100.00% | acc=99.80% | bal_acc=99.86% | macro_f1=0.9988 | qwk=0.9983 | mae=0.0020 | weighted_f1=0.9980 | precision_macro=0.9990 | recall_macro=0.9986
 Validation improved. Saved best model (macro_f1=0.9988)

Epoch 26/60 | Time 0m 16s
  Train | loss=0.0147 | top1=99.59% | top2=100.00% | top3=100.00%
  Valid | loss=0.0168 | top1=99.22% | top2=100.00% | top3=100.00% | acc=99.22% | bal_acc=99.44% | macro_f1=0.9928 | qwk=0.9931 | mae=0.0078 | weighted_f1=0.9922 | precision_macro=0.9913 | recall_macro=0.9944
 No improvement. Bad epochs: 1/15

Epoch 27/60 | Time 0m 16s
  Train | loss=0.0145 | top1=99.48% | top2=99.98% | top3=100.00%
  Valid | loss=0.0373 | top1=98.44% | top2=100.00% | top3=100.00% | acc=98.44% | bal_acc=99.18% | macro_f1=0.9895 | qwk=0.9810 | mae=0.0176 | weighted_f1=0.9844 | precision_macro=0.9874 | recall_macro=0.9918
 No improvement. Bad epochs: 2/15

Epoch 28/60 | Time 0m 16s
  Train | loss=0.0142 | top1=99.65% | top2=100.00% | top3=100.00%
  Valid | loss=0.0214 | top1=99.41% | top2=100.00% | top3=100.00% | acc=99.41% | bal_acc=99.58% | macro_f1=0.9964 | qwk=0.9948 | mae=0.0059 | weighted_f1=0.9941 | precision_macro=0.9971 | recall_macro=0.9958
 No improvement. Bad epochs: 3/15

Epoch 29/60 | Time 0m 16s
  Train | loss=0.0115 | top1=99.74% | top2=99.96% | top3=100.00%
  Valid | loss=0.0125 | top1=99.41% | top2=100.00% | top3=100.00% | acc=99.41% | bal_acc=99.62% | macro_f1=0.9964 | qwk=0.9948 | mae=0.0059 | weighted_f1=0.9941 | precision_macro=0.9966 | recall_macro=0.9962
 No improvement. Bad epochs: 4/15

Epoch 30/60 | Time 0m 16s
  Train | loss=0.0141 | top1=99.54% | top2=100.00% | top3=100.00%
  Valid | loss=0.0204 | top1=99.41% | top2=100.00% | top3=100.00% | acc=99.41% | bal_acc=99.58% | macro_f1=0.9964 | qwk=0.9948 | mae=0.0059 | weighted_f1=0.9941 | precision_macro=0.9971 | recall_macro=0.9958
 No improvement. Bad epochs: 5/15

Epoch 31/60 | Time 0m 16s
  Train | loss=0.0138 | top1=99.54% | top2=99.98% | top3=100.00%
  Valid | loss=0.0115 | top1=99.61% | top2=100.00% | top3=100.00% | acc=99.61% | bal_acc=99.72% | macro_f1=0.9976 | qwk=0.9965 | mae=0.0039 | weighted_f1=0.9961 | precision_macro=0.9981 | recall_macro=0.9972
 No improvement. Bad epochs: 6/15

Epoch 32/60 | Time 0m 16s
  Train | loss=0.0100 | top1=99.63% | top2=100.00% | top3=100.00%
  Valid | loss=0.0142 | top1=99.41% | top2=100.00% | top3=100.00% | acc=99.41% | bal_acc=99.62% | macro_f1=0.9964 | qwk=0.9948 | mae=0.0059 | weighted_f1=0.9941 | precision_macro=0.9966 | recall_macro=0.9962
 No improvement. Bad epochs: 7/15

Epoch 33/60 | Time 0m 16s
  Train | loss=0.0084 | top1=99.80% | top2=100.00% | top3=100.00%
  Valid | loss=0.0132 | top1=99.61% | top2=100.00% | top3=100.00% | acc=99.61% | bal_acc=99.72% | macro_f1=0.9976 | qwk=0.9965 | mae=0.0039 | weighted_f1=0.9961 | precision_macro=0.9981 | recall_macro=0.9972
 No improvement. Bad epochs: 8/15

Epoch 34/60 | Time 0m 16s
  Train | loss=0.0123 | top1=99.72% | top2=100.00% | top3=100.00%
  Valid | loss=0.0172 | top1=99.61% | top2=100.00% | top3=100.00% | acc=99.61% | bal_acc=99.72% | macro_f1=0.9976 | qwk=0.9965 | mae=0.0039 | weighted_f1=0.9961 | precision_macro=0.9981 | recall_macro=0.9972
 No improvement. Bad epochs: 9/15

Epoch 35/60 | Time 0m 16s
  Train | loss=0.0133 | top1=99.41% | top2=100.00% | top3=100.00%
  Valid | loss=0.0192 | top1=99.41% | top2=100.00% | top3=100.00% | acc=99.41% | bal_acc=99.67% | macro_f1=0.9964 | qwk=0.9948 | mae=0.0059 | weighted_f1=0.9941 | precision_macro=0.9962 | recall_macro=0.9967
 No improvement. Bad epochs: 10/15

Epoch 36/60 | Time 0m 16s
  Train | loss=0.0089 | top1=99.72% | top2=100.00% | top3=100.00%
  Valid | loss=0.0243 | top1=99.41% | top2=100.00% | top3=100.00% | acc=99.41% | bal_acc=99.67% | macro_f1=0.9964 | qwk=0.9948 | mae=0.0059 | weighted_f1=0.9941 | precision_macro=0.9962 | recall_macro=0.9967
 No improvement. Bad epochs: 11/15

Epoch 37/60 | Time 0m 16s
  Train | loss=0.0112 | top1=99.76% | top2=100.00% | top3=100.00%
  Valid | loss=0.0257 | top1=99.61% | top2=100.00% | top3=100.00% | acc=99.61% | bal_acc=99.72% | macro_f1=0.9976 | qwk=0.9965 | mae=0.0039 | weighted_f1=0.9961 | precision_macro=0.9981 | recall_macro=0.9972
 No improvement. Bad epochs: 12/15

Epoch 38/60 | Time 0m 16s
  Train | loss=0.0090 | top1=99.70% | top2=99.98% | top3=100.00%
  Valid | loss=0.0102 | top1=99.80% | top2=100.00% | top3=100.00% | acc=99.80% | bal_acc=99.86% | macro_f1=0.9988 | qwk=0.9983 | mae=0.0020 | weighted_f1=0.9980 | precision_macro=0.9990 | recall_macro=0.9986
 No improvement. Bad epochs: 13/15

Epoch 39/60 | Time 0m 16s
  Train | loss=0.0098 | top1=99.65% | top2=99.98% | top3=100.00%
  Valid | loss=0.0239 | top1=99.41% | top2=100.00% | top3=100.00% | acc=99.41% | bal_acc=99.58% | macro_f1=0.9964 | qwk=0.9948 | mae=0.0059 | weighted_f1=0.9941 | precision_macro=0.9971 | recall_macro=0.9958
 No improvement. Bad epochs: 14/15

Epoch 40/60 | Time 0m 16s
  Train | loss=0.0077 | top1=99.78% | top2=100.00% | top3=100.00%
  Valid | loss=0.0124 | top1=99.61% | top2=100.00% | top3=100.00% | acc=99.61% | bal_acc=99.72% | macro_f1=0.9976 | qwk=0.9965 | mae=0.0039 | weighted_f1=0.9961 | precision_macro=0.9981 | recall_macro=0.9972
 No improvement. Bad epochs: 15/15
 Early stopping triggered at epoch 40.

Loading best model (epoch=25, macro_f1=0.9988)

Test | loss=0.0423 | top1=98.75% | top2=99.92% | top3=100.00% | acc=98.75% | bal_acc=98.81% | macro_f1=0.9901 | qwk=0.9827 | mae=0.0148 | weighted_f1=0.9875 | precision_macro=0.9923 | recall_macro=0.9881
     ovr_roc_auc_macro=0.9997 | ovr_pr_auc_macro=0.9992
Checkpoint: /root/autodl-tmp/MedVisionLab/Alzheimer_MRI_Loss/checkpoints/best_convnext_t_se_ce_convnext_t_all_5seed_adni_se_ce_seed1.pt
