COMMAND: /root/miniconda3/envs/medvision/bin/python -u /root/autodl-tmp/MedVisionLab/tools/train_convnext_t_experiment.py --dataset adni --data-root /root/autodl-tmp/Augmented_Alzheimer_MRI/OriginalDataset --attention none --loss sord_ce --seed 1 --epochs 60 --patience 15 --batch-size 32 --image-size 224 --num-workers 2 --early-delta 0.0001 --base-lr 0.0001 --koa-backbone-lr 0.0001 --koa-head-lr 0.001 --weight-decay 0.0001 --dast-tau 1.0 --dast-gamma 1.5 --sord-tau 1.0 --label-smoothing 0.1 --run-tag convnext_t_all_5seed_adni_baseline_sord_seed1
==========================================================================================
Starting ConvNeXt-T experiment on ADNI...
Using device: cuda
CUDA device: NVIDIA GeForce RTX 4090
Config | seed=1, attention=none, loss=sord_ce, epochs=60, patience=15, batch_size=32, image_size=224, pretrained=True
Backbone: ConvNeXt-T | stage3=features[5] | stage3_channels=384
Data root: /root/autodl-tmp/Augmented_Alzheimer_MRI/OriginalDataset
Class order: ['NonDemented', 'VeryMildDemented', 'MildDemented', 'ModerateDemented']
Split sizes | train=4608, valid=512, test=1280
Train class counts: [2304, 1613, 645, 46]
Optimizer: matched progressive Adam | stem=1e-05, stage1=1.25e-05, downsample1=1.6666667e-05, stage2=1.6666667e-05, downsample2=2.5e-05, stage3=2.5e-05, downsample3=5e-05, stage4=5e-05, norm=0.0001, head=0.0001
Trainable parameters: 27,823,204

Epoch 01/60 | Time 0m 16s
  Train | loss=1.2598 | top1=46.55% | top2=83.22% | top3=97.92%
  Valid | loss=1.2276 | top1=55.27% | top2=84.96% | top3=99.02% | acc=55.27% | bal_acc=31.54% | macro_f1=0.2898 | qwk=0.2732 | mae=0.5059 | weighted_f1=0.5078 | precision_macro=0.2680 | recall_macro=0.3154
 Validation improved. Saved best model (macro_f1=0.2898)

Epoch 02/60 | Time 0m 15s
  Train | loss=1.2172 | top1=54.30% | top2=85.96% | top3=99.00%
  Valid | loss=1.2051 | top1=57.81% | top2=88.09% | top3=99.02% | acc=57.81% | bal_acc=35.91% | macro_f1=0.3460 | qwk=0.4075 | mae=0.4492 | weighted_f1=0.5566 | precision_macro=0.4272 | recall_macro=0.3591
 Validation improved. Saved best model (macro_f1=0.3460)

Epoch 03/60 | Time 0m 16s
  Train | loss=1.1956 | top1=59.98% | top2=88.85% | top3=99.00%
  Valid | loss=1.1813 | top1=62.30% | top2=91.41% | top3=99.02% | acc=62.30% | bal_acc=39.02% | macro_f1=0.3921 | qwk=0.4720 | mae=0.4102 | weighted_f1=0.6036 | precision_macro=0.4739 | recall_macro=0.3902
 Validation improved. Saved best model (macro_f1=0.3921)

Epoch 04/60 | Time 0m 16s
  Train | loss=1.1791 | top1=65.56% | top2=91.19% | top3=99.20%
  Valid | loss=1.1598 | top1=70.31% | top2=93.75% | top3=99.61% | acc=70.31% | bal_acc=46.77% | macro_f1=0.4831 | qwk=0.6393 | mae=0.3164 | weighted_f1=0.6894 | precision_macro=0.5301 | recall_macro=0.4677
 Validation improved. Saved best model (macro_f1=0.4831)

Epoch 05/60 | Time 0m 16s
  Train | loss=1.1594 | top1=71.70% | top2=93.60% | top3=99.67%
  Valid | loss=1.1422 | top1=78.32% | top2=95.70% | top3=99.80% | acc=78.32% | bal_acc=71.73% | macro_f1=0.7623 | qwk=0.7648 | mae=0.2285 | weighted_f1=0.7834 | precision_macro=0.8353 | recall_macro=0.7173
 Validation improved. Saved best model (macro_f1=0.7623)

Epoch 06/60 | Time 0m 16s
  Train | loss=1.1368 | top1=79.14% | top2=96.51% | top3=99.89%
  Valid | loss=1.1244 | top1=82.42% | top2=98.05% | top3=100.00% | acc=82.42% | bal_acc=75.89% | macro_f1=0.7983 | qwk=0.8091 | mae=0.1895 | weighted_f1=0.8193 | precision_macro=0.8707 | recall_macro=0.7589
 Validation improved. Saved best model (macro_f1=0.7983)

Epoch 07/60 | Time 0m 16s
  Train | loss=1.1139 | top1=85.85% | top2=98.68% | top3=99.93%
  Valid | loss=1.1048 | top1=88.87% | top2=98.24% | top3=100.00% | acc=88.87% | bal_acc=89.47% | macro_f1=0.9118 | qwk=0.8766 | mae=0.1191 | weighted_f1=0.8879 | precision_macro=0.9356 | recall_macro=0.8947
 Validation improved. Saved best model (macro_f1=0.9118)

Epoch 08/60 | Time 0m 16s
  Train | loss=1.1015 | top1=90.76% | top2=98.91% | top3=99.96%
  Valid | loss=1.0989 | top1=92.38% | top2=99.41% | top3=100.00% | acc=92.38% | bal_acc=94.39% | macro_f1=0.9394 | qwk=0.9187 | mae=0.0820 | weighted_f1=0.9233 | precision_macro=0.9365 | recall_macro=0.9439
 Validation improved. Saved best model (macro_f1=0.9394)

Epoch 09/60 | Time 0m 16s
  Train | loss=1.0912 | top1=93.34% | top2=99.54% | top3=99.98%
  Valid | loss=1.0886 | top1=93.36% | top2=99.61% | top3=100.00% | acc=93.36% | bal_acc=94.63% | macro_f1=0.9543 | qwk=0.9308 | mae=0.0703 | weighted_f1=0.9331 | precision_macro=0.9648 | recall_macro=0.9463
 Validation improved. Saved best model (macro_f1=0.9543)

Epoch 10/60 | Time 0m 16s
  Train | loss=1.0858 | top1=95.25% | top2=99.59% | top3=100.00%
  Valid | loss=1.0892 | top1=95.70% | top2=99.61% | top3=100.00% | acc=95.70% | bal_acc=96.97% | macro_f1=0.9680 | qwk=0.9568 | mae=0.0449 | weighted_f1=0.9571 | precision_macro=0.9663 | recall_macro=0.9697
 Validation improved. Saved best model (macro_f1=0.9680)

Epoch 11/60 | Time 0m 16s
  Train | loss=1.0794 | top1=96.81% | top2=99.83% | top3=100.00%
  Valid | loss=1.0782 | top1=97.46% | top2=100.00% | top3=100.00% | acc=97.46% | bal_acc=98.39% | macro_f1=0.9833 | qwk=0.9776 | mae=0.0254 | weighted_f1=0.9746 | precision_macro=0.9827 | recall_macro=0.9839
 Validation improved. Saved best model (macro_f1=0.9833)

Epoch 12/60 | Time 0m 16s
  Train | loss=1.0754 | top1=97.40% | top2=99.80% | top3=100.00%
  Valid | loss=1.0747 | top1=98.05% | top2=100.00% | top3=100.00% | acc=98.05% | bal_acc=98.52% | macro_f1=0.9856 | qwk=0.9827 | mae=0.0195 | weighted_f1=0.9804 | precision_macro=0.9860 | recall_macro=0.9852
 Validation improved. Saved best model (macro_f1=0.9856)

Epoch 13/60 | Time 0m 16s
  Train | loss=1.0727 | top1=98.31% | top2=99.85% | top3=100.00%
  Valid | loss=1.0731 | top1=98.83% | top2=100.00% | top3=100.00% | acc=98.83% | bal_acc=99.08% | macro_f1=0.9916 | qwk=0.9896 | mae=0.0117 | weighted_f1=0.9883 | precision_macro=0.9925 | recall_macro=0.9908
 Validation improved. Saved best model (macro_f1=0.9916)

Epoch 14/60 | Time 0m 16s
  Train | loss=1.0710 | top1=98.24% | top2=99.93% | top3=100.00%
  Valid | loss=1.0710 | top1=98.44% | top2=100.00% | top3=100.00% | acc=98.44% | bal_acc=98.80% | macro_f1=0.9880 | qwk=0.9862 | mae=0.0156 | weighted_f1=0.9844 | precision_macro=0.9880 | recall_macro=0.9880
 No improvement. Bad epochs: 1/15

Epoch 15/60 | Time 0m 16s
  Train | loss=1.0691 | top1=98.63% | top2=99.98% | top3=100.00%
  Valid | loss=1.0683 | top1=99.02% | top2=100.00% | top3=100.00% | acc=99.02% | bal_acc=99.43% | macro_f1=0.9941 | qwk=0.9913 | mae=0.0098 | weighted_f1=0.9902 | precision_macro=0.9939 | recall_macro=0.9943
 Validation improved. Saved best model (macro_f1=0.9941)

Epoch 16/60 | Time 0m 16s
  Train | loss=1.0681 | top1=98.70% | top2=99.93% | top3=100.00%
  Valid | loss=1.0670 | top1=99.22% | top2=100.00% | top3=100.00% | acc=99.22% | bal_acc=99.53% | macro_f1=0.9953 | qwk=0.9931 | mae=0.0078 | weighted_f1=0.9922 | precision_macro=0.9953 | recall_macro=0.9953
 Validation improved. Saved best model (macro_f1=0.9953)

Epoch 17/60 | Time 0m 16s
  Train | loss=1.0669 | top1=99.11% | top2=99.93% | top3=100.00%
  Valid | loss=1.0652 | top1=99.22% | top2=100.00% | top3=100.00% | acc=99.22% | bal_acc=99.53% | macro_f1=0.9953 | qwk=0.9931 | mae=0.0078 | weighted_f1=0.9922 | precision_macro=0.9953 | recall_macro=0.9953
 No improvement. Bad epochs: 1/15

Epoch 18/60 | Time 0m 16s
  Train | loss=1.0652 | top1=99.24% | top2=99.98% | top3=100.00%
  Valid | loss=1.0649 | top1=99.22% | top2=100.00% | top3=100.00% | acc=99.22% | bal_acc=99.48% | macro_f1=0.9952 | qwk=0.9931 | mae=0.0078 | weighted_f1=0.9922 | precision_macro=0.9957 | recall_macro=0.9948
 No improvement. Bad epochs: 2/15

Epoch 19/60 | Time 0m 16s
  Train | loss=1.0645 | top1=99.15% | top2=99.96% | top3=100.00%
  Valid | loss=1.0648 | top1=99.02% | top2=100.00% | top3=100.00% | acc=99.02% | bal_acc=99.39% | macro_f1=0.9941 | qwk=0.9914 | mae=0.0098 | weighted_f1=0.9902 | precision_macro=0.9943 | recall_macro=0.9939
 No improvement. Bad epochs: 3/15

Epoch 20/60 | Time 0m 16s
  Train | loss=1.0630 | top1=99.72% | top2=100.00% | top3=100.00%
  Valid | loss=1.0644 | top1=99.61% | top2=100.00% | top3=100.00% | acc=99.61% | bal_acc=99.76% | macro_f1=0.9976 | qwk=0.9965 | mae=0.0039 | weighted_f1=0.9961 | precision_macro=0.9976 | recall_macro=0.9976
 Validation improved. Saved best model (macro_f1=0.9976)

Epoch 21/60 | Time 0m 16s
  Train | loss=1.0626 | top1=99.54% | top2=99.91% | top3=100.00%
  Valid | loss=1.0631 | top1=99.22% | top2=100.00% | top3=100.00% | acc=99.22% | bal_acc=99.48% | macro_f1=0.9952 | qwk=0.9931 | mae=0.0078 | weighted_f1=0.9922 | precision_macro=0.9957 | recall_macro=0.9948
 No improvement. Bad epochs: 1/15

Epoch 22/60 | Time 0m 16s
  Train | loss=1.0620 | top1=99.52% | top2=99.98% | top3=100.00%
  Valid | loss=1.0621 | top1=99.80% | top2=100.00% | top3=100.00% | acc=99.80% | bal_acc=99.86% | macro_f1=0.9988 | qwk=0.9983 | mae=0.0020 | weighted_f1=0.9980 | precision_macro=0.9990 | recall_macro=0.9986
 Validation improved. Saved best model (macro_f1=0.9988)

Epoch 23/60 | Time 0m 16s
  Train | loss=1.0613 | top1=99.59% | top2=100.00% | top3=100.00%
  Valid | loss=1.0620 | top1=99.61% | top2=100.00% | top3=100.00% | acc=99.61% | bal_acc=99.72% | macro_f1=0.9976 | qwk=0.9965 | mae=0.0039 | weighted_f1=0.9961 | precision_macro=0.9981 | recall_macro=0.9972
 No improvement. Bad epochs: 1/15

Epoch 24/60 | Time 0m 16s
  Train | loss=1.0615 | top1=99.61% | top2=100.00% | top3=100.00%
  Valid | loss=1.0614 | top1=99.80% | top2=100.00% | top3=100.00% | acc=99.80% | bal_acc=99.86% | macro_f1=0.9988 | qwk=0.9983 | mae=0.0020 | weighted_f1=0.9980 | precision_macro=0.9990 | recall_macro=0.9986
 No improvement. Bad epochs: 2/15

Epoch 25/60 | Time 0m 16s
  Train | loss=1.0607 | top1=99.67% | top2=99.98% | top3=100.00%
  Valid | loss=1.0606 | top1=99.61% | top2=100.00% | top3=100.00% | acc=99.61% | bal_acc=99.76% | macro_f1=0.9976 | qwk=0.9965 | mae=0.0039 | weighted_f1=0.9961 | precision_macro=0.9976 | recall_macro=0.9976
 No improvement. Bad epochs: 3/15

Epoch 26/60 | Time 0m 16s
  Train | loss=1.0602 | top1=99.70% | top2=99.96% | top3=99.98%
  Valid | loss=1.0599 | top1=99.80% | top2=100.00% | top3=100.00% | acc=99.80% | bal_acc=99.86% | macro_f1=0.9988 | qwk=0.9983 | mae=0.0020 | weighted_f1=0.9980 | precision_macro=0.9990 | recall_macro=0.9986
 No improvement. Bad epochs: 4/15

Epoch 27/60 | Time 0m 16s
  Train | loss=1.0601 | top1=99.67% | top2=99.98% | top3=100.00%
  Valid | loss=1.0599 | top1=99.61% | top2=100.00% | top3=100.00% | acc=99.61% | bal_acc=99.76% | macro_f1=0.9976 | qwk=0.9965 | mae=0.0039 | weighted_f1=0.9961 | precision_macro=0.9976 | recall_macro=0.9976
 No improvement. Bad epochs: 5/15

Epoch 28/60 | Time 0m 16s
  Train | loss=1.0601 | top1=99.59% | top2=100.00% | top3=100.00%
  Valid | loss=1.0598 | top1=99.41% | top2=100.00% | top3=100.00% | acc=99.41% | bal_acc=99.62% | macro_f1=0.9964 | qwk=0.9948 | mae=0.0059 | weighted_f1=0.9941 | precision_macro=0.9966 | recall_macro=0.9962
 No improvement. Bad epochs: 6/15

Epoch 29/60 | Time 0m 16s
  Train | loss=1.0591 | top1=99.76% | top2=99.98% | top3=100.00%
  Valid | loss=1.0594 | top1=99.61% | top2=100.00% | top3=100.00% | acc=99.61% | bal_acc=99.76% | macro_f1=0.9976 | qwk=0.9965 | mae=0.0039 | weighted_f1=0.9961 | precision_macro=0.9976 | recall_macro=0.9976
 No improvement. Bad epochs: 7/15

Epoch 30/60 | Time 0m 16s
  Train | loss=1.0587 | top1=99.87% | top2=99.98% | top3=100.00%
  Valid | loss=1.0597 | top1=99.41% | top2=100.00% | top3=100.00% | acc=99.41% | bal_acc=99.67% | macro_f1=0.9964 | qwk=0.9948 | mae=0.0059 | weighted_f1=0.9941 | precision_macro=0.9962 | recall_macro=0.9967
 No improvement. Bad epochs: 8/15

Epoch 31/60 | Time 0m 16s
  Train | loss=1.0589 | top1=99.74% | top2=99.98% | top3=100.00%
  Valid | loss=1.0595 | top1=99.41% | top2=100.00% | top3=100.00% | acc=99.41% | bal_acc=99.67% | macro_f1=0.9964 | qwk=0.9948 | mae=0.0059 | weighted_f1=0.9941 | precision_macro=0.9962 | recall_macro=0.9967
 No improvement. Bad epochs: 9/15

Epoch 32/60 | Time 0m 16s
  Train | loss=1.0583 | top1=99.74% | top2=99.98% | top3=100.00%
  Valid | loss=1.0582 | top1=99.61% | top2=100.00% | top3=100.00% | acc=99.61% | bal_acc=99.76% | macro_f1=0.9976 | qwk=0.9965 | mae=0.0039 | weighted_f1=0.9961 | precision_macro=0.9976 | recall_macro=0.9976
 No improvement. Bad epochs: 10/15

Epoch 33/60 | Time 0m 16s
  Train | loss=1.0578 | top1=99.83% | top2=100.00% | top3=100.00%
  Valid | loss=1.0582 | top1=99.80% | top2=100.00% | top3=100.00% | acc=99.80% | bal_acc=99.86% | macro_f1=0.9988 | qwk=0.9983 | mae=0.0020 | weighted_f1=0.9980 | precision_macro=0.9990 | recall_macro=0.9986
 No improvement. Bad epochs: 11/15

Epoch 34/60 | Time 0m 16s
  Train | loss=1.0581 | top1=99.83% | top2=99.98% | top3=100.00%
  Valid | loss=1.0580 | top1=99.61% | top2=100.00% | top3=100.00% | acc=99.61% | bal_acc=99.76% | macro_f1=0.9976 | qwk=0.9965 | mae=0.0039 | weighted_f1=0.9961 | precision_macro=0.9976 | recall_macro=0.9976
 No improvement. Bad epochs: 12/15

Epoch 35/60 | Time 0m 16s
  Train | loss=1.0578 | top1=99.80% | top2=99.98% | top3=100.00%
  Valid | loss=1.0588 | top1=99.22% | top2=100.00% | top3=100.00% | acc=99.22% | bal_acc=99.57% | macro_f1=0.9953 | qwk=0.9931 | mae=0.0078 | weighted_f1=0.9922 | precision_macro=0.9949 | recall_macro=0.9957
 No improvement. Bad epochs: 13/15

Epoch 36/60 | Time 0m 16s
  Train | loss=1.0575 | top1=99.89% | top2=100.00% | top3=100.00%
  Valid | loss=1.0581 | top1=99.22% | top2=100.00% | top3=100.00% | acc=99.22% | bal_acc=99.53% | macro_f1=0.9953 | qwk=0.9931 | mae=0.0078 | weighted_f1=0.9922 | precision_macro=0.9953 | recall_macro=0.9953
 No improvement. Bad epochs: 14/15

Epoch 37/60 | Time 0m 16s
  Train | loss=1.0572 | top1=99.87% | top2=100.00% | top3=100.00%
  Valid | loss=1.0576 | top1=99.61% | top2=100.00% | top3=100.00% | acc=99.61% | bal_acc=99.76% | macro_f1=0.9976 | qwk=0.9965 | mae=0.0039 | weighted_f1=0.9961 | precision_macro=0.9976 | recall_macro=0.9976
 No improvement. Bad epochs: 15/15
 Early stopping triggered at epoch 37.

Loading best model (epoch=22, macro_f1=0.9988)

Test | loss=1.0655 | top1=98.36% | top2=99.92% | top3=100.00% | acc=98.36% | bal_acc=98.46% | macro_f1=0.9870 | qwk=0.9854 | mae=0.0164 | weighted_f1=0.9836 | precision_macro=0.9896 | recall_macro=0.9846
     ovr_roc_auc_macro=0.9995 | ovr_pr_auc_macro=0.9989
Checkpoint: /root/autodl-tmp/MedVisionLab/Alzheimer_MRI_Loss/checkpoints/best_convnext_t_none_sord_ce_convnext_t_all_5seed_adni_baseline_sord_seed1.pt
