COMMAND: /root/miniconda3/envs/medvision/bin/python -u /root/autodl-tmp/MedVisionLab/tools/train_convnext_t_experiment.py --dataset adni --data-root /root/autodl-tmp/Augmented_Alzheimer_MRI/OriginalDataset --attention none --loss label_smoothing_ce --seed 5 --epochs 60 --patience 15 --batch-size 32 --image-size 224 --num-workers 2 --early-delta 0.0001 --base-lr 0.0001 --koa-backbone-lr 0.0001 --koa-head-lr 0.001 --weight-decay 0.0001 --dast-tau 1.0 --dast-gamma 1.5 --sord-tau 1.0 --label-smoothing 0.1 --run-tag convnext_t_all_5seed_adni_baseline_label_smoothing_seed5
==========================================================================================
Starting ConvNeXt-T experiment on ADNI...
Using device: cuda
CUDA device: NVIDIA GeForce RTX 4090
Config | seed=5, attention=none, loss=label_smoothing_ce, epochs=60, patience=15, batch_size=32, image_size=224, pretrained=True
Backbone: ConvNeXt-T | stage3=features[5] | stage3_channels=384
Data root: /root/autodl-tmp/Augmented_Alzheimer_MRI/OriginalDataset
Class order: ['NonDemented', 'VeryMildDemented', 'MildDemented', 'ModerateDemented']
Split sizes | train=4608, valid=512, test=1280
Train class counts: [2304, 1613, 645, 46]
Optimizer: matched progressive Adam | stem=1e-05, stage1=1.25e-05, downsample1=1.6666667e-05, stage2=1.6666667e-05, downsample2=2.5e-05, stage3=2.5e-05, downsample3=5e-05, stage4=5e-05, norm=0.0001, head=0.0001
Trainable parameters: 27,823,204

Epoch 01/60 | Time 0m 16s
  Train | loss=1.1701 | top1=49.74% | top2=83.59% | top3=97.57%
  Valid | loss=1.1102 | top1=50.39% | top2=84.96% | top3=99.02% | acc=50.39% | bal_acc=25.36% | macro_f1=0.1775 | qwk=0.0002 | mae=0.6562 | weighted_f1=0.3485 | precision_macro=0.2922 | recall_macro=0.2536
 Validation improved. Saved best model (macro_f1=0.1775)

Epoch 02/60 | Time 0m 16s
  Train | loss=1.0728 | top1=54.25% | top2=85.55% | top3=99.00%
  Valid | loss=1.0081 | top1=57.03% | top2=87.30% | top3=99.02% | acc=57.03% | bal_acc=36.31% | macro_f1=0.3445 | qwk=0.3981 | mae=0.5156 | weighted_f1=0.5207 | precision_macro=0.3708 | recall_macro=0.3631
 Validation improved. Saved best model (macro_f1=0.3445)

Epoch 03/60 | Time 0m 16s
  Train | loss=1.0052 | top1=61.20% | top2=87.67% | top3=98.98%
  Valid | loss=0.9295 | top1=66.60% | top2=90.82% | top3=99.02% | acc=66.60% | bal_acc=42.21% | macro_f1=0.4284 | qwk=0.5463 | mae=0.3633 | weighted_f1=0.6475 | precision_macro=0.4931 | recall_macro=0.4221
 Validation improved. Saved best model (macro_f1=0.4284)

Epoch 04/60 | Time 0m 16s
  Train | loss=0.9370 | top1=66.38% | top2=91.06% | top3=99.31%
  Valid | loss=0.8806 | top1=71.48% | top2=92.58% | top3=99.61% | acc=71.48% | bal_acc=53.67% | macro_f1=0.5055 | qwk=0.6593 | mae=0.3320 | weighted_f1=0.7181 | precision_macro=0.5021 | recall_macro=0.5367
 Validation improved. Saved best model (macro_f1=0.5055)

Epoch 05/60 | Time 0m 16s
  Train | loss=0.8498 | top1=73.70% | top2=93.73% | top3=99.61%
  Valid | loss=0.7995 | top1=78.12% | top2=95.31% | top3=100.00% | acc=78.12% | bal_acc=57.99% | macro_f1=0.5605 | qwk=0.7576 | mae=0.2422 | weighted_f1=0.7660 | precision_macro=0.5783 | recall_macro=0.5799
 Validation improved. Saved best model (macro_f1=0.5605)

Epoch 06/60 | Time 0m 16s
  Train | loss=0.7346 | top1=82.29% | top2=97.16% | top3=99.89%
  Valid | loss=0.7308 | top1=82.81% | top2=96.29% | top3=99.80% | acc=82.81% | bal_acc=88.98% | macro_f1=0.8557 | qwk=0.7562 | mae=0.2129 | weighted_f1=0.8337 | precision_macro=0.8458 | recall_macro=0.8898
 Validation improved. Saved best model (macro_f1=0.8557)

Epoch 07/60 | Time 0m 16s
  Train | loss=0.6355 | top1=89.80% | top2=98.52% | top3=99.91%
  Valid | loss=0.5852 | top1=92.58% | top2=99.41% | top3=100.00% | acc=92.58% | bal_acc=88.76% | macro_f1=0.9098 | qwk=0.9112 | mae=0.0820 | weighted_f1=0.9263 | precision_macro=0.9389 | recall_macro=0.8876
 Validation improved. Saved best model (macro_f1=0.9098)

Epoch 08/60 | Time 0m 16s
  Train | loss=0.5744 | top1=93.62% | top2=99.39% | top3=99.96%
  Valid | loss=0.5622 | top1=93.75% | top2=99.22% | top3=100.00% | acc=93.75% | bal_acc=93.59% | macro_f1=0.9441 | qwk=0.9267 | mae=0.0684 | weighted_f1=0.9374 | precision_macro=0.9556 | recall_macro=0.9359
 Validation improved. Saved best model (macro_f1=0.9441)

Epoch 09/60 | Time 0m 16s
  Train | loss=0.5273 | top1=96.68% | top2=99.87% | top3=99.96%
  Valid | loss=0.5875 | top1=93.36% | top2=99.22% | top3=100.00% | acc=93.36% | bal_acc=96.30% | macro_f1=0.9470 | qwk=0.8910 | mae=0.0859 | weighted_f1=0.9338 | precision_macro=0.9361 | recall_macro=0.9630
 Validation improved. Saved best model (macro_f1=0.9470)

Epoch 10/60 | Time 0m 16s
  Train | loss=0.5210 | top1=96.57% | top2=99.74% | top3=99.96%
  Valid | loss=0.4932 | top1=98.44% | top2=100.00% | top3=100.00% | acc=98.44% | bal_acc=98.93% | macro_f1=0.9893 | qwk=0.9861 | mae=0.0156 | weighted_f1=0.9844 | precision_macro=0.9895 | recall_macro=0.9893
 Validation improved. Saved best model (macro_f1=0.9893)

Epoch 11/60 | Time 0m 16s
  Train | loss=0.4948 | top1=98.16% | top2=99.83% | top3=100.00%
  Valid | loss=0.4848 | top1=97.66% | top2=100.00% | top3=100.00% | acc=97.66% | bal_acc=97.70% | macro_f1=0.9809 | qwk=0.9737 | mae=0.0254 | weighted_f1=0.9766 | precision_macro=0.9852 | recall_macro=0.9770
 No improvement. Bad epochs: 1/15

Epoch 12/60 | Time 0m 16s
  Train | loss=0.4841 | top1=98.39% | top2=99.80% | top3=99.98%
  Valid | loss=0.5079 | top1=96.68% | top2=100.00% | top3=100.00% | acc=96.68% | bal_acc=97.59% | macro_f1=0.9763 | qwk=0.9701 | mae=0.0332 | weighted_f1=0.9671 | precision_macro=0.9783 | recall_macro=0.9759
 No improvement. Bad epochs: 2/15

Epoch 13/60 | Time 0m 16s
  Train | loss=0.4841 | top1=98.05% | top2=99.83% | top3=100.00%
  Valid | loss=0.4855 | top1=97.07% | top2=100.00% | top3=100.00% | acc=97.07% | bal_acc=96.54% | macro_f1=0.9735 | qwk=0.9578 | mae=0.0352 | weighted_f1=0.9705 | precision_macro=0.9831 | recall_macro=0.9654
 No improvement. Bad epochs: 3/15

Epoch 14/60 | Time 0m 16s
  Train | loss=0.4741 | top1=98.85% | top2=99.96% | top3=100.00%
  Valid | loss=0.4658 | top1=99.02% | top2=100.00% | top3=100.00% | acc=99.02% | bal_acc=99.01% | macro_f1=0.9916 | qwk=0.9913 | mae=0.0098 | weighted_f1=0.9903 | precision_macro=0.9932 | recall_macro=0.9901
 Validation improved. Saved best model (macro_f1=0.9916)

Epoch 15/60 | Time 0m 16s
  Train | loss=0.4648 | top1=99.35% | top2=99.91% | top3=100.00%
  Valid | loss=0.4767 | top1=97.85% | top2=100.00% | top3=100.00% | acc=97.85% | bal_acc=98.38% | macro_f1=0.9833 | qwk=0.9808 | mae=0.0215 | weighted_f1=0.9786 | precision_macro=0.9832 | recall_macro=0.9838
 No improvement. Bad epochs: 1/15

Epoch 16/60 | Time 0m 16s
  Train | loss=0.4683 | top1=99.05% | top2=99.93% | top3=100.00%
  Valid | loss=0.4591 | top1=99.61% | top2=100.00% | top3=100.00% | acc=99.61% | bal_acc=99.76% | macro_f1=0.9964 | qwk=0.9965 | mae=0.0039 | weighted_f1=0.9961 | precision_macro=0.9952 | recall_macro=0.9976
 Validation improved. Saved best model (macro_f1=0.9964)

Epoch 17/60 | Time 0m 16s
  Train | loss=0.4661 | top1=98.85% | top2=99.96% | top3=100.00%
  Valid | loss=0.4595 | top1=99.22% | top2=100.00% | top3=100.00% | acc=99.22% | bal_acc=99.07% | macro_f1=0.9929 | qwk=0.9878 | mae=0.0098 | weighted_f1=0.9922 | precision_macro=0.9953 | recall_macro=0.9907
 No improvement. Bad epochs: 1/15

Epoch 18/60 | Time 0m 16s
  Train | loss=0.4638 | top1=99.20% | top2=99.91% | top3=99.98%
  Valid | loss=0.4651 | top1=98.63% | top2=100.00% | top3=100.00% | acc=98.63% | bal_acc=98.73% | macro_f1=0.9894 | qwk=0.9826 | mae=0.0156 | weighted_f1=0.9863 | precision_macro=0.9915 | recall_macro=0.9873
 No improvement. Bad epochs: 2/15

Epoch 19/60 | Time 0m 16s
  Train | loss=0.4600 | top1=99.15% | top2=99.98% | top3=100.00%
  Valid | loss=0.4663 | top1=98.24% | top2=99.80% | top3=100.00% | acc=98.24% | bal_acc=98.87% | macro_f1=0.9882 | qwk=0.9843 | mae=0.0176 | weighted_f1=0.9825 | precision_macro=0.9880 | recall_macro=0.9887
 No improvement. Bad epochs: 3/15

Epoch 20/60 | Time 0m 16s
  Train | loss=0.4571 | top1=99.39% | top2=99.93% | top3=100.00%
  Valid | loss=0.4543 | top1=99.61% | top2=100.00% | top3=100.00% | acc=99.61% | bal_acc=99.76% | macro_f1=0.9976 | qwk=0.9965 | mae=0.0039 | weighted_f1=0.9961 | precision_macro=0.9976 | recall_macro=0.9976
 Validation improved. Saved best model (macro_f1=0.9976)

Epoch 21/60 | Time 0m 16s
  Train | loss=0.4533 | top1=99.65% | top2=99.96% | top3=100.00%
  Valid | loss=0.4524 | top1=99.22% | top2=100.00% | top3=100.00% | acc=99.22% | bal_acc=99.32% | macro_f1=0.9940 | qwk=0.9931 | mae=0.0078 | weighted_f1=0.9922 | precision_macro=0.9949 | recall_macro=0.9932
 No improvement. Bad epochs: 1/15

Epoch 22/60 | Time 0m 16s
  Train | loss=0.4511 | top1=99.61% | top2=100.00% | top3=100.00%
  Valid | loss=0.4465 | top1=99.61% | top2=100.00% | top3=100.00% | acc=99.61% | bal_acc=99.56% | macro_f1=0.9964 | qwk=0.9965 | mae=0.0039 | weighted_f1=0.9961 | precision_macro=0.9972 | recall_macro=0.9956
 No improvement. Bad epochs: 2/15

Epoch 23/60 | Time 0m 16s
  Train | loss=0.4539 | top1=99.44% | top2=99.93% | top3=100.00%
  Valid | loss=0.4509 | top1=99.22% | top2=100.00% | top3=100.00% | acc=99.22% | bal_acc=99.36% | macro_f1=0.9930 | qwk=0.9879 | mae=0.0098 | weighted_f1=0.9922 | precision_macro=0.9924 | recall_macro=0.9936
 No improvement. Bad epochs: 3/15

Epoch 24/60 | Time 0m 16s
  Train | loss=0.4510 | top1=99.59% | top2=99.93% | top3=100.00%
  Valid | loss=0.4458 | top1=99.61% | top2=100.00% | top3=100.00% | acc=99.61% | bal_acc=99.51% | macro_f1=0.9964 | qwk=0.9965 | mae=0.0039 | weighted_f1=0.9961 | precision_macro=0.9976 | recall_macro=0.9951
 No improvement. Bad epochs: 4/15

Epoch 25/60 | Time 0m 16s
  Train | loss=0.4507 | top1=99.57% | top2=99.98% | top3=100.00%
  Valid | loss=0.4511 | top1=99.02% | top2=100.00% | top3=100.00% | acc=99.02% | bal_acc=98.26% | macro_f1=0.9878 | qwk=0.9860 | mae=0.0117 | weighted_f1=0.9901 | precision_macro=0.9936 | recall_macro=0.9826
 No improvement. Bad epochs: 5/15

Epoch 26/60 | Time 0m 16s
  Train | loss=0.4481 | top1=99.65% | top2=99.98% | top3=100.00%
  Valid | loss=0.4441 | top1=99.61% | top2=100.00% | top3=100.00% | acc=99.61% | bal_acc=99.56% | macro_f1=0.9964 | qwk=0.9965 | mae=0.0039 | weighted_f1=0.9961 | precision_macro=0.9972 | recall_macro=0.9956
 No improvement. Bad epochs: 6/15

Epoch 27/60 | Time 0m 16s
  Train | loss=0.4491 | top1=99.57% | top2=99.96% | top3=100.00%
  Valid | loss=0.4489 | top1=99.41% | top2=100.00% | top3=100.00% | acc=99.41% | bal_acc=99.37% | macro_f1=0.9952 | qwk=0.9948 | mae=0.0059 | weighted_f1=0.9941 | precision_macro=0.9967 | recall_macro=0.9937
 No improvement. Bad epochs: 7/15

Epoch 28/60 | Time 0m 16s
  Train | loss=0.4482 | top1=99.67% | top2=100.00% | top3=100.00%
  Valid | loss=0.4530 | top1=99.22% | top2=100.00% | top3=100.00% | acc=99.22% | bal_acc=99.61% | macro_f1=0.9953 | qwk=0.9931 | mae=0.0078 | weighted_f1=0.9922 | precision_macro=0.9945 | recall_macro=0.9961
 No improvement. Bad epochs: 8/15

Epoch 29/60 | Time 0m 16s
  Train | loss=0.4510 | top1=99.46% | top2=99.93% | top3=99.98%
  Valid | loss=0.4437 | top1=99.80% | top2=100.00% | top3=100.00% | acc=99.80% | bal_acc=99.90% | macro_f1=0.9988 | qwk=0.9983 | mae=0.0020 | weighted_f1=0.9980 | precision_macro=0.9986 | recall_macro=0.9990
 Validation improved. Saved best model (macro_f1=0.9988)

Epoch 30/60 | Time 0m 16s
  Train | loss=0.4464 | top1=99.78% | top2=100.00% | top3=100.00%
  Valid | loss=0.4491 | top1=99.22% | top2=100.00% | top3=100.00% | acc=99.22% | bal_acc=99.32% | macro_f1=0.9940 | qwk=0.9931 | mae=0.0078 | weighted_f1=0.9922 | precision_macro=0.9949 | recall_macro=0.9932
 No improvement. Bad epochs: 1/15

Epoch 31/60 | Time 0m 16s
  Train | loss=0.4473 | top1=99.70% | top2=99.98% | top3=100.00%
  Valid | loss=0.4448 | top1=99.61% | top2=100.00% | top3=100.00% | acc=99.61% | bal_acc=99.56% | macro_f1=0.9966 | qwk=0.9913 | mae=0.0059 | weighted_f1=0.9961 | precision_macro=0.9976 | recall_macro=0.9956
 No improvement. Bad epochs: 2/15

Epoch 32/60 | Time 0m 16s
  Train | loss=0.4481 | top1=99.63% | top2=99.98% | top3=100.00%
  Valid | loss=0.4501 | top1=99.02% | top2=100.00% | top3=100.00% | acc=99.02% | bal_acc=99.26% | macro_f1=0.9928 | qwk=0.9913 | mae=0.0098 | weighted_f1=0.9903 | precision_macro=0.9932 | recall_macro=0.9926
 No improvement. Bad epochs: 3/15

Epoch 33/60 | Time 0m 16s
  Train | loss=0.4446 | top1=99.78% | top2=100.00% | top3=100.00%
  Valid | loss=0.4472 | top1=99.41% | top2=100.00% | top3=100.00% | acc=99.41% | bal_acc=99.71% | macro_f1=0.9964 | qwk=0.9948 | mae=0.0059 | weighted_f1=0.9941 | precision_macro=0.9959 | recall_macro=0.9971
 No improvement. Bad epochs: 4/15

Epoch 34/60 | Time 0m 16s
  Train | loss=0.4432 | top1=99.85% | top2=99.98% | top3=100.00%
  Valid | loss=0.4496 | top1=99.22% | top2=100.00% | top3=100.00% | acc=99.22% | bal_acc=99.53% | macro_f1=0.9940 | qwk=0.9931 | mae=0.0078 | weighted_f1=0.9922 | precision_macro=0.9928 | recall_macro=0.9953
 No improvement. Bad epochs: 5/15

Epoch 35/60 | Time 0m 16s
  Train | loss=0.4441 | top1=99.78% | top2=100.00% | top3=100.00%
  Valid | loss=0.4452 | top1=99.22% | top2=100.00% | top3=100.00% | acc=99.22% | bal_acc=99.57% | macro_f1=0.9953 | qwk=0.9931 | mae=0.0078 | weighted_f1=0.9922 | precision_macro=0.9949 | recall_macro=0.9957
 No improvement. Bad epochs: 6/15

Epoch 36/60 | Time 0m 16s
  Train | loss=0.4435 | top1=99.85% | top2=99.98% | top3=100.00%
  Valid | loss=0.4462 | top1=99.22% | top2=100.00% | top3=100.00% | acc=99.22% | bal_acc=99.36% | macro_f1=0.9940 | qwk=0.9930 | mae=0.0078 | weighted_f1=0.9922 | precision_macro=0.9945 | recall_macro=0.9936
 No improvement. Bad epochs: 7/15

Epoch 37/60 | Time 0m 16s
  Train | loss=0.4435 | top1=99.83% | top2=100.00% | top3=100.00%
  Valid | loss=0.4442 | top1=99.80% | top2=100.00% | top3=100.00% | acc=99.80% | bal_acc=99.86% | macro_f1=0.9988 | qwk=0.9983 | mae=0.0020 | weighted_f1=0.9980 | precision_macro=0.9990 | recall_macro=0.9986
 No improvement. Bad epochs: 8/15

Epoch 38/60 | Time 0m 16s
  Train | loss=0.4415 | top1=99.87% | top2=100.00% | top3=100.00%
  Valid | loss=0.4418 | top1=100.00% | top2=100.00% | top3=100.00% | acc=100.00% | bal_acc=100.00% | macro_f1=1.0000 | qwk=1.0000 | mae=0.0000 | weighted_f1=1.0000 | precision_macro=1.0000 | recall_macro=1.0000
 Validation improved. Saved best model (macro_f1=1.0000)

Epoch 39/60 | Time 0m 16s
  Train | loss=0.4427 | top1=99.83% | top2=99.98% | top3=100.00%
  Valid | loss=0.4395 | top1=100.00% | top2=100.00% | top3=100.00% | acc=100.00% | bal_acc=100.00% | macro_f1=1.0000 | qwk=1.0000 | mae=0.0000 | weighted_f1=1.0000 | precision_macro=1.0000 | recall_macro=1.0000
 No improvement. Bad epochs: 1/15

Epoch 40/60 | Time 0m 16s
  Train | loss=0.4419 | top1=99.98% | top2=100.00% | top3=100.00%
  Valid | loss=0.4387 | top1=100.00% | top2=100.00% | top3=100.00% | acc=100.00% | bal_acc=100.00% | macro_f1=1.0000 | qwk=1.0000 | mae=0.0000 | weighted_f1=1.0000 | precision_macro=1.0000 | recall_macro=1.0000
 No improvement. Bad epochs: 2/15

Epoch 41/60 | Time 0m 16s
  Train | loss=0.4424 | top1=99.83% | top2=100.00% | top3=100.00%
  Valid | loss=0.4421 | top1=99.61% | top2=100.00% | top3=100.00% | acc=99.61% | bal_acc=99.51% | macro_f1=0.9964 | qwk=0.9965 | mae=0.0039 | weighted_f1=0.9961 | precision_macro=0.9976 | recall_macro=0.9951
 No improvement. Bad epochs: 3/15

Epoch 42/60 | Time 0m 16s
  Train | loss=0.4412 | top1=99.93% | top2=100.00% | top3=100.00%
  Valid | loss=0.4408 | top1=99.80% | top2=100.00% | top3=100.00% | acc=99.80% | bal_acc=99.65% | macro_f1=0.9976 | qwk=0.9983 | mae=0.0020 | weighted_f1=0.9980 | precision_macro=0.9986 | recall_macro=0.9965
 No improvement. Bad epochs: 4/15

Epoch 43/60 | Time 0m 16s
  Train | loss=0.4402 | top1=99.87% | top2=100.00% | top3=100.00%
  Valid | loss=0.4388 | top1=100.00% | top2=100.00% | top3=100.00% | acc=100.00% | bal_acc=100.00% | macro_f1=1.0000 | qwk=1.0000 | mae=0.0000 | weighted_f1=1.0000 | precision_macro=1.0000 | recall_macro=1.0000
 No improvement. Bad epochs: 5/15

Epoch 44/60 | Time 0m 16s
  Train | loss=0.4409 | top1=99.85% | top2=100.00% | top3=100.00%
  Valid | loss=0.4396 | top1=99.80% | top2=100.00% | top3=100.00% | acc=99.80% | bal_acc=99.86% | macro_f1=0.9988 | qwk=0.9983 | mae=0.0020 | weighted_f1=0.9980 | precision_macro=0.9990 | recall_macro=0.9986
 No improvement. Bad epochs: 6/15

Epoch 45/60 | Time 0m 16s
  Train | loss=0.4429 | top1=99.85% | top2=100.00% | top3=100.00%
  Valid | loss=0.4393 | top1=100.00% | top2=100.00% | top3=100.00% | acc=100.00% | bal_acc=100.00% | macro_f1=1.0000 | qwk=1.0000 | mae=0.0000 | weighted_f1=1.0000 | precision_macro=1.0000 | recall_macro=1.0000
 No improvement. Bad epochs: 7/15

Epoch 46/60 | Time 0m 16s
  Train | loss=0.4414 | top1=99.89% | top2=100.00% | top3=100.00%
  Valid | loss=0.4401 | top1=99.80% | top2=100.00% | top3=100.00% | acc=99.80% | bal_acc=99.90% | macro_f1=0.9988 | qwk=0.9983 | mae=0.0020 | weighted_f1=0.9980 | precision_macro=0.9986 | recall_macro=0.9990
 No improvement. Bad epochs: 8/15

Epoch 47/60 | Time 0m 16s
  Train | loss=0.4386 | top1=99.98% | top2=100.00% | top3=100.00%
  Valid | loss=0.4438 | top1=99.41% | top2=100.00% | top3=100.00% | acc=99.41% | bal_acc=99.17% | macro_f1=0.9939 | qwk=0.9948 | mae=0.0059 | weighted_f1=0.9941 | precision_macro=0.9962 | recall_macro=0.9917
 No improvement. Bad epochs: 9/15

Epoch 48/60 | Time 0m 16s
  Train | loss=0.4399 | top1=99.93% | top2=100.00% | top3=100.00%
  Valid | loss=0.4419 | top1=99.61% | top2=100.00% | top3=100.00% | acc=99.61% | bal_acc=99.51% | macro_f1=0.9964 | qwk=0.9965 | mae=0.0039 | weighted_f1=0.9961 | precision_macro=0.9976 | recall_macro=0.9951
 No improvement. Bad epochs: 10/15

Epoch 49/60 | Time 0m 16s
  Train | loss=0.4398 | top1=99.91% | top2=100.00% | top3=100.00%
  Valid | loss=0.4397 | top1=99.80% | top2=100.00% | top3=100.00% | acc=99.80% | bal_acc=99.86% | macro_f1=0.9988 | qwk=0.9983 | mae=0.0020 | weighted_f1=0.9980 | precision_macro=0.9990 | recall_macro=0.9986
 No improvement. Bad epochs: 11/15

Epoch 50/60 | Time 0m 16s
  Train | loss=0.4399 | top1=99.89% | top2=99.98% | top3=100.00%
  Valid | loss=0.4398 | top1=99.61% | top2=100.00% | top3=100.00% | acc=99.61% | bal_acc=99.51% | macro_f1=0.9964 | qwk=0.9965 | mae=0.0039 | weighted_f1=0.9961 | precision_macro=0.9976 | recall_macro=0.9951
 No improvement. Bad epochs: 12/15

Epoch 51/60 | Time 0m 16s
  Train | loss=0.4410 | top1=99.87% | top2=99.98% | top3=100.00%
  Valid | loss=0.4398 | top1=100.00% | top2=100.00% | top3=100.00% | acc=100.00% | bal_acc=100.00% | macro_f1=1.0000 | qwk=1.0000 | mae=0.0000 | weighted_f1=1.0000 | precision_macro=1.0000 | recall_macro=1.0000
 No improvement. Bad epochs: 13/15

Epoch 52/60 | Time 0m 16s
  Train | loss=0.4394 | top1=99.98% | top2=100.00% | top3=100.00%
  Valid | loss=0.4396 | top1=99.80% | top2=100.00% | top3=100.00% | acc=99.80% | bal_acc=99.90% | macro_f1=0.9988 | qwk=0.9983 | mae=0.0020 | weighted_f1=0.9980 | precision_macro=0.9986 | recall_macro=0.9990
 No improvement. Bad epochs: 14/15

Epoch 53/60 | Time 0m 16s
  Train | loss=0.4391 | top1=99.93% | top2=100.00% | top3=100.00%
  Valid | loss=0.4393 | top1=100.00% | top2=100.00% | top3=100.00% | acc=100.00% | bal_acc=100.00% | macro_f1=1.0000 | qwk=1.0000 | mae=0.0000 | weighted_f1=1.0000 | precision_macro=1.0000 | recall_macro=1.0000
 No improvement. Bad epochs: 15/15
 Early stopping triggered at epoch 53.

Loading best model (epoch=38, macro_f1=1.0000)

Test | loss=0.4534 | top1=98.98% | top2=99.84% | top3=100.00% | acc=98.98% | bal_acc=98.96% | macro_f1=0.9914 | qwk=0.9889 | mae=0.0109 | weighted_f1=0.9898 | precision_macro=0.9932 | recall_macro=0.9896
     ovr_roc_auc_macro=0.9999 | ovr_pr_auc_macro=0.9998
Checkpoint: /root/autodl-tmp/MedVisionLab/Alzheimer_MRI_Loss/checkpoints/best_convnext_t_none_label_smoothing_ce_convnext_t_all_5seed_adni_baseline_label_smoothing_seed5.pt
