COMMAND: /root/miniconda3/envs/medvision/bin/python -u /root/autodl-tmp/MedVisionLab/tools/train_convnext_t_experiment.py --dataset adni --data-root /root/autodl-tmp/Augmented_Alzheimer_MRI/OriginalDataset --attention cbam --loss ce --seed 4 --epochs 60 --patience 15 --batch-size 32 --image-size 224 --num-workers 2 --early-delta 0.0001 --base-lr 0.0001 --koa-backbone-lr 0.0001 --koa-head-lr 0.001 --weight-decay 0.0001 --dast-tau 1.0 --dast-gamma 1.5 --sord-tau 1.0 --label-smoothing 0.1 --run-tag convnext_t_all_5seed_adni_cbam_ce_seed4
==========================================================================================
Starting ConvNeXt-T experiment on ADNI...
Using device: cuda
CUDA device: NVIDIA GeForce RTX 4090
Config | seed=4, attention=cbam, loss=ce, epochs=60, patience=15, batch_size=32, image_size=224, pretrained=True
Backbone: ConvNeXt-T | stage3=features[5] | stage3_channels=384
Data root: /root/autodl-tmp/Augmented_Alzheimer_MRI/OriginalDataset
Class order: ['NonDemented', 'VeryMildDemented', 'MildDemented', 'ModerateDemented']
Split sizes | train=4608, valid=512, test=1280
Train class counts: [2304, 1613, 645, 46]
Optimizer: matched progressive Adam | stem=1e-05, stage1=1.25e-05, downsample1=1.6666667e-05, stage2=1.6666667e-05, downsample2=2.5e-05, stage3=2.5e-05, attention=3.3333333e-05, downsample3=5e-05, stage4=5e-05, norm=0.0001, head=0.0001
Trainable parameters: 27,841,734

Epoch 01/60 | Time 0m 16s
  Train | loss=1.1544 | top1=45.62% | top2=81.10% | top3=95.12%
  Valid | loss=1.0023 | top1=52.73% | top2=84.96% | top3=99.02% | acc=52.73% | bal_acc=27.38% | macro_f1=0.2237 | qwk=0.0492 | mae=0.6172 | weighted_f1=0.4148 | precision_macro=0.2737 | recall_macro=0.2738
 Validation improved. Saved best model (macro_f1=0.2237)

Epoch 02/60 | Time 0m 16s
  Train | loss=0.9543 | top1=54.34% | top2=85.57% | top3=99.00%
  Valid | loss=0.8423 | top1=60.74% | top2=89.65% | top3=99.02% | acc=60.74% | bal_acc=37.04% | macro_f1=0.3559 | qwk=0.4637 | mae=0.4121 | weighted_f1=0.5796 | precision_macro=0.5580 | recall_macro=0.3704
 Validation improved. Saved best model (macro_f1=0.3559)

Epoch 03/60 | Time 0m 16s
  Train | loss=0.8356 | top1=60.85% | top2=88.54% | top3=99.00%
  Valid | loss=0.8606 | top1=59.96% | top2=89.84% | top3=99.02% | acc=59.96% | bal_acc=39.87% | macro_f1=0.3779 | qwk=0.4580 | mae=0.4102 | weighted_f1=0.5741 | precision_macro=0.5896 | recall_macro=0.3987
 Validation improved. Saved best model (macro_f1=0.3779)

Epoch 04/60 | Time 0m 16s
  Train | loss=0.7373 | top1=67.36% | top2=91.10% | top3=99.15%
  Valid | loss=0.6068 | top1=75.20% | top2=93.95% | top3=99.80% | acc=75.20% | bal_acc=53.46% | macro_f1=0.5370 | qwk=0.6941 | mae=0.2695 | weighted_f1=0.7506 | precision_macro=0.5467 | recall_macro=0.5346
 Validation improved. Saved best model (macro_f1=0.5370)

Epoch 05/60 | Time 0m 16s
  Train | loss=0.5986 | top1=74.15% | top2=94.18% | top3=99.65%
  Valid | loss=0.5303 | top1=78.52% | top2=95.31% | top3=100.00% | acc=78.52% | bal_acc=57.08% | macro_f1=0.5676 | qwk=0.7175 | mae=0.2422 | weighted_f1=0.7831 | precision_macro=0.5657 | recall_macro=0.5708
 Validation improved. Saved best model (macro_f1=0.5676)

Epoch 06/60 | Time 0m 16s
  Train | loss=0.4591 | top1=81.34% | top2=96.35% | top3=99.76%
  Valid | loss=0.4232 | top1=81.84% | top2=97.46% | top3=100.00% | acc=81.84% | bal_acc=80.68% | macro_f1=0.8211 | qwk=0.7861 | mae=0.2012 | weighted_f1=0.8206 | precision_macro=0.8435 | recall_macro=0.8068
 Validation improved. Saved best model (macro_f1=0.8211)

Epoch 07/60 | Time 0m 16s
  Train | loss=0.3187 | top1=88.30% | top2=98.42% | top3=99.91%
  Valid | loss=0.3366 | top1=87.70% | top2=98.44% | top3=99.80% | acc=87.70% | bal_acc=89.94% | macro_f1=0.9006 | qwk=0.8580 | mae=0.1328 | weighted_f1=0.8785 | precision_macro=0.9138 | recall_macro=0.8994
 Validation improved. Saved best model (macro_f1=0.9006)

Epoch 08/60 | Time 0m 16s
  Train | loss=0.2233 | top1=92.43% | top2=99.22% | top3=99.93%
  Valid | loss=0.2076 | top1=91.99% | top2=98.63% | top3=100.00% | acc=91.99% | bal_acc=94.20% | macro_f1=0.9116 | qwk=0.9048 | mae=0.0898 | weighted_f1=0.9205 | precision_macro=0.8865 | recall_macro=0.9420
 Validation improved. Saved best model (macro_f1=0.9116)

Epoch 09/60 | Time 0m 16s
  Train | loss=0.1387 | top1=95.62% | top2=99.63% | top3=99.96%
  Valid | loss=0.1527 | top1=94.53% | top2=99.02% | top3=100.00% | acc=94.53% | bal_acc=95.31% | macro_f1=0.9329 | qwk=0.9310 | mae=0.0625 | weighted_f1=0.9453 | precision_macro=0.9166 | recall_macro=0.9531
 Validation improved. Saved best model (macro_f1=0.9329)

Epoch 10/60 | Time 0m 16s
  Train | loss=0.1208 | top1=95.86% | top2=99.54% | top3=100.00%
  Valid | loss=0.1495 | top1=94.73% | top2=99.41% | top3=100.00% | acc=94.73% | bal_acc=96.19% | macro_f1=0.9581 | qwk=0.9277 | mae=0.0625 | weighted_f1=0.9473 | precision_macro=0.9545 | recall_macro=0.9619
 Validation improved. Saved best model (macro_f1=0.9581)

Epoch 11/60 | Time 0m 16s
  Train | loss=0.0888 | top1=97.29% | top2=99.74% | top3=100.00%
  Valid | loss=0.1330 | top1=95.31% | top2=99.02% | top3=100.00% | acc=95.31% | bal_acc=95.70% | macro_f1=0.9385 | qwk=0.9430 | mae=0.0527 | weighted_f1=0.9531 | precision_macro=0.9242 | recall_macro=0.9570
 No improvement. Bad epochs: 1/15

Epoch 12/60 | Time 0m 16s
  Train | loss=0.0834 | top1=97.16% | top2=99.67% | top3=100.00%
  Valid | loss=0.1561 | top1=93.75% | top2=99.02% | top3=100.00% | acc=93.75% | bal_acc=95.62% | macro_f1=0.9491 | qwk=0.9105 | mae=0.0762 | weighted_f1=0.9375 | precision_macro=0.9439 | recall_macro=0.9562
 No improvement. Bad epochs: 2/15

Epoch 13/60 | Time 0m 16s
  Train | loss=0.0672 | top1=98.09% | top2=99.85% | top3=99.98%
  Valid | loss=0.1551 | top1=95.70% | top2=99.22% | top3=100.00% | acc=95.70% | bal_acc=96.93% | macro_f1=0.9669 | qwk=0.9564 | mae=0.0449 | weighted_f1=0.9573 | precision_macro=0.9654 | recall_macro=0.9693
 Validation improved. Saved best model (macro_f1=0.9669)

Epoch 14/60 | Time 0m 16s
  Train | loss=0.0564 | top1=98.09% | top2=99.80% | top3=99.96%
  Valid | loss=0.1806 | top1=95.31% | top2=99.61% | top3=99.80% | acc=95.31% | bal_acc=97.03% | macro_f1=0.9628 | qwk=0.9429 | mae=0.0527 | weighted_f1=0.9534 | precision_macro=0.9571 | recall_macro=0.9703
 No improvement. Bad epochs: 1/15

Epoch 15/60 | Time 0m 16s
  Train | loss=0.0473 | top1=98.55% | top2=99.96% | top3=99.98%
  Valid | loss=0.1287 | top1=96.88% | top2=99.41% | top3=99.80% | acc=96.88% | bal_acc=97.64% | macro_f1=0.9761 | qwk=0.9723 | mae=0.0312 | weighted_f1=0.9688 | precision_macro=0.9757 | recall_macro=0.9764
 Validation improved. Saved best model (macro_f1=0.9761)

Epoch 16/60 | Time 0m 16s
  Train | loss=0.0418 | top1=98.68% | top2=99.87% | top3=100.00%
  Valid | loss=0.1219 | top1=96.09% | top2=99.80% | top3=100.00% | acc=96.09% | bal_acc=96.54% | macro_f1=0.9119 | qwk=0.9512 | mae=0.0449 | weighted_f1=0.9614 | precision_macro=0.8803 | recall_macro=0.9654
 No improvement. Bad epochs: 1/15

Epoch 17/60 | Time 0m 16s
  Train | loss=0.0390 | top1=98.89% | top2=99.89% | top3=100.00%
  Valid | loss=0.1205 | top1=97.07% | top2=99.22% | top3=99.80% | acc=97.07% | bal_acc=97.28% | macro_f1=0.9540 | qwk=0.9689 | mae=0.0312 | weighted_f1=0.9707 | precision_macro=0.9392 | recall_macro=0.9728
 No improvement. Bad epochs: 2/15

Epoch 18/60 | Time 0m 16s
  Train | loss=0.0303 | top1=98.94% | top2=99.93% | top3=100.00%
  Valid | loss=0.0845 | top1=96.68% | top2=99.80% | top3=100.00% | acc=96.68% | bal_acc=97.55% | macro_f1=0.9510 | qwk=0.9556 | mae=0.0391 | weighted_f1=0.9669 | precision_macro=0.9305 | recall_macro=0.9755
 No improvement. Bad epochs: 3/15

Epoch 19/60 | Time 0m 16s
  Train | loss=0.0309 | top1=99.05% | top2=99.93% | top3=100.00%
  Valid | loss=0.0864 | top1=97.27% | top2=99.61% | top3=100.00% | acc=97.27% | bal_acc=98.01% | macro_f1=0.9772 | qwk=0.9760 | mae=0.0273 | weighted_f1=0.9726 | precision_macro=0.9747 | recall_macro=0.9801
 Validation improved. Saved best model (macro_f1=0.9772)

Epoch 20/60 | Time 0m 16s
  Train | loss=0.0347 | top1=99.00% | top2=99.85% | top3=99.96%
  Valid | loss=0.1053 | top1=97.27% | top2=99.61% | top3=100.00% | acc=97.27% | bal_acc=98.05% | macro_f1=0.9784 | qwk=0.9759 | mae=0.0273 | weighted_f1=0.9726 | precision_macro=0.9765 | recall_macro=0.9805
 Validation improved. Saved best model (macro_f1=0.9784)

Epoch 21/60 | Time 0m 16s
  Train | loss=0.0291 | top1=99.22% | top2=99.87% | top3=100.00%
  Valid | loss=0.0903 | top1=96.48% | top2=99.80% | top3=99.80% | acc=96.48% | bal_acc=96.53% | macro_f1=0.9307 | qwk=0.9538 | mae=0.0410 | weighted_f1=0.9649 | precision_macro=0.9087 | recall_macro=0.9653
 No improvement. Bad epochs: 1/15

Epoch 22/60 | Time 0m 16s
  Train | loss=0.0288 | top1=99.11% | top2=99.96% | top3=100.00%
  Valid | loss=0.0793 | top1=97.66% | top2=99.80% | top3=100.00% | acc=97.66% | bal_acc=98.28% | macro_f1=0.9798 | qwk=0.9743 | mae=0.0254 | weighted_f1=0.9766 | precision_macro=0.9771 | recall_macro=0.9828
 Validation improved. Saved best model (macro_f1=0.9798)

Epoch 23/60 | Time 0m 16s
  Train | loss=0.0272 | top1=99.13% | top2=99.83% | top3=99.98%
  Valid | loss=0.0719 | top1=97.85% | top2=99.41% | top3=100.00% | acc=97.85% | bal_acc=98.42% | macro_f1=0.9622 | qwk=0.9760 | mae=0.0234 | weighted_f1=0.9786 | precision_macro=0.9439 | recall_macro=0.9842
 No improvement. Bad epochs: 1/15

Epoch 24/60 | Time 0m 16s
  Train | loss=0.0209 | top1=99.39% | top2=99.91% | top3=100.00%
  Valid | loss=0.0849 | top1=98.24% | top2=99.80% | top3=100.00% | acc=98.24% | bal_acc=98.66% | macro_f1=0.9856 | qwk=0.9845 | mae=0.0176 | weighted_f1=0.9824 | precision_macro=0.9846 | recall_macro=0.9866
 Validation improved. Saved best model (macro_f1=0.9856)

Epoch 25/60 | Time 0m 16s
  Train | loss=0.0217 | top1=99.48% | top2=99.96% | top3=100.00%
  Valid | loss=0.0832 | top1=97.46% | top2=99.80% | top3=100.00% | acc=97.46% | bal_acc=97.52% | macro_f1=0.9799 | qwk=0.9668 | mae=0.0293 | weighted_f1=0.9746 | precision_macro=0.9849 | recall_macro=0.9752
 No improvement. Bad epochs: 1/15

Epoch 26/60 | Time 0m 16s
  Train | loss=0.0237 | top1=99.28% | top2=99.96% | top3=100.00%
  Valid | loss=0.0788 | top1=98.44% | top2=99.61% | top3=100.00% | acc=98.44% | bal_acc=98.59% | macro_f1=0.9880 | qwk=0.9861 | mae=0.0156 | weighted_f1=0.9844 | precision_macro=0.9902 | recall_macro=0.9859
 Validation improved. Saved best model (macro_f1=0.9880)

Epoch 27/60 | Time 0m 16s
  Train | loss=0.0243 | top1=99.28% | top2=99.98% | top3=100.00%
  Valid | loss=0.0690 | top1=98.05% | top2=99.80% | top3=100.00% | acc=98.05% | bal_acc=98.40% | macro_f1=0.9846 | qwk=0.9774 | mae=0.0215 | weighted_f1=0.9805 | precision_macro=0.9853 | recall_macro=0.9840
 No improvement. Bad epochs: 1/15

Epoch 28/60 | Time 0m 16s
  Train | loss=0.0171 | top1=99.48% | top2=100.00% | top3=100.00%
  Valid | loss=0.0875 | top1=97.27% | top2=100.00% | top3=100.00% | acc=97.27% | bal_acc=97.76% | macro_f1=0.9775 | qwk=0.9656 | mae=0.0312 | weighted_f1=0.9726 | precision_macro=0.9777 | recall_macro=0.9776
 No improvement. Bad epochs: 2/15

Epoch 29/60 | Time 0m 16s
  Train | loss=0.0243 | top1=99.24% | top2=99.96% | top3=100.00%
  Valid | loss=0.0815 | top1=97.27% | top2=99.61% | top3=99.80% | acc=97.27% | bal_acc=97.42% | macro_f1=0.9774 | qwk=0.9651 | mae=0.0312 | weighted_f1=0.9726 | precision_macro=0.9809 | recall_macro=0.9742
 No improvement. Bad epochs: 3/15

Epoch 30/60 | Time 0m 16s
  Train | loss=0.0122 | top1=99.72% | top2=99.98% | top3=100.00%
  Valid | loss=0.0524 | top1=98.83% | top2=99.80% | top3=100.00% | acc=98.83% | bal_acc=99.12% | macro_f1=0.9917 | qwk=0.9896 | mae=0.0117 | weighted_f1=0.9883 | precision_macro=0.9922 | recall_macro=0.9912
 Validation improved. Saved best model (macro_f1=0.9917)

Epoch 31/60 | Time 0m 16s
  Train | loss=0.0157 | top1=99.57% | top2=99.98% | top3=100.00%
  Valid | loss=0.0710 | top1=97.46% | top2=99.61% | top3=100.00% | acc=97.46% | bal_acc=98.10% | macro_f1=0.9610 | qwk=0.9726 | mae=0.0273 | weighted_f1=0.9746 | precision_macro=0.9449 | recall_macro=0.9810
 No improvement. Bad epochs: 1/15

Epoch 32/60 | Time 0m 16s
  Train | loss=0.0116 | top1=99.59% | top2=100.00% | top3=100.00%
  Valid | loss=0.0697 | top1=98.05% | top2=99.61% | top3=100.00% | acc=98.05% | bal_acc=98.40% | macro_f1=0.9858 | qwk=0.9774 | mae=0.0215 | weighted_f1=0.9805 | precision_macro=0.9878 | recall_macro=0.9840
 No improvement. Bad epochs: 2/15

Epoch 33/60 | Time 0m 16s
  Train | loss=0.0126 | top1=99.67% | top2=99.98% | top3=100.00%
  Valid | loss=0.0722 | top1=98.24% | top2=99.80% | top3=100.00% | acc=98.24% | bal_acc=98.41% | macro_f1=0.9857 | qwk=0.9792 | mae=0.0195 | weighted_f1=0.9824 | precision_macro=0.9874 | recall_macro=0.9841
 No improvement. Bad epochs: 3/15

Epoch 34/60 | Time 0m 16s
  Train | loss=0.0130 | top1=99.63% | top2=99.96% | top3=100.00%
  Valid | loss=0.0644 | top1=98.63% | top2=99.61% | top3=100.00% | acc=98.63% | bal_acc=98.94% | macro_f1=0.9884 | qwk=0.9776 | mae=0.0176 | weighted_f1=0.9863 | precision_macro=0.9874 | recall_macro=0.9894
 No improvement. Bad epochs: 4/15

Epoch 35/60 | Time 0m 16s
  Train | loss=0.0084 | top1=99.78% | top2=100.00% | top3=100.00%
  Valid | loss=0.0643 | top1=98.44% | top2=99.80% | top3=99.80% | acc=98.44% | bal_acc=98.84% | macro_f1=0.9882 | qwk=0.9809 | mae=0.0176 | weighted_f1=0.9844 | precision_macro=0.9880 | recall_macro=0.9884
 No improvement. Bad epochs: 5/15

Epoch 36/60 | Time 0m 16s
  Train | loss=0.0139 | top1=99.52% | top2=99.98% | top3=100.00%
  Valid | loss=0.0842 | top1=98.05% | top2=99.41% | top3=100.00% | acc=98.05% | bal_acc=98.44% | macro_f1=0.9636 | qwk=0.9827 | mae=0.0195 | weighted_f1=0.9806 | precision_macro=0.9468 | recall_macro=0.9844
 No improvement. Bad epochs: 6/15

Epoch 37/60 | Time 0m 16s
  Train | loss=0.0103 | top1=99.67% | top2=99.98% | top3=100.00%
  Valid | loss=0.0894 | top1=98.05% | top2=99.80% | top3=99.80% | acc=98.05% | bal_acc=98.11% | macro_f1=0.9833 | qwk=0.9774 | mae=0.0215 | weighted_f1=0.9805 | precision_macro=0.9856 | recall_macro=0.9811
 No improvement. Bad epochs: 7/15

Epoch 38/60 | Time 0m 16s
  Train | loss=0.0077 | top1=99.85% | top2=99.98% | top3=100.00%
  Valid | loss=0.0674 | top1=98.44% | top2=100.00% | top3=100.00% | acc=98.44% | bal_acc=98.64% | macro_f1=0.9872 | qwk=0.9757 | mae=0.0195 | weighted_f1=0.9844 | precision_macro=0.9880 | recall_macro=0.9864
 No improvement. Bad epochs: 8/15

Epoch 39/60 | Time 0m 16s
  Train | loss=0.0108 | top1=99.67% | top2=100.00% | top3=100.00%
  Valid | loss=0.0690 | top1=98.44% | top2=99.61% | top3=100.00% | acc=98.44% | bal_acc=98.89% | macro_f1=0.9882 | qwk=0.9809 | mae=0.0176 | weighted_f1=0.9844 | precision_macro=0.9877 | recall_macro=0.9889
 No improvement. Bad epochs: 9/15

Epoch 40/60 | Time 0m 16s
  Train | loss=0.0099 | top1=99.72% | top2=100.00% | top3=100.00%
  Valid | loss=0.0623 | top1=98.44% | top2=100.00% | top3=100.00% | acc=98.44% | bal_acc=98.84% | macro_f1=0.9882 | qwk=0.9809 | mae=0.0176 | weighted_f1=0.9844 | precision_macro=0.9880 | recall_macro=0.9884
 No improvement. Bad epochs: 10/15

Epoch 41/60 | Time 0m 16s
  Train | loss=0.0045 | top1=99.91% | top2=100.00% | top3=100.00%
  Valid | loss=0.0633 | top1=98.44% | top2=99.80% | top3=100.00% | acc=98.44% | bal_acc=98.84% | macro_f1=0.9670 | qwk=0.9811 | mae=0.0176 | weighted_f1=0.9845 | precision_macro=0.9495 | recall_macro=0.9884
 No improvement. Bad epochs: 11/15

Epoch 42/60 | Time 0m 16s
  Train | loss=0.0077 | top1=99.87% | top2=99.98% | top3=100.00%
  Valid | loss=0.0729 | top1=98.63% | top2=100.00% | top3=100.00% | acc=98.63% | bal_acc=98.73% | macro_f1=0.9894 | qwk=0.9826 | mae=0.0156 | weighted_f1=0.9863 | precision_macro=0.9915 | recall_macro=0.9873
 No improvement. Bad epochs: 12/15

Epoch 43/60 | Time 0m 16s
  Train | loss=0.0088 | top1=99.70% | top2=100.00% | top3=100.00%
  Valid | loss=0.0504 | top1=99.22% | top2=100.00% | top3=100.00% | acc=99.22% | bal_acc=99.28% | macro_f1=0.9940 | qwk=0.9931 | mae=0.0078 | weighted_f1=0.9922 | precision_macro=0.9953 | recall_macro=0.9928
 Validation improved. Saved best model (macro_f1=0.9940)

Epoch 44/60 | Time 0m 16s
  Train | loss=0.0064 | top1=99.89% | top2=100.00% | top3=100.00%
  Valid | loss=0.0627 | top1=98.83% | top2=99.80% | top3=99.80% | acc=98.83% | bal_acc=99.08% | macro_f1=0.9916 | qwk=0.9896 | mae=0.0117 | weighted_f1=0.9883 | precision_macro=0.9925 | recall_macro=0.9908
 No improvement. Bad epochs: 1/15

Epoch 45/60 | Time 0m 16s
  Train | loss=0.0058 | top1=99.83% | top2=100.00% | top3=100.00%
  Valid | loss=0.0615 | top1=98.63% | top2=100.00% | top3=100.00% | acc=98.63% | bal_acc=98.98% | macro_f1=0.9905 | qwk=0.9878 | mae=0.0137 | weighted_f1=0.9864 | precision_macro=0.9912 | recall_macro=0.9898
 No improvement. Bad epochs: 2/15

Epoch 46/60 | Time 0m 16s
  Train | loss=0.0062 | top1=99.87% | top2=99.98% | top3=100.00%
  Valid | loss=0.0563 | top1=99.22% | top2=100.00% | top3=100.00% | acc=99.22% | bal_acc=99.28% | macro_f1=0.9940 | qwk=0.9931 | mae=0.0078 | weighted_f1=0.9922 | precision_macro=0.9953 | recall_macro=0.9928
 No improvement. Bad epochs: 3/15

Epoch 47/60 | Time 0m 16s
  Train | loss=0.0066 | top1=99.83% | top2=100.00% | top3=100.00%
  Valid | loss=0.0536 | top1=98.83% | top2=99.80% | top3=100.00% | acc=98.83% | bal_acc=99.08% | macro_f1=0.9916 | qwk=0.9896 | mae=0.0117 | weighted_f1=0.9883 | precision_macro=0.9925 | recall_macro=0.9908
 No improvement. Bad epochs: 4/15

Epoch 48/60 | Time 0m 16s
  Train | loss=0.0042 | top1=99.96% | top2=100.00% | top3=100.00%
  Valid | loss=0.0476 | top1=99.02% | top2=100.00% | top3=100.00% | acc=99.02% | bal_acc=99.18% | macro_f1=0.9928 | qwk=0.9913 | mae=0.0098 | weighted_f1=0.9902 | precision_macro=0.9939 | recall_macro=0.9918
 No improvement. Bad epochs: 5/15

Epoch 49/60 | Time 0m 16s
  Train | loss=0.0030 | top1=99.96% | top2=100.00% | top3=100.00%
  Valid | loss=0.0541 | top1=98.83% | top2=100.00% | top3=100.00% | acc=98.83% | bal_acc=99.08% | macro_f1=0.9916 | qwk=0.9896 | mae=0.0117 | weighted_f1=0.9883 | precision_macro=0.9925 | recall_macro=0.9908
 No improvement. Bad epochs: 6/15

Epoch 50/60 | Time 0m 16s
  Train | loss=0.0036 | top1=99.89% | top2=100.00% | top3=100.00%
  Valid | loss=0.0479 | top1=99.02% | top2=100.00% | top3=100.00% | acc=99.02% | bal_acc=99.18% | macro_f1=0.9928 | qwk=0.9913 | mae=0.0098 | weighted_f1=0.9902 | precision_macro=0.9939 | recall_macro=0.9918
 No improvement. Bad epochs: 7/15

Epoch 51/60 | Time 0m 16s
  Train | loss=0.0062 | top1=99.78% | top2=99.98% | top3=100.00%
  Valid | loss=0.0497 | top1=98.63% | top2=100.00% | top3=100.00% | acc=98.63% | bal_acc=98.98% | macro_f1=0.9905 | qwk=0.9878 | mae=0.0137 | weighted_f1=0.9864 | precision_macro=0.9912 | recall_macro=0.9898
 No improvement. Bad epochs: 8/15

Epoch 52/60 | Time 0m 16s
  Train | loss=0.0032 | top1=99.91% | top2=99.98% | top3=100.00%
  Valid | loss=0.0486 | top1=98.83% | top2=100.00% | top3=100.00% | acc=98.83% | bal_acc=98.83% | macro_f1=0.9906 | qwk=0.9843 | mae=0.0137 | weighted_f1=0.9883 | precision_macro=0.9929 | recall_macro=0.9883
 No improvement. Bad epochs: 9/15

Epoch 53/60 | Time 0m 16s
  Train | loss=0.0045 | top1=99.87% | top2=99.98% | top3=100.00%
  Valid | loss=0.0478 | top1=99.22% | top2=100.00% | top3=100.00% | acc=99.22% | bal_acc=99.28% | macro_f1=0.9940 | qwk=0.9931 | mae=0.0078 | weighted_f1=0.9922 | precision_macro=0.9953 | recall_macro=0.9928
 No improvement. Bad epochs: 10/15

Epoch 54/60 | Time 0m 16s
  Train | loss=0.0041 | top1=99.85% | top2=100.00% | top3=100.00%
  Valid | loss=0.0517 | top1=98.83% | top2=100.00% | top3=100.00% | acc=98.83% | bal_acc=98.79% | macro_f1=0.9906 | qwk=0.9844 | mae=0.0137 | weighted_f1=0.9883 | precision_macro=0.9933 | recall_macro=0.9879
 No improvement. Bad epochs: 11/15

Epoch 55/60 | Time 0m 16s
  Train | loss=0.0042 | top1=99.89% | top2=100.00% | top3=100.00%
  Valid | loss=0.0532 | top1=98.83% | top2=100.00% | top3=100.00% | acc=98.83% | bal_acc=98.79% | macro_f1=0.9906 | qwk=0.9844 | mae=0.0137 | weighted_f1=0.9883 | precision_macro=0.9933 | recall_macro=0.9879
 No improvement. Bad epochs: 12/15

Epoch 56/60 | Time 0m 16s
  Train | loss=0.0063 | top1=99.80% | top2=99.98% | top3=100.00%
  Valid | loss=0.0556 | top1=98.63% | top2=100.00% | top3=100.00% | acc=98.63% | bal_acc=98.65% | macro_f1=0.9894 | qwk=0.9826 | mae=0.0156 | weighted_f1=0.9863 | precision_macro=0.9924 | recall_macro=0.9865
 No improvement. Bad epochs: 13/15

Epoch 57/60 | Time 0m 16s
  Train | loss=0.0037 | top1=99.91% | top2=100.00% | top3=100.00%
  Valid | loss=0.0546 | top1=98.83% | top2=100.00% | top3=100.00% | acc=98.83% | bal_acc=98.79% | macro_f1=0.9906 | qwk=0.9844 | mae=0.0137 | weighted_f1=0.9883 | precision_macro=0.9933 | recall_macro=0.9879
 No improvement. Bad epochs: 14/15

Epoch 58/60 | Time 0m 16s
  Train | loss=0.0049 | top1=99.85% | top2=99.98% | top3=100.00%
  Valid | loss=0.0538 | top1=98.83% | top2=100.00% | top3=100.00% | acc=98.83% | bal_acc=98.79% | macro_f1=0.9906 | qwk=0.9844 | mae=0.0137 | weighted_f1=0.9883 | precision_macro=0.9933 | recall_macro=0.9879
 No improvement. Bad epochs: 15/15
 Early stopping triggered at epoch 58.

Loading best model (epoch=43, macro_f1=0.9940)

Test | loss=0.0339 | top1=99.14% | top2=100.00% | top3=100.00% | acc=99.14% | bal_acc=99.42% | macro_f1=0.9948 | qwk=0.9924 | mae=0.0086 | weighted_f1=0.9914 | precision_macro=0.9954 | recall_macro=0.9942
     ovr_roc_auc_macro=0.9998 | ovr_pr_auc_macro=0.9997
Checkpoint: /root/autodl-tmp/MedVisionLab/Alzheimer_MRI_Loss/checkpoints/best_convnext_t_cbam_ce_convnext_t_all_5seed_adni_cbam_ce_seed4.pt
