COMMAND: /root/miniconda3/envs/medvision/bin/python -u /root/autodl-tmp/MedVisionLab/tools/train_convnext_t_experiment.py --dataset adni --data-root /root/autodl-tmp/Augmented_Alzheimer_MRI/OriginalDataset --attention none --loss label_smoothing_ce --seed 4 --epochs 60 --patience 15 --batch-size 32 --image-size 224 --num-workers 2 --early-delta 0.0001 --base-lr 0.0001 --koa-backbone-lr 0.0001 --koa-head-lr 0.001 --weight-decay 0.0001 --dast-tau 1.0 --dast-gamma 1.5 --sord-tau 1.0 --label-smoothing 0.1 --run-tag convnext_t_all_5seed_adni_baseline_label_smoothing_seed4
==========================================================================================
Starting ConvNeXt-T experiment on ADNI...
Using device: cuda
CUDA device: NVIDIA GeForce RTX 4090
Config | seed=4, attention=none, loss=label_smoothing_ce, epochs=60, patience=15, batch_size=32, image_size=224, pretrained=True
Backbone: ConvNeXt-T | stage3=features[5] | stage3_channels=384
Data root: /root/autodl-tmp/Augmented_Alzheimer_MRI/OriginalDataset
Class order: ['NonDemented', 'VeryMildDemented', 'MildDemented', 'ModerateDemented']
Split sizes | train=4608, valid=512, test=1280
Train class counts: [2304, 1613, 645, 46]
Optimizer: matched progressive Adam | stem=1e-05, stage1=1.25e-05, downsample1=1.6666667e-05, stage2=1.6666667e-05, downsample2=2.5e-05, stage3=2.5e-05, downsample3=5e-05, stage4=5e-05, norm=0.0001, head=0.0001
Trainable parameters: 27,823,204

Epoch 01/60 | Time 0m 16s
  Train | loss=1.2232 | top1=44.62% | top2=79.47% | top3=93.55%
  Valid | loss=1.1255 | top1=50.59% | top2=84.96% | top3=99.02% | acc=50.59% | bal_acc=25.42% | macro_f1=0.1757 | qwk=0.0092 | mae=0.6523 | weighted_f1=0.3465 | precision_macro=0.3135 | recall_macro=0.2542
 Validation improved. Saved best model (macro_f1=0.1757)

Epoch 02/60 | Time 0m 16s
  Train | loss=1.0932 | top1=52.73% | top2=85.48% | top3=99.00%
  Valid | loss=1.0218 | top1=57.23% | top2=87.50% | top3=99.02% | acc=57.23% | bal_acc=32.23% | macro_f1=0.2956 | qwk=0.3121 | mae=0.4863 | weighted_f1=0.5206 | precision_macro=0.2742 | recall_macro=0.3223
 Validation improved. Saved best model (macro_f1=0.2956)

Epoch 03/60 | Time 0m 16s
  Train | loss=1.0116 | top1=59.51% | top2=87.83% | top3=99.00%
  Valid | loss=0.9650 | top1=64.06% | top2=89.26% | top3=99.02% | acc=64.06% | bal_acc=39.11% | macro_f1=0.3914 | qwk=0.4638 | mae=0.4004 | weighted_f1=0.6113 | precision_macro=0.5366 | recall_macro=0.3911
 Validation improved. Saved best model (macro_f1=0.3914)

Epoch 04/60 | Time 0m 16s
  Train | loss=0.9440 | top1=65.99% | top2=90.23% | top3=99.05%
  Valid | loss=0.9262 | top1=69.73% | top2=90.23% | top3=99.02% | acc=69.73% | bal_acc=43.43% | macro_f1=0.4478 | qwk=0.4575 | mae=0.3750 | weighted_f1=0.6658 | precision_macro=0.5521 | recall_macro=0.4343
 Validation improved. Saved best model (macro_f1=0.4478)

Epoch 05/60 | Time 0m 16s
  Train | loss=0.8585 | top1=73.24% | top2=93.32% | top3=99.37%
  Valid | loss=0.9596 | top1=66.02% | top2=94.14% | top3=99.41% | acc=66.02% | bal_acc=49.26% | macro_f1=0.4915 | qwk=0.5722 | mae=0.3535 | weighted_f1=0.6557 | precision_macro=0.5881 | recall_macro=0.4926
 Validation improved. Saved best model (macro_f1=0.4915)

Epoch 06/60 | Time 0m 16s
  Train | loss=0.7506 | top1=80.88% | top2=96.44% | top3=99.63%
  Valid | loss=0.6937 | top1=85.74% | top2=97.27% | top3=100.00% | acc=85.74% | bal_acc=67.64% | macro_f1=0.7149 | qwk=0.8073 | mae=0.1621 | weighted_f1=0.8560 | precision_macro=0.8915 | recall_macro=0.6764
 Validation improved. Saved best model (macro_f1=0.7149)

Epoch 07/60 | Time 0m 16s
  Train | loss=0.6438 | top1=89.21% | top2=98.26% | top3=99.96%
  Valid | loss=0.6249 | top1=89.06% | top2=97.85% | top3=99.61% | acc=89.06% | bal_acc=84.21% | macro_f1=0.8810 | qwk=0.8364 | mae=0.1328 | weighted_f1=0.8888 | precision_macro=0.9338 | recall_macro=0.8421
 Validation improved. Saved best model (macro_f1=0.8810)

Epoch 08/60 | Time 0m 16s
  Train | loss=0.5795 | top1=93.42% | top2=99.11% | top3=99.96%
  Valid | loss=0.5660 | top1=94.53% | top2=98.83% | top3=99.80% | acc=94.53% | bal_acc=90.86% | macro_f1=0.9312 | qwk=0.9397 | mae=0.0586 | weighted_f1=0.9457 | precision_macro=0.9606 | recall_macro=0.9086
 Validation improved. Saved best model (macro_f1=0.9312)

Epoch 09/60 | Time 0m 16s
  Train | loss=0.5368 | top1=96.20% | top2=99.57% | top3=99.96%
  Valid | loss=0.5495 | top1=95.51% | top2=99.02% | top3=99.80% | acc=95.51% | bal_acc=96.84% | macro_f1=0.9659 | qwk=0.9494 | mae=0.0488 | weighted_f1=0.9553 | precision_macro=0.9644 | recall_macro=0.9684
 Validation improved. Saved best model (macro_f1=0.9659)

Epoch 10/60 | Time 0m 16s
  Train | loss=0.5176 | top1=96.88% | top2=99.65% | top3=100.00%
  Valid | loss=0.5237 | top1=96.88% | top2=99.41% | top3=99.80% | acc=96.88% | bal_acc=97.60% | macro_f1=0.9763 | qwk=0.9668 | mae=0.0332 | weighted_f1=0.9689 | precision_macro=0.9773 | recall_macro=0.9760
 Validation improved. Saved best model (macro_f1=0.9763)

Epoch 11/60 | Time 0m 16s
  Train | loss=0.4969 | top1=98.22% | top2=99.80% | top3=100.00%
  Valid | loss=0.5090 | top1=97.27% | top2=99.61% | top3=99.80% | acc=97.27% | bal_acc=97.80% | macro_f1=0.9786 | qwk=0.9706 | mae=0.0293 | weighted_f1=0.9726 | precision_macro=0.9792 | recall_macro=0.9780
 Validation improved. Saved best model (macro_f1=0.9786)

Epoch 12/60 | Time 0m 16s
  Train | loss=0.4943 | top1=97.96% | top2=99.76% | top3=99.98%
  Valid | loss=0.5087 | top1=97.27% | top2=99.41% | top3=100.00% | acc=97.27% | bal_acc=98.09% | macro_f1=0.9810 | qwk=0.9755 | mae=0.0273 | weighted_f1=0.9728 | precision_macro=0.9820 | recall_macro=0.9809
 Validation improved. Saved best model (macro_f1=0.9810)

Epoch 13/60 | Time 0m 16s
  Train | loss=0.4805 | top1=98.70% | top2=99.91% | top3=100.00%
  Valid | loss=0.5152 | top1=97.27% | top2=99.61% | top3=99.80% | acc=97.27% | bal_acc=98.13% | macro_f1=0.9766 | qwk=0.9657 | mae=0.0312 | weighted_f1=0.9727 | precision_macro=0.9722 | recall_macro=0.9813
 No improvement. Bad epochs: 1/15

Epoch 14/60 | Time 0m 16s
  Train | loss=0.4741 | top1=99.09% | top2=99.93% | top3=99.98%
  Valid | loss=0.4903 | top1=98.44% | top2=99.80% | top3=100.00% | acc=98.44% | bal_acc=98.64% | macro_f1=0.9882 | qwk=0.9808 | mae=0.0176 | weighted_f1=0.9844 | precision_macro=0.9902 | recall_macro=0.9864
 Validation improved. Saved best model (macro_f1=0.9882)

Epoch 15/60 | Time 0m 16s
  Train | loss=0.4746 | top1=98.68% | top2=99.91% | top3=100.00%
  Valid | loss=0.4956 | top1=97.85% | top2=99.80% | top3=100.00% | acc=97.85% | bal_acc=98.34% | macro_f1=0.9822 | qwk=0.9757 | mae=0.0234 | weighted_f1=0.9786 | precision_macro=0.9812 | recall_macro=0.9834
 No improvement. Bad epochs: 1/15

Epoch 16/60 | Time 0m 16s
  Train | loss=0.4634 | top1=99.26% | top2=99.98% | top3=99.98%
  Valid | loss=0.4858 | top1=98.05% | top2=99.80% | top3=100.00% | acc=98.05% | bal_acc=98.44% | macro_f1=0.9836 | qwk=0.9722 | mae=0.0234 | weighted_f1=0.9805 | precision_macro=0.9829 | recall_macro=0.9844
 No improvement. Bad epochs: 2/15

Epoch 17/60 | Time 0m 16s
  Train | loss=0.4652 | top1=99.11% | top2=99.93% | top3=99.98%
  Valid | loss=0.4782 | top1=98.24% | top2=99.61% | top3=99.80% | acc=98.24% | bal_acc=98.45% | macro_f1=0.9847 | qwk=0.9741 | mae=0.0215 | weighted_f1=0.9824 | precision_macro=0.9850 | recall_macro=0.9845
 No improvement. Bad epochs: 3/15

Epoch 18/60 | Time 0m 16s
  Train | loss=0.4606 | top1=99.31% | top2=99.96% | top3=99.98%
  Valid | loss=0.4799 | top1=97.27% | top2=99.80% | top3=100.00% | acc=97.27% | bal_acc=97.88% | macro_f1=0.9788 | qwk=0.9654 | mae=0.0312 | weighted_f1=0.9727 | precision_macro=0.9788 | recall_macro=0.9788
 No improvement. Bad epochs: 4/15

Epoch 19/60 | Time 0m 16s
  Train | loss=0.4587 | top1=99.26% | top2=99.96% | top3=100.00%
  Valid | loss=0.4878 | top1=97.85% | top2=99.80% | top3=100.00% | acc=97.85% | bal_acc=98.01% | macro_f1=0.9835 | qwk=0.9703 | mae=0.0254 | weighted_f1=0.9785 | precision_macro=0.9872 | recall_macro=0.9801
 No improvement. Bad epochs: 5/15

Epoch 20/60 | Time 0m 16s
  Train | loss=0.4608 | top1=99.02% | top2=99.91% | top3=100.00%
  Valid | loss=0.4763 | top1=97.85% | top2=100.00% | top3=100.00% | acc=97.85% | bal_acc=98.22% | macro_f1=0.9824 | qwk=0.9706 | mae=0.0254 | weighted_f1=0.9785 | precision_macro=0.9826 | recall_macro=0.9822
 No improvement. Bad epochs: 6/15

Epoch 21/60 | Time 0m 16s
  Train | loss=0.4570 | top1=99.33% | top2=100.00% | top3=100.00%
  Valid | loss=0.4864 | top1=97.07% | top2=100.00% | top3=100.00% | acc=97.07% | bal_acc=97.66% | macro_f1=0.9776 | qwk=0.9638 | mae=0.0332 | weighted_f1=0.9706 | precision_macro=0.9787 | recall_macro=0.9766
 No improvement. Bad epochs: 7/15

Epoch 22/60 | Time 0m 16s
  Train | loss=0.4559 | top1=99.31% | top2=99.96% | top3=100.00%
  Valid | loss=0.4660 | top1=98.44% | top2=99.80% | top3=100.00% | acc=98.44% | bal_acc=98.68% | macro_f1=0.9862 | qwk=0.9705 | mae=0.0215 | weighted_f1=0.9844 | precision_macro=0.9856 | recall_macro=0.9868
 No improvement. Bad epochs: 8/15

Epoch 23/60 | Time 0m 16s
  Train | loss=0.4513 | top1=99.61% | top2=99.96% | top3=100.00%
  Valid | loss=0.4694 | top1=98.63% | top2=99.80% | top3=100.00% | acc=98.63% | bal_acc=98.61% | macro_f1=0.9893 | qwk=0.9826 | mae=0.0156 | weighted_f1=0.9863 | precision_macro=0.9928 | recall_macro=0.9861
 Validation improved. Saved best model (macro_f1=0.9893)

Epoch 24/60 | Time 0m 16s
  Train | loss=0.4523 | top1=99.52% | top2=99.96% | top3=100.00%
  Valid | loss=0.4636 | top1=98.63% | top2=99.80% | top3=100.00% | acc=98.63% | bal_acc=98.78% | macro_f1=0.9884 | qwk=0.9774 | mae=0.0176 | weighted_f1=0.9863 | precision_macro=0.9890 | recall_macro=0.9878
 No improvement. Bad epochs: 1/15

Epoch 25/60 | Time 0m 16s
  Train | loss=0.4497 | top1=99.57% | top2=99.98% | top3=100.00%
  Valid | loss=0.4637 | top1=98.44% | top2=99.80% | top3=100.00% | acc=98.44% | bal_acc=98.64% | macro_f1=0.9872 | qwk=0.9757 | mae=0.0195 | weighted_f1=0.9844 | precision_macro=0.9880 | recall_macro=0.9864
 No improvement. Bad epochs: 2/15

Epoch 26/60 | Time 0m 16s
  Train | loss=0.4521 | top1=99.44% | top2=99.91% | top3=100.00%
  Valid | loss=0.4577 | top1=99.22% | top2=99.80% | top3=100.00% | acc=99.22% | bal_acc=99.28% | macro_f1=0.9930 | qwk=0.9879 | mae=0.0098 | weighted_f1=0.9922 | precision_macro=0.9932 | recall_macro=0.9928
 Validation improved. Saved best model (macro_f1=0.9930)

Epoch 27/60 | Time 0m 16s
  Train | loss=0.4493 | top1=99.54% | top2=99.96% | top3=100.00%
  Valid | loss=0.4684 | top1=98.44% | top2=99.41% | top3=100.00% | acc=98.44% | bal_acc=98.34% | macro_f1=0.9869 | qwk=0.9808 | mae=0.0176 | weighted_f1=0.9844 | precision_macro=0.9906 | recall_macro=0.9834
 No improvement. Bad epochs: 1/15

Epoch 28/60 | Time 0m 16s
  Train | loss=0.4477 | top1=99.70% | top2=99.98% | top3=100.00%
  Valid | loss=0.4740 | top1=98.05% | top2=100.00% | top3=100.00% | acc=98.05% | bal_acc=98.48% | macro_f1=0.9846 | qwk=0.9774 | mae=0.0215 | weighted_f1=0.9805 | precision_macro=0.9847 | recall_macro=0.9848
 No improvement. Bad epochs: 2/15

Epoch 29/60 | Time 0m 16s
  Train | loss=0.4474 | top1=99.67% | top2=100.00% | top3=100.00%
  Valid | loss=0.4648 | top1=98.83% | top2=100.00% | top3=100.00% | acc=98.83% | bal_acc=99.04% | macro_f1=0.9906 | qwk=0.9844 | mae=0.0137 | weighted_f1=0.9883 | precision_macro=0.9908 | recall_macro=0.9904
 No improvement. Bad epochs: 3/15

Epoch 30/60 | Time 0m 16s
  Train | loss=0.4450 | top1=99.78% | top2=100.00% | top3=100.00%
  Valid | loss=0.4658 | top1=98.83% | top2=99.80% | top3=100.00% | acc=98.83% | bal_acc=98.83% | macro_f1=0.9895 | qwk=0.9792 | mae=0.0156 | weighted_f1=0.9883 | precision_macro=0.9908 | recall_macro=0.9883
 No improvement. Bad epochs: 4/15

Epoch 31/60 | Time 0m 16s
  Train | loss=0.4476 | top1=99.67% | top2=99.96% | top3=100.00%
  Valid | loss=0.4709 | top1=98.05% | top2=99.80% | top3=100.00% | acc=98.05% | bal_acc=98.44% | macro_f1=0.9848 | qwk=0.9722 | mae=0.0234 | weighted_f1=0.9805 | precision_macro=0.9853 | recall_macro=0.9844
 No improvement. Bad epochs: 5/15

Epoch 32/60 | Time 0m 16s
  Train | loss=0.4442 | top1=99.78% | top2=100.00% | top3=100.00%
  Valid | loss=0.4633 | top1=98.83% | top2=99.80% | top3=100.00% | acc=98.83% | bal_acc=98.87% | macro_f1=0.9904 | qwk=0.9895 | mae=0.0117 | weighted_f1=0.9883 | precision_macro=0.9922 | recall_macro=0.9887
 No improvement. Bad epochs: 6/15

Epoch 33/60 | Time 0m 16s
  Train | loss=0.4488 | top1=99.59% | top2=99.96% | top3=100.00%
  Valid | loss=0.4646 | top1=98.83% | top2=99.61% | top3=100.00% | acc=98.83% | bal_acc=98.87% | macro_f1=0.9904 | qwk=0.9895 | mae=0.0117 | weighted_f1=0.9883 | precision_macro=0.9922 | recall_macro=0.9887
 No improvement. Bad epochs: 7/15

Epoch 34/60 | Time 0m 16s
  Train | loss=0.4449 | top1=99.78% | top2=100.00% | top3=100.00%
  Valid | loss=0.4748 | top1=97.85% | top2=100.00% | top3=100.00% | acc=97.85% | bal_acc=98.22% | macro_f1=0.9834 | qwk=0.9757 | mae=0.0234 | weighted_f1=0.9785 | precision_macro=0.9846 | recall_macro=0.9822
 No improvement. Bad epochs: 8/15

Epoch 35/60 | Time 0m 16s
  Train | loss=0.4434 | top1=99.83% | top2=100.00% | top3=100.00%
  Valid | loss=0.4611 | top1=98.44% | top2=100.00% | top3=100.00% | acc=98.44% | bal_acc=98.59% | macro_f1=0.9847 | qwk=0.9758 | mae=0.0195 | weighted_f1=0.9844 | precision_macro=0.9836 | recall_macro=0.9859
 No improvement. Bad epochs: 9/15

Epoch 36/60 | Time 0m 16s
  Train | loss=0.4468 | top1=99.57% | top2=99.98% | top3=100.00%
  Valid | loss=0.4682 | top1=98.24% | top2=99.80% | top3=100.00% | acc=98.24% | bal_acc=98.45% | macro_f1=0.9870 | qwk=0.9791 | mae=0.0195 | weighted_f1=0.9824 | precision_macro=0.9896 | recall_macro=0.9845
 No improvement. Bad epochs: 10/15

Epoch 37/60 | Time 0m 16s
  Train | loss=0.4437 | top1=99.80% | top2=100.00% | top3=100.00%
  Valid | loss=0.4613 | top1=98.44% | top2=100.00% | top3=100.00% | acc=98.44% | bal_acc=98.55% | macro_f1=0.9869 | qwk=0.9809 | mae=0.0176 | weighted_f1=0.9844 | precision_macro=0.9884 | recall_macro=0.9855
 No improvement. Bad epochs: 11/15

Epoch 38/60 | Time 0m 16s
  Train | loss=0.4419 | top1=99.89% | top2=100.00% | top3=100.00%
  Valid | loss=0.4595 | top1=98.83% | top2=100.00% | top3=100.00% | acc=98.83% | bal_acc=98.83% | macro_f1=0.9906 | qwk=0.9843 | mae=0.0137 | weighted_f1=0.9883 | precision_macro=0.9929 | recall_macro=0.9883
 No improvement. Bad epochs: 12/15

Epoch 39/60 | Time 0m 16s
  Train | loss=0.4451 | top1=99.72% | top2=99.98% | top3=100.00%
  Valid | loss=0.4583 | top1=98.83% | top2=99.80% | top3=100.00% | acc=98.83% | bal_acc=98.83% | macro_f1=0.9906 | qwk=0.9843 | mae=0.0137 | weighted_f1=0.9883 | precision_macro=0.9929 | recall_macro=0.9883
 No improvement. Bad epochs: 13/15

Epoch 40/60 | Time 0m 16s
  Train | loss=0.4437 | top1=99.72% | top2=99.98% | top3=100.00%
  Valid | loss=0.4576 | top1=99.02% | top2=99.80% | top3=100.00% | acc=99.02% | bal_acc=98.97% | macro_f1=0.9917 | qwk=0.9861 | mae=0.0117 | weighted_f1=0.9902 | precision_macro=0.9939 | recall_macro=0.9897
 No improvement. Bad epochs: 14/15

Epoch 41/60 | Time 0m 16s
  Train | loss=0.4422 | top1=99.80% | top2=100.00% | top3=100.00%
  Valid | loss=0.4584 | top1=99.02% | top2=99.80% | top3=100.00% | acc=99.02% | bal_acc=98.97% | macro_f1=0.9917 | qwk=0.9861 | mae=0.0117 | weighted_f1=0.9902 | precision_macro=0.9939 | recall_macro=0.9897
 No improvement. Bad epochs: 15/15
 Early stopping triggered at epoch 41.

Loading best model (epoch=26, macro_f1=0.9930)

Test | loss=0.4551 | top1=98.91% | top2=99.92% | top3=100.00% | acc=98.91% | bal_acc=99.10% | macro_f1=0.9910 | qwk=0.9862 | mae=0.0125 | weighted_f1=0.9891 | precision_macro=0.9910 | recall_macro=0.9910
     ovr_roc_auc_macro=0.9999 | ovr_pr_auc_macro=0.9997
Checkpoint: /root/autodl-tmp/MedVisionLab/Alzheimer_MRI_Loss/checkpoints/best_convnext_t_none_label_smoothing_ce_convnext_t_all_5seed_adni_baseline_label_smoothing_seed4.pt
