COMMAND: /root/miniconda3/envs/medvision/bin/python -u /root/autodl-tmp/MedVisionLab/tools/train_convnext_t_experiment.py --dataset adni --data-root /root/autodl-tmp/Augmented_Alzheimer_MRI/OriginalDataset --attention eca --loss ce --seed 4 --epochs 60 --patience 15 --batch-size 32 --image-size 224 --num-workers 2 --early-delta 0.0001 --base-lr 0.0001 --koa-backbone-lr 0.0001 --koa-head-lr 0.001 --weight-decay 0.0001 --dast-tau 1.0 --dast-gamma 1.5 --sord-tau 1.0 --label-smoothing 0.1 --run-tag convnext_t_all_5seed_adni_eca_ce_seed4
==========================================================================================
Starting ConvNeXt-T experiment on ADNI...
Using device: cuda
CUDA device: NVIDIA GeForce RTX 4090
Config | seed=4, attention=eca, loss=ce, epochs=60, patience=15, batch_size=32, image_size=224, pretrained=True
Backbone: ConvNeXt-T | stage3=features[5] | stage3_channels=384
Data root: /root/autodl-tmp/Augmented_Alzheimer_MRI/OriginalDataset
Class order: ['NonDemented', 'VeryMildDemented', 'MildDemented', 'ModerateDemented']
Split sizes | train=4608, valid=512, test=1280
Train class counts: [2304, 1613, 645, 46]
Optimizer: matched progressive Adam | stem=1e-05, stage1=1.25e-05, downsample1=1.6666667e-05, stage2=1.6666667e-05, downsample2=2.5e-05, stage3=2.5e-05, attention=3.3333333e-05, downsample3=5e-05, stage4=5e-05, norm=0.0001, head=0.0001
Trainable parameters: 27,823,207

Epoch 01/60 | Time 0m 16s
  Train | loss=1.1150 | top1=45.10% | top2=80.79% | top3=99.00%
  Valid | loss=1.0106 | top1=50.20% | top2=84.96% | top3=99.02% | acc=50.20% | bal_acc=25.14% | macro_f1=0.1699 | qwk=0.0066 | mae=0.6562 | weighted_f1=0.3381 | precision_macro=0.2505 | recall_macro=0.2514
 Validation improved. Saved best model (macro_f1=0.1699)

Epoch 02/60 | Time 0m 16s
  Train | loss=0.9630 | top1=54.38% | top2=85.35% | top3=99.00%
  Valid | loss=0.8587 | top1=58.59% | top2=86.13% | top3=99.02% | acc=58.59% | bal_acc=33.87% | macro_f1=0.3225 | qwk=0.3606 | mae=0.4648 | weighted_f1=0.5436 | precision_macro=0.4318 | recall_macro=0.3387
 Validation improved. Saved best model (macro_f1=0.3225)

Epoch 03/60 | Time 0m 16s
  Train | loss=0.8326 | top1=60.96% | top2=88.56% | top3=99.00%
  Valid | loss=0.7855 | top1=60.35% | top2=89.84% | top3=99.02% | acc=60.35% | bal_acc=42.17% | macro_f1=0.3867 | qwk=0.4758 | mae=0.4805 | weighted_f1=0.5534 | precision_macro=0.4318 | recall_macro=0.4217
 Validation improved. Saved best model (macro_f1=0.3867)

Epoch 04/60 | Time 0m 16s
  Train | loss=0.7175 | top1=68.42% | top2=91.56% | top3=99.11%
  Valid | loss=0.7088 | top1=68.95% | top2=91.02% | top3=99.22% | acc=68.95% | bal_acc=52.86% | macro_f1=0.4965 | qwk=0.5808 | mae=0.3770 | weighted_f1=0.6992 | precision_macro=0.4914 | recall_macro=0.5286
 Validation improved. Saved best model (macro_f1=0.4965)

Epoch 05/60 | Time 0m 16s
  Train | loss=0.5634 | top1=75.20% | top2=95.07% | top3=99.65%
  Valid | loss=0.4708 | top1=82.23% | top2=95.90% | top3=100.00% | acc=82.23% | bal_acc=65.71% | macro_f1=0.6848 | qwk=0.7650 | mae=0.2012 | weighted_f1=0.8236 | precision_macro=0.8539 | recall_macro=0.6571
 Validation improved. Saved best model (macro_f1=0.6848)

Epoch 06/60 | Time 0m 16s
  Train | loss=0.3932 | top1=85.26% | top2=97.46% | top3=99.87%
  Valid | loss=0.3290 | top1=87.11% | top2=98.24% | top3=100.00% | acc=87.11% | bal_acc=73.31% | macro_f1=0.7874 | qwk=0.8281 | mae=0.1465 | weighted_f1=0.8696 | precision_macro=0.9113 | recall_macro=0.7331
 Validation improved. Saved best model (macro_f1=0.7874)

Epoch 07/60 | Time 0m 16s
  Train | loss=0.2427 | top1=90.91% | top2=99.07% | top3=99.91%
  Valid | loss=0.1888 | top1=92.58% | top2=99.41% | top3=100.00% | acc=92.58% | bal_acc=93.24% | macro_f1=0.9316 | qwk=0.8736 | mae=0.0977 | weighted_f1=0.9258 | precision_macro=0.9316 | recall_macro=0.9324
 Validation improved. Saved best model (macro_f1=0.9316)

Epoch 08/60 | Time 0m 16s
  Train | loss=0.1628 | top1=94.27% | top2=99.50% | top3=100.00%
  Valid | loss=0.1405 | top1=94.73% | top2=99.41% | top3=100.00% | acc=94.73% | bal_acc=95.82% | macro_f1=0.9591 | qwk=0.9223 | mae=0.0645 | weighted_f1=0.9472 | precision_macro=0.9602 | recall_macro=0.9582
 Validation improved. Saved best model (macro_f1=0.9591)

Epoch 09/60 | Time 0m 16s
  Train | loss=0.0873 | top1=97.31% | top2=99.76% | top3=99.98%
  Valid | loss=0.1233 | top1=95.12% | top2=99.80% | top3=100.00% | acc=95.12% | bal_acc=96.18% | macro_f1=0.9595 | qwk=0.9216 | mae=0.0625 | weighted_f1=0.9512 | precision_macro=0.9583 | recall_macro=0.9618
 Validation improved. Saved best model (macro_f1=0.9595)

Epoch 10/60 | Time 0m 16s
  Train | loss=0.0774 | top1=97.63% | top2=99.78% | top3=99.98%
  Valid | loss=0.0854 | top1=96.68% | top2=99.41% | top3=100.00% | acc=96.68% | bal_acc=95.72% | macro_f1=0.9647 | qwk=0.9486 | mae=0.0410 | weighted_f1=0.9664 | precision_macro=0.9739 | recall_macro=0.9572
 Validation improved. Saved best model (macro_f1=0.9647)

Epoch 11/60 | Time 0m 16s
  Train | loss=0.0662 | top1=97.96% | top2=99.96% | top3=100.00%
  Valid | loss=0.0753 | top1=97.07% | top2=99.41% | top3=100.00% | acc=97.07% | bal_acc=97.24% | macro_f1=0.9349 | qwk=0.9386 | mae=0.0430 | weighted_f1=0.9709 | precision_macro=0.9095 | recall_macro=0.9724
 No improvement. Bad epochs: 1/15

Epoch 12/60 | Time 0m 16s
  Train | loss=0.0598 | top1=97.98% | top2=99.87% | top3=100.00%
  Valid | loss=0.0992 | top1=95.51% | top2=100.00% | top3=100.00% | acc=95.51% | bal_acc=96.71% | macro_f1=0.9630 | qwk=0.9302 | mae=0.0566 | weighted_f1=0.9551 | precision_macro=0.9599 | recall_macro=0.9671
 No improvement. Bad epochs: 2/15

Epoch 13/60 | Time 0m 16s
  Train | loss=0.0497 | top1=98.61% | top2=99.91% | top3=99.98%
  Valid | loss=0.1262 | top1=96.09% | top2=99.80% | top3=100.00% | acc=96.09% | bal_acc=97.80% | macro_f1=0.9722 | qwk=0.9496 | mae=0.0449 | weighted_f1=0.9610 | precision_macro=0.9682 | recall_macro=0.9780
 Validation improved. Saved best model (macro_f1=0.9722)

Epoch 14/60 | Time 0m 16s
  Train | loss=0.0475 | top1=98.46% | top2=99.89% | top3=100.00%
  Valid | loss=0.0948 | top1=96.68% | top2=99.41% | top3=100.00% | acc=96.68% | bal_acc=95.97% | macro_f1=0.9684 | qwk=0.9538 | mae=0.0391 | weighted_f1=0.9665 | precision_macro=0.9795 | recall_macro=0.9597
 No improvement. Bad epochs: 1/15

Epoch 15/60 | Time 0m 16s
  Train | loss=0.0383 | top1=98.76% | top2=99.91% | top3=100.00%
  Valid | loss=0.0630 | top1=97.46% | top2=100.00% | top3=100.00% | acc=97.46% | bal_acc=97.94% | macro_f1=0.9800 | qwk=0.9672 | mae=0.0293 | weighted_f1=0.9746 | precision_macro=0.9806 | recall_macro=0.9794
 Validation improved. Saved best model (macro_f1=0.9800)

Epoch 16/60 | Time 0m 16s
  Train | loss=0.0262 | top1=99.24% | top2=99.93% | top3=100.00%
  Valid | loss=0.1079 | top1=95.90% | top2=99.80% | top3=100.00% | acc=95.90% | bal_acc=97.20% | macro_f1=0.9593 | qwk=0.9398 | mae=0.0508 | weighted_f1=0.9597 | precision_macro=0.9500 | recall_macro=0.9720
 No improvement. Bad epochs: 1/15

Epoch 17/60 | Time 0m 16s
  Train | loss=0.0238 | top1=99.31% | top2=99.96% | top3=100.00%
  Valid | loss=0.0422 | top1=98.63% | top2=100.00% | top3=100.00% | acc=98.63% | bal_acc=98.53% | macro_f1=0.9860 | qwk=0.9722 | mae=0.0195 | weighted_f1=0.9863 | precision_macro=0.9869 | recall_macro=0.9853
 Validation improved. Saved best model (macro_f1=0.9860)

Epoch 18/60 | Time 0m 16s
  Train | loss=0.0276 | top1=99.20% | top2=99.96% | top3=100.00%
  Valid | loss=0.0386 | top1=98.63% | top2=100.00% | top3=100.00% | acc=98.63% | bal_acc=98.90% | macro_f1=0.9884 | qwk=0.9776 | mae=0.0176 | weighted_f1=0.9863 | precision_macro=0.9879 | recall_macro=0.9890
 Validation improved. Saved best model (macro_f1=0.9884)

Epoch 19/60 | Time 0m 16s
  Train | loss=0.0215 | top1=99.35% | top2=99.98% | top3=100.00%
  Valid | loss=0.0433 | top1=98.63% | top2=100.00% | top3=100.00% | acc=98.63% | bal_acc=98.86% | macro_f1=0.9904 | qwk=0.9879 | mae=0.0137 | weighted_f1=0.9863 | precision_macro=0.9924 | recall_macro=0.9886
 Validation improved. Saved best model (macro_f1=0.9904)

Epoch 20/60 | Time 0m 16s
  Train | loss=0.0250 | top1=99.31% | top2=99.89% | top3=100.00%
  Valid | loss=0.0511 | top1=99.02% | top2=99.80% | top3=100.00% | acc=99.02% | bal_acc=98.72% | macro_f1=0.9906 | qwk=0.9808 | mae=0.0137 | weighted_f1=0.9902 | precision_macro=0.9943 | recall_macro=0.9872
 Validation improved. Saved best model (macro_f1=0.9906)

Epoch 21/60 | Time 0m 16s
  Train | loss=0.0294 | top1=99.05% | top2=99.96% | top3=100.00%
  Valid | loss=0.1204 | top1=96.29% | top2=99.80% | top3=100.00% | acc=96.29% | bal_acc=97.60% | macro_f1=0.9721 | qwk=0.9513 | mae=0.0430 | weighted_f1=0.9630 | precision_macro=0.9693 | recall_macro=0.9760
 No improvement. Bad epochs: 1/15

Epoch 22/60 | Time 0m 16s
  Train | loss=0.0234 | top1=99.35% | top2=99.96% | top3=100.00%
  Valid | loss=0.0887 | top1=96.88% | top2=100.00% | top3=100.00% | acc=96.88% | bal_acc=97.18% | macro_f1=0.9762 | qwk=0.9620 | mae=0.0352 | weighted_f1=0.9686 | precision_macro=0.9813 | recall_macro=0.9718
 No improvement. Bad epochs: 2/15

Epoch 23/60 | Time 0m 16s
  Train | loss=0.0148 | top1=99.54% | top2=100.00% | top3=100.00%
  Valid | loss=0.0590 | top1=98.24% | top2=99.80% | top3=100.00% | acc=98.24% | bal_acc=98.25% | macro_f1=0.9857 | qwk=0.9791 | mae=0.0195 | weighted_f1=0.9824 | precision_macro=0.9892 | recall_macro=0.9825
 No improvement. Bad epochs: 3/15

Epoch 24/60 | Time 0m 16s
  Train | loss=0.0174 | top1=99.57% | top2=100.00% | top3=100.00%
  Valid | loss=0.0382 | top1=98.44% | top2=100.00% | top3=100.00% | acc=98.44% | bal_acc=98.34% | macro_f1=0.9836 | qwk=0.9706 | mae=0.0215 | weighted_f1=0.9844 | precision_macro=0.9839 | recall_macro=0.9834
 No improvement. Bad epochs: 4/15

Epoch 25/60 | Time 0m 16s
  Train | loss=0.0156 | top1=99.46% | top2=99.96% | top3=100.00%
  Valid | loss=0.0421 | top1=98.44% | top2=100.00% | top3=100.00% | acc=98.44% | bal_acc=98.64% | macro_f1=0.9858 | qwk=0.9809 | mae=0.0176 | weighted_f1=0.9844 | precision_macro=0.9852 | recall_macro=0.9864
 No improvement. Bad epochs: 5/15

Epoch 26/60 | Time 0m 16s
  Train | loss=0.0183 | top1=99.50% | top2=100.00% | top3=100.00%
  Valid | loss=0.0413 | top1=99.02% | top2=100.00% | top3=100.00% | acc=99.02% | bal_acc=99.26% | macro_f1=0.9918 | qwk=0.9861 | mae=0.0117 | weighted_f1=0.9902 | precision_macro=0.9911 | recall_macro=0.9926
 Validation improved. Saved best model (macro_f1=0.9918)

Epoch 27/60 | Time 0m 16s
  Train | loss=0.0118 | top1=99.65% | top2=99.96% | top3=100.00%
  Valid | loss=0.0308 | top1=99.02% | top2=99.80% | top3=100.00% | acc=99.02% | bal_acc=98.97% | macro_f1=0.9893 | qwk=0.9861 | mae=0.0117 | weighted_f1=0.9902 | precision_macro=0.9889 | recall_macro=0.9897
 No improvement. Bad epochs: 1/15

Epoch 28/60 | Time 0m 16s
  Train | loss=0.0100 | top1=99.80% | top2=99.98% | top3=100.00%
  Valid | loss=0.0317 | top1=99.02% | top2=99.80% | top3=100.00% | acc=99.02% | bal_acc=98.93% | macro_f1=0.9915 | qwk=0.9913 | mae=0.0098 | weighted_f1=0.9902 | precision_macro=0.9939 | recall_macro=0.9893
 No improvement. Bad epochs: 2/15

Epoch 29/60 | Time 0m 16s
  Train | loss=0.0066 | top1=99.87% | top2=100.00% | top3=100.00%
  Valid | loss=0.0440 | top1=98.83% | top2=100.00% | top3=100.00% | acc=98.83% | bal_acc=98.83% | macro_f1=0.9881 | qwk=0.9844 | mae=0.0137 | weighted_f1=0.9883 | precision_macro=0.9879 | recall_macro=0.9883
 No improvement. Bad epochs: 3/15

Epoch 30/60 | Time 0m 16s
  Train | loss=0.0095 | top1=99.72% | top2=100.00% | top3=100.00%
  Valid | loss=0.0219 | top1=99.22% | top2=100.00% | top3=100.00% | acc=99.22% | bal_acc=99.32% | macro_f1=0.9918 | qwk=0.9879 | mae=0.0098 | weighted_f1=0.9922 | precision_macro=0.9904 | recall_macro=0.9932
 No improvement. Bad epochs: 4/15

Epoch 31/60 | Time 0m 16s
  Train | loss=0.0095 | top1=99.76% | top2=99.98% | top3=99.98%
  Valid | loss=0.0587 | top1=98.05% | top2=99.80% | top3=100.00% | acc=98.05% | bal_acc=97.57% | macro_f1=0.9812 | qwk=0.9616 | mae=0.0273 | weighted_f1=0.9804 | precision_macro=0.9873 | recall_macro=0.9757
 No improvement. Bad epochs: 5/15

Epoch 32/60 | Time 0m 16s
  Train | loss=0.0080 | top1=99.87% | top2=100.00% | top3=100.00%
  Valid | loss=0.0504 | top1=98.44% | top2=100.00% | top3=100.00% | acc=98.44% | bal_acc=98.47% | macro_f1=0.9857 | qwk=0.9808 | mae=0.0176 | weighted_f1=0.9844 | precision_macro=0.9870 | recall_macro=0.9847
 No improvement. Bad epochs: 6/15

Epoch 33/60 | Time 0m 16s
  Train | loss=0.0087 | top1=99.74% | top2=100.00% | top3=100.00%
  Valid | loss=0.0281 | top1=99.02% | top2=100.00% | top3=100.00% | acc=99.02% | bal_acc=99.43% | macro_f1=0.9698 | qwk=0.9761 | mae=0.0156 | weighted_f1=0.9903 | precision_macro=0.9492 | recall_macro=0.9943
 No improvement. Bad epochs: 7/15

Epoch 34/60 | Time 0m 16s
  Train | loss=0.0103 | top1=99.61% | top2=100.00% | top3=100.00%
  Valid | loss=0.0726 | top1=98.05% | top2=99.61% | top3=100.00% | acc=98.05% | bal_acc=98.52% | macro_f1=0.9836 | qwk=0.9722 | mae=0.0234 | weighted_f1=0.9805 | precision_macro=0.9824 | recall_macro=0.9852
 No improvement. Bad epochs: 8/15

Epoch 35/60 | Time 0m 16s
  Train | loss=0.0066 | top1=99.83% | top2=100.00% | top3=100.00%
  Valid | loss=0.0267 | top1=99.22% | top2=100.00% | top3=100.00% | acc=99.22% | bal_acc=99.32% | macro_f1=0.9930 | qwk=0.9879 | mae=0.0098 | weighted_f1=0.9922 | precision_macro=0.9928 | recall_macro=0.9932
 Validation improved. Saved best model (macro_f1=0.9930)

Epoch 36/60 | Time 0m 16s
  Train | loss=0.0044 | top1=99.87% | top2=100.00% | top3=100.00%
  Valid | loss=0.0429 | top1=98.83% | top2=100.00% | top3=100.00% | acc=98.83% | bal_acc=99.12% | macro_f1=0.9886 | qwk=0.9741 | mae=0.0176 | weighted_f1=0.9883 | precision_macro=0.9861 | recall_macro=0.9912
 No improvement. Bad epochs: 1/15

Epoch 37/60 | Time 0m 16s
  Train | loss=0.0076 | top1=99.85% | top2=99.98% | top3=100.00%
  Valid | loss=0.0550 | top1=98.83% | top2=100.00% | top3=100.00% | acc=98.83% | bal_acc=99.12% | macro_f1=0.9917 | qwk=0.9896 | mae=0.0117 | weighted_f1=0.9883 | precision_macro=0.9922 | recall_macro=0.9912
 No improvement. Bad epochs: 2/15

Epoch 38/60 | Time 0m 16s
  Train | loss=0.0085 | top1=99.74% | top2=99.98% | top3=100.00%
  Valid | loss=0.0397 | top1=98.44% | top2=99.61% | top3=100.00% | acc=98.44% | bal_acc=98.89% | macro_f1=0.9851 | qwk=0.9708 | mae=0.0215 | weighted_f1=0.9844 | precision_macro=0.9815 | recall_macro=0.9889
 No improvement. Bad epochs: 3/15

Epoch 39/60 | Time 0m 16s
  Train | loss=0.0051 | top1=99.80% | top2=100.00% | top3=100.00%
  Valid | loss=0.0356 | top1=99.22% | top2=100.00% | top3=100.00% | acc=99.22% | bal_acc=99.28% | macro_f1=0.9940 | qwk=0.9931 | mae=0.0078 | weighted_f1=0.9922 | precision_macro=0.9953 | recall_macro=0.9928
 Validation improved. Saved best model (macro_f1=0.9940)

Epoch 40/60 | Time 0m 16s
  Train | loss=0.0056 | top1=99.83% | top2=100.00% | top3=100.00%
  Valid | loss=0.0382 | top1=99.22% | top2=100.00% | top3=100.00% | acc=99.22% | bal_acc=99.32% | macro_f1=0.9930 | qwk=0.9879 | mae=0.0098 | weighted_f1=0.9922 | precision_macro=0.9928 | recall_macro=0.9932
 No improvement. Bad epochs: 1/15

Epoch 41/60 | Time 0m 16s
  Train | loss=0.0032 | top1=99.96% | top2=100.00% | top3=100.00%
  Valid | loss=0.0327 | top1=99.41% | top2=100.00% | top3=100.00% | acc=99.41% | bal_acc=99.42% | macro_f1=0.9952 | qwk=0.9948 | mae=0.0059 | weighted_f1=0.9941 | precision_macro=0.9962 | recall_macro=0.9942
 Validation improved. Saved best model (macro_f1=0.9952)

Epoch 42/60 | Time 0m 16s
  Train | loss=0.0071 | top1=99.83% | top2=100.00% | top3=100.00%
  Valid | loss=0.0364 | top1=99.02% | top2=100.00% | top3=100.00% | acc=99.02% | bal_acc=99.18% | macro_f1=0.9906 | qwk=0.9862 | mae=0.0117 | weighted_f1=0.9902 | precision_macro=0.9894 | recall_macro=0.9918
 No improvement. Bad epochs: 1/15

Epoch 43/60 | Time 0m 15s
  Train | loss=0.0039 | top1=99.89% | top2=100.00% | top3=100.00%
  Valid | loss=0.0236 | top1=99.41% | top2=100.00% | top3=100.00% | acc=99.41% | bal_acc=99.42% | macro_f1=0.9952 | qwk=0.9948 | mae=0.0059 | weighted_f1=0.9941 | precision_macro=0.9962 | recall_macro=0.9942
 No improvement. Bad epochs: 2/15

Epoch 44/60 | Time 0m 16s
  Train | loss=0.0065 | top1=99.83% | top2=100.00% | top3=100.00%
  Valid | loss=0.0245 | top1=99.41% | top2=100.00% | top3=100.00% | acc=99.41% | bal_acc=99.42% | macro_f1=0.9952 | qwk=0.9948 | mae=0.0059 | weighted_f1=0.9941 | precision_macro=0.9962 | recall_macro=0.9942
 No improvement. Bad epochs: 3/15

Epoch 45/60 | Time 0m 16s
  Train | loss=0.0081 | top1=99.83% | top2=100.00% | top3=100.00%
  Valid | loss=0.0191 | top1=99.22% | top2=100.00% | top3=100.00% | acc=99.22% | bal_acc=99.07% | macro_f1=0.9927 | qwk=0.9930 | mae=0.0078 | weighted_f1=0.9922 | precision_macro=0.9949 | recall_macro=0.9907
 No improvement. Bad epochs: 4/15

Epoch 46/60 | Time 0m 16s
  Train | loss=0.0038 | top1=99.91% | top2=100.00% | top3=100.00%
  Valid | loss=0.0185 | top1=99.22% | top2=100.00% | top3=100.00% | acc=99.22% | bal_acc=99.07% | macro_f1=0.9927 | qwk=0.9930 | mae=0.0078 | weighted_f1=0.9922 | precision_macro=0.9949 | recall_macro=0.9907
 No improvement. Bad epochs: 5/15

Epoch 47/60 | Time 0m 16s
  Train | loss=0.0040 | top1=99.89% | top2=99.98% | top3=100.00%
  Valid | loss=0.0167 | top1=99.41% | top2=100.00% | top3=100.00% | acc=99.41% | bal_acc=99.42% | macro_f1=0.9952 | qwk=0.9948 | mae=0.0059 | weighted_f1=0.9941 | precision_macro=0.9962 | recall_macro=0.9942
 No improvement. Bad epochs: 6/15

Epoch 48/60 | Time 0m 16s
  Train | loss=0.0031 | top1=99.91% | top2=100.00% | top3=100.00%
  Valid | loss=0.0137 | top1=99.41% | top2=100.00% | top3=100.00% | acc=99.41% | bal_acc=99.42% | macro_f1=0.9952 | qwk=0.9948 | mae=0.0059 | weighted_f1=0.9941 | precision_macro=0.9962 | recall_macro=0.9942
 No improvement. Bad epochs: 7/15

Epoch 49/60 | Time 0m 16s
  Train | loss=0.0039 | top1=99.91% | top2=100.00% | top3=100.00%
  Valid | loss=0.0112 | top1=99.61% | top2=100.00% | top3=100.00% | acc=99.61% | bal_acc=99.51% | macro_f1=0.9964 | qwk=0.9965 | mae=0.0039 | weighted_f1=0.9961 | precision_macro=0.9976 | recall_macro=0.9951
 Validation improved. Saved best model (macro_f1=0.9964)

Epoch 50/60 | Time 0m 16s
  Train | loss=0.0053 | top1=99.87% | top2=100.00% | top3=100.00%
  Valid | loss=0.0141 | top1=99.41% | top2=100.00% | top3=100.00% | acc=99.41% | bal_acc=99.46% | macro_f1=0.9942 | qwk=0.9896 | mae=0.0078 | weighted_f1=0.9941 | precision_macro=0.9938 | recall_macro=0.9946
 No improvement. Bad epochs: 1/15

Epoch 51/60 | Time 0m 16s
  Train | loss=0.0024 | top1=99.96% | top2=99.98% | top3=100.00%
  Valid | loss=0.0156 | top1=99.61% | top2=100.00% | top3=100.00% | acc=99.61% | bal_acc=99.56% | macro_f1=0.9964 | qwk=0.9965 | mae=0.0039 | weighted_f1=0.9961 | precision_macro=0.9972 | recall_macro=0.9956
 No improvement. Bad epochs: 2/15

Epoch 52/60 | Time 0m 16s
  Train | loss=0.0031 | top1=99.91% | top2=100.00% | top3=100.00%
  Valid | loss=0.0208 | top1=99.41% | top2=100.00% | top3=100.00% | acc=99.41% | bal_acc=99.46% | macro_f1=0.9942 | qwk=0.9896 | mae=0.0078 | weighted_f1=0.9941 | precision_macro=0.9938 | recall_macro=0.9946
 No improvement. Bad epochs: 3/15

Epoch 53/60 | Time 0m 16s
  Train | loss=0.0025 | top1=99.93% | top2=100.00% | top3=100.00%
  Valid | loss=0.0189 | top1=99.61% | top2=100.00% | top3=100.00% | acc=99.61% | bal_acc=99.56% | macro_f1=0.9964 | qwk=0.9965 | mae=0.0039 | weighted_f1=0.9961 | precision_macro=0.9972 | recall_macro=0.9956
 No improvement. Bad epochs: 4/15

Epoch 54/60 | Time 0m 16s
  Train | loss=0.0018 | top1=99.98% | top2=100.00% | top3=100.00%
  Valid | loss=0.0189 | top1=99.61% | top2=100.00% | top3=100.00% | acc=99.61% | bal_acc=99.56% | macro_f1=0.9964 | qwk=0.9965 | mae=0.0039 | weighted_f1=0.9961 | precision_macro=0.9972 | recall_macro=0.9956
 No improvement. Bad epochs: 5/15

Epoch 55/60 | Time 0m 16s
  Train | loss=0.0032 | top1=99.93% | top2=100.00% | top3=100.00%
  Valid | loss=0.0178 | top1=99.61% | top2=100.00% | top3=100.00% | acc=99.61% | bal_acc=99.56% | macro_f1=0.9964 | qwk=0.9965 | mae=0.0039 | weighted_f1=0.9961 | precision_macro=0.9972 | recall_macro=0.9956
 No improvement. Bad epochs: 6/15

Epoch 56/60 | Time 0m 16s
  Train | loss=0.0015 | top1=100.00% | top2=100.00% | top3=100.00%
  Valid | loss=0.0176 | top1=99.61% | top2=100.00% | top3=100.00% | acc=99.61% | bal_acc=99.56% | macro_f1=0.9964 | qwk=0.9965 | mae=0.0039 | weighted_f1=0.9961 | precision_macro=0.9972 | recall_macro=0.9956
 No improvement. Bad epochs: 7/15

Epoch 57/60 | Time 0m 16s
  Train | loss=0.0028 | top1=99.93% | top2=100.00% | top3=100.00%
  Valid | loss=0.0180 | top1=99.61% | top2=100.00% | top3=100.00% | acc=99.61% | bal_acc=99.56% | macro_f1=0.9964 | qwk=0.9965 | mae=0.0039 | weighted_f1=0.9961 | precision_macro=0.9972 | recall_macro=0.9956
 No improvement. Bad epochs: 8/15

Epoch 58/60 | Time 0m 16s
  Train | loss=0.0032 | top1=99.91% | top2=100.00% | top3=100.00%
  Valid | loss=0.0174 | top1=99.61% | top2=100.00% | top3=100.00% | acc=99.61% | bal_acc=99.56% | macro_f1=0.9964 | qwk=0.9965 | mae=0.0039 | weighted_f1=0.9961 | precision_macro=0.9972 | recall_macro=0.9956
 No improvement. Bad epochs: 9/15

Epoch 59/60 | Time 0m 16s
  Train | loss=0.0031 | top1=99.96% | top2=99.98% | top3=100.00%
  Valid | loss=0.0175 | top1=99.61% | top2=100.00% | top3=100.00% | acc=99.61% | bal_acc=99.56% | macro_f1=0.9964 | qwk=0.9965 | mae=0.0039 | weighted_f1=0.9961 | precision_macro=0.9972 | recall_macro=0.9956
 No improvement. Bad epochs: 10/15

Epoch 60/60 | Time 0m 16s
  Train | loss=0.0024 | top1=99.96% | top2=100.00% | top3=100.00%
  Valid | loss=0.0175 | top1=99.61% | top2=100.00% | top3=100.00% | acc=99.61% | bal_acc=99.56% | macro_f1=0.9964 | qwk=0.9965 | mae=0.0039 | weighted_f1=0.9961 | precision_macro=0.9972 | recall_macro=0.9956
 No improvement. Bad epochs: 11/15

Loading best model (epoch=49, macro_f1=0.9964)

Test | loss=0.0190 | top1=99.30% | top2=100.00% | top3=100.00% | acc=99.30% | bal_acc=99.26% | macro_f1=0.9853 | qwk=0.9876 | mae=0.0094 | weighted_f1=0.9930 | precision_macro=0.9787 | recall_macro=0.9926
     ovr_roc_auc_macro=1.0000 | ovr_pr_auc_macro=0.9999
Checkpoint: /root/autodl-tmp/MedVisionLab/Alzheimer_MRI_Loss/checkpoints/best_convnext_t_eca_ce_convnext_t_all_5seed_adni_eca_ce_seed4.pt
