COMMAND: /root/miniconda3/envs/medvision/bin/python -u /root/autodl-tmp/MedVisionLab/tools/train_convnext_t_experiment.py --dataset adni --data-root /root/autodl-tmp/Augmented_Alzheimer_MRI/OriginalDataset --attention msca --loss ce --seed 4 --epochs 60 --patience 15 --batch-size 32 --image-size 224 --num-workers 2 --early-delta 0.0001 --base-lr 0.0001 --koa-backbone-lr 0.0001 --koa-head-lr 0.001 --weight-decay 0.0001 --dast-tau 1.0 --dast-gamma 1.5 --sord-tau 1.0 --label-smoothing 0.1 --run-tag convnext_t_all_5seed_adni_msca_ce_seed4
==========================================================================================
Starting ConvNeXt-T experiment on ADNI...
Using device: cuda
CUDA device: NVIDIA GeForce RTX 4090
Config | seed=4, attention=msca, loss=ce, epochs=60, patience=15, batch_size=32, image_size=224, pretrained=True
Backbone: ConvNeXt-T | stage3=features[5] | stage3_channels=384
Data root: /root/autodl-tmp/Augmented_Alzheimer_MRI/OriginalDataset
Class order: ['NonDemented', 'VeryMildDemented', 'MildDemented', 'ModerateDemented']
Split sizes | train=4608, valid=512, test=1280
Train class counts: [2304, 1613, 645, 46]
Optimizer: matched progressive Adam | stem=1e-05, stage1=1.25e-05, downsample1=1.6666667e-05, stage2=1.6666667e-05, downsample2=2.5e-05, stage3=2.5e-05, attention=3.3333333e-05, downsample3=5e-05, stage4=5e-05, norm=0.0001, head=0.0001
Trainable parameters: 28,308,964

Epoch 01/60 | Time 0m 17s
  Train | loss=1.1128 | top1=45.03% | top2=80.21% | top3=99.00%
  Valid | loss=1.0105 | top1=50.00% | top2=84.96% | top3=99.02% | acc=50.00% | bal_acc=25.00% | macro_f1=0.1667 | qwk=0.0000 | mae=0.6602 | weighted_f1=0.3333 | precision_macro=0.1250 | recall_macro=0.2500
 Validation improved. Saved best model (macro_f1=0.1667)

Epoch 02/60 | Time 0m 16s
  Train | loss=0.9565 | top1=53.19% | top2=85.50% | top3=99.00%
  Valid | loss=0.8492 | top1=60.94% | top2=87.50% | top3=99.02% | acc=60.94% | bal_acc=35.22% | macro_f1=0.3232 | qwk=0.4317 | mae=0.4219 | weighted_f1=0.5644 | precision_macro=0.3000 | recall_macro=0.3522
 Validation improved. Saved best model (macro_f1=0.3232)

Epoch 03/60 | Time 0m 16s
  Train | loss=0.8373 | top1=60.13% | top2=88.06% | top3=99.00%
  Valid | loss=0.7465 | top1=66.99% | top2=88.87% | top3=99.02% | acc=66.99% | bal_acc=44.33% | macro_f1=0.4487 | qwk=0.5448 | mae=0.3594 | weighted_f1=0.6609 | precision_macro=0.5067 | recall_macro=0.4433
 Validation improved. Saved best model (macro_f1=0.4487)

Epoch 04/60 | Time 0m 16s
  Train | loss=0.7352 | top1=66.51% | top2=91.15% | top3=99.09%
  Valid | loss=0.7155 | top1=66.99% | top2=92.38% | top3=99.22% | acc=66.99% | bal_acc=47.21% | macro_f1=0.4521 | qwk=0.5871 | mae=0.3867 | weighted_f1=0.6531 | precision_macro=0.4624 | recall_macro=0.4721
 Validation improved. Saved best model (macro_f1=0.4521)

Epoch 05/60 | Time 0m 16s
  Train | loss=0.6251 | top1=73.00% | top2=93.82% | top3=99.52%
  Valid | loss=0.5025 | top1=79.69% | top2=96.09% | top3=99.22% | acc=79.69% | bal_acc=54.84% | macro_f1=0.5551 | qwk=0.7136 | mae=0.2324 | weighted_f1=0.7893 | precision_macro=0.5697 | recall_macro=0.5484
 Validation improved. Saved best model (macro_f1=0.5551)

Epoch 06/60 | Time 0m 16s
  Train | loss=0.4522 | top1=81.94% | top2=96.64% | top3=99.72%
  Valid | loss=0.4592 | top1=81.84% | top2=96.29% | top3=100.00% | acc=81.84% | bal_acc=60.65% | macro_f1=0.6580 | qwk=0.7382 | mae=0.2051 | weighted_f1=0.8104 | precision_macro=0.8928 | recall_macro=0.6065
 Validation improved. Saved best model (macro_f1=0.6580)

Epoch 07/60 | Time 0m 16s
  Train | loss=0.3070 | top1=88.63% | top2=98.35% | top3=99.98%
  Valid | loss=0.2972 | top1=88.67% | top2=97.66% | top3=100.00% | acc=88.67% | bal_acc=78.24% | macro_f1=0.8151 | qwk=0.8184 | mae=0.1406 | weighted_f1=0.8843 | precision_macro=0.8601 | recall_macro=0.7824
 Validation improved. Saved best model (macro_f1=0.8151)

Epoch 08/60 | Time 0m 16s
  Train | loss=0.2008 | top1=92.75% | top2=99.33% | top3=100.00%
  Valid | loss=0.2441 | top1=89.84% | top2=98.83% | top3=100.00% | acc=89.84% | bal_acc=92.42% | macro_f1=0.9215 | qwk=0.8914 | mae=0.1074 | weighted_f1=0.8998 | precision_macro=0.9251 | recall_macro=0.9242
 Validation improved. Saved best model (macro_f1=0.9215)

Epoch 09/60 | Time 0m 16s
  Train | loss=0.1364 | top1=95.75% | top2=99.59% | top3=100.00%
  Valid | loss=0.1709 | top1=93.55% | top2=99.02% | top3=100.00% | acc=93.55% | bal_acc=94.53% | macro_f1=0.9256 | qwk=0.9159 | mae=0.0742 | weighted_f1=0.9359 | precision_macro=0.9116 | recall_macro=0.9453
 Validation improved. Saved best model (macro_f1=0.9256)

Epoch 10/60 | Time 0m 16s
  Train | loss=0.0900 | top1=96.98% | top2=99.78% | top3=99.98%
  Valid | loss=0.1112 | top1=96.29% | top2=99.41% | top3=100.00% | acc=96.29% | bal_acc=96.56% | macro_f1=0.9691 | qwk=0.9512 | mae=0.0430 | weighted_f1=0.9628 | precision_macro=0.9729 | recall_macro=0.9656
 Validation improved. Saved best model (macro_f1=0.9691)

Epoch 11/60 | Time 0m 16s
  Train | loss=0.0822 | top1=97.33% | top2=99.87% | top3=100.00%
  Valid | loss=0.1239 | top1=94.34% | top2=99.41% | top3=100.00% | acc=94.34% | bal_acc=95.42% | macro_f1=0.9551 | qwk=0.9332 | mae=0.0625 | weighted_f1=0.9436 | precision_macro=0.9571 | recall_macro=0.9542
 No improvement. Bad epochs: 1/15

Epoch 12/60 | Time 0m 16s
  Train | loss=0.0667 | top1=97.89% | top2=99.85% | top3=99.96%
  Valid | loss=0.0897 | top1=96.88% | top2=99.61% | top3=100.00% | acc=96.88% | bal_acc=97.27% | macro_f1=0.9751 | qwk=0.9615 | mae=0.0352 | weighted_f1=0.9688 | precision_macro=0.9779 | recall_macro=0.9727
 Validation improved. Saved best model (macro_f1=0.9751)

Epoch 13/60 | Time 0m 16s
  Train | loss=0.0486 | top1=98.57% | top2=99.93% | top3=100.00%
  Valid | loss=0.0847 | top1=97.07% | top2=99.80% | top3=100.00% | acc=97.07% | bal_acc=98.03% | macro_f1=0.9745 | qwk=0.9589 | mae=0.0352 | weighted_f1=0.9708 | precision_macro=0.9692 | recall_macro=0.9803
 No improvement. Bad epochs: 1/15

Epoch 14/60 | Time 0m 16s
  Train | loss=0.0626 | top1=98.00% | top2=99.87% | top3=100.00%
  Valid | loss=0.0947 | top1=96.29% | top2=99.61% | top3=100.00% | acc=96.29% | bal_acc=96.60% | macro_f1=0.9483 | qwk=0.9417 | mae=0.0469 | weighted_f1=0.9628 | precision_macro=0.9352 | recall_macro=0.9660
 No improvement. Bad epochs: 2/15

Epoch 15/60 | Time 0m 16s
  Train | loss=0.0534 | top1=98.42% | top2=99.85% | top3=100.00%
  Valid | loss=0.0879 | top1=97.27% | top2=99.41% | top3=100.00% | acc=97.27% | bal_acc=97.59% | macro_f1=0.9784 | qwk=0.9754 | mae=0.0273 | weighted_f1=0.9728 | precision_macro=0.9820 | recall_macro=0.9759
 Validation improved. Saved best model (macro_f1=0.9784)

Epoch 16/60 | Time 0m 16s
  Train | loss=0.0327 | top1=98.98% | top2=99.98% | top3=100.00%
  Valid | loss=0.0982 | top1=96.68% | top2=99.02% | top3=100.00% | acc=96.68% | bal_acc=96.22% | macro_f1=0.9695 | qwk=0.9645 | mae=0.0352 | weighted_f1=0.9667 | precision_macro=0.9789 | recall_macro=0.9622
 No improvement. Bad epochs: 1/15

Epoch 17/60 | Time 0m 16s
  Train | loss=0.0384 | top1=98.89% | top2=99.96% | top3=99.98%
  Valid | loss=0.1048 | top1=96.29% | top2=99.22% | top3=100.00% | acc=96.29% | bal_acc=96.52% | macro_f1=0.9683 | qwk=0.9410 | mae=0.0469 | weighted_f1=0.9628 | precision_macro=0.9716 | recall_macro=0.9652
 No improvement. Bad epochs: 2/15

Epoch 18/60 | Time 0m 16s
  Train | loss=0.0311 | top1=99.15% | top2=99.91% | top3=100.00%
  Valid | loss=0.1024 | top1=95.90% | top2=99.41% | top3=100.00% | acc=95.90% | bal_acc=96.61% | macro_f1=0.9625 | qwk=0.9439 | mae=0.0488 | weighted_f1=0.9590 | precision_macro=0.9600 | recall_macro=0.9661
 No improvement. Bad epochs: 3/15

Epoch 19/60 | Time 0m 16s
  Train | loss=0.0274 | top1=99.09% | top2=99.98% | top3=100.00%
  Valid | loss=0.1226 | top1=96.09% | top2=100.00% | top3=100.00% | acc=96.09% | bal_acc=96.75% | macro_f1=0.9692 | qwk=0.9501 | mae=0.0449 | weighted_f1=0.9608 | precision_macro=0.9714 | recall_macro=0.9675
 No improvement. Bad epochs: 4/15

Epoch 20/60 | Time 0m 16s
  Train | loss=0.0289 | top1=99.11% | top2=99.96% | top3=99.98%
  Valid | loss=0.0805 | top1=96.88% | top2=99.80% | top3=100.00% | acc=96.88% | bal_acc=97.60% | macro_f1=0.9765 | qwk=0.9615 | mae=0.0352 | weighted_f1=0.9688 | precision_macro=0.9775 | recall_macro=0.9760
 No improvement. Bad epochs: 5/15

Epoch 21/60 | Time 0m 16s
  Train | loss=0.0319 | top1=99.00% | top2=99.91% | top3=100.00%
  Valid | loss=0.1771 | top1=94.73% | top2=99.41% | top3=100.00% | acc=94.73% | bal_acc=95.57% | macro_f1=0.9562 | qwk=0.9363 | mae=0.0586 | weighted_f1=0.9476 | precision_macro=0.9593 | recall_macro=0.9557
 No improvement. Bad epochs: 6/15

Epoch 22/60 | Time 0m 16s
  Train | loss=0.0181 | top1=99.44% | top2=99.93% | top3=99.98%
  Valid | loss=0.0784 | top1=97.66% | top2=99.61% | top3=100.00% | acc=97.66% | bal_acc=97.29% | macro_f1=0.9786 | qwk=0.9630 | mae=0.0293 | weighted_f1=0.9765 | precision_macro=0.9853 | recall_macro=0.9729
 Validation improved. Saved best model (macro_f1=0.9786)

Epoch 23/60 | Time 0m 16s
  Train | loss=0.0229 | top1=99.50% | top2=99.96% | top3=100.00%
  Valid | loss=0.0488 | top1=98.63% | top2=99.80% | top3=100.00% | acc=98.63% | bal_acc=99.23% | macro_f1=0.9887 | qwk=0.9725 | mae=0.0195 | weighted_f1=0.9863 | precision_macro=0.9852 | recall_macro=0.9923
 Validation improved. Saved best model (macro_f1=0.9887)

Epoch 24/60 | Time 0m 16s
  Train | loss=0.0173 | top1=99.39% | top2=99.96% | top3=100.00%
  Valid | loss=0.0899 | top1=97.27% | top2=99.41% | top3=100.00% | acc=97.27% | bal_acc=97.34% | macro_f1=0.9562 | qwk=0.9654 | mae=0.0312 | weighted_f1=0.9727 | precision_macro=0.9432 | recall_macro=0.9734
 No improvement. Bad epochs: 1/15

Epoch 25/60 | Time 0m 16s
  Train | loss=0.0167 | top1=99.54% | top2=100.00% | top3=100.00%
  Valid | loss=0.0750 | top1=97.66% | top2=99.80% | top3=100.00% | acc=97.66% | bal_acc=97.87% | macro_f1=0.9569 | qwk=0.9537 | mae=0.0332 | weighted_f1=0.9766 | precision_macro=0.9388 | recall_macro=0.9787
 No improvement. Bad epochs: 2/15

Epoch 26/60 | Time 0m 16s
  Train | loss=0.0191 | top1=99.35% | top2=99.96% | top3=99.98%
  Valid | loss=0.0942 | top1=96.88% | top2=99.41% | top3=100.00% | acc=96.88% | bal_acc=97.60% | macro_f1=0.9510 | qwk=0.9467 | mae=0.0410 | weighted_f1=0.9689 | precision_macro=0.9302 | recall_macro=0.9760
 No improvement. Bad epochs: 3/15

Epoch 27/60 | Time 0m 16s
  Train | loss=0.0145 | top1=99.65% | top2=100.00% | top3=100.00%
  Valid | loss=0.1417 | top1=96.68% | top2=99.41% | top3=100.00% | acc=96.68% | bal_acc=96.67% | macro_f1=0.9743 | qwk=0.9442 | mae=0.0430 | weighted_f1=0.9668 | precision_macro=0.9831 | recall_macro=0.9667
 No improvement. Bad epochs: 4/15

Epoch 28/60 | Time 0m 16s
  Train | loss=0.0166 | top1=99.41% | top2=100.00% | top3=100.00%
  Valid | loss=0.0299 | top1=99.02% | top2=100.00% | top3=100.00% | acc=99.02% | bal_acc=98.97% | macro_f1=0.9897 | qwk=0.9758 | mae=0.0156 | weighted_f1=0.9902 | precision_macro=0.9897 | recall_macro=0.9897
 Validation improved. Saved best model (macro_f1=0.9897)

Epoch 29/60 | Time 0m 16s
  Train | loss=0.0215 | top1=99.37% | top2=99.98% | top3=100.00%
  Valid | loss=0.0530 | top1=98.63% | top2=99.80% | top3=100.00% | acc=98.63% | bal_acc=98.03% | macro_f1=0.9860 | qwk=0.9667 | mae=0.0215 | weighted_f1=0.9862 | precision_macro=0.9924 | recall_macro=0.9803
 No improvement. Bad epochs: 1/15

Epoch 30/60 | Time 0m 16s
  Train | loss=0.0115 | top1=99.70% | top2=100.00% | top3=100.00%
  Valid | loss=0.0630 | top1=98.05% | top2=99.61% | top3=100.00% | acc=98.05% | bal_acc=98.23% | macro_f1=0.9825 | qwk=0.9669 | mae=0.0254 | weighted_f1=0.9805 | precision_macro=0.9828 | recall_macro=0.9823
 No improvement. Bad epochs: 2/15

Epoch 31/60 | Time 0m 16s
  Train | loss=0.0098 | top1=99.72% | top2=100.00% | top3=100.00%
  Valid | loss=0.0902 | top1=97.46% | top2=99.80% | top3=100.00% | acc=97.46% | bal_acc=97.69% | macro_f1=0.9798 | qwk=0.9719 | mae=0.0273 | weighted_f1=0.9747 | precision_macro=0.9834 | recall_macro=0.9769
 No improvement. Bad epochs: 3/15

Epoch 32/60 | Time 0m 16s
  Train | loss=0.0055 | top1=99.87% | top2=100.00% | top3=100.00%
  Valid | loss=0.0616 | top1=98.83% | top2=99.41% | top3=100.00% | acc=98.83% | bal_acc=98.83% | macro_f1=0.9893 | qwk=0.9844 | mae=0.0137 | weighted_f1=0.9883 | precision_macro=0.9904 | recall_macro=0.9883
 No improvement. Bad epochs: 4/15

Epoch 33/60 | Time 0m 16s
  Train | loss=0.0118 | top1=99.67% | top2=100.00% | top3=100.00%
  Valid | loss=0.0599 | top1=98.24% | top2=99.80% | top3=100.00% | acc=98.24% | bal_acc=98.58% | macro_f1=0.9860 | qwk=0.9739 | mae=0.0215 | weighted_f1=0.9824 | precision_macro=0.9863 | recall_macro=0.9858
 No improvement. Bad epochs: 5/15

Epoch 34/60 | Time 0m 16s
  Train | loss=0.0111 | top1=99.61% | top2=100.00% | top3=100.00%
  Valid | loss=0.1244 | top1=96.68% | top2=99.61% | top3=100.00% | acc=96.68% | bal_acc=97.30% | macro_f1=0.9741 | qwk=0.9596 | mae=0.0371 | weighted_f1=0.9669 | precision_macro=0.9761 | recall_macro=0.9730
 No improvement. Bad epochs: 6/15

Epoch 35/60 | Time 0m 16s
  Train | loss=0.0105 | top1=99.63% | top2=99.98% | top3=100.00%
  Valid | loss=0.0992 | top1=98.05% | top2=99.61% | top3=100.00% | acc=98.05% | bal_acc=98.19% | macro_f1=0.9835 | qwk=0.9721 | mae=0.0234 | weighted_f1=0.9805 | precision_macro=0.9853 | recall_macro=0.9819
 No improvement. Bad epochs: 7/15

Epoch 36/60 | Time 0m 16s
  Train | loss=0.0061 | top1=99.78% | top2=99.98% | top3=100.00%
  Valid | loss=0.0738 | top1=98.44% | top2=99.61% | top3=100.00% | acc=98.44% | bal_acc=98.84% | macro_f1=0.9648 | qwk=0.9760 | mae=0.0195 | weighted_f1=0.9845 | precision_macro=0.9449 | recall_macro=0.9884
 No improvement. Bad epochs: 8/15

Epoch 37/60 | Time 0m 16s
  Train | loss=0.0075 | top1=99.74% | top2=99.96% | top3=100.00%
  Valid | loss=0.0602 | top1=98.83% | top2=99.61% | top3=100.00% | acc=98.83% | bal_acc=98.87% | macro_f1=0.9904 | qwk=0.9895 | mae=0.0117 | weighted_f1=0.9883 | precision_macro=0.9922 | recall_macro=0.9887
 Validation improved. Saved best model (macro_f1=0.9904)

Epoch 38/60 | Time 0m 16s
  Train | loss=0.0151 | top1=99.61% | top2=99.98% | top3=100.00%
  Valid | loss=0.0686 | top1=98.24% | top2=99.41% | top3=100.00% | acc=98.24% | bal_acc=98.62% | macro_f1=0.9880 | qwk=0.9844 | mae=0.0176 | weighted_f1=0.9824 | precision_macro=0.9900 | recall_macro=0.9862
 No improvement. Bad epochs: 1/15

Epoch 39/60 | Time 0m 16s
  Train | loss=0.0099 | top1=99.76% | top2=99.98% | top3=100.00%
  Valid | loss=0.0626 | top1=98.63% | top2=99.41% | top3=100.00% | acc=98.63% | bal_acc=98.73% | macro_f1=0.9669 | qwk=0.9827 | mae=0.0156 | weighted_f1=0.9864 | precision_macro=0.9505 | recall_macro=0.9873
 No improvement. Bad epochs: 2/15

Epoch 40/60 | Time 0m 16s
  Train | loss=0.0093 | top1=99.70% | top2=100.00% | top3=100.00%
  Valid | loss=0.0807 | top1=98.24% | top2=99.61% | top3=100.00% | acc=98.24% | bal_acc=98.62% | macro_f1=0.9848 | qwk=0.9739 | mae=0.0215 | weighted_f1=0.9825 | precision_macro=0.9836 | recall_macro=0.9862
 No improvement. Bad epochs: 3/15

Epoch 41/60 | Time 0m 16s
  Train | loss=0.0085 | top1=99.78% | top2=99.98% | top3=100.00%
  Valid | loss=0.0463 | top1=98.24% | top2=99.80% | top3=100.00% | acc=98.24% | bal_acc=98.75% | macro_f1=0.9628 | qwk=0.9641 | mae=0.0254 | weighted_f1=0.9825 | precision_macro=0.9420 | recall_macro=0.9875
 No improvement. Bad epochs: 4/15

Epoch 42/60 | Time 0m 16s
  Train | loss=0.0059 | top1=99.87% | top2=100.00% | top3=100.00%
  Valid | loss=0.0417 | top1=99.02% | top2=99.80% | top3=100.00% | acc=99.02% | bal_acc=98.97% | macro_f1=0.9907 | qwk=0.9809 | mae=0.0137 | weighted_f1=0.9902 | precision_macro=0.9917 | recall_macro=0.9897
 Validation improved. Saved best model (macro_f1=0.9907)

Epoch 43/60 | Time 0m 16s
  Train | loss=0.0049 | top1=99.87% | top2=100.00% | top3=100.00%
  Valid | loss=0.0359 | top1=99.02% | top2=99.80% | top3=100.00% | acc=99.02% | bal_acc=99.18% | macro_f1=0.9706 | qwk=0.9862 | mae=0.0117 | weighted_f1=0.9903 | precision_macro=0.9532 | recall_macro=0.9918
 No improvement. Bad epochs: 1/15

Epoch 44/60 | Time 0m 16s
  Train | loss=0.0054 | top1=99.85% | top2=99.98% | top3=100.00%
  Valid | loss=0.0366 | top1=99.02% | top2=99.80% | top3=100.00% | acc=99.02% | bal_acc=99.22% | macro_f1=0.9928 | qwk=0.9913 | mae=0.0098 | weighted_f1=0.9903 | precision_macro=0.9935 | recall_macro=0.9922
 Validation improved. Saved best model (macro_f1=0.9928)

Epoch 45/60 | Time 0m 16s
  Train | loss=0.0042 | top1=99.89% | top2=100.00% | top3=100.00%
  Valid | loss=0.0364 | top1=98.63% | top2=99.80% | top3=100.00% | acc=98.63% | bal_acc=98.98% | macro_f1=0.9672 | qwk=0.9777 | mae=0.0176 | weighted_f1=0.9864 | precision_macro=0.9483 | recall_macro=0.9898
 No improvement. Bad epochs: 1/15

Epoch 46/60 | Time 0m 16s
  Train | loss=0.0047 | top1=99.87% | top2=100.00% | top3=100.00%
  Valid | loss=0.0386 | top1=98.83% | top2=99.61% | top3=100.00% | acc=98.83% | bal_acc=99.08% | macro_f1=0.9684 | qwk=0.9794 | mae=0.0156 | weighted_f1=0.9884 | precision_macro=0.9497 | recall_macro=0.9908
 No improvement. Bad epochs: 2/15

Epoch 47/60 | Time 0m 16s
  Train | loss=0.0033 | top1=99.93% | top2=100.00% | top3=100.00%
  Valid | loss=0.0430 | top1=99.02% | top2=99.80% | top3=100.00% | acc=99.02% | bal_acc=98.89% | macro_f1=0.9917 | qwk=0.9861 | mae=0.0117 | weighted_f1=0.9902 | precision_macro=0.9947 | recall_macro=0.9889
 No improvement. Bad epochs: 3/15

Epoch 48/60 | Time 0m 16s
  Train | loss=0.0041 | top1=99.89% | top2=100.00% | top3=100.00%
  Valid | loss=0.0371 | top1=99.41% | top2=99.80% | top3=100.00% | acc=99.41% | bal_acc=99.37% | macro_f1=0.9729 | qwk=0.9897 | mae=0.0078 | weighted_f1=0.9942 | precision_macro=0.9560 | recall_macro=0.9937
 No improvement. Bad epochs: 4/15

Epoch 49/60 | Time 0m 16s
  Train | loss=0.0030 | top1=99.91% | top2=100.00% | top3=100.00%
  Valid | loss=0.0346 | top1=99.61% | top2=99.80% | top3=100.00% | acc=99.61% | bal_acc=99.51% | macro_f1=0.9964 | qwk=0.9965 | mae=0.0039 | weighted_f1=0.9961 | precision_macro=0.9976 | recall_macro=0.9951
 Validation improved. Saved best model (macro_f1=0.9964)

Epoch 50/60 | Time 0m 16s
  Train | loss=0.0025 | top1=99.91% | top2=100.00% | top3=100.00%
  Valid | loss=0.0349 | top1=99.41% | top2=99.80% | top3=100.00% | acc=99.41% | bal_acc=99.42% | macro_f1=0.9952 | qwk=0.9948 | mae=0.0059 | weighted_f1=0.9941 | precision_macro=0.9962 | recall_macro=0.9942
 No improvement. Bad epochs: 1/15

Epoch 51/60 | Time 0m 16s
  Train | loss=0.0042 | top1=99.91% | top2=100.00% | top3=100.00%
  Valid | loss=0.0365 | top1=99.02% | top2=99.80% | top3=100.00% | acc=99.02% | bal_acc=99.22% | macro_f1=0.9928 | qwk=0.9913 | mae=0.0098 | weighted_f1=0.9903 | precision_macro=0.9935 | recall_macro=0.9922
 No improvement. Bad epochs: 2/15

Epoch 52/60 | Time 0m 16s
  Train | loss=0.0033 | top1=99.89% | top2=100.00% | top3=100.00%
  Valid | loss=0.0344 | top1=99.22% | top2=99.80% | top3=100.00% | acc=99.22% | bal_acc=99.32% | macro_f1=0.9940 | qwk=0.9931 | mae=0.0078 | weighted_f1=0.9922 | precision_macro=0.9949 | recall_macro=0.9932
 No improvement. Bad epochs: 3/15

Epoch 53/60 | Time 0m 16s
  Train | loss=0.0026 | top1=99.98% | top2=100.00% | top3=100.00%
  Valid | loss=0.0340 | top1=99.22% | top2=99.80% | top3=100.00% | acc=99.22% | bal_acc=99.32% | macro_f1=0.9940 | qwk=0.9931 | mae=0.0078 | weighted_f1=0.9922 | precision_macro=0.9949 | recall_macro=0.9932
 No improvement. Bad epochs: 4/15

Epoch 54/60 | Time 0m 16s
  Train | loss=0.0032 | top1=99.89% | top2=100.00% | top3=100.00%
  Valid | loss=0.0326 | top1=99.22% | top2=99.80% | top3=100.00% | acc=99.22% | bal_acc=99.32% | macro_f1=0.9940 | qwk=0.9931 | mae=0.0078 | weighted_f1=0.9922 | precision_macro=0.9949 | recall_macro=0.9932
 No improvement. Bad epochs: 5/15

Epoch 55/60 | Time 0m 16s
  Train | loss=0.0025 | top1=99.93% | top2=100.00% | top3=100.00%
  Valid | loss=0.0316 | top1=99.22% | top2=99.80% | top3=100.00% | acc=99.22% | bal_acc=99.28% | macro_f1=0.9718 | qwk=0.9880 | mae=0.0098 | weighted_f1=0.9923 | precision_macro=0.9546 | recall_macro=0.9928
 No improvement. Bad epochs: 6/15

Epoch 56/60 | Time 0m 16s
  Train | loss=0.0035 | top1=99.87% | top2=100.00% | top3=100.00%
  Valid | loss=0.0334 | top1=99.22% | top2=99.80% | top3=100.00% | acc=99.22% | bal_acc=99.32% | macro_f1=0.9940 | qwk=0.9931 | mae=0.0078 | weighted_f1=0.9922 | precision_macro=0.9949 | recall_macro=0.9932
 No improvement. Bad epochs: 7/15

Epoch 57/60 | Time 0m 16s
  Train | loss=0.0030 | top1=99.91% | top2=100.00% | top3=100.00%
  Valid | loss=0.0328 | top1=99.22% | top2=99.80% | top3=100.00% | acc=99.22% | bal_acc=99.32% | macro_f1=0.9940 | qwk=0.9931 | mae=0.0078 | weighted_f1=0.9922 | precision_macro=0.9949 | recall_macro=0.9932
 No improvement. Bad epochs: 8/15

Epoch 58/60 | Time 0m 16s
  Train | loss=0.0029 | top1=99.93% | top2=100.00% | top3=100.00%
  Valid | loss=0.0324 | top1=99.41% | top2=99.80% | top3=100.00% | acc=99.41% | bal_acc=99.42% | macro_f1=0.9952 | qwk=0.9948 | mae=0.0059 | weighted_f1=0.9941 | precision_macro=0.9962 | recall_macro=0.9942
 No improvement. Bad epochs: 9/15

Epoch 59/60 | Time 0m 16s
  Train | loss=0.0025 | top1=100.00% | top2=100.00% | top3=100.00%
  Valid | loss=0.0325 | top1=99.41% | top2=99.80% | top3=100.00% | acc=99.41% | bal_acc=99.42% | macro_f1=0.9952 | qwk=0.9948 | mae=0.0059 | weighted_f1=0.9941 | precision_macro=0.9962 | recall_macro=0.9942
 No improvement. Bad epochs: 10/15

Epoch 60/60 | Time 0m 16s
  Train | loss=0.0025 | top1=99.98% | top2=100.00% | top3=100.00%
  Valid | loss=0.0325 | top1=99.41% | top2=99.80% | top3=100.00% | acc=99.41% | bal_acc=99.42% | macro_f1=0.9952 | qwk=0.9948 | mae=0.0059 | weighted_f1=0.9941 | precision_macro=0.9962 | recall_macro=0.9942
 No improvement. Bad epochs: 11/15

Loading best model (epoch=49, macro_f1=0.9964)

Test | loss=0.0280 | top1=99.14% | top2=100.00% | top3=100.00% | acc=99.14% | bal_acc=99.32% | macro_f1=0.9769 | qwk=0.9904 | mae=0.0094 | weighted_f1=0.9914 | precision_macro=0.9630 | recall_macro=0.9932
     ovr_roc_auc_macro=0.9999 | ovr_pr_auc_macro=0.9999
Checkpoint: /root/autodl-tmp/MedVisionLab/Alzheimer_MRI_Loss/checkpoints/best_convnext_t_msca_ce_convnext_t_all_5seed_adni_msca_ce_seed4.pt
