COMMAND: /root/miniconda3/envs/medvision/bin/python -u /root/autodl-tmp/MedVisionLab/tools/train_convnext_t_experiment.py --dataset adni --data-root /root/autodl-tmp/Augmented_Alzheimer_MRI/OriginalDataset --attention mesc --loss ce --seed 1 --epochs 60 --patience 15 --batch-size 32 --image-size 224 --num-workers 2 --early-delta 0.0001 --base-lr 0.0001 --koa-backbone-lr 0.0001 --koa-head-lr 0.001 --weight-decay 0.0001 --dast-tau 1.0 --dast-gamma 1.5 --sord-tau 1.0 --label-smoothing 0.1 --run-tag convnext_t_all_5seed_adni_mesc_ce_seed1
==========================================================================================
Starting ConvNeXt-T experiment on ADNI...
Using device: cuda
CUDA device: NVIDIA GeForce RTX 3090
Config | seed=1, attention=mesc, loss=ce, epochs=60, patience=15, batch_size=32, image_size=224, pretrained=True
Backbone: ConvNeXt-T | stage3=features[5] | stage3_channels=384
Data root: /root/autodl-tmp/Augmented_Alzheimer_MRI/OriginalDataset
Class order: ['NonDemented', 'VeryMildDemented', 'MildDemented', 'ModerateDemented']
Split sizes | train=4608, valid=512, test=1280
Train class counts: [2304, 1613, 645, 46]
Optimizer: matched progressive Adam | stem=1e-05, stage1=1.25e-05, downsample1=1.6666667e-05, stage2=1.6666667e-05, downsample2=2.5e-05, stage3=2.5e-05, attention=3.3333333e-05, downsample3=5e-05, stage4=5e-05, norm=0.0001, head=0.0001
Trainable parameters: 28,383,184

Epoch 01/60 | Time 0m 44s
  Train | loss=1.1732 | top1=46.03% | top2=80.43% | top3=92.17%
  Valid | loss=1.0563 | top1=50.00% | top2=84.96% | top3=99.02% | acc=50.00% | bal_acc=25.00% | macro_f1=0.1667 | qwk=0.0000 | mae=0.6602 | weighted_f1=0.3333 | precision_macro=0.1250 | recall_macro=0.2500
 Validation improved. Saved best model (macro_f1=0.1667)

Epoch 02/60 | Time 0m 43s
  Train | loss=1.0364 | top1=50.04% | top2=85.00% | top3=99.00%
  Valid | loss=1.0026 | top1=49.80% | top2=84.96% | top3=99.02% | acc=49.80% | bal_acc=24.90% | macro_f1=0.1664 | qwk=0.0027 | mae=0.6602 | weighted_f1=0.3329 | precision_macro=0.1250 | recall_macro=0.2490
 No improvement. Bad epochs: 1/15

Epoch 03/60 | Time 0m 43s
  Train | loss=0.9221 | top1=54.71% | top2=84.98% | top3=99.00%
  Valid | loss=0.8795 | top1=57.81% | top2=86.13% | top3=99.02% | acc=57.81% | bal_acc=36.62% | macro_f1=0.3519 | qwk=0.4277 | mae=0.4414 | weighted_f1=0.5591 | precision_macro=0.4393 | recall_macro=0.3662
 Validation improved. Saved best model (macro_f1=0.3519)

Epoch 04/60 | Time 0m 43s
  Train | loss=0.8537 | top1=59.31% | top2=87.37% | top3=99.00%
  Valid | loss=0.8031 | top1=61.52% | top2=90.23% | top3=99.02% | acc=61.52% | bal_acc=36.52% | macro_f1=0.3322 | qwk=0.4731 | mae=0.4004 | weighted_f1=0.5763 | precision_macro=0.3181 | recall_macro=0.3652
 No improvement. Bad epochs: 1/15

Epoch 05/60 | Time 0m 43s
  Train | loss=0.7967 | top1=61.22% | top2=89.95% | top3=99.00%
  Valid | loss=0.7509 | top1=66.80% | top2=89.84% | top3=99.02% | acc=66.80% | bal_acc=47.52% | macro_f1=0.4711 | qwk=0.6276 | mae=0.3418 | weighted_f1=0.6695 | precision_macro=0.5042 | recall_macro=0.4752
 Validation improved. Saved best model (macro_f1=0.4711)

Epoch 06/60 | Time 0m 43s
  Train | loss=0.7356 | top1=66.10% | top2=91.51% | top3=99.02%
  Valid | loss=0.6227 | top1=70.90% | top2=92.38% | top3=99.22% | acc=70.90% | bal_acc=51.67% | macro_f1=0.5010 | qwk=0.6546 | mae=0.3281 | weighted_f1=0.7050 | precision_macro=0.4947 | recall_macro=0.5167
 Validation improved. Saved best model (macro_f1=0.5010)

Epoch 07/60 | Time 0m 43s
  Train | loss=0.6344 | top1=71.81% | top2=93.84% | top3=99.18%
  Valid | loss=0.5706 | top1=75.39% | top2=93.36% | top3=99.41% | acc=75.39% | bal_acc=57.51% | macro_f1=0.5522 | qwk=0.7359 | mae=0.2617 | weighted_f1=0.7581 | precision_macro=0.5478 | recall_macro=0.5751
 Validation improved. Saved best model (macro_f1=0.5522)

Epoch 08/60 | Time 0m 43s
  Train | loss=0.5163 | top1=78.45% | top2=95.92% | top3=99.72%
  Valid | loss=0.4950 | top1=80.47% | top2=95.12% | top3=99.41% | acc=80.47% | bal_acc=62.43% | macro_f1=0.5982 | qwk=0.7819 | mae=0.2109 | weighted_f1=0.8053 | precision_macro=0.5885 | recall_macro=0.6243
 Validation improved. Saved best model (macro_f1=0.5982)

Epoch 09/60 | Time 0m 43s
  Train | loss=0.4241 | top1=83.16% | top2=96.88% | top3=99.65%
  Valid | loss=0.3856 | top1=85.55% | top2=98.05% | top3=99.80% | acc=85.55% | bal_acc=66.00% | macro_f1=0.6300 | qwk=0.8203 | mae=0.1660 | weighted_f1=0.8548 | precision_macro=0.6136 | recall_macro=0.6600
 Validation improved. Saved best model (macro_f1=0.6300)

Epoch 10/60 | Time 0m 44s
  Train | loss=0.3305 | top1=86.91% | top2=98.16% | top3=99.85%
  Valid | loss=0.2951 | top1=88.67% | top2=98.44% | top3=99.80% | acc=88.67% | bal_acc=64.45% | macro_f1=0.6532 | qwk=0.8430 | mae=0.1309 | weighted_f1=0.8808 | precision_macro=0.6653 | recall_macro=0.6445
 Validation improved. Saved best model (macro_f1=0.6532)

Epoch 11/60 | Time 0m 43s
  Train | loss=0.2714 | top1=90.00% | top2=98.74% | top3=99.89%
  Valid | loss=0.2363 | top1=91.41% | top2=99.22% | top3=100.00% | acc=91.41% | bal_acc=69.69% | macro_f1=0.6859 | qwk=0.9037 | mae=0.0918 | weighted_f1=0.9102 | precision_macro=0.6781 | recall_macro=0.6969
 Validation improved. Saved best model (macro_f1=0.6859)

Epoch 12/60 | Time 0m 43s
  Train | loss=0.2254 | top1=91.32% | top2=98.89% | top3=99.96%
  Valid | loss=0.1820 | top1=93.75% | top2=99.61% | top3=100.00% | acc=93.75% | bal_acc=71.24% | macro_f1=0.7052 | qwk=0.9315 | mae=0.0664 | weighted_f1=0.9330 | precision_macro=0.6985 | recall_macro=0.7124
 Validation improved. Saved best model (macro_f1=0.7052)

Epoch 13/60 | Time 0m 43s
  Train | loss=0.1638 | top1=93.73% | top2=99.20% | top3=99.96%
  Valid | loss=0.2021 | top1=92.97% | top2=99.41% | top3=99.80% | acc=92.97% | bal_acc=70.93% | macro_f1=0.6975 | qwk=0.9244 | mae=0.0742 | weighted_f1=0.9256 | precision_macro=0.6876 | recall_macro=0.7093
 No improvement. Bad epochs: 1/15

Epoch 14/60 | Time 0m 43s
  Train | loss=0.1520 | top1=94.40% | top2=99.57% | top3=99.98%
  Valid | loss=0.1727 | top1=93.75% | top2=99.80% | top3=100.00% | acc=93.75% | bal_acc=95.34% | macro_f1=0.9553 | qwk=0.9375 | mae=0.0645 | weighted_f1=0.9383 | precision_macro=0.9618 | recall_macro=0.9534
 Validation improved. Saved best model (macro_f1=0.9553)

Epoch 15/60 | Time 0m 43s
  Train | loss=0.1321 | top1=95.23% | top2=99.54% | top3=99.91%
  Valid | loss=0.1059 | top1=95.70% | top2=100.00% | top3=100.00% | acc=95.70% | bal_acc=82.64% | macro_f1=0.8631 | qwk=0.9557 | mae=0.0449 | weighted_f1=0.9560 | precision_macro=0.9645 | recall_macro=0.8264
 No improvement. Bad epochs: 1/15

Epoch 16/60 | Time 0m 43s
  Train | loss=0.1052 | top1=95.99% | top2=99.57% | top3=99.98%
  Valid | loss=0.1225 | top1=94.53% | top2=99.61% | top3=100.00% | acc=94.53% | bal_acc=94.85% | macro_f1=0.9337 | qwk=0.9346 | mae=0.0605 | weighted_f1=0.9455 | precision_macro=0.9256 | recall_macro=0.9485
 No improvement. Bad epochs: 2/15

Epoch 17/60 | Time 0m 43s
  Train | loss=0.0882 | top1=96.88% | top2=99.63% | top3=100.00%
  Valid | loss=0.0683 | top1=98.05% | top2=100.00% | top3=100.00% | acc=98.05% | bal_acc=98.86% | macro_f1=0.9857 | qwk=0.9828 | mae=0.0195 | weighted_f1=0.9805 | precision_macro=0.9830 | recall_macro=0.9886
 Validation improved. Saved best model (macro_f1=0.9857)

Epoch 18/60 | Time 0m 43s
  Train | loss=0.0744 | top1=97.33% | top2=99.83% | top3=100.00%
  Valid | loss=0.1291 | top1=96.29% | top2=100.00% | top3=100.00% | acc=96.29% | bal_acc=97.85% | macro_f1=0.9544 | qwk=0.9670 | mae=0.0371 | weighted_f1=0.9632 | precision_macro=0.9355 | recall_macro=0.9785
 No improvement. Bad epochs: 1/15

Epoch 19/60 | Time 0m 43s
  Train | loss=0.0833 | top1=96.92% | top2=99.78% | top3=100.00%
  Valid | loss=0.0719 | top1=97.46% | top2=100.00% | top3=100.00% | acc=97.46% | bal_acc=98.39% | macro_f1=0.9833 | qwk=0.9776 | mae=0.0254 | weighted_f1=0.9746 | precision_macro=0.9827 | recall_macro=0.9839
 No improvement. Bad epochs: 2/15

Epoch 20/60 | Time 0m 43s
  Train | loss=0.0612 | top1=97.89% | top2=99.80% | top3=100.00%
  Valid | loss=0.1771 | top1=93.75% | top2=100.00% | top3=100.00% | acc=93.75% | bal_acc=95.12% | macro_f1=0.9576 | qwk=0.9352 | mae=0.0664 | weighted_f1=0.9365 | precision_macro=0.9695 | recall_macro=0.9512
 No improvement. Bad epochs: 3/15

Epoch 21/60 | Time 0m 43s
  Train | loss=0.0792 | top1=97.16% | top2=99.85% | top3=99.98%
  Valid | loss=0.0575 | top1=98.05% | top2=100.00% | top3=100.00% | acc=98.05% | bal_acc=98.56% | macro_f1=0.9869 | qwk=0.9827 | mae=0.0195 | weighted_f1=0.9805 | precision_macro=0.9882 | recall_macro=0.9856
 Validation improved. Saved best model (macro_f1=0.9869)

Epoch 22/60 | Time 0m 43s
  Train | loss=0.0542 | top1=98.22% | top2=99.83% | top3=100.00%
  Valid | loss=0.0552 | top1=98.24% | top2=99.80% | top3=100.00% | acc=98.24% | bal_acc=99.00% | macro_f1=0.9883 | qwk=0.9793 | mae=0.0195 | weighted_f1=0.9824 | precision_macro=0.9867 | recall_macro=0.9900
 Validation improved. Saved best model (macro_f1=0.9883)

Epoch 23/60 | Time 0m 43s
  Train | loss=0.0553 | top1=97.98% | top2=99.93% | top3=100.00%
  Valid | loss=0.0558 | top1=98.44% | top2=100.00% | top3=100.00% | acc=98.44% | bal_acc=99.01% | macro_f1=0.9870 | qwk=0.9811 | mae=0.0176 | weighted_f1=0.9844 | precision_macro=0.9842 | recall_macro=0.9901
 No improvement. Bad epochs: 1/15

Epoch 24/60 | Time 0m 43s
  Train | loss=0.0425 | top1=98.44% | top2=99.96% | top3=99.98%
  Valid | loss=0.0422 | top1=98.83% | top2=100.00% | top3=100.00% | acc=98.83% | bal_acc=99.04% | macro_f1=0.9918 | qwk=0.9844 | mae=0.0137 | weighted_f1=0.9883 | precision_macro=0.9933 | recall_macro=0.9904
 Validation improved. Saved best model (macro_f1=0.9918)

Epoch 25/60 | Time 0m 43s
  Train | loss=0.0395 | top1=98.63% | top2=99.93% | top3=100.00%
  Valid | loss=0.0364 | top1=98.83% | top2=100.00% | top3=100.00% | acc=98.83% | bal_acc=99.08% | macro_f1=0.9686 | qwk=0.9846 | mae=0.0137 | weighted_f1=0.9884 | precision_macro=0.9501 | recall_macro=0.9908
 No improvement. Bad epochs: 1/15

Epoch 26/60 | Time 0m 43s
  Train | loss=0.0348 | top1=98.96% | top2=99.91% | top3=100.00%
  Valid | loss=0.0799 | top1=97.27% | top2=100.00% | top3=100.00% | acc=97.27% | bal_acc=98.51% | macro_f1=0.9810 | qwk=0.9758 | mae=0.0273 | weighted_f1=0.9727 | precision_macro=0.9775 | recall_macro=0.9851
 No improvement. Bad epochs: 2/15

Epoch 27/60 | Time 0m 43s
  Train | loss=0.0429 | top1=98.44% | top2=99.91% | top3=100.00%
  Valid | loss=0.0350 | top1=99.02% | top2=100.00% | top3=100.00% | acc=99.02% | bal_acc=99.43% | macro_f1=0.9941 | qwk=0.9913 | mae=0.0098 | weighted_f1=0.9902 | precision_macro=0.9939 | recall_macro=0.9943
 Validation improved. Saved best model (macro_f1=0.9941)

Epoch 28/60 | Time 0m 43s
  Train | loss=0.0399 | top1=98.57% | top2=99.93% | top3=100.00%
  Valid | loss=0.0387 | top1=98.44% | top2=100.00% | top3=100.00% | acc=98.44% | bal_acc=98.68% | macro_f1=0.9882 | qwk=0.9810 | mae=0.0176 | weighted_f1=0.9843 | precision_macro=0.9899 | recall_macro=0.9868
 No improvement. Bad epochs: 1/15

Epoch 29/60 | Time 0m 43s
  Train | loss=0.0224 | top1=99.24% | top2=99.98% | top3=100.00%
  Valid | loss=0.0543 | top1=98.05% | top2=100.00% | top3=100.00% | acc=98.05% | bal_acc=98.94% | macro_f1=0.9870 | qwk=0.9827 | mae=0.0195 | weighted_f1=0.9805 | precision_macro=0.9848 | recall_macro=0.9894
 No improvement. Bad epochs: 2/15

Epoch 30/60 | Time 0m 43s
  Train | loss=0.0379 | top1=98.57% | top2=99.89% | top3=99.98%
  Valid | loss=0.0255 | top1=99.61% | top2=100.00% | top3=100.00% | acc=99.61% | bal_acc=99.51% | macro_f1=0.9966 | qwk=0.9913 | mae=0.0059 | weighted_f1=0.9961 | precision_macro=0.9981 | recall_macro=0.9951
 Validation improved. Saved best model (macro_f1=0.9966)

Epoch 31/60 | Time 0m 43s
  Train | loss=0.0302 | top1=99.07% | top2=99.93% | top3=100.00%
  Valid | loss=0.0295 | top1=99.22% | top2=100.00% | top3=100.00% | acc=99.22% | bal_acc=99.48% | macro_f1=0.9952 | qwk=0.9931 | mae=0.0078 | weighted_f1=0.9922 | precision_macro=0.9957 | recall_macro=0.9948
 No improvement. Bad epochs: 1/15

Epoch 32/60 | Time 0m 43s
  Train | loss=0.0270 | top1=98.98% | top2=99.93% | top3=100.00%
  Valid | loss=0.0380 | top1=99.02% | top2=100.00% | top3=100.00% | acc=99.02% | bal_acc=99.34% | macro_f1=0.9916 | qwk=0.9914 | mae=0.0098 | weighted_f1=0.9902 | precision_macro=0.9899 | recall_macro=0.9934
 No improvement. Bad epochs: 2/15

Epoch 33/60 | Time 0m 43s
  Train | loss=0.0291 | top1=98.91% | top2=99.87% | top3=100.00%
  Valid | loss=0.0455 | top1=98.63% | top2=100.00% | top3=100.00% | acc=98.63% | bal_acc=99.27% | macro_f1=0.9917 | qwk=0.9879 | mae=0.0137 | weighted_f1=0.9864 | precision_macro=0.9909 | recall_macro=0.9927
 No improvement. Bad epochs: 3/15

Epoch 34/60 | Time 0m 43s
  Train | loss=0.0172 | top1=99.39% | top2=100.00% | top3=100.00%
  Valid | loss=0.0337 | top1=99.02% | top2=100.00% | top3=100.00% | acc=99.02% | bal_acc=99.39% | macro_f1=0.9941 | qwk=0.9914 | mae=0.0098 | weighted_f1=0.9902 | precision_macro=0.9943 | recall_macro=0.9939
 No improvement. Bad epochs: 4/15

Epoch 35/60 | Time 0m 43s
  Train | loss=0.0246 | top1=99.09% | top2=99.89% | top3=100.00%
  Valid | loss=0.0352 | top1=99.02% | top2=100.00% | top3=100.00% | acc=99.02% | bal_acc=99.34% | macro_f1=0.9941 | qwk=0.9914 | mae=0.0098 | weighted_f1=0.9902 | precision_macro=0.9947 | recall_macro=0.9934
 No improvement. Bad epochs: 5/15

Epoch 36/60 | Time 0m 43s
  Train | loss=0.0213 | top1=99.39% | top2=99.91% | top3=99.98%
  Valid | loss=0.0301 | top1=99.41% | top2=100.00% | top3=100.00% | acc=99.41% | bal_acc=99.67% | macro_f1=0.9964 | qwk=0.9948 | mae=0.0059 | weighted_f1=0.9941 | precision_macro=0.9962 | recall_macro=0.9967
 No improvement. Bad epochs: 6/15

Epoch 37/60 | Time 0m 43s
  Train | loss=0.0237 | top1=99.15% | top2=99.91% | top3=100.00%
  Valid | loss=0.0299 | top1=99.22% | top2=100.00% | top3=100.00% | acc=99.22% | bal_acc=99.32% | macro_f1=0.9942 | qwk=0.9878 | mae=0.0098 | weighted_f1=0.9922 | precision_macro=0.9953 | recall_macro=0.9932
 No improvement. Bad epochs: 7/15

Epoch 38/60 | Time 0m 43s
  Train | loss=0.0167 | top1=99.48% | top2=99.93% | top3=100.00%
  Valid | loss=0.0385 | top1=98.83% | top2=100.00% | top3=100.00% | acc=98.83% | bal_acc=99.16% | macro_f1=0.9928 | qwk=0.9896 | mae=0.0117 | weighted_f1=0.9882 | precision_macro=0.9943 | recall_macro=0.9916
 No improvement. Bad epochs: 8/15

Epoch 39/60 | Time 0m 43s
  Train | loss=0.0185 | top1=99.50% | top2=99.87% | top3=100.00%
  Valid | loss=0.0370 | top1=98.83% | top2=100.00% | top3=100.00% | acc=98.83% | bal_acc=99.29% | macro_f1=0.9916 | qwk=0.9896 | mae=0.0117 | weighted_f1=0.9883 | precision_macro=0.9904 | recall_macro=0.9929
 No improvement. Bad epochs: 9/15

Epoch 40/60 | Time 0m 43s
  Train | loss=0.0154 | top1=99.35% | top2=99.98% | top3=100.00%
  Valid | loss=0.0407 | top1=98.83% | top2=100.00% | top3=100.00% | acc=98.83% | bal_acc=99.25% | macro_f1=0.9916 | qwk=0.9897 | mae=0.0117 | weighted_f1=0.9883 | precision_macro=0.9908 | recall_macro=0.9925
 No improvement. Bad epochs: 10/15

Epoch 41/60 | Time 0m 43s
  Train | loss=0.0161 | top1=99.37% | top2=100.00% | top3=100.00%
  Valid | loss=0.0454 | top1=98.83% | top2=100.00% | top3=100.00% | acc=98.83% | bal_acc=99.37% | macro_f1=0.9929 | qwk=0.9896 | mae=0.0117 | weighted_f1=0.9883 | precision_macro=0.9922 | recall_macro=0.9937
 No improvement. Bad epochs: 11/15

Epoch 42/60 | Time 0m 43s
  Train | loss=0.0170 | top1=99.37% | top2=99.98% | top3=100.00%
  Valid | loss=0.0395 | top1=99.22% | top2=100.00% | top3=100.00% | acc=99.22% | bal_acc=99.44% | macro_f1=0.9952 | qwk=0.9931 | mae=0.0078 | weighted_f1=0.9922 | precision_macro=0.9962 | recall_macro=0.9944
 No improvement. Bad epochs: 12/15

Epoch 43/60 | Time 0m 43s
  Train | loss=0.0156 | top1=99.46% | top2=99.98% | top3=99.98%
  Valid | loss=0.0440 | top1=99.02% | top2=100.00% | top3=100.00% | acc=99.02% | bal_acc=99.34% | macro_f1=0.9941 | qwk=0.9914 | mae=0.0098 | weighted_f1=0.9902 | precision_macro=0.9947 | recall_macro=0.9934
 No improvement. Bad epochs: 13/15

Epoch 44/60 | Time 0m 43s
  Train | loss=0.0101 | top1=99.59% | top2=100.00% | top3=100.00%
  Valid | loss=0.0313 | top1=99.41% | top2=100.00% | top3=100.00% | acc=99.41% | bal_acc=99.67% | macro_f1=0.9964 | qwk=0.9948 | mae=0.0059 | weighted_f1=0.9941 | precision_macro=0.9962 | recall_macro=0.9967
 No improvement. Bad epochs: 14/15

Epoch 45/60 | Time 0m 43s
  Train | loss=0.0117 | top1=99.67% | top2=99.98% | top3=100.00%
  Valid | loss=0.0331 | top1=99.02% | top2=100.00% | top3=100.00% | acc=99.02% | bal_acc=99.47% | macro_f1=0.9941 | qwk=0.9913 | mae=0.0098 | weighted_f1=0.9902 | precision_macro=0.9935 | recall_macro=0.9947
 No improvement. Bad epochs: 15/15
 Early stopping triggered at epoch 45.

Loading best model (epoch=30, macro_f1=0.9966)

Test | loss=0.0518 | top1=98.36% | top2=100.00% | top3=100.00% | acc=98.36% | bal_acc=98.78% | macro_f1=0.9865 | qwk=0.9855 | mae=0.0164 | weighted_f1=0.9836 | precision_macro=0.9853 | recall_macro=0.9878
     ovr_roc_auc_macro=0.9994 | ovr_pr_auc_macro=0.9988
Checkpoint: /root/autodl-tmp/MedVisionLab/Alzheimer_MRI_Loss/checkpoints/best_convnext_t_mesc_ce_convnext_t_all_5seed_adni_mesc_ce_seed1.pt
