COMMAND: /root/miniconda3/envs/medvision/bin/python -u /root/autodl-tmp/MedVisionLab/tools/train_convnext_t_experiment.py --dataset adni --data-root /root/autodl-tmp/Augmented_Alzheimer_MRI/OriginalDataset --attention none --loss ce --seed 6 --epochs 60 --patience 15 --batch-size 32 --image-size 224 --num-workers 2 --early-delta 0.0001 --base-lr 0.0001 --koa-backbone-lr 0.0001 --koa-head-lr 0.001 --weight-decay 0.0001 --dast-tau 1.0 --dast-gamma 1.5 --sord-tau 1.0 --label-smoothing 0.1 --run-tag convnext_t_all_5seed_adni_baseline_ce_seed6
==========================================================================================
Starting ConvNeXt-T experiment on ADNI...
Using device: cuda
CUDA device: NVIDIA GeForce RTX 4090
Config | seed=6, attention=none, loss=ce, epochs=60, patience=15, batch_size=32, image_size=224, pretrained=True
Backbone: ConvNeXt-T | stage3=features[5] | stage3_channels=384
Data root: /root/autodl-tmp/Augmented_Alzheimer_MRI/OriginalDataset
Class order: ['NonDemented', 'VeryMildDemented', 'MildDemented', 'ModerateDemented']
Split sizes | train=4608, valid=512, test=1280
Train class counts: [2304, 1613, 645, 46]
Optimizer: matched progressive Adam | stem=1e-05, stage1=1.25e-05, downsample1=1.6666667e-05, stage2=1.6666667e-05, downsample2=2.5e-05, stage3=2.5e-05, downsample3=5e-05, stage4=5e-05, norm=0.0001, head=0.0001
Trainable parameters: 27,823,204

Epoch 01/60 | Time 0m 16s
  Train | loss=1.0791 | top1=47.72% | top2=85.07% | top3=98.94%
  Valid | loss=0.9973 | top1=50.98% | top2=84.96% | top3=99.02% | acc=50.98% | bal_acc=25.74% | macro_f1=0.1844 | qwk=0.0318 | mae=0.6406 | weighted_f1=0.3593 | precision_macro=0.2525 | recall_macro=0.2574
 Validation improved. Saved best model (macro_f1=0.1844)

Epoch 02/60 | Time 0m 16s
  Train | loss=0.9495 | top1=53.80% | top2=85.96% | top3=99.00%
  Valid | loss=0.8592 | top1=58.98% | top2=85.74% | top3=99.02% | acc=58.98% | bal_acc=33.68% | macro_f1=0.3254 | qwk=0.3285 | mae=0.4844 | weighted_f1=0.5337 | precision_macro=0.4679 | recall_macro=0.3368
 Validation improved. Saved best model (macro_f1=0.3254)

Epoch 03/60 | Time 0m 16s
  Train | loss=0.8332 | top1=60.70% | top2=88.67% | top3=99.02%
  Valid | loss=0.7856 | top1=65.04% | top2=91.80% | top3=99.02% | acc=65.04% | bal_acc=43.78% | macro_f1=0.4338 | qwk=0.5408 | mae=0.3633 | weighted_f1=0.6393 | precision_macro=0.5547 | recall_macro=0.4378
 Validation improved. Saved best model (macro_f1=0.4338)

Epoch 04/60 | Time 0m 16s
  Train | loss=0.7471 | top1=66.34% | top2=90.73% | top3=99.13%
  Valid | loss=0.6492 | top1=73.05% | top2=92.97% | top3=99.61% | acc=73.05% | bal_acc=49.57% | macro_f1=0.5064 | qwk=0.6397 | mae=0.2871 | weighted_f1=0.7230 | precision_macro=0.6114 | recall_macro=0.4957
 Validation improved. Saved best model (macro_f1=0.5064)

Epoch 05/60 | Time 0m 16s
  Train | loss=0.6003 | top1=74.89% | top2=94.38% | top3=99.46%
  Valid | loss=0.4760 | top1=83.59% | top2=96.68% | top3=100.00% | acc=83.59% | bal_acc=73.33% | macro_f1=0.7867 | qwk=0.7567 | mae=0.1934 | weighted_f1=0.8324 | precision_macro=0.8806 | recall_macro=0.7333
 Validation improved. Saved best model (macro_f1=0.7867)

Epoch 06/60 | Time 0m 16s
  Train | loss=0.4413 | top1=82.60% | top2=97.03% | top3=99.91%
  Valid | loss=0.3389 | top1=88.48% | top2=98.24% | top3=100.00% | acc=88.48% | bal_acc=85.88% | macro_f1=0.8797 | qwk=0.8618 | mae=0.1270 | weighted_f1=0.8861 | precision_macro=0.9109 | recall_macro=0.8588
 Validation improved. Saved best model (macro_f1=0.8797)

Epoch 07/60 | Time 0m 16s
  Train | loss=0.3051 | top1=88.76% | top2=98.37% | top3=99.91%
  Valid | loss=0.2520 | top1=91.41% | top2=98.44% | top3=100.00% | acc=91.41% | bal_acc=91.74% | macro_f1=0.9234 | qwk=0.8753 | mae=0.1035 | weighted_f1=0.9136 | precision_macro=0.9303 | recall_macro=0.9174
 Validation improved. Saved best model (macro_f1=0.9234)

Epoch 08/60 | Time 0m 16s
  Train | loss=0.2012 | top1=93.34% | top2=99.31% | top3=100.00%
  Valid | loss=0.2002 | top1=91.99% | top2=99.02% | top3=100.00% | acc=91.99% | bal_acc=92.42% | macro_f1=0.9329 | qwk=0.8887 | mae=0.0938 | weighted_f1=0.9199 | precision_macro=0.9458 | recall_macro=0.9242
 Validation improved. Saved best model (macro_f1=0.9329)

Epoch 09/60 | Time 0m 16s
  Train | loss=0.1268 | top1=96.09% | top2=99.67% | top3=100.00%
  Valid | loss=0.1696 | top1=94.14% | top2=99.22% | top3=100.00% | acc=94.14% | bal_acc=94.86% | macro_f1=0.9527 | qwk=0.9203 | mae=0.0684 | weighted_f1=0.9415 | precision_macro=0.9586 | recall_macro=0.9486
 Validation improved. Saved best model (macro_f1=0.9527)

Epoch 10/60 | Time 0m 16s
  Train | loss=0.1005 | top1=96.83% | top2=99.76% | top3=99.98%
  Valid | loss=0.1135 | top1=96.29% | top2=99.61% | top3=100.00% | acc=96.29% | bal_acc=96.85% | macro_f1=0.9702 | qwk=0.9569 | mae=0.0410 | weighted_f1=0.9627 | precision_macro=0.9724 | recall_macro=0.9685
 Validation improved. Saved best model (macro_f1=0.9702)

Epoch 11/60 | Time 0m 16s
  Train | loss=0.0910 | top1=96.92% | top2=99.72% | top3=99.98%
  Valid | loss=0.1172 | top1=95.70% | top2=99.61% | top3=100.00% | acc=95.70% | bal_acc=95.73% | macro_f1=0.9653 | qwk=0.9454 | mae=0.0488 | weighted_f1=0.9569 | precision_macro=0.9747 | recall_macro=0.9573
 No improvement. Bad epochs: 1/15

Epoch 12/60 | Time 0m 16s
  Train | loss=0.0670 | top1=98.13% | top2=99.85% | top3=100.00%
  Valid | loss=0.1205 | top1=95.70% | top2=99.22% | top3=100.00% | acc=95.70% | bal_acc=95.69% | macro_f1=0.9630 | qwk=0.9398 | mae=0.0508 | weighted_f1=0.9570 | precision_macro=0.9707 | recall_macro=0.9569
 No improvement. Bad epochs: 2/15

Epoch 13/60 | Time 0m 16s
  Train | loss=0.0677 | top1=97.66% | top2=99.76% | top3=99.98%
  Valid | loss=0.1525 | top1=94.92% | top2=99.41% | top3=100.00% | acc=94.92% | bal_acc=96.92% | macro_f1=0.9549 | qwk=0.9207 | mae=0.0645 | weighted_f1=0.9499 | precision_macro=0.9440 | recall_macro=0.9692
 No improvement. Bad epochs: 3/15

Epoch 14/60 | Time 0m 16s
  Train | loss=0.0607 | top1=98.09% | top2=99.78% | top3=100.00%
  Valid | loss=0.0719 | top1=97.07% | top2=100.00% | top3=100.00% | acc=97.07% | bal_acc=97.45% | macro_f1=0.9763 | qwk=0.9636 | mae=0.0332 | weighted_f1=0.9707 | precision_macro=0.9782 | recall_macro=0.9745
 Validation improved. Saved best model (macro_f1=0.9763)

Epoch 15/60 | Time 0m 16s
  Train | loss=0.0433 | top1=98.65% | top2=99.91% | top3=100.00%
  Valid | loss=0.1210 | top1=95.70% | top2=99.80% | top3=100.00% | acc=95.70% | bal_acc=96.98% | macro_f1=0.9681 | qwk=0.9563 | mae=0.0449 | weighted_f1=0.9573 | precision_macro=0.9677 | recall_macro=0.9698
 No improvement. Bad epochs: 1/15

Epoch 16/60 | Time 0m 16s
  Train | loss=0.0350 | top1=98.91% | top2=99.98% | top3=100.00%
  Valid | loss=0.1128 | top1=95.90% | top2=99.61% | top3=100.00% | acc=95.90% | bal_acc=94.41% | macro_f1=0.9589 | qwk=0.9091 | mae=0.0605 | weighted_f1=0.9582 | precision_macro=0.9787 | recall_macro=0.9441
 No improvement. Bad epochs: 2/15

Epoch 17/60 | Time 0m 16s
  Train | loss=0.0365 | top1=98.74% | top2=99.91% | top3=100.00%
  Valid | loss=0.0588 | top1=97.85% | top2=99.61% | top3=100.00% | acc=97.85% | bal_acc=98.22% | macro_f1=0.9834 | qwk=0.9757 | mae=0.0234 | weighted_f1=0.9785 | precision_macro=0.9846 | recall_macro=0.9822
 Validation improved. Saved best model (macro_f1=0.9834)

Epoch 18/60 | Time 0m 16s
  Train | loss=0.0412 | top1=98.72% | top2=99.89% | top3=99.98%
  Valid | loss=0.1173 | top1=96.09% | top2=99.61% | top3=99.80% | acc=96.09% | bal_acc=94.76% | macro_f1=0.9617 | qwk=0.9111 | mae=0.0586 | weighted_f1=0.9603 | precision_macro=0.9801 | recall_macro=0.9476
 No improvement. Bad epochs: 1/15

Epoch 19/60 | Time 0m 16s
  Train | loss=0.0320 | top1=98.94% | top2=99.89% | top3=100.00%
  Valid | loss=0.0829 | top1=97.46% | top2=99.41% | top3=100.00% | acc=97.46% | bal_acc=97.65% | macro_f1=0.9786 | qwk=0.9671 | mae=0.0293 | weighted_f1=0.9745 | precision_macro=0.9810 | recall_macro=0.9765
 No improvement. Bad epochs: 2/15

Epoch 20/60 | Time 0m 16s
  Train | loss=0.0270 | top1=99.13% | top2=99.93% | top3=99.98%
  Valid | loss=0.0752 | top1=98.05% | top2=99.41% | top3=100.00% | acc=98.05% | bal_acc=98.40% | macro_f1=0.9826 | qwk=0.9672 | mae=0.0254 | weighted_f1=0.9805 | precision_macro=0.9812 | recall_macro=0.9840
 No improvement. Bad epochs: 3/15

Epoch 21/60 | Time 0m 16s
  Train | loss=0.0244 | top1=99.09% | top2=100.00% | top3=100.00%
  Valid | loss=0.0896 | top1=97.27% | top2=99.61% | top3=100.00% | acc=97.27% | bal_acc=97.80% | macro_f1=0.9799 | qwk=0.9702 | mae=0.0293 | weighted_f1=0.9728 | precision_macro=0.9824 | recall_macro=0.9780
 No improvement. Bad epochs: 4/15

Epoch 22/60 | Time 0m 16s
  Train | loss=0.0298 | top1=99.13% | top2=99.96% | top3=100.00%
  Valid | loss=0.0661 | top1=98.44% | top2=99.61% | top3=100.00% | acc=98.44% | bal_acc=98.64% | macro_f1=0.9884 | qwk=0.9756 | mae=0.0195 | weighted_f1=0.9844 | precision_macro=0.9906 | recall_macro=0.9864
 Validation improved. Saved best model (macro_f1=0.9884)

Epoch 23/60 | Time 0m 16s
  Train | loss=0.0174 | top1=99.52% | top2=99.98% | top3=100.00%
  Valid | loss=0.0923 | top1=97.46% | top2=99.61% | top3=100.00% | acc=97.46% | bal_acc=98.15% | macro_f1=0.9825 | qwk=0.9668 | mae=0.0293 | weighted_f1=0.9747 | precision_macro=0.9839 | recall_macro=0.9815
 No improvement. Bad epochs: 1/15

Epoch 24/60 | Time 0m 16s
  Train | loss=0.0160 | top1=99.59% | top2=100.00% | top3=100.00%
  Valid | loss=0.0765 | top1=98.44% | top2=99.61% | top3=100.00% | acc=98.44% | bal_acc=98.30% | macro_f1=0.9873 | qwk=0.9704 | mae=0.0215 | weighted_f1=0.9844 | precision_macro=0.9919 | recall_macro=0.9830
 No improvement. Bad epochs: 2/15

Epoch 25/60 | Time 0m 16s
  Train | loss=0.0249 | top1=99.20% | top2=99.98% | top3=100.00%
  Valid | loss=0.1056 | top1=97.46% | top2=99.41% | top3=100.00% | acc=97.46% | bal_acc=97.15% | macro_f1=0.9789 | qwk=0.9564 | mae=0.0332 | weighted_f1=0.9745 | precision_macro=0.9874 | recall_macro=0.9715
 No improvement. Bad epochs: 3/15

Epoch 26/60 | Time 0m 16s
  Train | loss=0.0183 | top1=99.52% | top2=99.98% | top3=100.00%
  Valid | loss=0.0721 | top1=97.85% | top2=99.41% | top3=99.80% | acc=97.85% | bal_acc=98.30% | macro_f1=0.9836 | qwk=0.9705 | mae=0.0254 | weighted_f1=0.9785 | precision_macro=0.9843 | recall_macro=0.9830
 No improvement. Bad epochs: 4/15

Epoch 27/60 | Time 0m 16s
  Train | loss=0.0136 | top1=99.54% | top2=99.98% | top3=100.00%
  Valid | loss=0.0577 | top1=98.24% | top2=99.41% | top3=100.00% | acc=98.24% | bal_acc=98.25% | macro_f1=0.9859 | qwk=0.9738 | mae=0.0215 | weighted_f1=0.9824 | precision_macro=0.9896 | recall_macro=0.9825
 No improvement. Bad epochs: 5/15

Epoch 28/60 | Time 0m 16s
  Train | loss=0.0117 | top1=99.63% | top2=99.98% | top3=100.00%
  Valid | loss=0.0790 | top1=97.46% | top2=99.80% | top3=100.00% | acc=97.46% | bal_acc=98.02% | macro_f1=0.9790 | qwk=0.9620 | mae=0.0312 | weighted_f1=0.9746 | precision_macro=0.9778 | recall_macro=0.9802
 No improvement. Bad epochs: 6/15

Epoch 29/60 | Time 0m 16s
  Train | loss=0.0116 | top1=99.70% | top2=99.96% | top3=100.00%
  Valid | loss=0.0698 | top1=98.05% | top2=99.41% | top3=100.00% | acc=98.05% | bal_acc=98.19% | macro_f1=0.9847 | qwk=0.9724 | mae=0.0234 | weighted_f1=0.9804 | precision_macro=0.9880 | recall_macro=0.9819
 No improvement. Bad epochs: 7/15

Epoch 30/60 | Time 0m 16s
  Train | loss=0.0157 | top1=99.59% | top2=99.98% | top3=100.00%
  Valid | loss=0.0830 | top1=97.46% | top2=99.61% | top3=100.00% | acc=97.46% | bal_acc=97.90% | macro_f1=0.9790 | qwk=0.9621 | mae=0.0312 | weighted_f1=0.9746 | precision_macro=0.9792 | recall_macro=0.9790
 No improvement. Bad epochs: 8/15

Epoch 31/60 | Time 0m 16s
  Train | loss=0.0169 | top1=99.57% | top2=99.93% | top3=100.00%
  Valid | loss=0.1011 | top1=97.07% | top2=99.41% | top3=99.80% | acc=97.07% | bal_acc=97.45% | macro_f1=0.9767 | qwk=0.9533 | mae=0.0371 | weighted_f1=0.9707 | precision_macro=0.9791 | recall_macro=0.9745
 No improvement. Bad epochs: 9/15

Epoch 32/60 | Time 0m 16s
  Train | loss=0.0160 | top1=99.54% | top2=99.93% | top3=100.00%
  Valid | loss=0.0664 | top1=98.24% | top2=99.22% | top3=100.00% | acc=98.24% | bal_acc=98.41% | macro_f1=0.9859 | qwk=0.9740 | mae=0.0215 | weighted_f1=0.9824 | precision_macro=0.9879 | recall_macro=0.9841
 No improvement. Bad epochs: 10/15

Epoch 33/60 | Time 0m 16s
  Train | loss=0.0102 | top1=99.65% | top2=100.00% | top3=100.00%
  Valid | loss=0.0628 | top1=98.24% | top2=99.41% | top3=100.00% | acc=98.24% | bal_acc=98.41% | macro_f1=0.9859 | qwk=0.9740 | mae=0.0215 | weighted_f1=0.9824 | precision_macro=0.9879 | recall_macro=0.9841
 No improvement. Bad epochs: 11/15

Epoch 34/60 | Time 0m 16s
  Train | loss=0.0076 | top1=99.89% | top2=99.98% | top3=100.00%
  Valid | loss=0.0670 | top1=97.85% | top2=100.00% | top3=100.00% | acc=97.85% | bal_acc=98.13% | macro_f1=0.9823 | qwk=0.9707 | mae=0.0254 | weighted_f1=0.9785 | precision_macro=0.9835 | recall_macro=0.9813
 No improvement. Bad epochs: 12/15

Epoch 35/60 | Time 0m 16s
  Train | loss=0.0156 | top1=99.46% | top2=100.00% | top3=100.00%
  Valid | loss=0.0607 | top1=97.85% | top2=99.61% | top3=100.00% | acc=97.85% | bal_acc=98.42% | macro_f1=0.9836 | qwk=0.9707 | mae=0.0254 | weighted_f1=0.9785 | precision_macro=0.9831 | recall_macro=0.9842
 No improvement. Bad epochs: 13/15

Epoch 36/60 | Time 0m 16s
  Train | loss=0.0123 | top1=99.57% | top2=99.98% | top3=100.00%
  Valid | loss=0.0515 | top1=98.24% | top2=99.80% | top3=100.00% | acc=98.24% | bal_acc=98.79% | macro_f1=0.9849 | qwk=0.9741 | mae=0.0215 | weighted_f1=0.9825 | precision_macro=0.9820 | recall_macro=0.9879
 No improvement. Bad epochs: 14/15

Epoch 37/60 | Time 0m 16s
  Train | loss=0.0056 | top1=99.91% | top2=100.00% | top3=100.00%
  Valid | loss=0.0667 | top1=98.05% | top2=99.22% | top3=100.00% | acc=98.05% | bal_acc=98.36% | macro_f1=0.9848 | qwk=0.9722 | mae=0.0234 | weighted_f1=0.9805 | precision_macro=0.9860 | recall_macro=0.9836
 No improvement. Bad epochs: 15/15
 Early stopping triggered at epoch 37.

Loading best model (epoch=22, macro_f1=0.9884)

Test | loss=0.0432 | top1=98.83% | top2=100.00% | top3=100.00% | acc=98.83% | bal_acc=99.03% | macro_f1=0.9910 | qwk=0.9854 | mae=0.0133 | weighted_f1=0.9883 | precision_macro=0.9918 | recall_macro=0.9903
     ovr_roc_auc_macro=0.9994 | ovr_pr_auc_macro=0.9991
Checkpoint: /root/autodl-tmp/MedVisionLab/Alzheimer_MRI_Loss/checkpoints/best_convnext_t_none_ce_convnext_t_all_5seed_adni_baseline_ce_seed6.pt
