COMMAND: /root/miniconda3/envs/medvision/bin/python -u /root/autodl-tmp/MedVisionLab/tools/train_convnext_t_experiment.py --dataset adni --data-root /root/autodl-tmp/Augmented_Alzheimer_MRI/OriginalDataset --attention mesc --loss ce --seed 4 --epochs 60 --patience 15 --batch-size 32 --image-size 224 --num-workers 2 --early-delta 0.0001 --base-lr 0.0001 --koa-backbone-lr 0.0001 --koa-head-lr 0.001 --weight-decay 0.0001 --dast-tau 1.0 --dast-gamma 1.5 --sord-tau 1.0 --label-smoothing 0.1 --run-tag convnext_t_all_5seed_adni_mesc_ce_seed4
==========================================================================================
Starting ConvNeXt-T experiment on ADNI...
Using device: cuda
CUDA device: NVIDIA GeForce RTX 4090
Config | seed=4, attention=mesc, loss=ce, epochs=60, patience=15, batch_size=32, image_size=224, pretrained=True
Backbone: ConvNeXt-T | stage3=features[5] | stage3_channels=384
Data root: /root/autodl-tmp/Augmented_Alzheimer_MRI/OriginalDataset
Class order: ['NonDemented', 'VeryMildDemented', 'MildDemented', 'ModerateDemented']
Split sizes | train=4608, valid=512, test=1280
Train class counts: [2304, 1613, 645, 46]
Optimizer: matched progressive Adam | stem=1e-05, stage1=1.25e-05, downsample1=1.6666667e-05, stage2=1.6666667e-05, downsample2=2.5e-05, stage3=2.5e-05, attention=3.3333333e-05, downsample3=5e-05, stage4=5e-05, norm=0.0001, head=0.0001
Trainable parameters: 28,383,184

Epoch 01/60 | Time 0m 17s
  Train | loss=1.1730 | top1=48.76% | top2=77.54% | top3=91.91%
  Valid | loss=1.0503 | top1=50.00% | top2=84.96% | top3=99.02% | acc=50.00% | bal_acc=25.00% | macro_f1=0.1667 | qwk=0.0000 | mae=0.6602 | weighted_f1=0.3333 | precision_macro=0.1250 | recall_macro=0.2500
 Validation improved. Saved best model (macro_f1=0.1667)

Epoch 02/60 | Time 0m 16s
  Train | loss=1.0397 | top1=50.00% | top2=85.00% | top3=99.00%
  Valid | loss=1.0376 | top1=50.00% | top2=84.96% | top3=99.02% | acc=50.00% | bal_acc=25.00% | macro_f1=0.1667 | qwk=0.0000 | mae=0.6602 | weighted_f1=0.3333 | precision_macro=0.1250 | recall_macro=0.2500
 No improvement. Bad epochs: 1/15

Epoch 03/60 | Time 0m 16s
  Train | loss=0.9713 | top1=53.39% | top2=85.57% | top3=99.00%
  Valid | loss=0.8453 | top1=59.57% | top2=87.11% | top3=99.02% | acc=59.57% | bal_acc=35.75% | macro_f1=0.3230 | qwk=0.4339 | mae=0.4219 | weighted_f1=0.5582 | precision_macro=0.3150 | recall_macro=0.3575
 Validation improved. Saved best model (macro_f1=0.3230)

Epoch 04/60 | Time 0m 16s
  Train | loss=0.8475 | top1=59.18% | top2=87.87% | top3=99.00%
  Valid | loss=0.7943 | top1=61.13% | top2=90.23% | top3=99.02% | acc=61.13% | bal_acc=34.76% | macro_f1=0.3231 | qwk=0.4264 | mae=0.4277 | weighted_f1=0.5603 | precision_macro=0.5431 | recall_macro=0.3476
 Validation improved. Saved best model (macro_f1=0.3231)

Epoch 05/60 | Time 0m 16s
  Train | loss=0.7899 | top1=62.39% | top2=89.97% | top3=99.00%
  Valid | loss=0.6925 | top1=68.55% | top2=92.38% | top3=99.02% | acc=68.55% | bal_acc=45.74% | macro_f1=0.4665 | qwk=0.6011 | mae=0.3281 | weighted_f1=0.6779 | precision_macro=0.5674 | recall_macro=0.4574
 Validation improved. Saved best model (macro_f1=0.4665)

Epoch 06/60 | Time 0m 16s
  Train | loss=0.7052 | top1=68.60% | top2=91.49% | top3=99.24%
  Valid | loss=0.6904 | top1=68.95% | top2=90.23% | top3=99.80% | acc=68.95% | bal_acc=51.63% | macro_f1=0.4962 | qwk=0.6320 | mae=0.3398 | weighted_f1=0.6963 | precision_macro=0.5081 | recall_macro=0.5163
 Validation improved. Saved best model (macro_f1=0.4962)

Epoch 07/60 | Time 0m 16s
  Train | loss=0.5982 | top1=74.41% | top2=94.42% | top3=99.48%
  Valid | loss=0.5384 | top1=77.93% | top2=95.90% | top3=99.61% | acc=77.93% | bal_acc=55.13% | macro_f1=0.5590 | qwk=0.7414 | mae=0.2324 | weighted_f1=0.7754 | precision_macro=0.5841 | recall_macro=0.5513
 Validation improved. Saved best model (macro_f1=0.5590)

Epoch 08/60 | Time 0m 16s
  Train | loss=0.4919 | top1=79.77% | top2=96.29% | top3=99.67%
  Valid | loss=0.6201 | top1=69.73% | top2=95.31% | top3=99.80% | acc=69.73% | bal_acc=55.66% | macro_f1=0.5016 | qwk=0.6722 | mae=0.3496 | weighted_f1=0.7098 | precision_macro=0.5083 | recall_macro=0.5566
 No improvement. Bad epochs: 1/15

Epoch 09/60 | Time 0m 16s
  Train | loss=0.3888 | top1=84.20% | top2=97.48% | top3=99.91%
  Valid | loss=0.4093 | top1=84.38% | top2=96.88% | top3=99.61% | acc=84.38% | bal_acc=68.32% | macro_f1=0.7460 | qwk=0.7986 | mae=0.1719 | weighted_f1=0.8385 | precision_macro=0.9004 | recall_macro=0.6832
 Validation improved. Saved best model (macro_f1=0.7460)

Epoch 10/60 | Time 0m 16s
  Train | loss=0.2834 | top1=88.95% | top2=98.52% | top3=99.98%
  Valid | loss=0.2794 | top1=87.89% | top2=98.83% | top3=99.80% | acc=87.89% | bal_acc=78.56% | macro_f1=0.8129 | qwk=0.8760 | mae=0.1250 | weighted_f1=0.8784 | precision_macro=0.8501 | recall_macro=0.7856
 Validation improved. Saved best model (macro_f1=0.8129)

Epoch 11/60 | Time 0m 16s
  Train | loss=0.2229 | top1=91.93% | top2=99.31% | top3=99.96%
  Valid | loss=0.2352 | top1=91.21% | top2=99.22% | top3=100.00% | acc=91.21% | bal_acc=87.16% | macro_f1=0.8746 | qwk=0.8966 | mae=0.0977 | weighted_f1=0.9114 | precision_macro=0.8784 | recall_macro=0.8716
 Validation improved. Saved best model (macro_f1=0.8746)

Epoch 12/60 | Time 0m 16s
  Train | loss=0.1821 | top1=93.23% | top2=99.20% | top3=100.00%
  Valid | loss=0.3603 | top1=86.13% | top2=98.63% | top3=100.00% | acc=86.13% | bal_acc=86.53% | macro_f1=0.8515 | qwk=0.8215 | mae=0.1660 | weighted_f1=0.8668 | precision_macro=0.8661 | recall_macro=0.8653
 No improvement. Bad epochs: 1/15

Epoch 13/60 | Time 0m 16s
  Train | loss=0.1531 | top1=94.47% | top2=99.48% | top3=99.93%
  Valid | loss=0.2007 | top1=92.38% | top2=99.22% | top3=100.00% | acc=92.38% | bal_acc=92.86% | macro_f1=0.9360 | qwk=0.9193 | mae=0.0801 | weighted_f1=0.9242 | precision_macro=0.9475 | recall_macro=0.9286
 Validation improved. Saved best model (macro_f1=0.9360)

Epoch 14/60 | Time 0m 16s
  Train | loss=0.1239 | top1=95.72% | top2=99.39% | top3=99.98%
  Valid | loss=0.1252 | top1=95.70% | top2=99.41% | top3=100.00% | acc=95.70% | bal_acc=95.35% | macro_f1=0.9624 | qwk=0.9503 | mae=0.0469 | weighted_f1=0.9569 | precision_macro=0.9735 | recall_macro=0.9535
 Validation improved. Saved best model (macro_f1=0.9624)

Epoch 15/60 | Time 0m 16s
  Train | loss=0.1063 | top1=96.01% | top2=99.78% | top3=100.00%
  Valid | loss=0.1425 | top1=94.92% | top2=98.63% | top3=100.00% | acc=94.92% | bal_acc=95.96% | macro_f1=0.9588 | qwk=0.9345 | mae=0.0586 | weighted_f1=0.9492 | precision_macro=0.9581 | recall_macro=0.9596
 No improvement. Bad epochs: 1/15

Epoch 16/60 | Time 0m 16s
  Train | loss=0.0883 | top1=96.88% | top2=99.70% | top3=99.98%
  Valid | loss=0.1976 | top1=92.77% | top2=99.02% | top3=100.00% | acc=92.77% | bal_acc=95.21% | macro_f1=0.9375 | qwk=0.9235 | mae=0.0781 | weighted_f1=0.9281 | precision_macro=0.9273 | recall_macro=0.9521
 No improvement. Bad epochs: 2/15

Epoch 17/60 | Time 0m 16s
  Train | loss=0.0758 | top1=97.29% | top2=99.83% | top3=100.00%
  Valid | loss=0.1251 | top1=96.09% | top2=99.22% | top3=100.00% | acc=96.09% | bal_acc=96.67% | macro_f1=0.9692 | qwk=0.9543 | mae=0.0430 | weighted_f1=0.9611 | precision_macro=0.9727 | recall_macro=0.9667
 Validation improved. Saved best model (macro_f1=0.9692)

Epoch 18/60 | Time 0m 16s
  Train | loss=0.0607 | top1=97.76% | top2=99.89% | top3=100.00%
  Valid | loss=0.2160 | top1=92.77% | top2=99.80% | top3=100.00% | acc=92.77% | bal_acc=94.59% | macro_f1=0.9305 | qwk=0.8990 | mae=0.0879 | weighted_f1=0.9293 | precision_macro=0.9203 | recall_macro=0.9459
 No improvement. Bad epochs: 1/15

Epoch 19/60 | Time 0m 16s
  Train | loss=0.0722 | top1=97.61% | top2=99.83% | top3=99.98%
  Valid | loss=0.1725 | top1=93.36% | top2=99.02% | top3=100.00% | acc=93.36% | bal_acc=95.42% | macro_f1=0.9388 | qwk=0.9136 | mae=0.0781 | weighted_f1=0.9346 | precision_macro=0.9282 | recall_macro=0.9542
 No improvement. Bad epochs: 2/15

Epoch 20/60 | Time 0m 16s
  Train | loss=0.0530 | top1=98.31% | top2=99.89% | top3=99.98%
  Valid | loss=0.1443 | top1=96.09% | top2=99.02% | top3=100.00% | acc=96.09% | bal_acc=97.04% | macro_f1=0.9660 | qwk=0.9506 | mae=0.0449 | weighted_f1=0.9610 | precision_macro=0.9623 | recall_macro=0.9704
 No improvement. Bad epochs: 3/15

Epoch 21/60 | Time 0m 16s
  Train | loss=0.0510 | top1=97.98% | top2=99.91% | top3=100.00%
  Valid | loss=0.1219 | top1=95.70% | top2=99.41% | top3=100.00% | acc=95.70% | bal_acc=97.06% | macro_f1=0.9631 | qwk=0.9367 | mae=0.0527 | weighted_f1=0.9573 | precision_macro=0.9566 | recall_macro=0.9706
 No improvement. Bad epochs: 4/15

Epoch 22/60 | Time 0m 16s
  Train | loss=0.0686 | top1=97.63% | top2=99.61% | top3=99.96%
  Valid | loss=0.2486 | top1=92.97% | top2=98.63% | top3=99.80% | acc=92.97% | bal_acc=95.69% | macro_f1=0.9491 | qwk=0.9107 | mae=0.0801 | weighted_f1=0.9300 | precision_macro=0.9459 | recall_macro=0.9569
 No improvement. Bad epochs: 5/15

Epoch 23/60 | Time 0m 16s
  Train | loss=0.0411 | top1=98.52% | top2=99.87% | top3=100.00%
  Valid | loss=0.1254 | top1=96.48% | top2=100.00% | top3=100.00% | acc=96.48% | bal_acc=96.78% | macro_f1=0.9698 | qwk=0.9373 | mae=0.0469 | weighted_f1=0.9648 | precision_macro=0.9718 | recall_macro=0.9678
 Validation improved. Saved best model (macro_f1=0.9698)

Epoch 24/60 | Time 0m 16s
  Train | loss=0.0590 | top1=97.79% | top2=99.78% | top3=100.00%
  Valid | loss=0.1559 | top1=95.31% | top2=99.22% | top3=100.00% | acc=95.31% | bal_acc=95.91% | macro_f1=0.8674 | qwk=0.9209 | mae=0.0625 | weighted_f1=0.9552 | precision_macro=0.8271 | recall_macro=0.9591
 No improvement. Bad epochs: 1/15

Epoch 25/60 | Time 0m 16s
  Train | loss=0.0359 | top1=98.85% | top2=99.91% | top3=100.00%
  Valid | loss=0.1146 | top1=96.88% | top2=99.80% | top3=100.00% | acc=96.88% | bal_acc=97.27% | macro_f1=0.9715 | qwk=0.9622 | mae=0.0352 | weighted_f1=0.9687 | precision_macro=0.9706 | recall_macro=0.9727
 Validation improved. Saved best model (macro_f1=0.9715)

Epoch 26/60 | Time 0m 16s
  Train | loss=0.0366 | top1=98.65% | top2=99.96% | top3=100.00%
  Valid | loss=0.1182 | top1=97.27% | top2=99.61% | top3=100.00% | acc=97.27% | bal_acc=97.80% | macro_f1=0.9757 | qwk=0.9555 | mae=0.0352 | weighted_f1=0.9727 | precision_macro=0.9737 | recall_macro=0.9780
 Validation improved. Saved best model (macro_f1=0.9757)

Epoch 27/60 | Time 0m 16s
  Train | loss=0.0420 | top1=98.57% | top2=99.91% | top3=100.00%
  Valid | loss=0.1072 | top1=97.27% | top2=99.61% | top3=100.00% | acc=97.27% | bal_acc=97.97% | macro_f1=0.9735 | qwk=0.9555 | mae=0.0352 | weighted_f1=0.9729 | precision_macro=0.9680 | recall_macro=0.9797
 No improvement. Bad epochs: 1/15

Epoch 28/60 | Time 0m 16s
  Train | loss=0.0406 | top1=98.48% | top2=99.87% | top3=99.98%
  Valid | loss=0.1075 | top1=96.88% | top2=99.41% | top3=100.00% | acc=96.88% | bal_acc=97.48% | macro_f1=0.9700 | qwk=0.9468 | mae=0.0410 | weighted_f1=0.9689 | precision_macro=0.9657 | recall_macro=0.9748
 No improvement. Bad epochs: 2/15

Epoch 29/60 | Time 0m 16s
  Train | loss=0.0245 | top1=99.28% | top2=99.91% | top3=100.00%
  Valid | loss=0.1165 | top1=96.29% | top2=99.61% | top3=100.00% | acc=96.29% | bal_acc=97.56% | macro_f1=0.9666 | qwk=0.9474 | mae=0.0449 | weighted_f1=0.9632 | precision_macro=0.9590 | recall_macro=0.9756
 No improvement. Bad epochs: 3/15

Epoch 30/60 | Time 0m 16s
  Train | loss=0.0286 | top1=99.07% | top2=99.96% | top3=100.00%
  Valid | loss=0.0968 | top1=97.07% | top2=100.00% | top3=100.00% | acc=97.07% | bal_acc=97.74% | macro_f1=0.9723 | qwk=0.9539 | mae=0.0371 | weighted_f1=0.9709 | precision_macro=0.9677 | recall_macro=0.9774
 No improvement. Bad epochs: 4/15

Epoch 31/60 | Time 0m 16s
  Train | loss=0.0256 | top1=99.09% | top2=99.89% | top3=99.98%
  Valid | loss=0.0986 | top1=97.46% | top2=100.00% | top3=100.00% | acc=97.46% | bal_acc=98.06% | macro_f1=0.9758 | qwk=0.9571 | mae=0.0332 | weighted_f1=0.9748 | precision_macro=0.9713 | recall_macro=0.9806
 Validation improved. Saved best model (macro_f1=0.9758)

Epoch 32/60 | Time 0m 17s
  Train | loss=0.0234 | top1=99.13% | top2=99.93% | top3=100.00%
  Valid | loss=0.0870 | top1=98.24% | top2=99.61% | top3=100.00% | acc=98.24% | bal_acc=98.25% | macro_f1=0.9857 | qwk=0.9791 | mae=0.0195 | weighted_f1=0.9824 | precision_macro=0.9892 | recall_macro=0.9825
 Validation improved. Saved best model (macro_f1=0.9857)

Epoch 33/60 | Time 0m 16s
  Train | loss=0.0228 | top1=99.22% | top2=99.96% | top3=100.00%
  Valid | loss=0.1221 | top1=96.68% | top2=99.61% | top3=100.00% | acc=96.68% | bal_acc=96.26% | macro_f1=0.9696 | qwk=0.9645 | mae=0.0352 | weighted_f1=0.9668 | precision_macro=0.9787 | recall_macro=0.9626
 No improvement. Bad epochs: 1/15

Epoch 34/60 | Time 0m 16s
  Train | loss=0.0272 | top1=99.05% | top2=99.96% | top3=100.00%
  Valid | loss=0.0746 | top1=98.05% | top2=99.80% | top3=100.00% | acc=98.05% | bal_acc=97.90% | macro_f1=0.9820 | qwk=0.9773 | mae=0.0215 | weighted_f1=0.9804 | precision_macro=0.9852 | recall_macro=0.9790
 No improvement. Bad epochs: 2/15

Epoch 35/60 | Time 0m 16s
  Train | loss=0.0292 | top1=99.18% | top2=99.91% | top3=100.00%
  Valid | loss=0.0677 | top1=97.85% | top2=99.61% | top3=100.00% | acc=97.85% | bal_acc=98.05% | macro_f1=0.9791 | qwk=0.9603 | mae=0.0293 | weighted_f1=0.9786 | precision_macro=0.9778 | recall_macro=0.9805
 No improvement. Bad epochs: 3/15

Epoch 36/60 | Time 0m 16s
  Train | loss=0.0273 | top1=99.11% | top2=99.93% | top3=100.00%
  Valid | loss=0.0948 | top1=97.66% | top2=99.61% | top3=100.00% | acc=97.66% | bal_acc=97.70% | macro_f1=0.9809 | qwk=0.9737 | mae=0.0254 | weighted_f1=0.9766 | precision_macro=0.9852 | recall_macro=0.9770
 No improvement. Bad epochs: 4/15

Epoch 37/60 | Time 0m 16s
  Train | loss=0.0228 | top1=99.24% | top2=99.91% | top3=100.00%
  Valid | loss=0.0925 | top1=97.07% | top2=99.80% | top3=100.00% | acc=97.07% | bal_acc=97.53% | macro_f1=0.9732 | qwk=0.9535 | mae=0.0371 | weighted_f1=0.9708 | precision_macro=0.9712 | recall_macro=0.9753
 No improvement. Bad epochs: 5/15

Epoch 38/60 | Time 0m 16s
  Train | loss=0.0184 | top1=99.26% | top2=99.98% | top3=100.00%
  Valid | loss=0.0785 | top1=98.05% | top2=99.41% | top3=100.00% | acc=98.05% | bal_acc=98.19% | macro_f1=0.9825 | qwk=0.9670 | mae=0.0254 | weighted_f1=0.9805 | precision_macro=0.9831 | recall_macro=0.9819
 No improvement. Bad epochs: 6/15

Epoch 39/60 | Time 0m 16s
  Train | loss=0.0158 | top1=99.48% | top2=100.00% | top3=100.00%
  Valid | loss=0.0911 | top1=98.05% | top2=99.80% | top3=100.00% | acc=98.05% | bal_acc=98.44% | macro_f1=0.9826 | qwk=0.9671 | mae=0.0254 | weighted_f1=0.9805 | precision_macro=0.9809 | recall_macro=0.9844
 No improvement. Bad epochs: 7/15

Epoch 40/60 | Time 0m 16s
  Train | loss=0.0131 | top1=99.63% | top2=99.98% | top3=100.00%
  Valid | loss=0.0731 | top1=98.24% | top2=99.80% | top3=100.00% | acc=98.24% | bal_acc=98.25% | macro_f1=0.9857 | qwk=0.9791 | mae=0.0195 | weighted_f1=0.9824 | precision_macro=0.9892 | recall_macro=0.9825
 No improvement. Bad epochs: 8/15

Epoch 41/60 | Time 0m 16s
  Train | loss=0.0112 | top1=99.59% | top2=99.98% | top3=100.00%
  Valid | loss=0.0779 | top1=98.44% | top2=100.00% | top3=100.00% | acc=98.44% | bal_acc=98.39% | macro_f1=0.9869 | qwk=0.9808 | mae=0.0176 | weighted_f1=0.9844 | precision_macro=0.9902 | recall_macro=0.9839
 Validation improved. Saved best model (macro_f1=0.9869)

Epoch 42/60 | Time 0m 16s
  Train | loss=0.0161 | top1=99.50% | top2=99.93% | top3=99.98%
  Valid | loss=0.0755 | top1=98.24% | top2=100.00% | top3=100.00% | acc=98.24% | bal_acc=98.45% | macro_f1=0.9858 | qwk=0.9792 | mae=0.0195 | weighted_f1=0.9824 | precision_macro=0.9870 | recall_macro=0.9845
 No improvement. Bad epochs: 1/15

Epoch 43/60 | Time 0m 16s
  Train | loss=0.0130 | top1=99.57% | top2=99.98% | top3=100.00%
  Valid | loss=0.0778 | top1=98.05% | top2=100.00% | top3=100.00% | acc=98.05% | bal_acc=98.40% | macro_f1=0.9832 | qwk=0.9827 | mae=0.0195 | weighted_f1=0.9805 | precision_macro=0.9825 | recall_macro=0.9840
 No improvement. Bad epochs: 2/15

Epoch 44/60 | Time 0m 16s
  Train | loss=0.0112 | top1=99.65% | top2=100.00% | top3=100.00%
  Valid | loss=0.0856 | top1=98.24% | top2=100.00% | top3=100.00% | acc=98.24% | bal_acc=98.25% | macro_f1=0.9857 | qwk=0.9791 | mae=0.0195 | weighted_f1=0.9824 | precision_macro=0.9892 | recall_macro=0.9825
 No improvement. Bad epochs: 3/15

Epoch 45/60 | Time 0m 16s
  Train | loss=0.0098 | top1=99.74% | top2=99.98% | top3=100.00%
  Valid | loss=0.0811 | top1=98.44% | top2=100.00% | top3=100.00% | acc=98.44% | bal_acc=98.39% | macro_f1=0.9869 | qwk=0.9808 | mae=0.0176 | weighted_f1=0.9844 | precision_macro=0.9902 | recall_macro=0.9839
 No improvement. Bad epochs: 4/15

Epoch 46/60 | Time 0m 16s
  Train | loss=0.0080 | top1=99.83% | top2=100.00% | top3=100.00%
  Valid | loss=0.0916 | top1=98.44% | top2=100.00% | top3=100.00% | acc=98.44% | bal_acc=98.39% | macro_f1=0.9869 | qwk=0.9808 | mae=0.0176 | weighted_f1=0.9844 | precision_macro=0.9902 | recall_macro=0.9839
 No improvement. Bad epochs: 5/15

Epoch 47/60 | Time 0m 16s
  Train | loss=0.0131 | top1=99.59% | top2=100.00% | top3=100.00%
  Valid | loss=0.0855 | top1=98.63% | top2=100.00% | top3=100.00% | acc=98.63% | bal_acc=98.53% | macro_f1=0.9881 | qwk=0.9825 | mae=0.0156 | weighted_f1=0.9863 | precision_macro=0.9912 | recall_macro=0.9853
 Validation improved. Saved best model (macro_f1=0.9881)

Epoch 48/60 | Time 0m 16s
  Train | loss=0.0107 | top1=99.54% | top2=99.98% | top3=100.00%
  Valid | loss=0.0854 | top1=97.85% | top2=99.80% | top3=100.00% | acc=97.85% | bal_acc=98.09% | macro_f1=0.9813 | qwk=0.9652 | mae=0.0273 | weighted_f1=0.9785 | precision_macro=0.9818 | recall_macro=0.9809
 No improvement. Bad epochs: 1/15

Epoch 49/60 | Time 0m 16s
  Train | loss=0.0139 | top1=99.65% | top2=99.91% | top3=99.98%
  Valid | loss=0.0782 | top1=98.24% | top2=100.00% | top3=100.00% | acc=98.24% | bal_acc=98.29% | macro_f1=0.9847 | qwk=0.9739 | mae=0.0215 | weighted_f1=0.9824 | precision_macro=0.9866 | recall_macro=0.9829
 No improvement. Bad epochs: 2/15

Epoch 50/60 | Time 0m 16s
  Train | loss=0.0081 | top1=99.74% | top2=100.00% | top3=100.00%
  Valid | loss=0.0896 | top1=98.05% | top2=100.00% | top3=100.00% | acc=98.05% | bal_acc=98.23% | macro_f1=0.9825 | qwk=0.9669 | mae=0.0254 | weighted_f1=0.9805 | precision_macro=0.9828 | recall_macro=0.9823
 No improvement. Bad epochs: 3/15

Epoch 51/60 | Time 0m 16s
  Train | loss=0.0095 | top1=99.65% | top2=99.98% | top3=100.00%
  Valid | loss=0.0843 | top1=98.44% | top2=100.00% | top3=100.00% | acc=98.44% | bal_acc=98.43% | macro_f1=0.9859 | qwk=0.9756 | mae=0.0195 | weighted_f1=0.9844 | precision_macro=0.9876 | recall_macro=0.9843
 No improvement. Bad epochs: 4/15

Epoch 52/60 | Time 0m 16s
  Train | loss=0.0079 | top1=99.72% | top2=100.00% | top3=100.00%
  Valid | loss=0.0838 | top1=97.66% | top2=100.00% | top3=100.00% | acc=97.66% | bal_acc=98.24% | macro_f1=0.9802 | qwk=0.9636 | mae=0.0293 | weighted_f1=0.9766 | precision_macro=0.9782 | recall_macro=0.9824
 No improvement. Bad epochs: 5/15

Epoch 53/60 | Time 0m 16s
  Train | loss=0.0062 | top1=99.83% | top2=99.98% | top3=100.00%
  Valid | loss=0.0798 | top1=98.44% | top2=100.00% | top3=100.00% | acc=98.44% | bal_acc=98.43% | macro_f1=0.9859 | qwk=0.9756 | mae=0.0195 | weighted_f1=0.9844 | precision_macro=0.9876 | recall_macro=0.9843
 No improvement. Bad epochs: 6/15

Epoch 54/60 | Time 0m 16s
  Train | loss=0.0083 | top1=99.80% | top2=99.98% | top3=100.00%
  Valid | loss=0.0739 | top1=98.24% | top2=100.00% | top3=100.00% | acc=98.24% | bal_acc=98.29% | macro_f1=0.9847 | qwk=0.9739 | mae=0.0215 | weighted_f1=0.9824 | precision_macro=0.9866 | recall_macro=0.9829
 No improvement. Bad epochs: 7/15

Epoch 55/60 | Time 0m 16s
  Train | loss=0.0084 | top1=99.63% | top2=99.98% | top3=99.98%
  Valid | loss=0.0783 | top1=98.24% | top2=100.00% | top3=100.00% | acc=98.24% | bal_acc=98.29% | macro_f1=0.9847 | qwk=0.9739 | mae=0.0215 | weighted_f1=0.9824 | precision_macro=0.9866 | recall_macro=0.9829
 No improvement. Bad epochs: 8/15

Epoch 56/60 | Time 0m 16s
  Train | loss=0.0098 | top1=99.70% | top2=99.98% | top3=100.00%
  Valid | loss=0.0764 | top1=98.24% | top2=100.00% | top3=100.00% | acc=98.24% | bal_acc=98.29% | macro_f1=0.9847 | qwk=0.9739 | mae=0.0215 | weighted_f1=0.9824 | precision_macro=0.9866 | recall_macro=0.9829
 No improvement. Bad epochs: 9/15

Epoch 57/60 | Time 0m 16s
  Train | loss=0.0116 | top1=99.72% | top2=99.98% | top3=100.00%
  Valid | loss=0.0738 | top1=98.24% | top2=100.00% | top3=100.00% | acc=98.24% | bal_acc=98.29% | macro_f1=0.9847 | qwk=0.9739 | mae=0.0215 | weighted_f1=0.9824 | precision_macro=0.9866 | recall_macro=0.9829
 No improvement. Bad epochs: 10/15

Epoch 58/60 | Time 0m 16s
  Train | loss=0.0066 | top1=99.78% | top2=100.00% | top3=100.00%
  Valid | loss=0.0734 | top1=98.24% | top2=100.00% | top3=100.00% | acc=98.24% | bal_acc=98.29% | macro_f1=0.9847 | qwk=0.9739 | mae=0.0215 | weighted_f1=0.9824 | precision_macro=0.9866 | recall_macro=0.9829
 No improvement. Bad epochs: 11/15

Epoch 59/60 | Time 0m 16s
  Train | loss=0.0066 | top1=99.78% | top2=100.00% | top3=100.00%
  Valid | loss=0.0731 | top1=98.24% | top2=100.00% | top3=100.00% | acc=98.24% | bal_acc=98.29% | macro_f1=0.9847 | qwk=0.9739 | mae=0.0215 | weighted_f1=0.9824 | precision_macro=0.9866 | recall_macro=0.9829
 No improvement. Bad epochs: 12/15

Epoch 60/60 | Time 0m 16s
  Train | loss=0.0065 | top1=99.76% | top2=99.98% | top3=100.00%
  Valid | loss=0.0731 | top1=98.24% | top2=100.00% | top3=100.00% | acc=98.24% | bal_acc=98.29% | macro_f1=0.9847 | qwk=0.9739 | mae=0.0215 | weighted_f1=0.9824 | precision_macro=0.9866 | recall_macro=0.9829
 No improvement. Bad epochs: 13/15

Loading best model (epoch=47, macro_f1=0.9881)

Test | loss=0.0462 | top1=98.44% | top2=100.00% | top3=100.00% | acc=98.44% | bal_acc=98.46% | macro_f1=0.9869 | qwk=0.9861 | mae=0.0156 | weighted_f1=0.9844 | precision_macro=0.9893 | recall_macro=0.9846
     ovr_roc_auc_macro=0.9995 | ovr_pr_auc_macro=0.9991
Checkpoint: /root/autodl-tmp/MedVisionLab/Alzheimer_MRI_Loss/checkpoints/best_convnext_t_mesc_ce_convnext_t_all_5seed_adni_mesc_ce_seed4.pt
