COMMAND: /root/miniconda3/envs/medvision/bin/python -u /root/autodl-tmp/MedVisionLab/tools/train_convnext_t_experiment.py --dataset adni --data-root /root/autodl-tmp/Augmented_Alzheimer_MRI/OriginalDataset --attention mesc --loss sord_ce --seed 4 --epochs 60 --patience 15 --batch-size 32 --image-size 224 --num-workers 2 --early-delta 0.0001 --base-lr 0.0001 --koa-backbone-lr 0.0001 --koa-head-lr 0.001 --weight-decay 0.0001 --dast-tau 1.0 --dast-gamma 1.5 --sord-tau 1.0 --label-smoothing 0.1 --run-tag convnext_t_all_5seed_adni_mesc_sord_seed4
==========================================================================================
Starting ConvNeXt-T experiment on ADNI...
Using device: cuda
CUDA device: NVIDIA GeForce RTX 4090
Config | seed=4, attention=mesc, loss=sord_ce, epochs=60, patience=15, batch_size=32, image_size=224, pretrained=True
Backbone: ConvNeXt-T | stage3=features[5] | stage3_channels=384
Data root: /root/autodl-tmp/Augmented_Alzheimer_MRI/OriginalDataset
Class order: ['NonDemented', 'VeryMildDemented', 'MildDemented', 'ModerateDemented']
Split sizes | train=4608, valid=512, test=1280
Train class counts: [2304, 1613, 645, 46]
Optimizer: matched progressive Adam | stem=1e-05, stage1=1.25e-05, downsample1=1.6666667e-05, stage2=1.6666667e-05, downsample2=2.5e-05, stage3=2.5e-05, attention=3.3333333e-05, downsample3=5e-05, stage4=5e-05, norm=0.0001, head=0.0001
Trainable parameters: 28,383,184

Epoch 01/60 | Time 0m 17s
  Train | loss=1.2866 | top1=48.72% | top2=78.26% | top3=92.58%
  Valid | loss=1.2426 | top1=50.00% | top2=84.96% | top3=99.02% | acc=50.00% | bal_acc=25.00% | macro_f1=0.1667 | qwk=0.0000 | mae=0.6602 | weighted_f1=0.3333 | precision_macro=0.1250 | recall_macro=0.2500
 Validation improved. Saved best model (macro_f1=0.1667)

Epoch 02/60 | Time 0m 16s
  Train | loss=1.2429 | top1=49.57% | top2=85.00% | top3=99.00%
  Valid | loss=1.2433 | top1=50.20% | top2=84.96% | top3=99.02% | acc=50.20% | bal_acc=25.14% | macro_f1=0.1697 | qwk=0.0013 | mae=0.6582 | weighted_f1=0.3377 | precision_macro=0.3752 | recall_macro=0.2514
 Validation improved. Saved best model (macro_f1=0.1697)

Epoch 03/60 | Time 0m 16s
  Train | loss=1.2290 | top1=52.71% | top2=84.98% | top3=99.00%
  Valid | loss=1.1958 | top1=57.81% | top2=87.70% | top3=99.02% | acc=57.81% | bal_acc=34.03% | macro_f1=0.3108 | qwk=0.4126 | mae=0.4434 | weighted_f1=0.5408 | precision_macro=0.2945 | recall_macro=0.3403
 Validation improved. Saved best model (macro_f1=0.3108)

Epoch 04/60 | Time 0m 16s
  Train | loss=1.1979 | top1=58.38% | top2=87.43% | top3=99.00%
  Valid | loss=1.2128 | top1=52.93% | top2=86.72% | top3=99.02% | acc=52.93% | bal_acc=27.18% | macro_f1=0.2139 | qwk=0.1961 | mae=0.5723 | weighted_f1=0.4054 | precision_macro=0.2239 | recall_macro=0.2718
 No improvement. Bad epochs: 1/15

Epoch 05/60 | Time 0m 16s
  Train | loss=1.1833 | top1=62.67% | top2=89.82% | top3=99.11%
  Valid | loss=1.1839 | top1=62.70% | top2=89.06% | top3=99.41% | acc=62.70% | bal_acc=35.88% | macro_f1=0.3297 | qwk=0.4791 | mae=0.3984 | weighted_f1=0.5779 | precision_macro=0.3051 | recall_macro=0.3588
 Validation improved. Saved best model (macro_f1=0.3297)

Epoch 06/60 | Time 0m 16s
  Train | loss=1.1661 | top1=67.80% | top2=92.47% | top3=99.61%
  Valid | loss=1.1551 | top1=71.29% | top2=93.95% | top3=100.00% | acc=71.29% | bal_acc=52.87% | macro_f1=0.5144 | qwk=0.7191 | mae=0.2949 | weighted_f1=0.7176 | precision_macro=0.5087 | recall_macro=0.5287
 Validation improved. Saved best model (macro_f1=0.5144)

Epoch 07/60 | Time 0m 16s
  Train | loss=1.1485 | top1=71.83% | top2=95.27% | top3=99.72%
  Valid | loss=1.1412 | top1=75.20% | top2=95.12% | top3=100.00% | acc=75.20% | bal_acc=50.34% | macro_f1=0.5188 | qwk=0.7179 | mae=0.2578 | weighted_f1=0.7392 | precision_macro=0.5646 | recall_macro=0.5034
 Validation improved. Saved best model (macro_f1=0.5188)

Epoch 08/60 | Time 0m 16s
  Train | loss=1.1317 | top1=77.21% | top2=97.37% | top3=99.76%
  Valid | loss=1.1375 | top1=76.95% | top2=95.31% | top3=100.00% | acc=76.95% | bal_acc=63.06% | macro_f1=0.6373 | qwk=0.7935 | mae=0.2363 | weighted_f1=0.7662 | precision_macro=0.7944 | recall_macro=0.6306
 Validation improved. Saved best model (macro_f1=0.6373)

Epoch 09/60 | Time 0m 16s
  Train | loss=1.1171 | top1=82.66% | top2=98.07% | top3=99.96%
  Valid | loss=1.1178 | top1=81.64% | top2=97.27% | top3=100.00% | acc=81.64% | bal_acc=62.29% | macro_f1=0.6719 | qwk=0.8114 | mae=0.1875 | weighted_f1=0.8102 | precision_macro=0.8662 | recall_macro=0.6229
 Validation improved. Saved best model (macro_f1=0.6719)

Epoch 10/60 | Time 0m 16s
  Train | loss=1.1007 | top1=87.37% | top2=99.13% | top3=99.96%
  Valid | loss=1.1176 | top1=84.57% | top2=97.07% | top3=100.00% | acc=84.57% | bal_acc=79.89% | macro_f1=0.8165 | qwk=0.8641 | mae=0.1543 | weighted_f1=0.8488 | precision_macro=0.8681 | recall_macro=0.7989
 Validation improved. Saved best model (macro_f1=0.8165)

Epoch 11/60 | Time 0m 16s
  Train | loss=1.0945 | top1=89.65% | top2=99.39% | top3=99.98%
  Valid | loss=1.0974 | top1=88.48% | top2=99.02% | top3=100.00% | acc=88.48% | bal_acc=80.64% | macro_f1=0.8448 | qwk=0.8909 | mae=0.1172 | weighted_f1=0.8839 | precision_macro=0.9086 | recall_macro=0.8064
 Validation improved. Saved best model (macro_f1=0.8448)

Epoch 12/60 | Time 0m 16s
  Train | loss=1.0873 | top1=91.19% | top2=99.39% | top3=99.98%
  Valid | loss=1.1040 | top1=87.11% | top2=97.46% | top3=100.00% | acc=87.11% | bal_acc=81.95% | macro_f1=0.8357 | qwk=0.8877 | mae=0.1289 | weighted_f1=0.8730 | precision_macro=0.8845 | recall_macro=0.8195
 No improvement. Bad epochs: 1/15

Epoch 13/60 | Time 0m 16s
  Train | loss=1.0813 | top1=93.49% | top2=99.57% | top3=99.96%
  Valid | loss=1.0907 | top1=91.80% | top2=98.44% | top3=100.00% | acc=91.80% | bal_acc=94.65% | macro_f1=0.9411 | qwk=0.9269 | mae=0.0820 | weighted_f1=0.9187 | precision_macro=0.9376 | recall_macro=0.9465
 Validation improved. Saved best model (macro_f1=0.9411)

Epoch 14/60 | Time 0m 16s
  Train | loss=1.0765 | top1=94.55% | top2=99.57% | top3=99.98%
  Valid | loss=1.0814 | top1=92.38% | top2=99.22% | top3=100.00% | acc=92.38% | bal_acc=83.93% | macro_f1=0.8778 | qwk=0.9256 | mae=0.0781 | weighted_f1=0.9235 | precision_macro=0.9414 | recall_macro=0.8393
 No improvement. Bad epochs: 1/15

Epoch 15/60 | Time 0m 16s
  Train | loss=1.0738 | top1=95.05% | top2=99.74% | top3=99.98%
  Valid | loss=1.0797 | top1=92.77% | top2=99.41% | top3=100.00% | acc=92.77% | bal_acc=84.83% | macro_f1=0.8816 | qwk=0.9353 | mae=0.0723 | weighted_f1=0.9274 | precision_macro=0.9401 | recall_macro=0.8483
 No improvement. Bad epochs: 2/15

Epoch 16/60 | Time 0m 16s
  Train | loss=1.0708 | top1=95.81% | top2=99.76% | top3=99.98%
  Valid | loss=1.0920 | top1=90.04% | top2=97.85% | top3=99.80% | acc=90.04% | bal_acc=93.85% | macro_f1=0.9235 | qwk=0.9029 | mae=0.1035 | weighted_f1=0.9015 | precision_macro=0.9133 | recall_macro=0.9385
 No improvement. Bad epochs: 3/15

Epoch 17/60 | Time 0m 16s
  Train | loss=1.0688 | top1=96.35% | top2=99.78% | top3=99.98%
  Valid | loss=1.0856 | top1=92.38% | top2=98.05% | top3=99.80% | acc=92.38% | bal_acc=94.85% | macro_f1=0.9390 | qwk=0.9281 | mae=0.0781 | weighted_f1=0.9245 | precision_macro=0.9314 | recall_macro=0.9485
 No improvement. Bad epochs: 4/15

Epoch 18/60 | Time 0m 16s
  Train | loss=1.0677 | top1=96.40% | top2=99.89% | top3=99.98%
  Valid | loss=1.0737 | top1=95.70% | top2=99.41% | top3=100.00% | acc=95.70% | bal_acc=96.64% | macro_f1=0.9664 | qwk=0.9619 | mae=0.0430 | weighted_f1=0.9570 | precision_macro=0.9664 | recall_macro=0.9664
 Validation improved. Saved best model (macro_f1=0.9664)

Epoch 19/60 | Time 0m 16s
  Train | loss=1.0657 | top1=97.16% | top2=99.85% | top3=100.00%
  Valid | loss=1.0799 | top1=93.75% | top2=99.22% | top3=100.00% | acc=93.75% | bal_acc=95.96% | macro_f1=0.9507 | qwk=0.9399 | mae=0.0645 | weighted_f1=0.9380 | precision_macro=0.9436 | recall_macro=0.9596
 No improvement. Bad epochs: 1/15

Epoch 20/60 | Time 0m 16s
  Train | loss=1.0639 | top1=97.68% | top2=99.85% | top3=99.96%
  Valid | loss=1.0727 | top1=95.12% | top2=99.61% | top3=100.00% | acc=95.12% | bal_acc=95.89% | macro_f1=0.9603 | qwk=0.9517 | mae=0.0508 | weighted_f1=0.9509 | precision_macro=0.9621 | recall_macro=0.9589
 No improvement. Bad epochs: 2/15

Epoch 21/60 | Time 0m 16s
  Train | loss=1.0642 | top1=97.63% | top2=99.91% | top3=100.00%
  Valid | loss=1.0688 | top1=96.48% | top2=99.80% | top3=100.00% | acc=96.48% | bal_acc=97.07% | macro_f1=0.9711 | qwk=0.9689 | mae=0.0352 | weighted_f1=0.9648 | precision_macro=0.9715 | recall_macro=0.9707
 Validation improved. Saved best model (macro_f1=0.9711)

Epoch 22/60 | Time 0m 16s
  Train | loss=1.0645 | top1=97.63% | top2=99.76% | top3=100.00%
  Valid | loss=1.0830 | top1=92.38% | top2=99.22% | top3=99.80% | acc=92.38% | bal_acc=95.11% | macro_f1=0.9427 | qwk=0.9271 | mae=0.0781 | weighted_f1=0.9247 | precision_macro=0.9375 | recall_macro=0.9511
 No improvement. Bad epochs: 1/15

Epoch 23/60 | Time 0m 16s
  Train | loss=1.0636 | top1=97.59% | top2=99.89% | top3=100.00%
  Valid | loss=1.0715 | top1=95.12% | top2=99.61% | top3=100.00% | acc=95.12% | bal_acc=90.90% | macro_f1=0.9331 | qwk=0.9515 | mae=0.0508 | weighted_f1=0.9507 | precision_macro=0.9638 | recall_macro=0.9090
 No improvement. Bad epochs: 2/15

Epoch 24/60 | Time 0m 16s
  Train | loss=1.0622 | top1=97.92% | top2=99.80% | top3=100.00%
  Valid | loss=1.0660 | top1=96.68% | top2=99.41% | top3=100.00% | acc=96.68% | bal_acc=97.05% | macro_f1=0.9747 | qwk=0.9702 | mae=0.0332 | weighted_f1=0.9668 | precision_macro=0.9795 | recall_macro=0.9705
 Validation improved. Saved best model (macro_f1=0.9747)

Epoch 25/60 | Time 0m 16s
  Train | loss=1.0604 | top1=98.42% | top2=99.93% | top3=99.98%
  Valid | loss=1.0691 | top1=95.70% | top2=99.22% | top3=100.00% | acc=95.70% | bal_acc=96.89% | macro_f1=0.9667 | qwk=0.9617 | mae=0.0430 | weighted_f1=0.9574 | precision_macro=0.9653 | recall_macro=0.9689
 No improvement. Bad epochs: 1/15

Epoch 26/60 | Time 0m 16s
  Train | loss=1.0596 | top1=98.74% | top2=99.89% | top3=99.98%
  Valid | loss=1.0655 | top1=96.88% | top2=99.41% | top3=100.00% | acc=96.88% | bal_acc=97.52% | macro_f1=0.9761 | qwk=0.9721 | mae=0.0312 | weighted_f1=0.9689 | precision_macro=0.9774 | recall_macro=0.9752
 Validation improved. Saved best model (macro_f1=0.9761)

Epoch 27/60 | Time 0m 16s
  Train | loss=1.0605 | top1=98.61% | top2=99.85% | top3=100.00%
  Valid | loss=1.0639 | top1=97.66% | top2=99.80% | top3=100.00% | acc=97.66% | bal_acc=97.87% | macro_f1=0.9820 | qwk=0.9791 | mae=0.0234 | weighted_f1=0.9766 | precision_macro=0.9855 | recall_macro=0.9787
 Validation improved. Saved best model (macro_f1=0.9820)

Epoch 28/60 | Time 0m 16s
  Train | loss=1.0598 | top1=98.68% | top2=99.91% | top3=100.00%
  Valid | loss=1.0664 | top1=97.07% | top2=99.61% | top3=100.00% | acc=97.07% | bal_acc=97.62% | macro_f1=0.9785 | qwk=0.9737 | mae=0.0293 | weighted_f1=0.9708 | precision_macro=0.9812 | recall_macro=0.9762
 No improvement. Bad epochs: 1/15

Epoch 29/60 | Time 0m 16s
  Train | loss=1.0593 | top1=98.72% | top2=99.93% | top3=99.98%
  Valid | loss=1.0637 | top1=97.46% | top2=99.61% | top3=100.00% | acc=97.46% | bal_acc=97.73% | macro_f1=0.9783 | qwk=0.9774 | mae=0.0254 | weighted_f1=0.9746 | precision_macro=0.9793 | recall_macro=0.9773
 No improvement. Bad epochs: 2/15

Epoch 30/60 | Time 0m 16s
  Train | loss=1.0585 | top1=98.96% | top2=99.96% | top3=100.00%
  Valid | loss=1.0687 | top1=96.68% | top2=99.41% | top3=99.80% | acc=96.68% | bal_acc=97.55% | macro_f1=0.9751 | qwk=0.9653 | mae=0.0352 | weighted_f1=0.9668 | precision_macro=0.9747 | recall_macro=0.9755
 No improvement. Bad epochs: 3/15

Epoch 31/60 | Time 0m 16s
  Train | loss=1.0594 | top1=98.63% | top2=99.96% | top3=99.98%
  Valid | loss=1.0678 | top1=96.68% | top2=99.41% | top3=100.00% | acc=96.68% | bal_acc=97.67% | macro_f1=0.9775 | qwk=0.9703 | mae=0.0332 | weighted_f1=0.9670 | precision_macro=0.9787 | recall_macro=0.9767
 No improvement. Bad epochs: 4/15

Epoch 32/60 | Time 0m 16s
  Train | loss=1.0583 | top1=98.98% | top2=100.00% | top3=100.00%
  Valid | loss=1.0650 | top1=97.07% | top2=99.80% | top3=100.00% | acc=97.07% | bal_acc=97.53% | macro_f1=0.9784 | qwk=0.9738 | mae=0.0293 | weighted_f1=0.9708 | precision_macro=0.9818 | recall_macro=0.9753
 No improvement. Bad epochs: 5/15

Epoch 33/60 | Time 0m 16s
  Train | loss=1.0582 | top1=99.09% | top2=99.93% | top3=99.98%
  Valid | loss=1.0662 | top1=96.88% | top2=99.61% | top3=100.00% | acc=96.88% | bal_acc=97.44% | macro_f1=0.9773 | qwk=0.9720 | mae=0.0312 | weighted_f1=0.9688 | precision_macro=0.9805 | recall_macro=0.9744
 No improvement. Bad epochs: 6/15

Epoch 34/60 | Time 0m 16s
  Train | loss=1.0570 | top1=99.28% | top2=99.98% | top3=100.00%
  Valid | loss=1.0626 | top1=97.85% | top2=99.80% | top3=100.00% | acc=97.85% | bal_acc=98.17% | macro_f1=0.9844 | qwk=0.9809 | mae=0.0215 | weighted_f1=0.9785 | precision_macro=0.9872 | recall_macro=0.9817
 Validation improved. Saved best model (macro_f1=0.9844)

Epoch 35/60 | Time 0m 16s
  Train | loss=1.0583 | top1=99.00% | top2=99.91% | top3=100.00%
  Valid | loss=1.0668 | top1=96.88% | top2=99.61% | top3=100.00% | acc=96.88% | bal_acc=97.73% | macro_f1=0.9774 | qwk=0.9721 | mae=0.0312 | weighted_f1=0.9689 | precision_macro=0.9776 | recall_macro=0.9773
 No improvement. Bad epochs: 1/15

Epoch 36/60 | Time 0m 16s
  Train | loss=1.0577 | top1=99.26% | top2=99.93% | top3=99.98%
  Valid | loss=1.0652 | top1=96.88% | top2=99.22% | top3=100.00% | acc=96.88% | bal_acc=97.64% | macro_f1=0.9785 | qwk=0.9721 | mae=0.0312 | weighted_f1=0.9688 | precision_macro=0.9807 | recall_macro=0.9764
 No improvement. Bad epochs: 2/15

Epoch 37/60 | Time 0m 16s
  Train | loss=1.0575 | top1=99.05% | top2=99.98% | top3=100.00%
  Valid | loss=1.0640 | top1=96.88% | top2=100.00% | top3=100.00% | acc=96.88% | bal_acc=97.48% | macro_f1=0.9771 | qwk=0.9723 | mae=0.0312 | weighted_f1=0.9686 | precision_macro=0.9797 | recall_macro=0.9748
 No improvement. Bad epochs: 3/15

Epoch 38/60 | Time 0m 16s
  Train | loss=1.0575 | top1=99.28% | top2=99.91% | top3=100.00%
  Valid | loss=1.0656 | top1=97.27% | top2=99.80% | top3=100.00% | acc=97.27% | bal_acc=97.97% | macro_f1=0.9797 | qwk=0.9756 | mae=0.0273 | weighted_f1=0.9728 | precision_macro=0.9800 | recall_macro=0.9797
 No improvement. Bad epochs: 4/15

Epoch 39/60 | Time 0m 16s
  Train | loss=1.0568 | top1=99.35% | top2=100.00% | top3=100.00%
  Valid | loss=1.0628 | top1=97.85% | top2=99.61% | top3=100.00% | acc=97.85% | bal_acc=98.22% | macro_f1=0.9832 | qwk=0.9809 | mae=0.0215 | weighted_f1=0.9785 | precision_macro=0.9842 | recall_macro=0.9822
 No improvement. Bad epochs: 5/15

Epoch 40/60 | Time 0m 16s
  Train | loss=1.0568 | top1=99.26% | top2=99.91% | top3=99.98%
  Valid | loss=1.0629 | top1=97.46% | top2=99.80% | top3=100.00% | acc=97.46% | bal_acc=97.69% | macro_f1=0.9807 | qwk=0.9774 | mae=0.0254 | weighted_f1=0.9746 | precision_macro=0.9848 | recall_macro=0.9769
 No improvement. Bad epochs: 6/15

Epoch 41/60 | Time 0m 16s
  Train | loss=1.0564 | top1=99.39% | top2=100.00% | top3=100.00%
  Valid | loss=1.0647 | top1=97.07% | top2=99.41% | top3=100.00% | acc=97.07% | bal_acc=97.66% | macro_f1=0.9785 | qwk=0.9737 | mae=0.0293 | weighted_f1=0.9709 | precision_macro=0.9810 | recall_macro=0.9766
 No improvement. Bad epochs: 7/15

Epoch 42/60 | Time 0m 16s
  Train | loss=1.0571 | top1=99.26% | top2=99.93% | top3=99.98%
  Valid | loss=1.0625 | top1=97.85% | top2=100.00% | top3=100.00% | acc=97.85% | bal_acc=97.97% | macro_f1=0.9831 | qwk=0.9808 | mae=0.0215 | weighted_f1=0.9785 | precision_macro=0.9868 | recall_macro=0.9797
 No improvement. Bad epochs: 8/15

Epoch 43/60 | Time 0m 16s
  Train | loss=1.0565 | top1=99.46% | top2=99.98% | top3=100.00%
  Valid | loss=1.0679 | top1=96.29% | top2=99.61% | top3=100.00% | acc=96.29% | bal_acc=97.48% | macro_f1=0.9727 | qwk=0.9669 | mae=0.0371 | weighted_f1=0.9631 | precision_macro=0.9713 | recall_macro=0.9748
 No improvement. Bad epochs: 9/15

Epoch 44/60 | Time 0m 16s
  Train | loss=1.0558 | top1=99.54% | top2=99.98% | top3=100.00%
  Valid | loss=1.0636 | top1=97.85% | top2=100.00% | top3=100.00% | acc=97.85% | bal_acc=98.05% | macro_f1=0.9832 | qwk=0.9808 | mae=0.0215 | weighted_f1=0.9786 | precision_macro=0.9862 | recall_macro=0.9805
 No improvement. Bad epochs: 10/15

Epoch 45/60 | Time 0m 16s
  Train | loss=1.0562 | top1=99.48% | top2=100.00% | top3=100.00%
  Valid | loss=1.0632 | top1=97.66% | top2=100.00% | top3=100.00% | acc=97.66% | bal_acc=98.16% | macro_f1=0.9833 | qwk=0.9791 | mae=0.0234 | weighted_f1=0.9766 | precision_macro=0.9851 | recall_macro=0.9816
 No improvement. Bad epochs: 11/15

Epoch 46/60 | Time 0m 16s
  Train | loss=1.0558 | top1=99.61% | top2=100.00% | top3=100.00%
  Valid | loss=1.0666 | top1=96.88% | top2=99.61% | top3=100.00% | acc=96.88% | bal_acc=97.77% | macro_f1=0.9774 | qwk=0.9721 | mae=0.0312 | weighted_f1=0.9689 | precision_macro=0.9774 | recall_macro=0.9777
 No improvement. Bad epochs: 12/15

Epoch 47/60 | Time 0m 16s
  Train | loss=1.0560 | top1=99.61% | top2=99.93% | top3=99.98%
  Valid | loss=1.0665 | top1=96.88% | top2=99.41% | top3=100.00% | acc=96.88% | bal_acc=97.81% | macro_f1=0.9787 | qwk=0.9720 | mae=0.0312 | weighted_f1=0.9689 | precision_macro=0.9798 | recall_macro=0.9781
 No improvement. Bad epochs: 13/15

Epoch 48/60 | Time 0m 16s
  Train | loss=1.0564 | top1=99.41% | top2=99.96% | top3=100.00%
  Valid | loss=1.0636 | top1=97.66% | top2=99.80% | top3=100.00% | acc=97.66% | bal_acc=98.12% | macro_f1=0.9820 | qwk=0.9792 | mae=0.0234 | weighted_f1=0.9766 | precision_macro=0.9829 | recall_macro=0.9812
 No improvement. Bad epochs: 14/15

Epoch 49/60 | Time 0m 16s
  Train | loss=1.0559 | top1=99.52% | top2=99.96% | top3=100.00%
  Valid | loss=1.0638 | top1=97.66% | top2=99.80% | top3=100.00% | acc=97.66% | bal_acc=98.16% | macro_f1=0.9820 | qwk=0.9791 | mae=0.0234 | weighted_f1=0.9766 | precision_macro=0.9826 | recall_macro=0.9816
 No improvement. Bad epochs: 15/15
 Early stopping triggered at epoch 49.

Loading best model (epoch=34, macro_f1=0.9844)

Test | loss=1.0631 | top1=97.50% | top2=99.92% | top3=100.00% | acc=97.50% | bal_acc=97.71% | macro_f1=0.9808 | qwk=0.9757 | mae=0.0258 | weighted_f1=0.9749 | precision_macro=0.9847 | recall_macro=0.9771
     ovr_roc_auc_macro=0.9962 | ovr_pr_auc_macro=0.9918
Checkpoint: /root/autodl-tmp/MedVisionLab/Alzheimer_MRI_Loss/checkpoints/best_convnext_t_mesc_sord_ce_convnext_t_all_5seed_adni_mesc_sord_seed4.pt
