COMMAND: /root/miniconda3/envs/medvision/bin/python -u /root/autodl-tmp/MedVisionLab/tools/train_convnext_t_experiment.py --dataset koa --data-root /root/autodl-tmp/Knee_Osteoarthritis --attention none --loss sord_ce --seed 9 --epochs 60 --patience 15 --batch-size 32 --image-size 224 --num-workers 4 --early-delta 0.0001 --base-lr 0.0001 --koa-backbone-lr 0.0001 --koa-head-lr 0.001 --weight-decay 0.0001 --dast-tau 1.0 --dast-gamma 1.5 --sord-tau 1.0 --label-smoothing 0.1 --run-tag convnext_t_all_5seed_koa_baseline_sord_seed9
==========================================================================================
Starting ConvNeXt-T experiment on KOA...
Using device: cuda
CUDA device: NVIDIA GeForce RTX 3090
Config | seed=9, attention=none, loss=sord_ce, epochs=60, patience=15, batch_size=32, image_size=224, pretrained=True
Backbone: ConvNeXt-T | stage3=features[5] | stage3_channels=384
Data root: /root/autodl-tmp/Knee_Osteoarthritis
Class order: ['0_Normal', '1_Doubtful', '2_Mild', '3_Moderate', '4_Severe']
Split sizes | train=5778, valid=826, test=1656
Train class counts: [2286, 1046, 1516, 757, 173]
Optimizer: AdamW | backbone=0.0001, attention+head=0.001, weight_decay=0.0001
Trainable parameters: 27,823,973

Epoch 01/60 | Time 0m 49s
  Train | loss=1.4846 | top1=41.36% | top2=66.06% | top3=85.76%
  Valid | loss=1.4256 | top1=45.76% | top2=73.97% | top3=92.98% | acc=45.76% | bal_acc=35.03% | macro_f1=0.3451 | qwk=0.5470 | mae=0.7397 | weighted_f1=0.4512 | precision_macro=0.3425 | recall_macro=0.3503
 Validation improved. Saved best model (qwk=0.5470)

Epoch 02/60 | Time 0m 48s
  Train | loss=1.3759 | top1=55.30% | top2=79.49% | top3=95.71%
  Valid | loss=1.3395 | top1=61.38% | top2=84.99% | top3=97.09% | acc=61.38% | bal_acc=57.11% | macro_f1=0.5682 | qwk=0.7365 | mae=0.5194 | weighted_f1=0.5643 | precision_macro=0.6276 | recall_macro=0.5711
 Validation improved. Saved best model (qwk=0.7365)

Epoch 03/60 | Time 0m 48s
  Train | loss=1.3266 | top1=63.76% | top2=86.34% | top3=98.13%
  Valid | loss=1.3207 | top1=64.77% | top2=88.14% | top3=97.70% | acc=64.77% | bal_acc=63.12% | macro_f1=0.5949 | qwk=0.7752 | mae=0.4600 | weighted_f1=0.6034 | precision_macro=0.6142 | recall_macro=0.6312
 Validation improved. Saved best model (qwk=0.7752)

Epoch 04/60 | Time 0m 48s
  Train | loss=1.3158 | top1=65.40% | top2=87.76% | top3=98.51%
  Valid | loss=1.3123 | top1=65.50% | top2=88.01% | top3=97.82% | acc=65.50% | bal_acc=66.08% | macro_f1=0.6300 | qwk=0.7803 | mae=0.4492 | weighted_f1=0.6248 | precision_macro=0.6296 | recall_macro=0.6608
 Validation improved. Saved best model (qwk=0.7803)

Epoch 05/60 | Time 0m 48s
  Train | loss=1.2972 | top1=68.19% | top2=90.33% | top3=98.98%
  Valid | loss=1.3088 | top1=67.31% | top2=89.59% | top3=98.31% | acc=67.31% | bal_acc=67.17% | macro_f1=0.6880 | qwk=0.8029 | mae=0.3995 | weighted_f1=0.6663 | precision_macro=0.7139 | recall_macro=0.6717
 Validation improved. Saved best model (qwk=0.8029)

Epoch 06/60 | Time 0m 48s
  Train | loss=1.2918 | top1=68.66% | top2=90.65% | top3=99.15%
  Valid | loss=1.3060 | top1=67.31% | top2=89.59% | top3=98.55% | acc=67.31% | bal_acc=67.31% | macro_f1=0.6707 | qwk=0.8045 | mae=0.4116 | weighted_f1=0.6449 | precision_macro=0.6941 | recall_macro=0.6731
 Validation improved. Saved best model (qwk=0.8045)

Epoch 07/60 | Time 0m 48s
  Train | loss=1.2799 | top1=71.22% | top2=92.25% | top3=99.38%
  Valid | loss=1.3016 | top1=64.89% | top2=89.83% | top3=98.79% | acc=64.89% | bal_acc=64.61% | macro_f1=0.6371 | qwk=0.8131 | mae=0.4153 | weighted_f1=0.6369 | precision_macro=0.6408 | recall_macro=0.6461
 Validation improved. Saved best model (qwk=0.8131)

Epoch 08/60 | Time 0m 48s
  Train | loss=1.2752 | top1=71.98% | top2=92.82% | top3=99.48%
  Valid | loss=1.3116 | top1=66.46% | top2=88.86% | top3=97.94% | acc=66.46% | bal_acc=67.81% | macro_f1=0.6645 | qwk=0.7982 | mae=0.4201 | weighted_f1=0.6471 | precision_macro=0.6659 | recall_macro=0.6781
 No improvement. Bad epochs: 1/15

Epoch 09/60 | Time 0m 48s
  Train | loss=1.2686 | top1=73.61% | top2=93.49% | top3=99.46%
  Valid | loss=1.3171 | top1=68.28% | top2=89.71% | top3=98.55% | acc=68.28% | bal_acc=66.00% | macro_f1=0.6358 | qwk=0.8131 | mae=0.3995 | weighted_f1=0.6472 | precision_macro=0.6567 | recall_macro=0.6600
 No improvement. Bad epochs: 2/15

Epoch 10/60 | Time 0m 48s
  Train | loss=1.2620 | top1=75.55% | top2=94.70% | top3=99.58%
  Valid | loss=1.3105 | top1=65.13% | top2=88.50% | top3=97.82% | acc=65.13% | bal_acc=67.51% | macro_f1=0.6894 | qwk=0.8089 | mae=0.4056 | weighted_f1=0.6604 | precision_macro=0.7106 | recall_macro=0.6751
 No improvement. Bad epochs: 3/15

Epoch 11/60 | Time 0m 48s
  Train | loss=1.2558 | top1=76.98% | top2=95.31% | top3=99.58%
  Valid | loss=1.3082 | top1=66.10% | top2=88.86% | top3=97.94% | acc=66.10% | bal_acc=65.98% | macro_f1=0.6635 | qwk=0.7960 | mae=0.4177 | weighted_f1=0.6422 | precision_macro=0.6804 | recall_macro=0.6598
 No improvement. Bad epochs: 4/15

Epoch 12/60 | Time 0m 48s
  Train | loss=1.2514 | top1=77.81% | top2=95.67% | top3=99.72%
  Valid | loss=1.3085 | top1=70.22% | top2=90.92% | top3=98.79% | acc=70.22% | bal_acc=71.12% | macro_f1=0.7108 | qwk=0.8322 | mae=0.3596 | weighted_f1=0.6936 | precision_macro=0.7193 | recall_macro=0.7112
 Validation improved. Saved best model (qwk=0.8322)

Epoch 13/60 | Time 0m 48s
  Train | loss=1.2448 | top1=80.06% | top2=96.33% | top3=99.62%
  Valid | loss=1.3184 | top1=68.89% | top2=88.86% | top3=98.06% | acc=68.89% | bal_acc=67.92% | macro_f1=0.6703 | qwk=0.8033 | mae=0.3983 | weighted_f1=0.6620 | precision_macro=0.6891 | recall_macro=0.6792
 No improvement. Bad epochs: 1/15

Epoch 14/60 | Time 0m 48s
  Train | loss=1.2366 | top1=81.65% | top2=97.28% | top3=99.93%
  Valid | loss=1.3358 | top1=65.74% | top2=87.29% | top3=95.88% | acc=65.74% | bal_acc=68.27% | macro_f1=0.6680 | qwk=0.7994 | mae=0.4213 | weighted_f1=0.6491 | precision_macro=0.6597 | recall_macro=0.6827
 No improvement. Bad epochs: 2/15

Epoch 15/60 | Time 0m 48s
  Train | loss=1.2320 | top1=82.88% | top2=97.54% | top3=99.81%
  Valid | loss=1.3290 | top1=63.80% | top2=86.92% | top3=97.94% | acc=63.80% | bal_acc=65.97% | macro_f1=0.6822 | qwk=0.8017 | mae=0.4153 | weighted_f1=0.6487 | precision_macro=0.7201 | recall_macro=0.6597
 No improvement. Bad epochs: 3/15

Epoch 16/60 | Time 0m 48s
  Train | loss=1.2229 | top1=85.77% | top2=98.03% | top3=99.88%
  Valid | loss=1.3295 | top1=64.65% | top2=87.65% | top3=97.58% | acc=64.65% | bal_acc=65.69% | macro_f1=0.6410 | qwk=0.7921 | mae=0.4370 | weighted_f1=0.6300 | precision_macro=0.6520 | recall_macro=0.6569
 No improvement. Bad epochs: 4/15

Epoch 17/60 | Time 0m 48s
  Train | loss=1.2226 | top1=85.48% | top2=97.84% | top3=99.97%
  Valid | loss=1.3298 | top1=63.32% | top2=86.92% | top3=96.85% | acc=63.32% | bal_acc=67.33% | macro_f1=0.6608 | qwk=0.8050 | mae=0.4225 | weighted_f1=0.6426 | precision_macro=0.6561 | recall_macro=0.6733
 No improvement. Bad epochs: 5/15

Epoch 18/60 | Time 0m 48s
  Train | loss=1.2149 | top1=88.47% | top2=98.43% | top3=99.95%
  Valid | loss=1.3348 | top1=64.89% | top2=85.35% | top3=96.49% | acc=64.89% | bal_acc=68.98% | macro_f1=0.6853 | qwk=0.8087 | mae=0.4044 | weighted_f1=0.6576 | precision_macro=0.6954 | recall_macro=0.6898
 No improvement. Bad epochs: 6/15

Epoch 19/60 | Time 0m 48s
  Train | loss=1.2115 | top1=88.49% | top2=98.79% | top3=99.95%
  Valid | loss=1.3479 | top1=62.71% | top2=84.38% | top3=95.16% | acc=62.71% | bal_acc=66.67% | macro_f1=0.6564 | qwk=0.7722 | mae=0.4540 | weighted_f1=0.6307 | precision_macro=0.6617 | recall_macro=0.6667
 No improvement. Bad epochs: 7/15

Epoch 20/60 | Time 0m 48s
  Train | loss=1.2046 | top1=91.24% | top2=99.17% | top3=99.97%
  Valid | loss=1.3223 | top1=67.80% | top2=88.86% | top3=98.18% | acc=67.80% | bal_acc=68.90% | macro_f1=0.6955 | qwk=0.8185 | mae=0.3862 | weighted_f1=0.6755 | precision_macro=0.7074 | recall_macro=0.6890
 No improvement. Bad epochs: 8/15

Epoch 21/60 | Time 0m 48s
  Train | loss=1.2022 | top1=91.73% | top2=99.33% | top3=99.95%
  Valid | loss=1.3299 | top1=66.34% | top2=87.53% | top3=96.25% | acc=66.34% | bal_acc=68.70% | macro_f1=0.6831 | qwk=0.8070 | mae=0.4031 | weighted_f1=0.6661 | precision_macro=0.6813 | recall_macro=0.6870
 No improvement. Bad epochs: 9/15

Epoch 22/60 | Time 0m 48s
  Train | loss=1.1982 | top1=92.96% | top2=99.62% | top3=100.00%
  Valid | loss=1.3328 | top1=65.50% | top2=88.14% | top3=97.70% | acc=65.50% | bal_acc=67.03% | macro_f1=0.6666 | qwk=0.8033 | mae=0.4140 | weighted_f1=0.6534 | precision_macro=0.6773 | recall_macro=0.6703
 No improvement. Bad epochs: 10/15

Epoch 23/60 | Time 0m 48s
  Train | loss=1.1967 | top1=93.49% | top2=99.29% | top3=99.98%
  Valid | loss=1.3313 | top1=66.83% | top2=86.92% | top3=96.85% | acc=66.83% | bal_acc=68.77% | macro_f1=0.6937 | qwk=0.8049 | mae=0.4044 | weighted_f1=0.6666 | precision_macro=0.7012 | recall_macro=0.6877
 No improvement. Bad epochs: 11/15

Epoch 24/60 | Time 0m 48s
  Train | loss=1.1927 | top1=94.34% | top2=99.60% | top3=99.98%
  Valid | loss=1.3217 | top1=66.46% | top2=88.26% | top3=97.82% | acc=66.46% | bal_acc=68.42% | macro_f1=0.6850 | qwk=0.8180 | mae=0.3923 | weighted_f1=0.6674 | precision_macro=0.6897 | recall_macro=0.6842
 No improvement. Bad epochs: 12/15

Epoch 25/60 | Time 0m 48s
  Train | loss=1.1877 | top1=96.02% | top2=99.84% | top3=100.00%
  Valid | loss=1.3284 | top1=65.98% | top2=88.01% | top3=98.18% | acc=65.98% | bal_acc=67.39% | macro_f1=0.6827 | qwk=0.8174 | mae=0.3971 | weighted_f1=0.6625 | precision_macro=0.6964 | recall_macro=0.6739
 No improvement. Bad epochs: 13/15

Epoch 26/60 | Time 0m 48s
  Train | loss=1.1882 | top1=95.33% | top2=99.58% | top3=99.98%
  Valid | loss=1.3285 | top1=66.10% | top2=88.01% | top3=98.31% | acc=66.10% | bal_acc=65.88% | macro_f1=0.6704 | qwk=0.8112 | mae=0.4044 | weighted_f1=0.6556 | precision_macro=0.6867 | recall_macro=0.6588
 No improvement. Bad epochs: 14/15

Epoch 27/60 | Time 0m 48s
  Train | loss=1.1866 | top1=95.76% | top2=99.84% | top3=100.00%
  Valid | loss=1.3230 | top1=65.98% | top2=88.14% | top3=97.82% | acc=65.98% | bal_acc=67.62% | macro_f1=0.6843 | qwk=0.8065 | mae=0.4044 | weighted_f1=0.6628 | precision_macro=0.6948 | recall_macro=0.6762
 No improvement. Bad epochs: 15/15
 Early stopping triggered at epoch 27.

Loading best model (epoch=12, qwk=0.8322)

Test | loss=1.2951 | top1=69.93% | top2=91.49% | top3=99.40% | acc=69.93% | bal_acc=69.13% | macro_f1=0.6960 | qwk=0.8453 | mae=0.3514 | weighted_f1=0.6839 | precision_macro=0.7117 | recall_macro=0.6913
     ovr_roc_auc_macro=0.9080 | ovr_pr_auc_macro=0.7590
Checkpoint: /root/autodl-tmp/MedVisionLab/Knee/checkpoints/best_convnext_t_none_sord_ce_convnext_t_all_5seed_koa_baseline_sord_seed9.pt
