COMMAND: /root/miniconda3/envs/medvision/bin/python -u /root/autodl-tmp/MedVisionLab/tools/train_convnext_t_experiment.py --dataset koa --data-root /root/autodl-tmp/Knee_Osteoarthritis --attention none --loss coral --seed 4 --epochs 60 --patience 15 --batch-size 32 --image-size 224 --num-workers 4 --early-delta 0.0001 --base-lr 0.0001 --koa-backbone-lr 0.0001 --koa-head-lr 0.001 --weight-decay 0.0001 --dast-tau 1.0 --dast-gamma 1.5 --sord-tau 1.0 --label-smoothing 0.1 --run-tag convnext_t_all_5seed_koa_baseline_coral_seed4
==========================================================================================
Starting ConvNeXt-T experiment on KOA...
Using device: cuda
CUDA device: NVIDIA GeForce RTX 3090
Config | seed=4, attention=none, loss=coral, epochs=60, patience=15, batch_size=32, image_size=224, pretrained=True
Backbone: ConvNeXt-T | stage3=features[5] | stage3_channels=384
Data root: /root/autodl-tmp/Knee_Osteoarthritis
Class order: ['0_Normal', '1_Doubtful', '2_Mild', '3_Moderate', '4_Severe']
Split sizes | train=5778, valid=826, test=1656
Train class counts: [2286, 1046, 1516, 757, 173]
Optimizer: AdamW | backbone=0.0001, attention+head=0.001, weight_decay=0.0001
Trainable parameters: 27,820,900

Epoch 01/60 | Time 0m 50s
  Train | loss=0.4820 | top1=39.67% | top2=45.53% | top3=63.34%
  Valid | loss=0.4283 | top1=46.73% | top2=51.21% | top3=70.22% | acc=46.73% | bal_acc=41.03% | macro_f1=0.3820 | qwk=0.5794 | mae=0.7591 | weighted_f1=0.4176 | precision_macro=0.4016 | recall_macro=0.4103
 Validation improved. Saved best model (qwk=0.5794)

Epoch 02/60 | Time 0m 49s
  Train | loss=0.4063 | top1=49.07% | top2=54.05% | top3=74.37%
  Valid | loss=0.3875 | top1=48.31% | top2=61.14% | top3=80.99% | acc=48.31% | bal_acc=45.34% | macro_f1=0.3411 | qwk=0.6563 | mae=0.7300 | weighted_f1=0.3846 | precision_macro=0.4214 | recall_macro=0.4534
 Validation improved. Saved best model (qwk=0.6563)

Epoch 03/60 | Time 0m 49s
  Train | loss=0.3631 | top1=52.35% | top2=57.86% | top3=82.66%
  Valid | loss=0.3848 | top1=50.12% | top2=64.53% | top3=90.07% | acc=50.12% | bal_acc=48.04% | macro_f1=0.3658 | qwk=0.6898 | mae=0.6792 | weighted_f1=0.4099 | precision_macro=0.4276 | recall_macro=0.4804
 Validation improved. Saved best model (qwk=0.6898)

Epoch 04/60 | Time 0m 49s
  Train | loss=0.3425 | top1=55.38% | top2=61.34% | top3=86.97%
  Valid | loss=0.3417 | top1=56.17% | top2=66.95% | top3=88.98% | acc=56.17% | bal_acc=54.53% | macro_f1=0.4794 | qwk=0.7494 | mae=0.5545 | weighted_f1=0.5177 | precision_macro=0.5370 | recall_macro=0.5453
 Validation improved. Saved best model (qwk=0.7494)

Epoch 05/60 | Time 0m 49s
  Train | loss=0.3202 | top1=59.24% | top2=68.85% | top3=90.05%
  Valid | loss=0.3550 | top1=51.57% | top2=75.18% | top3=89.71% | acc=51.57% | bal_acc=48.37% | macro_f1=0.4441 | qwk=0.6825 | mae=0.6332 | weighted_f1=0.4434 | precision_macro=0.5293 | recall_macro=0.4837
 No improvement. Bad epochs: 1/15

Epoch 06/60 | Time 0m 49s
  Train | loss=0.3034 | top1=61.58% | top2=73.12% | top3=92.94%
  Valid | loss=0.3146 | top1=59.44% | top2=71.79% | top3=94.92% | acc=59.44% | bal_acc=58.37% | macro_f1=0.5228 | qwk=0.7692 | mae=0.5085 | weighted_f1=0.5595 | precision_macro=0.5680 | recall_macro=0.5837
 Validation improved. Saved best model (qwk=0.7692)

Epoch 07/60 | Time 0m 49s
  Train | loss=0.2851 | top1=64.42% | top2=73.57% | top3=95.59%
  Valid | loss=0.3294 | top1=54.72% | top2=75.18% | top3=96.49% | acc=54.72% | bal_acc=53.26% | macro_f1=0.4444 | qwk=0.7432 | mae=0.5775 | weighted_f1=0.5030 | precision_macro=0.4976 | recall_macro=0.5326
 No improvement. Bad epochs: 1/15

Epoch 08/60 | Time 0m 49s
  Train | loss=0.2690 | top1=65.96% | top2=74.02% | top3=96.87%
  Valid | loss=0.2887 | top1=61.86% | top2=74.70% | top3=97.46% | acc=61.86% | bal_acc=60.39% | macro_f1=0.5511 | qwk=0.7945 | mae=0.4613 | weighted_f1=0.5919 | precision_macro=0.5985 | recall_macro=0.6039
 Validation improved. Saved best model (qwk=0.7945)

Epoch 09/60 | Time 0m 49s
  Train | loss=0.2551 | top1=68.31% | top2=74.39% | top3=98.11%
  Valid | loss=0.2791 | top1=63.68% | top2=73.85% | top3=97.70% | acc=63.68% | bal_acc=61.03% | macro_f1=0.5991 | qwk=0.8073 | mae=0.4201 | weighted_f1=0.6160 | precision_macro=0.6547 | recall_macro=0.6103
 Validation improved. Saved best model (qwk=0.8073)

Epoch 10/60 | Time 0m 49s
  Train | loss=0.2384 | top1=69.92% | top2=75.48% | top3=98.93%
  Valid | loss=0.2874 | top1=63.08% | top2=77.48% | top3=97.82% | acc=63.08% | bal_acc=62.45% | macro_f1=0.5615 | qwk=0.8186 | mae=0.4346 | weighted_f1=0.6085 | precision_macro=0.5708 | recall_macro=0.6245
 Validation improved. Saved best model (qwk=0.8186)

Epoch 11/60 | Time 0m 49s
  Train | loss=0.2282 | top1=72.05% | top2=76.03% | top3=98.82%
  Valid | loss=0.2713 | top1=66.95% | top2=74.82% | top3=97.94% | acc=66.95% | bal_acc=66.62% | macro_f1=0.6489 | qwk=0.8169 | mae=0.3959 | weighted_f1=0.6587 | precision_macro=0.6607 | recall_macro=0.6662
 No improvement. Bad epochs: 1/15

Epoch 12/60 | Time 0m 49s
  Train | loss=0.2197 | top1=71.74% | top2=79.11% | top3=99.27%
  Valid | loss=0.2747 | top1=65.25% | top2=80.87% | top3=98.43% | acc=65.25% | bal_acc=64.55% | macro_f1=0.6015 | qwk=0.8225 | mae=0.4116 | weighted_f1=0.6321 | precision_macro=0.6137 | recall_macro=0.6455
 Validation improved. Saved best model (qwk=0.8225)

Epoch 13/60 | Time 0m 49s
  Train | loss=0.2077 | top1=74.00% | top2=82.71% | top3=99.45%
  Valid | loss=0.2849 | top1=65.62% | top2=81.48% | top3=98.31% | acc=65.62% | bal_acc=64.92% | macro_f1=0.6255 | qwk=0.8183 | mae=0.4068 | weighted_f1=0.6393 | precision_macro=0.6314 | recall_macro=0.6492
 No improvement. Bad epochs: 1/15

Epoch 14/60 | Time 0m 49s
  Train | loss=0.1959 | top1=76.12% | top2=84.77% | top3=99.58%
  Valid | loss=0.2819 | top1=65.50% | top2=83.78% | top3=98.31% | acc=65.50% | bal_acc=64.37% | macro_f1=0.6134 | qwk=0.8265 | mae=0.3995 | weighted_f1=0.6372 | precision_macro=0.6358 | recall_macro=0.6437
 Validation improved. Saved best model (qwk=0.8265)

Epoch 15/60 | Time 0m 49s
  Train | loss=0.1858 | top1=77.21% | top2=88.85% | top3=99.55%
  Valid | loss=0.2851 | top1=62.59% | top2=86.32% | top3=98.06% | acc=62.59% | bal_acc=63.33% | macro_f1=0.5913 | qwk=0.8021 | mae=0.4467 | weighted_f1=0.6143 | precision_macro=0.5986 | recall_macro=0.6333
 No improvement. Bad epochs: 1/15

Epoch 16/60 | Time 0m 49s
  Train | loss=0.1758 | top1=78.68% | top2=92.51% | top3=99.71%
  Valid | loss=0.2824 | top1=64.65% | top2=84.75% | top3=97.82% | acc=64.65% | bal_acc=65.42% | macro_f1=0.6556 | qwk=0.8029 | mae=0.4201 | weighted_f1=0.6347 | precision_macro=0.6693 | recall_macro=0.6542
 No improvement. Bad epochs: 2/15

Epoch 17/60 | Time 0m 49s
  Train | loss=0.1664 | top1=80.77% | top2=95.74% | top3=99.81%
  Valid | loss=0.2818 | top1=63.32% | top2=89.35% | top3=98.55% | acc=63.32% | bal_acc=61.58% | macro_f1=0.6273 | qwk=0.8116 | mae=0.4165 | weighted_f1=0.6208 | precision_macro=0.6751 | recall_macro=0.6158
 No improvement. Bad epochs: 3/15

Epoch 18/60 | Time 0m 49s
  Train | loss=0.1596 | top1=81.53% | top2=97.65% | top3=99.88%
  Valid | loss=0.3139 | top1=65.25% | top2=86.32% | top3=97.46% | acc=65.25% | bal_acc=67.15% | macro_f1=0.6364 | qwk=0.8023 | mae=0.4274 | weighted_f1=0.6390 | precision_macro=0.6256 | recall_macro=0.6715
 No improvement. Bad epochs: 4/15

Epoch 19/60 | Time 0m 49s
  Train | loss=0.1545 | top1=81.83% | top2=98.04% | top3=99.84%
  Valid | loss=0.3746 | top1=59.69% | top2=85.11% | top3=98.31% | acc=59.69% | bal_acc=58.44% | macro_f1=0.5712 | qwk=0.7603 | mae=0.5000 | weighted_f1=0.5725 | precision_macro=0.6242 | recall_macro=0.5844
 No improvement. Bad epochs: 5/15

Epoch 20/60 | Time 0m 49s
  Train | loss=0.1425 | top1=84.80% | top2=98.65% | top3=99.98%
  Valid | loss=0.2858 | top1=63.68% | top2=87.77% | top3=98.43% | acc=63.68% | bal_acc=64.21% | macro_f1=0.6384 | qwk=0.8012 | mae=0.4274 | weighted_f1=0.6330 | precision_macro=0.6605 | recall_macro=0.6421
 No improvement. Bad epochs: 6/15

Epoch 21/60 | Time 0m 49s
  Train | loss=0.1361 | top1=85.88% | top2=99.01% | top3=99.95%
  Valid | loss=0.2911 | top1=64.29% | top2=87.41% | top3=98.31% | acc=64.29% | bal_acc=64.49% | macro_f1=0.6553 | qwk=0.8214 | mae=0.4019 | weighted_f1=0.6445 | precision_macro=0.6761 | recall_macro=0.6449
 No improvement. Bad epochs: 7/15

Epoch 22/60 | Time 0m 49s
  Train | loss=0.1305 | top1=86.52% | top2=99.13% | top3=99.97%
  Valid | loss=0.2995 | top1=63.08% | top2=86.68% | top3=98.43% | acc=63.08% | bal_acc=64.60% | macro_f1=0.6553 | qwk=0.8021 | mae=0.4262 | weighted_f1=0.6307 | precision_macro=0.6795 | recall_macro=0.6460
 No improvement. Bad epochs: 8/15

Epoch 23/60 | Time 0m 49s
  Train | loss=0.1266 | top1=86.81% | top2=99.20% | top3=100.00%
  Valid | loss=0.3152 | top1=62.23% | top2=85.71% | top3=97.70% | acc=62.23% | bal_acc=64.73% | macro_f1=0.6203 | qwk=0.7973 | mae=0.4431 | weighted_f1=0.6202 | precision_macro=0.6137 | recall_macro=0.6473
 No improvement. Bad epochs: 9/15

Epoch 24/60 | Time 0m 49s
  Train | loss=0.1222 | top1=87.40% | top2=99.39% | top3=100.00%
  Valid | loss=0.3258 | top1=64.65% | top2=88.86% | top3=98.67% | acc=64.65% | bal_acc=65.93% | macro_f1=0.6678 | qwk=0.8144 | mae=0.4092 | weighted_f1=0.6402 | precision_macro=0.6836 | recall_macro=0.6593
 No improvement. Bad epochs: 10/15

Epoch 25/60 | Time 0m 49s
  Train | loss=0.1163 | top1=89.10% | top2=99.52% | top3=100.00%
  Valid | loss=0.2900 | top1=62.23% | top2=88.38% | top3=98.67% | acc=62.23% | bal_acc=64.84% | macro_f1=0.6339 | qwk=0.8091 | mae=0.4298 | weighted_f1=0.6272 | precision_macro=0.6497 | recall_macro=0.6484
 No improvement. Bad epochs: 11/15

Epoch 26/60 | Time 0m 49s
  Train | loss=0.1117 | top1=90.58% | top2=99.69% | top3=99.97%
  Valid | loss=0.3199 | top1=64.65% | top2=87.41% | top3=98.55% | acc=64.65% | bal_acc=65.92% | macro_f1=0.6684 | qwk=0.8041 | mae=0.4201 | weighted_f1=0.6426 | precision_macro=0.6846 | recall_macro=0.6592
 No improvement. Bad epochs: 12/15

Epoch 27/60 | Time 0m 49s
  Train | loss=0.1064 | top1=91.81% | top2=99.67% | top3=99.98%
  Valid | loss=0.2815 | top1=62.83% | top2=86.44% | top3=97.70% | acc=62.83% | bal_acc=65.54% | macro_f1=0.6679 | qwk=0.8140 | mae=0.4153 | weighted_f1=0.6364 | precision_macro=0.6876 | recall_macro=0.6554
 No improvement. Bad epochs: 13/15

Epoch 28/60 | Time 0m 49s
  Train | loss=0.1070 | top1=91.05% | top2=99.53% | top3=99.95%
  Valid | loss=0.3057 | top1=63.80% | top2=87.05% | top3=98.55% | acc=63.80% | bal_acc=65.32% | macro_f1=0.6692 | qwk=0.8137 | mae=0.4116 | weighted_f1=0.6442 | precision_macro=0.6936 | recall_macro=0.6532
 No improvement. Bad epochs: 14/15

Epoch 29/60 | Time 0m 49s
  Train | loss=0.1008 | top1=92.77% | top2=99.65% | top3=99.98%
  Valid | loss=0.3419 | top1=63.44% | top2=87.89% | top3=98.55% | acc=63.44% | bal_acc=64.37% | macro_f1=0.6444 | qwk=0.8101 | mae=0.4201 | weighted_f1=0.6350 | precision_macro=0.6600 | recall_macro=0.6437
 No improvement. Bad epochs: 15/15
 Early stopping triggered at epoch 29.

Loading best model (epoch=14, qwk=0.8265)

Test | loss=0.2581 | top1=66.73% | top2=85.14% | top3=99.09% | acc=66.73% | bal_acc=65.16% | macro_f1=0.6278 | qwk=0.8324 | mae=0.3859 | weighted_f1=0.6468 | precision_macro=0.6484 | recall_macro=0.6516
     ovr_roc_auc_macro=0.8868 | ovr_pr_auc_macro=0.7178
Checkpoint: /root/autodl-tmp/MedVisionLab/Knee/checkpoints/best_convnext_t_none_coral_convnext_t_all_5seed_koa_baseline_coral_seed4.pt
