COMMAND: /root/miniconda3/envs/medvision/bin/python -u /root/autodl-tmp/MedVisionLab/tools/train_convnext_t_experiment.py --dataset koa --data-root /root/autodl-tmp/Knee_Osteoarthritis --attention mesc_equal --loss dast --seed 6 --epochs 60 --patience 15 --batch-size 32 --image-size 224 --num-workers 4 --early-delta 0.0001 --base-lr 0.0001 --koa-backbone-lr 0.0001 --koa-head-lr 0.001 --weight-decay 0.0001 --dast-tau 1.0 --dast-gamma 1.5 --sord-tau 1.0 --label-smoothing 0.1 --run-tag convnext_t_all_5seed_koa_mesc_equal_dast_seed6
==========================================================================================
Starting ConvNeXt-T experiment on KOA...
Using device: cuda
CUDA device: NVIDIA GeForce RTX 3090
Config | seed=6, attention=mesc_equal, loss=dast, epochs=60, patience=15, batch_size=32, image_size=224, pretrained=True
Backbone: ConvNeXt-T | stage3=features[5] | stage3_channels=384
Data root: /root/autodl-tmp/Knee_Osteoarthritis
Class order: ['0_Normal', '1_Doubtful', '2_Mild', '3_Moderate', '4_Severe']
Split sizes | train=5778, valid=826, test=1656
Train class counts: [2286, 1046, 1516, 757, 173]
Optimizer: AdamW | backbone=0.0001, attention+head=0.001, weight_decay=0.0001
Trainable parameters: 28,383,941

Epoch 01/60 | Time 0m 54s
  Train | loss=1.0321 | top1=39.32% | top2=63.50% | top3=83.28%
  Valid | loss=0.9795 | top1=45.52% | top2=70.94% | top3=89.83% | acc=45.52% | bal_acc=27.46% | macro_f1=0.2166 | qwk=0.4496 | mae=0.8051 | weighted_f1=0.3689 | precision_macro=0.1821 | recall_macro=0.2746
 Validation improved. Saved best model (qwk=0.4496)

Epoch 02/60 | Time 0m 54s
  Train | loss=0.8744 | top1=50.43% | top2=76.72% | top3=93.65%
  Valid | loss=0.7985 | top1=59.81% | top2=85.47% | top3=97.34% | acc=59.81% | bal_acc=47.36% | macro_f1=0.4470 | qwk=0.7192 | mae=0.5460 | weighted_f1=0.5212 | precision_macro=0.5555 | recall_macro=0.4736
 Validation improved. Saved best model (qwk=0.7192)

Epoch 03/60 | Time 0m 54s
  Train | loss=0.7895 | top1=59.88% | top2=85.12% | top3=98.03%
  Valid | loss=0.8361 | top1=58.60% | top2=82.32% | top3=97.94% | acc=58.60% | bal_acc=46.44% | macro_f1=0.4696 | qwk=0.6744 | mae=0.5932 | weighted_f1=0.5097 | precision_macro=0.5921 | recall_macro=0.4644
 No improvement. Bad epochs: 1/15

Epoch 04/60 | Time 0m 54s
  Train | loss=0.7549 | top1=64.21% | top2=88.32% | top3=98.67%
  Valid | loss=0.7777 | top1=65.25% | top2=86.56% | top3=98.18% | acc=65.25% | bal_acc=59.51% | macro_f1=0.5755 | qwk=0.7635 | mae=0.4673 | weighted_f1=0.5814 | precision_macro=0.5920 | recall_macro=0.5951
 Validation improved. Saved best model (qwk=0.7635)

Epoch 05/60 | Time 0m 54s
  Train | loss=0.7431 | top1=66.01% | top2=89.11% | top3=98.32%
  Valid | loss=0.7434 | top1=64.89% | top2=88.38% | top3=97.82% | acc=64.89% | bal_acc=69.07% | macro_f1=0.6790 | qwk=0.8186 | mae=0.4007 | weighted_f1=0.6565 | precision_macro=0.6721 | recall_macro=0.6907
 Validation improved. Saved best model (qwk=0.8186)

Epoch 06/60 | Time 0m 54s
  Train | loss=0.7250 | top1=68.38% | top2=90.76% | top3=98.81%
  Valid | loss=0.7578 | top1=64.16% | top2=86.80% | top3=98.31% | acc=64.16% | bal_acc=63.70% | macro_f1=0.6491 | qwk=0.7799 | mae=0.4322 | weighted_f1=0.6342 | precision_macro=0.7086 | recall_macro=0.6370
 No improvement. Bad epochs: 1/15

Epoch 07/60 | Time 0m 54s
  Train | loss=0.7101 | top1=69.47% | top2=91.45% | top3=99.20%
  Valid | loss=0.7410 | top1=65.25% | top2=89.47% | top3=99.03% | acc=65.25% | bal_acc=66.50% | macro_f1=0.6409 | qwk=0.8274 | mae=0.3995 | weighted_f1=0.6461 | precision_macro=0.6551 | recall_macro=0.6650
 Validation improved. Saved best model (qwk=0.8274)

Epoch 08/60 | Time 0m 54s
  Train | loss=0.6998 | top1=71.36% | top2=92.37% | top3=99.24%
  Valid | loss=0.7289 | top1=67.92% | top2=89.59% | top3=98.79% | acc=67.92% | bal_acc=62.11% | macro_f1=0.6424 | qwk=0.8105 | mae=0.3947 | weighted_f1=0.6510 | precision_macro=0.7066 | recall_macro=0.6211
 No improvement. Bad epochs: 1/15

Epoch 09/60 | Time 0m 54s
  Train | loss=0.6921 | top1=72.24% | top2=92.51% | top3=99.24%
  Valid | loss=0.7283 | top1=67.43% | top2=88.74% | top3=98.43% | acc=67.43% | bal_acc=66.16% | macro_f1=0.6747 | qwk=0.7948 | mae=0.4068 | weighted_f1=0.6517 | precision_macro=0.7212 | recall_macro=0.6616
 No improvement. Bad epochs: 2/15

Epoch 10/60 | Time 0m 54s
  Train | loss=0.6769 | top1=73.83% | top2=93.98% | top3=99.57%
  Valid | loss=0.7704 | top1=60.77% | top2=86.20% | top3=98.79% | acc=60.77% | bal_acc=60.17% | macro_f1=0.6024 | qwk=0.7843 | mae=0.4685 | weighted_f1=0.5880 | precision_macro=0.6512 | recall_macro=0.6017
 No improvement. Bad epochs: 3/15

Epoch 11/60 | Time 0m 54s
  Train | loss=0.6743 | top1=73.95% | top2=93.89% | top3=99.55%
  Valid | loss=0.7644 | top1=65.13% | top2=88.14% | top3=98.67% | acc=65.13% | bal_acc=61.88% | macro_f1=0.6197 | qwk=0.7724 | mae=0.4516 | weighted_f1=0.6106 | precision_macro=0.6876 | recall_macro=0.6188
 No improvement. Bad epochs: 4/15

Epoch 12/60 | Time 0m 54s
  Train | loss=0.6577 | top1=75.91% | top2=95.12% | top3=99.64%
  Valid | loss=0.7475 | top1=66.83% | top2=88.38% | top3=98.91% | acc=66.83% | bal_acc=67.97% | macro_f1=0.6632 | qwk=0.8170 | mae=0.4007 | weighted_f1=0.6581 | precision_macro=0.6751 | recall_macro=0.6797
 No improvement. Bad epochs: 5/15

Epoch 13/60 | Time 0m 54s
  Train | loss=0.6499 | top1=77.60% | top2=95.64% | top3=99.72%
  Valid | loss=0.7354 | top1=66.46% | top2=89.47% | top3=98.18% | acc=66.46% | bal_acc=69.67% | macro_f1=0.6758 | qwk=0.8283 | mae=0.3862 | weighted_f1=0.6671 | precision_macro=0.6726 | recall_macro=0.6967
 Validation improved. Saved best model (qwk=0.8283)

Epoch 14/60 | Time 0m 54s
  Train | loss=0.6396 | top1=78.80% | top2=95.97% | top3=99.65%
  Valid | loss=0.7431 | top1=65.38% | top2=87.41% | top3=98.55% | acc=65.38% | bal_acc=68.63% | macro_f1=0.6924 | qwk=0.8318 | mae=0.3814 | weighted_f1=0.6685 | precision_macro=0.7090 | recall_macro=0.6863
 Validation improved. Saved best model (qwk=0.8318)

Epoch 15/60 | Time 0m 54s
  Train | loss=0.6271 | top1=80.77% | top2=96.85% | top3=99.81%
  Valid | loss=0.7748 | top1=68.77% | top2=89.23% | top3=97.46% | acc=68.77% | bal_acc=69.08% | macro_f1=0.6793 | qwk=0.8020 | mae=0.4019 | weighted_f1=0.6582 | precision_macro=0.7014 | recall_macro=0.6908
 No improvement. Bad epochs: 1/15

Epoch 16/60 | Time 0m 54s
  Train | loss=0.6189 | top1=81.53% | top2=97.18% | top3=99.84%
  Valid | loss=0.7589 | top1=63.44% | top2=89.95% | top3=98.79% | acc=63.44% | bal_acc=64.79% | macro_f1=0.6456 | qwk=0.8170 | mae=0.4165 | weighted_f1=0.6352 | precision_macro=0.6558 | recall_macro=0.6479
 No improvement. Bad epochs: 2/15

Epoch 17/60 | Time 0m 54s
  Train | loss=0.6152 | top1=82.40% | top2=97.40% | top3=99.71%
  Valid | loss=0.7770 | top1=64.16% | top2=86.08% | top3=96.25% | acc=64.16% | bal_acc=67.59% | macro_f1=0.6763 | qwk=0.7860 | mae=0.4334 | weighted_f1=0.6434 | precision_macro=0.6821 | recall_macro=0.6759
 No improvement. Bad epochs: 3/15

Epoch 18/60 | Time 0m 54s
  Train | loss=0.6048 | top1=84.37% | top2=97.35% | top3=99.83%
  Valid | loss=0.7720 | top1=67.07% | top2=88.50% | top3=98.67% | acc=67.07% | bal_acc=67.46% | macro_f1=0.6928 | qwk=0.8231 | mae=0.3850 | weighted_f1=0.6704 | precision_macro=0.7152 | recall_macro=0.6746
 No improvement. Bad epochs: 4/15

Epoch 19/60 | Time 0m 54s
  Train | loss=0.6029 | top1=84.34% | top2=97.63% | top3=99.86%
  Valid | loss=0.7720 | top1=64.89% | top2=88.01% | top3=98.67% | acc=64.89% | bal_acc=63.17% | macro_f1=0.6630 | qwk=0.8087 | mae=0.4056 | weighted_f1=0.6529 | precision_macro=0.7078 | recall_macro=0.6317
 No improvement. Bad epochs: 5/15

Epoch 20/60 | Time 0m 54s
  Train | loss=0.5842 | top1=86.93% | top2=98.56% | top3=99.93%
  Valid | loss=0.7931 | top1=65.98% | top2=88.26% | top3=98.79% | acc=65.98% | bal_acc=65.10% | macro_f1=0.6608 | qwk=0.8226 | mae=0.3983 | weighted_f1=0.6469 | precision_macro=0.6899 | recall_macro=0.6510
 No improvement. Bad epochs: 6/15

Epoch 21/60 | Time 0m 54s
  Train | loss=0.5827 | top1=87.75% | top2=98.29% | top3=99.83%
  Valid | loss=0.7696 | top1=64.53% | top2=86.80% | top3=97.22% | acc=64.53% | bal_acc=69.21% | macro_f1=0.6809 | qwk=0.8160 | mae=0.4056 | weighted_f1=0.6553 | precision_macro=0.6769 | recall_macro=0.6921
 No improvement. Bad epochs: 7/15

Epoch 22/60 | Time 0m 54s
  Train | loss=0.5752 | top1=88.30% | top2=98.60% | top3=99.88%
  Valid | loss=0.7870 | top1=64.53% | top2=87.41% | top3=96.97% | acc=64.53% | bal_acc=65.26% | macro_f1=0.6726 | qwk=0.8121 | mae=0.4044 | weighted_f1=0.6557 | precision_macro=0.7048 | recall_macro=0.6526
 No improvement. Bad epochs: 8/15

Epoch 23/60 | Time 0m 54s
  Train | loss=0.5668 | top1=89.93% | top2=98.77% | top3=99.95%
  Valid | loss=0.8045 | top1=64.04% | top2=87.41% | top3=98.18% | acc=64.04% | bal_acc=64.95% | macro_f1=0.6648 | qwk=0.8136 | mae=0.4116 | weighted_f1=0.6436 | precision_macro=0.6864 | recall_macro=0.6495
 No improvement. Bad epochs: 9/15

Epoch 24/60 | Time 0m 54s
  Train | loss=0.5638 | top1=89.89% | top2=99.00% | top3=99.98%
  Valid | loss=0.8036 | top1=64.29% | top2=88.26% | top3=98.18% | acc=64.29% | bal_acc=65.48% | macro_f1=0.6764 | qwk=0.8104 | mae=0.4044 | weighted_f1=0.6551 | precision_macro=0.7117 | recall_macro=0.6548
 No improvement. Bad epochs: 10/15

Epoch 25/60 | Time 0m 54s
  Train | loss=0.5557 | top1=91.05% | top2=99.27% | top3=99.98%
  Valid | loss=0.7956 | top1=65.62% | top2=88.38% | top3=97.82% | acc=65.62% | bal_acc=67.07% | macro_f1=0.6671 | qwk=0.8244 | mae=0.3935 | weighted_f1=0.6598 | precision_macro=0.6678 | recall_macro=0.6707
 No improvement. Bad epochs: 11/15

Epoch 26/60 | Time 0m 53s
  Train | loss=0.5489 | top1=92.26% | top2=99.26% | top3=99.97%
  Valid | loss=0.8137 | top1=61.74% | top2=85.59% | top3=97.34% | acc=61.74% | bal_acc=60.85% | macro_f1=0.6336 | qwk=0.7864 | mae=0.4443 | weighted_f1=0.6245 | precision_macro=0.6692 | recall_macro=0.6085
 No improvement. Bad epochs: 12/15

Epoch 27/60 | Time 0m 54s
  Train | loss=0.5487 | top1=93.01% | top2=99.13% | top3=99.91%
  Valid | loss=0.8125 | top1=63.32% | top2=87.77% | top3=97.70% | acc=63.32% | bal_acc=65.14% | macro_f1=0.6612 | qwk=0.7984 | mae=0.4310 | weighted_f1=0.6385 | precision_macro=0.6737 | recall_macro=0.6514
 No improvement. Bad epochs: 13/15

Epoch 28/60 | Time 0m 54s
  Train | loss=0.5403 | top1=93.60% | top2=99.46% | top3=99.97%
  Valid | loss=0.8226 | top1=64.53% | top2=86.56% | top3=96.61% | acc=64.53% | bal_acc=65.71% | macro_f1=0.6788 | qwk=0.8083 | mae=0.4080 | weighted_f1=0.6545 | precision_macro=0.7096 | recall_macro=0.6571
 No improvement. Bad epochs: 14/15

Epoch 29/60 | Time 0m 54s
  Train | loss=0.5384 | top1=93.99% | top2=99.45% | top3=99.95%
  Valid | loss=0.8114 | top1=63.56% | top2=88.50% | top3=97.46% | acc=63.56% | bal_acc=66.81% | macro_f1=0.6560 | qwk=0.8149 | mae=0.4140 | weighted_f1=0.6466 | precision_macro=0.6596 | recall_macro=0.6681
 No improvement. Bad epochs: 15/15
 Early stopping triggered at epoch 29.

Loading best model (epoch=14, qwk=0.8318)

Test | loss=0.7137 | top1=68.18% | top2=90.94% | top3=99.21% | acc=68.18% | bal_acc=67.77% | macro_f1=0.6928 | qwk=0.8511 | mae=0.3478 | weighted_f1=0.6894 | precision_macro=0.7156 | recall_macro=0.6777
     ovr_roc_auc_macro=0.9099 | ovr_pr_auc_macro=0.7568
Checkpoint: /root/autodl-tmp/MedVisionLab/Knee/checkpoints/best_convnext_t_mesc_equal_dast_convnext_t_all_5seed_koa_mesc_equal_dast_seed6.pt
