COMMAND: /root/miniconda3/envs/medvision/bin/python -u /root/autodl-tmp/MedVisionLab/tools/train_convnext_t_experiment.py --dataset koa --data-root /root/autodl-tmp/Knee_Osteoarthritis --attention none --loss label_smoothing_ce --seed 4 --epochs 60 --patience 15 --batch-size 32 --image-size 224 --num-workers 4 --early-delta 0.0001 --base-lr 0.0001 --koa-backbone-lr 0.0001 --koa-head-lr 0.001 --weight-decay 0.0001 --dast-tau 1.0 --dast-gamma 1.5 --sord-tau 1.0 --label-smoothing 0.1 --run-tag convnext_t_all_5seed_koa_baseline_label_smoothing_seed4
==========================================================================================
Starting ConvNeXt-T experiment on KOA...
Using device: cuda
CUDA device: NVIDIA GeForce RTX 3090
Config | seed=4, attention=none, loss=label_smoothing_ce, epochs=60, patience=15, batch_size=32, image_size=224, pretrained=True
Backbone: ConvNeXt-T | stage3=features[5] | stage3_channels=384
Data root: /root/autodl-tmp/Knee_Osteoarthritis
Class order: ['0_Normal', '1_Doubtful', '2_Mild', '3_Moderate', '4_Severe']
Split sizes | train=5778, valid=826, test=1656
Train class counts: [2286, 1046, 1516, 757, 173]
Optimizer: AdamW | backbone=0.0001, attention+head=0.001, weight_decay=0.0001
Trainable parameters: 27,823,973

Epoch 01/60 | Time 0m 50s
  Train | loss=1.4213 | top1=40.93% | top2=66.13% | top3=85.70%
  Valid | loss=1.3334 | top1=45.76% | top2=73.37% | top3=89.95% | acc=45.76% | bal_acc=26.03% | macro_f1=0.2116 | qwk=0.4022 | mae=0.8608 | weighted_f1=0.3553 | precision_macro=0.2459 | recall_macro=0.2603
 Validation improved. Saved best model (qwk=0.4022)

Epoch 02/60 | Time 0m 49s
  Train | loss=1.2378 | top1=54.10% | top2=78.04% | top3=94.31%
  Valid | loss=1.1810 | top1=56.90% | top2=83.54% | top3=95.76% | acc=56.90% | bal_acc=51.51% | macro_f1=0.5251 | qwk=0.6948 | mae=0.5581 | weighted_f1=0.5655 | precision_macro=0.6296 | recall_macro=0.5151
 Validation improved. Saved best model (qwk=0.6948)

Epoch 03/60 | Time 0m 49s
  Train | loss=1.0989 | top1=63.27% | top2=86.00% | top3=97.92%
  Valid | loss=1.0910 | top1=62.23% | top2=86.44% | top3=98.55% | acc=62.23% | bal_acc=59.52% | macro_f1=0.5793 | qwk=0.7094 | mae=0.5327 | weighted_f1=0.5591 | precision_macro=0.5807 | recall_macro=0.5952
 Validation improved. Saved best model (qwk=0.7094)

Epoch 04/60 | Time 0m 49s
  Train | loss=1.0295 | top1=66.56% | top2=88.25% | top3=98.51%
  Valid | loss=1.1726 | top1=62.23% | top2=85.71% | top3=98.43% | acc=62.23% | bal_acc=57.16% | macro_f1=0.5723 | qwk=0.7285 | mae=0.5169 | weighted_f1=0.5540 | precision_macro=0.6495 | recall_macro=0.5716
 Validation improved. Saved best model (qwk=0.7285)

Epoch 05/60 | Time 0m 49s
  Train | loss=1.0187 | top1=67.34% | top2=89.30% | top3=98.96%
  Valid | loss=1.0524 | top1=63.68% | top2=88.01% | top3=98.67% | acc=63.68% | bal_acc=66.08% | macro_f1=0.6289 | qwk=0.7909 | mae=0.4540 | weighted_f1=0.6160 | precision_macro=0.6382 | recall_macro=0.6608
 Validation improved. Saved best model (qwk=0.7909)

Epoch 06/60 | Time 0m 49s
  Train | loss=0.9855 | top1=69.71% | top2=90.15% | top3=98.94%
  Valid | loss=1.0860 | top1=63.08% | top2=88.26% | top3=97.82% | acc=63.08% | bal_acc=58.41% | macro_f1=0.5890 | qwk=0.7626 | mae=0.4673 | weighted_f1=0.5884 | precision_macro=0.6727 | recall_macro=0.5841
 No improvement. Bad epochs: 1/15

Epoch 07/60 | Time 0m 49s
  Train | loss=0.9523 | top1=71.29% | top2=91.95% | top3=99.34%
  Valid | loss=0.9958 | top1=69.49% | top2=90.44% | top3=99.03% | acc=69.49% | bal_acc=68.34% | macro_f1=0.6930 | qwk=0.8157 | mae=0.3814 | weighted_f1=0.6768 | precision_macro=0.7238 | recall_macro=0.6834
 Validation improved. Saved best model (qwk=0.8157)

Epoch 08/60 | Time 0m 49s
  Train | loss=0.9178 | top1=74.00% | top2=92.99% | top3=99.48%
  Valid | loss=1.0202 | top1=66.83% | top2=89.59% | top3=98.79% | acc=66.83% | bal_acc=68.12% | macro_f1=0.6558 | qwk=0.8005 | mae=0.4116 | weighted_f1=0.6513 | precision_macro=0.6577 | recall_macro=0.6812
 No improvement. Bad epochs: 1/15

Epoch 09/60 | Time 0m 49s
  Train | loss=0.8934 | top1=74.85% | top2=93.60% | top3=99.41%
  Valid | loss=1.0020 | top1=68.40% | top2=91.04% | top3=99.39% | acc=68.40% | bal_acc=66.62% | macro_f1=0.6799 | qwk=0.8125 | mae=0.3886 | weighted_f1=0.6660 | precision_macro=0.7094 | recall_macro=0.6662
 No improvement. Bad epochs: 2/15

Epoch 10/60 | Time 0m 49s
  Train | loss=0.8722 | top1=75.98% | top2=93.93% | top3=99.45%
  Valid | loss=1.0429 | top1=66.46% | top2=88.86% | top3=98.43% | acc=66.46% | bal_acc=65.11% | macro_f1=0.6630 | qwk=0.7991 | mae=0.4140 | weighted_f1=0.6475 | precision_macro=0.6872 | recall_macro=0.6511
 No improvement. Bad epochs: 3/15

Epoch 11/60 | Time 0m 49s
  Train | loss=0.8352 | top1=78.97% | top2=95.38% | top3=99.52%
  Valid | loss=1.0785 | top1=66.59% | top2=88.98% | top3=98.55% | acc=66.59% | bal_acc=67.51% | macro_f1=0.6629 | qwk=0.8242 | mae=0.3923 | weighted_f1=0.6594 | precision_macro=0.6586 | recall_macro=0.6751
 Validation improved. Saved best model (qwk=0.8242)

Epoch 12/60 | Time 0m 49s
  Train | loss=0.8041 | top1=81.15% | top2=96.33% | top3=99.69%
  Valid | loss=1.1073 | top1=64.53% | top2=88.01% | top3=97.70% | acc=64.53% | bal_acc=63.37% | macro_f1=0.6386 | qwk=0.7908 | mae=0.4383 | weighted_f1=0.6307 | precision_macro=0.6693 | recall_macro=0.6337
 No improvement. Bad epochs: 1/15

Epoch 13/60 | Time 0m 49s
  Train | loss=0.7655 | top1=83.32% | top2=96.66% | top3=99.65%
  Valid | loss=1.1660 | top1=63.80% | top2=88.50% | top3=96.73% | acc=63.80% | bal_acc=67.47% | macro_f1=0.6759 | qwk=0.7974 | mae=0.4262 | weighted_f1=0.6469 | precision_macro=0.6869 | recall_macro=0.6747
 No improvement. Bad epochs: 2/15

Epoch 14/60 | Time 0m 49s
  Train | loss=0.7351 | top1=85.25% | top2=97.13% | top3=99.67%
  Valid | loss=1.1111 | top1=66.46% | top2=88.14% | top3=96.85% | acc=66.46% | bal_acc=69.74% | macro_f1=0.6914 | qwk=0.8139 | mae=0.4019 | weighted_f1=0.6617 | precision_macro=0.6873 | recall_macro=0.6974
 No improvement. Bad epochs: 3/15

Epoch 15/60 | Time 0m 49s
  Train | loss=0.7012 | top1=87.45% | top2=97.85% | top3=99.78%
  Valid | loss=1.1678 | top1=64.89% | top2=87.77% | top3=96.61% | acc=64.89% | bal_acc=67.99% | macro_f1=0.6480 | qwk=0.8015 | mae=0.4274 | weighted_f1=0.6444 | precision_macro=0.6333 | recall_macro=0.6799
 No improvement. Bad epochs: 4/15

Epoch 16/60 | Time 0m 49s
  Train | loss=0.6672 | top1=89.53% | top2=98.20% | top3=99.88%
  Valid | loss=1.2018 | top1=63.68% | top2=86.92% | top3=95.04% | acc=63.68% | bal_acc=64.25% | macro_f1=0.6523 | qwk=0.7789 | mae=0.4504 | weighted_f1=0.6250 | precision_macro=0.6706 | recall_macro=0.6425
 No improvement. Bad epochs: 5/15

Epoch 17/60 | Time 0m 49s
  Train | loss=0.6332 | top1=91.50% | top2=98.72% | top3=99.90%
  Valid | loss=1.2378 | top1=65.38% | top2=85.11% | top3=94.31% | acc=65.38% | bal_acc=64.77% | macro_f1=0.6574 | qwk=0.7804 | mae=0.4358 | weighted_f1=0.6404 | precision_macro=0.6837 | recall_macro=0.6477
 No improvement. Bad epochs: 6/15

Epoch 18/60 | Time 0m 49s
  Train | loss=0.6179 | top1=92.38% | top2=98.79% | top3=99.95%
  Valid | loss=1.2146 | top1=65.74% | top2=86.56% | top3=95.76% | acc=65.74% | bal_acc=67.30% | macro_f1=0.6690 | qwk=0.8052 | mae=0.4153 | weighted_f1=0.6443 | precision_macro=0.6703 | recall_macro=0.6730
 No improvement. Bad epochs: 7/15

Epoch 19/60 | Time 0m 49s
  Train | loss=0.5960 | top1=93.86% | top2=99.15% | top3=99.95%
  Valid | loss=1.2536 | top1=61.74% | top2=86.92% | top3=94.92% | acc=61.74% | bal_acc=60.44% | macro_f1=0.6352 | qwk=0.7843 | mae=0.4467 | weighted_f1=0.6257 | precision_macro=0.6822 | recall_macro=0.6044
 No improvement. Bad epochs: 8/15

Epoch 20/60 | Time 0m 49s
  Train | loss=0.5688 | top1=95.17% | top2=99.39% | top3=99.97%
  Valid | loss=1.2774 | top1=62.83% | top2=85.96% | top3=92.37% | acc=62.83% | bal_acc=66.19% | macro_f1=0.6700 | qwk=0.8119 | mae=0.4213 | weighted_f1=0.6383 | precision_macro=0.6829 | recall_macro=0.6619
 No improvement. Bad epochs: 9/15

Epoch 21/60 | Time 0m 49s
  Train | loss=0.5624 | top1=95.78% | top2=99.53% | top3=99.91%
  Valid | loss=1.2362 | top1=65.86% | top2=86.44% | top3=94.79% | acc=65.86% | bal_acc=66.10% | macro_f1=0.6793 | qwk=0.8114 | mae=0.4007 | weighted_f1=0.6571 | precision_macro=0.7022 | recall_macro=0.6610
 No improvement. Bad epochs: 10/15

Epoch 22/60 | Time 0m 49s
  Train | loss=0.5445 | top1=96.59% | top2=99.62% | top3=99.95%
  Valid | loss=1.3094 | top1=63.68% | top2=84.14% | top3=92.25% | acc=63.68% | bal_acc=66.00% | macro_f1=0.6497 | qwk=0.7728 | mae=0.4576 | weighted_f1=0.6191 | precision_macro=0.6516 | recall_macro=0.6600
 No improvement. Bad epochs: 11/15

Epoch 23/60 | Time 0m 49s
  Train | loss=0.5419 | top1=96.42% | top2=99.74% | top3=99.97%
  Valid | loss=1.2518 | top1=66.10% | top2=85.84% | top3=92.98% | acc=66.10% | bal_acc=64.89% | macro_f1=0.6615 | qwk=0.7854 | mae=0.4310 | weighted_f1=0.6433 | precision_macro=0.6889 | recall_macro=0.6489
 No improvement. Bad epochs: 12/15

Epoch 24/60 | Time 0m 49s
  Train | loss=0.5333 | top1=97.18% | top2=99.72% | top3=99.93%
  Valid | loss=1.2258 | top1=66.46% | top2=87.29% | top3=92.74% | acc=66.46% | bal_acc=68.05% | macro_f1=0.6833 | qwk=0.8040 | mae=0.4044 | weighted_f1=0.6647 | precision_macro=0.6864 | recall_macro=0.6805
 No improvement. Bad epochs: 13/15

Epoch 25/60 | Time 0m 49s
  Train | loss=0.5294 | top1=97.09% | top2=99.71% | top3=99.95%
  Valid | loss=1.3195 | top1=65.38% | top2=85.96% | top3=92.01% | acc=65.38% | bal_acc=67.87% | macro_f1=0.6622 | qwk=0.7994 | mae=0.4262 | weighted_f1=0.6482 | precision_macro=0.6622 | recall_macro=0.6787
 No improvement. Bad epochs: 14/15

Epoch 26/60 | Time 0m 49s
  Train | loss=0.5305 | top1=97.14% | top2=99.67% | top3=99.95%
  Valid | loss=1.2783 | top1=65.86% | top2=84.38% | top3=92.74% | acc=65.86% | bal_acc=66.61% | macro_f1=0.6611 | qwk=0.7893 | mae=0.4286 | weighted_f1=0.6392 | precision_macro=0.6708 | recall_macro=0.6661
 No improvement. Bad epochs: 15/15
 Early stopping triggered at epoch 26.

Loading best model (epoch=11, qwk=0.8242)

Test | loss=1.0226 | top1=69.87% | top2=91.97% | top3=98.49% | acc=69.87% | bal_acc=69.30% | macro_f1=0.6847 | qwk=0.8515 | mae=0.3466 | weighted_f1=0.6865 | precision_macro=0.6837 | recall_macro=0.6930
     ovr_roc_auc_macro=0.9069 | ovr_pr_auc_macro=0.7539
Checkpoint: /root/autodl-tmp/MedVisionLab/Knee/checkpoints/best_convnext_t_none_label_smoothing_ce_convnext_t_all_5seed_koa_baseline_label_smoothing_seed4.pt
