COMMAND: /root/miniconda3/envs/medvision/bin/python -u /root/autodl-tmp/MedVisionLab/tools/train_convnext_t_experiment.py --dataset koa --data-root /root/autodl-tmp/Knee_Osteoarthritis --attention mesc_equal --loss dast --seed 5 --epochs 60 --patience 15 --batch-size 32 --image-size 224 --num-workers 4 --early-delta 0.0001 --base-lr 0.0001 --koa-backbone-lr 0.0001 --koa-head-lr 0.001 --weight-decay 0.0001 --dast-tau 1.0 --dast-gamma 1.5 --sord-tau 1.0 --label-smoothing 0.1 --run-tag convnext_t_all_5seed_koa_mesc_equal_dast_seed5
==========================================================================================
Starting ConvNeXt-T experiment on KOA...
Using device: cuda
CUDA device: NVIDIA GeForce RTX 3090
Config | seed=5, attention=mesc_equal, loss=dast, epochs=60, patience=15, batch_size=32, image_size=224, pretrained=True
Backbone: ConvNeXt-T | stage3=features[5] | stage3_channels=384
Data root: /root/autodl-tmp/Knee_Osteoarthritis
Class order: ['0_Normal', '1_Doubtful', '2_Mild', '3_Moderate', '4_Severe']
Split sizes | train=5778, valid=826, test=1656
Train class counts: [2286, 1046, 1516, 757, 173]
Optimizer: AdamW | backbone=0.0001, attention+head=0.001, weight_decay=0.0001
Trainable parameters: 28,383,941

Epoch 01/60 | Time 0m 55s
  Train | loss=1.0310 | top1=37.78% | top2=61.42% | top3=83.52%
  Valid | loss=0.9779 | top1=42.13% | top2=65.62% | top3=84.38% | acc=42.13% | bal_acc=21.99% | macro_f1=0.1526 | qwk=0.2249 | mae=1.0351 | weighted_f1=0.2810 | precision_macro=0.1429 | recall_macro=0.2199
 Validation improved. Saved best model (qwk=0.2249)

Epoch 02/60 | Time 0m 54s
  Train | loss=0.8719 | top1=51.59% | top2=76.96% | top3=93.96%
  Valid | loss=0.8287 | top1=57.26% | top2=81.84% | top3=97.46% | acc=57.26% | bal_acc=37.98% | macro_f1=0.3487 | qwk=0.6767 | mae=0.5811 | weighted_f1=0.4884 | precision_macro=0.3458 | recall_macro=0.3798
 Validation improved. Saved best model (qwk=0.6767)

Epoch 03/60 | Time 0m 54s
  Train | loss=0.7884 | top1=60.59% | top2=85.39% | top3=97.82%
  Valid | loss=0.7641 | top1=62.11% | top2=86.56% | top3=97.34% | acc=62.11% | bal_acc=50.45% | macro_f1=0.4772 | qwk=0.7773 | mae=0.4552 | weighted_f1=0.6039 | precision_macro=0.4611 | recall_macro=0.5045
 Validation improved. Saved best model (qwk=0.7773)

Epoch 04/60 | Time 0m 54s
  Train | loss=0.7580 | top1=63.33% | top2=87.89% | top3=98.55%
  Valid | loss=0.7478 | top1=64.89% | top2=88.38% | top3=98.55% | acc=64.89% | bal_acc=53.03% | macro_f1=0.5214 | qwk=0.7608 | mae=0.4625 | weighted_f1=0.5784 | precision_macro=0.6000 | recall_macro=0.5303
 No improvement. Bad epochs: 1/15

Epoch 05/60 | Time 0m 54s
  Train | loss=0.7398 | top1=66.13% | top2=89.13% | top3=98.72%
  Valid | loss=0.7562 | top1=65.25% | top2=88.74% | top3=98.31% | acc=65.25% | bal_acc=64.61% | macro_f1=0.5955 | qwk=0.7759 | mae=0.4661 | weighted_f1=0.5822 | precision_macro=0.7108 | recall_macro=0.6461
 No improvement. Bad epochs: 2/15

Epoch 06/60 | Time 0m 54s
  Train | loss=0.7250 | top1=67.77% | top2=90.93% | top3=98.94%
  Valid | loss=0.8407 | top1=57.99% | top2=80.51% | top3=97.09% | acc=57.99% | bal_acc=51.21% | macro_f1=0.5415 | qwk=0.7120 | mae=0.5521 | weighted_f1=0.5335 | precision_macro=0.6438 | recall_macro=0.5121
 No improvement. Bad epochs: 3/15

Epoch 07/60 | Time 0m 54s
  Train | loss=0.7158 | top1=69.38% | top2=91.17% | top3=99.20%
  Valid | loss=0.7760 | top1=66.46% | top2=88.62% | top3=98.43% | acc=66.46% | bal_acc=66.75% | macro_f1=0.6443 | qwk=0.8120 | mae=0.4165 | weighted_f1=0.6262 | precision_macro=0.6670 | recall_macro=0.6675
 Validation improved. Saved best model (qwk=0.8120)

Epoch 08/60 | Time 0m 54s
  Train | loss=0.6947 | top1=71.60% | top2=92.85% | top3=99.36%
  Valid | loss=0.7342 | top1=67.68% | top2=89.71% | top3=98.43% | acc=67.68% | bal_acc=64.96% | macro_f1=0.6440 | qwk=0.8102 | mae=0.3983 | weighted_f1=0.6367 | precision_macro=0.6857 | recall_macro=0.6496
 No improvement. Bad epochs: 1/15

Epoch 09/60 | Time 0m 54s
  Train | loss=0.6881 | top1=72.08% | top2=92.87% | top3=99.20%
  Valid | loss=0.7315 | top1=66.71% | top2=89.35% | top3=98.79% | acc=66.71% | bal_acc=69.29% | macro_f1=0.6835 | qwk=0.8403 | mae=0.3668 | weighted_f1=0.6750 | precision_macro=0.6980 | recall_macro=0.6929
 Validation improved. Saved best model (qwk=0.8403)

Epoch 10/60 | Time 0m 54s
  Train | loss=0.6743 | top1=73.80% | top2=94.01% | top3=99.60%
  Valid | loss=0.7332 | top1=66.59% | top2=89.47% | top3=98.06% | acc=66.59% | bal_acc=69.25% | macro_f1=0.6926 | qwk=0.8219 | mae=0.3886 | weighted_f1=0.6656 | precision_macro=0.6951 | recall_macro=0.6925
 No improvement. Bad epochs: 1/15

Epoch 11/60 | Time 0m 54s
  Train | loss=0.6660 | top1=74.52% | top2=94.67% | top3=99.62%
  Valid | loss=0.7539 | top1=64.04% | top2=86.20% | top3=97.34% | acc=64.04% | bal_acc=66.23% | macro_f1=0.6662 | qwk=0.7870 | mae=0.4346 | weighted_f1=0.6377 | precision_macro=0.6805 | recall_macro=0.6623
 No improvement. Bad epochs: 2/15

Epoch 12/60 | Time 0m 54s
  Train | loss=0.6584 | top1=76.67% | top2=94.95% | top3=99.57%
  Valid | loss=0.7796 | top1=66.10% | top2=88.38% | top3=98.67% | acc=66.10% | bal_acc=64.04% | macro_f1=0.6382 | qwk=0.7882 | mae=0.4358 | weighted_f1=0.6214 | precision_macro=0.6741 | recall_macro=0.6404
 No improvement. Bad epochs: 3/15

Epoch 13/60 | Time 0m 54s
  Train | loss=0.6479 | top1=78.00% | top2=95.97% | top3=99.67%
  Valid | loss=0.7415 | top1=66.10% | top2=88.86% | top3=97.82% | acc=66.10% | bal_acc=66.07% | macro_f1=0.6788 | qwk=0.8101 | mae=0.3959 | weighted_f1=0.6661 | precision_macro=0.7079 | recall_macro=0.6607
 No improvement. Bad epochs: 4/15

Epoch 14/60 | Time 0m 54s
  Train | loss=0.6423 | top1=77.67% | top2=96.18% | top3=99.65%
  Valid | loss=0.7443 | top1=64.04% | top2=88.62% | top3=98.06% | acc=64.04% | bal_acc=67.72% | macro_f1=0.6815 | qwk=0.8231 | mae=0.3959 | weighted_f1=0.6565 | precision_macro=0.7001 | recall_macro=0.6772
 No improvement. Bad epochs: 5/15

Epoch 15/60 | Time 0m 54s
  Train | loss=0.6345 | top1=80.03% | top2=96.19% | top3=99.67%
  Valid | loss=0.7672 | top1=65.01% | top2=86.56% | top3=97.94% | acc=65.01% | bal_acc=63.44% | macro_f1=0.6596 | qwk=0.7835 | mae=0.4298 | weighted_f1=0.6455 | precision_macro=0.7006 | recall_macro=0.6344
 No improvement. Bad epochs: 6/15

Epoch 16/60 | Time 0m 54s
  Train | loss=0.6210 | top1=81.64% | top2=96.78% | top3=99.76%
  Valid | loss=0.7594 | top1=67.31% | top2=89.47% | top3=98.43% | acc=67.31% | bal_acc=69.06% | macro_f1=0.6841 | qwk=0.8285 | mae=0.3814 | weighted_f1=0.6680 | precision_macro=0.6821 | recall_macro=0.6906
 No improvement. Bad epochs: 7/15

Epoch 17/60 | Time 0m 54s
  Train | loss=0.6136 | top1=82.61% | top2=97.44% | top3=99.72%
  Valid | loss=0.7609 | top1=65.74% | top2=88.38% | top3=97.46% | acc=65.74% | bal_acc=67.49% | macro_f1=0.6753 | qwk=0.8094 | mae=0.4068 | weighted_f1=0.6567 | precision_macro=0.6758 | recall_macro=0.6749
 No improvement. Bad epochs: 8/15

Epoch 18/60 | Time 0m 54s
  Train | loss=0.6063 | top1=83.33% | top2=97.82% | top3=99.88%
  Valid | loss=0.7867 | top1=62.83% | top2=86.32% | top3=95.88% | acc=62.83% | bal_acc=68.09% | macro_f1=0.6586 | qwk=0.7941 | mae=0.4334 | weighted_f1=0.6382 | precision_macro=0.6557 | recall_macro=0.6809
 No improvement. Bad epochs: 9/15

Epoch 19/60 | Time 0m 54s
  Train | loss=0.5972 | top1=84.74% | top2=98.25% | top3=99.83%
  Valid | loss=0.8098 | top1=66.22% | top2=88.50% | top3=98.91% | acc=66.22% | bal_acc=64.54% | macro_f1=0.6731 | qwk=0.8147 | mae=0.3983 | weighted_f1=0.6547 | precision_macro=0.7193 | recall_macro=0.6454
 No improvement. Bad epochs: 10/15

Epoch 20/60 | Time 0m 54s
  Train | loss=0.5888 | top1=86.57% | top2=98.37% | top3=99.86%
  Valid | loss=0.7843 | top1=64.41% | top2=88.62% | top3=98.67% | acc=64.41% | bal_acc=65.98% | macro_f1=0.6742 | qwk=0.8156 | mae=0.4092 | weighted_f1=0.6453 | precision_macro=0.7004 | recall_macro=0.6598
 No improvement. Bad epochs: 11/15

Epoch 21/60 | Time 0m 54s
  Train | loss=0.5787 | top1=87.45% | top2=98.51% | top3=99.91%
  Valid | loss=0.7972 | top1=62.23% | top2=87.53% | top3=97.94% | acc=62.23% | bal_acc=66.41% | macro_f1=0.6674 | qwk=0.8054 | mae=0.4298 | weighted_f1=0.6323 | precision_macro=0.6910 | recall_macro=0.6641
 No improvement. Bad epochs: 12/15

Epoch 22/60 | Time 0m 54s
  Train | loss=0.5704 | top1=89.27% | top2=98.89% | top3=99.90%
  Valid | loss=0.7875 | top1=63.80% | top2=87.05% | top3=97.58% | acc=63.80% | bal_acc=63.91% | macro_f1=0.6452 | qwk=0.7889 | mae=0.4370 | weighted_f1=0.6337 | precision_macro=0.6622 | recall_macro=0.6391
 No improvement. Bad epochs: 13/15

Epoch 23/60 | Time 0m 54s
  Train | loss=0.5660 | top1=89.60% | top2=99.00% | top3=99.91%
  Valid | loss=0.8089 | top1=65.13% | top2=87.65% | top3=98.43% | acc=65.13% | bal_acc=68.06% | macro_f1=0.6665 | qwk=0.8102 | mae=0.4104 | weighted_f1=0.6525 | precision_macro=0.6738 | recall_macro=0.6806
 No improvement. Bad epochs: 14/15

Epoch 24/60 | Time 0m 54s
  Train | loss=0.5622 | top1=90.83% | top2=99.07% | top3=99.98%
  Valid | loss=0.7911 | top1=64.53% | top2=86.32% | top3=97.46% | acc=64.53% | bal_acc=68.74% | macro_f1=0.6857 | qwk=0.8097 | mae=0.4044 | weighted_f1=0.6599 | precision_macro=0.7005 | recall_macro=0.6874
 No improvement. Bad epochs: 15/15
 Early stopping triggered at epoch 24.

Loading best model (epoch=9, qwk=0.8403)

Test | loss=0.7139 | top1=69.26% | top2=92.03% | top3=99.09% | acc=69.26% | bal_acc=70.56% | macro_f1=0.7009 | qwk=0.8532 | mae=0.3406 | weighted_f1=0.6964 | precision_macro=0.7048 | recall_macro=0.7056
     ovr_roc_auc_macro=0.9079 | ovr_pr_auc_macro=0.7518
Checkpoint: /root/autodl-tmp/MedVisionLab/Knee/checkpoints/best_convnext_t_mesc_equal_dast_convnext_t_all_5seed_koa_mesc_equal_dast_seed5.pt
