COMMAND: /root/miniconda3/envs/medvision/bin/python -u /root/autodl-tmp/MedVisionLab/tools/train_convnext_t_experiment.py --dataset koa --data-root /root/autodl-tmp/Knee_Osteoarthritis --attention mesc --loss ce --seed 5 --epochs 60 --patience 15 --batch-size 32 --image-size 224 --num-workers 4 --early-delta 0.0001 --base-lr 0.0001 --koa-backbone-lr 0.0001 --koa-head-lr 0.001 --weight-decay 0.0001 --dast-tau 1.0 --dast-gamma 1.5 --sord-tau 1.0 --label-smoothing 0.1 --run-tag convnext_t_all_5seed_koa_mesc_ce_seed5
==========================================================================================
Starting ConvNeXt-T experiment on KOA...
Using device: cuda
CUDA device: NVIDIA GeForce RTX 3090
Config | seed=5, attention=mesc, loss=ce, epochs=60, patience=15, batch_size=32, image_size=224, pretrained=True
Backbone: ConvNeXt-T | stage3=features[5] | stage3_channels=384
Data root: /root/autodl-tmp/Knee_Osteoarthritis
Class order: ['0_Normal', '1_Doubtful', '2_Mild', '3_Moderate', '4_Severe']
Split sizes | train=5778, valid=826, test=1656
Train class counts: [2286, 1046, 1516, 757, 173]
Optimizer: AdamW | backbone=0.0001, attention+head=0.001, weight_decay=0.0001
Trainable parameters: 28,383,953

Epoch 01/60 | Time 0m 55s
  Train | loss=1.4056 | top1=39.34% | top2=64.50% | top3=83.14%
  Valid | loss=1.3461 | top1=43.95% | top2=65.38% | top3=84.02% | acc=43.95% | bal_acc=23.57% | macro_f1=0.1754 | qwk=0.2791 | mae=0.9697 | weighted_f1=0.3125 | precision_macro=0.1597 | recall_macro=0.2357
 Validation improved. Saved best model (qwk=0.2791)

Epoch 02/60 | Time 0m 55s
  Train | loss=1.1368 | top1=51.90% | top2=76.36% | top3=92.80%
  Valid | loss=1.0362 | top1=59.08% | top2=84.62% | top3=97.58% | acc=59.08% | bal_acc=44.33% | macro_f1=0.4439 | qwk=0.6839 | mae=0.5726 | weighted_f1=0.5135 | precision_macro=0.5747 | recall_macro=0.4433
 Validation improved. Saved best model (qwk=0.6839)

Epoch 03/60 | Time 0m 55s
  Train | loss=0.9235 | top1=61.02% | top2=86.28% | top3=98.13%
  Valid | loss=0.8676 | top1=64.77% | top2=86.92% | top3=97.70% | acc=64.77% | bal_acc=52.20% | macro_f1=0.5149 | qwk=0.7626 | mae=0.4528 | weighted_f1=0.6117 | precision_macro=0.6791 | recall_macro=0.5220
 Validation improved. Saved best model (qwk=0.7626)

Epoch 04/60 | Time 0m 55s
  Train | loss=0.8741 | top1=62.95% | top2=87.09% | top3=98.53%
  Valid | loss=0.8868 | top1=63.68% | top2=85.96% | top3=98.43% | acc=63.68% | bal_acc=56.48% | macro_f1=0.5653 | qwk=0.7389 | mae=0.5012 | weighted_f1=0.5673 | precision_macro=0.7991 | recall_macro=0.5648
 No improvement. Bad epochs: 1/15

Epoch 05/60 | Time 0m 55s
  Train | loss=0.7836 | top1=67.06% | top2=89.04% | top3=99.12%
  Valid | loss=0.9384 | top1=65.86% | top2=88.74% | top3=99.03% | acc=65.86% | bal_acc=59.70% | macro_f1=0.5988 | qwk=0.7723 | mae=0.4504 | weighted_f1=0.5921 | precision_macro=0.6777 | recall_macro=0.5970
 Validation improved. Saved best model (qwk=0.7723)

Epoch 06/60 | Time 0m 55s
  Train | loss=0.7713 | top1=67.71% | top2=89.53% | top3=98.91%
  Valid | loss=0.7838 | top1=66.22% | top2=89.10% | top3=98.79% | acc=66.22% | bal_acc=63.85% | macro_f1=0.6421 | qwk=0.8063 | mae=0.4068 | weighted_f1=0.6380 | precision_macro=0.6850 | recall_macro=0.6385
 Validation improved. Saved best model (qwk=0.8063)

Epoch 07/60 | Time 0m 55s
  Train | loss=0.7138 | top1=69.85% | top2=91.26% | top3=99.33%
  Valid | loss=0.7899 | top1=64.65% | top2=89.83% | top3=98.91% | acc=64.65% | bal_acc=60.26% | macro_f1=0.6285 | qwk=0.8017 | mae=0.4153 | weighted_f1=0.6255 | precision_macro=0.6922 | recall_macro=0.6026
 No improvement. Bad epochs: 1/15

Epoch 08/60 | Time 0m 55s
  Train | loss=0.6863 | top1=70.70% | top2=91.69% | top3=99.43%
  Valid | loss=0.8667 | top1=61.86% | top2=86.44% | top3=98.31% | acc=61.86% | bal_acc=68.54% | macro_f1=0.6668 | qwk=0.7828 | mae=0.4431 | weighted_f1=0.6283 | precision_macro=0.6848 | recall_macro=0.6854
 No improvement. Bad epochs: 2/15

Epoch 09/60 | Time 0m 55s
  Train | loss=0.6619 | top1=71.77% | top2=92.37% | top3=99.57%
  Valid | loss=0.7669 | top1=69.25% | top2=90.44% | top3=99.03% | acc=69.25% | bal_acc=68.12% | macro_f1=0.6758 | qwk=0.8202 | mae=0.3801 | weighted_f1=0.6659 | precision_macro=0.6970 | recall_macro=0.6812
 Validation improved. Saved best model (qwk=0.8202)

Epoch 10/60 | Time 0m 55s
  Train | loss=0.6263 | top1=74.06% | top2=93.27% | top3=99.62%
  Valid | loss=0.7686 | top1=67.55% | top2=90.56% | top3=99.15% | acc=67.55% | bal_acc=65.09% | macro_f1=0.6303 | qwk=0.7956 | mae=0.4189 | weighted_f1=0.6115 | precision_macro=0.6466 | recall_macro=0.6509
 No improvement. Bad epochs: 1/15

Epoch 11/60 | Time 0m 55s
  Train | loss=0.5986 | top1=74.30% | top2=93.99% | top3=99.74%
  Valid | loss=0.8269 | top1=67.07% | top2=89.10% | top3=98.79% | acc=67.07% | bal_acc=66.09% | macro_f1=0.6499 | qwk=0.8048 | mae=0.4056 | weighted_f1=0.6518 | precision_macro=0.6704 | recall_macro=0.6609
 No improvement. Bad epochs: 2/15

Epoch 12/60 | Time 0m 55s
  Train | loss=0.5561 | top1=76.91% | top2=94.93% | top3=99.72%
  Valid | loss=0.9411 | top1=65.01% | top2=87.17% | top3=98.06% | acc=65.01% | bal_acc=68.31% | macro_f1=0.6323 | qwk=0.7810 | mae=0.4492 | weighted_f1=0.6315 | precision_macro=0.6232 | recall_macro=0.6831
 No improvement. Bad epochs: 3/15

Epoch 13/60 | Time 0m 55s
  Train | loss=0.5479 | top1=76.70% | top2=95.21% | top3=99.78%
  Valid | loss=0.8139 | top1=67.31% | top2=88.01% | top3=98.18% | acc=67.31% | bal_acc=70.92% | macro_f1=0.6793 | qwk=0.8142 | mae=0.3947 | weighted_f1=0.6699 | precision_macro=0.6604 | recall_macro=0.7092
 No improvement. Bad epochs: 4/15

Epoch 14/60 | Time 0m 55s
  Train | loss=0.5012 | top1=78.57% | top2=95.79% | top3=99.84%
  Valid | loss=0.8841 | top1=67.07% | top2=89.71% | top3=98.91% | acc=67.07% | bal_acc=65.86% | macro_f1=0.6752 | qwk=0.8169 | mae=0.3874 | weighted_f1=0.6645 | precision_macro=0.7050 | recall_macro=0.6586
 No improvement. Bad epochs: 5/15

Epoch 15/60 | Time 0m 55s
  Train | loss=0.4760 | top1=80.01% | top2=96.19% | top3=99.93%
  Valid | loss=0.8760 | top1=69.37% | top2=90.07% | top3=98.79% | acc=69.37% | bal_acc=70.98% | macro_f1=0.7016 | qwk=0.8227 | mae=0.3753 | weighted_f1=0.6874 | precision_macro=0.6992 | recall_macro=0.7098
 Validation improved. Saved best model (qwk=0.8227)

Epoch 16/60 | Time 0m 55s
  Train | loss=0.4439 | top1=81.84% | top2=97.13% | top3=99.86%
  Valid | loss=0.9325 | top1=66.95% | top2=87.65% | top3=98.43% | acc=66.95% | bal_acc=70.29% | macro_f1=0.6919 | qwk=0.8102 | mae=0.4007 | weighted_f1=0.6635 | precision_macro=0.6843 | recall_macro=0.7029
 No improvement. Bad epochs: 1/15

Epoch 17/60 | Time 0m 55s
  Train | loss=0.4115 | top1=83.11% | top2=97.23% | top3=99.83%
  Valid | loss=0.9309 | top1=65.38% | top2=89.47% | top3=98.67% | acc=65.38% | bal_acc=67.68% | macro_f1=0.6940 | qwk=0.8212 | mae=0.3898 | weighted_f1=0.6639 | precision_macro=0.7167 | recall_macro=0.6768
 No improvement. Bad epochs: 2/15

Epoch 18/60 | Time 0m 55s
  Train | loss=0.4007 | top1=83.54% | top2=97.39% | top3=99.86%
  Valid | loss=0.9570 | top1=65.50% | top2=89.95% | top3=99.15% | acc=65.50% | bal_acc=68.18% | macro_f1=0.6868 | qwk=0.8192 | mae=0.3971 | weighted_f1=0.6610 | precision_macro=0.6965 | recall_macro=0.6818
 No improvement. Bad epochs: 3/15

Epoch 19/60 | Time 0m 55s
  Train | loss=0.3637 | top1=85.19% | top2=97.80% | top3=99.95%
  Valid | loss=0.9869 | top1=65.25% | top2=89.23% | top3=98.55% | acc=65.25% | bal_acc=66.68% | macro_f1=0.6867 | qwk=0.8108 | mae=0.4056 | weighted_f1=0.6595 | precision_macro=0.7178 | recall_macro=0.6668
 No improvement. Bad epochs: 4/15

Epoch 20/60 | Time 0m 55s
  Train | loss=0.3155 | top1=87.30% | top2=98.36% | top3=99.93%
  Valid | loss=1.0649 | top1=66.34% | top2=88.86% | top3=98.55% | acc=66.34% | bal_acc=69.12% | macro_f1=0.6995 | qwk=0.8260 | mae=0.3801 | weighted_f1=0.6762 | precision_macro=0.7174 | recall_macro=0.6912
 Validation improved. Saved best model (qwk=0.8260)

Epoch 21/60 | Time 0m 55s
  Train | loss=0.3041 | top1=87.56% | top2=98.51% | top3=99.91%
  Valid | loss=1.2484 | top1=67.68% | top2=90.68% | top3=98.67% | acc=67.68% | bal_acc=67.65% | macro_f1=0.6788 | qwk=0.8192 | mae=0.3886 | weighted_f1=0.6652 | precision_macro=0.6926 | recall_macro=0.6765
 No improvement. Bad epochs: 1/15

Epoch 22/60 | Time 0m 55s
  Train | loss=0.2665 | top1=89.46% | top2=98.88% | top3=99.98%
  Valid | loss=1.1595 | top1=64.29% | top2=89.47% | top3=98.31% | acc=64.29% | bal_acc=67.33% | macro_f1=0.6716 | qwk=0.8129 | mae=0.4092 | weighted_f1=0.6517 | precision_macro=0.6737 | recall_macro=0.6733
 No improvement. Bad epochs: 2/15

Epoch 23/60 | Time 0m 55s
  Train | loss=0.2413 | top1=90.76% | top2=98.75% | top3=99.98%
  Valid | loss=1.2398 | top1=64.16% | top2=88.14% | top3=98.91% | acc=64.16% | bal_acc=66.25% | macro_f1=0.6672 | qwk=0.7998 | mae=0.4286 | weighted_f1=0.6380 | precision_macro=0.6860 | recall_macro=0.6625
 No improvement. Bad epochs: 3/15

Epoch 24/60 | Time 0m 55s
  Train | loss=0.2363 | top1=91.14% | top2=99.08% | top3=100.00%
  Valid | loss=1.4187 | top1=64.04% | top2=86.80% | top3=98.31% | acc=64.04% | bal_acc=67.17% | macro_f1=0.6618 | qwk=0.8019 | mae=0.4153 | weighted_f1=0.6475 | precision_macro=0.6820 | recall_macro=0.6717
 No improvement. Bad epochs: 4/15

Epoch 25/60 | Time 0m 55s
  Train | loss=0.2011 | top1=92.33% | top2=99.46% | top3=99.97%
  Valid | loss=1.3481 | top1=63.08% | top2=88.50% | top3=98.67% | acc=63.08% | bal_acc=68.19% | macro_f1=0.6838 | qwk=0.8055 | mae=0.4165 | weighted_f1=0.6479 | precision_macro=0.7037 | recall_macro=0.6819
 No improvement. Bad epochs: 5/15

Epoch 26/60 | Time 0m 55s
  Train | loss=0.1687 | top1=93.35% | top2=99.46% | top3=100.00%
  Valid | loss=1.4456 | top1=65.25% | top2=89.10% | top3=99.27% | acc=65.25% | bal_acc=66.50% | macro_f1=0.6707 | qwk=0.8135 | mae=0.4068 | weighted_f1=0.6523 | precision_macro=0.6797 | recall_macro=0.6650
 No improvement. Bad epochs: 6/15

Epoch 27/60 | Time 0m 55s
  Train | loss=0.1669 | top1=93.70% | top2=99.34% | top3=99.98%
  Valid | loss=1.3476 | top1=66.83% | top2=90.56% | top3=98.43% | acc=66.83% | bal_acc=67.63% | macro_f1=0.6793 | qwk=0.8144 | mae=0.3959 | weighted_f1=0.6638 | precision_macro=0.6845 | recall_macro=0.6763
 No improvement. Bad epochs: 7/15

Epoch 28/60 | Time 0m 55s
  Train | loss=0.1332 | top1=95.19% | top2=99.58% | top3=100.00%
  Valid | loss=1.7285 | top1=61.74% | top2=85.59% | top3=97.09% | acc=61.74% | bal_acc=68.32% | macro_f1=0.6718 | qwk=0.7919 | mae=0.4358 | weighted_f1=0.6282 | precision_macro=0.6868 | recall_macro=0.6832
 No improvement. Bad epochs: 8/15

Epoch 29/60 | Time 0m 55s
  Train | loss=0.1373 | top1=94.84% | top2=99.67% | top3=100.00%
  Valid | loss=1.5370 | top1=66.46% | top2=89.35% | top3=98.06% | acc=66.46% | bal_acc=68.68% | macro_f1=0.6783 | qwk=0.8112 | mae=0.4031 | weighted_f1=0.6602 | precision_macro=0.6711 | recall_macro=0.6868
 No improvement. Bad epochs: 9/15

Epoch 30/60 | Time 0m 55s
  Train | loss=0.1093 | top1=95.97% | top2=99.55% | top3=100.00%
  Valid | loss=1.5417 | top1=64.53% | top2=89.95% | top3=98.06% | acc=64.53% | bal_acc=66.98% | macro_f1=0.6819 | qwk=0.8168 | mae=0.4044 | weighted_f1=0.6523 | precision_macro=0.6978 | recall_macro=0.6698
 No improvement. Bad epochs: 10/15

Epoch 31/60 | Time 0m 55s
  Train | loss=0.1078 | top1=96.12% | top2=99.64% | top3=100.00%
  Valid | loss=1.8542 | top1=62.95% | top2=88.38% | top3=97.94% | acc=62.95% | bal_acc=62.43% | macro_f1=0.6539 | qwk=0.7918 | mae=0.4358 | weighted_f1=0.6312 | precision_macro=0.6997 | recall_macro=0.6243
 No improvement. Bad epochs: 11/15

Epoch 32/60 | Time 0m 55s
  Train | loss=0.0946 | top1=96.47% | top2=99.83% | top3=100.00%
  Valid | loss=1.6306 | top1=65.98% | top2=90.07% | top3=98.67% | acc=65.98% | bal_acc=66.69% | macro_f1=0.6643 | qwk=0.8010 | mae=0.4140 | weighted_f1=0.6485 | precision_macro=0.6736 | recall_macro=0.6669
 No improvement. Bad epochs: 12/15

Epoch 33/60 | Time 0m 55s
  Train | loss=0.0880 | top1=96.80% | top2=99.81% | top3=100.00%
  Valid | loss=1.6520 | top1=66.71% | top2=89.83% | top3=98.06% | acc=66.71% | bal_acc=69.50% | macro_f1=0.6848 | qwk=0.8108 | mae=0.4007 | weighted_f1=0.6682 | precision_macro=0.6813 | recall_macro=0.6950
 No improvement. Bad epochs: 13/15

Epoch 34/60 | Time 0m 55s
  Train | loss=0.0871 | top1=96.94% | top2=99.81% | top3=99.98%
  Valid | loss=1.6528 | top1=65.01% | top2=88.74% | top3=98.55% | acc=65.01% | bal_acc=68.01% | macro_f1=0.6940 | qwk=0.8162 | mae=0.3971 | weighted_f1=0.6643 | precision_macro=0.7178 | recall_macro=0.6801
 No improvement. Bad epochs: 14/15

Epoch 35/60 | Time 0m 55s
  Train | loss=0.0718 | top1=97.42% | top2=99.78% | top3=99.98%
  Valid | loss=1.7136 | top1=65.25% | top2=90.31% | top3=98.31% | acc=65.25% | bal_acc=67.50% | macro_f1=0.6671 | qwk=0.8061 | mae=0.4140 | weighted_f1=0.6504 | precision_macro=0.6641 | recall_macro=0.6750
 No improvement. Bad epochs: 15/15
 Early stopping triggered at epoch 35.

Loading best model (epoch=20, qwk=0.8260)

Test | loss=0.9055 | top1=68.66% | top2=92.39% | top3=99.46% | acc=68.66% | bal_acc=68.50% | macro_f1=0.7009 | qwk=0.8574 | mae=0.3382 | weighted_f1=0.6959 | precision_macro=0.7254 | recall_macro=0.6850
     ovr_roc_auc_macro=0.9133 | ovr_pr_auc_macro=0.7659
Checkpoint: /root/autodl-tmp/MedVisionLab/Knee/checkpoints/best_convnext_t_mesc_ce_convnext_t_all_5seed_koa_mesc_ce_seed5.pt
