COMMAND: /root/miniconda3/envs/medvision/bin/python -u /root/autodl-tmp/MedVisionLab/tools/train_convnext_t_experiment.py --dataset koa --data-root /root/autodl-tmp/Knee_Osteoarthritis --attention mesc --loss sord_ce --seed 9 --epochs 60 --patience 15 --batch-size 32 --image-size 224 --num-workers 4 --early-delta 0.0001 --base-lr 0.0001 --koa-backbone-lr 0.0001 --koa-head-lr 0.001 --weight-decay 0.0001 --dast-tau 1.0 --dast-gamma 1.5 --sord-tau 1.0 --label-smoothing 0.1 --run-tag convnext_t_all_5seed_koa_mesc_sord_seed9
==========================================================================================
Starting ConvNeXt-T experiment on KOA...
Using device: cuda
CUDA device: NVIDIA GeForce RTX 3090
Config | seed=9, attention=mesc, loss=sord_ce, epochs=60, patience=15, batch_size=32, image_size=224, pretrained=True
Backbone: ConvNeXt-T | stage3=features[5] | stage3_channels=384
Data root: /root/autodl-tmp/Knee_Osteoarthritis
Class order: ['0_Normal', '1_Doubtful', '2_Mild', '3_Moderate', '4_Severe']
Split sizes | train=5778, valid=826, test=1656
Train class counts: [2286, 1046, 1516, 757, 173]
Optimizer: AdamW | backbone=0.0001, attention+head=0.001, weight_decay=0.0001
Trainable parameters: 28,383,953

Epoch 01/60 | Time 0m 55s
  Train | loss=1.5035 | top1=41.16% | top2=62.63% | top3=84.44%
  Valid | loss=1.4420 | top1=45.28% | top2=71.91% | top3=90.80% | acc=45.28% | bal_acc=27.96% | macro_f1=0.2399 | qwk=0.4111 | mae=0.8995 | weighted_f1=0.3487 | precision_macro=0.2556 | recall_macro=0.2796
 Validation improved. Saved best model (qwk=0.4111)

Epoch 02/60 | Time 0m 54s
  Train | loss=1.3800 | top1=53.44% | top2=79.04% | top3=95.38%
  Valid | loss=1.3476 | top1=56.30% | top2=83.66% | top3=98.43% | acc=56.30% | bal_acc=44.63% | macro_f1=0.4577 | qwk=0.7479 | mae=0.5109 | weighted_f1=0.5544 | precision_macro=0.6461 | recall_macro=0.4463
 Validation improved. Saved best model (qwk=0.7479)

Epoch 03/60 | Time 0m 54s
  Train | loss=1.3418 | top1=60.07% | top2=84.87% | top3=97.91%
  Valid | loss=1.3564 | top1=61.86% | top2=84.26% | top3=96.85% | acc=61.86% | bal_acc=46.81% | macro_f1=0.4151 | qwk=0.7133 | mae=0.5133 | weighted_f1=0.5471 | precision_macro=0.3808 | recall_macro=0.4681
 No improvement. Bad epochs: 1/15

Epoch 04/60 | Time 0m 54s
  Train | loss=1.3186 | top1=63.45% | top2=87.92% | top3=98.48%
  Valid | loss=1.3526 | top1=60.05% | top2=81.96% | top3=94.79% | acc=60.05% | bal_acc=59.70% | macro_f1=0.5831 | qwk=0.7353 | mae=0.5169 | weighted_f1=0.5884 | precision_macro=0.6065 | recall_macro=0.5970
 No improvement. Bad epochs: 2/15

Epoch 05/60 | Time 0m 54s
  Train | loss=1.3180 | top1=64.73% | top2=87.63% | top3=98.34%
  Valid | loss=1.3167 | top1=64.41% | top2=87.17% | top3=98.79% | acc=64.41% | bal_acc=62.00% | macro_f1=0.6138 | qwk=0.7824 | mae=0.4516 | weighted_f1=0.6093 | precision_macro=0.6482 | recall_macro=0.6200
 Validation improved. Saved best model (qwk=0.7824)

Epoch 06/60 | Time 0m 54s
  Train | loss=1.2978 | top1=67.79% | top2=90.10% | top3=98.84%
  Valid | loss=1.3071 | top1=65.74% | top2=88.50% | top3=98.18% | acc=65.74% | bal_acc=63.73% | macro_f1=0.6157 | qwk=0.7801 | mae=0.4431 | weighted_f1=0.6065 | precision_macro=0.6211 | recall_macro=0.6373
 No improvement. Bad epochs: 1/15

Epoch 07/60 | Time 0m 54s
  Train | loss=1.2898 | top1=69.02% | top2=90.74% | top3=98.98%
  Valid | loss=1.3362 | top1=61.99% | top2=84.50% | top3=96.37% | acc=61.99% | bal_acc=63.57% | macro_f1=0.6325 | qwk=0.7481 | mae=0.4843 | weighted_f1=0.6106 | precision_macro=0.6476 | recall_macro=0.6357
 No improvement. Bad epochs: 2/15

Epoch 08/60 | Time 0m 54s
  Train | loss=1.2850 | top1=69.51% | top2=92.00% | top3=99.07%
  Valid | loss=1.3102 | top1=64.89% | top2=88.62% | top3=97.94% | acc=64.89% | bal_acc=50.70% | macro_f1=0.4778 | qwk=0.7792 | mae=0.4395 | weighted_f1=0.6019 | precision_macro=0.6659 | recall_macro=0.5070
 No improvement. Bad epochs: 3/15

Epoch 09/60 | Time 0m 54s
  Train | loss=1.2760 | top1=71.62% | top2=92.80% | top3=99.31%
  Valid | loss=1.2986 | top1=68.52% | top2=90.07% | top3=98.67% | acc=68.52% | bal_acc=63.86% | macro_f1=0.6569 | qwk=0.8182 | mae=0.3850 | weighted_f1=0.6579 | precision_macro=0.7144 | recall_macro=0.6386
 Validation improved. Saved best model (qwk=0.8182)

Epoch 10/60 | Time 0m 54s
  Train | loss=1.2738 | top1=72.08% | top2=92.96% | top3=99.33%
  Valid | loss=1.3005 | top1=68.77% | top2=88.98% | top3=97.46% | acc=68.77% | bal_acc=68.57% | macro_f1=0.6885 | qwk=0.8239 | mae=0.3765 | weighted_f1=0.6665 | precision_macro=0.7068 | recall_macro=0.6857
 Validation improved. Saved best model (qwk=0.8239)

Epoch 11/60 | Time 0m 54s
  Train | loss=1.2666 | top1=74.14% | top2=94.10% | top3=99.45%
  Valid | loss=1.3033 | top1=67.43% | top2=89.47% | top3=98.18% | acc=67.43% | bal_acc=64.31% | macro_f1=0.6561 | qwk=0.8094 | mae=0.3983 | weighted_f1=0.6553 | precision_macro=0.6979 | recall_macro=0.6431
 No improvement. Bad epochs: 1/15

Epoch 12/60 | Time 0m 54s
  Train | loss=1.2614 | top1=74.96% | top2=94.70% | top3=99.34%
  Valid | loss=1.3008 | top1=67.55% | top2=89.23% | top3=98.67% | acc=67.55% | bal_acc=65.87% | macro_f1=0.6710 | qwk=0.8211 | mae=0.3850 | weighted_f1=0.6628 | precision_macro=0.6967 | recall_macro=0.6587
 No improvement. Bad epochs: 2/15

Epoch 13/60 | Time 0m 54s
  Train | loss=1.2577 | top1=75.41% | top2=94.67% | top3=99.58%
  Valid | loss=1.3178 | top1=63.08% | top2=86.92% | top3=98.67% | acc=63.08% | bal_acc=61.14% | macro_f1=0.6429 | qwk=0.7863 | mae=0.4443 | weighted_f1=0.6218 | precision_macro=0.6926 | recall_macro=0.6114
 No improvement. Bad epochs: 3/15

Epoch 14/60 | Time 0m 54s
  Train | loss=1.2531 | top1=77.10% | top2=95.02% | top3=99.64%
  Valid | loss=1.2953 | top1=68.40% | top2=89.59% | top3=97.94% | acc=68.40% | bal_acc=68.45% | macro_f1=0.6906 | qwk=0.8294 | mae=0.3741 | weighted_f1=0.6684 | precision_macro=0.7050 | recall_macro=0.6845
 Validation improved. Saved best model (qwk=0.8294)

Epoch 15/60 | Time 0m 54s
  Train | loss=1.2460 | top1=78.31% | top2=95.98% | top3=99.72%
  Valid | loss=1.3079 | top1=66.83% | top2=88.26% | top3=97.34% | acc=66.83% | bal_acc=69.46% | macro_f1=0.6824 | qwk=0.8253 | mae=0.3862 | weighted_f1=0.6708 | precision_macro=0.6741 | recall_macro=0.6946
 No improvement. Bad epochs: 1/15

Epoch 16/60 | Time 0m 54s
  Train | loss=1.2413 | top1=78.75% | top2=96.54% | top3=99.69%
  Valid | loss=1.3034 | top1=69.01% | top2=89.10% | top3=97.09% | acc=69.01% | bal_acc=70.00% | macro_f1=0.7004 | qwk=0.8231 | mae=0.3765 | weighted_f1=0.6804 | precision_macro=0.7057 | recall_macro=0.7000
 No improvement. Bad epochs: 2/15

Epoch 17/60 | Time 0m 54s
  Train | loss=1.2384 | top1=79.91% | top2=96.54% | top3=99.79%
  Valid | loss=1.2967 | top1=68.04% | top2=90.56% | top3=98.91% | acc=68.04% | bal_acc=67.76% | macro_f1=0.6835 | qwk=0.8321 | mae=0.3705 | weighted_f1=0.6739 | precision_macro=0.7012 | recall_macro=0.6776
 Validation improved. Saved best model (qwk=0.8321)

Epoch 18/60 | Time 0m 54s
  Train | loss=1.2329 | top1=81.60% | top2=97.37% | top3=99.79%
  Valid | loss=1.3074 | top1=67.19% | top2=88.50% | top3=97.58% | acc=67.19% | bal_acc=69.59% | macro_f1=0.6773 | qwk=0.8174 | mae=0.3898 | weighted_f1=0.6665 | precision_macro=0.6825 | recall_macro=0.6959
 No improvement. Bad epochs: 1/15

Epoch 19/60 | Time 0m 54s
  Train | loss=1.2306 | top1=81.78% | top2=97.59% | top3=99.88%
  Valid | loss=1.3010 | top1=68.64% | top2=89.71% | top3=98.55% | acc=68.64% | bal_acc=69.82% | macro_f1=0.7129 | qwk=0.8388 | mae=0.3559 | weighted_f1=0.6924 | precision_macro=0.7318 | recall_macro=0.6982
 Validation improved. Saved best model (qwk=0.8388)

Epoch 20/60 | Time 0m 54s
  Train | loss=1.2239 | top1=84.04% | top2=98.01% | top3=99.81%
  Valid | loss=1.3039 | top1=67.19% | top2=90.44% | top3=98.67% | acc=67.19% | bal_acc=68.62% | macro_f1=0.6971 | qwk=0.8286 | mae=0.3777 | weighted_f1=0.6732 | precision_macro=0.7121 | recall_macro=0.6862
 No improvement. Bad epochs: 1/15

Epoch 21/60 | Time 0m 54s
  Train | loss=1.2209 | top1=84.86% | top2=98.10% | top3=99.88%
  Valid | loss=1.3059 | top1=66.59% | top2=89.83% | top3=97.58% | acc=66.59% | bal_acc=69.14% | macro_f1=0.7002 | qwk=0.8310 | mae=0.3789 | weighted_f1=0.6729 | precision_macro=0.7158 | recall_macro=0.6914
 No improvement. Bad epochs: 2/15

Epoch 22/60 | Time 0m 54s
  Train | loss=1.2203 | top1=84.67% | top2=98.37% | top3=99.90%
  Valid | loss=1.3158 | top1=67.31% | top2=89.10% | top3=97.82% | acc=67.31% | bal_acc=69.74% | macro_f1=0.7042 | qwk=0.8253 | mae=0.3789 | weighted_f1=0.6786 | precision_macro=0.7129 | recall_macro=0.6974
 No improvement. Bad epochs: 3/15

Epoch 23/60 | Time 0m 54s
  Train | loss=1.2128 | top1=86.55% | top2=98.72% | top3=99.88%
  Valid | loss=1.3173 | top1=66.95% | top2=87.53% | top3=97.09% | acc=66.95% | bal_acc=68.44% | macro_f1=0.7015 | qwk=0.8274 | mae=0.3741 | weighted_f1=0.6813 | precision_macro=0.7382 | recall_macro=0.6844
 No improvement. Bad epochs: 4/15

Epoch 24/60 | Time 0m 54s
  Train | loss=1.2088 | top1=88.20% | top2=98.74% | top3=99.91%
  Valid | loss=1.3143 | top1=68.04% | top2=88.98% | top3=96.25% | acc=68.04% | bal_acc=71.02% | macro_f1=0.7015 | qwk=0.8217 | mae=0.3814 | weighted_f1=0.6809 | precision_macro=0.6948 | recall_macro=0.7102
 No improvement. Bad epochs: 5/15

Epoch 25/60 | Time 0m 54s
  Train | loss=1.2074 | top1=88.44% | top2=99.07% | top3=99.95%
  Valid | loss=1.3319 | top1=65.25% | top2=86.56% | top3=96.61% | acc=65.25% | bal_acc=68.24% | macro_f1=0.6864 | qwk=0.8043 | mae=0.4116 | weighted_f1=0.6596 | precision_macro=0.6941 | recall_macro=0.6824
 No improvement. Bad epochs: 6/15

Epoch 26/60 | Time 0m 54s
  Train | loss=1.2033 | top1=89.93% | top2=99.07% | top3=99.91%
  Valid | loss=1.3295 | top1=63.44% | top2=88.86% | top3=97.94% | acc=63.44% | bal_acc=64.88% | macro_f1=0.6673 | qwk=0.8080 | mae=0.4128 | weighted_f1=0.6455 | precision_macro=0.7016 | recall_macro=0.6488
 No improvement. Bad epochs: 7/15

Epoch 27/60 | Time 0m 54s
  Train | loss=1.2022 | top1=89.82% | top2=99.19% | top3=99.97%
  Valid | loss=1.3304 | top1=62.59% | top2=87.05% | top3=96.97% | acc=62.59% | bal_acc=66.99% | macro_f1=0.6777 | qwk=0.8069 | mae=0.4189 | weighted_f1=0.6431 | precision_macro=0.7016 | recall_macro=0.6699
 No improvement. Bad epochs: 8/15

Epoch 28/60 | Time 0m 54s
  Train | loss=1.1982 | top1=91.23% | top2=99.38% | top3=99.97%
  Valid | loss=1.3275 | top1=65.13% | top2=86.80% | top3=97.58% | acc=65.13% | bal_acc=67.74% | macro_f1=0.6962 | qwk=0.8091 | mae=0.4007 | weighted_f1=0.6635 | precision_macro=0.7268 | recall_macro=0.6774
 No improvement. Bad epochs: 9/15

Epoch 29/60 | Time 0m 54s
  Train | loss=1.1963 | top1=91.92% | top2=99.29% | top3=99.95%
  Valid | loss=1.3268 | top1=67.55% | top2=89.47% | top3=98.06% | acc=67.55% | bal_acc=69.55% | macro_f1=0.7123 | qwk=0.8255 | mae=0.3765 | weighted_f1=0.6811 | precision_macro=0.7390 | recall_macro=0.6955
 No improvement. Bad epochs: 10/15

Epoch 30/60 | Time 0m 54s
  Train | loss=1.1954 | top1=91.90% | top2=99.27% | top3=99.90%
  Valid | loss=1.3260 | top1=66.34% | top2=86.56% | top3=97.22% | acc=66.34% | bal_acc=69.83% | macro_f1=0.6977 | qwk=0.8244 | mae=0.3862 | weighted_f1=0.6716 | precision_macro=0.7025 | recall_macro=0.6983
 No improvement. Bad epochs: 11/15

Epoch 31/60 | Time 0m 54s
  Train | loss=1.1909 | top1=93.35% | top2=99.57% | top3=99.98%
  Valid | loss=1.3271 | top1=65.74% | top2=86.92% | top3=97.82% | acc=65.74% | bal_acc=67.65% | macro_f1=0.6972 | qwk=0.8173 | mae=0.3910 | weighted_f1=0.6708 | precision_macro=0.7325 | recall_macro=0.6765
 No improvement. Bad epochs: 12/15

Epoch 32/60 | Time 0m 54s
  Train | loss=1.1894 | top1=93.51% | top2=99.65% | top3=99.98%
  Valid | loss=1.3282 | top1=65.74% | top2=88.26% | top3=97.94% | acc=65.74% | bal_acc=67.21% | macro_f1=0.6881 | qwk=0.8200 | mae=0.3947 | weighted_f1=0.6607 | precision_macro=0.7130 | recall_macro=0.6721
 No improvement. Bad epochs: 13/15

Epoch 33/60 | Time 0m 54s
  Train | loss=1.1884 | top1=93.77% | top2=99.65% | top3=99.98%
  Valid | loss=1.3368 | top1=65.01% | top2=84.38% | top3=96.25% | acc=65.01% | bal_acc=68.78% | macro_f1=0.6970 | qwk=0.8105 | mae=0.3995 | weighted_f1=0.6639 | precision_macro=0.7214 | recall_macro=0.6878
 No improvement. Bad epochs: 14/15

Epoch 34/60 | Time 0m 54s
  Train | loss=1.1861 | top1=94.51% | top2=99.72% | top3=99.97%
  Valid | loss=1.3365 | top1=66.59% | top2=85.47% | top3=96.97% | acc=66.59% | bal_acc=70.39% | macro_f1=0.7087 | qwk=0.8185 | mae=0.3826 | weighted_f1=0.6787 | precision_macro=0.7270 | recall_macro=0.7039
 No improvement. Bad epochs: 15/15
 Early stopping triggered at epoch 34.

Loading best model (epoch=19, qwk=0.8388)

Test | loss=1.2896 | top1=70.41% | top2=91.12% | top3=98.67% | acc=70.41% | bal_acc=69.28% | macro_f1=0.7081 | qwk=0.8587 | mae=0.3285 | weighted_f1=0.7053 | precision_macro=0.7267 | recall_macro=0.6928
     ovr_roc_auc_macro=0.9063 | ovr_pr_auc_macro=0.7480
Checkpoint: /root/autodl-tmp/MedVisionLab/Knee/checkpoints/best_convnext_t_mesc_sord_ce_convnext_t_all_5seed_koa_mesc_sord_seed9.pt
