COMMAND: /root/miniconda3/envs/medvision/bin/python -u /root/autodl-tmp/MedVisionLab/tools/train_convnext_t_experiment.py --dataset koa --data-root /root/autodl-tmp/Knee_Osteoarthritis --attention mesc_equal --loss dast --seed 1 --epochs 60 --patience 15 --batch-size 32 --image-size 224 --num-workers 4 --early-delta 0.0001 --base-lr 0.0001 --koa-backbone-lr 0.0001 --koa-head-lr 0.001 --weight-decay 0.0001 --dast-tau 1.0 --dast-gamma 1.5 --sord-tau 1.0 --label-smoothing 0.1 --run-tag convnext_t_all_5seed_koa_mesc_equal_dast_seed1
==========================================================================================
Starting ConvNeXt-T experiment on KOA...
Using device: cuda
CUDA device: NVIDIA GeForce RTX 3090
Config | seed=1, attention=mesc_equal, loss=dast, epochs=60, patience=15, batch_size=32, image_size=224, pretrained=True
Backbone: ConvNeXt-T | stage3=features[5] | stage3_channels=384
Data root: /root/autodl-tmp/Knee_Osteoarthritis
Class order: ['0_Normal', '1_Doubtful', '2_Mild', '3_Moderate', '4_Severe']
Split sizes | train=5778, valid=826, test=1656
Train class counts: [2286, 1046, 1516, 757, 173]
Optimizer: AdamW | backbone=0.0001, attention+head=0.001, weight_decay=0.0001
Trainable parameters: 28,383,941

Epoch 01/60 | Time 0m 55s
  Train | loss=1.0217 | top1=40.39% | top2=63.67% | top3=84.09%
  Valid | loss=0.9371 | top1=46.13% | top2=68.89% | top3=89.83% | acc=46.13% | bal_acc=28.36% | macro_f1=0.2464 | qwk=0.4045 | mae=0.8923 | weighted_f1=0.3568 | precision_macro=0.2729 | recall_macro=0.2836
 Validation improved. Saved best model (qwk=0.4045)

Epoch 02/60 | Time 0m 55s
  Train | loss=0.8727 | top1=50.40% | top2=76.79% | top3=94.50%
  Valid | loss=0.8535 | top1=53.03% | top2=77.24% | top3=96.49% | acc=53.03% | bal_acc=36.97% | macro_f1=0.3555 | qwk=0.6170 | mae=0.6707 | weighted_f1=0.4566 | precision_macro=0.5901 | recall_macro=0.3697
 Validation improved. Saved best model (qwk=0.6170)

Epoch 03/60 | Time 0m 55s
  Train | loss=0.7942 | top1=59.43% | top2=84.60% | top3=97.56%
  Valid | loss=0.7735 | top1=58.11% | top2=87.17% | top3=98.67% | acc=58.11% | bal_acc=53.44% | macro_f1=0.5443 | qwk=0.7912 | mae=0.4625 | weighted_f1=0.5861 | precision_macro=0.6895 | recall_macro=0.5344
 Validation improved. Saved best model (qwk=0.7912)

Epoch 04/60 | Time 0m 55s
  Train | loss=0.7636 | top1=63.85% | top2=87.61% | top3=98.74%
  Valid | loss=0.7484 | top1=67.31% | top2=88.01% | top3=98.43% | acc=67.31% | bal_acc=66.15% | macro_f1=0.6373 | qwk=0.7805 | mae=0.4322 | weighted_f1=0.6200 | precision_macro=0.7041 | recall_macro=0.6615
 No improvement. Bad epochs: 1/15

Epoch 05/60 | Time 0m 55s
  Train | loss=0.7507 | top1=65.16% | top2=88.06% | top3=98.62%
  Valid | loss=0.7450 | top1=67.07% | top2=88.14% | top3=98.43% | acc=67.07% | bal_acc=64.03% | macro_f1=0.6515 | qwk=0.7917 | mae=0.4177 | weighted_f1=0.6416 | precision_macro=0.7100 | recall_macro=0.6403
 Validation improved. Saved best model (qwk=0.7917)

Epoch 06/60 | Time 0m 55s
  Train | loss=0.7240 | top1=68.40% | top2=90.27% | top3=98.86%
  Valid | loss=0.7373 | top1=65.62% | top2=89.59% | top3=98.43% | acc=65.62% | bal_acc=67.01% | macro_f1=0.6454 | qwk=0.8261 | mae=0.3959 | weighted_f1=0.6515 | precision_macro=0.6458 | recall_macro=0.6701
 Validation improved. Saved best model (qwk=0.8261)

Epoch 07/60 | Time 0m 55s
  Train | loss=0.7125 | top1=69.59% | top2=91.36% | top3=99.17%
  Valid | loss=0.7343 | top1=67.07% | top2=90.44% | top3=98.79% | acc=67.07% | bal_acc=67.87% | macro_f1=0.6522 | qwk=0.8234 | mae=0.3959 | weighted_f1=0.6516 | precision_macro=0.6469 | recall_macro=0.6787
 No improvement. Bad epochs: 1/15

Epoch 08/60 | Time 0m 54s
  Train | loss=0.7006 | top1=71.43% | top2=92.09% | top3=99.19%
  Valid | loss=0.7325 | top1=68.89% | top2=90.68% | top3=98.18% | acc=68.89% | bal_acc=69.07% | macro_f1=0.6672 | qwk=0.8086 | mae=0.3959 | weighted_f1=0.6610 | precision_macro=0.6688 | recall_macro=0.6907
 No improvement. Bad epochs: 2/15

Epoch 09/60 | Time 0m 55s
  Train | loss=0.6950 | top1=71.62% | top2=92.73% | top3=99.36%
  Valid | loss=0.7277 | top1=68.16% | top2=88.14% | top3=98.43% | acc=68.16% | bal_acc=67.27% | macro_f1=0.6762 | qwk=0.7969 | mae=0.4044 | weighted_f1=0.6579 | precision_macro=0.7026 | recall_macro=0.6727
 No improvement. Bad epochs: 3/15

Epoch 10/60 | Time 0m 54s
  Train | loss=0.6832 | top1=72.65% | top2=93.46% | top3=99.39%
  Valid | loss=0.7244 | top1=69.13% | top2=89.71% | top3=98.43% | acc=69.13% | bal_acc=66.76% | macro_f1=0.6704 | qwk=0.8150 | mae=0.3814 | weighted_f1=0.6644 | precision_macro=0.6995 | recall_macro=0.6676
 No improvement. Bad epochs: 4/15

Epoch 11/60 | Time 0m 55s
  Train | loss=0.6759 | top1=73.73% | top2=93.61% | top3=99.46%
  Valid | loss=0.7400 | top1=66.95% | top2=88.98% | top3=98.31% | acc=66.95% | bal_acc=66.21% | macro_f1=0.6571 | qwk=0.8137 | mae=0.4031 | weighted_f1=0.6459 | precision_macro=0.6702 | recall_macro=0.6621
 No improvement. Bad epochs: 5/15

Epoch 12/60 | Time 0m 55s
  Train | loss=0.6660 | top1=74.61% | top2=94.63% | top3=99.65%
  Valid | loss=0.7634 | top1=67.19% | top2=88.50% | top3=98.31% | acc=67.19% | bal_acc=66.30% | macro_f1=0.6588 | qwk=0.7950 | mae=0.4237 | weighted_f1=0.6352 | precision_macro=0.6960 | recall_macro=0.6630
 No improvement. Bad epochs: 6/15

Epoch 13/60 | Time 0m 54s
  Train | loss=0.6634 | top1=75.74% | top2=94.69% | top3=99.58%
  Valid | loss=0.7317 | top1=68.40% | top2=89.35% | top3=97.58% | acc=68.40% | bal_acc=69.19% | macro_f1=0.6953 | qwk=0.8249 | mae=0.3741 | weighted_f1=0.6821 | precision_macro=0.6997 | recall_macro=0.6919
 No improvement. Bad epochs: 7/15

Epoch 14/60 | Time 0m 55s
  Train | loss=0.6432 | top1=78.09% | top2=96.00% | top3=99.69%
  Valid | loss=0.7415 | top1=66.22% | top2=88.26% | top3=97.34% | acc=66.22% | bal_acc=66.89% | macro_f1=0.6784 | qwk=0.8144 | mae=0.3959 | weighted_f1=0.6653 | precision_macro=0.6903 | recall_macro=0.6689
 No improvement. Bad epochs: 8/15

Epoch 15/60 | Time 0m 55s
  Train | loss=0.6397 | top1=78.23% | top2=96.24% | top3=99.71%
  Valid | loss=0.7504 | top1=65.50% | top2=89.10% | top3=97.58% | acc=65.50% | bal_acc=62.71% | macro_f1=0.6615 | qwk=0.8115 | mae=0.3959 | weighted_f1=0.6595 | precision_macro=0.7171 | recall_macro=0.6271
 No improvement. Bad epochs: 9/15

Epoch 16/60 | Time 0m 55s
  Train | loss=0.6300 | top1=80.18% | top2=96.69% | top3=99.83%
  Valid | loss=0.7331 | top1=68.52% | top2=89.35% | top3=97.82% | acc=68.52% | bal_acc=68.21% | macro_f1=0.6756 | qwk=0.8270 | mae=0.3765 | weighted_f1=0.6744 | precision_macro=0.6739 | recall_macro=0.6821
 Validation improved. Saved best model (qwk=0.8270)

Epoch 17/60 | Time 0m 55s
  Train | loss=0.6225 | top1=81.36% | top2=97.25% | top3=99.72%
  Valid | loss=0.7468 | top1=64.89% | top2=89.47% | top3=98.31% | acc=64.89% | bal_acc=68.15% | macro_f1=0.6779 | qwk=0.8232 | mae=0.3959 | weighted_f1=0.6600 | precision_macro=0.6902 | recall_macro=0.6815
 No improvement. Bad epochs: 1/15

Epoch 18/60 | Time 0m 54s
  Train | loss=0.6084 | top1=83.26% | top2=97.70% | top3=99.90%
  Valid | loss=0.7583 | top1=67.19% | top2=88.14% | top3=97.34% | acc=67.19% | bal_acc=70.33% | macro_f1=0.6949 | qwk=0.8254 | mae=0.3814 | weighted_f1=0.6760 | precision_macro=0.6886 | recall_macro=0.7033
 No improvement. Bad epochs: 2/15

Epoch 19/60 | Time 0m 55s
  Train | loss=0.6074 | top1=83.68% | top2=97.51% | top3=99.83%
  Valid | loss=0.7592 | top1=67.92% | top2=89.23% | top3=98.31% | acc=67.92% | bal_acc=70.44% | macro_f1=0.7041 | qwk=0.8332 | mae=0.3705 | weighted_f1=0.6815 | precision_macro=0.7086 | recall_macro=0.7044
 Validation improved. Saved best model (qwk=0.8332)

Epoch 20/60 | Time 0m 55s
  Train | loss=0.6006 | top1=84.96% | top2=97.99% | top3=99.86%
  Valid | loss=0.7761 | top1=65.74% | top2=87.77% | top3=96.00% | acc=65.74% | bal_acc=65.80% | macro_f1=0.6742 | qwk=0.8033 | mae=0.4056 | weighted_f1=0.6611 | precision_macro=0.6999 | recall_macro=0.6580
 No improvement. Bad epochs: 1/15

Epoch 21/60 | Time 0m 54s
  Train | loss=0.5948 | top1=85.19% | top2=98.15% | top3=99.90%
  Valid | loss=0.7942 | top1=65.50% | top2=87.05% | top3=96.00% | acc=65.50% | bal_acc=70.25% | macro_f1=0.6907 | qwk=0.8143 | mae=0.4007 | weighted_f1=0.6646 | precision_macro=0.6866 | recall_macro=0.7025
 No improvement. Bad epochs: 2/15

Epoch 22/60 | Time 0m 55s
  Train | loss=0.5821 | top1=87.64% | top2=98.58% | top3=99.91%
  Valid | loss=0.7886 | top1=65.01% | top2=87.65% | top3=97.82% | acc=65.01% | bal_acc=67.54% | macro_f1=0.6858 | qwk=0.8174 | mae=0.3995 | weighted_f1=0.6613 | precision_macro=0.7131 | recall_macro=0.6754
 No improvement. Bad epochs: 3/15

Epoch 23/60 | Time 0m 55s
  Train | loss=0.5762 | top1=88.21% | top2=98.72% | top3=99.95%
  Valid | loss=0.7818 | top1=65.86% | top2=87.77% | top3=96.49% | acc=65.86% | bal_acc=70.00% | macro_f1=0.7020 | qwk=0.8017 | mae=0.4044 | weighted_f1=0.6683 | precision_macro=0.7104 | recall_macro=0.7000
 No improvement. Bad epochs: 4/15

Epoch 24/60 | Time 0m 55s
  Train | loss=0.5722 | top1=88.96% | top2=98.79% | top3=99.91%
  Valid | loss=0.7919 | top1=67.07% | top2=87.65% | top3=97.82% | acc=67.07% | bal_acc=67.22% | macro_f1=0.6936 | qwk=0.8075 | mae=0.3959 | weighted_f1=0.6703 | precision_macro=0.7244 | recall_macro=0.6722
 No improvement. Bad epochs: 5/15

Epoch 25/60 | Time 0m 54s
  Train | loss=0.5676 | top1=89.39% | top2=98.86% | top3=99.95%
  Valid | loss=0.8352 | top1=65.74% | top2=86.32% | top3=97.82% | acc=65.74% | bal_acc=63.78% | macro_f1=0.6431 | qwk=0.7928 | mae=0.4286 | weighted_f1=0.6366 | precision_macro=0.6771 | recall_macro=0.6378
 No improvement. Bad epochs: 6/15

Epoch 26/60 | Time 0m 55s
  Train | loss=0.5623 | top1=90.34% | top2=99.19% | top3=99.95%
  Valid | loss=0.8106 | top1=65.74% | top2=85.96% | top3=96.25% | acc=65.74% | bal_acc=67.58% | macro_f1=0.6902 | qwk=0.7958 | mae=0.4104 | weighted_f1=0.6637 | precision_macro=0.7120 | recall_macro=0.6758
 No improvement. Bad epochs: 7/15

Epoch 27/60 | Time 0m 55s
  Train | loss=0.5500 | top1=91.88% | top2=99.34% | top3=99.97%
  Valid | loss=0.8130 | top1=65.50% | top2=88.86% | top3=98.06% | acc=65.50% | bal_acc=64.36% | macro_f1=0.6735 | qwk=0.8130 | mae=0.3995 | weighted_f1=0.6589 | precision_macro=0.7148 | recall_macro=0.6436
 No improvement. Bad epochs: 8/15

Epoch 28/60 | Time 0m 55s
  Train | loss=0.5467 | top1=92.44% | top2=99.45% | top3=99.97%
  Valid | loss=0.8250 | top1=64.29% | top2=86.92% | top3=97.09% | acc=64.29% | bal_acc=67.01% | macro_f1=0.6670 | qwk=0.8001 | mae=0.4262 | weighted_f1=0.6439 | precision_macro=0.6657 | recall_macro=0.6701
 No improvement. Bad epochs: 9/15

Epoch 29/60 | Time 0m 55s
  Train | loss=0.5439 | top1=93.06% | top2=99.38% | top3=100.00%
  Valid | loss=0.7950 | top1=65.74% | top2=88.98% | top3=97.58% | acc=65.74% | bal_acc=68.62% | macro_f1=0.6804 | qwk=0.8189 | mae=0.3971 | weighted_f1=0.6624 | precision_macro=0.6804 | recall_macro=0.6862
 No improvement. Bad epochs: 10/15

Epoch 30/60 | Time 0m 55s
  Train | loss=0.5391 | top1=94.06% | top2=99.62% | top3=99.97%
  Valid | loss=0.8156 | top1=64.53% | top2=87.41% | top3=97.46% | acc=64.53% | bal_acc=69.58% | macro_f1=0.6817 | qwk=0.8155 | mae=0.4031 | weighted_f1=0.6571 | precision_macro=0.6834 | recall_macro=0.6958
 No improvement. Bad epochs: 11/15

Epoch 31/60 | Time 0m 54s
  Train | loss=0.5336 | top1=94.55% | top2=99.62% | top3=99.98%
  Valid | loss=0.8121 | top1=65.62% | top2=87.17% | top3=97.82% | acc=65.62% | bal_acc=67.43% | macro_f1=0.6774 | qwk=0.8226 | mae=0.3898 | weighted_f1=0.6670 | precision_macro=0.6916 | recall_macro=0.6743
 No improvement. Bad epochs: 12/15

Epoch 32/60 | Time 0m 55s
  Train | loss=0.5356 | top1=94.20% | top2=99.41% | top3=99.95%
  Valid | loss=0.8375 | top1=66.22% | top2=87.05% | top3=96.73% | acc=66.22% | bal_acc=67.30% | macro_f1=0.6712 | qwk=0.7935 | mae=0.4225 | weighted_f1=0.6530 | precision_macro=0.6736 | recall_macro=0.6730
 No improvement. Bad epochs: 13/15

Epoch 33/60 | Time 0m 54s
  Train | loss=0.5299 | top1=95.05% | top2=99.69% | top3=100.00%
  Valid | loss=0.8075 | top1=67.43% | top2=87.65% | top3=97.34% | acc=67.43% | bal_acc=68.27% | macro_f1=0.6965 | qwk=0.8140 | mae=0.3886 | weighted_f1=0.6767 | precision_macro=0.7128 | recall_macro=0.6827
 No improvement. Bad epochs: 14/15

Epoch 34/60 | Time 0m 55s
  Train | loss=0.5291 | top1=95.03% | top2=99.62% | top3=100.00%
  Valid | loss=0.8048 | top1=65.38% | top2=87.77% | top3=97.82% | acc=65.38% | bal_acc=66.30% | macro_f1=0.6759 | qwk=0.8197 | mae=0.3935 | weighted_f1=0.6642 | precision_macro=0.6960 | recall_macro=0.6630
 No improvement. Bad epochs: 15/15
 Early stopping triggered at epoch 34.

Loading best model (epoch=19, qwk=0.8332)

Test | loss=0.7341 | top1=68.72% | top2=91.24% | top3=98.91% | acc=68.72% | bal_acc=68.42% | macro_f1=0.6942 | qwk=0.8476 | mae=0.3527 | weighted_f1=0.6836 | precision_macro=0.7091 | recall_macro=0.6842
     ovr_roc_auc_macro=0.9102 | ovr_pr_auc_macro=0.7446
Checkpoint: /root/autodl-tmp/MedVisionLab/Knee/checkpoints/best_convnext_t_mesc_equal_dast_convnext_t_all_5seed_koa_mesc_equal_dast_seed1.pt
