COMMAND: /root/miniconda3/envs/medvision/bin/python -u /root/autodl-tmp/MedVisionLab/tools/train_convnext_t_experiment.py --dataset koa --data-root /root/autodl-tmp/Knee_Osteoarthritis --attention none --loss dast --seed 4 --epochs 60 --patience 15 --batch-size 32 --image-size 224 --num-workers 4 --early-delta 0.0001 --base-lr 0.0001 --koa-backbone-lr 0.0001 --koa-head-lr 0.001 --weight-decay 0.0001 --dast-tau 2.0 --dast-gamma 1.5 --sord-tau 1.0 --label-smoothing 0.1 --run-tag convnext_t_all_5seed_koa_sensitivity_tau2p0_gamma1p5_seed4
==========================================================================================
Starting ConvNeXt-T experiment on KOA...
Using device: cuda
CUDA device: NVIDIA GeForce RTX 3090
Config | seed=4, attention=none, loss=dast, epochs=60, patience=15, batch_size=32, image_size=224, pretrained=True
Backbone: ConvNeXt-T | stage3=features[5] | stage3_channels=384
Data root: /root/autodl-tmp/Knee_Osteoarthritis
Class order: ['0_Normal', '1_Doubtful', '2_Mild', '3_Moderate', '4_Severe']
Split sizes | train=5778, valid=826, test=1656
Train class counts: [2286, 1046, 1516, 757, 173]
Optimizer: AdamW | backbone=0.0001, attention+head=0.001, weight_decay=0.0001
Trainable parameters: 27,823,973

Epoch 01/60 | Time 0m 50s
  Train | loss=1.0756 | top1=37.19% | top2=63.83% | top3=86.05%
  Valid | loss=1.0377 | top1=46.25% | top2=74.21% | top3=93.22% | acc=46.25% | bal_acc=31.19% | macro_f1=0.3134 | qwk=0.5396 | mae=0.7373 | weighted_f1=0.4308 | precision_macro=0.5261 | recall_macro=0.3119
 Validation improved. Saved best model (qwk=0.5396)

Epoch 02/60 | Time 0m 49s
  Train | loss=1.0198 | top1=52.27% | top2=78.89% | top3=95.52%
  Valid | loss=1.0107 | top1=54.96% | top2=83.17% | top3=94.31% | acc=54.96% | bal_acc=49.29% | macro_f1=0.4926 | qwk=0.7223 | mae=0.5484 | weighted_f1=0.5507 | precision_macro=0.5667 | recall_macro=0.4929
 Validation improved. Saved best model (qwk=0.7223)

Epoch 03/60 | Time 0m 49s
  Train | loss=0.9922 | top1=62.46% | top2=86.43% | top3=98.15%
  Valid | loss=0.9975 | top1=60.53% | top2=84.62% | top3=97.22% | acc=60.53% | bal_acc=60.37% | macro_f1=0.6066 | qwk=0.7405 | mae=0.5085 | weighted_f1=0.5884 | precision_macro=0.6212 | recall_macro=0.6037
 Validation improved. Saved best model (qwk=0.7405)

Epoch 04/60 | Time 0m 49s
  Train | loss=0.9833 | top1=65.18% | top2=88.18% | top3=98.44%
  Valid | loss=1.0127 | top1=62.47% | top2=85.35% | top3=98.31% | acc=62.47% | bal_acc=57.84% | macro_f1=0.5803 | qwk=0.7373 | mae=0.5097 | weighted_f1=0.5641 | precision_macro=0.6663 | recall_macro=0.5784
 No improvement. Bad epochs: 1/15

Epoch 05/60 | Time 0m 49s
  Train | loss=0.9788 | top1=66.82% | top2=89.22% | top3=98.77%
  Valid | loss=0.9853 | top1=65.38% | top2=88.62% | top3=98.67% | acc=65.38% | bal_acc=66.71% | macro_f1=0.6527 | qwk=0.8000 | mae=0.4262 | weighted_f1=0.6349 | precision_macro=0.6752 | recall_macro=0.6671
 Validation improved. Saved best model (qwk=0.8000)

Epoch 06/60 | Time 0m 49s
  Train | loss=0.9714 | top1=69.25% | top2=90.90% | top3=98.88%
  Valid | loss=0.9896 | top1=63.68% | top2=88.01% | top3=98.18% | acc=63.68% | bal_acc=60.90% | macro_f1=0.6006 | qwk=0.7818 | mae=0.4528 | weighted_f1=0.6021 | precision_macro=0.6487 | recall_macro=0.6090
 No improvement. Bad epochs: 1/15

Epoch 07/60 | Time 0m 49s
  Train | loss=0.9685 | top1=69.73% | top2=91.23% | top3=99.12%
  Valid | loss=0.9761 | top1=67.55% | top2=90.44% | top3=98.67% | acc=67.55% | bal_acc=68.97% | macro_f1=0.6750 | qwk=0.8228 | mae=0.3898 | weighted_f1=0.6612 | precision_macro=0.6752 | recall_macro=0.6897
 Validation improved. Saved best model (qwk=0.8228)

Epoch 08/60 | Time 0m 49s
  Train | loss=0.9619 | top1=72.40% | top2=92.90% | top3=99.26%
  Valid | loss=0.9775 | top1=67.31% | top2=88.01% | top3=97.70% | acc=67.31% | bal_acc=68.10% | macro_f1=0.6795 | qwk=0.8079 | mae=0.3971 | weighted_f1=0.6582 | precision_macro=0.6916 | recall_macro=0.6810
 No improvement. Bad epochs: 1/15

Epoch 09/60 | Time 0m 49s
  Train | loss=0.9579 | top1=73.59% | top2=93.39% | top3=99.39%
  Valid | loss=0.9782 | top1=67.92% | top2=89.83% | top3=98.91% | acc=67.92% | bal_acc=66.53% | macro_f1=0.6779 | qwk=0.8119 | mae=0.3947 | weighted_f1=0.6619 | precision_macro=0.7079 | recall_macro=0.6653
 No improvement. Bad epochs: 2/15

Epoch 10/60 | Time 0m 49s
  Train | loss=0.9568 | top1=74.52% | top2=93.87% | top3=99.55%
  Valid | loss=0.9733 | top1=68.28% | top2=89.35% | top3=98.67% | acc=68.28% | bal_acc=69.33% | macro_f1=0.7077 | qwk=0.8198 | mae=0.3777 | weighted_f1=0.6808 | precision_macro=0.7244 | recall_macro=0.6933
 No improvement. Bad epochs: 3/15

Epoch 11/60 | Time 0m 49s
  Train | loss=0.9515 | top1=76.53% | top2=95.21% | top3=99.65%
  Valid | loss=0.9782 | top1=66.34% | top2=89.95% | top3=99.03% | acc=66.34% | bal_acc=68.47% | macro_f1=0.6726 | qwk=0.8266 | mae=0.3898 | weighted_f1=0.6605 | precision_macro=0.6672 | recall_macro=0.6847
 Validation improved. Saved best model (qwk=0.8266)

Epoch 12/60 | Time 0m 49s
  Train | loss=0.9497 | top1=77.38% | top2=95.31% | top3=99.65%
  Valid | loss=0.9803 | top1=65.98% | top2=88.50% | top3=98.79% | acc=65.98% | bal_acc=67.03% | macro_f1=0.6834 | qwk=0.8162 | mae=0.3983 | weighted_f1=0.6584 | precision_macro=0.7113 | recall_macro=0.6703
 No improvement. Bad epochs: 1/15

Epoch 13/60 | Time 0m 49s
  Train | loss=0.9451 | top1=79.53% | top2=96.26% | top3=99.65%
  Valid | loss=0.9848 | top1=66.95% | top2=88.74% | top3=96.73% | acc=66.95% | bal_acc=67.70% | macro_f1=0.6844 | qwk=0.8009 | mae=0.4068 | weighted_f1=0.6651 | precision_macro=0.7040 | recall_macro=0.6770
 No improvement. Bad epochs: 2/15

Epoch 14/60 | Time 0m 49s
  Train | loss=0.9431 | top1=80.75% | top2=96.63% | top3=99.76%
  Valid | loss=0.9805 | top1=65.50% | top2=88.38% | top3=97.22% | acc=65.50% | bal_acc=67.56% | macro_f1=0.6801 | qwk=0.8259 | mae=0.3898 | weighted_f1=0.6617 | precision_macro=0.6864 | recall_macro=0.6756
 No improvement. Bad epochs: 3/15

Epoch 15/60 | Time 0m 49s
  Train | loss=0.9379 | top1=83.06% | top2=97.30% | top3=99.95%
  Valid | loss=0.9798 | top1=67.92% | top2=88.98% | top3=97.94% | acc=67.92% | bal_acc=69.07% | macro_f1=0.6860 | qwk=0.8270 | mae=0.3789 | weighted_f1=0.6736 | precision_macro=0.6842 | recall_macro=0.6907
 Validation improved. Saved best model (qwk=0.8270)

Epoch 16/60 | Time 0m 49s
  Train | loss=0.9351 | top1=84.41% | top2=97.66% | top3=99.84%
  Valid | loss=0.9809 | top1=67.80% | top2=88.86% | top3=97.82% | acc=67.80% | bal_acc=67.58% | macro_f1=0.7015 | qwk=0.8190 | mae=0.3801 | weighted_f1=0.6789 | precision_macro=0.7354 | recall_macro=0.6758
 No improvement. Bad epochs: 1/15

Epoch 17/60 | Time 0m 49s
  Train | loss=0.9315 | top1=86.43% | top2=98.30% | top3=99.95%
  Valid | loss=0.9896 | top1=64.16% | top2=86.56% | top3=96.00% | acc=64.16% | bal_acc=66.02% | macro_f1=0.6717 | qwk=0.7885 | mae=0.4358 | weighted_f1=0.6417 | precision_macro=0.6927 | recall_macro=0.6602
 No improvement. Bad epochs: 2/15

Epoch 18/60 | Time 0m 49s
  Train | loss=0.9297 | top1=87.89% | top2=98.29% | top3=99.93%
  Valid | loss=0.9838 | top1=66.46% | top2=89.10% | top3=97.82% | acc=66.46% | bal_acc=69.10% | macro_f1=0.6861 | qwk=0.8275 | mae=0.3886 | weighted_f1=0.6608 | precision_macro=0.6841 | recall_macro=0.6910
 Validation improved. Saved best model (qwk=0.8275)

Epoch 19/60 | Time 0m 49s
  Train | loss=0.9265 | top1=88.73% | top2=98.70% | top3=99.91%
  Valid | loss=0.9926 | top1=63.32% | top2=89.10% | top3=98.55% | acc=63.32% | bal_acc=65.62% | macro_f1=0.6598 | qwk=0.8121 | mae=0.4189 | weighted_f1=0.6364 | precision_macro=0.6765 | recall_macro=0.6562
 No improvement. Bad epochs: 1/15

Epoch 20/60 | Time 0m 49s
  Train | loss=0.9233 | top1=91.17% | top2=98.91% | top3=99.97%
  Valid | loss=0.9861 | top1=65.25% | top2=88.62% | top3=97.58% | acc=65.25% | bal_acc=68.79% | macro_f1=0.6798 | qwk=0.8242 | mae=0.3995 | weighted_f1=0.6520 | precision_macro=0.6752 | recall_macro=0.6879
 No improvement. Bad epochs: 2/15

Epoch 21/60 | Time 0m 49s
  Train | loss=0.9211 | top1=91.71% | top2=99.46% | top3=100.00%
  Valid | loss=0.9911 | top1=64.16% | top2=86.08% | top3=95.52% | acc=64.16% | bal_acc=67.16% | macro_f1=0.6848 | qwk=0.7983 | mae=0.4140 | weighted_f1=0.6515 | precision_macro=0.7182 | recall_macro=0.6716
 No improvement. Bad epochs: 3/15

Epoch 22/60 | Time 0m 49s
  Train | loss=0.9197 | top1=92.75% | top2=99.33% | top3=99.95%
  Valid | loss=0.9934 | top1=68.77% | top2=89.47% | top3=96.97% | acc=68.77% | bal_acc=70.03% | macro_f1=0.6999 | qwk=0.8147 | mae=0.3874 | weighted_f1=0.6721 | precision_macro=0.7082 | recall_macro=0.7003
 No improvement. Bad epochs: 4/15

Epoch 23/60 | Time 0m 49s
  Train | loss=0.9183 | top1=93.25% | top2=99.41% | top3=99.97%
  Valid | loss=0.9882 | top1=65.86% | top2=87.05% | top3=96.97% | acc=65.86% | bal_acc=68.33% | macro_f1=0.6847 | qwk=0.8168 | mae=0.3983 | weighted_f1=0.6598 | precision_macro=0.6866 | recall_macro=0.6833
 No improvement. Bad epochs: 5/15

Epoch 24/60 | Time 0m 49s
  Train | loss=0.9163 | top1=94.44% | top2=99.43% | top3=99.95%
  Valid | loss=0.9851 | top1=65.98% | top2=89.35% | top3=98.06% | acc=65.98% | bal_acc=68.03% | macro_f1=0.6856 | qwk=0.8265 | mae=0.3862 | weighted_f1=0.6637 | precision_macro=0.6916 | recall_macro=0.6803
 No improvement. Bad epochs: 6/15

Epoch 25/60 | Time 0m 49s
  Train | loss=0.9151 | top1=94.81% | top2=99.64% | top3=99.98%
  Valid | loss=0.9961 | top1=64.41% | top2=88.14% | top3=98.55% | acc=64.41% | bal_acc=66.90% | macro_f1=0.6824 | qwk=0.8058 | mae=0.4165 | weighted_f1=0.6483 | precision_macro=0.7139 | recall_macro=0.6690
 No improvement. Bad epochs: 7/15

Epoch 26/60 | Time 0m 49s
  Train | loss=0.9146 | top1=95.08% | top2=99.65% | top3=100.00%
  Valid | loss=0.9897 | top1=67.19% | top2=88.01% | top3=96.73% | acc=67.19% | bal_acc=69.11% | macro_f1=0.6956 | qwk=0.8183 | mae=0.3886 | weighted_f1=0.6689 | precision_macro=0.7011 | recall_macro=0.6911
 No improvement. Bad epochs: 8/15

Epoch 27/60 | Time 0m 49s
  Train | loss=0.9133 | top1=95.76% | top2=99.55% | top3=99.97%
  Valid | loss=0.9879 | top1=66.34% | top2=87.41% | top3=96.85% | acc=66.34% | bal_acc=69.64% | macro_f1=0.6991 | qwk=0.8165 | mae=0.3923 | weighted_f1=0.6669 | precision_macro=0.7047 | recall_macro=0.6964
 No improvement. Bad epochs: 9/15

Epoch 28/60 | Time 0m 49s
  Train | loss=0.9120 | top1=96.42% | top2=99.72% | top3=99.98%
  Valid | loss=0.9894 | top1=63.92% | top2=87.29% | top3=97.70% | acc=63.92% | bal_acc=68.06% | macro_f1=0.6811 | qwk=0.8254 | mae=0.4019 | weighted_f1=0.6501 | precision_macro=0.6888 | recall_macro=0.6806
 No improvement. Bad epochs: 10/15

Epoch 29/60 | Time 0m 49s
  Train | loss=0.9117 | top1=96.42% | top2=99.71% | top3=99.98%
  Valid | loss=0.9938 | top1=64.89% | top2=88.38% | top3=98.06% | acc=64.89% | bal_acc=67.21% | macro_f1=0.6883 | qwk=0.8142 | mae=0.4044 | weighted_f1=0.6546 | precision_macro=0.7092 | recall_macro=0.6721
 No improvement. Bad epochs: 11/15

Epoch 30/60 | Time 0m 49s
  Train | loss=0.9110 | top1=96.73% | top2=99.79% | top3=99.97%
  Valid | loss=0.9902 | top1=66.22% | top2=87.77% | top3=98.06% | acc=66.22% | bal_acc=68.99% | macro_f1=0.6989 | qwk=0.8235 | mae=0.3874 | weighted_f1=0.6704 | precision_macro=0.7126 | recall_macro=0.6899
 No improvement. Bad epochs: 12/15

Epoch 31/60 | Time 0m 49s
  Train | loss=0.9102 | top1=97.23% | top2=99.78% | top3=99.98%
  Valid | loss=0.9894 | top1=62.95% | top2=87.89% | top3=97.94% | acc=62.95% | bal_acc=67.73% | macro_f1=0.6729 | qwk=0.8183 | mae=0.4104 | weighted_f1=0.6436 | precision_macro=0.6851 | recall_macro=0.6773
 No improvement. Bad epochs: 13/15

Epoch 32/60 | Time 0m 49s
  Train | loss=0.9098 | top1=97.21% | top2=99.79% | top3=100.00%
  Valid | loss=0.9930 | top1=66.34% | top2=86.44% | top3=96.25% | acc=66.34% | bal_acc=68.58% | macro_f1=0.6908 | qwk=0.8151 | mae=0.3935 | weighted_f1=0.6655 | precision_macro=0.6989 | recall_macro=0.6858
 No improvement. Bad epochs: 14/15

Epoch 33/60 | Time 0m 49s
  Train | loss=0.9086 | top1=97.66% | top2=99.84% | top3=100.00%
  Valid | loss=0.9988 | top1=65.98% | top2=88.62% | top3=97.34% | acc=65.98% | bal_acc=68.55% | macro_f1=0.6853 | qwk=0.8098 | mae=0.4056 | weighted_f1=0.6590 | precision_macro=0.6885 | recall_macro=0.6855
 No improvement. Bad epochs: 15/15
 Early stopping triggered at epoch 33.

Loading best model (epoch=18, qwk=0.8275)

Test | loss=0.9763 | top1=69.32% | top2=90.64% | top3=98.85% | acc=69.32% | bal_acc=68.52% | macro_f1=0.6860 | qwk=0.8462 | mae=0.3551 | weighted_f1=0.6816 | precision_macro=0.6967 | recall_macro=0.6852
     ovr_roc_auc_macro=0.9041 | ovr_pr_auc_macro=0.7454
Checkpoint: /root/autodl-tmp/MedVisionLab/Knee/checkpoints/best_convnext_t_none_dast_convnext_t_all_5seed_koa_sensitivity_tau2p0_gamma1p5_seed4.pt
