COMMAND: /root/miniconda3/envs/medvision/bin/python -u /root/autodl-tmp/MedVisionLab/tools/train_convnext_t_experiment.py --dataset koa --data-root /root/autodl-tmp/Knee_Osteoarthritis --attention none --loss dast --seed 1 --epochs 60 --patience 15 --batch-size 32 --image-size 224 --num-workers 4 --early-delta 0.0001 --base-lr 0.0001 --koa-backbone-lr 0.0001 --koa-head-lr 0.001 --weight-decay 0.0001 --dast-tau 1.0 --dast-gamma 0.5 --sord-tau 1.0 --label-smoothing 0.1 --run-tag convnext_t_all_5seed_koa_sensitivity_tau1p0_gamma0p5_seed1
==========================================================================================
Starting ConvNeXt-T experiment on KOA...
Using device: cuda
CUDA device: NVIDIA GeForce RTX 3090
Config | seed=1, attention=none, loss=dast, epochs=60, patience=15, batch_size=32, image_size=224, pretrained=True
Backbone: ConvNeXt-T | stage3=features[5] | stage3_channels=384
Data root: /root/autodl-tmp/Knee_Osteoarthritis
Class order: ['0_Normal', '1_Doubtful', '2_Mild', '3_Moderate', '4_Severe']
Split sizes | train=5778, valid=826, test=1656
Train class counts: [2286, 1046, 1516, 757, 173]
Optimizer: AdamW | backbone=0.0001, attention+head=0.001, weight_decay=0.0001
Trainable parameters: 27,823,973

Epoch 01/60 | Time 0m 49s
  Train | loss=1.2925 | top1=41.47% | top2=65.99% | top3=85.81%
  Valid | loss=1.2001 | top1=50.36% | top2=75.79% | top3=94.43% | acc=50.36% | bal_acc=32.12% | macro_f1=0.2987 | qwk=0.5660 | mae=0.7082 | weighted_f1=0.4391 | precision_macro=0.3490 | recall_macro=0.3212
 Validation improved. Saved best model (qwk=0.5660)

Epoch 02/60 | Time 0m 48s
  Train | loss=1.1636 | top1=55.42% | top2=80.48% | top3=96.04%
  Valid | loss=1.1177 | top1=59.93% | top2=85.47% | top3=97.46% | acc=59.93% | bal_acc=52.34% | macro_f1=0.5334 | qwk=0.7191 | mae=0.5278 | weighted_f1=0.5731 | precision_macro=0.6159 | recall_macro=0.5234
 Validation improved. Saved best model (qwk=0.7191)

Epoch 03/60 | Time 0m 48s
  Train | loss=1.1108 | top1=62.63% | top2=86.69% | top3=98.08%
  Valid | loss=1.0924 | top1=65.13% | top2=87.89% | top3=97.94% | acc=65.13% | bal_acc=63.99% | macro_f1=0.6293 | qwk=0.7694 | mae=0.4637 | weighted_f1=0.6085 | precision_macro=0.6643 | recall_macro=0.6399
 Validation improved. Saved best model (qwk=0.7694)

Epoch 04/60 | Time 0m 48s
  Train | loss=1.0861 | top1=66.13% | top2=88.80% | top3=98.81%
  Valid | loss=1.0819 | top1=66.83% | top2=89.59% | top3=98.79% | acc=66.83% | bal_acc=60.23% | macro_f1=0.6070 | qwk=0.7851 | mae=0.4249 | weighted_f1=0.6156 | precision_macro=0.7210 | recall_macro=0.6023
 Validation improved. Saved best model (qwk=0.7851)

Epoch 05/60 | Time 0m 48s
  Train | loss=1.0740 | top1=67.60% | top2=90.01% | top3=98.86%
  Valid | loss=1.0775 | top1=66.59% | top2=89.83% | top3=98.55% | acc=66.59% | bal_acc=68.66% | macro_f1=0.6907 | qwk=0.8175 | mae=0.3923 | weighted_f1=0.6668 | precision_macro=0.6963 | recall_macro=0.6866
 Validation improved. Saved best model (qwk=0.8175)

Epoch 06/60 | Time 0m 48s
  Train | loss=1.0639 | top1=69.45% | top2=91.36% | top3=99.07%
  Valid | loss=1.0824 | top1=67.31% | top2=88.38% | top3=98.31% | acc=67.31% | bal_acc=66.67% | macro_f1=0.6689 | qwk=0.7930 | mae=0.4116 | weighted_f1=0.6581 | precision_macro=0.6953 | recall_macro=0.6667
 No improvement. Bad epochs: 1/15

Epoch 07/60 | Time 0m 48s
  Train | loss=1.0533 | top1=70.16% | top2=91.57% | top3=99.15%
  Valid | loss=1.0847 | top1=66.46% | top2=87.41% | top3=97.82% | acc=66.46% | bal_acc=69.92% | macro_f1=0.6943 | qwk=0.8182 | mae=0.3923 | weighted_f1=0.6653 | precision_macro=0.6936 | recall_macro=0.6992
 Validation improved. Saved best model (qwk=0.8182)

Epoch 08/60 | Time 0m 48s
  Train | loss=1.0399 | top1=72.83% | top2=93.23% | top3=99.38%
  Valid | loss=1.0981 | top1=66.34% | top2=87.77% | top3=98.91% | acc=66.34% | bal_acc=63.93% | macro_f1=0.6535 | qwk=0.7991 | mae=0.4177 | weighted_f1=0.6358 | precision_macro=0.7007 | recall_macro=0.6393
 No improvement. Bad epochs: 1/15

Epoch 09/60 | Time 0m 48s
  Train | loss=1.0361 | top1=73.95% | top2=93.25% | top3=99.41%
  Valid | loss=1.0887 | top1=66.95% | top2=89.10% | top3=99.03% | acc=66.95% | bal_acc=66.40% | macro_f1=0.6818 | qwk=0.8138 | mae=0.3983 | weighted_f1=0.6556 | precision_macro=0.7178 | recall_macro=0.6640
 No improvement. Bad epochs: 2/15

Epoch 10/60 | Time 0m 48s
  Train | loss=1.0269 | top1=75.51% | top2=94.43% | top3=99.62%
  Valid | loss=1.0846 | top1=67.19% | top2=87.77% | top3=98.18% | acc=67.19% | bal_acc=69.06% | macro_f1=0.7007 | qwk=0.8063 | mae=0.3923 | weighted_f1=0.6770 | precision_macro=0.7195 | recall_macro=0.6906
 No improvement. Bad epochs: 3/15

Epoch 11/60 | Time 0m 48s
  Train | loss=1.0185 | top1=76.88% | top2=94.95% | top3=99.64%
  Valid | loss=1.0864 | top1=65.98% | top2=88.14% | top3=97.70% | acc=65.98% | bal_acc=67.98% | macro_f1=0.6813 | qwk=0.8126 | mae=0.4019 | weighted_f1=0.6594 | precision_macro=0.6841 | recall_macro=0.6798
 No improvement. Bad epochs: 4/15

Epoch 12/60 | Time 0m 48s
  Train | loss=1.0111 | top1=78.54% | top2=95.60% | top3=99.71%
  Valid | loss=1.1114 | top1=65.38% | top2=88.50% | top3=98.79% | acc=65.38% | bal_acc=62.69% | macro_f1=0.6441 | qwk=0.7834 | mae=0.4407 | weighted_f1=0.6210 | precision_macro=0.7018 | recall_macro=0.6269
 No improvement. Bad epochs: 5/15

Epoch 13/60 | Time 0m 48s
  Train | loss=1.0045 | top1=79.44% | top2=96.05% | top3=99.78%
  Valid | loss=1.1031 | top1=67.31% | top2=89.47% | top3=98.31% | acc=67.31% | bal_acc=65.72% | macro_f1=0.6405 | qwk=0.8080 | mae=0.4116 | weighted_f1=0.6419 | precision_macro=0.6633 | recall_macro=0.6572
 No improvement. Bad epochs: 6/15

Epoch 14/60 | Time 0m 48s
  Train | loss=0.9985 | top1=80.96% | top2=96.47% | top3=99.84%
  Valid | loss=1.0721 | top1=69.85% | top2=91.16% | top3=98.31% | acc=69.85% | bal_acc=68.92% | macro_f1=0.7006 | qwk=0.8384 | mae=0.3535 | weighted_f1=0.6844 | precision_macro=0.7282 | recall_macro=0.6892
 Validation improved. Saved best model (qwk=0.8384)

Epoch 15/60 | Time 0m 48s
  Train | loss=0.9885 | top1=82.90% | top2=97.23% | top3=99.79%
  Valid | loss=1.1069 | top1=66.59% | top2=87.89% | top3=96.73% | acc=66.59% | bal_acc=70.05% | macro_f1=0.6915 | qwk=0.8111 | mae=0.3971 | weighted_f1=0.6686 | precision_macro=0.6874 | recall_macro=0.7005
 No improvement. Bad epochs: 1/15

Epoch 16/60 | Time 0m 48s
  Train | loss=0.9763 | top1=85.44% | top2=97.66% | top3=99.90%
  Valid | loss=1.0957 | top1=67.92% | top2=89.71% | top3=98.18% | acc=67.92% | bal_acc=68.50% | macro_f1=0.6899 | qwk=0.8188 | mae=0.3874 | weighted_f1=0.6686 | precision_macro=0.7009 | recall_macro=0.6850
 No improvement. Bad epochs: 2/15

Epoch 17/60 | Time 0m 48s
  Train | loss=0.9711 | top1=86.31% | top2=98.55% | top3=99.90%
  Valid | loss=1.0856 | top1=68.16% | top2=90.68% | top3=98.67% | acc=68.16% | bal_acc=67.75% | macro_f1=0.6907 | qwk=0.8219 | mae=0.3777 | weighted_f1=0.6745 | precision_macro=0.7105 | recall_macro=0.6775
 No improvement. Bad epochs: 3/15

Epoch 18/60 | Time 0m 48s
  Train | loss=0.9617 | top1=88.49% | top2=98.77% | top3=99.88%
  Valid | loss=1.0912 | top1=68.64% | top2=90.56% | top3=98.31% | acc=68.64% | bal_acc=70.01% | macro_f1=0.7023 | qwk=0.8324 | mae=0.3668 | weighted_f1=0.6834 | precision_macro=0.7084 | recall_macro=0.7001
 No improvement. Bad epochs: 4/15

Epoch 19/60 | Time 0m 48s
  Train | loss=0.9558 | top1=90.26% | top2=98.94% | top3=99.90%
  Valid | loss=1.1105 | top1=64.65% | top2=88.74% | top3=98.67% | acc=64.65% | bal_acc=65.20% | macro_f1=0.6570 | qwk=0.8155 | mae=0.4080 | weighted_f1=0.6419 | precision_macro=0.6715 | recall_macro=0.6520
 No improvement. Bad epochs: 5/15

Epoch 20/60 | Time 0m 48s
  Train | loss=0.9491 | top1=90.91% | top2=99.31% | top3=100.00%
  Valid | loss=1.1136 | top1=68.16% | top2=89.71% | top3=98.67% | acc=68.16% | bal_acc=66.86% | macro_f1=0.6712 | qwk=0.8131 | mae=0.3935 | weighted_f1=0.6641 | precision_macro=0.6900 | recall_macro=0.6686
 No improvement. Bad epochs: 6/15

Epoch 21/60 | Time 0m 48s
  Train | loss=0.9460 | top1=91.66% | top2=99.24% | top3=100.00%
  Valid | loss=1.0899 | top1=67.31% | top2=90.31% | top3=98.43% | acc=67.31% | bal_acc=67.36% | macro_f1=0.6774 | qwk=0.8196 | mae=0.3874 | weighted_f1=0.6675 | precision_macro=0.6832 | recall_macro=0.6736
 No improvement. Bad epochs: 7/15

Epoch 22/60 | Time 0m 48s
  Train | loss=0.9428 | top1=92.73% | top2=99.38% | top3=99.98%
  Valid | loss=1.0979 | top1=67.68% | top2=89.10% | top3=97.46% | acc=67.68% | bal_acc=68.72% | macro_f1=0.6917 | qwk=0.8123 | mae=0.3935 | weighted_f1=0.6685 | precision_macro=0.6995 | recall_macro=0.6872
 No improvement. Bad epochs: 8/15

Epoch 23/60 | Time 0m 48s
  Train | loss=0.9354 | top1=94.29% | top2=99.43% | top3=100.00%
  Valid | loss=1.1067 | top1=65.13% | top2=88.50% | top3=97.70% | acc=65.13% | bal_acc=68.58% | macro_f1=0.6904 | qwk=0.8251 | mae=0.3923 | weighted_f1=0.6617 | precision_macro=0.7028 | recall_macro=0.6858
 No improvement. Bad epochs: 9/15

Epoch 24/60 | Time 0m 49s
  Train | loss=0.9346 | top1=94.58% | top2=99.58% | top3=99.93%
  Valid | loss=1.0962 | top1=67.80% | top2=89.71% | top3=97.58% | acc=67.80% | bal_acc=68.06% | macro_f1=0.6806 | qwk=0.8281 | mae=0.3777 | weighted_f1=0.6687 | precision_macro=0.6843 | recall_macro=0.6806
 No improvement. Bad epochs: 10/15

Epoch 25/60 | Time 0m 48s
  Train | loss=0.9305 | top1=95.26% | top2=99.62% | top3=100.00%
  Valid | loss=1.0908 | top1=65.98% | top2=90.44% | top3=98.43% | acc=65.98% | bal_acc=67.14% | macro_f1=0.6755 | qwk=0.8273 | mae=0.3898 | weighted_f1=0.6603 | precision_macro=0.6819 | recall_macro=0.6714
 No improvement. Bad epochs: 11/15

Epoch 26/60 | Time 0m 48s
  Train | loss=0.9265 | top1=96.12% | top2=99.72% | top3=99.97%
  Valid | loss=1.1000 | top1=66.71% | top2=90.31% | top3=98.06% | acc=66.71% | bal_acc=68.68% | macro_f1=0.6838 | qwk=0.8276 | mae=0.3801 | weighted_f1=0.6720 | precision_macro=0.6863 | recall_macro=0.6868
 No improvement. Bad epochs: 12/15

Epoch 27/60 | Time 0m 48s
  Train | loss=0.9241 | top1=96.21% | top2=99.76% | top3=100.00%
  Valid | loss=1.0903 | top1=66.95% | top2=90.56% | top3=98.67% | acc=66.95% | bal_acc=66.74% | macro_f1=0.6749 | qwk=0.8259 | mae=0.3801 | weighted_f1=0.6681 | precision_macro=0.6904 | recall_macro=0.6674
 No improvement. Bad epochs: 13/15

Epoch 28/60 | Time 0m 48s
  Train | loss=0.9213 | top1=96.94% | top2=99.65% | top3=100.00%
  Valid | loss=1.1004 | top1=66.34% | top2=89.10% | top3=97.58% | acc=66.34% | bal_acc=67.49% | macro_f1=0.6822 | qwk=0.8239 | mae=0.3874 | weighted_f1=0.6679 | precision_macro=0.6963 | recall_macro=0.6749
 No improvement. Bad epochs: 14/15

Epoch 29/60 | Time 0m 48s
  Train | loss=0.9216 | top1=96.83% | top2=99.71% | top3=99.98%
  Valid | loss=1.1147 | top1=67.68% | top2=88.86% | top3=97.58% | acc=67.68% | bal_acc=66.71% | macro_f1=0.6775 | qwk=0.8143 | mae=0.3898 | weighted_f1=0.6649 | precision_macro=0.6991 | recall_macro=0.6671
 No improvement. Bad epochs: 15/15
 Early stopping triggered at epoch 29.

Loading best model (epoch=14, qwk=0.8384)

Test | loss=1.0699 | top1=70.71% | top2=91.55% | top3=99.15% | acc=70.71% | bal_acc=68.89% | macro_f1=0.6925 | qwk=0.8395 | mae=0.3490 | weighted_f1=0.6849 | precision_macro=0.7158 | recall_macro=0.6889
     ovr_roc_auc_macro=0.9071 | ovr_pr_auc_macro=0.7530
Checkpoint: /root/autodl-tmp/MedVisionLab/Knee/checkpoints/best_convnext_t_none_dast_convnext_t_all_5seed_koa_sensitivity_tau1p0_gamma0p5_seed1.pt
