COMMAND: /root/miniconda3/envs/medvision/bin/python -u /root/autodl-tmp/MedVisionLab/tools/train_convnext_t_experiment.py --dataset koa --data-root /root/autodl-tmp/Knee_Osteoarthritis --attention none --loss ce --seed 9 --epochs 60 --patience 15 --batch-size 32 --image-size 224 --num-workers 4 --early-delta 0.0001 --base-lr 0.0001 --koa-backbone-lr 0.0001 --koa-head-lr 0.001 --weight-decay 0.0001 --dast-tau 1.0 --dast-gamma 1.5 --sord-tau 1.0 --label-smoothing 0.1 --run-tag convnext_t_all_5seed_koa_baseline_ce_seed9
==========================================================================================
Starting ConvNeXt-T experiment on KOA...
Using device: cuda
CUDA device: NVIDIA GeForce RTX 3090
Config | seed=9, attention=none, loss=ce, epochs=60, patience=15, batch_size=32, image_size=224, pretrained=True
Backbone: ConvNeXt-T | stage3=features[5] | stage3_channels=384
Data root: /root/autodl-tmp/Knee_Osteoarthritis
Class order: ['0_Normal', '1_Doubtful', '2_Mild', '3_Moderate', '4_Severe']
Split sizes | train=5778, valid=826, test=1656
Train class counts: [2286, 1046, 1516, 757, 173]
Optimizer: AdamW | backbone=0.0001, attention+head=0.001, weight_decay=0.0001
Trainable parameters: 27,823,973

Epoch 01/60 | Time 0m 49s
  Train | loss=1.3456 | top1=42.73% | top2=65.82% | top3=85.36%
  Valid | loss=1.2636 | top1=46.97% | top2=71.91% | top3=87.65% | acc=46.97% | bal_acc=33.95% | macro_f1=0.3005 | qwk=0.4975 | mae=0.7906 | weighted_f1=0.4186 | precision_macro=0.2793 | recall_macro=0.3395
 Validation improved. Saved best model (qwk=0.4975)

Epoch 02/60 | Time 0m 48s
  Train | loss=1.0715 | top1=54.81% | top2=78.52% | top3=94.60%
  Valid | loss=0.9244 | top1=61.14% | top2=85.84% | top3=96.73% | acc=61.14% | bal_acc=56.46% | macro_f1=0.5286 | qwk=0.7200 | mae=0.5424 | weighted_f1=0.5428 | precision_macro=0.5094 | recall_macro=0.5646
 Validation improved. Saved best model (qwk=0.7200)

Epoch 03/60 | Time 0m 48s
  Train | loss=0.8601 | top1=63.67% | top2=85.98% | top3=98.39%
  Valid | loss=0.8481 | top1=65.74% | top2=89.71% | top3=97.82% | acc=65.74% | bal_acc=65.10% | macro_f1=0.5983 | qwk=0.7625 | mae=0.4661 | weighted_f1=0.6134 | precision_macro=0.6654 | recall_macro=0.6510
 Validation improved. Saved best model (qwk=0.7625)

Epoch 04/60 | Time 0m 49s
  Train | loss=0.8078 | top1=66.01% | top2=87.31% | top3=98.68%
  Valid | loss=0.7852 | top1=67.43% | top2=90.80% | top3=98.31% | acc=67.43% | bal_acc=65.82% | macro_f1=0.6484 | qwk=0.7764 | mae=0.4358 | weighted_f1=0.6276 | precision_macro=0.6858 | recall_macro=0.6582
 Validation improved. Saved best model (qwk=0.7764)

Epoch 05/60 | Time 0m 48s
  Train | loss=0.7341 | top1=68.74% | top2=90.33% | top3=99.15%
  Valid | loss=0.8271 | top1=64.77% | top2=88.62% | top3=98.91% | acc=64.77% | bal_acc=59.19% | macro_f1=0.6195 | qwk=0.7876 | mae=0.4249 | weighted_f1=0.6429 | precision_macro=0.6913 | recall_macro=0.5919
 Validation improved. Saved best model (qwk=0.7876)

Epoch 06/60 | Time 0m 49s
  Train | loss=0.7174 | top1=69.02% | top2=90.64% | top3=99.31%
  Valid | loss=0.7760 | top1=68.64% | top2=90.56% | top3=99.03% | acc=68.64% | bal_acc=67.31% | macro_f1=0.6667 | qwk=0.8132 | mae=0.3947 | weighted_f1=0.6513 | precision_macro=0.7019 | recall_macro=0.6731
 Validation improved. Saved best model (qwk=0.8132)

Epoch 07/60 | Time 0m 48s
  Train | loss=0.6657 | top1=71.82% | top2=92.54% | top3=99.55%
  Valid | loss=0.8005 | top1=66.71% | top2=91.77% | top3=98.79% | acc=66.71% | bal_acc=67.99% | macro_f1=0.6397 | qwk=0.8139 | mae=0.4068 | weighted_f1=0.6500 | precision_macro=0.6262 | recall_macro=0.6799
 Validation improved. Saved best model (qwk=0.8139)

Epoch 08/60 | Time 0m 48s
  Train | loss=0.6307 | top1=72.85% | top2=92.83% | top3=99.60%
  Valid | loss=0.8965 | top1=63.92% | top2=88.50% | top3=97.82% | acc=63.92% | bal_acc=67.24% | macro_f1=0.6620 | qwk=0.7838 | mae=0.4504 | weighted_f1=0.6304 | precision_macro=0.6755 | recall_macro=0.6724
 No improvement. Bad epochs: 1/15

Epoch 09/60 | Time 0m 48s
  Train | loss=0.5976 | top1=74.70% | top2=93.99% | top3=99.58%
  Valid | loss=0.8906 | top1=67.07% | top2=90.31% | top3=98.55% | acc=67.07% | bal_acc=64.69% | macro_f1=0.6212 | qwk=0.7939 | mae=0.4274 | weighted_f1=0.6319 | precision_macro=0.6456 | recall_macro=0.6469
 No improvement. Bad epochs: 2/15

Epoch 10/60 | Time 0m 48s
  Train | loss=0.5522 | top1=77.22% | top2=94.50% | top3=99.72%
  Valid | loss=0.8993 | top1=64.29% | top2=89.95% | top3=99.15% | acc=64.29% | bal_acc=66.66% | macro_f1=0.6824 | qwk=0.8051 | mae=0.4140 | weighted_f1=0.6521 | precision_macro=0.7086 | recall_macro=0.6666
 No improvement. Bad epochs: 3/15

Epoch 11/60 | Time 0m 48s
  Train | loss=0.5147 | top1=79.02% | top2=95.34% | top3=99.84%
  Valid | loss=0.8976 | top1=65.98% | top2=91.28% | top3=98.67% | acc=65.98% | bal_acc=62.73% | macro_f1=0.6219 | qwk=0.7791 | mae=0.4358 | weighted_f1=0.6158 | precision_macro=0.6774 | recall_macro=0.6273
 No improvement. Bad epochs: 4/15

Epoch 12/60 | Time 0m 48s
  Train | loss=0.4764 | top1=80.49% | top2=95.95% | top3=99.84%
  Valid | loss=0.8769 | top1=67.07% | top2=89.59% | top3=99.15% | acc=67.07% | bal_acc=68.09% | macro_f1=0.6754 | qwk=0.7980 | mae=0.4116 | weighted_f1=0.6576 | precision_macro=0.6782 | recall_macro=0.6809
 No improvement. Bad epochs: 5/15

Epoch 13/60 | Time 0m 48s
  Train | loss=0.4192 | top1=83.26% | top2=97.09% | top3=99.86%
  Valid | loss=1.1832 | top1=64.41% | top2=89.71% | top3=98.67% | acc=64.41% | bal_acc=60.00% | macro_f1=0.6172 | qwk=0.7737 | mae=0.4528 | weighted_f1=0.6115 | precision_macro=0.6694 | recall_macro=0.6000
 No improvement. Bad epochs: 6/15

Epoch 14/60 | Time 0m 48s
  Train | loss=0.3758 | top1=84.72% | top2=97.40% | top3=99.88%
  Valid | loss=1.1292 | top1=64.16% | top2=85.59% | top3=97.58% | acc=64.16% | bal_acc=65.29% | macro_f1=0.6463 | qwk=0.7519 | mae=0.4734 | weighted_f1=0.6226 | precision_macro=0.6637 | recall_macro=0.6529
 No improvement. Bad epochs: 7/15

Epoch 15/60 | Time 0m 49s
  Train | loss=0.3492 | top1=86.10% | top2=97.80% | top3=99.97%
  Valid | loss=1.0805 | top1=65.38% | top2=89.59% | top3=99.27% | acc=65.38% | bal_acc=63.48% | macro_f1=0.6501 | qwk=0.7906 | mae=0.4249 | weighted_f1=0.6414 | precision_macro=0.6811 | recall_macro=0.6348
 No improvement. Bad epochs: 8/15

Epoch 16/60 | Time 0m 48s
  Train | loss=0.2787 | top1=89.01% | top2=98.27% | top3=99.91%
  Valid | loss=1.2155 | top1=67.92% | top2=88.26% | top3=98.67% | acc=67.92% | bal_acc=68.01% | macro_f1=0.6765 | qwk=0.7856 | mae=0.4201 | weighted_f1=0.6562 | precision_macro=0.6920 | recall_macro=0.6801
 No improvement. Bad epochs: 9/15

Epoch 17/60 | Time 0m 48s
  Train | loss=0.2639 | top1=90.07% | top2=98.43% | top3=99.98%
  Valid | loss=1.2537 | top1=61.50% | top2=88.14% | top3=98.79% | acc=61.50% | bal_acc=67.79% | macro_f1=0.6566 | qwk=0.7723 | mae=0.4552 | weighted_f1=0.6272 | precision_macro=0.6548 | recall_macro=0.6779
 No improvement. Bad epochs: 10/15

Epoch 18/60 | Time 0m 48s
  Train | loss=0.2069 | top1=91.90% | top2=98.91% | top3=99.93%
  Valid | loss=1.6370 | top1=58.84% | top2=86.68% | top3=97.82% | acc=58.84% | bal_acc=63.63% | macro_f1=0.6376 | qwk=0.7581 | mae=0.4722 | weighted_f1=0.6021 | precision_macro=0.6777 | recall_macro=0.6363
 No improvement. Bad epochs: 11/15

Epoch 19/60 | Time 0m 48s
  Train | loss=0.2068 | top1=92.06% | top2=98.94% | top3=99.98%
  Valid | loss=1.2843 | top1=63.20% | top2=88.62% | top3=98.79% | acc=63.20% | bal_acc=66.81% | macro_f1=0.6504 | qwk=0.7899 | mae=0.4358 | weighted_f1=0.6344 | precision_macro=0.6525 | recall_macro=0.6681
 No improvement. Bad epochs: 12/15

Epoch 20/60 | Time 0m 49s
  Train | loss=0.1659 | top1=93.75% | top2=99.41% | top3=100.00%
  Valid | loss=1.4363 | top1=65.74% | top2=88.50% | top3=98.43% | acc=65.74% | bal_acc=68.28% | macro_f1=0.6706 | qwk=0.8001 | mae=0.4189 | weighted_f1=0.6526 | precision_macro=0.6638 | recall_macro=0.6828
 No improvement. Bad epochs: 13/15

Epoch 21/60 | Time 0m 48s
  Train | loss=0.1535 | top1=94.32% | top2=99.38% | top3=100.00%
  Valid | loss=1.4046 | top1=68.16% | top2=88.50% | top3=98.43% | acc=68.16% | bal_acc=69.71% | macro_f1=0.6888 | qwk=0.8043 | mae=0.3983 | weighted_f1=0.6677 | precision_macro=0.6879 | recall_macro=0.6971
 No improvement. Bad epochs: 14/15

Epoch 22/60 | Time 0m 48s
  Train | loss=0.1315 | top1=94.91% | top2=99.62% | top3=100.00%
  Valid | loss=1.6675 | top1=64.04% | top2=88.01% | top3=98.55% | acc=64.04% | bal_acc=64.75% | macro_f1=0.6609 | qwk=0.7758 | mae=0.4455 | weighted_f1=0.6360 | precision_macro=0.6810 | recall_macro=0.6475
 No improvement. Bad epochs: 15/15
 Early stopping triggered at epoch 22.

Loading best model (epoch=7, qwk=0.8139)

Test | loss=0.7115 | top1=69.93% | top2=91.73% | top3=99.58% | acc=69.93% | bal_acc=71.12% | macro_f1=0.6704 | qwk=0.8480 | mae=0.3557 | weighted_f1=0.6769 | precision_macro=0.6589 | recall_macro=0.7112
     ovr_roc_auc_macro=0.9108 | ovr_pr_auc_macro=0.7675
Checkpoint: /root/autodl-tmp/MedVisionLab/Knee/checkpoints/best_convnext_t_none_ce_convnext_t_all_5seed_koa_baseline_ce_seed9.pt
