COMMAND: /root/miniconda3/envs/medvision/bin/python -u /root/autodl-tmp/MedVisionLab/tools/train_convnext_t_experiment.py --dataset koa --data-root /root/autodl-tmp/Knee_Osteoarthritis --attention none --loss sord_ce --seed 1 --epochs 60 --patience 15 --batch-size 32 --image-size 224 --num-workers 4 --early-delta 0.0001 --base-lr 0.0001 --koa-backbone-lr 0.0001 --koa-head-lr 0.001 --weight-decay 0.0001 --dast-tau 1.0 --dast-gamma 1.5 --sord-tau 1.0 --label-smoothing 0.1 --run-tag convnext_t_all_5seed_koa_baseline_sord_seed1
==========================================================================================
Starting ConvNeXt-T experiment on KOA...
Using device: cuda
CUDA device: NVIDIA GeForce RTX 3090
Config | seed=1, attention=none, loss=sord_ce, epochs=60, patience=15, batch_size=32, image_size=224, pretrained=True
Backbone: ConvNeXt-T | stage3=features[5] | stage3_channels=384
Data root: /root/autodl-tmp/Knee_Osteoarthritis
Class order: ['0_Normal', '1_Doubtful', '2_Mild', '3_Moderate', '4_Severe']
Split sizes | train=5778, valid=826, test=1656
Train class counts: [2286, 1046, 1516, 757, 173]
Optimizer: AdamW | backbone=0.0001, attention+head=0.001, weight_decay=0.0001
Trainable parameters: 27,823,973

Epoch 01/60 | Time 0m 49s
  Train | loss=1.4831 | top1=40.76% | top2=65.65% | top3=85.81%
  Valid | loss=1.4027 | top1=50.24% | top2=75.91% | top3=94.55% | acc=50.24% | bal_acc=32.22% | macro_f1=0.3023 | qwk=0.5679 | mae=0.7082 | weighted_f1=0.4416 | precision_macro=0.3502 | recall_macro=0.3222
 Validation improved. Saved best model (qwk=0.5679)

Epoch 02/60 | Time 0m 49s
  Train | loss=1.3730 | top1=55.57% | top2=80.32% | top3=95.98%
  Valid | loss=1.3339 | top1=60.90% | top2=85.35% | top3=97.46% | acc=60.90% | bal_acc=55.73% | macro_f1=0.5668 | qwk=0.7312 | mae=0.5145 | weighted_f1=0.5833 | precision_macro=0.6179 | recall_macro=0.5573
 Validation improved. Saved best model (qwk=0.7312)

Epoch 03/60 | Time 0m 48s
  Train | loss=1.3290 | top1=62.27% | top2=86.48% | top3=98.03%
  Valid | loss=1.3148 | top1=64.04% | top2=87.89% | top3=97.82% | acc=64.04% | bal_acc=62.76% | macro_f1=0.6215 | qwk=0.7679 | mae=0.4709 | weighted_f1=0.5989 | precision_macro=0.6520 | recall_macro=0.6276
 Validation improved. Saved best model (qwk=0.7679)

Epoch 04/60 | Time 0m 48s
  Train | loss=1.3100 | top1=65.78% | top2=88.66% | top3=98.82%
  Valid | loss=1.3052 | top1=65.98% | top2=88.98% | top3=98.67% | acc=65.98% | bal_acc=60.14% | macro_f1=0.6051 | qwk=0.7821 | mae=0.4346 | weighted_f1=0.6074 | precision_macro=0.6738 | recall_macro=0.6014
 Validation improved. Saved best model (qwk=0.7821)

Epoch 05/60 | Time 0m 48s
  Train | loss=1.2999 | top1=67.83% | top2=89.89% | top3=98.70%
  Valid | loss=1.3033 | top1=66.46% | top2=89.71% | top3=98.43% | acc=66.46% | bal_acc=68.65% | macro_f1=0.6832 | qwk=0.8154 | mae=0.3983 | weighted_f1=0.6612 | precision_macro=0.6836 | recall_macro=0.6865
 Validation improved. Saved best model (qwk=0.8154)

Epoch 06/60 | Time 0m 49s
  Train | loss=1.2923 | top1=69.16% | top2=90.95% | top3=99.13%
  Valid | loss=1.3064 | top1=66.95% | top2=88.62% | top3=98.06% | acc=66.95% | bal_acc=65.64% | macro_f1=0.6486 | qwk=0.7862 | mae=0.4249 | weighted_f1=0.6413 | precision_macro=0.6829 | recall_macro=0.6564
 No improvement. Bad epochs: 1/15

Epoch 07/60 | Time 0m 49s
  Train | loss=1.2836 | top1=70.46% | top2=91.71% | top3=99.22%
  Valid | loss=1.3102 | top1=66.71% | top2=87.77% | top3=97.82% | acc=66.71% | bal_acc=69.85% | macro_f1=0.6958 | qwk=0.8163 | mae=0.3923 | weighted_f1=0.6662 | precision_macro=0.6962 | recall_macro=0.6985
 Validation improved. Saved best model (qwk=0.8163)

Epoch 08/60 | Time 0m 49s
  Train | loss=1.2733 | top1=72.27% | top2=93.27% | top3=99.36%
  Valid | loss=1.3146 | top1=65.38% | top2=88.26% | top3=98.79% | acc=65.38% | bal_acc=64.11% | macro_f1=0.6532 | qwk=0.7985 | mae=0.4249 | weighted_f1=0.6306 | precision_macro=0.6915 | recall_macro=0.6411
 No improvement. Bad epochs: 1/15

Epoch 09/60 | Time 0m 49s
  Train | loss=1.2704 | top1=73.83% | top2=93.22% | top3=99.38%
  Valid | loss=1.3101 | top1=67.55% | top2=89.23% | top3=99.03% | acc=67.55% | bal_acc=66.68% | macro_f1=0.6856 | qwk=0.8157 | mae=0.3923 | weighted_f1=0.6614 | precision_macro=0.7220 | recall_macro=0.6668
 No improvement. Bad epochs: 2/15

Epoch 10/60 | Time 0m 49s
  Train | loss=1.2631 | top1=75.39% | top2=94.43% | top3=99.58%
  Valid | loss=1.3121 | top1=66.59% | top2=87.41% | top3=97.82% | acc=66.59% | bal_acc=69.10% | macro_f1=0.6938 | qwk=0.8090 | mae=0.3935 | weighted_f1=0.6726 | precision_macro=0.7075 | recall_macro=0.6910
 No improvement. Bad epochs: 3/15

Epoch 11/60 | Time 0m 48s
  Train | loss=1.2582 | top1=76.13% | top2=94.79% | top3=99.58%
  Valid | loss=1.3062 | top1=67.92% | top2=88.62% | top3=97.70% | acc=67.92% | bal_acc=69.23% | macro_f1=0.6971 | qwk=0.8216 | mae=0.3814 | weighted_f1=0.6757 | precision_macro=0.7041 | recall_macro=0.6923
 Validation improved. Saved best model (qwk=0.8216)

Epoch 12/60 | Time 0m 48s
  Train | loss=1.2524 | top1=77.50% | top2=95.36% | top3=99.65%
  Valid | loss=1.3266 | top1=66.10% | top2=88.50% | top3=98.67% | acc=66.10% | bal_acc=62.32% | macro_f1=0.6435 | qwk=0.7912 | mae=0.4262 | weighted_f1=0.6286 | precision_macro=0.7045 | recall_macro=0.6232
 No improvement. Bad epochs: 1/15

Epoch 13/60 | Time 0m 49s
  Train | loss=1.2468 | top1=78.59% | top2=95.98% | top3=99.78%
  Valid | loss=1.3161 | top1=67.43% | top2=89.95% | top3=98.31% | acc=67.43% | bal_acc=66.19% | macro_f1=0.6439 | qwk=0.8151 | mae=0.4019 | weighted_f1=0.6471 | precision_macro=0.6627 | recall_macro=0.6619
 No improvement. Bad epochs: 2/15

Epoch 14/60 | Time 0m 48s
  Train | loss=1.2426 | top1=80.34% | top2=96.47% | top3=99.79%
  Valid | loss=1.2948 | top1=69.01% | top2=90.31% | top3=98.67% | acc=69.01% | bal_acc=68.51% | macro_f1=0.6877 | qwk=0.8307 | mae=0.3680 | weighted_f1=0.6746 | precision_macro=0.7054 | recall_macro=0.6851
 Validation improved. Saved best model (qwk=0.8307)

Epoch 15/60 | Time 0m 49s
  Train | loss=1.2339 | top1=82.71% | top2=97.25% | top3=99.83%
  Valid | loss=1.3240 | top1=64.65% | top2=88.38% | top3=96.85% | acc=64.65% | bal_acc=69.53% | macro_f1=0.6869 | qwk=0.8166 | mae=0.4019 | weighted_f1=0.6562 | precision_macro=0.6872 | recall_macro=0.6953
 No improvement. Bad epochs: 1/15

Epoch 16/60 | Time 0m 49s
  Train | loss=1.2282 | top1=84.44% | top2=97.61% | top3=99.81%
  Valid | loss=1.3092 | top1=67.68% | top2=90.44% | top3=98.18% | acc=67.68% | bal_acc=69.06% | macro_f1=0.6926 | qwk=0.8245 | mae=0.3826 | weighted_f1=0.6724 | precision_macro=0.6970 | recall_macro=0.6906
 No improvement. Bad epochs: 2/15

Epoch 17/60 | Time 0m 48s
  Train | loss=1.2235 | top1=85.32% | top2=98.25% | top3=99.84%
  Valid | loss=1.3079 | top1=67.07% | top2=89.71% | top3=98.18% | acc=67.07% | bal_acc=67.18% | macro_f1=0.6827 | qwk=0.8180 | mae=0.3898 | weighted_f1=0.6622 | precision_macro=0.7021 | recall_macro=0.6718
 No improvement. Bad epochs: 3/15

Epoch 18/60 | Time 0m 49s
  Train | loss=1.2168 | top1=87.33% | top2=98.41% | top3=99.90%
  Valid | loss=1.3085 | top1=67.31% | top2=90.19% | top3=97.94% | acc=67.31% | bal_acc=69.08% | macro_f1=0.6834 | qwk=0.8279 | mae=0.3801 | weighted_f1=0.6741 | precision_macro=0.6797 | recall_macro=0.6908
 No improvement. Bad epochs: 4/15

Epoch 19/60 | Time 0m 49s
  Train | loss=1.2115 | top1=89.24% | top2=98.74% | top3=99.91%
  Valid | loss=1.3215 | top1=66.71% | top2=88.62% | top3=97.70% | acc=66.71% | bal_acc=70.40% | macro_f1=0.6943 | qwk=0.8266 | mae=0.3838 | weighted_f1=0.6716 | precision_macro=0.6977 | recall_macro=0.7040
 No improvement. Bad epochs: 5/15

Epoch 20/60 | Time 0m 48s
  Train | loss=1.2069 | top1=89.84% | top2=99.24% | top3=99.93%
  Valid | loss=1.3267 | top1=67.19% | top2=90.68% | top3=98.43% | acc=67.19% | bal_acc=65.78% | macro_f1=0.6635 | qwk=0.8188 | mae=0.3935 | weighted_f1=0.6498 | precision_macro=0.6892 | recall_macro=0.6578
 No improvement. Bad epochs: 6/15

Epoch 21/60 | Time 0m 49s
  Train | loss=1.2047 | top1=90.97% | top2=99.03% | top3=100.00%
  Valid | loss=1.3106 | top1=67.19% | top2=89.83% | top3=98.43% | acc=67.19% | bal_acc=67.67% | macro_f1=0.6787 | qwk=0.8286 | mae=0.3765 | weighted_f1=0.6740 | precision_macro=0.6858 | recall_macro=0.6767
 No improvement. Bad epochs: 7/15

Epoch 22/60 | Time 0m 49s
  Train | loss=1.2017 | top1=91.92% | top2=99.15% | top3=100.00%
  Valid | loss=1.3161 | top1=67.31% | top2=88.86% | top3=97.58% | acc=67.31% | bal_acc=69.85% | macro_f1=0.7066 | qwk=0.8274 | mae=0.3741 | weighted_f1=0.6808 | precision_macro=0.7177 | recall_macro=0.6985
 No improvement. Bad epochs: 8/15

Epoch 23/60 | Time 0m 48s
  Train | loss=1.1970 | top1=93.30% | top2=99.34% | top3=99.98%
  Valid | loss=1.3131 | top1=65.62% | top2=88.86% | top3=98.31% | acc=65.62% | bal_acc=68.48% | macro_f1=0.6893 | qwk=0.8244 | mae=0.3910 | weighted_f1=0.6644 | precision_macro=0.6977 | recall_macro=0.6848
 No improvement. Bad epochs: 9/15

Epoch 24/60 | Time 0m 48s
  Train | loss=1.1963 | top1=93.51% | top2=99.50% | top3=99.97%
  Valid | loss=1.3231 | top1=67.43% | top2=88.26% | top3=97.22% | acc=67.43% | bal_acc=67.97% | macro_f1=0.6840 | qwk=0.8137 | mae=0.3910 | weighted_f1=0.6637 | precision_macro=0.6941 | recall_macro=0.6797
 No improvement. Bad epochs: 10/15

Epoch 25/60 | Time 0m 49s
  Train | loss=1.1921 | top1=94.76% | top2=99.62% | top3=100.00%
  Valid | loss=1.3070 | top1=68.52% | top2=89.23% | top3=98.06% | acc=68.52% | bal_acc=71.33% | macro_f1=0.7185 | qwk=0.8411 | mae=0.3547 | weighted_f1=0.6922 | precision_macro=0.7264 | recall_macro=0.7133
 Validation improved. Saved best model (qwk=0.8411)

Epoch 26/60 | Time 0m 49s
  Train | loss=1.1892 | top1=95.24% | top2=99.81% | top3=100.00%
  Valid | loss=1.3086 | top1=68.52% | top2=90.44% | top3=98.43% | acc=68.52% | bal_acc=70.23% | macro_f1=0.6997 | qwk=0.8497 | mae=0.3487 | weighted_f1=0.6918 | precision_macro=0.7056 | recall_macro=0.7023
 Validation improved. Saved best model (qwk=0.8497)

Epoch 27/60 | Time 0m 48s
  Train | loss=1.1859 | top1=96.38% | top2=99.81% | top3=99.98%
  Valid | loss=1.3115 | top1=67.31% | top2=89.35% | top3=98.91% | acc=67.31% | bal_acc=67.17% | macro_f1=0.6809 | qwk=0.8379 | mae=0.3692 | weighted_f1=0.6737 | precision_macro=0.6939 | recall_macro=0.6717
 No improvement. Bad epochs: 1/15

Epoch 28/60 | Time 0m 49s
  Train | loss=1.1860 | top1=96.49% | top2=99.65% | top3=100.00%
  Valid | loss=1.3175 | top1=67.31% | top2=88.14% | top3=97.82% | acc=67.31% | bal_acc=68.31% | macro_f1=0.6930 | qwk=0.8376 | mae=0.3692 | weighted_f1=0.6769 | precision_macro=0.7068 | recall_macro=0.6831
 No improvement. Bad epochs: 2/15

Epoch 29/60 | Time 0m 49s
  Train | loss=1.1851 | top1=96.38% | top2=99.74% | top3=100.00%
  Valid | loss=1.3151 | top1=68.64% | top2=89.10% | top3=97.82% | acc=68.64% | bal_acc=68.68% | macro_f1=0.6963 | qwk=0.8287 | mae=0.3680 | weighted_f1=0.6841 | precision_macro=0.7078 | recall_macro=0.6868
 No improvement. Bad epochs: 3/15

Epoch 30/60 | Time 0m 49s
  Train | loss=1.1814 | top1=97.13% | top2=99.88% | top3=100.00%
  Valid | loss=1.3143 | top1=68.64% | top2=89.59% | top3=98.55% | acc=68.64% | bal_acc=68.56% | macro_f1=0.6895 | qwk=0.8355 | mae=0.3620 | weighted_f1=0.6856 | precision_macro=0.6996 | recall_macro=0.6856
 No improvement. Bad epochs: 4/15

Epoch 31/60 | Time 0m 48s
  Train | loss=1.1804 | top1=97.40% | top2=99.83% | top3=100.00%
  Valid | loss=1.3173 | top1=66.71% | top2=87.41% | top3=97.82% | acc=66.71% | bal_acc=68.69% | macro_f1=0.6845 | qwk=0.8261 | mae=0.3826 | weighted_f1=0.6735 | precision_macro=0.6863 | recall_macro=0.6869
 No improvement. Bad epochs: 5/15

Epoch 32/60 | Time 0m 48s
  Train | loss=1.1806 | top1=97.32% | top2=99.93% | top3=100.00%
  Valid | loss=1.3163 | top1=67.68% | top2=89.47% | top3=98.43% | acc=67.68% | bal_acc=66.95% | macro_f1=0.6769 | qwk=0.8240 | mae=0.3826 | weighted_f1=0.6665 | precision_macro=0.6936 | recall_macro=0.6695
 No improvement. Bad epochs: 6/15

Epoch 33/60 | Time 0m 49s
  Train | loss=1.1794 | top1=97.77% | top2=99.91% | top3=100.00%
  Valid | loss=1.3192 | top1=67.68% | top2=88.14% | top3=98.43% | acc=67.68% | bal_acc=68.00% | macro_f1=0.6893 | qwk=0.8324 | mae=0.3729 | weighted_f1=0.6746 | precision_macro=0.7012 | recall_macro=0.6800
 No improvement. Bad epochs: 7/15

Epoch 34/60 | Time 0m 49s
  Train | loss=1.1778 | top1=98.15% | top2=99.88% | top3=99.97%
  Valid | loss=1.3153 | top1=67.43% | top2=89.35% | top3=97.94% | acc=67.43% | bal_acc=67.90% | macro_f1=0.6860 | qwk=0.8301 | mae=0.3717 | weighted_f1=0.6775 | precision_macro=0.7010 | recall_macro=0.6790
 No improvement. Bad epochs: 8/15

Epoch 35/60 | Time 0m 49s
  Train | loss=1.1781 | top1=98.03% | top2=99.88% | top3=100.00%
  Valid | loss=1.3166 | top1=68.77% | top2=89.23% | top3=98.31% | acc=68.77% | bal_acc=67.71% | macro_f1=0.6927 | qwk=0.8315 | mae=0.3668 | weighted_f1=0.6779 | precision_macro=0.7156 | recall_macro=0.6771
 No improvement. Bad epochs: 9/15

Epoch 36/60 | Time 0m 48s
  Train | loss=1.1772 | top1=98.15% | top2=99.91% | top3=99.98%
  Valid | loss=1.3143 | top1=69.85% | top2=89.59% | top3=98.43% | acc=69.85% | bal_acc=70.46% | macro_f1=0.7058 | qwk=0.8419 | mae=0.3511 | weighted_f1=0.6921 | precision_macro=0.7112 | recall_macro=0.7046
 No improvement. Bad epochs: 10/15

Epoch 37/60 | Time 0m 49s
  Train | loss=1.1757 | top1=98.70% | top2=99.88% | top3=99.98%
  Valid | loss=1.3197 | top1=66.95% | top2=88.01% | top3=97.82% | acc=66.95% | bal_acc=70.43% | macro_f1=0.7011 | qwk=0.8266 | mae=0.3801 | weighted_f1=0.6755 | precision_macro=0.7005 | recall_macro=0.7043
 No improvement. Bad epochs: 11/15

Epoch 38/60 | Time 0m 49s
  Train | loss=1.1766 | top1=98.20% | top2=99.90% | top3=99.98%
  Valid | loss=1.3185 | top1=65.62% | top2=89.59% | top3=98.31% | acc=65.62% | bal_acc=68.62% | macro_f1=0.6830 | qwk=0.8308 | mae=0.3862 | weighted_f1=0.6638 | precision_macro=0.6853 | recall_macro=0.6862
 No improvement. Bad epochs: 12/15

Epoch 39/60 | Time 0m 49s
  Train | loss=1.1748 | top1=98.56% | top2=99.95% | top3=99.98%
  Valid | loss=1.3214 | top1=65.74% | top2=87.05% | top3=97.82% | acc=65.74% | bal_acc=68.84% | macro_f1=0.6894 | qwk=0.8278 | mae=0.3862 | weighted_f1=0.6657 | precision_macro=0.6974 | recall_macro=0.6884
 No improvement. Bad epochs: 13/15

Epoch 40/60 | Time 0m 49s
  Train | loss=1.1731 | top1=99.05% | top2=99.97% | top3=100.00%
  Valid | loss=1.3255 | top1=66.83% | top2=86.08% | top3=97.46% | acc=66.83% | bal_acc=70.33% | macro_f1=0.6907 | qwk=0.8263 | mae=0.3826 | weighted_f1=0.6739 | precision_macro=0.6820 | recall_macro=0.7033
 No improvement. Bad epochs: 14/15

Epoch 41/60 | Time 0m 49s
  Train | loss=1.1727 | top1=99.22% | top2=99.97% | top3=100.00%
  Valid | loss=1.3245 | top1=67.80% | top2=88.38% | top3=98.31% | acc=67.80% | bal_acc=68.85% | macro_f1=0.6926 | qwk=0.8285 | mae=0.3765 | weighted_f1=0.6747 | precision_macro=0.7010 | recall_macro=0.6885
 No improvement. Bad epochs: 15/15
 Early stopping triggered at epoch 41.

Loading best model (epoch=26, qwk=0.8497)

Test | loss=1.2992 | top1=68.66% | top2=91.55% | top3=98.79% | acc=68.66% | bal_acc=69.10% | macro_f1=0.6975 | qwk=0.8467 | mae=0.3521 | weighted_f1=0.6876 | precision_macro=0.7075 | recall_macro=0.6910
     ovr_roc_auc_macro=0.9024 | ovr_pr_auc_macro=0.7409
Checkpoint: /root/autodl-tmp/MedVisionLab/Knee/checkpoints/best_convnext_t_none_sord_ce_convnext_t_all_5seed_koa_baseline_sord_seed1.pt
