COMMAND: /root/miniconda3/envs/medvision/bin/python -u /root/autodl-tmp/MedVisionLab/tools/train_convnext_t_experiment.py --dataset koa --data-root /root/autodl-tmp/Knee_Osteoarthritis --attention mesc_direct --loss dast --seed 6 --epochs 60 --patience 15 --batch-size 32 --image-size 224 --num-workers 4 --early-delta 0.0001 --base-lr 0.0001 --koa-backbone-lr 0.0001 --koa-head-lr 0.001 --weight-decay 0.0001 --dast-tau 1.0 --dast-gamma 1.5 --sord-tau 1.0 --label-smoothing 0.1 --run-tag convnext_t_all_5seed_koa_mesc_direct_dast_seed6
==========================================================================================
Starting ConvNeXt-T experiment on KOA...
Using device: cuda
CUDA device: NVIDIA GeForce RTX 3090
Config | seed=6, attention=mesc_direct, loss=dast, epochs=60, patience=15, batch_size=32, image_size=224, pretrained=True
Backbone: ConvNeXt-T | stage3=features[5] | stage3_channels=384
Data root: /root/autodl-tmp/Knee_Osteoarthritis
Class order: ['0_Normal', '1_Doubtful', '2_Mild', '3_Moderate', '4_Severe']
Split sizes | train=5778, valid=826, test=1656
Train class counts: [2286, 1046, 1516, 757, 173]
Optimizer: AdamW | backbone=0.0001, attention+head=0.001, weight_decay=0.0001
Trainable parameters: 28,383,953

Epoch 01/60 | Time 0m 55s
  Train | loss=1.0360 | top1=37.28% | top2=61.09% | top3=83.11%
  Valid | loss=0.9976 | top1=40.44% | top2=62.11% | top3=83.90% | acc=40.44% | bal_acc=20.60% | macro_f1=0.1286 | qwk=0.1361 | mae=1.1174 | weighted_f1=0.2477 | precision_macro=0.1168 | recall_macro=0.2060
 Validation improved. Saved best model (qwk=0.1361)

Epoch 02/60 | Time 0m 54s
  Train | loss=0.8911 | top1=49.76% | top2=75.42% | top3=92.85%
  Valid | loss=0.8133 | top1=58.11% | top2=83.78% | top3=97.22% | acc=58.11% | bal_acc=41.56% | macro_f1=0.3942 | qwk=0.6806 | mae=0.5775 | weighted_f1=0.5041 | precision_macro=0.5502 | recall_macro=0.4156
 Validation improved. Saved best model (qwk=0.6806)

Epoch 03/60 | Time 0m 54s
  Train | loss=0.7928 | top1=59.76% | top2=85.17% | top3=97.63%
  Valid | loss=0.8038 | top1=59.44% | top2=84.02% | top3=97.70% | acc=59.44% | bal_acc=45.21% | macro_f1=0.4259 | qwk=0.7040 | mae=0.5630 | weighted_f1=0.5200 | precision_macro=0.6637 | recall_macro=0.4521
 Validation improved. Saved best model (qwk=0.7040)

Epoch 04/60 | Time 0m 54s
  Train | loss=0.7599 | top1=64.05% | top2=88.27% | top3=98.46%
  Valid | loss=0.7792 | top1=61.50% | top2=85.71% | top3=98.43% | acc=61.50% | bal_acc=57.29% | macro_f1=0.5398 | qwk=0.7343 | mae=0.5012 | weighted_f1=0.5481 | precision_macro=0.5906 | recall_macro=0.5729
 Validation improved. Saved best model (qwk=0.7343)

Epoch 05/60 | Time 0m 54s
  Train | loss=0.7396 | top1=66.18% | top2=89.37% | top3=98.74%
  Valid | loss=0.7486 | top1=65.25% | top2=88.86% | top3=98.43% | acc=65.25% | bal_acc=58.95% | macro_f1=0.5679 | qwk=0.7705 | mae=0.4625 | weighted_f1=0.5826 | precision_macro=0.6895 | recall_macro=0.5895
 Validation improved. Saved best model (qwk=0.7705)

Epoch 06/60 | Time 0m 54s
  Train | loss=0.7287 | top1=68.36% | top2=90.15% | top3=99.07%
  Valid | loss=0.7669 | top1=63.68% | top2=86.44% | top3=98.18% | acc=63.68% | bal_acc=58.66% | macro_f1=0.6197 | qwk=0.7825 | mae=0.4431 | weighted_f1=0.6183 | precision_macro=0.6861 | recall_macro=0.5866
 Validation improved. Saved best model (qwk=0.7825)

Epoch 07/60 | Time 0m 54s
  Train | loss=0.7136 | top1=69.45% | top2=91.16% | top3=98.91%
  Valid | loss=0.7447 | top1=65.38% | top2=88.14% | top3=98.18% | acc=65.38% | bal_acc=62.23% | macro_f1=0.6232 | qwk=0.8023 | mae=0.4116 | weighted_f1=0.6369 | precision_macro=0.6662 | recall_macro=0.6223
 Validation improved. Saved best model (qwk=0.8023)

Epoch 08/60 | Time 0m 54s
  Train | loss=0.7031 | top1=70.80% | top2=92.26% | top3=99.19%
  Valid | loss=0.7344 | top1=66.46% | top2=88.86% | top3=98.18% | acc=66.46% | bal_acc=65.58% | macro_f1=0.6406 | qwk=0.8041 | mae=0.4104 | weighted_f1=0.6369 | precision_macro=0.6445 | recall_macro=0.6558
 Validation improved. Saved best model (qwk=0.8041)

Epoch 09/60 | Time 0m 54s
  Train | loss=0.6924 | top1=72.14% | top2=92.94% | top3=99.22%
  Valid | loss=0.7287 | top1=67.55% | top2=88.74% | top3=98.31% | acc=67.55% | bal_acc=70.22% | macro_f1=0.6939 | qwk=0.8237 | mae=0.3777 | weighted_f1=0.6777 | precision_macro=0.6874 | recall_macro=0.7022
 Validation improved. Saved best model (qwk=0.8237)

Epoch 10/60 | Time 0m 54s
  Train | loss=0.6815 | top1=72.97% | top2=93.80% | top3=99.43%
  Valid | loss=0.7477 | top1=67.68% | top2=88.26% | top3=98.67% | acc=67.68% | bal_acc=66.95% | macro_f1=0.6800 | qwk=0.7996 | mae=0.4080 | weighted_f1=0.6578 | precision_macro=0.7069 | recall_macro=0.6695
 No improvement. Bad epochs: 1/15

Epoch 11/60 | Time 0m 54s
  Train | loss=0.6684 | top1=74.54% | top2=94.62% | top3=99.58%
  Valid | loss=0.7506 | top1=65.98% | top2=88.38% | top3=98.31% | acc=65.98% | bal_acc=66.34% | macro_f1=0.6538 | qwk=0.8171 | mae=0.4080 | weighted_f1=0.6372 | precision_macro=0.6592 | recall_macro=0.6634
 No improvement. Bad epochs: 2/15

Epoch 12/60 | Time 0m 54s
  Train | loss=0.6648 | top1=75.56% | top2=94.60% | top3=99.50%
  Valid | loss=0.7400 | top1=67.92% | top2=90.19% | top3=98.06% | acc=67.92% | bal_acc=68.88% | macro_f1=0.6842 | qwk=0.8196 | mae=0.3862 | weighted_f1=0.6697 | precision_macro=0.6847 | recall_macro=0.6888
 No improvement. Bad epochs: 3/15

Epoch 13/60 | Time 0m 54s
  Train | loss=0.6539 | top1=77.26% | top2=95.07% | top3=99.55%
  Valid | loss=0.7732 | top1=66.71% | top2=90.56% | top3=98.91% | acc=66.71% | bal_acc=66.14% | macro_f1=0.6710 | qwk=0.8189 | mae=0.3971 | weighted_f1=0.6519 | precision_macro=0.6993 | recall_macro=0.6614
 No improvement. Bad epochs: 4/15

Epoch 14/60 | Time 0m 54s
  Train | loss=0.6428 | top1=78.52% | top2=95.85% | top3=99.72%
  Valid | loss=0.7251 | top1=69.61% | top2=90.07% | top3=98.18% | acc=69.61% | bal_acc=69.14% | macro_f1=0.6974 | qwk=0.8226 | mae=0.3705 | weighted_f1=0.6800 | precision_macro=0.7132 | recall_macro=0.6914
 No improvement. Bad epochs: 5/15

Epoch 15/60 | Time 0m 54s
  Train | loss=0.6371 | top1=78.97% | top2=96.16% | top3=99.76%
  Valid | loss=0.7394 | top1=67.31% | top2=88.74% | top3=96.97% | acc=67.31% | bal_acc=68.79% | macro_f1=0.6914 | qwk=0.8082 | mae=0.3983 | weighted_f1=0.6658 | precision_macro=0.7004 | recall_macro=0.6879
 No improvement. Bad epochs: 6/15

Epoch 16/60 | Time 0m 54s
  Train | loss=0.6256 | top1=80.88% | top2=96.78% | top3=99.81%
  Valid | loss=0.7624 | top1=65.50% | top2=88.38% | top3=97.22% | acc=65.50% | bal_acc=65.98% | macro_f1=0.6806 | qwk=0.7941 | mae=0.4128 | weighted_f1=0.6532 | precision_macro=0.7235 | recall_macro=0.6598
 No improvement. Bad epochs: 7/15

Epoch 17/60 | Time 0m 54s
  Train | loss=0.6110 | top1=83.09% | top2=97.40% | top3=99.84%
  Valid | loss=0.7581 | top1=66.95% | top2=87.53% | top3=98.31% | acc=66.95% | bal_acc=66.75% | macro_f1=0.6836 | qwk=0.8011 | mae=0.4068 | weighted_f1=0.6590 | precision_macro=0.7126 | recall_macro=0.6675
 No improvement. Bad epochs: 8/15

Epoch 18/60 | Time 0m 54s
  Train | loss=0.6077 | top1=82.97% | top2=97.84% | top3=99.91%
  Valid | loss=0.7589 | top1=63.68% | top2=88.50% | top3=98.06% | acc=63.68% | bal_acc=66.95% | macro_f1=0.6653 | qwk=0.8083 | mae=0.4140 | weighted_f1=0.6475 | precision_macro=0.6801 | recall_macro=0.6695
 No improvement. Bad epochs: 9/15

Epoch 19/60 | Time 0m 54s
  Train | loss=0.5968 | top1=85.38% | top2=98.15% | top3=99.91%
  Valid | loss=0.7737 | top1=61.38% | top2=89.10% | top3=98.31% | acc=61.38% | bal_acc=64.20% | macro_f1=0.6616 | qwk=0.8159 | mae=0.4189 | weighted_f1=0.6349 | precision_macro=0.7025 | recall_macro=0.6420
 No improvement. Bad epochs: 10/15

Epoch 20/60 | Time 0m 54s
  Train | loss=0.5888 | top1=86.83% | top2=98.32% | top3=99.84%
  Valid | loss=0.7727 | top1=65.01% | top2=87.53% | top3=96.85% | acc=65.01% | bal_acc=68.54% | macro_f1=0.6867 | qwk=0.8129 | mae=0.4068 | weighted_f1=0.6537 | precision_macro=0.6929 | recall_macro=0.6854
 No improvement. Bad epochs: 11/15

Epoch 21/60 | Time 0m 54s
  Train | loss=0.5807 | top1=87.54% | top2=98.30% | top3=99.88%
  Valid | loss=0.7760 | top1=64.53% | top2=89.23% | top3=97.58% | acc=64.53% | bal_acc=68.21% | macro_f1=0.6771 | qwk=0.8132 | mae=0.4068 | weighted_f1=0.6546 | precision_macro=0.6802 | recall_macro=0.6821
 No improvement. Bad epochs: 12/15

Epoch 22/60 | Time 0m 54s
  Train | loss=0.5761 | top1=88.20% | top2=98.58% | top3=99.91%
  Valid | loss=0.7796 | top1=65.98% | top2=89.23% | top3=97.58% | acc=65.98% | bal_acc=66.47% | macro_f1=0.6786 | qwk=0.8085 | mae=0.4007 | weighted_f1=0.6629 | precision_macro=0.6952 | recall_macro=0.6647
 No improvement. Bad epochs: 13/15

Epoch 23/60 | Time 0m 54s
  Train | loss=0.5655 | top1=90.10% | top2=99.05% | top3=99.93%
  Valid | loss=0.8150 | top1=64.04% | top2=87.05% | top3=98.79% | acc=64.04% | bal_acc=65.60% | macro_f1=0.6413 | qwk=0.8115 | mae=0.4201 | weighted_f1=0.6344 | precision_macro=0.6628 | recall_macro=0.6560
 No improvement. Bad epochs: 14/15

Epoch 24/60 | Time 0m 54s
  Train | loss=0.5617 | top1=90.71% | top2=99.19% | top3=99.90%
  Valid | loss=0.8622 | top1=63.92% | top2=87.53% | top3=98.43% | acc=63.92% | bal_acc=61.21% | macro_f1=0.6348 | qwk=0.7848 | mae=0.4455 | weighted_f1=0.6148 | precision_macro=0.6860 | recall_macro=0.6121
 No improvement. Bad epochs: 15/15
 Early stopping triggered at epoch 24.

Loading best model (epoch=9, qwk=0.8237)

Test | loss=0.7003 | top1=70.77% | top2=92.09% | top3=99.28% | acc=70.77% | bal_acc=71.98% | macro_f1=0.7149 | qwk=0.8545 | mae=0.3315 | weighted_f1=0.7049 | precision_macro=0.7108 | recall_macro=0.7198
     ovr_roc_auc_macro=0.9151 | ovr_pr_auc_macro=0.7726
Checkpoint: /root/autodl-tmp/MedVisionLab/Knee/checkpoints/best_convnext_t_mesc_direct_dast_convnext_t_all_5seed_koa_mesc_direct_dast_seed6.pt
