COMMAND: /root/miniconda3/envs/medvision/bin/python -u /root/autodl-tmp/MedVisionLab/tools/train_convnext_t_experiment.py --dataset koa --data-root /root/autodl-tmp/Knee_Osteoarthritis --attention none --loss sord_ce --seed 4 --epochs 60 --patience 15 --batch-size 32 --image-size 224 --num-workers 4 --early-delta 0.0001 --base-lr 0.0001 --koa-backbone-lr 0.0001 --koa-head-lr 0.001 --weight-decay 0.0001 --dast-tau 1.0 --dast-gamma 1.5 --sord-tau 1.0 --label-smoothing 0.1 --run-tag convnext_t_all_5seed_koa_baseline_sord_seed4
==========================================================================================
Starting ConvNeXt-T experiment on KOA...
Using device: cuda
CUDA device: NVIDIA GeForce RTX 3090
Config | seed=4, attention=none, loss=sord_ce, epochs=60, patience=15, batch_size=32, image_size=224, pretrained=True
Backbone: ConvNeXt-T | stage3=features[5] | stage3_channels=384
Data root: /root/autodl-tmp/Knee_Osteoarthritis
Class order: ['0_Normal', '1_Doubtful', '2_Mild', '3_Moderate', '4_Severe']
Split sizes | train=5778, valid=826, test=1656
Train class counts: [2286, 1046, 1516, 757, 173]
Optimizer: AdamW | backbone=0.0001, attention+head=0.001, weight_decay=0.0001
Trainable parameters: 27,823,973

Epoch 01/60 | Time 0m 49s
  Train | loss=1.4848 | top1=39.81% | top2=64.85% | top3=85.79%
  Valid | loss=1.4189 | top1=46.85% | top2=73.73% | top3=92.49% | acc=46.85% | bal_acc=30.13% | macro_f1=0.2913 | qwk=0.5003 | mae=0.7785 | weighted_f1=0.4096 | precision_macro=0.5218 | recall_macro=0.3013
 Validation improved. Saved best model (qwk=0.5003)

Epoch 02/60 | Time 0m 48s
  Train | loss=1.3818 | top1=52.89% | top2=79.01% | top3=95.43%
  Valid | loss=1.3660 | top1=55.21% | top2=83.29% | top3=94.43% | acc=55.21% | bal_acc=56.21% | macro_f1=0.5607 | qwk=0.7210 | mae=0.5557 | weighted_f1=0.5558 | precision_macro=0.5808 | recall_macro=0.5621
 Validation improved. Saved best model (qwk=0.7210)

Epoch 03/60 | Time 0m 48s
  Train | loss=1.3289 | top1=62.31% | top2=86.52% | top3=98.22%
  Valid | loss=1.3403 | top1=60.41% | top2=84.87% | top3=97.70% | acc=60.41% | bal_acc=60.30% | macro_f1=0.6084 | qwk=0.7342 | mae=0.5145 | weighted_f1=0.5877 | precision_macro=0.6319 | recall_macro=0.6030
 Validation improved. Saved best model (qwk=0.7342)

Epoch 04/60 | Time 0m 48s
  Train | loss=1.3146 | top1=65.65% | top2=87.87% | top3=98.56%
  Valid | loss=1.3638 | top1=61.86% | top2=84.38% | top3=98.18% | acc=61.86% | bal_acc=57.50% | macro_f1=0.5817 | qwk=0.7300 | mae=0.5206 | weighted_f1=0.5602 | precision_macro=0.6671 | recall_macro=0.5750
 No improvement. Bad epochs: 1/15

Epoch 05/60 | Time 0m 48s
  Train | loss=1.3053 | top1=66.93% | top2=89.29% | top3=98.86%
  Valid | loss=1.3158 | top1=64.89% | top2=88.74% | top3=98.55% | acc=64.89% | bal_acc=65.70% | macro_f1=0.6338 | qwk=0.7974 | mae=0.4346 | weighted_f1=0.6247 | precision_macro=0.6509 | recall_macro=0.6570
 Validation improved. Saved best model (qwk=0.7974)

Epoch 06/60 | Time 0m 48s
  Train | loss=1.2927 | top1=69.16% | top2=90.58% | top3=99.07%
  Valid | loss=1.3253 | top1=63.56% | top2=87.41% | top3=98.31% | acc=63.56% | bal_acc=60.45% | macro_f1=0.5954 | qwk=0.7734 | mae=0.4625 | weighted_f1=0.5970 | precision_macro=0.6531 | recall_macro=0.6045
 No improvement. Bad epochs: 1/15

Epoch 07/60 | Time 0m 48s
  Train | loss=1.2868 | top1=70.13% | top2=91.52% | top3=99.20%
  Valid | loss=1.2984 | top1=67.68% | top2=90.19% | top3=98.67% | acc=67.68% | bal_acc=68.44% | macro_f1=0.6666 | qwk=0.8213 | mae=0.3910 | weighted_f1=0.6594 | precision_macro=0.6679 | recall_macro=0.6844
 Validation improved. Saved best model (qwk=0.8213)

Epoch 08/60 | Time 0m 48s
  Train | loss=1.2745 | top1=72.91% | top2=93.06% | top3=99.34%
  Valid | loss=1.3048 | top1=67.68% | top2=88.50% | top3=98.18% | acc=67.68% | bal_acc=68.72% | macro_f1=0.6777 | qwk=0.8035 | mae=0.4007 | weighted_f1=0.6551 | precision_macro=0.6895 | recall_macro=0.6872
 No improvement. Bad epochs: 1/15

Epoch 09/60 | Time 0m 48s
  Train | loss=1.2686 | top1=74.07% | top2=93.39% | top3=99.43%
  Valid | loss=1.3003 | top1=68.64% | top2=90.44% | top3=98.67% | acc=68.64% | bal_acc=66.75% | macro_f1=0.6819 | qwk=0.8173 | mae=0.3850 | weighted_f1=0.6646 | precision_macro=0.7185 | recall_macro=0.6675
 No improvement. Bad epochs: 2/15

Epoch 10/60 | Time 0m 48s
  Train | loss=1.2651 | top1=75.04% | top2=93.80% | top3=99.52%
  Valid | loss=1.2982 | top1=68.40% | top2=89.95% | top3=98.55% | acc=68.40% | bal_acc=70.91% | macro_f1=0.7146 | qwk=0.8200 | mae=0.3789 | weighted_f1=0.6804 | precision_macro=0.7216 | recall_macro=0.7091
 No improvement. Bad epochs: 3/15

Epoch 11/60 | Time 0m 48s
  Train | loss=1.2559 | top1=77.02% | top2=94.95% | top3=99.71%
  Valid | loss=1.3084 | top1=66.10% | top2=88.86% | top3=97.94% | acc=66.10% | bal_acc=67.89% | macro_f1=0.6653 | qwk=0.8281 | mae=0.3898 | weighted_f1=0.6603 | precision_macro=0.6571 | recall_macro=0.6789
 Validation improved. Saved best model (qwk=0.8281)

Epoch 12/60 | Time 0m 48s
  Train | loss=1.2517 | top1=77.90% | top2=95.60% | top3=99.71%
  Valid | loss=1.3132 | top1=65.25% | top2=88.98% | top3=98.67% | acc=65.25% | bal_acc=68.02% | macro_f1=0.6657 | qwk=0.8140 | mae=0.4104 | weighted_f1=0.6474 | precision_macro=0.6698 | recall_macro=0.6802
 No improvement. Bad epochs: 1/15

Epoch 13/60 | Time 0m 48s
  Train | loss=1.2448 | top1=79.60% | top2=96.28% | top3=99.79%
  Valid | loss=1.3174 | top1=65.98% | top2=88.86% | top3=97.70% | acc=65.98% | bal_acc=66.90% | macro_f1=0.6798 | qwk=0.8102 | mae=0.4031 | weighted_f1=0.6579 | precision_macro=0.7011 | recall_macro=0.6690
 No improvement. Bad epochs: 2/15

Epoch 14/60 | Time 0m 48s
  Train | loss=1.2389 | top1=81.41% | top2=96.87% | top3=99.78%
  Valid | loss=1.3197 | top1=66.22% | top2=88.62% | top3=97.09% | acc=66.22% | bal_acc=67.88% | macro_f1=0.6664 | qwk=0.8108 | mae=0.4080 | weighted_f1=0.6522 | precision_macro=0.6577 | recall_macro=0.6788
 No improvement. Bad epochs: 3/15

Epoch 15/60 | Time 0m 48s
  Train | loss=1.2317 | top1=82.85% | top2=97.56% | top3=99.84%
  Valid | loss=1.3128 | top1=66.83% | top2=89.10% | top3=97.82% | acc=66.83% | bal_acc=67.88% | macro_f1=0.6730 | qwk=0.8169 | mae=0.3959 | weighted_f1=0.6588 | precision_macro=0.6700 | recall_macro=0.6788
 No improvement. Bad epochs: 4/15

Epoch 16/60 | Time 0m 48s
  Train | loss=1.2259 | top1=84.99% | top2=97.75% | top3=99.90%
  Valid | loss=1.3077 | top1=66.22% | top2=88.38% | top3=98.31% | acc=66.22% | bal_acc=67.43% | macro_f1=0.6828 | qwk=0.8171 | mae=0.3947 | weighted_f1=0.6631 | precision_macro=0.6947 | recall_macro=0.6743
 No improvement. Bad epochs: 5/15

Epoch 17/60 | Time 0m 48s
  Train | loss=1.2198 | top1=86.40% | top2=98.25% | top3=99.97%
  Valid | loss=1.3353 | top1=64.41% | top2=85.84% | top3=95.28% | acc=64.41% | bal_acc=67.14% | macro_f1=0.6738 | qwk=0.7884 | mae=0.4358 | weighted_f1=0.6419 | precision_macro=0.6807 | recall_macro=0.6714
 No improvement. Bad epochs: 6/15

Epoch 18/60 | Time 0m 48s
  Train | loss=1.2163 | top1=87.85% | top2=98.51% | top3=99.95%
  Valid | loss=1.3114 | top1=66.46% | top2=89.83% | top3=98.18% | acc=66.46% | bal_acc=67.38% | macro_f1=0.6704 | qwk=0.8217 | mae=0.3935 | weighted_f1=0.6581 | precision_macro=0.6690 | recall_macro=0.6738
 No improvement. Bad epochs: 7/15

Epoch 19/60 | Time 0m 48s
  Train | loss=1.2082 | top1=89.74% | top2=99.01% | top3=99.95%
  Valid | loss=1.3145 | top1=66.10% | top2=88.86% | top3=98.55% | acc=66.10% | bal_acc=67.92% | macro_f1=0.6788 | qwk=0.8327 | mae=0.3801 | weighted_f1=0.6663 | precision_macro=0.6860 | recall_macro=0.6792
 Validation improved. Saved best model (qwk=0.8327)

Epoch 20/60 | Time 0m 48s
  Train | loss=1.2037 | top1=91.28% | top2=99.13% | top3=99.95%
  Valid | loss=1.3232 | top1=64.77% | top2=89.35% | top3=98.43% | acc=64.77% | bal_acc=66.58% | macro_f1=0.6710 | qwk=0.8169 | mae=0.4080 | weighted_f1=0.6460 | precision_macro=0.6856 | recall_macro=0.6658
 No improvement. Bad epochs: 1/15

Epoch 21/60 | Time 0m 48s
  Train | loss=1.2024 | top1=91.28% | top2=99.39% | top3=99.98%
  Valid | loss=1.3326 | top1=63.44% | top2=87.05% | top3=96.85% | acc=63.44% | bal_acc=66.08% | macro_f1=0.6789 | qwk=0.8109 | mae=0.4104 | weighted_f1=0.6473 | precision_macro=0.7078 | recall_macro=0.6608
 No improvement. Bad epochs: 2/15

Epoch 22/60 | Time 0m 48s
  Train | loss=1.1990 | top1=93.06% | top2=99.38% | top3=99.98%
  Valid | loss=1.3207 | top1=67.55% | top2=88.86% | top3=97.34% | acc=67.55% | bal_acc=69.87% | macro_f1=0.6987 | qwk=0.8199 | mae=0.3874 | weighted_f1=0.6716 | precision_macro=0.7009 | recall_macro=0.6987
 No improvement. Bad epochs: 3/15

Epoch 23/60 | Time 0m 48s
  Train | loss=1.1959 | top1=93.39% | top2=99.46% | top3=99.98%
  Valid | loss=1.3228 | top1=65.62% | top2=87.53% | top3=96.73% | acc=65.62% | bal_acc=68.04% | macro_f1=0.6897 | qwk=0.8145 | mae=0.3995 | weighted_f1=0.6602 | precision_macro=0.7023 | recall_macro=0.6804
 No improvement. Bad epochs: 4/15

Epoch 24/60 | Time 0m 48s
  Train | loss=1.1914 | top1=94.70% | top2=99.55% | top3=99.97%
  Valid | loss=1.3227 | top1=66.10% | top2=88.98% | top3=97.22% | acc=66.10% | bal_acc=67.87% | macro_f1=0.6868 | qwk=0.8218 | mae=0.3910 | weighted_f1=0.6625 | precision_macro=0.6963 | recall_macro=0.6787
 No improvement. Bad epochs: 5/15

Epoch 25/60 | Time 0m 48s
  Train | loss=1.1909 | top1=94.88% | top2=99.60% | top3=99.97%
  Valid | loss=1.3376 | top1=64.89% | top2=87.41% | top3=98.43% | acc=64.89% | bal_acc=65.18% | macro_f1=0.6729 | qwk=0.8089 | mae=0.4080 | weighted_f1=0.6518 | precision_macro=0.7204 | recall_macro=0.6518
 No improvement. Bad epochs: 6/15

Epoch 26/60 | Time 0m 48s
  Train | loss=1.1904 | top1=95.00% | top2=99.53% | top3=100.00%
  Valid | loss=1.3270 | top1=67.55% | top2=88.38% | top3=96.85% | acc=67.55% | bal_acc=69.06% | macro_f1=0.7018 | qwk=0.8169 | mae=0.3850 | weighted_f1=0.6774 | precision_macro=0.7176 | recall_macro=0.6906
 No improvement. Bad epochs: 7/15

Epoch 27/60 | Time 0m 48s
  Train | loss=1.1869 | top1=95.95% | top2=99.67% | top3=99.97%
  Valid | loss=1.3243 | top1=66.83% | top2=89.35% | top3=97.82% | acc=66.83% | bal_acc=66.99% | macro_f1=0.6800 | qwk=0.8165 | mae=0.3935 | weighted_f1=0.6601 | precision_macro=0.6954 | recall_macro=0.6699
 No improvement. Bad epochs: 8/15

Epoch 28/60 | Time 0m 48s
  Train | loss=1.1838 | top1=96.78% | top2=99.81% | top3=100.00%
  Valid | loss=1.3186 | top1=66.95% | top2=89.10% | top3=97.94% | acc=66.95% | bal_acc=69.01% | macro_f1=0.6932 | qwk=0.8262 | mae=0.3838 | weighted_f1=0.6670 | precision_macro=0.6971 | recall_macro=0.6901
 No improvement. Bad epochs: 9/15

Epoch 29/60 | Time 0m 48s
  Train | loss=1.1851 | top1=96.33% | top2=99.72% | top3=99.95%
  Valid | loss=1.3286 | top1=64.29% | top2=88.62% | top3=97.94% | acc=64.29% | bal_acc=66.69% | macro_f1=0.6762 | qwk=0.8086 | mae=0.4140 | weighted_f1=0.6479 | precision_macro=0.6882 | recall_macro=0.6669
 No improvement. Bad epochs: 10/15

Epoch 30/60 | Time 0m 48s
  Train | loss=1.1827 | top1=96.69% | top2=99.86% | top3=99.98%
  Valid | loss=1.3192 | top1=66.95% | top2=88.74% | top3=98.43% | acc=66.95% | bal_acc=68.02% | macro_f1=0.6832 | qwk=0.8160 | mae=0.3935 | weighted_f1=0.6660 | precision_macro=0.6884 | recall_macro=0.6802
 No improvement. Bad epochs: 11/15

Epoch 31/60 | Time 0m 48s
  Train | loss=1.1808 | top1=97.13% | top2=99.86% | top3=99.98%
  Valid | loss=1.3287 | top1=65.62% | top2=88.26% | top3=98.55% | acc=65.62% | bal_acc=65.37% | macro_f1=0.6690 | qwk=0.8144 | mae=0.4007 | weighted_f1=0.6519 | precision_macro=0.6916 | recall_macro=0.6537
 No improvement. Bad epochs: 12/15

Epoch 32/60 | Time 0m 48s
  Train | loss=1.1798 | top1=97.66% | top2=99.88% | top3=100.00%
  Valid | loss=1.3290 | top1=64.53% | top2=86.80% | top3=96.97% | acc=64.53% | bal_acc=66.80% | macro_f1=0.6867 | qwk=0.8130 | mae=0.4007 | weighted_f1=0.6570 | precision_macro=0.7212 | recall_macro=0.6680
 No improvement. Bad epochs: 13/15

Epoch 33/60 | Time 0m 48s
  Train | loss=1.1789 | top1=97.92% | top2=99.90% | top3=100.00%
  Valid | loss=1.3292 | top1=65.13% | top2=88.50% | top3=96.97% | acc=65.13% | bal_acc=67.10% | macro_f1=0.6744 | qwk=0.8130 | mae=0.4056 | weighted_f1=0.6526 | precision_macro=0.6817 | recall_macro=0.6710
 No improvement. Bad epochs: 14/15

Epoch 34/60 | Time 0m 48s
  Train | loss=1.1783 | top1=97.66% | top2=99.86% | top3=100.00%
  Valid | loss=1.3304 | top1=66.22% | top2=88.14% | top3=96.85% | acc=66.22% | bal_acc=67.16% | macro_f1=0.6922 | qwk=0.8134 | mae=0.3935 | weighted_f1=0.6664 | precision_macro=0.7181 | recall_macro=0.6716
 No improvement. Bad epochs: 15/15
 Early stopping triggered at epoch 34.

Loading best model (epoch=19, qwk=0.8327)

Test | loss=1.3012 | top1=68.96% | top2=91.49% | top3=99.52% | acc=68.96% | bal_acc=70.56% | macro_f1=0.7101 | qwk=0.8552 | mae=0.3436 | weighted_f1=0.6920 | precision_macro=0.7205 | recall_macro=0.7056
     ovr_roc_auc_macro=0.8947 | ovr_pr_auc_macro=0.7294
Checkpoint: /root/autodl-tmp/MedVisionLab/Knee/checkpoints/best_convnext_t_none_sord_ce_convnext_t_all_5seed_koa_baseline_sord_seed4.pt
