COMMAND: /root/miniconda3/envs/medvision/bin/python -u /root/autodl-tmp/MedVisionLab/tools/train_convnext_t_experiment.py --dataset koa --data-root /root/autodl-tmp/Knee_Osteoarthritis --attention mesc --loss ce --seed 4 --epochs 60 --patience 15 --batch-size 32 --image-size 224 --num-workers 4 --early-delta 0.0001 --base-lr 0.0001 --koa-backbone-lr 0.0001 --koa-head-lr 0.001 --weight-decay 0.0001 --dast-tau 1.0 --dast-gamma 1.5 --sord-tau 1.0 --label-smoothing 0.1 --run-tag convnext_t_all_5seed_koa_mesc_ce_seed4
==========================================================================================
Starting ConvNeXt-T experiment on KOA...
Using device: cuda
CUDA device: NVIDIA GeForce RTX 3090
Config | seed=4, attention=mesc, loss=ce, epochs=60, patience=15, batch_size=32, image_size=224, pretrained=True
Backbone: ConvNeXt-T | stage3=features[5] | stage3_channels=384
Data root: /root/autodl-tmp/Knee_Osteoarthritis
Class order: ['0_Normal', '1_Doubtful', '2_Mild', '3_Moderate', '4_Severe']
Split sizes | train=5778, valid=826, test=1656
Train class counts: [2286, 1046, 1516, 757, 173]
Optimizer: AdamW | backbone=0.0001, attention+head=0.001, weight_decay=0.0001
Trainable parameters: 28,383,953

Epoch 01/60 | Time 0m 55s
  Train | loss=1.4092 | top1=39.48% | top2=65.49% | top3=83.00%
  Valid | loss=1.3746 | top1=40.44% | top2=65.38% | top3=83.90% | acc=40.44% | bal_acc=20.57% | macro_f1=0.1262 | qwk=0.0745 | mae=1.1586 | weighted_f1=0.2434 | precision_macro=0.1339 | recall_macro=0.2057
 Validation improved. Saved best model (qwk=0.0745)

Epoch 02/60 | Time 0m 54s
  Train | loss=1.1555 | top1=50.26% | top2=75.56% | top3=92.42%
  Valid | loss=0.9633 | top1=58.96% | top2=84.50% | top3=97.82% | acc=58.96% | bal_acc=45.42% | macro_f1=0.4263 | qwk=0.7323 | mae=0.5315 | weighted_f1=0.5397 | precision_macro=0.6178 | recall_macro=0.4542
 Validation improved. Saved best model (qwk=0.7323)

Epoch 03/60 | Time 0m 54s
  Train | loss=0.9438 | top1=60.06% | top2=83.97% | top3=97.94%
  Valid | loss=0.8690 | top1=61.99% | top2=85.59% | top3=98.91% | acc=61.99% | bal_acc=55.00% | macro_f1=0.5295 | qwk=0.7265 | mae=0.5145 | weighted_f1=0.5596 | precision_macro=0.5481 | recall_macro=0.5500
 No improvement. Bad epochs: 1/15

Epoch 04/60 | Time 0m 54s
  Train | loss=0.8380 | top1=65.26% | top2=88.14% | top3=98.53%
  Valid | loss=0.8875 | top1=65.50% | top2=87.29% | top3=97.82% | acc=65.50% | bal_acc=64.97% | macro_f1=0.5900 | qwk=0.7626 | mae=0.4685 | weighted_f1=0.5885 | precision_macro=0.5408 | recall_macro=0.6497
 Validation improved. Saved best model (qwk=0.7626)

Epoch 05/60 | Time 0m 54s
  Train | loss=0.8128 | top1=65.78% | top2=88.35% | top3=98.91%
  Valid | loss=0.8390 | top1=63.44% | top2=86.44% | top3=98.43% | acc=63.44% | bal_acc=56.80% | macro_f1=0.5849 | qwk=0.7451 | mae=0.4746 | weighted_f1=0.6097 | precision_macro=0.6848 | recall_macro=0.5680
 No improvement. Bad epochs: 1/15

Epoch 06/60 | Time 0m 54s
  Train | loss=0.7809 | top1=67.38% | top2=89.10% | top3=99.03%
  Valid | loss=0.8419 | top1=64.89% | top2=87.29% | top3=98.43% | acc=64.89% | bal_acc=64.03% | macro_f1=0.6116 | qwk=0.7750 | mae=0.4528 | weighted_f1=0.6142 | precision_macro=0.6469 | recall_macro=0.6403
 Validation improved. Saved best model (qwk=0.7750)

Epoch 07/60 | Time 0m 54s
  Train | loss=0.7373 | top1=68.73% | top2=90.95% | top3=99.22%
  Valid | loss=0.8269 | top1=65.38% | top2=88.86% | top3=98.79% | acc=65.38% | bal_acc=61.66% | macro_f1=0.6460 | qwk=0.8091 | mae=0.4080 | weighted_f1=0.6437 | precision_macro=0.6970 | recall_macro=0.6166
 Validation improved. Saved best model (qwk=0.8091)

Epoch 08/60 | Time 0m 54s
  Train | loss=0.6969 | top1=70.25% | top2=91.81% | top3=99.48%
  Valid | loss=0.8398 | top1=61.74% | top2=88.98% | top3=98.55% | acc=61.74% | bal_acc=64.91% | macro_f1=0.6366 | qwk=0.8028 | mae=0.4395 | weighted_f1=0.6178 | precision_macro=0.6627 | recall_macro=0.6491
 No improvement. Bad epochs: 1/15

Epoch 09/60 | Time 0m 54s
  Train | loss=0.6698 | top1=71.65% | top2=92.37% | top3=99.52%
  Valid | loss=0.7776 | top1=66.71% | top2=88.86% | top3=98.67% | acc=66.71% | bal_acc=62.72% | macro_f1=0.6375 | qwk=0.7984 | mae=0.4140 | weighted_f1=0.6405 | precision_macro=0.6782 | recall_macro=0.6272
 No improvement. Bad epochs: 2/15

Epoch 10/60 | Time 0m 54s
  Train | loss=0.6508 | top1=72.76% | top2=93.08% | top3=99.57%
  Valid | loss=0.8287 | top1=66.71% | top2=89.95% | top3=98.91% | acc=66.71% | bal_acc=62.70% | macro_f1=0.6153 | qwk=0.7913 | mae=0.4237 | weighted_f1=0.6139 | precision_macro=0.6703 | recall_macro=0.6270
 No improvement. Bad epochs: 3/15

Epoch 11/60 | Time 0m 54s
  Train | loss=0.6111 | top1=74.09% | top2=93.49% | top3=99.71%
  Valid | loss=0.8592 | top1=66.71% | top2=89.35% | top3=99.39% | acc=66.71% | bal_acc=65.25% | macro_f1=0.6329 | qwk=0.8153 | mae=0.3983 | weighted_f1=0.6393 | precision_macro=0.6675 | recall_macro=0.6525
 Validation improved. Saved best model (qwk=0.8153)

Epoch 12/60 | Time 0m 54s
  Train | loss=0.5824 | top1=75.63% | top2=94.48% | top3=99.72%
  Valid | loss=0.9504 | top1=65.86% | top2=89.47% | top3=99.15% | acc=65.86% | bal_acc=61.84% | macro_f1=0.6464 | qwk=0.7990 | mae=0.4104 | weighted_f1=0.6429 | precision_macro=0.7032 | recall_macro=0.6184
 No improvement. Bad epochs: 1/15

Epoch 13/60 | Time 0m 54s
  Train | loss=0.5641 | top1=76.19% | top2=94.79% | top3=99.78%
  Valid | loss=0.8206 | top1=67.80% | top2=90.56% | top3=99.27% | acc=67.80% | bal_acc=70.40% | macro_f1=0.6922 | qwk=0.8359 | mae=0.3692 | weighted_f1=0.6816 | precision_macro=0.6870 | recall_macro=0.7040
 Validation improved. Saved best model (qwk=0.8359)

Epoch 14/60 | Time 0m 54s
  Train | loss=0.5187 | top1=78.54% | top2=95.57% | top3=99.88%
  Valid | loss=0.8510 | top1=66.22% | top2=89.83% | top3=98.43% | acc=66.22% | bal_acc=68.47% | macro_f1=0.7037 | qwk=0.8259 | mae=0.3801 | weighted_f1=0.6746 | precision_macro=0.7365 | recall_macro=0.6847
 No improvement. Bad epochs: 1/15

Epoch 15/60 | Time 0m 54s
  Train | loss=0.4965 | top1=79.37% | top2=96.05% | top3=99.91%
  Valid | loss=0.8347 | top1=68.28% | top2=88.74% | top3=98.91% | acc=68.28% | bal_acc=71.24% | macro_f1=0.7033 | qwk=0.8197 | mae=0.3801 | weighted_f1=0.6862 | precision_macro=0.7011 | recall_macro=0.7124
 No improvement. Bad epochs: 2/15

Epoch 16/60 | Time 0m 54s
  Train | loss=0.4621 | top1=80.46% | top2=96.54% | top3=99.79%
  Valid | loss=0.9316 | top1=62.59% | top2=87.53% | top3=98.06% | acc=62.59% | bal_acc=68.22% | macro_f1=0.6685 | qwk=0.7962 | mae=0.4334 | weighted_f1=0.6364 | precision_macro=0.6671 | recall_macro=0.6822
 No improvement. Bad epochs: 3/15

Epoch 17/60 | Time 0m 54s
  Train | loss=0.4369 | top1=81.86% | top2=96.97% | top3=99.88%
  Valid | loss=0.9112 | top1=65.25% | top2=88.26% | top3=98.79% | acc=65.25% | bal_acc=66.97% | macro_f1=0.6732 | qwk=0.8038 | mae=0.4092 | weighted_f1=0.6542 | precision_macro=0.6831 | recall_macro=0.6697
 No improvement. Bad epochs: 4/15

Epoch 18/60 | Time 0m 54s
  Train | loss=0.4045 | top1=83.45% | top2=97.42% | top3=99.90%
  Valid | loss=1.0442 | top1=64.16% | top2=88.14% | top3=98.43% | acc=64.16% | bal_acc=64.80% | macro_f1=0.6738 | qwk=0.8139 | mae=0.4007 | weighted_f1=0.6539 | precision_macro=0.7194 | recall_macro=0.6480
 No improvement. Bad epochs: 5/15

Epoch 19/60 | Time 0m 54s
  Train | loss=0.3559 | top1=85.62% | top2=98.03% | top3=99.98%
  Valid | loss=0.9996 | top1=62.71% | top2=88.98% | top3=98.91% | acc=62.71% | bal_acc=65.72% | macro_f1=0.6665 | qwk=0.8170 | mae=0.4080 | weighted_f1=0.6454 | precision_macro=0.7022 | recall_macro=0.6572
 No improvement. Bad epochs: 6/15

Epoch 20/60 | Time 0m 54s
  Train | loss=0.3383 | top1=86.10% | top2=98.39% | top3=99.97%
  Valid | loss=0.9873 | top1=63.68% | top2=87.29% | top3=98.31% | acc=63.68% | bal_acc=67.04% | macro_f1=0.6824 | qwk=0.7954 | mae=0.4237 | weighted_f1=0.6494 | precision_macro=0.7040 | recall_macro=0.6704
 No improvement. Bad epochs: 7/15

Epoch 21/60 | Time 0m 54s
  Train | loss=0.3236 | top1=87.21% | top2=98.23% | top3=99.93%
  Valid | loss=1.1923 | top1=66.10% | top2=88.01% | top3=98.18% | acc=66.10% | bal_acc=68.76% | macro_f1=0.6785 | qwk=0.7938 | mae=0.4237 | weighted_f1=0.6527 | precision_macro=0.6730 | recall_macro=0.6876
 No improvement. Bad epochs: 8/15

Epoch 22/60 | Time 0m 54s
  Train | loss=0.2808 | top1=88.99% | top2=98.53% | top3=99.97%
  Valid | loss=1.2919 | top1=61.86% | top2=86.20% | top3=97.82% | acc=61.86% | bal_acc=67.62% | macro_f1=0.6686 | qwk=0.7832 | mae=0.4419 | weighted_f1=0.6298 | precision_macro=0.6878 | recall_macro=0.6762
 No improvement. Bad epochs: 9/15

Epoch 23/60 | Time 0m 54s
  Train | loss=0.2692 | top1=89.13% | top2=98.89% | top3=100.00%
  Valid | loss=1.2268 | top1=62.71% | top2=87.65% | top3=99.03% | acc=62.71% | bal_acc=65.16% | macro_f1=0.6604 | qwk=0.7987 | mae=0.4322 | weighted_f1=0.6346 | precision_macro=0.6760 | recall_macro=0.6516
 No improvement. Bad epochs: 10/15

Epoch 24/60 | Time 0m 54s
  Train | loss=0.2316 | top1=91.09% | top2=99.01% | top3=99.97%
  Valid | loss=1.4526 | top1=63.44% | top2=85.11% | top3=98.06% | acc=63.44% | bal_acc=66.62% | macro_f1=0.6766 | qwk=0.7816 | mae=0.4358 | weighted_f1=0.6421 | precision_macro=0.6991 | recall_macro=0.6662
 No improvement. Bad epochs: 11/15

Epoch 25/60 | Time 0m 54s
  Train | loss=0.1959 | top1=92.71% | top2=99.20% | top3=99.97%
  Valid | loss=1.4940 | top1=62.95% | top2=88.14% | top3=98.79% | acc=62.95% | bal_acc=62.43% | macro_f1=0.6545 | qwk=0.8050 | mae=0.4116 | weighted_f1=0.6450 | precision_macro=0.7156 | recall_macro=0.6243
 No improvement. Bad epochs: 12/15

Epoch 26/60 | Time 0m 54s
  Train | loss=0.1887 | top1=92.73% | top2=99.38% | top3=99.98%
  Valid | loss=1.2980 | top1=65.25% | top2=89.71% | top3=98.55% | acc=65.25% | bal_acc=65.69% | macro_f1=0.6687 | qwk=0.8028 | mae=0.4153 | weighted_f1=0.6491 | precision_macro=0.6842 | recall_macro=0.6569
 No improvement. Bad epochs: 13/15

Epoch 27/60 | Time 0m 54s
  Train | loss=0.1643 | top1=94.15% | top2=99.39% | top3=99.98%
  Valid | loss=1.4792 | top1=65.74% | top2=89.83% | top3=98.43% | acc=65.74% | bal_acc=66.20% | macro_f1=0.6778 | qwk=0.8067 | mae=0.4056 | weighted_f1=0.6611 | precision_macro=0.6967 | recall_macro=0.6620
 No improvement. Bad epochs: 14/15

Epoch 28/60 | Time 0m 54s
  Train | loss=0.1512 | top1=94.29% | top2=99.38% | top3=99.98%
  Valid | loss=1.5116 | top1=64.29% | top2=88.14% | top3=98.79% | acc=64.29% | bal_acc=66.91% | macro_f1=0.6782 | qwk=0.8055 | mae=0.4092 | weighted_f1=0.6542 | precision_macro=0.7033 | recall_macro=0.6691
 No improvement. Bad epochs: 15/15
 Early stopping triggered at epoch 28.

Loading best model (epoch=13, qwk=0.8359)

Test | loss=0.7076 | top1=70.71% | top2=92.21% | top3=99.64% | acc=70.71% | bal_acc=71.21% | macro_f1=0.7143 | qwk=0.8637 | mae=0.3249 | weighted_f1=0.7069 | precision_macro=0.7209 | recall_macro=0.7121
     ovr_roc_auc_macro=0.9205 | ovr_pr_auc_macro=0.7756
Checkpoint: /root/autodl-tmp/MedVisionLab/Knee/checkpoints/best_convnext_t_mesc_ce_convnext_t_all_5seed_koa_mesc_ce_seed4.pt
