COMMAND: /root/miniconda3/envs/medvision/bin/python -u /root/autodl-tmp/MedVisionLab/tools/train_convnext_t_experiment.py --dataset koa --data-root /root/autodl-tmp/Knee_Osteoarthritis --attention none --loss dast --seed 4 --epochs 60 --patience 15 --batch-size 32 --image-size 224 --num-workers 4 --early-delta 0.0001 --base-lr 0.0001 --koa-backbone-lr 0.0001 --koa-head-lr 0.001 --weight-decay 0.0001 --dast-tau 1.5 --dast-gamma 1.5 --sord-tau 1.0 --label-smoothing 0.1 --run-tag convnext_t_all_5seed_koa_sensitivity_tau1p5_gamma1p5_seed4
==========================================================================================
Starting ConvNeXt-T experiment on KOA...
Using device: cuda
CUDA device: NVIDIA GeForce RTX 3090
Config | seed=4, attention=none, loss=dast, epochs=60, patience=15, batch_size=32, image_size=224, pretrained=True
Backbone: ConvNeXt-T | stage3=features[5] | stage3_channels=384
Data root: /root/autodl-tmp/Knee_Osteoarthritis
Class order: ['0_Normal', '1_Doubtful', '2_Mild', '3_Moderate', '4_Severe']
Split sizes | train=5778, valid=826, test=1656
Train class counts: [2286, 1046, 1516, 757, 173]
Optimizer: AdamW | backbone=0.0001, attention+head=0.001, weight_decay=0.0001
Trainable parameters: 27,823,973

Epoch 01/60 | Time 0m 50s
  Train | loss=1.0413 | top1=38.91% | top2=64.52% | top3=86.02%
  Valid | loss=0.9850 | top1=46.61% | top2=73.85% | top3=92.86% | acc=46.61% | bal_acc=30.64% | macro_f1=0.3027 | qwk=0.5171 | mae=0.7530 | weighted_f1=0.4234 | precision_macro=0.5339 | recall_macro=0.3064
 Validation improved. Saved best model (qwk=0.5171)

Epoch 02/60 | Time 0m 49s
  Train | loss=0.9552 | top1=52.77% | top2=79.09% | top3=95.55%
  Valid | loss=0.9380 | top1=55.69% | top2=83.78% | top3=95.04% | acc=55.69% | bal_acc=49.79% | macro_f1=0.5033 | qwk=0.7162 | mae=0.5496 | weighted_f1=0.5559 | precision_macro=0.5728 | recall_macro=0.4979
 Validation improved. Saved best model (qwk=0.7162)

Epoch 03/60 | Time 0m 49s
  Train | loss=0.9111 | top1=62.63% | top2=86.45% | top3=98.20%
  Valid | loss=0.9181 | top1=61.99% | top2=85.71% | top3=97.58% | acc=61.99% | bal_acc=60.61% | macro_f1=0.6029 | qwk=0.7302 | mae=0.5145 | weighted_f1=0.5867 | precision_macro=0.6293 | recall_macro=0.6061
 Validation improved. Saved best model (qwk=0.7302)

Epoch 04/60 | Time 0m 49s
  Train | loss=0.8976 | top1=65.61% | top2=88.21% | top3=98.41%
  Valid | loss=0.9559 | top1=61.50% | top2=84.38% | top3=98.31% | acc=61.50% | bal_acc=57.05% | macro_f1=0.5743 | qwk=0.7250 | mae=0.5278 | weighted_f1=0.5526 | precision_macro=0.6603 | recall_macro=0.5705
 No improvement. Bad epochs: 1/15

Epoch 05/60 | Time 0m 49s
  Train | loss=0.8899 | top1=67.06% | top2=89.29% | top3=98.86%
  Valid | loss=0.8992 | top1=65.38% | top2=88.26% | top3=98.67% | acc=65.38% | bal_acc=66.43% | macro_f1=0.6552 | qwk=0.8023 | mae=0.4237 | weighted_f1=0.6362 | precision_macro=0.6811 | recall_macro=0.6643
 Validation improved. Saved best model (qwk=0.8023)

Epoch 06/60 | Time 0m 49s
  Train | loss=0.8774 | top1=69.42% | top2=90.83% | top3=98.88%
  Valid | loss=0.9134 | top1=62.83% | top2=87.41% | top3=98.31% | acc=62.83% | bal_acc=59.43% | macro_f1=0.5842 | qwk=0.7744 | mae=0.4637 | weighted_f1=0.5923 | precision_macro=0.6484 | recall_macro=0.5943
 No improvement. Bad epochs: 1/15

Epoch 07/60 | Time 0m 49s
  Train | loss=0.8719 | top1=70.42% | top2=91.62% | top3=99.26%
  Valid | loss=0.8843 | top1=68.04% | top2=89.59% | top3=98.67% | acc=68.04% | bal_acc=69.25% | macro_f1=0.6794 | qwk=0.8192 | mae=0.3886 | weighted_f1=0.6658 | precision_macro=0.6803 | recall_macro=0.6925
 Validation improved. Saved best model (qwk=0.8192)

Epoch 08/60 | Time 0m 49s
  Train | loss=0.8616 | top1=72.97% | top2=92.85% | top3=99.29%
  Valid | loss=0.8934 | top1=66.34% | top2=87.89% | top3=97.46% | acc=66.34% | bal_acc=67.84% | macro_f1=0.6774 | qwk=0.7950 | mae=0.4153 | weighted_f1=0.6506 | precision_macro=0.6908 | recall_macro=0.6784
 No improvement. Bad epochs: 1/15

Epoch 09/60 | Time 0m 49s
  Train | loss=0.8556 | top1=73.81% | top2=93.68% | top3=99.41%
  Valid | loss=0.8879 | top1=68.77% | top2=90.68% | top3=98.91% | acc=68.77% | bal_acc=67.46% | macro_f1=0.6898 | qwk=0.8114 | mae=0.3886 | weighted_f1=0.6710 | precision_macro=0.7215 | recall_macro=0.6746
 No improvement. Bad epochs: 2/15

Epoch 10/60 | Time 0m 49s
  Train | loss=0.8520 | top1=75.03% | top2=94.03% | top3=99.48%
  Valid | loss=0.8824 | top1=67.92% | top2=89.83% | top3=98.55% | acc=67.92% | bal_acc=68.63% | macro_f1=0.7033 | qwk=0.8174 | mae=0.3826 | weighted_f1=0.6783 | precision_macro=0.7235 | recall_macro=0.6863
 No improvement. Bad epochs: 3/15

Epoch 11/60 | Time 0m 49s
  Train | loss=0.8443 | top1=76.48% | top2=95.08% | top3=99.60%
  Valid | loss=0.8970 | top1=66.71% | top2=89.35% | top3=98.43% | acc=66.71% | bal_acc=67.48% | macro_f1=0.6555 | qwk=0.8215 | mae=0.3935 | weighted_f1=0.6628 | precision_macro=0.6481 | recall_macro=0.6748
 Validation improved. Saved best model (qwk=0.8215)

Epoch 12/60 | Time 0m 49s
  Train | loss=0.8403 | top1=77.76% | top2=95.67% | top3=99.65%
  Valid | loss=0.8993 | top1=66.46% | top2=87.89% | top3=98.55% | acc=66.46% | bal_acc=67.19% | macro_f1=0.6734 | qwk=0.8069 | mae=0.4080 | weighted_f1=0.6568 | precision_macro=0.6916 | recall_macro=0.6719
 No improvement. Bad epochs: 1/15

Epoch 13/60 | Time 0m 49s
  Train | loss=0.8320 | top1=80.60% | top2=96.31% | top3=99.76%
  Valid | loss=0.8995 | top1=65.86% | top2=88.98% | top3=98.18% | acc=65.86% | bal_acc=65.75% | macro_f1=0.6724 | qwk=0.8115 | mae=0.4044 | weighted_f1=0.6519 | precision_macro=0.6975 | recall_macro=0.6575
 No improvement. Bad epochs: 2/15

Epoch 14/60 | Time 0m 49s
  Train | loss=0.8288 | top1=81.57% | top2=96.69% | top3=99.79%
  Valid | loss=0.8971 | top1=66.34% | top2=88.62% | top3=96.85% | acc=66.34% | bal_acc=68.05% | macro_f1=0.6785 | qwk=0.8263 | mae=0.3886 | weighted_f1=0.6611 | precision_macro=0.6795 | recall_macro=0.6805
 Validation improved. Saved best model (qwk=0.8263)

Epoch 15/60 | Time 0m 49s
  Train | loss=0.8204 | top1=83.80% | top2=97.73% | top3=99.86%
  Valid | loss=0.8981 | top1=68.04% | top2=88.86% | top3=98.18% | acc=68.04% | bal_acc=69.39% | macro_f1=0.6816 | qwk=0.8345 | mae=0.3717 | weighted_f1=0.6771 | precision_macro=0.6734 | recall_macro=0.6939
 Validation improved. Saved best model (qwk=0.8345)

Epoch 16/60 | Time 0m 49s
  Train | loss=0.8156 | top1=85.13% | top2=97.92% | top3=99.81%
  Valid | loss=0.8990 | top1=65.98% | top2=88.86% | top3=98.18% | acc=65.98% | bal_acc=67.74% | macro_f1=0.6881 | qwk=0.8170 | mae=0.3971 | weighted_f1=0.6616 | precision_macro=0.7002 | recall_macro=0.6774
 No improvement. Bad epochs: 1/15

Epoch 17/60 | Time 0m 49s
  Train | loss=0.8093 | top1=87.16% | top2=98.34% | top3=99.97%
  Valid | loss=0.9037 | top1=64.77% | top2=87.65% | top3=96.25% | acc=64.77% | bal_acc=67.77% | macro_f1=0.6717 | qwk=0.8028 | mae=0.4237 | weighted_f1=0.6416 | precision_macro=0.6695 | recall_macro=0.6777
 No improvement. Bad epochs: 2/15

Epoch 18/60 | Time 0m 49s
  Train | loss=0.8047 | top1=89.01% | top2=98.46% | top3=99.91%
  Valid | loss=0.9053 | top1=66.59% | top2=89.35% | top3=98.31% | acc=66.59% | bal_acc=68.25% | macro_f1=0.6802 | qwk=0.8193 | mae=0.3971 | weighted_f1=0.6561 | precision_macro=0.6822 | recall_macro=0.6825
 No improvement. Bad epochs: 3/15

Epoch 19/60 | Time 0m 49s
  Train | loss=0.7989 | top1=90.24% | top2=99.08% | top3=99.93%
  Valid | loss=0.9073 | top1=65.74% | top2=89.35% | top3=98.55% | acc=65.74% | bal_acc=67.13% | macro_f1=0.6891 | qwk=0.8263 | mae=0.3886 | weighted_f1=0.6599 | precision_macro=0.7159 | recall_macro=0.6713
 No improvement. Bad epochs: 4/15

Epoch 20/60 | Time 0m 49s
  Train | loss=0.7934 | top1=92.21% | top2=99.27% | top3=99.97%
  Valid | loss=0.9097 | top1=64.41% | top2=89.10% | top3=97.70% | acc=64.41% | bal_acc=67.52% | macro_f1=0.6518 | qwk=0.8249 | mae=0.4080 | weighted_f1=0.6441 | precision_macro=0.6363 | recall_macro=0.6752
 No improvement. Bad epochs: 5/15

Epoch 21/60 | Time 0m 49s
  Train | loss=0.7903 | top1=92.75% | top2=99.39% | top3=99.98%
  Valid | loss=0.9092 | top1=64.89% | top2=87.05% | top3=96.85% | acc=64.89% | bal_acc=69.04% | macro_f1=0.6871 | qwk=0.8196 | mae=0.3983 | weighted_f1=0.6575 | precision_macro=0.6898 | recall_macro=0.6904
 No improvement. Bad epochs: 6/15

Epoch 22/60 | Time 0m 49s
  Train | loss=0.7892 | top1=93.28% | top2=99.31% | top3=99.98%
  Valid | loss=0.9152 | top1=66.59% | top2=89.10% | top3=98.18% | acc=66.59% | bal_acc=67.59% | macro_f1=0.6731 | qwk=0.8134 | mae=0.4019 | weighted_f1=0.6527 | precision_macro=0.6748 | recall_macro=0.6759
 No improvement. Bad epochs: 7/15

Epoch 23/60 | Time 0m 49s
  Train | loss=0.7866 | top1=94.27% | top2=99.58% | top3=99.97%
  Valid | loss=0.9184 | top1=65.01% | top2=87.65% | top3=97.46% | acc=65.01% | bal_acc=68.98% | macro_f1=0.6793 | qwk=0.8085 | mae=0.4140 | weighted_f1=0.6534 | precision_macro=0.6730 | recall_macro=0.6898
 No improvement. Bad epochs: 8/15

Epoch 24/60 | Time 0m 49s
  Train | loss=0.7812 | top1=95.76% | top2=99.72% | top3=99.97%
  Valid | loss=0.9079 | top1=64.65% | top2=87.77% | top3=97.34% | acc=64.65% | bal_acc=64.44% | macro_f1=0.6708 | qwk=0.8152 | mae=0.3995 | weighted_f1=0.6551 | precision_macro=0.7134 | recall_macro=0.6444
 No improvement. Bad epochs: 9/15

Epoch 25/60 | Time 0m 49s
  Train | loss=0.7811 | top1=95.45% | top2=99.64% | top3=99.97%
  Valid | loss=0.9135 | top1=64.89% | top2=88.01% | top3=98.43% | acc=64.89% | bal_acc=66.61% | macro_f1=0.6823 | qwk=0.8078 | mae=0.4116 | weighted_f1=0.6537 | precision_macro=0.7074 | recall_macro=0.6661
 No improvement. Bad epochs: 10/15

Epoch 26/60 | Time 0m 49s
  Train | loss=0.7808 | top1=95.71% | top2=99.64% | top3=100.00%
  Valid | loss=0.9188 | top1=65.01% | top2=87.65% | top3=96.00% | acc=65.01% | bal_acc=66.71% | macro_f1=0.6757 | qwk=0.8011 | mae=0.4177 | weighted_f1=0.6476 | precision_macro=0.6878 | recall_macro=0.6671
 No improvement. Bad epochs: 11/15

Epoch 27/60 | Time 0m 49s
  Train | loss=0.7779 | top1=96.31% | top2=99.72% | top3=99.93%
  Valid | loss=0.9153 | top1=65.74% | top2=86.80% | top3=96.49% | acc=65.74% | bal_acc=67.26% | macro_f1=0.6827 | qwk=0.8088 | mae=0.4044 | weighted_f1=0.6586 | precision_macro=0.6958 | recall_macro=0.6726
 No improvement. Bad epochs: 12/15

Epoch 28/60 | Time 0m 49s
  Train | loss=0.7784 | top1=95.90% | top2=99.74% | top3=99.97%
  Valid | loss=0.9208 | top1=63.92% | top2=85.71% | top3=96.61% | acc=63.92% | bal_acc=68.11% | macro_f1=0.6467 | qwk=0.8168 | mae=0.4153 | weighted_f1=0.6430 | precision_macro=0.6374 | recall_macro=0.6811
 No improvement. Bad epochs: 13/15

Epoch 29/60 | Time 0m 49s
  Train | loss=0.7760 | top1=96.66% | top2=99.65% | top3=99.98%
  Valid | loss=0.9224 | top1=63.44% | top2=88.14% | top3=97.58% | acc=63.44% | bal_acc=65.08% | macro_f1=0.6651 | qwk=0.8046 | mae=0.4225 | weighted_f1=0.6385 | precision_macro=0.6817 | recall_macro=0.6508
 No improvement. Bad epochs: 14/15

Epoch 30/60 | Time 0m 49s
  Train | loss=0.7742 | top1=96.94% | top2=99.86% | top3=99.97%
  Valid | loss=0.9271 | top1=64.29% | top2=88.14% | top3=98.31% | acc=64.29% | bal_acc=64.17% | macro_f1=0.6477 | qwk=0.8001 | mae=0.4286 | weighted_f1=0.6325 | precision_macro=0.6654 | recall_macro=0.6417
 No improvement. Bad epochs: 15/15
 Early stopping triggered at epoch 30.

Loading best model (epoch=15, qwk=0.8345)

Test | loss=0.8830 | top1=70.23% | top2=90.52% | top3=98.91% | acc=70.23% | bal_acc=71.35% | macro_f1=0.7086 | qwk=0.8518 | mae=0.3424 | weighted_f1=0.6934 | precision_macro=0.7071 | recall_macro=0.7135
     ovr_roc_auc_macro=0.9039 | ovr_pr_auc_macro=0.7513
Checkpoint: /root/autodl-tmp/MedVisionLab/Knee/checkpoints/best_convnext_t_none_dast_convnext_t_all_5seed_koa_sensitivity_tau1p5_gamma1p5_seed4.pt
