COMMAND: /root/miniconda3/envs/medvision/bin/python -u /root/autodl-tmp/MedVisionLab/tools/train_convnext_t_experiment.py --dataset koa --data-root /root/autodl-tmp/Knee_Osteoarthritis --attention none --loss dast --seed 5 --epochs 60 --patience 15 --batch-size 32 --image-size 224 --num-workers 4 --early-delta 0.0001 --base-lr 0.0001 --koa-backbone-lr 0.0001 --koa-head-lr 0.001 --weight-decay 0.0001 --dast-tau 1.0 --dast-gamma 2.0 --sord-tau 1.0 --label-smoothing 0.1 --run-tag convnext_t_all_5seed_koa_sensitivity_tau1p0_gamma2p0_seed5
==========================================================================================
Starting ConvNeXt-T experiment on KOA...
Using device: cuda
CUDA device: NVIDIA GeForce RTX 3090
Config | seed=5, attention=none, loss=dast, epochs=60, patience=15, batch_size=32, image_size=224, pretrained=True
Backbone: ConvNeXt-T | stage3=features[5] | stage3_channels=384
Data root: /root/autodl-tmp/Knee_Osteoarthritis
Class order: ['0_Normal', '1_Doubtful', '2_Mild', '3_Moderate', '4_Severe']
Split sizes | train=5778, valid=826, test=1656
Train class counts: [2286, 1046, 1516, 757, 173]
Optimizer: AdamW | backbone=0.0001, attention+head=0.001, weight_decay=0.0001
Trainable parameters: 27,823,973

Epoch 01/60 | Time 0m 49s
  Train | loss=0.8714 | top1=41.16% | top2=65.52% | top3=85.25%
  Valid | loss=0.7756 | top1=49.39% | top2=74.70% | top3=92.01% | acc=49.39% | bal_acc=32.39% | macro_f1=0.3065 | qwk=0.5526 | mae=0.7324 | weighted_f1=0.4345 | precision_macro=0.3315 | recall_macro=0.3239
 Validation improved. Saved best model (qwk=0.5526)

Epoch 02/60 | Time 0m 49s
  Train | loss=0.7225 | top1=54.85% | top2=79.68% | top3=95.55%
  Valid | loss=0.6647 | top1=60.29% | top2=86.20% | top3=98.06% | acc=60.29% | bal_acc=49.58% | macro_f1=0.5116 | qwk=0.7319 | mae=0.5157 | weighted_f1=0.5579 | precision_macro=0.6192 | recall_macro=0.4958
 Validation improved. Saved best model (qwk=0.7319)

Epoch 03/60 | Time 0m 49s
  Train | loss=0.6558 | top1=61.34% | top2=85.39% | top3=98.11%
  Valid | loss=0.6318 | top1=64.29% | top2=87.41% | top3=97.58% | acc=64.29% | bal_acc=62.89% | macro_f1=0.6236 | qwk=0.7533 | mae=0.4734 | weighted_f1=0.6095 | precision_macro=0.6601 | recall_macro=0.6289
 Validation improved. Saved best model (qwk=0.7533)

Epoch 04/60 | Time 0m 49s
  Train | loss=0.6228 | top1=65.13% | top2=88.27% | top3=98.46%
  Valid | loss=0.6184 | top1=65.98% | top2=89.10% | top3=98.43% | acc=65.98% | bal_acc=67.70% | macro_f1=0.6757 | qwk=0.8081 | mae=0.4104 | weighted_f1=0.6524 | precision_macro=0.6915 | recall_macro=0.6770
 Validation improved. Saved best model (qwk=0.8081)

Epoch 05/60 | Time 0m 49s
  Train | loss=0.6099 | top1=67.72% | top2=89.11% | top3=98.81%
  Valid | loss=0.6510 | top1=61.02% | top2=85.23% | top3=97.70% | acc=61.02% | bal_acc=61.16% | macro_f1=0.6113 | qwk=0.7477 | mae=0.4831 | weighted_f1=0.5930 | precision_macro=0.6705 | recall_macro=0.6116
 No improvement. Bad epochs: 1/15

Epoch 06/60 | Time 0m 49s
  Train | loss=0.5898 | top1=69.47% | top2=90.62% | top3=99.10%
  Valid | loss=0.6575 | top1=66.22% | top2=89.10% | top3=98.31% | acc=66.22% | bal_acc=62.87% | macro_f1=0.6323 | qwk=0.8005 | mae=0.4177 | weighted_f1=0.6365 | precision_macro=0.6619 | recall_macro=0.6287
 No improvement. Bad epochs: 2/15

Epoch 07/60 | Time 0m 49s
  Train | loss=0.5703 | top1=71.79% | top2=92.00% | top3=99.22%
  Valid | loss=0.6311 | top1=68.64% | top2=90.19% | top3=98.67% | acc=68.64% | bal_acc=66.11% | macro_f1=0.6584 | qwk=0.8044 | mae=0.4019 | weighted_f1=0.6462 | precision_macro=0.7055 | recall_macro=0.6611
 No improvement. Bad epochs: 3/15

Epoch 08/60 | Time 0m 49s
  Train | loss=0.5634 | top1=72.45% | top2=92.51% | top3=99.38%
  Valid | loss=0.6026 | top1=69.49% | top2=90.19% | top3=98.67% | acc=69.49% | bal_acc=69.72% | macro_f1=0.7141 | qwk=0.8252 | mae=0.3668 | weighted_f1=0.6904 | precision_macro=0.7370 | recall_macro=0.6972
 Validation improved. Saved best model (qwk=0.8252)

Epoch 09/60 | Time 0m 49s
  Train | loss=0.5498 | top1=74.56% | top2=93.63% | top3=99.57%
  Valid | loss=0.6147 | top1=68.40% | top2=91.16% | top3=98.06% | acc=68.40% | bal_acc=65.87% | macro_f1=0.6627 | qwk=0.8099 | mae=0.3947 | weighted_f1=0.6512 | precision_macro=0.7005 | recall_macro=0.6587
 No improvement. Bad epochs: 1/15

Epoch 10/60 | Time 0m 49s
  Train | loss=0.5356 | top1=76.03% | top2=94.41% | top3=99.55%
  Valid | loss=0.6265 | top1=67.80% | top2=89.10% | top3=99.27% | acc=67.80% | bal_acc=68.99% | macro_f1=0.6839 | qwk=0.8188 | mae=0.3886 | weighted_f1=0.6690 | precision_macro=0.6944 | recall_macro=0.6899
 No improvement. Bad epochs: 2/15

Epoch 11/60 | Time 0m 49s
  Train | loss=0.5232 | top1=77.97% | top2=95.55% | top3=99.78%
  Valid | loss=0.6278 | top1=65.62% | top2=88.14% | top3=98.43% | acc=65.62% | bal_acc=64.47% | macro_f1=0.6641 | qwk=0.7968 | mae=0.4116 | weighted_f1=0.6475 | precision_macro=0.7116 | recall_macro=0.6447
 No improvement. Bad epochs: 3/15

Epoch 12/60 | Time 0m 49s
  Train | loss=0.5072 | top1=80.15% | top2=95.97% | top3=99.71%
  Valid | loss=0.6143 | top1=66.83% | top2=89.71% | top3=98.79% | acc=66.83% | bal_acc=68.51% | macro_f1=0.6991 | qwk=0.8264 | mae=0.3814 | weighted_f1=0.6717 | precision_macro=0.7194 | recall_macro=0.6851
 Validation improved. Saved best model (qwk=0.8264)

Epoch 13/60 | Time 0m 49s
  Train | loss=0.4976 | top1=81.48% | top2=96.47% | top3=99.69%
  Valid | loss=0.6265 | top1=66.34% | top2=88.38% | top3=98.43% | acc=66.34% | bal_acc=68.74% | macro_f1=0.6964 | qwk=0.8118 | mae=0.3947 | weighted_f1=0.6683 | precision_macro=0.7090 | recall_macro=0.6874
 No improvement. Bad epochs: 1/15

Epoch 14/60 | Time 0m 49s
  Train | loss=0.4814 | top1=83.78% | top2=97.39% | top3=99.90%
  Valid | loss=0.6905 | top1=65.25% | top2=87.53% | top3=98.79% | acc=65.25% | bal_acc=63.50% | macro_f1=0.6348 | qwk=0.7912 | mae=0.4298 | weighted_f1=0.6340 | precision_macro=0.6583 | recall_macro=0.6350
 No improvement. Bad epochs: 2/15

Epoch 15/60 | Time 0m 49s
  Train | loss=0.4701 | top1=85.72% | top2=97.87% | top3=99.88%
  Valid | loss=0.6600 | top1=65.25% | top2=88.26% | top3=97.46% | acc=65.25% | bal_acc=67.96% | macro_f1=0.6800 | qwk=0.7995 | mae=0.4189 | weighted_f1=0.6501 | precision_macro=0.6818 | recall_macro=0.6796
 No improvement. Bad epochs: 3/15

Epoch 16/60 | Time 0m 49s
  Train | loss=0.4532 | top1=88.34% | top2=98.22% | top3=99.93%
  Valid | loss=0.6820 | top1=64.53% | top2=85.59% | top3=96.61% | acc=64.53% | bal_acc=68.79% | macro_f1=0.6806 | qwk=0.7871 | mae=0.4334 | weighted_f1=0.6487 | precision_macro=0.6793 | recall_macro=0.6879
 No improvement. Bad epochs: 4/15

Epoch 17/60 | Time 0m 49s
  Train | loss=0.4500 | top1=88.96% | top2=98.72% | top3=99.98%
  Valid | loss=0.6896 | top1=64.41% | top2=85.23% | top3=96.97% | acc=64.41% | bal_acc=66.41% | macro_f1=0.6528 | qwk=0.7754 | mae=0.4431 | weighted_f1=0.6359 | precision_macro=0.6559 | recall_macro=0.6641
 No improvement. Bad epochs: 5/15

Epoch 18/60 | Time 0m 49s
  Train | loss=0.4340 | top1=90.91% | top2=99.19% | top3=100.00%
  Valid | loss=0.6867 | top1=64.77% | top2=88.38% | top3=97.70% | acc=64.77% | bal_acc=68.50% | macro_f1=0.6793 | qwk=0.7990 | mae=0.4225 | weighted_f1=0.6506 | precision_macro=0.6826 | recall_macro=0.6850
 No improvement. Bad epochs: 6/15

Epoch 19/60 | Time 0m 49s
  Train | loss=0.4234 | top1=92.49% | top2=99.34% | top3=99.97%
  Valid | loss=0.6618 | top1=63.56% | top2=88.38% | top3=98.55% | acc=63.56% | bal_acc=66.03% | macro_f1=0.6756 | qwk=0.8040 | mae=0.4153 | weighted_f1=0.6477 | precision_macro=0.6978 | recall_macro=0.6603
 No improvement. Bad epochs: 7/15

Epoch 20/60 | Time 0m 49s
  Train | loss=0.4167 | top1=93.98% | top2=99.34% | top3=99.97%
  Valid | loss=0.6707 | top1=65.62% | top2=88.74% | top3=98.55% | acc=65.62% | bal_acc=66.57% | macro_f1=0.6727 | qwk=0.8044 | mae=0.4092 | weighted_f1=0.6552 | precision_macro=0.6831 | recall_macro=0.6657
 No improvement. Bad epochs: 8/15

Epoch 21/60 | Time 0m 49s
  Train | loss=0.4108 | top1=94.83% | top2=99.43% | top3=99.97%
  Valid | loss=0.6956 | top1=65.74% | top2=87.53% | top3=98.79% | acc=65.74% | bal_acc=64.61% | macro_f1=0.6680 | qwk=0.8035 | mae=0.4092 | weighted_f1=0.6506 | precision_macro=0.7013 | recall_macro=0.6461
 No improvement. Bad epochs: 9/15

Epoch 22/60 | Time 0m 49s
  Train | loss=0.4018 | top1=95.34% | top2=99.72% | top3=100.00%
  Valid | loss=0.6745 | top1=62.95% | top2=88.62% | top3=97.82% | acc=62.95% | bal_acc=66.13% | macro_f1=0.6521 | qwk=0.8092 | mae=0.4189 | weighted_f1=0.6408 | precision_macro=0.6525 | recall_macro=0.6613
 No improvement. Bad epochs: 10/15

Epoch 23/60 | Time 0m 49s
  Train | loss=0.3983 | top1=96.38% | top2=99.67% | top3=99.97%
  Valid | loss=0.6747 | top1=65.01% | top2=87.65% | top3=97.70% | acc=65.01% | bal_acc=67.38% | macro_f1=0.6780 | qwk=0.8066 | mae=0.4116 | weighted_f1=0.6530 | precision_macro=0.6844 | recall_macro=0.6738
 No improvement. Bad epochs: 11/15

Epoch 24/60 | Time 0m 49s
  Train | loss=0.3942 | top1=96.92% | top2=99.71% | top3=100.00%
  Valid | loss=0.6767 | top1=64.04% | top2=88.98% | top3=98.31% | acc=64.04% | bal_acc=65.67% | macro_f1=0.6494 | qwk=0.7995 | mae=0.4237 | weighted_f1=0.6384 | precision_macro=0.6537 | recall_macro=0.6567
 No improvement. Bad epochs: 12/15

Epoch 25/60 | Time 0m 49s
  Train | loss=0.3901 | top1=97.04% | top2=99.86% | top3=100.00%
  Valid | loss=0.6878 | top1=63.44% | top2=87.17% | top3=98.06% | acc=63.44% | bal_acc=66.57% | macro_f1=0.6691 | qwk=0.7950 | mae=0.4249 | weighted_f1=0.6435 | precision_macro=0.6780 | recall_macro=0.6657
 No improvement. Bad epochs: 13/15

Epoch 26/60 | Time 0m 49s
  Train | loss=0.3847 | top1=97.87% | top2=99.93% | top3=100.00%
  Valid | loss=0.6794 | top1=65.13% | top2=86.92% | top3=97.82% | acc=65.13% | bal_acc=67.96% | macro_f1=0.6802 | qwk=0.8147 | mae=0.4019 | weighted_f1=0.6580 | precision_macro=0.6828 | recall_macro=0.6796
 No improvement. Bad epochs: 14/15

Epoch 27/60 | Time 0m 49s
  Train | loss=0.3838 | top1=98.15% | top2=99.91% | top3=99.98%
  Valid | loss=0.7086 | top1=64.77% | top2=88.62% | top3=98.67% | acc=64.77% | bal_acc=64.30% | macro_f1=0.6627 | qwk=0.7970 | mae=0.4225 | weighted_f1=0.6398 | precision_macro=0.6961 | recall_macro=0.6430
 No improvement. Bad epochs: 15/15
 Early stopping triggered at epoch 27.

Loading best model (epoch=12, qwk=0.8264)

Test | loss=0.5956 | top1=69.69% | top2=90.76% | top3=99.34% | acc=69.69% | bal_acc=68.86% | macro_f1=0.7034 | qwk=0.8502 | mae=0.3436 | weighted_f1=0.6949 | precision_macro=0.7259 | recall_macro=0.6886
     ovr_roc_auc_macro=0.9104 | ovr_pr_auc_macro=0.7569
Checkpoint: /root/autodl-tmp/MedVisionLab/Knee/checkpoints/best_convnext_t_none_dast_convnext_t_all_5seed_koa_sensitivity_tau1p0_gamma2p0_seed5.pt
