COMMAND: /root/miniconda3/envs/medvision/bin/python -u /root/autodl-tmp/MedVisionLab/tools/train_convnext_t_experiment.py --dataset koa --data-root /root/autodl-tmp/Knee_Osteoarthritis --attention none --loss dast --seed 6 --epochs 60 --patience 15 --batch-size 32 --image-size 224 --num-workers 4 --early-delta 0.0001 --base-lr 0.0001 --koa-backbone-lr 0.0001 --koa-head-lr 0.001 --weight-decay 0.0001 --dast-tau 1.5 --dast-gamma 1.5 --sord-tau 1.0 --label-smoothing 0.1 --run-tag convnext_t_all_5seed_koa_sensitivity_tau1p5_gamma1p5_seed6
==========================================================================================
Starting ConvNeXt-T experiment on KOA...
Using device: cuda
CUDA device: NVIDIA GeForce RTX 3090
Config | seed=6, attention=none, loss=dast, epochs=60, patience=15, batch_size=32, image_size=224, pretrained=True
Backbone: ConvNeXt-T | stage3=features[5] | stage3_channels=384
Data root: /root/autodl-tmp/Knee_Osteoarthritis
Class order: ['0_Normal', '1_Doubtful', '2_Mild', '3_Moderate', '4_Severe']
Split sizes | train=5778, valid=826, test=1656
Train class counts: [2286, 1046, 1516, 757, 173]
Optimizer: AdamW | backbone=0.0001, attention+head=0.001, weight_decay=0.0001
Trainable parameters: 27,823,973

Epoch 01/60 | Time 0m 49s
  Train | loss=1.0438 | top1=40.29% | top2=64.92% | top3=85.19%
  Valid | loss=0.9908 | top1=44.79% | top2=71.55% | top3=90.56% | acc=44.79% | bal_acc=31.84% | macro_f1=0.3185 | qwk=0.5344 | mae=0.7385 | weighted_f1=0.4361 | precision_macro=0.5115 | recall_macro=0.3184
 Validation improved. Saved best model (qwk=0.5344)

Epoch 02/60 | Time 0m 48s
  Train | loss=0.9595 | top1=53.55% | top2=78.47% | top3=94.98%
  Valid | loss=0.9488 | top1=56.54% | top2=81.84% | top3=97.34% | acc=56.54% | bal_acc=42.43% | macro_f1=0.4315 | qwk=0.6788 | mae=0.5920 | weighted_f1=0.5103 | precision_macro=0.5752 | recall_macro=0.4243
 Validation improved. Saved best model (qwk=0.6788)

Epoch 03/60 | Time 0m 48s
  Train | loss=0.9128 | top1=62.27% | top2=86.14% | top3=97.96%
  Valid | loss=0.9047 | top1=63.56% | top2=86.32% | top3=97.09% | acc=63.56% | bal_acc=61.39% | macro_f1=0.6183 | qwk=0.7501 | mae=0.4794 | weighted_f1=0.6070 | precision_macro=0.6499 | recall_macro=0.6139
 Validation improved. Saved best model (qwk=0.7501)

Epoch 04/60 | Time 0m 48s
  Train | loss=0.8966 | top1=65.77% | top2=88.87% | top3=98.13%
  Valid | loss=0.9008 | top1=66.46% | top2=88.26% | top3=98.06% | acc=66.46% | bal_acc=63.33% | macro_f1=0.6253 | qwk=0.7696 | mae=0.4467 | weighted_f1=0.6066 | precision_macro=0.6786 | recall_macro=0.6333
 Validation improved. Saved best model (qwk=0.7696)

Epoch 05/60 | Time 0m 48s
  Train | loss=0.8848 | top1=67.69% | top2=90.05% | top3=98.89%
  Valid | loss=0.8874 | top1=67.19% | top2=90.07% | top3=98.91% | acc=67.19% | bal_acc=65.14% | macro_f1=0.6446 | qwk=0.7997 | mae=0.4177 | weighted_f1=0.6205 | precision_macro=0.6857 | recall_macro=0.6514
 Validation improved. Saved best model (qwk=0.7997)

Epoch 06/60 | Time 0m 48s
  Train | loss=0.8767 | top1=69.49% | top2=91.24% | top3=98.94%
  Valid | loss=0.8915 | top1=65.62% | top2=87.77% | top3=97.58% | acc=65.62% | bal_acc=62.10% | macro_f1=0.6418 | qwk=0.7907 | mae=0.4225 | weighted_f1=0.6463 | precision_macro=0.6930 | recall_macro=0.6210
 No improvement. Bad epochs: 1/15

Epoch 07/60 | Time 0m 48s
  Train | loss=0.8701 | top1=70.61% | top2=91.54% | top3=99.19%
  Valid | loss=0.8895 | top1=67.07% | top2=89.83% | top3=98.67% | acc=67.07% | bal_acc=67.00% | macro_f1=0.6735 | qwk=0.8244 | mae=0.3826 | weighted_f1=0.6641 | precision_macro=0.6942 | recall_macro=0.6700
 Validation improved. Saved best model (qwk=0.8244)

Epoch 08/60 | Time 0m 48s
  Train | loss=0.8636 | top1=72.14% | top2=92.35% | top3=99.26%
  Valid | loss=0.8841 | top1=66.46% | top2=89.59% | top3=98.79% | acc=66.46% | bal_acc=65.75% | macro_f1=0.6814 | qwk=0.8102 | mae=0.3995 | weighted_f1=0.6567 | precision_macro=0.7166 | recall_macro=0.6575
 No improvement. Bad epochs: 1/15

Epoch 09/60 | Time 0m 48s
  Train | loss=0.8553 | top1=74.20% | top2=94.01% | top3=99.50%
  Valid | loss=0.8917 | top1=67.92% | top2=88.50% | top3=96.97% | acc=67.92% | bal_acc=69.04% | macro_f1=0.6902 | qwk=0.7976 | mae=0.4068 | weighted_f1=0.6617 | precision_macro=0.7065 | recall_macro=0.6904
 No improvement. Bad epochs: 2/15

Epoch 10/60 | Time 0m 48s
  Train | loss=0.8530 | top1=75.01% | top2=94.31% | top3=99.39%
  Valid | loss=0.8976 | top1=67.80% | top2=89.71% | top3=98.67% | acc=67.80% | bal_acc=66.26% | macro_f1=0.6720 | qwk=0.8096 | mae=0.3947 | weighted_f1=0.6621 | precision_macro=0.6952 | recall_macro=0.6626
 No improvement. Bad epochs: 3/15

Epoch 11/60 | Time 0m 48s
  Train | loss=0.8485 | top1=75.74% | top2=94.57% | top3=99.53%
  Valid | loss=0.8846 | top1=69.37% | top2=90.44% | top3=98.43% | acc=69.37% | bal_acc=70.77% | macro_f1=0.7161 | qwk=0.8325 | mae=0.3632 | weighted_f1=0.6875 | precision_macro=0.7281 | recall_macro=0.7077
 Validation improved. Saved best model (qwk=0.8325)

Epoch 12/60 | Time 0m 48s
  Train | loss=0.8415 | top1=78.11% | top2=95.34% | top3=99.67%
  Valid | loss=0.8862 | top1=68.77% | top2=88.98% | top3=98.06% | acc=68.77% | bal_acc=70.79% | macro_f1=0.6849 | qwk=0.8231 | mae=0.3765 | weighted_f1=0.6776 | precision_macro=0.6859 | recall_macro=0.7079
 No improvement. Bad epochs: 1/15

Epoch 13/60 | Time 0m 48s
  Train | loss=0.8362 | top1=79.20% | top2=96.24% | top3=99.64%
  Valid | loss=0.8915 | top1=68.89% | top2=89.35% | top3=97.94% | acc=68.89% | bal_acc=67.62% | macro_f1=0.6972 | qwk=0.8157 | mae=0.3801 | weighted_f1=0.6784 | precision_macro=0.7307 | recall_macro=0.6762
 No improvement. Bad epochs: 2/15

Epoch 14/60 | Time 0m 48s
  Train | loss=0.8289 | top1=81.33% | top2=96.69% | top3=99.69%
  Valid | loss=0.8986 | top1=64.77% | top2=87.53% | top3=97.34% | acc=64.77% | bal_acc=68.23% | macro_f1=0.6815 | qwk=0.8035 | mae=0.4189 | weighted_f1=0.6474 | precision_macro=0.6844 | recall_macro=0.6823
 No improvement. Bad epochs: 3/15

Epoch 15/60 | Time 0m 48s
  Train | loss=0.8238 | top1=82.73% | top2=97.30% | top3=99.76%
  Valid | loss=0.8954 | top1=65.62% | top2=88.74% | top3=98.55% | acc=65.62% | bal_acc=68.97% | macro_f1=0.7053 | qwk=0.8218 | mae=0.3898 | weighted_f1=0.6672 | precision_macro=0.7337 | recall_macro=0.6897
 No improvement. Bad epochs: 4/15

Epoch 16/60 | Time 0m 48s
  Train | loss=0.8171 | top1=84.75% | top2=97.66% | top3=99.88%
  Valid | loss=0.8921 | top1=67.07% | top2=89.59% | top3=98.31% | acc=67.07% | bal_acc=69.48% | macro_f1=0.6970 | qwk=0.8138 | mae=0.3983 | weighted_f1=0.6625 | precision_macro=0.7076 | recall_macro=0.6948
 No improvement. Bad epochs: 5/15

Epoch 17/60 | Time 0m 48s
  Train | loss=0.8126 | top1=86.02% | top2=98.06% | top3=99.88%
  Valid | loss=0.9009 | top1=62.59% | top2=87.77% | top3=97.70% | acc=62.59% | bal_acc=68.22% | macro_f1=0.6870 | qwk=0.8071 | mae=0.4153 | weighted_f1=0.6464 | precision_macro=0.7206 | recall_macro=0.6822
 No improvement. Bad epochs: 6/15

Epoch 18/60 | Time 0m 48s
  Train | loss=0.8072 | top1=88.11% | top2=98.55% | top3=99.91%
  Valid | loss=0.9066 | top1=64.89% | top2=87.05% | top3=96.73% | acc=64.89% | bal_acc=67.50% | macro_f1=0.6838 | qwk=0.7943 | mae=0.4189 | weighted_f1=0.6522 | precision_macro=0.7028 | recall_macro=0.6750
 No improvement. Bad epochs: 7/15

Epoch 19/60 | Time 0m 48s
  Train | loss=0.8004 | top1=90.22% | top2=98.93% | top3=99.95%
  Valid | loss=0.9053 | top1=64.53% | top2=88.86% | top3=97.58% | acc=64.53% | bal_acc=67.28% | macro_f1=0.6769 | qwk=0.8056 | mae=0.4104 | weighted_f1=0.6582 | precision_macro=0.6948 | recall_macro=0.6728
 No improvement. Bad epochs: 8/15

Epoch 20/60 | Time 0m 48s
  Train | loss=0.7977 | top1=91.05% | top2=99.13% | top3=99.98%
  Valid | loss=0.9392 | top1=62.11% | top2=86.68% | top3=98.55% | acc=62.11% | bal_acc=61.83% | macro_f1=0.6431 | qwk=0.7842 | mae=0.4516 | weighted_f1=0.6176 | precision_macro=0.6913 | recall_macro=0.6183
 No improvement. Bad epochs: 9/15

Epoch 21/60 | Time 0m 48s
  Train | loss=0.7950 | top1=92.09% | top2=99.10% | top3=99.97%
  Valid | loss=0.9015 | top1=64.89% | top2=88.86% | top3=98.43% | acc=64.89% | bal_acc=67.95% | macro_f1=0.6969 | qwk=0.8222 | mae=0.3935 | weighted_f1=0.6601 | precision_macro=0.7219 | recall_macro=0.6795
 No improvement. Bad epochs: 10/15

Epoch 22/60 | Time 0m 48s
  Train | loss=0.7883 | top1=94.10% | top2=99.52% | top3=99.98%
  Valid | loss=0.9077 | top1=65.62% | top2=88.01% | top3=97.34% | acc=65.62% | bal_acc=68.46% | macro_f1=0.6933 | qwk=0.8084 | mae=0.4007 | weighted_f1=0.6653 | precision_macro=0.7112 | recall_macro=0.6846
 No improvement. Bad epochs: 11/15

Epoch 23/60 | Time 0m 48s
  Train | loss=0.7860 | top1=94.34% | top2=99.55% | top3=99.97%
  Valid | loss=0.9100 | top1=67.43% | top2=89.23% | top3=98.06% | acc=67.43% | bal_acc=68.41% | macro_f1=0.6747 | qwk=0.8076 | mae=0.3983 | weighted_f1=0.6698 | precision_macro=0.6690 | recall_macro=0.6841
 No improvement. Bad epochs: 12/15

Epoch 24/60 | Time 0m 48s
  Train | loss=0.7853 | top1=94.72% | top2=99.48% | top3=99.98%
  Valid | loss=0.9109 | top1=64.77% | top2=89.10% | top3=97.94% | acc=64.77% | bal_acc=65.65% | macro_f1=0.6476 | qwk=0.8117 | mae=0.4116 | weighted_f1=0.6470 | precision_macro=0.6457 | recall_macro=0.6565
 No improvement. Bad epochs: 13/15

Epoch 25/60 | Time 0m 48s
  Train | loss=0.7818 | top1=95.52% | top2=99.76% | top3=99.98%
  Valid | loss=0.9078 | top1=67.80% | top2=89.10% | top3=97.82% | acc=67.80% | bal_acc=68.69% | macro_f1=0.7003 | qwk=0.8190 | mae=0.3826 | weighted_f1=0.6771 | precision_macro=0.7162 | recall_macro=0.6869
 No improvement. Bad epochs: 14/15

Epoch 26/60 | Time 0m 48s
  Train | loss=0.7791 | top1=96.42% | top2=99.67% | top3=99.93%
  Valid | loss=0.9220 | top1=66.22% | top2=87.77% | top3=97.46% | acc=66.22% | bal_acc=66.84% | macro_f1=0.6681 | qwk=0.8000 | mae=0.4153 | weighted_f1=0.6526 | precision_macro=0.6719 | recall_macro=0.6684
 No improvement. Bad epochs: 15/15
 Early stopping triggered at epoch 26.

Loading best model (epoch=11, qwk=0.8325)

Test | loss=0.8744 | top1=70.95% | top2=91.85% | top3=99.52% | acc=70.95% | bal_acc=70.25% | macro_f1=0.7083 | qwk=0.8537 | mae=0.3357 | weighted_f1=0.6973 | precision_macro=0.7217 | recall_macro=0.7025
     ovr_roc_auc_macro=0.9123 | ovr_pr_auc_macro=0.7687
Checkpoint: /root/autodl-tmp/MedVisionLab/Knee/checkpoints/best_convnext_t_none_dast_convnext_t_all_5seed_koa_sensitivity_tau1p5_gamma1p5_seed6.pt
