COMMAND: /root/miniconda3/envs/medvision/bin/python -u /root/autodl-tmp/MedVisionLab/tools/train_convnext_t_experiment.py --dataset koa --data-root /root/autodl-tmp/Knee_Osteoarthritis --attention none --loss dast --seed 1 --epochs 60 --patience 15 --batch-size 32 --image-size 224 --num-workers 4 --early-delta 0.0001 --base-lr 0.0001 --koa-backbone-lr 0.0001 --koa-head-lr 0.001 --weight-decay 0.0001 --dast-tau 1.0 --dast-gamma 1.5 --sord-tau 1.0 --label-smoothing 0.1 --run-tag convnext_t_all_5seed_koa_baseline_dast_seed1
==========================================================================================
Starting ConvNeXt-T experiment on KOA...
Using device: cuda
CUDA device: NVIDIA GeForce RTX 3090
Config | seed=1, attention=none, loss=dast, epochs=60, patience=15, batch_size=32, image_size=224, pretrained=True
Backbone: ConvNeXt-T | stage3=features[5] | stage3_channels=384
Data root: /root/autodl-tmp/Knee_Osteoarthritis
Class order: ['0_Normal', '1_Doubtful', '2_Mild', '3_Moderate', '4_Severe']
Split sizes | train=5778, valid=826, test=1656
Train class counts: [2286, 1046, 1516, 757, 173]
Optimizer: AdamW | backbone=0.0001, attention+head=0.001, weight_decay=0.0001
Trainable parameters: 27,823,973

Epoch 01/60 | Time 0m 49s
  Train | loss=0.9843 | top1=42.00% | top2=66.25% | top3=86.07%
  Valid | loss=0.8817 | top1=50.12% | top2=76.39% | top3=93.83% | acc=50.12% | bal_acc=31.71% | macro_f1=0.2904 | qwk=0.5691 | mae=0.7034 | weighted_f1=0.4349 | precision_macro=0.3272 | recall_macro=0.3171
 Validation improved. Saved best model (qwk=0.5691)

Epoch 02/60 | Time 0m 49s
  Train | loss=0.8371 | top1=55.64% | top2=80.88% | top3=96.14%
  Valid | loss=0.7818 | top1=59.81% | top2=85.59% | top3=97.46% | acc=59.81% | bal_acc=49.00% | macro_f1=0.4869 | qwk=0.7165 | mae=0.5278 | weighted_f1=0.5668 | precision_macro=0.6332 | recall_macro=0.4900
 Validation improved. Saved best model (qwk=0.7165)

Epoch 03/60 | Time 0m 49s
  Train | loss=0.7739 | top1=62.51% | top2=86.85% | top3=98.17%
  Valid | loss=0.7540 | top1=63.68% | top2=88.01% | top3=97.82% | acc=63.68% | bal_acc=62.52% | macro_f1=0.6296 | qwk=0.7829 | mae=0.4540 | weighted_f1=0.6138 | precision_macro=0.6595 | recall_macro=0.6252
 Validation improved. Saved best model (qwk=0.7829)

Epoch 04/60 | Time 0m 49s
  Train | loss=0.7423 | top1=66.63% | top2=88.94% | top3=98.89%
  Valid | loss=0.7416 | top1=66.22% | top2=89.23% | top3=98.79% | acc=66.22% | bal_acc=58.52% | macro_f1=0.5895 | qwk=0.7776 | mae=0.4346 | weighted_f1=0.6043 | precision_macro=0.7147 | recall_macro=0.5852
 No improvement. Bad epochs: 1/15

Epoch 05/60 | Time 0m 48s
  Train | loss=0.7294 | top1=67.76% | top2=89.93% | top3=98.93%
  Valid | loss=0.7351 | top1=67.31% | top2=88.50% | top3=98.18% | acc=67.31% | bal_acc=68.20% | macro_f1=0.7010 | qwk=0.8165 | mae=0.3826 | weighted_f1=0.6791 | precision_macro=0.7268 | recall_macro=0.6820
 Validation improved. Saved best model (qwk=0.8165)

Epoch 06/60 | Time 0m 49s
  Train | loss=0.7156 | top1=69.56% | top2=91.31% | top3=99.10%
  Valid | loss=0.7367 | top1=67.43% | top2=88.74% | top3=98.43% | acc=67.43% | bal_acc=67.41% | macro_f1=0.6818 | qwk=0.8025 | mae=0.3983 | weighted_f1=0.6666 | precision_macro=0.7086 | recall_macro=0.6741
 No improvement. Bad epochs: 1/15

Epoch 07/60 | Time 0m 49s
  Train | loss=0.7020 | top1=70.63% | top2=92.37% | top3=99.31%
  Valid | loss=0.7477 | top1=65.25% | top2=87.05% | top3=97.46% | acc=65.25% | bal_acc=70.35% | macro_f1=0.6955 | qwk=0.8088 | mae=0.4068 | weighted_f1=0.6605 | precision_macro=0.6987 | recall_macro=0.7035
 No improvement. Bad epochs: 2/15

Epoch 08/60 | Time 0m 49s
  Train | loss=0.6855 | top1=72.85% | top2=93.22% | top3=99.36%
  Valid | loss=0.7577 | top1=66.59% | top2=88.98% | top3=98.79% | acc=66.59% | bal_acc=63.75% | macro_f1=0.6529 | qwk=0.7992 | mae=0.4153 | weighted_f1=0.6346 | precision_macro=0.7060 | recall_macro=0.6375
 No improvement. Bad epochs: 3/15

Epoch 09/60 | Time 0m 49s
  Train | loss=0.6783 | top1=73.97% | top2=93.48% | top3=99.43%
  Valid | loss=0.7610 | top1=66.83% | top2=88.62% | top3=99.03% | acc=66.83% | bal_acc=65.26% | macro_f1=0.6768 | qwk=0.8106 | mae=0.4007 | weighted_f1=0.6565 | precision_macro=0.7207 | recall_macro=0.6526
 No improvement. Bad epochs: 4/15

Epoch 10/60 | Time 0m 49s
  Train | loss=0.6663 | top1=76.38% | top2=94.38% | top3=99.55%
  Valid | loss=0.7352 | top1=67.43% | top2=88.86% | top3=98.43% | acc=67.43% | bal_acc=69.59% | macro_f1=0.6961 | qwk=0.8047 | mae=0.3947 | weighted_f1=0.6774 | precision_macro=0.7072 | recall_macro=0.6959
 No improvement. Bad epochs: 5/15

Epoch 11/60 | Time 0m 49s
  Train | loss=0.6549 | top1=77.60% | top2=95.31% | top3=99.57%
  Valid | loss=0.7552 | top1=63.56% | top2=87.65% | top3=96.61% | acc=63.56% | bal_acc=66.69% | macro_f1=0.6658 | qwk=0.8050 | mae=0.4213 | weighted_f1=0.6422 | precision_macro=0.6691 | recall_macro=0.6669
 No improvement. Bad epochs: 6/15

Epoch 12/60 | Time 0m 49s
  Train | loss=0.6445 | top1=79.11% | top2=95.60% | top3=99.72%
  Valid | loss=0.7808 | top1=65.50% | top2=87.77% | top3=98.91% | acc=65.50% | bal_acc=62.54% | macro_f1=0.6396 | qwk=0.7859 | mae=0.4383 | weighted_f1=0.6240 | precision_macro=0.6950 | recall_macro=0.6254
 No improvement. Bad epochs: 7/15

Epoch 13/60 | Time 0m 49s
  Train | loss=0.6355 | top1=80.39% | top2=96.28% | top3=99.72%
  Valid | loss=0.7614 | top1=66.95% | top2=90.56% | top3=98.67% | acc=66.95% | bal_acc=66.31% | macro_f1=0.6563 | qwk=0.8259 | mae=0.3910 | weighted_f1=0.6494 | precision_macro=0.6651 | recall_macro=0.6631
 Validation improved. Saved best model (qwk=0.8259)

Epoch 14/60 | Time 0m 49s
  Train | loss=0.6249 | top1=81.95% | top2=96.57% | top3=99.84%
  Valid | loss=0.7417 | top1=68.04% | top2=90.19% | top3=98.91% | acc=68.04% | bal_acc=67.09% | macro_f1=0.6817 | qwk=0.8342 | mae=0.3680 | weighted_f1=0.6729 | precision_macro=0.7027 | recall_macro=0.6709
 Validation improved. Saved best model (qwk=0.8342)

Epoch 15/60 | Time 0m 49s
  Train | loss=0.6113 | top1=84.49% | top2=97.40% | top3=99.84%
  Valid | loss=0.7833 | top1=67.07% | top2=88.38% | top3=96.61% | acc=67.07% | bal_acc=70.57% | macro_f1=0.6994 | qwk=0.8042 | mae=0.4019 | weighted_f1=0.6711 | precision_macro=0.6958 | recall_macro=0.7057
 No improvement. Bad epochs: 1/15

Epoch 16/60 | Time 0m 49s
  Train | loss=0.5957 | top1=86.48% | top2=98.15% | top3=99.88%
  Valid | loss=0.7755 | top1=66.83% | top2=88.86% | top3=98.06% | acc=66.83% | bal_acc=69.32% | macro_f1=0.6922 | qwk=0.8216 | mae=0.3886 | weighted_f1=0.6689 | precision_macro=0.6924 | recall_macro=0.6932
 No improvement. Bad epochs: 2/15

Epoch 17/60 | Time 0m 49s
  Train | loss=0.5852 | top1=87.68% | top2=98.43% | top3=99.95%
  Valid | loss=0.7654 | top1=66.59% | top2=90.44% | top3=99.03% | acc=66.59% | bal_acc=67.00% | macro_f1=0.6833 | qwk=0.8159 | mae=0.3935 | weighted_f1=0.6639 | precision_macro=0.7076 | recall_macro=0.6700
 No improvement. Bad epochs: 3/15

Epoch 18/60 | Time 0m 49s
  Train | loss=0.5730 | top1=89.89% | top2=98.91% | top3=99.97%
  Valid | loss=0.7645 | top1=67.92% | top2=90.80% | top3=98.67% | acc=67.92% | bal_acc=68.28% | macro_f1=0.6900 | qwk=0.8249 | mae=0.3765 | weighted_f1=0.6786 | precision_macro=0.7008 | recall_macro=0.6828
 No improvement. Bad epochs: 4/15

Epoch 19/60 | Time 0m 49s
  Train | loss=0.5653 | top1=91.48% | top2=99.05% | top3=99.90%
  Valid | loss=0.7857 | top1=64.77% | top2=88.86% | top3=98.43% | acc=64.77% | bal_acc=65.38% | macro_f1=0.6555 | qwk=0.8081 | mae=0.4153 | weighted_f1=0.6390 | precision_macro=0.6662 | recall_macro=0.6538
 No improvement. Bad epochs: 5/15

Epoch 20/60 | Time 0m 49s
  Train | loss=0.5571 | top1=92.32% | top2=99.41% | top3=99.98%
  Valid | loss=0.8009 | top1=68.16% | top2=90.19% | top3=98.67% | acc=68.16% | bal_acc=67.35% | macro_f1=0.6749 | qwk=0.8108 | mae=0.3959 | weighted_f1=0.6639 | precision_macro=0.6919 | recall_macro=0.6735
 No improvement. Bad epochs: 6/15

Epoch 21/60 | Time 0m 49s
  Train | loss=0.5509 | top1=93.46% | top2=99.50% | top3=99.98%
  Valid | loss=0.7834 | top1=65.98% | top2=89.83% | top3=97.94% | acc=65.98% | bal_acc=68.07% | macro_f1=0.6856 | qwk=0.8249 | mae=0.3886 | weighted_f1=0.6636 | precision_macro=0.6917 | recall_macro=0.6807
 No improvement. Bad epochs: 7/15

Epoch 22/60 | Time 0m 49s
  Train | loss=0.5462 | top1=94.36% | top2=99.57% | top3=100.00%
  Valid | loss=0.7960 | top1=67.68% | top2=86.56% | top3=96.00% | acc=67.68% | bal_acc=69.21% | macro_f1=0.6794 | qwk=0.8033 | mae=0.4007 | weighted_f1=0.6681 | precision_macro=0.6734 | recall_macro=0.6921
 No improvement. Bad epochs: 8/15

Epoch 23/60 | Time 0m 49s
  Train | loss=0.5393 | top1=95.36% | top2=99.48% | top3=99.97%
  Valid | loss=0.7959 | top1=64.89% | top2=88.74% | top3=97.58% | acc=64.89% | bal_acc=66.45% | macro_f1=0.6826 | qwk=0.8094 | mae=0.4068 | weighted_f1=0.6553 | precision_macro=0.7053 | recall_macro=0.6645
 No improvement. Bad epochs: 9/15

Epoch 24/60 | Time 0m 49s
  Train | loss=0.5361 | top1=95.67% | top2=99.72% | top3=99.98%
  Valid | loss=0.8048 | top1=66.34% | top2=90.44% | top3=97.94% | acc=66.34% | bal_acc=66.22% | macro_f1=0.6664 | qwk=0.8117 | mae=0.4031 | weighted_f1=0.6498 | precision_macro=0.6794 | recall_macro=0.6622
 No improvement. Bad epochs: 10/15

Epoch 25/60 | Time 0m 49s
  Train | loss=0.5310 | top1=96.38% | top2=99.78% | top3=100.00%
  Valid | loss=0.7915 | top1=68.04% | top2=89.10% | top3=98.31% | acc=68.04% | bal_acc=69.23% | macro_f1=0.6865 | qwk=0.8242 | mae=0.3850 | weighted_f1=0.6672 | precision_macro=0.6887 | recall_macro=0.6923
 No improvement. Bad epochs: 11/15

Epoch 26/60 | Time 0m 49s
  Train | loss=0.5277 | top1=96.97% | top2=99.65% | top3=99.97%
  Valid | loss=0.7884 | top1=67.55% | top2=89.71% | top3=98.18% | acc=67.55% | bal_acc=68.69% | macro_f1=0.6843 | qwk=0.8233 | mae=0.3814 | weighted_f1=0.6727 | precision_macro=0.6843 | recall_macro=0.6869
 No improvement. Bad epochs: 12/15

Epoch 27/60 | Time 0m 49s
  Train | loss=0.5255 | top1=96.92% | top2=99.72% | top3=99.98%
  Valid | loss=0.8129 | top1=67.31% | top2=88.38% | top3=96.97% | acc=67.31% | bal_acc=67.27% | macro_f1=0.6788 | qwk=0.8111 | mae=0.3959 | weighted_f1=0.6625 | precision_macro=0.6907 | recall_macro=0.6727
 No improvement. Bad epochs: 13/15

Epoch 28/60 | Time 0m 49s
  Train | loss=0.5241 | top1=97.20% | top2=99.69% | top3=99.97%
  Valid | loss=0.7910 | top1=67.55% | top2=88.86% | top3=97.82% | acc=67.55% | bal_acc=68.34% | macro_f1=0.6882 | qwk=0.8179 | mae=0.3862 | weighted_f1=0.6740 | precision_macro=0.6951 | recall_macro=0.6834
 No improvement. Bad epochs: 14/15

Epoch 29/60 | Time 0m 49s
  Train | loss=0.5224 | top1=97.72% | top2=99.76% | top3=99.98%
  Valid | loss=0.8001 | top1=65.86% | top2=88.86% | top3=98.06% | acc=65.86% | bal_acc=66.14% | macro_f1=0.6782 | qwk=0.8014 | mae=0.4104 | weighted_f1=0.6545 | precision_macro=0.6996 | recall_macro=0.6614
 No improvement. Bad epochs: 15/15
 Early stopping triggered at epoch 29.

Loading best model (epoch=14, qwk=0.8342)

Test | loss=0.7258 | top1=70.95% | top2=92.09% | top3=99.40% | acc=70.95% | bal_acc=68.51% | macro_f1=0.7001 | qwk=0.8434 | mae=0.3406 | weighted_f1=0.7015 | precision_macro=0.7221 | recall_macro=0.6851
     ovr_roc_auc_macro=0.9088 | ovr_pr_auc_macro=0.7509
Checkpoint: /root/autodl-tmp/MedVisionLab/Knee/checkpoints/best_convnext_t_none_dast_convnext_t_all_5seed_koa_baseline_dast_seed1.pt
