COMMAND: /root/miniconda3/envs/medvision/bin/python -u /root/autodl-tmp/MedVisionLab/tools/train_convnext_t_experiment.py --dataset koa --data-root /root/autodl-tmp/Knee_Osteoarthritis --attention none --loss dast --seed 1 --epochs 60 --patience 15 --batch-size 32 --image-size 224 --num-workers 4 --early-delta 0.0001 --base-lr 0.0001 --koa-backbone-lr 0.0001 --koa-head-lr 0.001 --weight-decay 0.0001 --dast-tau 2.0 --dast-gamma 1.5 --sord-tau 1.0 --label-smoothing 0.1 --run-tag convnext_t_all_5seed_koa_sensitivity_tau2p0_gamma1p5_seed1
==========================================================================================
Starting ConvNeXt-T experiment on KOA...
Using device: cuda
CUDA device: NVIDIA GeForce RTX 3090
Config | seed=1, attention=none, loss=dast, epochs=60, patience=15, batch_size=32, image_size=224, pretrained=True
Backbone: ConvNeXt-T | stage3=features[5] | stage3_channels=384
Data root: /root/autodl-tmp/Knee_Osteoarthritis
Class order: ['0_Normal', '1_Doubtful', '2_Mild', '3_Moderate', '4_Severe']
Split sizes | train=5778, valid=826, test=1656
Train class counts: [2286, 1046, 1516, 757, 173]
Optimizer: AdamW | backbone=0.0001, attention+head=0.001, weight_decay=0.0001
Trainable parameters: 27,823,973

Epoch 01/60 | Time 0m 49s
  Train | loss=1.0740 | top1=37.42% | top2=64.88% | top3=86.26%
  Valid | loss=1.0298 | top1=49.64% | top2=76.39% | top3=93.83% | acc=49.64% | bal_acc=32.60% | macro_f1=0.3148 | qwk=0.5710 | mae=0.7058 | weighted_f1=0.4499 | precision_macro=0.3402 | recall_macro=0.3260
 Validation improved. Saved best model (qwk=0.5710)

Epoch 02/60 | Time 0m 49s
  Train | loss=1.0160 | top1=53.44% | top2=79.73% | top3=95.86%
  Valid | loss=0.9945 | top1=59.44% | top2=85.84% | top3=97.46% | acc=59.44% | bal_acc=50.62% | macro_f1=0.5165 | qwk=0.7260 | mae=0.5218 | weighted_f1=0.5773 | precision_macro=0.5927 | recall_macro=0.5062
 Validation improved. Saved best model (qwk=0.7260)

Epoch 03/60 | Time 0m 48s
  Train | loss=0.9918 | top1=61.94% | top2=86.67% | top3=98.08%
  Valid | loss=0.9833 | top1=63.92% | top2=88.01% | top3=98.06% | acc=63.92% | bal_acc=62.14% | macro_f1=0.6259 | qwk=0.7702 | mae=0.4637 | weighted_f1=0.6069 | precision_macro=0.6574 | recall_macro=0.6214
 Validation improved. Saved best model (qwk=0.7702)

Epoch 04/60 | Time 0m 48s
  Train | loss=0.9823 | top1=65.26% | top2=88.47% | top3=98.77%
  Valid | loss=0.9783 | top1=65.50% | top2=88.98% | top3=98.55% | acc=65.50% | bal_acc=58.79% | macro_f1=0.5971 | qwk=0.7858 | mae=0.4322 | weighted_f1=0.6114 | precision_macro=0.6570 | recall_macro=0.5879
 Validation improved. Saved best model (qwk=0.7858)

Epoch 05/60 | Time 0m 48s
  Train | loss=0.9757 | top1=67.51% | top2=89.91% | top3=98.79%
  Valid | loss=0.9767 | top1=65.62% | top2=88.98% | top3=98.31% | acc=65.62% | bal_acc=67.87% | macro_f1=0.6861 | qwk=0.8196 | mae=0.3947 | weighted_f1=0.6610 | precision_macro=0.6957 | recall_macro=0.6787
 Validation improved. Saved best model (qwk=0.8196)

Epoch 06/60 | Time 0m 49s
  Train | loss=0.9714 | top1=69.40% | top2=90.93% | top3=99.13%
  Valid | loss=0.9781 | top1=67.07% | top2=88.62% | top3=98.18% | acc=67.07% | bal_acc=66.63% | macro_f1=0.6660 | qwk=0.7962 | mae=0.4104 | weighted_f1=0.6551 | precision_macro=0.6875 | recall_macro=0.6663
 No improvement. Bad epochs: 1/15

Epoch 07/60 | Time 0m 48s
  Train | loss=0.9667 | top1=69.83% | top2=91.66% | top3=99.12%
  Valid | loss=0.9820 | top1=65.38% | top2=86.80% | top3=97.70% | acc=65.38% | bal_acc=69.46% | macro_f1=0.6896 | qwk=0.8072 | mae=0.4080 | weighted_f1=0.6564 | precision_macro=0.6902 | recall_macro=0.6946
 No improvement. Bad epochs: 2/15

Epoch 08/60 | Time 0m 49s
  Train | loss=0.9614 | top1=72.31% | top2=93.04% | top3=99.26%
  Valid | loss=0.9854 | top1=66.34% | top2=87.17% | top3=98.91% | acc=66.34% | bal_acc=64.22% | macro_f1=0.6655 | qwk=0.8033 | mae=0.4116 | weighted_f1=0.6453 | precision_macro=0.7146 | recall_macro=0.6422
 No improvement. Bad epochs: 3/15

Epoch 09/60 | Time 0m 48s
  Train | loss=0.9594 | top1=73.43% | top2=93.61% | top3=99.22%
  Valid | loss=0.9803 | top1=68.40% | top2=89.71% | top3=99.03% | acc=68.40% | bal_acc=68.45% | macro_f1=0.6945 | qwk=0.8260 | mae=0.3801 | weighted_f1=0.6678 | precision_macro=0.7225 | recall_macro=0.6845
 Validation improved. Saved best model (qwk=0.8260)

Epoch 10/60 | Time 0m 48s
  Train | loss=0.9562 | top1=74.80% | top2=94.13% | top3=99.46%
  Valid | loss=0.9793 | top1=65.62% | top2=87.77% | top3=98.06% | acc=65.62% | bal_acc=68.86% | macro_f1=0.6830 | qwk=0.8148 | mae=0.3947 | weighted_f1=0.6663 | precision_macro=0.6942 | recall_macro=0.6886
 No improvement. Bad epochs: 1/15

Epoch 11/60 | Time 0m 49s
  Train | loss=0.9533 | top1=76.08% | top2=94.62% | top3=99.39%
  Valid | loss=0.9785 | top1=65.86% | top2=88.74% | top3=97.34% | acc=65.86% | bal_acc=67.43% | macro_f1=0.6814 | qwk=0.8101 | mae=0.4031 | weighted_f1=0.6592 | precision_macro=0.6916 | recall_macro=0.6743
 No improvement. Bad epochs: 2/15

Epoch 12/60 | Time 0m 49s
  Train | loss=0.9502 | top1=77.48% | top2=95.05% | top3=99.57%
  Valid | loss=0.9906 | top1=65.50% | top2=87.89% | top3=98.67% | acc=65.50% | bal_acc=62.82% | macro_f1=0.6477 | qwk=0.7847 | mae=0.4358 | weighted_f1=0.6289 | precision_macro=0.7030 | recall_macro=0.6282
 No improvement. Bad epochs: 3/15

Epoch 13/60 | Time 0m 49s
  Train | loss=0.9473 | top1=78.73% | top2=95.85% | top3=99.64%
  Valid | loss=0.9800 | top1=66.83% | top2=91.04% | top3=98.79% | acc=66.83% | bal_acc=66.02% | macro_f1=0.6467 | qwk=0.8256 | mae=0.3923 | weighted_f1=0.6524 | precision_macro=0.6529 | recall_macro=0.6602
 No improvement. Bad epochs: 4/15

Epoch 14/60 | Time 0m 49s
  Train | loss=0.9443 | top1=80.24% | top2=96.18% | top3=99.79%
  Valid | loss=0.9765 | top1=68.16% | top2=89.83% | top3=98.43% | acc=68.16% | bal_acc=67.44% | macro_f1=0.6888 | qwk=0.8198 | mae=0.3814 | weighted_f1=0.6720 | precision_macro=0.7175 | recall_macro=0.6744
 No improvement. Bad epochs: 5/15

Epoch 15/60 | Time 0m 49s
  Train | loss=0.9399 | top1=82.21% | top2=97.32% | top3=99.83%
  Valid | loss=0.9881 | top1=64.77% | top2=86.56% | top3=95.64% | acc=64.77% | bal_acc=69.50% | macro_f1=0.6860 | qwk=0.8029 | mae=0.4153 | weighted_f1=0.6522 | precision_macro=0.6862 | recall_macro=0.6950
 No improvement. Bad epochs: 6/15

Epoch 16/60 | Time 0m 49s
  Train | loss=0.9372 | top1=83.37% | top2=97.44% | top3=99.78%
  Valid | loss=0.9814 | top1=68.40% | top2=89.35% | top3=96.97% | acc=68.40% | bal_acc=70.80% | macro_f1=0.7103 | qwk=0.8182 | mae=0.3826 | weighted_f1=0.6811 | precision_macro=0.7137 | recall_macro=0.7080
 No improvement. Bad epochs: 7/15

Epoch 17/60 | Time 0m 49s
  Train | loss=0.9343 | top1=84.75% | top2=97.94% | top3=99.81%
  Valid | loss=0.9829 | top1=66.34% | top2=89.23% | top3=98.06% | acc=66.34% | bal_acc=66.26% | macro_f1=0.6731 | qwk=0.8135 | mae=0.4019 | weighted_f1=0.6516 | precision_macro=0.6943 | recall_macro=0.6626
 No improvement. Bad epochs: 8/15

Epoch 18/60 | Time 0m 49s
  Train | loss=0.9299 | top1=87.04% | top2=98.48% | top3=99.91%
  Valid | loss=0.9805 | top1=66.71% | top2=89.23% | top3=97.46% | acc=66.71% | bal_acc=69.89% | macro_f1=0.6930 | qwk=0.8253 | mae=0.3862 | weighted_f1=0.6703 | precision_macro=0.6886 | recall_macro=0.6989
 No improvement. Bad epochs: 9/15

Epoch 19/60 | Time 0m 49s
  Train | loss=0.9280 | top1=88.35% | top2=98.68% | top3=99.90%
  Valid | loss=0.9926 | top1=63.80% | top2=87.65% | top3=97.34% | acc=63.80% | bal_acc=66.36% | macro_f1=0.6513 | qwk=0.8115 | mae=0.4153 | weighted_f1=0.6455 | precision_macro=0.6610 | recall_macro=0.6636
 No improvement. Bad epochs: 10/15

Epoch 20/60 | Time 0m 49s
  Train | loss=0.9252 | top1=89.34% | top2=98.98% | top3=99.93%
  Valid | loss=0.9915 | top1=67.07% | top2=89.47% | top3=97.82% | acc=67.07% | bal_acc=66.20% | macro_f1=0.6739 | qwk=0.8140 | mae=0.3971 | weighted_f1=0.6564 | precision_macro=0.6958 | recall_macro=0.6620
 No improvement. Bad epochs: 11/15

Epoch 21/60 | Time 0m 48s
  Train | loss=0.9238 | top1=90.10% | top2=99.03% | top3=99.95%
  Valid | loss=0.9809 | top1=68.52% | top2=88.98% | top3=98.43% | acc=68.52% | bal_acc=67.96% | macro_f1=0.7026 | qwk=0.8290 | mae=0.3656 | weighted_f1=0.6853 | precision_macro=0.7323 | recall_macro=0.6796
 Validation improved. Saved best model (qwk=0.8290)

Epoch 22/60 | Time 0m 48s
  Train | loss=0.9222 | top1=91.31% | top2=99.24% | top3=99.97%
  Valid | loss=0.9861 | top1=67.68% | top2=88.86% | top3=97.94% | acc=67.68% | bal_acc=69.19% | macro_f1=0.6943 | qwk=0.8245 | mae=0.3765 | weighted_f1=0.6802 | precision_macro=0.7016 | recall_macro=0.6919
 No improvement. Bad epochs: 1/15

Epoch 23/60 | Time 0m 48s
  Train | loss=0.9191 | top1=93.04% | top2=99.27% | top3=99.97%
  Valid | loss=0.9847 | top1=66.22% | top2=88.62% | top3=98.06% | acc=66.22% | bal_acc=68.57% | macro_f1=0.6968 | qwk=0.8302 | mae=0.3801 | weighted_f1=0.6711 | precision_macro=0.7132 | recall_macro=0.6857
 Validation improved. Saved best model (qwk=0.8302)

Epoch 24/60 | Time 0m 48s
  Train | loss=0.9190 | top1=92.97% | top2=99.50% | top3=99.95%
  Valid | loss=0.9864 | top1=67.92% | top2=89.23% | top3=97.70% | acc=67.92% | bal_acc=68.85% | macro_f1=0.6915 | qwk=0.8272 | mae=0.3753 | weighted_f1=0.6757 | precision_macro=0.6982 | recall_macro=0.6885
 No improvement. Bad epochs: 1/15

Epoch 25/60 | Time 0m 48s
  Train | loss=0.9166 | top1=94.22% | top2=99.64% | top3=100.00%
  Valid | loss=0.9834 | top1=67.07% | top2=88.38% | top3=97.58% | acc=67.07% | bal_acc=70.00% | macro_f1=0.7057 | qwk=0.8349 | mae=0.3717 | weighted_f1=0.6770 | precision_macro=0.7151 | recall_macro=0.7000
 Validation improved. Saved best model (qwk=0.8349)

Epoch 26/60 | Time 0m 48s
  Train | loss=0.9150 | top1=94.88% | top2=99.67% | top3=99.98%
  Valid | loss=0.9854 | top1=66.71% | top2=89.10% | top3=98.18% | acc=66.71% | bal_acc=68.51% | macro_f1=0.6881 | qwk=0.8244 | mae=0.3850 | weighted_f1=0.6714 | precision_macro=0.6989 | recall_macro=0.6851
 No improvement. Bad epochs: 1/15

Epoch 27/60 | Time 0m 49s
  Train | loss=0.9133 | top1=95.78% | top2=99.81% | top3=100.00%
  Valid | loss=0.9881 | top1=68.16% | top2=89.10% | top3=97.94% | acc=68.16% | bal_acc=66.52% | macro_f1=0.6820 | qwk=0.8285 | mae=0.3741 | weighted_f1=0.6718 | precision_macro=0.7073 | recall_macro=0.6652
 No improvement. Bad epochs: 2/15

Epoch 28/60 | Time 0m 49s
  Train | loss=0.9140 | top1=95.43% | top2=99.52% | top3=99.98%
  Valid | loss=0.9871 | top1=65.98% | top2=88.14% | top3=98.31% | acc=65.98% | bal_acc=68.50% | macro_f1=0.6911 | qwk=0.8294 | mae=0.3814 | weighted_f1=0.6687 | precision_macro=0.7029 | recall_macro=0.6850
 No improvement. Bad epochs: 3/15

Epoch 29/60 | Time 0m 49s
  Train | loss=0.9139 | top1=95.64% | top2=99.72% | top3=99.95%
  Valid | loss=0.9847 | top1=67.07% | top2=89.23% | top3=98.18% | acc=67.07% | bal_acc=67.83% | macro_f1=0.6846 | qwk=0.8291 | mae=0.3789 | weighted_f1=0.6689 | precision_macro=0.6926 | recall_macro=0.6783
 No improvement. Bad epochs: 4/15

Epoch 30/60 | Time 0m 49s
  Train | loss=0.9116 | top1=96.23% | top2=99.74% | top3=100.00%
  Valid | loss=0.9849 | top1=68.04% | top2=88.62% | top3=98.67% | acc=68.04% | bal_acc=68.56% | macro_f1=0.6913 | qwk=0.8375 | mae=0.3632 | weighted_f1=0.6802 | precision_macro=0.7059 | recall_macro=0.6856
 Validation improved. Saved best model (qwk=0.8375)

Epoch 31/60 | Time 0m 48s
  Train | loss=0.9106 | top1=96.88% | top2=99.78% | top3=99.98%
  Valid | loss=0.9868 | top1=64.89% | top2=86.56% | top3=97.34% | acc=64.89% | bal_acc=68.05% | macro_f1=0.6818 | qwk=0.8210 | mae=0.3947 | weighted_f1=0.6603 | precision_macro=0.6908 | recall_macro=0.6805
 No improvement. Bad epochs: 1/15

Epoch 32/60 | Time 0m 48s
  Train | loss=0.9097 | top1=97.21% | top2=99.84% | top3=99.98%
  Valid | loss=0.9854 | top1=67.80% | top2=89.83% | top3=98.43% | acc=67.80% | bal_acc=69.81% | macro_f1=0.7003 | qwk=0.8342 | mae=0.3680 | weighted_f1=0.6841 | precision_macro=0.7086 | recall_macro=0.6981
 No improvement. Bad epochs: 2/15

Epoch 33/60 | Time 0m 48s
  Train | loss=0.9087 | top1=97.61% | top2=99.95% | top3=100.00%
  Valid | loss=0.9834 | top1=67.80% | top2=88.62% | top3=98.06% | acc=67.80% | bal_acc=68.44% | macro_f1=0.7039 | qwk=0.8340 | mae=0.3680 | weighted_f1=0.6817 | precision_macro=0.7316 | recall_macro=0.6844
 No improvement. Bad epochs: 3/15

Epoch 34/60 | Time 0m 49s
  Train | loss=0.9084 | top1=97.99% | top2=99.88% | top3=99.98%
  Valid | loss=0.9900 | top1=65.98% | top2=88.26% | top3=98.31% | acc=65.98% | bal_acc=66.36% | macro_f1=0.6721 | qwk=0.8235 | mae=0.3862 | weighted_f1=0.6623 | precision_macro=0.6992 | recall_macro=0.6636
 No improvement. Bad epochs: 4/15

Epoch 35/60 | Time 0m 49s
  Train | loss=0.9085 | top1=97.56% | top2=99.83% | top3=100.00%
  Valid | loss=0.9884 | top1=68.89% | top2=89.35% | top3=97.58% | acc=68.89% | bal_acc=68.57% | macro_f1=0.6878 | qwk=0.8270 | mae=0.3729 | weighted_f1=0.6767 | precision_macro=0.6970 | recall_macro=0.6857
 No improvement. Bad epochs: 5/15

Epoch 36/60 | Time 0m 49s
  Train | loss=0.9078 | top1=98.15% | top2=99.93% | top3=100.00%
  Valid | loss=0.9877 | top1=67.80% | top2=88.74% | top3=97.94% | acc=67.80% | bal_acc=69.76% | macro_f1=0.6924 | qwk=0.8345 | mae=0.3717 | weighted_f1=0.6764 | precision_macro=0.6886 | recall_macro=0.6976
 No improvement. Bad epochs: 6/15

Epoch 37/60 | Time 0m 49s
  Train | loss=0.9080 | top1=97.77% | top2=99.88% | top3=100.00%
  Valid | loss=0.9856 | top1=68.52% | top2=87.17% | top3=98.31% | acc=68.52% | bal_acc=70.81% | macro_f1=0.6994 | qwk=0.8318 | mae=0.3680 | weighted_f1=0.6875 | precision_macro=0.6961 | recall_macro=0.7081
 No improvement. Bad epochs: 7/15

Epoch 38/60 | Time 0m 49s
  Train | loss=0.9071 | top1=98.18% | top2=99.88% | top3=99.98%
  Valid | loss=0.9846 | top1=66.10% | top2=86.92% | top3=97.94% | acc=66.10% | bal_acc=69.39% | macro_f1=0.7063 | qwk=0.8329 | mae=0.3741 | weighted_f1=0.6752 | precision_macro=0.7305 | recall_macro=0.6939
 No improvement. Bad epochs: 8/15

Epoch 39/60 | Time 0m 49s
  Train | loss=0.9067 | top1=98.44% | top2=99.91% | top3=100.00%
  Valid | loss=0.9884 | top1=67.92% | top2=87.17% | top3=97.34% | acc=67.92% | bal_acc=69.81% | macro_f1=0.6882 | qwk=0.8311 | mae=0.3717 | weighted_f1=0.6813 | precision_macro=0.6838 | recall_macro=0.6981
 No improvement. Bad epochs: 9/15

Epoch 40/60 | Time 0m 49s
  Train | loss=0.9062 | top1=98.67% | top2=99.93% | top3=99.98%
  Valid | loss=0.9883 | top1=66.46% | top2=88.14% | top3=98.18% | acc=66.46% | bal_acc=68.41% | macro_f1=0.6798 | qwk=0.8212 | mae=0.3923 | weighted_f1=0.6629 | precision_macro=0.6776 | recall_macro=0.6841
 No improvement. Bad epochs: 10/15

Epoch 41/60 | Time 0m 49s
  Train | loss=0.9058 | top1=98.79% | top2=99.97% | top3=99.98%
  Valid | loss=0.9858 | top1=68.40% | top2=88.62% | top3=98.55% | acc=68.40% | bal_acc=69.80% | macro_f1=0.7019 | qwk=0.8359 | mae=0.3632 | weighted_f1=0.6854 | precision_macro=0.7094 | recall_macro=0.6980
 No improvement. Bad epochs: 11/15

Epoch 42/60 | Time 0m 48s
  Train | loss=0.9056 | top1=98.89% | top2=99.93% | top3=100.00%
  Valid | loss=0.9839 | top1=69.13% | top2=87.05% | top3=98.18% | acc=69.13% | bal_acc=71.09% | macro_f1=0.7082 | qwk=0.8386 | mae=0.3547 | weighted_f1=0.6959 | precision_macro=0.7110 | recall_macro=0.7109
 Validation improved. Saved best model (qwk=0.8386)

Epoch 43/60 | Time 0m 48s
  Train | loss=0.9056 | top1=98.81% | top2=99.93% | top3=100.00%
  Valid | loss=0.9841 | top1=68.77% | top2=88.38% | top3=98.06% | acc=68.77% | bal_acc=70.76% | macro_f1=0.7139 | qwk=0.8356 | mae=0.3571 | weighted_f1=0.6950 | precision_macro=0.7245 | recall_macro=0.7076
 No improvement. Bad epochs: 1/15

Epoch 44/60 | Time 0m 49s
  Train | loss=0.9048 | top1=99.29% | top2=99.95% | top3=100.00%
  Valid | loss=0.9844 | top1=68.28% | top2=88.98% | top3=98.06% | acc=68.28% | bal_acc=68.98% | macro_f1=0.6995 | qwk=0.8327 | mae=0.3668 | weighted_f1=0.6842 | precision_macro=0.7103 | recall_macro=0.6898
 No improvement. Bad epochs: 2/15

Epoch 45/60 | Time 0m 48s
  Train | loss=0.9047 | top1=99.33% | top2=99.98% | top3=100.00%
  Valid | loss=0.9846 | top1=67.31% | top2=88.62% | top3=98.31% | acc=67.31% | bal_acc=67.84% | macro_f1=0.6880 | qwk=0.8311 | mae=0.3717 | weighted_f1=0.6803 | precision_macro=0.7017 | recall_macro=0.6784
 No improvement. Bad epochs: 3/15

Epoch 46/60 | Time 0m 48s
  Train | loss=0.9044 | top1=99.46% | top2=99.93% | top3=100.00%
  Valid | loss=0.9849 | top1=67.68% | top2=88.98% | top3=97.94% | acc=67.68% | bal_acc=68.31% | macro_f1=0.6959 | qwk=0.8302 | mae=0.3680 | weighted_f1=0.6844 | precision_macro=0.7163 | recall_macro=0.6831
 No improvement. Bad epochs: 4/15

Epoch 47/60 | Time 0m 49s
  Train | loss=0.9045 | top1=99.26% | top2=99.97% | top3=100.00%
  Valid | loss=0.9860 | top1=68.16% | top2=89.10% | top3=98.06% | acc=68.16% | bal_acc=68.37% | macro_f1=0.6953 | qwk=0.8293 | mae=0.3692 | weighted_f1=0.6813 | precision_macro=0.7120 | recall_macro=0.6837
 No improvement. Bad epochs: 5/15

Epoch 48/60 | Time 0m 48s
  Train | loss=0.9044 | top1=99.26% | top2=99.95% | top3=99.98%
  Valid | loss=0.9871 | top1=67.80% | top2=88.26% | top3=97.94% | acc=67.80% | bal_acc=68.15% | macro_f1=0.6955 | qwk=0.8232 | mae=0.3753 | weighted_f1=0.6819 | precision_macro=0.7144 | recall_macro=0.6815
 No improvement. Bad epochs: 6/15

Epoch 49/60 | Time 0m 49s
  Train | loss=0.9043 | top1=99.46% | top2=99.95% | top3=100.00%
  Valid | loss=0.9869 | top1=67.07% | top2=87.65% | top3=98.18% | acc=67.07% | bal_acc=69.74% | macro_f1=0.6984 | qwk=0.8284 | mae=0.3765 | weighted_f1=0.6784 | precision_macro=0.7055 | recall_macro=0.6974
 No improvement. Bad epochs: 7/15

Epoch 50/60 | Time 0m 49s
  Train | loss=0.9042 | top1=99.43% | top2=99.91% | top3=99.98%
  Valid | loss=0.9899 | top1=66.71% | top2=88.26% | top3=97.70% | acc=66.71% | bal_acc=67.81% | macro_f1=0.6908 | qwk=0.8196 | mae=0.3850 | weighted_f1=0.6744 | precision_macro=0.7088 | recall_macro=0.6781
 No improvement. Bad epochs: 8/15

Epoch 51/60 | Time 0m 49s
  Train | loss=0.9042 | top1=99.46% | top2=99.95% | top3=100.00%
  Valid | loss=0.9874 | top1=67.07% | top2=88.86% | top3=98.06% | acc=67.07% | bal_acc=67.80% | macro_f1=0.6921 | qwk=0.8238 | mae=0.3801 | weighted_f1=0.6742 | precision_macro=0.7091 | recall_macro=0.6780
 No improvement. Bad epochs: 9/15

Epoch 52/60 | Time 0m 48s
  Train | loss=0.9042 | top1=99.36% | top2=99.98% | top3=100.00%
  Valid | loss=0.9872 | top1=67.80% | top2=89.35% | top3=98.31% | acc=67.80% | bal_acc=69.11% | macro_f1=0.6950 | qwk=0.8284 | mae=0.3729 | weighted_f1=0.6802 | precision_macro=0.7054 | recall_macro=0.6911
 No improvement. Bad epochs: 10/15

Epoch 53/60 | Time 0m 48s
  Train | loss=0.9038 | top1=99.55% | top2=99.98% | top3=100.00%
  Valid | loss=0.9874 | top1=67.19% | top2=88.98% | top3=98.31% | acc=67.19% | bal_acc=68.30% | macro_f1=0.6920 | qwk=0.8273 | mae=0.3765 | weighted_f1=0.6764 | precision_macro=0.7064 | recall_macro=0.6830
 No improvement. Bad epochs: 11/15

Epoch 54/60 | Time 0m 49s
  Train | loss=0.9039 | top1=99.64% | top2=99.95% | top3=100.00%
  Valid | loss=0.9856 | top1=67.92% | top2=88.98% | top3=98.18% | acc=67.92% | bal_acc=69.30% | macro_f1=0.6999 | qwk=0.8374 | mae=0.3620 | weighted_f1=0.6853 | precision_macro=0.7120 | recall_macro=0.6930
 No improvement. Bad epochs: 12/15

Epoch 55/60 | Time 0m 49s
  Train | loss=0.9039 | top1=99.46% | top2=100.00% | top3=100.00%
  Valid | loss=0.9861 | top1=67.92% | top2=89.23% | top3=98.18% | acc=67.92% | bal_acc=69.50% | macro_f1=0.7005 | qwk=0.8332 | mae=0.3668 | weighted_f1=0.6841 | precision_macro=0.7087 | recall_macro=0.6950
 No improvement. Bad epochs: 13/15

Epoch 56/60 | Time 0m 49s
  Train | loss=0.9039 | top1=99.58% | top2=99.97% | top3=100.00%
  Valid | loss=0.9872 | top1=67.68% | top2=89.23% | top3=98.43% | acc=67.68% | bal_acc=68.52% | macro_f1=0.6935 | qwk=0.8290 | mae=0.3729 | weighted_f1=0.6784 | precision_macro=0.7061 | recall_macro=0.6852
 No improvement. Bad epochs: 14/15

Epoch 57/60 | Time 0m 49s
  Train | loss=0.9036 | top1=99.71% | top2=100.00% | top3=100.00%
  Valid | loss=0.9867 | top1=68.04% | top2=88.86% | top3=98.18% | acc=68.04% | bal_acc=69.12% | macro_f1=0.6987 | qwk=0.8318 | mae=0.3668 | weighted_f1=0.6838 | precision_macro=0.7106 | recall_macro=0.6912
 No improvement. Bad epochs: 15/15
 Early stopping triggered at epoch 57.

Loading best model (epoch=42, qwk=0.8386)

Test | loss=0.9823 | top1=68.54% | top2=89.92% | top3=98.79% | acc=68.54% | bal_acc=69.16% | macro_f1=0.7001 | qwk=0.8456 | mae=0.3539 | weighted_f1=0.6863 | precision_macro=0.7096 | recall_macro=0.6916
     ovr_roc_auc_macro=0.8938 | ovr_pr_auc_macro=0.7135
Checkpoint: /root/autodl-tmp/MedVisionLab/Knee/checkpoints/best_convnext_t_none_dast_convnext_t_all_5seed_koa_sensitivity_tau2p0_gamma1p5_seed1.pt
