COMMAND: /root/miniconda3/envs/medvision/bin/python -u /root/autodl-tmp/MedVisionLab/tools/train_convnext_t_experiment.py --dataset koa --data-root /root/autodl-tmp/Knee_Osteoarthritis --attention cbam --loss ce --seed 5 --epochs 60 --patience 15 --batch-size 32 --image-size 224 --num-workers 4 --early-delta 0.0001 --base-lr 0.0001 --koa-backbone-lr 0.0001 --koa-head-lr 0.001 --weight-decay 0.0001 --dast-tau 1.0 --dast-gamma 1.5 --sord-tau 1.0 --label-smoothing 0.1 --run-tag convnext_t_all_5seed_koa_cbam_ce_seed5
==========================================================================================
Starting ConvNeXt-T experiment on KOA...
Using device: cuda
CUDA device: NVIDIA GeForce RTX 3090
Config | seed=5, attention=cbam, loss=ce, epochs=60, patience=15, batch_size=32, image_size=224, pretrained=True
Backbone: ConvNeXt-T | stage3=features[5] | stage3_channels=384
Data root: /root/autodl-tmp/Knee_Osteoarthritis
Class order: ['0_Normal', '1_Doubtful', '2_Mild', '3_Moderate', '4_Severe']
Split sizes | train=5778, valid=826, test=1656
Train class counts: [2286, 1046, 1516, 757, 173]
Optimizer: AdamW | backbone=0.0001, attention+head=0.001, weight_decay=0.0001
Trainable parameters: 27,842,503

Epoch 01/60 | Time 0m 49s
  Train | loss=1.3613 | top1=41.59% | top2=65.26% | top3=85.55%
  Valid | loss=1.2459 | top1=43.58% | top2=71.31% | top3=89.71% | acc=43.58% | bal_acc=24.57% | macro_f1=0.1980 | qwk=0.2845 | mae=0.9927 | weighted_f1=0.3137 | precision_macro=0.2489 | recall_macro=0.2457
 Validation improved. Saved best model (qwk=0.2845)

Epoch 02/60 | Time 0m 49s
  Train | loss=1.0550 | top1=55.99% | top2=79.54% | top3=95.36%
  Valid | loss=0.9310 | top1=60.90% | top2=85.35% | top3=97.94% | acc=60.90% | bal_acc=48.43% | macro_f1=0.4690 | qwk=0.7141 | mae=0.5436 | weighted_f1=0.5316 | precision_macro=0.6513 | recall_macro=0.4843
 Validation improved. Saved best model (qwk=0.7141)

Epoch 03/60 | Time 0m 49s
  Train | loss=0.8581 | top1=63.74% | top2=87.04% | top3=98.39%
  Valid | loss=0.8270 | top1=64.41% | top2=89.47% | top3=98.31% | acc=64.41% | bal_acc=55.83% | macro_f1=0.5663 | qwk=0.7596 | mae=0.4637 | weighted_f1=0.5858 | precision_macro=0.6496 | recall_macro=0.5583
 Validation improved. Saved best model (qwk=0.7596)

Epoch 04/60 | Time 0m 49s
  Train | loss=0.7930 | top1=66.87% | top2=88.73% | top3=98.70%
  Valid | loss=0.8268 | top1=66.22% | top2=88.38% | top3=98.79% | acc=66.22% | bal_acc=64.49% | macro_f1=0.6314 | qwk=0.7814 | mae=0.4479 | weighted_f1=0.6114 | precision_macro=0.6780 | recall_macro=0.6449
 Validation improved. Saved best model (qwk=0.7814)

Epoch 05/60 | Time 0m 49s
  Train | loss=0.7540 | top1=67.93% | top2=90.31% | top3=99.10%
  Valid | loss=0.7662 | top1=68.64% | top2=90.07% | top3=98.31% | acc=68.64% | bal_acc=68.86% | macro_f1=0.6688 | qwk=0.7917 | mae=0.4165 | weighted_f1=0.6435 | precision_macro=0.7286 | recall_macro=0.6886
 Validation improved. Saved best model (qwk=0.7917)

Epoch 06/60 | Time 0m 49s
  Train | loss=0.7238 | top1=69.37% | top2=90.52% | top3=99.31%
  Valid | loss=0.8955 | top1=63.32% | top2=85.84% | top3=98.18% | acc=63.32% | bal_acc=61.77% | macro_f1=0.6402 | qwk=0.7659 | mae=0.4661 | weighted_f1=0.6100 | precision_macro=0.7047 | recall_macro=0.6177
 No improvement. Bad epochs: 1/15

Epoch 07/60 | Time 0m 49s
  Train | loss=0.6752 | top1=71.96% | top2=92.68% | top3=99.52%
  Valid | loss=0.7549 | top1=68.16% | top2=91.16% | top3=98.67% | acc=68.16% | bal_acc=66.33% | macro_f1=0.6568 | qwk=0.7990 | mae=0.4056 | weighted_f1=0.6389 | precision_macro=0.6922 | recall_macro=0.6633
 Validation improved. Saved best model (qwk=0.7990)

Epoch 08/60 | Time 0m 49s
  Train | loss=0.6397 | top1=73.21% | top2=92.96% | top3=99.55%
  Valid | loss=0.8449 | top1=64.77% | top2=89.10% | top3=98.91% | acc=64.77% | bal_acc=68.13% | macro_f1=0.6616 | qwk=0.8136 | mae=0.4056 | weighted_f1=0.6569 | precision_macro=0.6795 | recall_macro=0.6813
 Validation improved. Saved best model (qwk=0.8136)

Epoch 09/60 | Time 0m 49s
  Train | loss=0.6267 | top1=73.90% | top2=93.04% | top3=99.41%
  Valid | loss=0.8071 | top1=68.52% | top2=91.65% | top3=99.03% | acc=68.52% | bal_acc=66.48% | macro_f1=0.6772 | qwk=0.8182 | mae=0.3826 | weighted_f1=0.6640 | precision_macro=0.7097 | recall_macro=0.6648
 Validation improved. Saved best model (qwk=0.8182)

Epoch 10/60 | Time 0m 49s
  Train | loss=0.5744 | top1=75.93% | top2=94.13% | top3=99.76%
  Valid | loss=0.8228 | top1=68.28% | top2=90.56% | top3=98.91% | acc=68.28% | bal_acc=67.44% | macro_f1=0.6858 | qwk=0.8006 | mae=0.4044 | weighted_f1=0.6678 | precision_macro=0.7129 | recall_macro=0.6744
 No improvement. Bad epochs: 1/15

Epoch 11/60 | Time 0m 49s
  Train | loss=0.5429 | top1=77.73% | top2=94.88% | top3=99.62%
  Valid | loss=0.8397 | top1=65.74% | top2=90.19% | top3=98.67% | acc=65.74% | bal_acc=68.60% | macro_f1=0.6819 | qwk=0.8145 | mae=0.3983 | weighted_f1=0.6623 | precision_macro=0.6937 | recall_macro=0.6860
 No improvement. Bad epochs: 2/15

Epoch 12/60 | Time 0m 49s
  Train | loss=0.4940 | top1=79.77% | top2=95.78% | top3=99.81%
  Valid | loss=0.9139 | top1=66.34% | top2=91.28% | top3=98.79% | acc=66.34% | bal_acc=66.81% | macro_f1=0.6600 | qwk=0.8068 | mae=0.4104 | weighted_f1=0.6500 | precision_macro=0.6659 | recall_macro=0.6681
 No improvement. Bad epochs: 3/15

Epoch 13/60 | Time 0m 49s
  Train | loss=0.4437 | top1=82.05% | top2=96.33% | top3=99.88%
  Valid | loss=0.9474 | top1=66.34% | top2=89.47% | top3=98.91% | acc=66.34% | bal_acc=64.66% | macro_f1=0.6623 | qwk=0.7921 | mae=0.4165 | weighted_f1=0.6521 | precision_macro=0.6974 | recall_macro=0.6466
 No improvement. Bad epochs: 4/15

Epoch 14/60 | Time 0m 49s
  Train | loss=0.4019 | top1=84.06% | top2=97.32% | top3=99.90%
  Valid | loss=0.9987 | top1=66.59% | top2=90.44% | top3=99.03% | acc=66.59% | bal_acc=69.24% | macro_f1=0.6817 | qwk=0.8046 | mae=0.4104 | weighted_f1=0.6610 | precision_macro=0.6770 | recall_macro=0.6924
 No improvement. Bad epochs: 5/15

Epoch 15/60 | Time 0m 49s
  Train | loss=0.3664 | top1=85.55% | top2=97.66% | top3=99.93%
  Valid | loss=1.0197 | top1=66.46% | top2=90.56% | top3=98.79% | acc=66.46% | bal_acc=67.98% | macro_f1=0.6903 | qwk=0.8065 | mae=0.3995 | weighted_f1=0.6669 | precision_macro=0.7039 | recall_macro=0.6798
 No improvement. Bad epochs: 6/15

Epoch 16/60 | Time 0m 49s
  Train | loss=0.3101 | top1=88.08% | top2=98.20% | top3=99.93%
  Valid | loss=1.0799 | top1=66.10% | top2=89.10% | top3=98.18% | acc=66.10% | bal_acc=71.02% | macro_f1=0.6944 | qwk=0.8068 | mae=0.4092 | weighted_f1=0.6611 | precision_macro=0.6813 | recall_macro=0.7102
 No improvement. Bad epochs: 7/15

Epoch 17/60 | Time 0m 49s
  Train | loss=0.2748 | top1=89.10% | top2=98.27% | top3=100.00%
  Valid | loss=1.2698 | top1=64.41% | top2=88.01% | top3=97.22% | acc=64.41% | bal_acc=65.92% | macro_f1=0.6710 | qwk=0.7894 | mae=0.4298 | weighted_f1=0.6463 | precision_macro=0.6929 | recall_macro=0.6592
 No improvement. Bad epochs: 8/15

Epoch 18/60 | Time 0m 49s
  Train | loss=0.2535 | top1=90.17% | top2=98.58% | top3=99.90%
  Valid | loss=1.0971 | top1=67.07% | top2=88.38% | top3=98.31% | acc=67.07% | bal_acc=69.86% | macro_f1=0.6941 | qwk=0.7979 | mae=0.4092 | weighted_f1=0.6665 | precision_macro=0.6949 | recall_macro=0.6986
 No improvement. Bad epochs: 9/15

Epoch 19/60 | Time 0m 49s
  Train | loss=0.2129 | top1=91.57% | top2=98.91% | top3=100.00%
  Valid | loss=1.3120 | top1=64.41% | top2=88.38% | top3=98.91% | acc=64.41% | bal_acc=61.68% | macro_f1=0.6503 | qwk=0.7817 | mae=0.4395 | weighted_f1=0.6373 | precision_macro=0.7063 | recall_macro=0.6168
 No improvement. Bad epochs: 10/15

Epoch 20/60 | Time 0m 49s
  Train | loss=0.1776 | top1=93.44% | top2=99.17% | top3=99.95%
  Valid | loss=1.4513 | top1=62.95% | top2=89.23% | top3=98.91% | acc=62.95% | bal_acc=64.92% | macro_f1=0.6501 | qwk=0.7886 | mae=0.4467 | weighted_f1=0.6298 | precision_macro=0.6642 | recall_macro=0.6492
 No improvement. Bad epochs: 11/15

Epoch 21/60 | Time 0m 49s
  Train | loss=0.1553 | top1=94.24% | top2=99.36% | top3=99.97%
  Valid | loss=1.4710 | top1=63.80% | top2=88.74% | top3=99.27% | acc=63.80% | bal_acc=66.72% | macro_f1=0.6685 | qwk=0.7984 | mae=0.4262 | weighted_f1=0.6444 | precision_macro=0.6804 | recall_macro=0.6672
 No improvement. Bad epochs: 12/15

Epoch 22/60 | Time 0m 49s
  Train | loss=0.1426 | top1=94.91% | top2=99.36% | top3=99.95%
  Valid | loss=1.6770 | top1=60.65% | top2=86.92% | top3=99.27% | acc=60.65% | bal_acc=62.19% | macro_f1=0.6408 | qwk=0.7755 | mae=0.4600 | weighted_f1=0.6162 | precision_macro=0.6756 | recall_macro=0.6219
 No improvement. Bad epochs: 13/15

Epoch 23/60 | Time 0m 49s
  Train | loss=0.1264 | top1=95.60% | top2=99.52% | top3=99.98%
  Valid | loss=1.6414 | top1=65.62% | top2=87.29% | top3=98.18% | acc=65.62% | bal_acc=67.46% | macro_f1=0.6671 | qwk=0.7912 | mae=0.4286 | weighted_f1=0.6408 | precision_macro=0.6674 | recall_macro=0.6746
 No improvement. Bad epochs: 14/15

Epoch 24/60 | Time 0m 49s
  Train | loss=0.0996 | top1=96.11% | top2=99.78% | top3=100.00%
  Valid | loss=1.6860 | top1=63.68% | top2=89.47% | top3=99.03% | acc=63.68% | bal_acc=66.86% | macro_f1=0.6692 | qwk=0.8038 | mae=0.4225 | weighted_f1=0.6432 | precision_macro=0.6824 | recall_macro=0.6686
 No improvement. Bad epochs: 15/15
 Early stopping triggered at epoch 24.

Loading best model (epoch=9, qwk=0.8182)

Test | loss=0.7308 | top1=70.95% | top2=92.75% | top3=99.34% | acc=70.95% | bal_acc=66.14% | macro_f1=0.6726 | qwk=0.8400 | mae=0.3478 | weighted_f1=0.6783 | precision_macro=0.7205 | recall_macro=0.6614
     ovr_roc_auc_macro=0.9134 | ovr_pr_auc_macro=0.7644
Checkpoint: /root/autodl-tmp/MedVisionLab/Knee/checkpoints/best_convnext_t_cbam_ce_convnext_t_all_5seed_koa_cbam_ce_seed5.pt
