COMMAND: /root/miniconda3/envs/medvision/bin/python -u /root/autodl-tmp/MedVisionLab/tools/train_convnext_t_experiment.py --dataset koa --data-root /root/autodl-tmp/Knee_Osteoarthritis --attention none --loss dast --seed 9 --epochs 60 --patience 15 --batch-size 32 --image-size 224 --num-workers 4 --early-delta 0.0001 --base-lr 0.0001 --koa-backbone-lr 0.0001 --koa-head-lr 0.001 --weight-decay 0.0001 --dast-tau 1.5 --dast-gamma 1.5 --sord-tau 1.0 --label-smoothing 0.1 --run-tag convnext_t_all_5seed_koa_sensitivity_tau1p5_gamma1p5_seed9
==========================================================================================
Starting ConvNeXt-T experiment on KOA...
Using device: cuda
CUDA device: NVIDIA GeForce RTX 3090
Config | seed=9, attention=none, loss=dast, epochs=60, patience=15, batch_size=32, image_size=224, pretrained=True
Backbone: ConvNeXt-T | stage3=features[5] | stage3_channels=384
Data root: /root/autodl-tmp/Knee_Osteoarthritis
Class order: ['0_Normal', '1_Doubtful', '2_Mild', '3_Moderate', '4_Severe']
Split sizes | train=5778, valid=826, test=1656
Train class counts: [2286, 1046, 1516, 757, 173]
Optimizer: AdamW | backbone=0.0001, attention+head=0.001, weight_decay=0.0001
Trainable parameters: 27,823,973

Epoch 01/60 | Time 0m 50s
  Train | loss=1.0411 | top1=39.67% | top2=66.13% | top3=85.93%
  Valid | loss=0.9903 | top1=44.67% | top2=73.12% | top3=92.37% | acc=44.67% | bal_acc=34.33% | macro_f1=0.3388 | qwk=0.5479 | mae=0.7409 | weighted_f1=0.4443 | precision_macro=0.3377 | recall_macro=0.3433
 Validation improved. Saved best model (qwk=0.5479)

Epoch 02/60 | Time 0m 49s
  Train | loss=0.9503 | top1=55.09% | top2=79.94% | top3=95.81%
  Valid | loss=0.9223 | top1=61.02% | top2=85.71% | top3=97.09% | acc=61.02% | bal_acc=54.93% | macro_f1=0.5426 | qwk=0.7303 | mae=0.5278 | weighted_f1=0.5509 | precision_macro=0.6094 | recall_macro=0.5493
 Validation improved. Saved best model (qwk=0.7303)

Epoch 03/60 | Time 0m 49s
  Train | loss=0.9085 | top1=63.67% | top2=86.50% | top3=98.15%
  Valid | loss=0.9034 | top1=64.53% | top2=87.77% | top3=97.46% | acc=64.53% | bal_acc=63.94% | macro_f1=0.6168 | qwk=0.7680 | mae=0.4637 | weighted_f1=0.6139 | precision_macro=0.6222 | recall_macro=0.6394
 Validation improved. Saved best model (qwk=0.7680)

Epoch 04/60 | Time 0m 49s
  Train | loss=0.8989 | top1=65.16% | top2=87.61% | top3=98.46%
  Valid | loss=0.8947 | top1=65.13% | top2=88.38% | top3=97.58% | acc=65.13% | bal_acc=66.66% | macro_f1=0.6417 | qwk=0.7842 | mae=0.4431 | weighted_f1=0.6284 | precision_macro=0.6322 | recall_macro=0.6666
 Validation improved. Saved best model (qwk=0.7842)

Epoch 05/60 | Time 0m 49s
  Train | loss=0.8828 | top1=68.64% | top2=90.00% | top3=98.86%
  Valid | loss=0.8929 | top1=65.86% | top2=88.38% | top3=97.94% | acc=65.86% | bal_acc=65.54% | macro_f1=0.6735 | qwk=0.8052 | mae=0.4044 | weighted_f1=0.6577 | precision_macro=0.6985 | recall_macro=0.6554
 Validation improved. Saved best model (qwk=0.8052)

Epoch 06/60 | Time 0m 49s
  Train | loss=0.8778 | top1=68.48% | top2=90.48% | top3=99.08%
  Valid | loss=0.8921 | top1=67.43% | top2=89.59% | top3=98.55% | acc=67.43% | bal_acc=68.02% | macro_f1=0.6674 | qwk=0.8040 | mae=0.4140 | weighted_f1=0.6453 | precision_macro=0.6827 | recall_macro=0.6802
 No improvement. Bad epochs: 1/15

Epoch 07/60 | Time 0m 49s
  Train | loss=0.8667 | top1=71.27% | top2=92.37% | top3=99.36%
  Valid | loss=0.8861 | top1=65.38% | top2=90.19% | top3=99.03% | acc=65.38% | bal_acc=65.71% | macro_f1=0.6517 | qwk=0.8254 | mae=0.3995 | weighted_f1=0.6493 | precision_macro=0.6568 | recall_macro=0.6571
 Validation improved. Saved best model (qwk=0.8254)

Epoch 08/60 | Time 0m 49s
  Train | loss=0.8625 | top1=71.34% | top2=92.85% | top3=99.43%
  Valid | loss=0.8933 | top1=67.19% | top2=89.71% | top3=97.94% | acc=67.19% | bal_acc=68.47% | macro_f1=0.6673 | qwk=0.8012 | mae=0.4128 | weighted_f1=0.6566 | precision_macro=0.6618 | recall_macro=0.6847
 No improvement. Bad epochs: 1/15

Epoch 09/60 | Time 0m 49s
  Train | loss=0.8563 | top1=73.76% | top2=93.27% | top3=99.48%
  Valid | loss=0.9029 | top1=68.16% | top2=90.19% | top3=98.55% | acc=68.16% | bal_acc=66.54% | macro_f1=0.6441 | qwk=0.8211 | mae=0.3935 | weighted_f1=0.6524 | precision_macro=0.6533 | recall_macro=0.6654
 No improvement. Bad epochs: 2/15

Epoch 10/60 | Time 0m 49s
  Train | loss=0.8502 | top1=75.44% | top2=94.53% | top3=99.62%
  Valid | loss=0.8904 | top1=65.50% | top2=90.07% | top3=98.43% | acc=65.50% | bal_acc=68.09% | macro_f1=0.6980 | qwk=0.8189 | mae=0.3935 | weighted_f1=0.6671 | precision_macro=0.7254 | recall_macro=0.6809
 No improvement. Bad epochs: 3/15

Epoch 11/60 | Time 0m 49s
  Train | loss=0.8449 | top1=77.14% | top2=95.19% | top3=99.52%
  Valid | loss=0.8919 | top1=67.55% | top2=88.38% | top3=97.94% | acc=67.55% | bal_acc=67.75% | macro_f1=0.6820 | qwk=0.7994 | mae=0.4044 | weighted_f1=0.6606 | precision_macro=0.6969 | recall_macro=0.6775
 No improvement. Bad epochs: 4/15

Epoch 12/60 | Time 0m 49s
  Train | loss=0.8395 | top1=78.05% | top2=95.95% | top3=99.78%
  Valid | loss=0.8919 | top1=69.61% | top2=89.95% | top3=98.31% | acc=69.61% | bal_acc=71.77% | macro_f1=0.7160 | qwk=0.8278 | mae=0.3656 | weighted_f1=0.6938 | precision_macro=0.7189 | recall_macro=0.7177
 Validation improved. Saved best model (qwk=0.8278)

Epoch 13/60 | Time 0m 49s
  Train | loss=0.8322 | top1=80.08% | top2=96.52% | top3=99.60%
  Valid | loss=0.9057 | top1=66.95% | top2=88.14% | top3=98.55% | acc=66.95% | bal_acc=66.74% | macro_f1=0.6730 | qwk=0.7920 | mae=0.4189 | weighted_f1=0.6518 | precision_macro=0.6918 | recall_macro=0.6674
 No improvement. Bad epochs: 1/15

Epoch 14/60 | Time 0m 49s
  Train | loss=0.8262 | top1=81.90% | top2=97.13% | top3=99.88%
  Valid | loss=0.9151 | top1=66.59% | top2=89.47% | top3=97.22% | acc=66.59% | bal_acc=67.71% | macro_f1=0.6497 | qwk=0.8128 | mae=0.4080 | weighted_f1=0.6505 | precision_macro=0.6366 | recall_macro=0.6771
 No improvement. Bad epochs: 2/15

Epoch 15/60 | Time 0m 49s
  Train | loss=0.8198 | top1=83.80% | top2=97.47% | top3=99.81%
  Valid | loss=0.9114 | top1=63.80% | top2=86.92% | top3=98.18% | acc=63.80% | bal_acc=65.47% | macro_f1=0.6760 | qwk=0.7992 | mae=0.4165 | weighted_f1=0.6492 | precision_macro=0.7125 | recall_macro=0.6547
 No improvement. Bad epochs: 3/15

Epoch 16/60 | Time 0m 49s
  Train | loss=0.8126 | top1=86.41% | top2=98.17% | top3=99.91%
  Valid | loss=0.9198 | top1=65.13% | top2=87.29% | top3=97.70% | acc=65.13% | bal_acc=66.19% | macro_f1=0.6584 | qwk=0.7799 | mae=0.4431 | weighted_f1=0.6393 | precision_macro=0.6662 | recall_macro=0.6619
 No improvement. Bad epochs: 4/15

Epoch 17/60 | Time 0m 49s
  Train | loss=0.8111 | top1=86.60% | top2=98.25% | top3=99.90%
  Valid | loss=0.9120 | top1=63.56% | top2=86.44% | top3=96.25% | acc=63.56% | bal_acc=69.15% | macro_f1=0.6662 | qwk=0.8079 | mae=0.4189 | weighted_f1=0.6449 | precision_macro=0.6527 | recall_macro=0.6915
 No improvement. Bad epochs: 5/15

Epoch 18/60 | Time 0m 49s
  Train | loss=0.8049 | top1=88.75% | top2=98.58% | top3=99.91%
  Valid | loss=0.9291 | top1=62.47% | top2=83.29% | top3=93.95% | acc=62.47% | bal_acc=68.34% | macro_f1=0.6813 | qwk=0.7862 | mae=0.4370 | weighted_f1=0.6334 | precision_macro=0.7017 | recall_macro=0.6834
 No improvement. Bad epochs: 6/15

Epoch 19/60 | Time 0m 49s
  Train | loss=0.8019 | top1=89.65% | top2=98.81% | top3=99.93%
  Valid | loss=0.9194 | top1=63.56% | top2=86.20% | top3=96.13% | acc=63.56% | bal_acc=66.17% | macro_f1=0.6685 | qwk=0.7833 | mae=0.4383 | weighted_f1=0.6370 | precision_macro=0.6851 | recall_macro=0.6617
 No improvement. Bad epochs: 7/15

Epoch 20/60 | Time 0m 49s
  Train | loss=0.7953 | top1=91.38% | top2=99.15% | top3=99.98%
  Valid | loss=0.9194 | top1=65.98% | top2=89.47% | top3=97.82% | acc=65.98% | bal_acc=67.19% | macro_f1=0.6601 | qwk=0.8112 | mae=0.4068 | weighted_f1=0.6531 | precision_macro=0.6583 | recall_macro=0.6719
 No improvement. Bad epochs: 8/15

Epoch 21/60 | Time 0m 49s
  Train | loss=0.7926 | top1=92.58% | top2=99.22% | top3=99.93%
  Valid | loss=0.9125 | top1=64.77% | top2=87.65% | top3=97.34% | acc=64.77% | bal_acc=66.27% | macro_f1=0.6837 | qwk=0.8031 | mae=0.4104 | weighted_f1=0.6554 | precision_macro=0.7119 | recall_macro=0.6627
 No improvement. Bad epochs: 9/15

Epoch 22/60 | Time 0m 49s
  Train | loss=0.7887 | top1=93.41% | top2=99.55% | top3=100.00%
  Valid | loss=0.9083 | top1=66.59% | top2=89.10% | top3=97.58% | acc=66.59% | bal_acc=68.22% | macro_f1=0.6909 | qwk=0.8159 | mae=0.3898 | weighted_f1=0.6703 | precision_macro=0.7037 | recall_macro=0.6822
 No improvement. Bad epochs: 10/15

Epoch 23/60 | Time 0m 49s
  Train | loss=0.7860 | top1=94.22% | top2=99.43% | top3=99.97%
  Valid | loss=0.9056 | top1=67.55% | top2=87.53% | top3=97.46% | acc=67.55% | bal_acc=68.39% | macro_f1=0.6935 | qwk=0.8165 | mae=0.3886 | weighted_f1=0.6724 | precision_macro=0.7075 | recall_macro=0.6839
 No improvement. Bad epochs: 11/15

Epoch 24/60 | Time 0m 49s
  Train | loss=0.7832 | top1=95.28% | top2=99.62% | top3=100.00%
  Valid | loss=0.9117 | top1=66.22% | top2=88.86% | top3=98.06% | acc=66.22% | bal_acc=68.88% | macro_f1=0.6882 | qwk=0.8206 | mae=0.3898 | weighted_f1=0.6655 | precision_macro=0.6912 | recall_macro=0.6888
 No improvement. Bad epochs: 12/15

Epoch 25/60 | Time 0m 49s
  Train | loss=0.7800 | top1=96.04% | top2=99.78% | top3=100.00%
  Valid | loss=0.9161 | top1=64.41% | top2=88.86% | top3=98.31% | acc=64.41% | bal_acc=66.39% | macro_f1=0.6641 | qwk=0.8154 | mae=0.4068 | weighted_f1=0.6506 | precision_macro=0.6752 | recall_macro=0.6639
 No improvement. Bad epochs: 13/15

Epoch 26/60 | Time 0m 49s
  Train | loss=0.7791 | top1=96.37% | top2=99.67% | top3=99.98%
  Valid | loss=0.9178 | top1=65.98% | top2=88.50% | top3=98.18% | acc=65.98% | bal_acc=68.29% | macro_f1=0.6806 | qwk=0.8134 | mae=0.4007 | weighted_f1=0.6616 | precision_macro=0.6820 | recall_macro=0.6829
 No improvement. Bad epochs: 14/15

Epoch 27/60 | Time 0m 49s
  Train | loss=0.7778 | top1=96.35% | top2=99.83% | top3=99.98%
  Valid | loss=0.9202 | top1=64.41% | top2=88.38% | top3=97.09% | acc=64.41% | bal_acc=66.31% | macro_f1=0.6666 | qwk=0.8041 | mae=0.4165 | weighted_f1=0.6480 | precision_macro=0.6788 | recall_macro=0.6631
 No improvement. Bad epochs: 15/15
 Early stopping triggered at epoch 27.

Loading best model (epoch=12, qwk=0.8278)

Test | loss=0.8772 | top1=70.65% | top2=91.97% | top3=99.34% | acc=70.65% | bal_acc=70.90% | macro_f1=0.7098 | qwk=0.8497 | mae=0.3412 | weighted_f1=0.6985 | precision_macro=0.7165 | recall_macro=0.7090
     ovr_roc_auc_macro=0.9145 | ovr_pr_auc_macro=0.7729
Checkpoint: /root/autodl-tmp/MedVisionLab/Knee/checkpoints/best_convnext_t_none_dast_convnext_t_all_5seed_koa_sensitivity_tau1p5_gamma1p5_seed9.pt
