COMMAND: /root/miniconda3/envs/medvision/bin/python -u /root/autodl-tmp/MedVisionLab/tools/train_convnext_t_experiment.py --dataset koa --data-root /root/autodl-tmp/Knee_Osteoarthritis --attention none --loss coral --seed 9 --epochs 60 --patience 15 --batch-size 32 --image-size 224 --num-workers 4 --early-delta 0.0001 --base-lr 0.0001 --koa-backbone-lr 0.0001 --koa-head-lr 0.001 --weight-decay 0.0001 --dast-tau 1.0 --dast-gamma 1.5 --sord-tau 1.0 --label-smoothing 0.1 --run-tag convnext_t_all_5seed_koa_baseline_coral_seed9
==========================================================================================
Starting ConvNeXt-T experiment on KOA...
Using device: cuda
CUDA device: NVIDIA GeForce RTX 3090
Config | seed=9, attention=none, loss=coral, epochs=60, patience=15, batch_size=32, image_size=224, pretrained=True
Backbone: ConvNeXt-T | stage3=features[5] | stage3_channels=384
Data root: /root/autodl-tmp/Knee_Osteoarthritis
Class order: ['0_Normal', '1_Doubtful', '2_Mild', '3_Moderate', '4_Severe']
Split sizes | train=5778, valid=826, test=1656
Train class counts: [2286, 1046, 1516, 757, 173]
Optimizer: AdamW | backbone=0.0001, attention+head=0.001, weight_decay=0.0001
Trainable parameters: 27,820,900

Epoch 01/60 | Time 0m 49s
  Train | loss=0.4852 | top1=39.08% | top2=45.90% | top3=63.01%
  Valid | loss=0.4257 | top1=46.49% | top2=53.15% | top3=69.85% | acc=46.49% | bal_acc=39.34% | macro_f1=0.3637 | qwk=0.5497 | mae=0.7954 | weighted_f1=0.4041 | precision_macro=0.4093 | recall_macro=0.3934
 Validation improved. Saved best model (qwk=0.5497)

Epoch 02/60 | Time 0m 49s
  Train | loss=0.4081 | top1=48.23% | top2=53.55% | top3=73.69%
  Valid | loss=0.4044 | top1=47.70% | top2=62.11% | top3=80.39% | acc=47.70% | bal_acc=46.21% | macro_f1=0.3461 | qwk=0.6243 | mae=0.7591 | weighted_f1=0.3672 | precision_macro=0.4196 | recall_macro=0.4621
 Validation improved. Saved best model (qwk=0.6243)

Epoch 03/60 | Time 0m 49s
  Train | loss=0.3648 | top1=51.42% | top2=58.34% | top3=83.80%
  Valid | loss=0.3662 | top1=52.42% | top2=63.44% | top3=88.86% | acc=52.42% | bal_acc=50.55% | macro_f1=0.3950 | qwk=0.7309 | mae=0.6223 | weighted_f1=0.4603 | precision_macro=0.4585 | recall_macro=0.5055
 Validation improved. Saved best model (qwk=0.7309)

Epoch 04/60 | Time 0m 49s
  Train | loss=0.3404 | top1=55.88% | top2=61.80% | top3=87.09%
  Valid | loss=0.3344 | top1=60.29% | top2=61.26% | top3=86.80% | acc=60.29% | bal_acc=59.61% | macro_f1=0.5332 | qwk=0.7932 | mae=0.4806 | weighted_f1=0.5762 | precision_macro=0.5534 | recall_macro=0.5961
 Validation improved. Saved best model (qwk=0.7932)

Epoch 05/60 | Time 0m 49s
  Train | loss=0.3220 | top1=58.90% | top2=68.88% | top3=89.79%
  Valid | loss=0.3199 | top1=61.02% | top2=72.28% | top3=92.01% | acc=61.02% | bal_acc=59.64% | macro_f1=0.5308 | qwk=0.8037 | mae=0.4661 | weighted_f1=0.5835 | precision_macro=0.5703 | recall_macro=0.5964
 Validation improved. Saved best model (qwk=0.8037)

Epoch 06/60 | Time 0m 49s
  Train | loss=0.3009 | top1=61.77% | top2=73.31% | top3=93.75%
  Valid | loss=0.3058 | top1=63.20% | top2=70.94% | top3=93.58% | acc=63.20% | bal_acc=64.29% | macro_f1=0.5809 | qwk=0.8211 | mae=0.4286 | weighted_f1=0.6207 | precision_macro=0.5757 | recall_macro=0.6429
 Validation improved. Saved best model (qwk=0.8211)

Epoch 07/60 | Time 0m 49s
  Train | loss=0.2845 | top1=63.66% | top2=73.50% | top3=95.38%
  Valid | loss=0.2913 | top1=65.01% | top2=73.61% | top3=96.73% | acc=65.01% | bal_acc=63.65% | macro_f1=0.6219 | qwk=0.8121 | mae=0.4140 | weighted_f1=0.6322 | precision_macro=0.6509 | recall_macro=0.6365
 No improvement. Bad epochs: 1/15

Epoch 08/60 | Time 0m 49s
  Train | loss=0.2677 | top1=66.16% | top2=74.02% | top3=97.23%
  Valid | loss=0.2962 | top1=61.62% | top2=74.21% | top3=97.46% | acc=61.62% | bal_acc=59.35% | macro_f1=0.5343 | qwk=0.8039 | mae=0.4540 | weighted_f1=0.5879 | precision_macro=0.5750 | recall_macro=0.5935
 No improvement. Bad epochs: 2/15

Epoch 09/60 | Time 0m 49s
  Train | loss=0.2554 | top1=67.91% | top2=74.45% | top3=97.92%
  Valid | loss=0.2827 | top1=63.08% | top2=75.79% | top3=98.06% | acc=63.08% | bal_acc=61.83% | macro_f1=0.5536 | qwk=0.8188 | mae=0.4346 | weighted_f1=0.6091 | precision_macro=0.5795 | recall_macro=0.6183
 No improvement. Bad epochs: 3/15

Epoch 10/60 | Time 0m 49s
  Train | loss=0.2395 | top1=70.08% | top2=75.61% | top3=98.30%
  Valid | loss=0.2814 | top1=63.08% | top2=75.79% | top3=97.82% | acc=63.08% | bal_acc=62.55% | macro_f1=0.5902 | qwk=0.8027 | mae=0.4370 | weighted_f1=0.6163 | precision_macro=0.6163 | recall_macro=0.6255
 No improvement. Bad epochs: 4/15

Epoch 11/60 | Time 0m 49s
  Train | loss=0.2292 | top1=70.99% | top2=76.01% | top3=99.03%
  Valid | loss=0.2733 | top1=62.71% | top2=77.97% | top3=97.94% | acc=62.71% | bal_acc=60.48% | macro_f1=0.5939 | qwk=0.8027 | mae=0.4298 | weighted_f1=0.6088 | precision_macro=0.6499 | recall_macro=0.6048
 No improvement. Bad epochs: 5/15

Epoch 12/60 | Time 0m 49s
  Train | loss=0.2164 | top1=73.78% | top2=78.94% | top3=99.33%
  Valid | loss=0.2795 | top1=63.08% | top2=78.09% | top3=98.18% | acc=63.08% | bal_acc=64.07% | macro_f1=0.6010 | qwk=0.7951 | mae=0.4419 | weighted_f1=0.6212 | precision_macro=0.6095 | recall_macro=0.6407
 No improvement. Bad epochs: 6/15

Epoch 13/60 | Time 0m 49s
  Train | loss=0.2041 | top1=74.82% | top2=81.69% | top3=99.53%
  Valid | loss=0.2776 | top1=64.77% | top2=81.72% | top3=98.43% | acc=64.77% | bal_acc=63.04% | macro_f1=0.6321 | qwk=0.8141 | mae=0.4068 | weighted_f1=0.6338 | precision_macro=0.6639 | recall_macro=0.6304
 No improvement. Bad epochs: 7/15

Epoch 14/60 | Time 0m 49s
  Train | loss=0.1974 | top1=75.44% | top2=85.69% | top3=99.53%
  Valid | loss=0.2743 | top1=64.41% | top2=81.84% | top3=98.31% | acc=64.41% | bal_acc=64.27% | macro_f1=0.6346 | qwk=0.8012 | mae=0.4262 | weighted_f1=0.6327 | precision_macro=0.6504 | recall_macro=0.6427
 No improvement. Bad epochs: 8/15

Epoch 15/60 | Time 0m 49s
  Train | loss=0.1868 | top1=77.76% | top2=88.59% | top3=99.64%
  Valid | loss=0.2901 | top1=64.16% | top2=84.50% | top3=98.67% | acc=64.16% | bal_acc=63.48% | macro_f1=0.6299 | qwk=0.8029 | mae=0.4262 | weighted_f1=0.6264 | precision_macro=0.6533 | recall_macro=0.6348
 No improvement. Bad epochs: 9/15

Epoch 16/60 | Time 0m 49s
  Train | loss=0.1749 | top1=79.49% | top2=92.07% | top3=99.78%
  Valid | loss=0.2722 | top1=62.47% | top2=86.32% | top3=98.18% | acc=62.47% | bal_acc=64.86% | macro_f1=0.6254 | qwk=0.7956 | mae=0.4419 | weighted_f1=0.6206 | precision_macro=0.6284 | recall_macro=0.6486
 No improvement. Bad epochs: 10/15

Epoch 17/60 | Time 0m 49s
  Train | loss=0.1712 | top1=79.82% | top2=95.14% | top3=99.71%
  Valid | loss=0.2880 | top1=65.38% | top2=89.23% | top3=98.79% | acc=65.38% | bal_acc=64.84% | macro_f1=0.6399 | qwk=0.8102 | mae=0.4104 | weighted_f1=0.6399 | precision_macro=0.6738 | recall_macro=0.6484
 No improvement. Bad epochs: 11/15

Epoch 18/60 | Time 0m 49s
  Train | loss=0.1614 | top1=81.38% | top2=97.80% | top3=99.90%
  Valid | loss=0.2563 | top1=65.98% | top2=88.26% | top3=97.94% | acc=65.98% | bal_acc=68.34% | macro_f1=0.6720 | qwk=0.8212 | mae=0.3947 | weighted_f1=0.6600 | precision_macro=0.6661 | recall_macro=0.6834
 Validation improved. Saved best model (qwk=0.8212)

Epoch 19/60 | Time 0m 49s
  Train | loss=0.1530 | top1=82.23% | top2=98.43% | top3=99.93%
  Valid | loss=0.2787 | top1=64.65% | top2=88.62% | top3=98.67% | acc=64.65% | bal_acc=65.33% | macro_f1=0.6463 | qwk=0.8128 | mae=0.4116 | weighted_f1=0.6422 | precision_macro=0.6568 | recall_macro=0.6533
 No improvement. Bad epochs: 1/15

Epoch 20/60 | Time 0m 49s
  Train | loss=0.1463 | top1=83.96% | top2=98.58% | top3=99.90%
  Valid | loss=0.2713 | top1=66.46% | top2=88.74% | top3=98.91% | acc=66.46% | bal_acc=67.74% | macro_f1=0.6716 | qwk=0.8262 | mae=0.3838 | weighted_f1=0.6648 | precision_macro=0.6818 | recall_macro=0.6774
 Validation improved. Saved best model (qwk=0.8262)

Epoch 21/60 | Time 0m 49s
  Train | loss=0.1342 | top1=85.96% | top2=99.24% | top3=99.93%
  Valid | loss=0.2689 | top1=66.59% | top2=88.14% | top3=98.67% | acc=66.59% | bal_acc=67.98% | macro_f1=0.6887 | qwk=0.8159 | mae=0.3886 | weighted_f1=0.6697 | precision_macro=0.7027 | recall_macro=0.6798
 No improvement. Bad epochs: 1/15

Epoch 22/60 | Time 0m 49s
  Train | loss=0.1317 | top1=86.17% | top2=99.10% | top3=99.93%
  Valid | loss=0.3052 | top1=64.65% | top2=88.01% | top3=98.31% | acc=64.65% | bal_acc=66.00% | macro_f1=0.6533 | qwk=0.8069 | mae=0.4177 | weighted_f1=0.6401 | precision_macro=0.6588 | recall_macro=0.6600
 No improvement. Bad epochs: 2/15

Epoch 23/60 | Time 0m 49s
  Train | loss=0.1262 | top1=87.26% | top2=99.33% | top3=99.95%
  Valid | loss=0.2991 | top1=65.13% | top2=88.38% | top3=97.82% | acc=65.13% | bal_acc=66.26% | macro_f1=0.6333 | qwk=0.8171 | mae=0.4104 | weighted_f1=0.6447 | precision_macro=0.6225 | recall_macro=0.6626
 No improvement. Bad epochs: 3/15

Epoch 24/60 | Time 0m 49s
  Train | loss=0.1236 | top1=88.11% | top2=99.20% | top3=99.97%
  Valid | loss=0.2821 | top1=64.41% | top2=89.10% | top3=98.79% | acc=64.41% | bal_acc=64.40% | macro_f1=0.6660 | qwk=0.8098 | mae=0.4104 | weighted_f1=0.6437 | precision_macro=0.6959 | recall_macro=0.6440
 No improvement. Bad epochs: 4/15

Epoch 25/60 | Time 0m 49s
  Train | loss=0.1162 | top1=89.29% | top2=99.55% | top3=100.00%
  Valid | loss=0.2909 | top1=66.22% | top2=87.65% | top3=98.18% | acc=66.22% | bal_acc=67.83% | macro_f1=0.6684 | qwk=0.8151 | mae=0.3971 | weighted_f1=0.6603 | precision_macro=0.6707 | recall_macro=0.6783
 No improvement. Bad epochs: 5/15

Epoch 26/60 | Time 0m 49s
  Train | loss=0.1097 | top1=90.84% | top2=99.62% | top3=100.00%
  Valid | loss=0.3123 | top1=66.22% | top2=88.74% | top3=98.43% | acc=66.22% | bal_acc=67.80% | macro_f1=0.6745 | qwk=0.8238 | mae=0.3923 | weighted_f1=0.6574 | precision_macro=0.6760 | recall_macro=0.6780
 No improvement. Bad epochs: 6/15

Epoch 27/60 | Time 0m 49s
  Train | loss=0.1076 | top1=91.17% | top2=99.62% | top3=99.98%
  Valid | loss=0.2750 | top1=64.89% | top2=88.38% | top3=98.91% | acc=64.89% | bal_acc=68.08% | macro_f1=0.6877 | qwk=0.8151 | mae=0.4019 | weighted_f1=0.6558 | precision_macro=0.7001 | recall_macro=0.6808
 No improvement. Bad epochs: 7/15

Epoch 28/60 | Time 0m 49s
  Train | loss=0.1033 | top1=91.80% | top2=99.78% | top3=100.00%
  Valid | loss=0.2913 | top1=64.16% | top2=87.65% | top3=98.79% | acc=64.16% | bal_acc=67.08% | macro_f1=0.6822 | qwk=0.8196 | mae=0.4019 | weighted_f1=0.6499 | precision_macro=0.7017 | recall_macro=0.6708
 No improvement. Bad epochs: 8/15

Epoch 29/60 | Time 0m 49s
  Train | loss=0.0996 | top1=92.35% | top2=99.86% | top3=99.97%
  Valid | loss=0.3181 | top1=65.25% | top2=88.01% | top3=98.06% | acc=65.25% | bal_acc=68.24% | macro_f1=0.6675 | qwk=0.8138 | mae=0.4056 | weighted_f1=0.6542 | precision_macro=0.6645 | recall_macro=0.6824
 No improvement. Bad epochs: 9/15

Epoch 30/60 | Time 0m 49s
  Train | loss=0.0987 | top1=92.97% | top2=99.74% | top3=100.00%
  Valid | loss=0.3173 | top1=65.38% | top2=87.41% | top3=98.31% | acc=65.38% | bal_acc=67.78% | macro_f1=0.6805 | qwk=0.8175 | mae=0.3983 | weighted_f1=0.6569 | precision_macro=0.6895 | recall_macro=0.6778
 No improvement. Bad epochs: 10/15

Epoch 31/60 | Time 0m 49s
  Train | loss=0.0942 | top1=94.01% | top2=99.84% | top3=99.98%
  Valid | loss=0.4003 | top1=63.68% | top2=87.89% | top3=98.67% | acc=63.68% | bal_acc=62.17% | macro_f1=0.6546 | qwk=0.7962 | mae=0.4298 | weighted_f1=0.6296 | precision_macro=0.7102 | recall_macro=0.6217
 No improvement. Bad epochs: 11/15

Epoch 32/60 | Time 0m 49s
  Train | loss=0.0927 | top1=93.79% | top2=99.84% | top3=100.00%
  Valid | loss=0.2967 | top1=64.53% | top2=88.38% | top3=98.91% | acc=64.53% | bal_acc=63.99% | macro_f1=0.6661 | qwk=0.8180 | mae=0.3983 | weighted_f1=0.6514 | precision_macro=0.7111 | recall_macro=0.6399
 No improvement. Bad epochs: 12/15

Epoch 33/60 | Time 0m 49s
  Train | loss=0.0884 | top1=95.02% | top2=99.88% | top3=100.00%
  Valid | loss=0.2920 | top1=65.74% | top2=88.86% | top3=98.31% | acc=65.74% | bal_acc=69.24% | macro_f1=0.6825 | qwk=0.8295 | mae=0.3874 | weighted_f1=0.6615 | precision_macro=0.6787 | recall_macro=0.6924
 Validation improved. Saved best model (qwk=0.8295)

Epoch 34/60 | Time 0m 49s
  Train | loss=0.0859 | top1=95.45% | top2=99.86% | top3=100.00%
  Valid | loss=0.3554 | top1=65.25% | top2=88.74% | top3=98.67% | acc=65.25% | bal_acc=66.25% | macro_f1=0.6753 | qwk=0.8158 | mae=0.4031 | weighted_f1=0.6505 | precision_macro=0.6952 | recall_macro=0.6625
 No improvement. Bad epochs: 1/15

Epoch 35/60 | Time 0m 49s
  Train | loss=0.0825 | top1=96.28% | top2=99.91% | top3=100.00%
  Valid | loss=0.3301 | top1=65.62% | top2=87.41% | top3=98.31% | acc=65.62% | bal_acc=66.28% | macro_f1=0.6837 | qwk=0.8240 | mae=0.3898 | weighted_f1=0.6605 | precision_macro=0.7095 | recall_macro=0.6628
 No improvement. Bad epochs: 2/15

Epoch 36/60 | Time 0m 49s
  Train | loss=0.0799 | top1=96.75% | top2=99.84% | top3=100.00%
  Valid | loss=0.3490 | top1=64.89% | top2=88.01% | top3=98.67% | acc=64.89% | bal_acc=66.79% | macro_f1=0.6777 | qwk=0.8178 | mae=0.4007 | weighted_f1=0.6521 | precision_macro=0.6973 | recall_macro=0.6679
 No improvement. Bad epochs: 3/15

Epoch 37/60 | Time 0m 49s
  Train | loss=0.0792 | top1=96.82% | top2=99.83% | top3=99.98%
  Valid | loss=0.3471 | top1=65.38% | top2=88.01% | top3=98.31% | acc=65.38% | bal_acc=67.92% | macro_f1=0.6821 | qwk=0.8106 | mae=0.4056 | weighted_f1=0.6569 | precision_macro=0.6908 | recall_macro=0.6792
 No improvement. Bad epochs: 4/15

Epoch 38/60 | Time 0m 49s
  Train | loss=0.0771 | top1=97.40% | top2=99.91% | top3=99.98%
  Valid | loss=0.3197 | top1=65.01% | top2=87.77% | top3=98.43% | acc=65.01% | bal_acc=68.02% | macro_f1=0.6814 | qwk=0.8284 | mae=0.3910 | weighted_f1=0.6584 | precision_macro=0.6913 | recall_macro=0.6802
 No improvement. Bad epochs: 5/15

Epoch 39/60 | Time 0m 49s
  Train | loss=0.0757 | top1=97.30% | top2=99.83% | top3=100.00%
  Valid | loss=0.3506 | top1=65.13% | top2=87.53% | top3=98.79% | acc=65.13% | bal_acc=67.30% | macro_f1=0.6841 | qwk=0.8182 | mae=0.3995 | weighted_f1=0.6559 | precision_macro=0.7008 | recall_macro=0.6730
 No improvement. Bad epochs: 6/15

Epoch 40/60 | Time 0m 49s
  Train | loss=0.0738 | top1=97.51% | top2=99.95% | top3=100.00%
  Valid | loss=0.3150 | top1=66.34% | top2=88.14% | top3=98.18% | acc=66.34% | bal_acc=69.31% | macro_f1=0.7010 | qwk=0.8271 | mae=0.3814 | weighted_f1=0.6715 | precision_macro=0.7129 | recall_macro=0.6931
 No improvement. Bad epochs: 7/15

Epoch 41/60 | Time 0m 49s
  Train | loss=0.0720 | top1=98.10% | top2=99.93% | top3=100.00%
  Valid | loss=0.3378 | top1=65.98% | top2=88.01% | top3=98.55% | acc=65.98% | bal_acc=67.77% | macro_f1=0.6932 | qwk=0.8225 | mae=0.3886 | weighted_f1=0.6660 | precision_macro=0.7131 | recall_macro=0.6777
 No improvement. Bad epochs: 8/15

Epoch 42/60 | Time 0m 49s
  Train | loss=0.0708 | top1=98.17% | top2=99.98% | top3=100.00%
  Valid | loss=0.3161 | top1=65.38% | top2=87.53% | top3=98.55% | acc=65.38% | bal_acc=67.46% | macro_f1=0.6869 | qwk=0.8291 | mae=0.3850 | weighted_f1=0.6634 | precision_macro=0.7042 | recall_macro=0.6746
 No improvement. Bad epochs: 9/15

Epoch 43/60 | Time 0m 49s
  Train | loss=0.0691 | top1=98.36% | top2=100.00% | top3=100.00%
  Valid | loss=0.3456 | top1=64.77% | top2=87.89% | top3=98.67% | acc=64.77% | bal_acc=66.37% | macro_f1=0.6700 | qwk=0.8238 | mae=0.3971 | weighted_f1=0.6530 | precision_macro=0.6798 | recall_macro=0.6637
 No improvement. Bad epochs: 10/15

Epoch 44/60 | Time 0m 49s
  Train | loss=0.0691 | top1=98.48% | top2=99.95% | top3=100.00%
  Valid | loss=0.3356 | top1=65.62% | top2=87.17% | top3=98.55% | acc=65.62% | bal_acc=68.44% | macro_f1=0.6970 | qwk=0.8294 | mae=0.3850 | weighted_f1=0.6652 | precision_macro=0.7143 | recall_macro=0.6844
 No improvement. Bad epochs: 11/15

Epoch 45/60 | Time 0m 49s
  Train | loss=0.0679 | top1=98.51% | top2=99.97% | top3=100.00%
  Valid | loss=0.3553 | top1=65.98% | top2=88.01% | top3=98.67% | acc=65.98% | bal_acc=67.61% | macro_f1=0.6925 | qwk=0.8256 | mae=0.3850 | weighted_f1=0.6664 | precision_macro=0.7132 | recall_macro=0.6761
 No improvement. Bad epochs: 12/15

Epoch 46/60 | Time 0m 49s
  Train | loss=0.0665 | top1=98.77% | top2=100.00% | top3=100.00%
  Valid | loss=0.3355 | top1=65.86% | top2=87.41% | top3=98.67% | acc=65.86% | bal_acc=67.73% | macro_f1=0.6959 | qwk=0.8241 | mae=0.3862 | weighted_f1=0.6664 | precision_macro=0.7196 | recall_macro=0.6773
 No improvement. Bad epochs: 13/15

Epoch 47/60 | Time 0m 49s
  Train | loss=0.0655 | top1=98.89% | top2=99.98% | top3=100.00%
  Valid | loss=0.3335 | top1=65.25% | top2=87.17% | top3=98.43% | acc=65.25% | bal_acc=67.49% | macro_f1=0.6874 | qwk=0.8253 | mae=0.3886 | weighted_f1=0.6623 | precision_macro=0.7060 | recall_macro=0.6749
 No improvement. Bad epochs: 14/15

Epoch 48/60 | Time 0m 49s
  Train | loss=0.0648 | top1=98.88% | top2=99.98% | top3=100.00%
  Valid | loss=0.3466 | top1=65.74% | top2=88.01% | top3=98.79% | acc=65.74% | bal_acc=67.98% | macro_f1=0.6909 | qwk=0.8303 | mae=0.3838 | weighted_f1=0.6658 | precision_macro=0.7060 | recall_macro=0.6798
 Validation improved. Saved best model (qwk=0.8303)

Epoch 49/60 | Time 0m 49s
  Train | loss=0.0639 | top1=99.24% | top2=99.98% | top3=100.00%
  Valid | loss=0.3630 | top1=65.74% | top2=87.77% | top3=98.79% | acc=65.74% | bal_acc=67.87% | macro_f1=0.6878 | qwk=0.8266 | mae=0.3862 | weighted_f1=0.6647 | precision_macro=0.7031 | recall_macro=0.6787
 No improvement. Bad epochs: 1/15

Epoch 50/60 | Time 0m 49s
  Train | loss=0.0632 | top1=99.20% | top2=100.00% | top3=100.00%
  Valid | loss=0.3529 | top1=65.62% | top2=87.65% | top3=98.67% | acc=65.62% | bal_acc=67.14% | macro_f1=0.6833 | qwk=0.8284 | mae=0.3850 | weighted_f1=0.6642 | precision_macro=0.7018 | recall_macro=0.6714
 No improvement. Bad epochs: 2/15

Epoch 51/60 | Time 0m 49s
  Train | loss=0.0634 | top1=99.03% | top2=99.98% | top3=100.00%
  Valid | loss=0.3345 | top1=65.13% | top2=87.05% | top3=98.55% | acc=65.13% | bal_acc=67.51% | macro_f1=0.6826 | qwk=0.8229 | mae=0.3935 | weighted_f1=0.6604 | precision_macro=0.6944 | recall_macro=0.6751
 No improvement. Bad epochs: 3/15

Epoch 52/60 | Time 0m 49s
  Train | loss=0.0628 | top1=99.12% | top2=99.97% | top3=100.00%
  Valid | loss=0.3337 | top1=65.98% | top2=87.29% | top3=98.55% | acc=65.98% | bal_acc=68.19% | macro_f1=0.6946 | qwk=0.8232 | mae=0.3850 | weighted_f1=0.6697 | precision_macro=0.7139 | recall_macro=0.6819
 No improvement. Bad epochs: 4/15

Epoch 53/60 | Time 0m 49s
  Train | loss=0.0626 | top1=99.15% | top2=99.93% | top3=100.00%
  Valid | loss=0.3459 | top1=65.25% | top2=87.29% | top3=98.67% | acc=65.25% | bal_acc=67.19% | macro_f1=0.6854 | qwk=0.8226 | mae=0.3910 | weighted_f1=0.6618 | precision_macro=0.7051 | recall_macro=0.6719
 No improvement. Bad epochs: 5/15

Epoch 54/60 | Time 0m 49s
  Train | loss=0.0620 | top1=99.36% | top2=100.00% | top3=100.00%
  Valid | loss=0.3476 | top1=64.77% | top2=87.41% | top3=98.67% | acc=64.77% | bal_acc=66.70% | macro_f1=0.6840 | qwk=0.8222 | mae=0.3947 | weighted_f1=0.6570 | precision_macro=0.7072 | recall_macro=0.6670
 No improvement. Bad epochs: 6/15

Epoch 55/60 | Time 0m 49s
  Train | loss=0.0620 | top1=99.36% | top2=99.98% | top3=100.00%
  Valid | loss=0.3476 | top1=65.01% | top2=87.65% | top3=98.67% | acc=65.01% | bal_acc=67.20% | macro_f1=0.6885 | qwk=0.8249 | mae=0.3910 | weighted_f1=0.6602 | precision_macro=0.7112 | recall_macro=0.6720
 No improvement. Bad epochs: 7/15

Epoch 56/60 | Time 0m 49s
  Train | loss=0.0617 | top1=99.29% | top2=100.00% | top3=100.00%
  Valid | loss=0.3412 | top1=65.98% | top2=87.29% | top3=98.67% | acc=65.98% | bal_acc=67.93% | macro_f1=0.6958 | qwk=0.8292 | mae=0.3801 | weighted_f1=0.6701 | precision_macro=0.7196 | recall_macro=0.6793
 No improvement. Bad epochs: 8/15

Epoch 57/60 | Time 0m 49s
  Train | loss=0.0616 | top1=99.45% | top2=100.00% | top3=100.00%
  Valid | loss=0.3504 | top1=65.74% | top2=86.92% | top3=98.55% | acc=65.74% | bal_acc=67.80% | macro_f1=0.6936 | qwk=0.8285 | mae=0.3838 | weighted_f1=0.6664 | precision_macro=0.7142 | recall_macro=0.6780
 No improvement. Bad epochs: 9/15

Epoch 58/60 | Time 0m 49s
  Train | loss=0.0619 | top1=99.20% | top2=99.95% | top3=100.00%
  Valid | loss=0.3522 | top1=65.38% | top2=87.17% | top3=98.67% | acc=65.38% | bal_acc=67.52% | macro_f1=0.6913 | qwk=0.8283 | mae=0.3862 | weighted_f1=0.6638 | precision_macro=0.7134 | recall_macro=0.6752
 No improvement. Bad epochs: 10/15

Epoch 59/60 | Time 0m 49s
  Train | loss=0.0614 | top1=99.31% | top2=99.98% | top3=100.00%
  Valid | loss=0.3513 | top1=65.25% | top2=87.05% | top3=98.67% | acc=65.25% | bal_acc=67.33% | macro_f1=0.6898 | qwk=0.8276 | mae=0.3874 | weighted_f1=0.6626 | precision_macro=0.7124 | recall_macro=0.6733
 No improvement. Bad epochs: 11/15

Epoch 60/60 | Time 0m 49s
  Train | loss=0.0610 | top1=99.62% | top2=100.00% | top3=100.00%
  Valid | loss=0.3516 | top1=65.25% | top2=87.05% | top3=98.67% | acc=65.25% | bal_acc=67.33% | macro_f1=0.6898 | qwk=0.8276 | mae=0.3874 | weighted_f1=0.6626 | precision_macro=0.7124 | recall_macro=0.6733
 No improvement. Bad epochs: 12/15

Loading best model (epoch=48, qwk=0.8303)

Test | loss=0.3148 | top1=68.66% | top2=91.67% | top3=99.28% | acc=68.66% | bal_acc=68.94% | macro_f1=0.6984 | qwk=0.8513 | mae=0.3484 | weighted_f1=0.6874 | precision_macro=0.7102 | recall_macro=0.6894
     ovr_roc_auc_macro=0.8836 | ovr_pr_auc_macro=0.7207
Checkpoint: /root/autodl-tmp/MedVisionLab/Knee/checkpoints/best_convnext_t_none_coral_convnext_t_all_5seed_koa_baseline_coral_seed9.pt
