COMMAND: /root/miniconda3/envs/medvision/bin/python -u /root/autodl-tmp/MedVisionLab/tools/train_convnext_t_experiment.py --dataset koa --data-root /root/autodl-tmp/Knee_Osteoarthritis --attention mesc_direct --loss dast --seed 1 --epochs 60 --patience 15 --batch-size 32 --image-size 224 --num-workers 4 --early-delta 0.0001 --base-lr 0.0001 --koa-backbone-lr 0.0001 --koa-head-lr 0.001 --weight-decay 0.0001 --dast-tau 1.0 --dast-gamma 1.5 --sord-tau 1.0 --label-smoothing 0.1 --run-tag convnext_t_all_5seed_koa_mesc_direct_dast_seed1
==========================================================================================
Starting ConvNeXt-T experiment on KOA...
Using device: cuda
CUDA device: NVIDIA GeForce RTX 3090
Config | seed=1, attention=mesc_direct, loss=dast, epochs=60, patience=15, batch_size=32, image_size=224, pretrained=True
Backbone: ConvNeXt-T | stage3=features[5] | stage3_channels=384
Data root: /root/autodl-tmp/Knee_Osteoarthritis
Class order: ['0_Normal', '1_Doubtful', '2_Mild', '3_Moderate', '4_Severe']
Split sizes | train=5778, valid=826, test=1656
Train class counts: [2286, 1046, 1516, 757, 173]
Optimizer: AdamW | backbone=0.0001, attention+head=0.001, weight_decay=0.0001
Trainable parameters: 28,383,953

Epoch 01/60 | Time 0m 56s
  Train | loss=1.0225 | top1=39.44% | top2=62.95% | top3=83.96%
  Valid | loss=0.9487 | top1=43.22% | top2=67.55% | top3=85.47% | acc=43.22% | bal_acc=23.07% | macro_f1=0.1698 | qwk=0.3342 | mae=0.9431 | weighted_f1=0.3057 | precision_macro=0.1492 | recall_macro=0.2307
 Validation improved. Saved best model (qwk=0.3342)

Epoch 02/60 | Time 0m 54s
  Train | loss=0.8522 | top1=53.06% | top2=79.27% | top3=95.40%
  Valid | loss=0.8145 | top1=55.08% | top2=83.54% | top3=95.76% | acc=55.08% | bal_acc=44.17% | macro_f1=0.3901 | qwk=0.7254 | mae=0.5678 | weighted_f1=0.5087 | precision_macro=0.4032 | recall_macro=0.4417
 Validation improved. Saved best model (qwk=0.7254)

Epoch 03/60 | Time 0m 54s
  Train | loss=0.7901 | top1=60.38% | top2=85.22% | top3=97.84%
  Valid | loss=0.7661 | top1=61.62% | top2=86.92% | top3=97.94% | acc=61.62% | bal_acc=55.19% | macro_f1=0.5867 | qwk=0.7728 | mae=0.4504 | weighted_f1=0.6176 | precision_macro=0.6648 | recall_macro=0.5519
 Validation improved. Saved best model (qwk=0.7728)

Epoch 04/60 | Time 0m 55s
  Train | loss=0.7590 | top1=64.62% | top2=88.28% | top3=98.60%
  Valid | loss=0.7773 | top1=65.38% | top2=88.01% | top3=98.31% | acc=65.38% | bal_acc=58.33% | macro_f1=0.5731 | qwk=0.7703 | mae=0.4588 | weighted_f1=0.5836 | precision_macro=0.5934 | recall_macro=0.5833
 No improvement. Bad epochs: 1/15

Epoch 05/60 | Time 0m 55s
  Train | loss=0.7504 | top1=64.97% | top2=88.51% | top3=98.55%
  Valid | loss=0.7880 | top1=61.50% | top2=83.90% | top3=95.16% | acc=61.50% | bal_acc=64.22% | macro_f1=0.6364 | qwk=0.7340 | mae=0.4976 | weighted_f1=0.6094 | precision_macro=0.6602 | recall_macro=0.6422
 No improvement. Bad epochs: 2/15

Epoch 06/60 | Time 0m 55s
  Train | loss=0.7268 | top1=68.07% | top2=90.53% | top3=98.77%
  Valid | loss=0.7402 | top1=64.16% | top2=89.59% | top3=98.06% | acc=64.16% | bal_acc=57.99% | macro_f1=0.5944 | qwk=0.8036 | mae=0.4201 | weighted_f1=0.6358 | precision_macro=0.6840 | recall_macro=0.5799
 Validation improved. Saved best model (qwk=0.8036)

Epoch 07/60 | Time 0m 55s
  Train | loss=0.7090 | top1=70.39% | top2=91.59% | top3=99.07%
  Valid | loss=0.7549 | top1=64.77% | top2=86.56% | top3=96.85% | acc=64.77% | bal_acc=69.14% | macro_f1=0.6801 | qwk=0.7950 | mae=0.4249 | weighted_f1=0.6496 | precision_macro=0.6783 | recall_macro=0.6914
 No improvement. Bad epochs: 1/15

Epoch 08/60 | Time 0m 55s
  Train | loss=0.6958 | top1=71.44% | top2=92.71% | top3=99.29%
  Valid | loss=0.7571 | top1=65.25% | top2=88.50% | top3=97.58% | acc=65.25% | bal_acc=68.25% | macro_f1=0.6597 | qwk=0.8222 | mae=0.4080 | weighted_f1=0.6413 | precision_macro=0.6631 | recall_macro=0.6825
 Validation improved. Saved best model (qwk=0.8222)

Epoch 09/60 | Time 0m 55s
  Train | loss=0.6912 | top1=71.95% | top2=92.85% | top3=99.36%
  Valid | loss=0.7390 | top1=65.98% | top2=88.38% | top3=98.67% | acc=65.98% | bal_acc=65.47% | macro_f1=0.6574 | qwk=0.7946 | mae=0.4201 | weighted_f1=0.6439 | precision_macro=0.6727 | recall_macro=0.6547
 No improvement. Bad epochs: 1/15

Epoch 10/60 | Time 0m 55s
  Train | loss=0.6804 | top1=72.97% | top2=93.72% | top3=99.43%
  Valid | loss=0.7315 | top1=66.95% | top2=89.59% | top3=98.67% | acc=66.95% | bal_acc=66.18% | macro_f1=0.6727 | qwk=0.8169 | mae=0.3959 | weighted_f1=0.6581 | precision_macro=0.6974 | recall_macro=0.6618
 No improvement. Bad epochs: 2/15

Epoch 11/60 | Time 0m 55s
  Train | loss=0.6655 | top1=75.29% | top2=94.51% | top3=99.43%
  Valid | loss=0.7337 | top1=67.07% | top2=89.35% | top3=98.18% | acc=67.07% | bal_acc=70.73% | macro_f1=0.6870 | qwk=0.8379 | mae=0.3753 | weighted_f1=0.6734 | precision_macro=0.6790 | recall_macro=0.7073
 Validation improved. Saved best model (qwk=0.8379)

Epoch 12/60 | Time 0m 55s
  Train | loss=0.6633 | top1=75.15% | top2=94.72% | top3=99.46%
  Valid | loss=0.7417 | top1=64.53% | top2=88.50% | top3=98.18% | acc=64.53% | bal_acc=65.65% | macro_f1=0.6655 | qwk=0.8179 | mae=0.4068 | weighted_f1=0.6470 | precision_macro=0.6983 | recall_macro=0.6565
 No improvement. Bad epochs: 1/15

Epoch 13/60 | Time 0m 55s
  Train | loss=0.6506 | top1=77.59% | top2=95.60% | top3=99.60%
  Valid | loss=0.7585 | top1=66.10% | top2=86.32% | top3=97.22% | acc=66.10% | bal_acc=67.57% | macro_f1=0.6832 | qwk=0.7978 | mae=0.4092 | weighted_f1=0.6596 | precision_macro=0.7027 | recall_macro=0.6757
 No improvement. Bad epochs: 2/15

Epoch 14/60 | Time 0m 55s
  Train | loss=0.6374 | top1=79.13% | top2=96.54% | top3=99.71%
  Valid | loss=0.7651 | top1=65.86% | top2=86.80% | top3=96.00% | acc=65.86% | bal_acc=66.25% | macro_f1=0.6731 | qwk=0.7879 | mae=0.4189 | weighted_f1=0.6579 | precision_macro=0.6912 | recall_macro=0.6625
 No improvement. Bad epochs: 3/15

Epoch 15/60 | Time 0m 55s
  Train | loss=0.6313 | top1=79.68% | top2=96.33% | top3=99.67%
  Valid | loss=0.8063 | top1=61.74% | top2=84.62% | top3=93.95% | acc=61.74% | bal_acc=68.31% | macro_f1=0.6752 | qwk=0.7695 | mae=0.4564 | weighted_f1=0.6269 | precision_macro=0.6953 | recall_macro=0.6831
 No improvement. Bad epochs: 4/15

Epoch 16/60 | Time 0m 54s
  Train | loss=0.6258 | top1=81.01% | top2=96.75% | top3=99.84%
  Valid | loss=0.7426 | top1=68.77% | top2=87.29% | top3=97.22% | acc=68.77% | bal_acc=69.86% | macro_f1=0.7168 | qwk=0.8200 | mae=0.3705 | weighted_f1=0.6956 | precision_macro=0.7464 | recall_macro=0.6986
 No improvement. Bad epochs: 5/15

Epoch 17/60 | Time 0m 55s
  Train | loss=0.6145 | top1=82.35% | top2=97.16% | top3=99.88%
  Valid | loss=0.7896 | top1=66.95% | top2=88.86% | top3=96.97% | acc=66.95% | bal_acc=63.27% | macro_f1=0.6454 | qwk=0.8009 | mae=0.4116 | weighted_f1=0.6449 | precision_macro=0.6923 | recall_macro=0.6327
 No improvement. Bad epochs: 6/15

Epoch 18/60 | Time 0m 55s
  Train | loss=0.6095 | top1=83.32% | top2=97.49% | top3=99.81%
  Valid | loss=0.7738 | top1=65.13% | top2=89.10% | top3=97.70% | acc=65.13% | bal_acc=67.86% | macro_f1=0.6906 | qwk=0.8311 | mae=0.3801 | weighted_f1=0.6682 | precision_macro=0.7232 | recall_macro=0.6786
 No improvement. Bad epochs: 7/15

Epoch 19/60 | Time 0m 55s
  Train | loss=0.6035 | top1=83.94% | top2=97.80% | top3=99.84%
  Valid | loss=0.7692 | top1=64.29% | top2=87.65% | top3=97.22% | acc=64.29% | bal_acc=67.11% | macro_f1=0.6806 | qwk=0.8095 | mae=0.4080 | weighted_f1=0.6530 | precision_macro=0.6976 | recall_macro=0.6711
 No improvement. Bad epochs: 8/15

Epoch 20/60 | Time 0m 55s
  Train | loss=0.5899 | top1=86.34% | top2=98.17% | top3=99.88%
  Valid | loss=0.7642 | top1=66.71% | top2=86.56% | top3=95.88% | acc=66.71% | bal_acc=69.35% | macro_f1=0.6952 | qwk=0.8074 | mae=0.3983 | weighted_f1=0.6711 | precision_macro=0.7028 | recall_macro=0.6935
 No improvement. Bad epochs: 9/15

Epoch 21/60 | Time 0m 55s
  Train | loss=0.5779 | top1=88.13% | top2=98.60% | top3=99.90%
  Valid | loss=0.7826 | top1=63.80% | top2=86.08% | top3=97.22% | acc=63.80% | bal_acc=68.55% | macro_f1=0.6713 | qwk=0.8202 | mae=0.4056 | weighted_f1=0.6509 | precision_macro=0.6698 | recall_macro=0.6855
 No improvement. Bad epochs: 10/15

Epoch 22/60 | Time 0m 54s
  Train | loss=0.5749 | top1=88.65% | top2=98.74% | top3=99.93%
  Valid | loss=0.8007 | top1=64.77% | top2=88.86% | top3=98.06% | acc=64.77% | bal_acc=66.57% | macro_f1=0.6717 | qwk=0.8153 | mae=0.4044 | weighted_f1=0.6560 | precision_macro=0.6926 | recall_macro=0.6657
 No improvement. Bad epochs: 11/15

Epoch 23/60 | Time 0m 55s
  Train | loss=0.5673 | top1=89.43% | top2=98.93% | top3=99.93%
  Valid | loss=0.8092 | top1=64.04% | top2=86.80% | top3=97.34% | acc=64.04% | bal_acc=67.15% | macro_f1=0.6703 | qwk=0.8082 | mae=0.4116 | weighted_f1=0.6545 | precision_macro=0.6849 | recall_macro=0.6715
 No improvement. Bad epochs: 12/15

Epoch 24/60 | Time 0m 55s
  Train | loss=0.5651 | top1=90.36% | top2=98.82% | top3=99.91%
  Valid | loss=0.7812 | top1=64.16% | top2=86.92% | top3=97.09% | acc=64.16% | bal_acc=67.58% | macro_f1=0.6769 | qwk=0.8133 | mae=0.4068 | weighted_f1=0.6554 | precision_macro=0.6875 | recall_macro=0.6758
 No improvement. Bad epochs: 13/15

Epoch 25/60 | Time 0m 55s
  Train | loss=0.5546 | top1=91.50% | top2=99.17% | top3=99.98%
  Valid | loss=0.7917 | top1=65.50% | top2=87.17% | top3=97.09% | acc=65.50% | bal_acc=67.79% | macro_f1=0.6870 | qwk=0.8074 | mae=0.4031 | weighted_f1=0.6641 | precision_macro=0.7022 | recall_macro=0.6779
 No improvement. Bad epochs: 14/15

Epoch 26/60 | Time 0m 55s
  Train | loss=0.5504 | top1=91.87% | top2=99.58% | top3=99.90%
  Valid | loss=0.8087 | top1=63.44% | top2=87.05% | top3=97.94% | acc=63.44% | bal_acc=66.95% | macro_f1=0.6820 | qwk=0.8157 | mae=0.4019 | weighted_f1=0.6538 | precision_macro=0.7177 | recall_macro=0.6695
 No improvement. Bad epochs: 15/15
 Early stopping triggered at epoch 26.

Loading best model (epoch=11, qwk=0.8379)

Test | loss=0.7176 | top1=69.32% | top2=91.12% | top3=99.21% | acc=69.32% | bal_acc=71.69% | macro_f1=0.6970 | qwk=0.8574 | mae=0.3436 | weighted_f1=0.6914 | precision_macro=0.6927 | recall_macro=0.7169
     ovr_roc_auc_macro=0.9139 | ovr_pr_auc_macro=0.7621
Checkpoint: /root/autodl-tmp/MedVisionLab/Knee/checkpoints/best_convnext_t_mesc_direct_dast_convnext_t_all_5seed_koa_mesc_direct_dast_seed1.pt
