COMMAND: /root/miniconda3/envs/medvision/bin/python -u /root/autodl-tmp/MedVisionLab/tools/train_convnext_t_experiment.py --dataset koa --data-root /root/autodl-tmp/Knee_Osteoarthritis --attention none --loss dast --seed 9 --epochs 60 --patience 15 --batch-size 32 --image-size 224 --num-workers 4 --early-delta 0.0001 --base-lr 0.0001 --koa-backbone-lr 0.0001 --koa-head-lr 0.001 --weight-decay 0.0001 --dast-tau 0.5 --dast-gamma 1.5 --sord-tau 1.0 --label-smoothing 0.1 --run-tag convnext_t_all_5seed_koa_sensitivity_tau0p5_gamma1p5_seed9
==========================================================================================
Starting ConvNeXt-T experiment on KOA...
Using device: cuda
CUDA device: NVIDIA GeForce RTX 3090
Config | seed=9, attention=none, loss=dast, epochs=60, patience=15, batch_size=32, image_size=224, pretrained=True
Backbone: ConvNeXt-T | stage3=features[5] | stage3_channels=384
Data root: /root/autodl-tmp/Knee_Osteoarthritis
Class order: ['0_Normal', '1_Doubtful', '2_Mild', '3_Moderate', '4_Severe']
Split sizes | train=5778, valid=826, test=1656
Train class counts: [2286, 1046, 1516, 757, 173]
Optimizer: AdamW | backbone=0.0001, attention+head=0.001, weight_decay=0.0001
Trainable parameters: 27,823,973

Epoch 01/60 | Time 0m 50s
  Train | loss=0.9178 | top1=43.11% | top2=66.51% | top3=85.77%
  Valid | loss=0.8163 | top1=47.94% | top2=73.24% | top3=91.77% | acc=47.94% | bal_acc=34.50% | macro_f1=0.3120 | qwk=0.5177 | mae=0.7688 | weighted_f1=0.4301 | precision_macro=0.3292 | recall_macro=0.3450
 Validation improved. Saved best model (qwk=0.5177)

Epoch 02/60 | Time 0m 49s
  Train | loss=0.6971 | top1=55.04% | top2=79.21% | top3=95.21%
  Valid | loss=0.6045 | top1=61.14% | top2=86.32% | top3=96.97% | acc=61.14% | bal_acc=56.40% | macro_f1=0.5343 | qwk=0.7189 | mae=0.5412 | weighted_f1=0.5438 | precision_macro=0.5217 | recall_macro=0.5640
 Validation improved. Saved best model (qwk=0.7189)

Epoch 03/60 | Time 0m 49s
  Train | loss=0.5634 | top1=63.40% | top2=86.41% | top3=98.43%
  Valid | loss=0.5508 | top1=64.04% | top2=88.98% | top3=98.06% | acc=64.04% | bal_acc=63.72% | macro_f1=0.5928 | qwk=0.7696 | mae=0.4709 | weighted_f1=0.6032 | precision_macro=0.5953 | recall_macro=0.6372
 Validation improved. Saved best model (qwk=0.7696)

Epoch 04/60 | Time 0m 49s
  Train | loss=0.5362 | top1=65.82% | top2=87.37% | top3=98.67%
  Valid | loss=0.5275 | top1=65.86% | top2=90.07% | top3=97.82% | acc=65.86% | bal_acc=63.97% | macro_f1=0.6190 | qwk=0.7719 | mae=0.4528 | weighted_f1=0.6147 | precision_macro=0.6367 | recall_macro=0.6397
 Validation improved. Saved best model (qwk=0.7719)

Epoch 05/60 | Time 0m 49s
  Train | loss=0.4888 | top1=68.85% | top2=90.38% | top3=99.17%
  Valid | loss=0.5294 | top1=65.13% | top2=88.86% | top3=98.67% | acc=65.13% | bal_acc=60.30% | macro_f1=0.6310 | qwk=0.7943 | mae=0.4153 | weighted_f1=0.6493 | precision_macro=0.6963 | recall_macro=0.6030
 Validation improved. Saved best model (qwk=0.7943)

Epoch 06/60 | Time 0m 49s
  Train | loss=0.4742 | top1=69.78% | top2=90.81% | top3=99.29%
  Valid | loss=0.4979 | top1=68.40% | top2=90.92% | top3=98.79% | acc=68.40% | bal_acc=68.05% | macro_f1=0.6774 | qwk=0.7974 | mae=0.4092 | weighted_f1=0.6526 | precision_macro=0.7144 | recall_macro=0.6805
 Validation improved. Saved best model (qwk=0.7974)

Epoch 07/60 | Time 0m 49s
  Train | loss=0.4461 | top1=71.44% | top2=92.61% | top3=99.52%
  Valid | loss=0.5088 | top1=66.95% | top2=90.92% | top3=98.55% | acc=66.95% | bal_acc=66.64% | macro_f1=0.6555 | qwk=0.8070 | mae=0.4080 | weighted_f1=0.6558 | precision_macro=0.6537 | recall_macro=0.6664
 Validation improved. Saved best model (qwk=0.8070)

Epoch 08/60 | Time 0m 49s
  Train | loss=0.4289 | top1=72.36% | top2=92.83% | top3=99.53%
  Valid | loss=0.5675 | top1=64.77% | top2=88.62% | top3=97.34% | acc=64.77% | bal_acc=67.72% | macro_f1=0.6625 | qwk=0.7903 | mae=0.4419 | weighted_f1=0.6328 | precision_macro=0.6680 | recall_macro=0.6772
 No improvement. Bad epochs: 1/15

Epoch 09/60 | Time 0m 49s
  Train | loss=0.4091 | top1=74.28% | top2=93.87% | top3=99.65%
  Valid | loss=0.5516 | top1=67.80% | top2=91.04% | top3=98.67% | acc=67.80% | bal_acc=66.58% | macro_f1=0.6354 | qwk=0.8132 | mae=0.4031 | weighted_f1=0.6453 | precision_macro=0.6468 | recall_macro=0.6658
 Validation improved. Saved best model (qwk=0.8132)

Epoch 10/60 | Time 0m 49s
  Train | loss=0.3854 | top1=76.84% | top2=94.60% | top3=99.72%
  Valid | loss=0.5689 | top1=64.04% | top2=89.83% | top3=98.91% | acc=64.04% | bal_acc=68.45% | macro_f1=0.6954 | qwk=0.8089 | mae=0.4080 | weighted_f1=0.6555 | precision_macro=0.7220 | recall_macro=0.6845
 No improvement. Bad epochs: 1/15

Epoch 11/60 | Time 0m 49s
  Train | loss=0.3737 | top1=77.55% | top2=95.00% | top3=99.72%
  Valid | loss=0.5655 | top1=65.62% | top2=90.80% | top3=98.91% | acc=65.62% | bal_acc=62.46% | macro_f1=0.6196 | qwk=0.7755 | mae=0.4419 | weighted_f1=0.6103 | precision_macro=0.6851 | recall_macro=0.6246
 No improvement. Bad epochs: 2/15

Epoch 12/60 | Time 0m 49s
  Train | loss=0.3489 | top1=79.18% | top2=96.07% | top3=99.81%
  Valid | loss=0.5387 | top1=69.37% | top2=90.44% | top3=98.67% | acc=69.37% | bal_acc=69.41% | macro_f1=0.7109 | qwk=0.8267 | mae=0.3656 | weighted_f1=0.6909 | precision_macro=0.7313 | recall_macro=0.6941
 Validation improved. Saved best model (qwk=0.8267)

Epoch 13/60 | Time 0m 49s
  Train | loss=0.3241 | top1=81.76% | top2=96.56% | top3=99.88%
  Valid | loss=0.6776 | top1=65.86% | top2=89.35% | top3=99.15% | acc=65.86% | bal_acc=62.91% | macro_f1=0.6344 | qwk=0.7801 | mae=0.4407 | weighted_f1=0.6185 | precision_macro=0.6869 | recall_macro=0.6291
 No improvement. Bad epochs: 1/15

Epoch 14/60 | Time 0m 49s
  Train | loss=0.2992 | top1=83.28% | top2=97.13% | top3=99.90%
  Valid | loss=0.6960 | top1=65.74% | top2=87.41% | top3=97.09% | acc=65.74% | bal_acc=65.46% | macro_f1=0.6258 | qwk=0.7765 | mae=0.4467 | weighted_f1=0.6183 | precision_macro=0.6415 | recall_macro=0.6546
 No improvement. Bad epochs: 2/15

Epoch 15/60 | Time 0m 49s
  Train | loss=0.2779 | top1=85.72% | top2=97.75% | top3=99.86%
  Valid | loss=0.6492 | top1=64.41% | top2=88.14% | top3=99.15% | acc=64.41% | bal_acc=64.82% | macro_f1=0.6694 | qwk=0.7947 | mae=0.4225 | weighted_f1=0.6462 | precision_macro=0.7020 | recall_macro=0.6482
 No improvement. Bad epochs: 3/15

Epoch 16/60 | Time 0m 49s
  Train | loss=0.2550 | top1=87.19% | top2=98.20% | top3=99.98%
  Valid | loss=0.7442 | top1=65.50% | top2=87.53% | top3=98.06% | acc=65.50% | bal_acc=64.70% | macro_f1=0.6363 | qwk=0.7694 | mae=0.4504 | weighted_f1=0.6226 | precision_macro=0.6597 | recall_macro=0.6470
 No improvement. Bad epochs: 4/15

Epoch 17/60 | Time 0m 49s
  Train | loss=0.2372 | top1=89.17% | top2=98.68% | top3=99.97%
  Valid | loss=0.7322 | top1=61.62% | top2=86.32% | top3=97.09% | acc=61.62% | bal_acc=68.37% | macro_f1=0.6582 | qwk=0.7853 | mae=0.4455 | weighted_f1=0.6295 | precision_macro=0.6550 | recall_macro=0.6837
 No improvement. Bad epochs: 5/15

Epoch 18/60 | Time 0m 49s
  Train | loss=0.2166 | top1=91.07% | top2=98.60% | top3=99.91%
  Valid | loss=0.7209 | top1=62.59% | top2=86.92% | top3=97.70% | acc=62.59% | bal_acc=66.05% | macro_f1=0.6455 | qwk=0.7779 | mae=0.4467 | weighted_f1=0.6305 | precision_macro=0.6629 | recall_macro=0.6605
 No improvement. Bad epochs: 6/15

Epoch 19/60 | Time 0m 49s
  Train | loss=0.2068 | top1=91.23% | top2=98.96% | top3=99.97%
  Valid | loss=0.7799 | top1=61.38% | top2=84.99% | top3=97.22% | acc=61.38% | bal_acc=64.86% | macro_f1=0.6510 | qwk=0.7388 | mae=0.4891 | weighted_f1=0.6124 | precision_macro=0.6733 | recall_macro=0.6486
 No improvement. Bad epochs: 7/15

Epoch 20/60 | Time 0m 49s
  Train | loss=0.1885 | top1=92.92% | top2=99.22% | top3=99.98%
  Valid | loss=0.8647 | top1=65.98% | top2=87.17% | top3=98.06% | acc=65.98% | bal_acc=66.98% | macro_f1=0.6651 | qwk=0.7978 | mae=0.4177 | weighted_f1=0.6486 | precision_macro=0.6690 | recall_macro=0.6698
 No improvement. Bad epochs: 8/15

Epoch 21/60 | Time 0m 49s
  Train | loss=0.1795 | top1=93.84% | top2=99.38% | top3=99.98%
  Valid | loss=0.7222 | top1=64.53% | top2=87.29% | top3=98.43% | acc=64.53% | bal_acc=66.86% | macro_f1=0.6654 | qwk=0.7924 | mae=0.4310 | weighted_f1=0.6409 | precision_macro=0.6638 | recall_macro=0.6686
 No improvement. Bad epochs: 9/15

Epoch 22/60 | Time 0m 49s
  Train | loss=0.1643 | top1=95.28% | top2=99.43% | top3=100.00%
  Valid | loss=0.7511 | top1=65.01% | top2=88.14% | top3=98.55% | acc=65.01% | bal_acc=65.69% | macro_f1=0.6717 | qwk=0.7778 | mae=0.4358 | weighted_f1=0.6487 | precision_macro=0.6907 | recall_macro=0.6569
 No improvement. Bad epochs: 10/15

Epoch 23/60 | Time 0m 49s
  Train | loss=0.1554 | top1=95.48% | top2=99.65% | top3=99.98%
  Valid | loss=0.8302 | top1=65.86% | top2=88.26% | top3=98.31% | acc=65.86% | bal_acc=66.43% | macro_f1=0.6716 | qwk=0.7991 | mae=0.4189 | weighted_f1=0.6499 | precision_macro=0.6829 | recall_macro=0.6643
 No improvement. Bad epochs: 11/15

Epoch 24/60 | Time 0m 49s
  Train | loss=0.1503 | top1=96.12% | top2=99.69% | top3=100.00%
  Valid | loss=0.8138 | top1=63.92% | top2=87.29% | top3=97.82% | acc=63.92% | bal_acc=67.69% | macro_f1=0.6742 | qwk=0.8033 | mae=0.4189 | weighted_f1=0.6480 | precision_macro=0.6771 | recall_macro=0.6769
 No improvement. Bad epochs: 12/15

Epoch 25/60 | Time 0m 49s
  Train | loss=0.1358 | top1=97.25% | top2=99.83% | top3=100.00%
  Valid | loss=0.8312 | top1=65.50% | top2=89.10% | top3=99.03% | acc=65.50% | bal_acc=66.23% | macro_f1=0.6687 | qwk=0.7871 | mae=0.4298 | weighted_f1=0.6461 | precision_macro=0.6805 | recall_macro=0.6623
 No improvement. Bad epochs: 13/15

Epoch 26/60 | Time 0m 49s
  Train | loss=0.1321 | top1=97.66% | top2=99.79% | top3=99.98%
  Valid | loss=0.8280 | top1=64.16% | top2=87.17% | top3=98.31% | acc=64.16% | bal_acc=65.60% | macro_f1=0.6469 | qwk=0.7699 | mae=0.4588 | weighted_f1=0.6275 | precision_macro=0.6448 | recall_macro=0.6560
 No improvement. Bad epochs: 14/15

Epoch 27/60 | Time 0m 49s
  Train | loss=0.1305 | top1=97.99% | top2=99.76% | top3=100.00%
  Valid | loss=0.8482 | top1=64.04% | top2=87.53% | top3=98.43% | acc=64.04% | bal_acc=66.36% | macro_f1=0.6587 | qwk=0.7661 | mae=0.4576 | weighted_f1=0.6342 | precision_macro=0.6595 | recall_macro=0.6636
 No improvement. Bad epochs: 15/15
 Early stopping triggered at epoch 27.

Loading best model (epoch=12, qwk=0.8267)

Test | loss=0.4847 | top1=70.47% | top2=91.67% | top3=99.40% | acc=70.47% | bal_acc=69.82% | macro_f1=0.7103 | qwk=0.8494 | mae=0.3388 | weighted_f1=0.7000 | precision_macro=0.7254 | recall_macro=0.6982
     ovr_roc_auc_macro=0.9121 | ovr_pr_auc_macro=0.7604
Checkpoint: /root/autodl-tmp/MedVisionLab/Knee/checkpoints/best_convnext_t_none_dast_convnext_t_all_5seed_koa_sensitivity_tau0p5_gamma1p5_seed9.pt
