COMMAND: /root/miniconda3/envs/medvision/bin/python -u /root/autodl-tmp/MedVisionLab/tools/train_convnext_t_experiment.py --dataset koa --data-root /root/autodl-tmp/Knee_Osteoarthritis --attention none --loss dast --seed 4 --epochs 60 --patience 15 --batch-size 32 --image-size 224 --num-workers 4 --early-delta 0.0001 --base-lr 0.0001 --koa-backbone-lr 0.0001 --koa-head-lr 0.001 --weight-decay 0.0001 --dast-tau 1.0 --dast-gamma 1.5 --sord-tau 1.0 --label-smoothing 0.1 --run-tag convnext_t_all_5seed_koa_baseline_dast_seed4
==========================================================================================
Starting ConvNeXt-T experiment on KOA...
Using device: cuda
CUDA device: NVIDIA GeForce RTX 3090
Config | seed=4, attention=none, loss=dast, epochs=60, patience=15, batch_size=32, image_size=224, pretrained=True
Backbone: ConvNeXt-T | stage3=features[5] | stage3_channels=384
Data root: /root/autodl-tmp/Knee_Osteoarthritis
Class order: ['0_Normal', '1_Doubtful', '2_Mild', '3_Moderate', '4_Severe']
Split sizes | train=5778, valid=826, test=1656
Train class counts: [2286, 1046, 1516, 757, 173]
Optimizer: AdamW | backbone=0.0001, attention+head=0.001, weight_decay=0.0001
Trainable parameters: 27,823,973

Epoch 01/60 | Time 0m 49s
  Train | loss=0.9897 | top1=40.34% | top2=65.37% | top3=85.91%
  Valid | loss=0.9049 | top1=46.00% | top2=72.88% | top3=92.13% | acc=46.00% | bal_acc=28.09% | macro_f1=0.2563 | qwk=0.4911 | mae=0.7760 | weighted_f1=0.3983 | precision_macro=0.3046 | recall_macro=0.2809
 Validation improved. Saved best model (qwk=0.4911)

Epoch 02/60 | Time 0m 49s
  Train | loss=0.8496 | top1=53.74% | top2=79.37% | top3=95.41%
  Valid | loss=0.8102 | top1=56.30% | top2=83.78% | top3=95.88% | acc=56.30% | bal_acc=51.43% | macro_f1=0.5268 | qwk=0.7150 | mae=0.5400 | weighted_f1=0.5657 | precision_macro=0.6114 | recall_macro=0.5143
 Validation improved. Saved best model (qwk=0.7150)

Epoch 03/60 | Time 0m 49s
  Train | loss=0.7715 | top1=62.93% | top2=86.10% | top3=98.18%
  Valid | loss=0.7895 | top1=62.83% | top2=86.68% | top3=98.18% | acc=62.83% | bal_acc=59.29% | macro_f1=0.5775 | qwk=0.7204 | mae=0.5242 | weighted_f1=0.5601 | precision_macro=0.5850 | recall_macro=0.5929
 Validation improved. Saved best model (qwk=0.7204)

Epoch 04/60 | Time 0m 49s
  Train | loss=0.7464 | top1=66.08% | top2=88.30% | top3=98.55%
  Valid | loss=0.8665 | top1=59.20% | top2=82.93% | top3=97.94% | acc=59.20% | bal_acc=53.37% | macro_f1=0.5354 | qwk=0.7034 | mae=0.5617 | weighted_f1=0.5219 | precision_macro=0.6133 | recall_macro=0.5337
 No improvement. Bad epochs: 1/15

Epoch 05/60 | Time 0m 49s
  Train | loss=0.7381 | top1=66.48% | top2=89.03% | top3=98.86%
  Valid | loss=0.7468 | top1=65.38% | top2=88.62% | top3=98.43% | acc=65.38% | bal_acc=66.80% | macro_f1=0.6464 | qwk=0.8076 | mae=0.4213 | weighted_f1=0.6400 | precision_macro=0.6478 | recall_macro=0.6680
 Validation improved. Saved best model (qwk=0.8076)

Epoch 06/60 | Time 0m 49s
  Train | loss=0.7155 | top1=69.68% | top2=90.97% | top3=98.91%
  Valid | loss=0.7760 | top1=64.65% | top2=86.80% | top3=98.31% | acc=64.65% | bal_acc=61.04% | macro_f1=0.6048 | qwk=0.7792 | mae=0.4467 | weighted_f1=0.6092 | precision_macro=0.6768 | recall_macro=0.6104
 No improvement. Bad epochs: 1/15

Epoch 07/60 | Time 0m 49s
  Train | loss=0.7049 | top1=70.20% | top2=91.80% | top3=99.24%
  Valid | loss=0.7221 | top1=67.55% | top2=90.07% | top3=99.03% | acc=67.55% | bal_acc=68.56% | macro_f1=0.6761 | qwk=0.8230 | mae=0.3874 | weighted_f1=0.6654 | precision_macro=0.6842 | recall_macro=0.6856
 Validation improved. Saved best model (qwk=0.8230)

Epoch 08/60 | Time 0m 49s
  Train | loss=0.6860 | top1=73.76% | top2=92.92% | top3=99.46%
  Valid | loss=0.7427 | top1=66.95% | top2=87.29% | top3=97.58% | acc=66.95% | bal_acc=68.44% | macro_f1=0.6857 | qwk=0.7896 | mae=0.4165 | weighted_f1=0.6551 | precision_macro=0.7114 | recall_macro=0.6844
 No improvement. Bad epochs: 1/15

Epoch 09/60 | Time 0m 49s
  Train | loss=0.6763 | top1=74.14% | top2=93.68% | top3=99.46%
  Valid | loss=0.7318 | top1=69.01% | top2=91.16% | top3=98.91% | acc=69.01% | bal_acc=67.99% | macro_f1=0.6971 | qwk=0.8197 | mae=0.3777 | weighted_f1=0.6782 | precision_macro=0.7276 | recall_macro=0.6799
 No improvement. Bad epochs: 2/15

Epoch 10/60 | Time 0m 49s
  Train | loss=0.6678 | top1=75.53% | top2=94.17% | top3=99.52%
  Valid | loss=0.7304 | top1=68.64% | top2=89.23% | top3=98.31% | acc=68.64% | bal_acc=71.33% | macro_f1=0.7252 | qwk=0.8170 | mae=0.3765 | weighted_f1=0.6909 | precision_macro=0.7406 | recall_macro=0.7133
 No improvement. Bad epochs: 3/15

Epoch 11/60 | Time 0m 49s
  Train | loss=0.6549 | top1=77.24% | top2=95.22% | top3=99.72%
  Valid | loss=0.7527 | top1=66.71% | top2=89.47% | top3=98.67% | acc=66.71% | bal_acc=68.57% | macro_f1=0.6693 | qwk=0.8136 | mae=0.3983 | weighted_f1=0.6650 | precision_macro=0.6628 | recall_macro=0.6857
 No improvement. Bad epochs: 4/15

Epoch 12/60 | Time 0m 48s
  Train | loss=0.6427 | top1=78.66% | top2=95.95% | top3=99.72%
  Valid | loss=0.7732 | top1=64.89% | top2=87.65% | top3=98.55% | acc=64.89% | bal_acc=65.97% | macro_f1=0.6629 | qwk=0.7972 | mae=0.4262 | weighted_f1=0.6448 | precision_macro=0.6787 | recall_macro=0.6597
 No improvement. Bad epochs: 5/15

Epoch 13/60 | Time 0m 49s
  Train | loss=0.6307 | top1=81.17% | top2=96.40% | top3=99.78%
  Valid | loss=0.7538 | top1=66.10% | top2=88.62% | top3=97.94% | acc=66.10% | bal_acc=67.58% | macro_f1=0.6863 | qwk=0.8134 | mae=0.4007 | weighted_f1=0.6606 | precision_macro=0.7039 | recall_macro=0.6758
 No improvement. Bad epochs: 6/15

Epoch 14/60 | Time 0m 49s
  Train | loss=0.6206 | top1=82.61% | top2=97.20% | top3=99.83%
  Valid | loss=0.7745 | top1=65.25% | top2=86.56% | top3=96.73% | acc=65.25% | bal_acc=68.79% | macro_f1=0.6773 | qwk=0.7984 | mae=0.4225 | weighted_f1=0.6452 | precision_macro=0.6711 | recall_macro=0.6879
 No improvement. Bad epochs: 7/15

Epoch 15/60 | Time 0m 49s
  Train | loss=0.6056 | top1=84.98% | top2=97.92% | top3=99.81%
  Valid | loss=0.7796 | top1=65.62% | top2=88.01% | top3=97.09% | acc=65.62% | bal_acc=68.53% | macro_f1=0.6586 | qwk=0.8105 | mae=0.4128 | weighted_f1=0.6456 | precision_macro=0.6453 | recall_macro=0.6853
 No improvement. Bad epochs: 8/15

Epoch 16/60 | Time 0m 49s
  Train | loss=0.5908 | top1=87.54% | top2=98.17% | top3=99.86%
  Valid | loss=0.7774 | top1=67.55% | top2=88.14% | top3=98.06% | acc=67.55% | bal_acc=69.86% | macro_f1=0.6951 | qwk=0.8155 | mae=0.3923 | weighted_f1=0.6683 | precision_macro=0.6948 | recall_macro=0.6986
 No improvement. Bad epochs: 9/15

Epoch 17/60 | Time 0m 49s
  Train | loss=0.5842 | top1=88.14% | top2=98.46% | top3=99.97%
  Valid | loss=0.7945 | top1=64.41% | top2=85.96% | top3=96.13% | acc=64.41% | bal_acc=68.02% | macro_f1=0.6822 | qwk=0.7932 | mae=0.4322 | weighted_f1=0.6393 | precision_macro=0.6873 | recall_macro=0.6802
 No improvement. Bad epochs: 10/15

Epoch 18/60 | Time 0m 49s
  Train | loss=0.5760 | top1=89.91% | top2=98.56% | top3=99.95%
  Valid | loss=0.7706 | top1=67.80% | top2=89.71% | top3=98.43% | acc=67.80% | bal_acc=68.47% | macro_f1=0.6879 | qwk=0.8234 | mae=0.3826 | weighted_f1=0.6722 | precision_macro=0.6945 | recall_macro=0.6847
 Validation improved. Saved best model (qwk=0.8234)

Epoch 19/60 | Time 0m 49s
  Train | loss=0.5621 | top1=91.59% | top2=98.98% | top3=99.97%
  Valid | loss=0.8147 | top1=63.68% | top2=88.26% | top3=98.06% | acc=63.68% | bal_acc=66.71% | macro_f1=0.6806 | qwk=0.7935 | mae=0.4346 | weighted_f1=0.6382 | precision_macro=0.7063 | recall_macro=0.6671
 No improvement. Bad epochs: 1/15

Epoch 20/60 | Time 0m 49s
  Train | loss=0.5489 | top1=94.06% | top2=99.38% | top3=100.00%
  Valid | loss=0.8034 | top1=65.50% | top2=88.62% | top3=97.46% | acc=65.50% | bal_acc=69.05% | macro_f1=0.6872 | qwk=0.8211 | mae=0.4007 | weighted_f1=0.6556 | precision_macro=0.6867 | recall_macro=0.6905
 No improvement. Bad epochs: 2/15

Epoch 21/60 | Time 0m 49s
  Train | loss=0.5468 | top1=94.17% | top2=99.53% | top3=100.00%
  Valid | loss=0.7998 | top1=66.46% | top2=88.86% | top3=97.82% | acc=66.46% | bal_acc=69.94% | macro_f1=0.6976 | qwk=0.8228 | mae=0.3886 | weighted_f1=0.6664 | precision_macro=0.6984 | recall_macro=0.6994
 No improvement. Bad epochs: 3/15

Epoch 22/60 | Time 0m 49s
  Train | loss=0.5432 | top1=94.70% | top2=99.33% | top3=99.97%
  Valid | loss=0.8071 | top1=67.07% | top2=88.98% | top3=98.06% | acc=67.07% | bal_acc=68.15% | macro_f1=0.6805 | qwk=0.8099 | mae=0.4031 | weighted_f1=0.6553 | precision_macro=0.6871 | recall_macro=0.6815
 No improvement. Bad epochs: 4/15

Epoch 23/60 | Time 0m 49s
  Train | loss=0.5383 | top1=95.50% | top2=99.50% | top3=100.00%
  Valid | loss=0.7937 | top1=66.71% | top2=89.47% | top3=97.82% | acc=66.71% | bal_acc=68.50% | macro_f1=0.6831 | qwk=0.8214 | mae=0.3910 | weighted_f1=0.6625 | precision_macro=0.6830 | recall_macro=0.6850
 No improvement. Bad epochs: 5/15

Epoch 24/60 | Time 0m 48s
  Train | loss=0.5318 | top1=96.38% | top2=99.71% | top3=99.98%
  Valid | loss=0.8116 | top1=64.89% | top2=86.56% | top3=96.25% | acc=64.89% | bal_acc=66.60% | macro_f1=0.6743 | qwk=0.8023 | mae=0.4165 | weighted_f1=0.6437 | precision_macro=0.6894 | recall_macro=0.6660
 No improvement. Bad epochs: 6/15

Epoch 25/60 | Time 0m 49s
  Train | loss=0.5325 | top1=96.16% | top2=99.79% | top3=99.97%
  Valid | loss=0.8326 | top1=62.83% | top2=86.92% | top3=98.06% | acc=62.83% | bal_acc=64.33% | macro_f1=0.6636 | qwk=0.7998 | mae=0.4310 | weighted_f1=0.6326 | precision_macro=0.6951 | recall_macro=0.6433
 No improvement. Bad epochs: 7/15

Epoch 26/60 | Time 0m 49s
  Train | loss=0.5303 | top1=96.37% | top2=99.71% | top3=99.97%
  Valid | loss=0.8099 | top1=66.34% | top2=86.08% | top3=96.61% | acc=66.34% | bal_acc=69.39% | macro_f1=0.6990 | qwk=0.7993 | mae=0.4080 | weighted_f1=0.6616 | precision_macro=0.7078 | recall_macro=0.6939
 No improvement. Bad epochs: 8/15

Epoch 27/60 | Time 0m 49s
  Train | loss=0.5233 | top1=97.27% | top2=99.88% | top3=99.98%
  Valid | loss=0.8172 | top1=64.65% | top2=88.98% | top3=98.55% | acc=64.65% | bal_acc=65.13% | macro_f1=0.6572 | qwk=0.8113 | mae=0.4128 | weighted_f1=0.6406 | precision_macro=0.6711 | recall_macro=0.6513
 No improvement. Bad epochs: 9/15

Epoch 28/60 | Time 0m 49s
  Train | loss=0.5243 | top1=96.99% | top2=99.72% | top3=100.00%
  Valid | loss=0.8138 | top1=64.41% | top2=88.50% | top3=98.06% | acc=64.41% | bal_acc=67.18% | macro_f1=0.6517 | qwk=0.8174 | mae=0.4116 | weighted_f1=0.6462 | precision_macro=0.6437 | recall_macro=0.6718
 No improvement. Bad epochs: 10/15

Epoch 29/60 | Time 0m 49s
  Train | loss=0.5199 | top1=97.70% | top2=99.79% | top3=99.95%
  Valid | loss=0.8070 | top1=65.50% | top2=88.86% | top3=97.94% | acc=65.50% | bal_acc=65.66% | macro_f1=0.6730 | qwk=0.8116 | mae=0.4031 | weighted_f1=0.6556 | precision_macro=0.6928 | recall_macro=0.6566
 No improvement. Bad epochs: 11/15

Epoch 30/60 | Time 0m 49s
  Train | loss=0.5179 | top1=97.82% | top2=99.84% | top3=100.00%
  Valid | loss=0.8229 | top1=66.46% | top2=87.53% | top3=97.58% | acc=66.46% | bal_acc=67.48% | macro_f1=0.6911 | qwk=0.8122 | mae=0.3971 | weighted_f1=0.6663 | precision_macro=0.7166 | recall_macro=0.6748
 No improvement. Bad epochs: 12/15

Epoch 31/60 | Time 0m 49s
  Train | loss=0.5179 | top1=97.66% | top2=99.79% | top3=100.00%
  Valid | loss=0.8430 | top1=64.16% | top2=85.11% | top3=95.64% | acc=64.16% | bal_acc=65.88% | macro_f1=0.6682 | qwk=0.7817 | mae=0.4383 | weighted_f1=0.6415 | precision_macro=0.6813 | recall_macro=0.6588
 No improvement. Bad epochs: 13/15

Epoch 32/60 | Time 0m 49s
  Train | loss=0.5140 | top1=98.43% | top2=99.93% | top3=100.00%
  Valid | loss=0.8238 | top1=65.74% | top2=88.74% | top3=97.34% | acc=65.74% | bal_acc=65.69% | macro_f1=0.6762 | qwk=0.8054 | mae=0.4031 | weighted_f1=0.6579 | precision_macro=0.7039 | recall_macro=0.6569
 No improvement. Bad epochs: 14/15

Epoch 33/60 | Time 0m 49s
  Train | loss=0.5162 | top1=98.39% | top2=99.79% | top3=99.98%
  Valid | loss=0.8131 | top1=66.46% | top2=89.10% | top3=98.55% | acc=66.46% | bal_acc=68.25% | macro_f1=0.6941 | qwk=0.8159 | mae=0.3935 | weighted_f1=0.6646 | precision_macro=0.7082 | recall_macro=0.6825
 No improvement. Bad epochs: 15/15
 Early stopping triggered at epoch 33.

Loading best model (epoch=18, qwk=0.8234)

Test | loss=0.7508 | top1=70.59% | top2=91.18% | top3=99.28% | acc=70.59% | bal_acc=69.18% | macro_f1=0.6983 | qwk=0.8453 | mae=0.3460 | weighted_f1=0.6906 | precision_macro=0.7142 | recall_macro=0.6918
     ovr_roc_auc_macro=0.9010 | ovr_pr_auc_macro=0.7417
Checkpoint: /root/autodl-tmp/MedVisionLab/Knee/checkpoints/best_convnext_t_none_dast_convnext_t_all_5seed_koa_baseline_dast_seed4.pt
