COMMAND: /root/miniconda3/envs/medvision/bin/python -u /root/autodl-tmp/MedVisionLab/tools/train_convnext_t_experiment.py --dataset koa --data-root /root/autodl-tmp/Knee_Osteoarthritis --attention none --loss sord_ce --seed 5 --epochs 60 --patience 15 --batch-size 32 --image-size 224 --num-workers 4 --early-delta 0.0001 --base-lr 0.0001 --koa-backbone-lr 0.0001 --koa-head-lr 0.001 --weight-decay 0.0001 --dast-tau 1.0 --dast-gamma 1.5 --sord-tau 1.0 --label-smoothing 0.1 --run-tag convnext_t_all_5seed_koa_baseline_sord_seed5
==========================================================================================
Starting ConvNeXt-T experiment on KOA...
Using device: cuda
CUDA device: NVIDIA GeForce RTX 3090
Config | seed=5, attention=none, loss=sord_ce, epochs=60, patience=15, batch_size=32, image_size=224, pretrained=True
Backbone: ConvNeXt-T | stage3=features[5] | stage3_channels=384
Data root: /root/autodl-tmp/Knee_Osteoarthritis
Class order: ['0_Normal', '1_Doubtful', '2_Mild', '3_Moderate', '4_Severe']
Split sizes | train=5778, valid=826, test=1656
Train class counts: [2286, 1046, 1516, 757, 173]
Optimizer: AdamW | backbone=0.0001, attention+head=0.001, weight_decay=0.0001
Trainable parameters: 27,823,973

Epoch 01/60 | Time 0m 49s
  Train | loss=1.4904 | top1=40.10% | top2=64.61% | top3=84.89%
  Valid | loss=1.4163 | top1=48.31% | top2=73.61% | top3=92.37% | acc=48.31% | bal_acc=32.74% | macro_f1=0.3113 | qwk=0.5471 | mae=0.7482 | weighted_f1=0.4313 | precision_macro=0.3235 | recall_macro=0.3274
 Validation improved. Saved best model (qwk=0.5471)

Epoch 02/60 | Time 0m 49s
  Train | loss=1.3817 | top1=54.71% | top2=79.27% | top3=95.34%
  Valid | loss=1.3447 | top1=60.65% | top2=85.23% | top3=98.18% | acc=60.65% | bal_acc=51.23% | macro_f1=0.5182 | qwk=0.7348 | mae=0.5182 | weighted_f1=0.5546 | precision_macro=0.5926 | recall_macro=0.5123
 Validation improved. Saved best model (qwk=0.7348)

Epoch 03/60 | Time 0m 49s
  Train | loss=1.3295 | top1=62.44% | top2=86.09% | top3=98.23%
  Valid | loss=1.3334 | top1=62.59% | top2=85.71% | top3=96.61% | acc=62.59% | bal_acc=63.87% | macro_f1=0.6342 | qwk=0.7653 | mae=0.4734 | weighted_f1=0.6130 | precision_macro=0.6397 | recall_macro=0.6387
 Validation improved. Saved best model (qwk=0.7653)

Epoch 04/60 | Time 0m 49s
  Train | loss=1.3144 | top1=65.06% | top2=88.13% | top3=98.65%
  Valid | loss=1.3190 | top1=65.38% | top2=87.89% | top3=98.31% | acc=65.38% | bal_acc=64.95% | macro_f1=0.6421 | qwk=0.7869 | mae=0.4419 | weighted_f1=0.6283 | precision_macro=0.6719 | recall_macro=0.6495
 Validation improved. Saved best model (qwk=0.7869)

Epoch 05/60 | Time 0m 49s
  Train | loss=1.3049 | top1=67.74% | top2=89.01% | top3=98.74%
  Valid | loss=1.3274 | top1=63.92% | top2=86.08% | top3=97.22% | acc=63.92% | bal_acc=62.58% | macro_f1=0.6320 | qwk=0.7606 | mae=0.4564 | weighted_f1=0.6144 | precision_macro=0.6958 | recall_macro=0.6258
 No improvement. Bad epochs: 1/15

Epoch 06/60 | Time 0m 49s
  Train | loss=1.2924 | top1=69.76% | top2=90.98% | top3=99.08%
  Valid | loss=1.3208 | top1=64.53% | top2=88.26% | top3=98.43% | acc=64.53% | bal_acc=62.79% | macro_f1=0.6220 | qwk=0.7946 | mae=0.4358 | weighted_f1=0.6142 | precision_macro=0.6503 | recall_macro=0.6279
 Validation improved. Saved best model (qwk=0.7946)

Epoch 07/60 | Time 0m 49s
  Train | loss=1.2830 | top1=70.91% | top2=91.76% | top3=99.22%
  Valid | loss=1.3102 | top1=69.01% | top2=90.44% | top3=98.55% | acc=69.01% | bal_acc=67.32% | macro_f1=0.6649 | qwk=0.8068 | mae=0.3995 | weighted_f1=0.6473 | precision_macro=0.7072 | recall_macro=0.6732
 Validation improved. Saved best model (qwk=0.8068)

Epoch 08/60 | Time 0m 49s
  Train | loss=1.2766 | top1=72.15% | top2=92.52% | top3=99.41%
  Valid | loss=1.3028 | top1=68.04% | top2=88.26% | top3=98.31% | acc=68.04% | bal_acc=66.94% | macro_f1=0.6763 | qwk=0.8219 | mae=0.3814 | weighted_f1=0.6700 | precision_macro=0.6917 | recall_macro=0.6694
 Validation improved. Saved best model (qwk=0.8219)

Epoch 09/60 | Time 0m 49s
  Train | loss=1.2729 | top1=73.14% | top2=93.06% | top3=99.57%
  Valid | loss=1.3014 | top1=67.92% | top2=90.56% | top3=98.06% | acc=67.92% | bal_acc=64.32% | macro_f1=0.6483 | qwk=0.8054 | mae=0.3995 | weighted_f1=0.6477 | precision_macro=0.6866 | recall_macro=0.6432
 No improvement. Bad epochs: 1/15

Epoch 10/60 | Time 0m 49s
  Train | loss=1.2640 | top1=75.18% | top2=94.39% | top3=99.53%
  Valid | loss=1.3085 | top1=66.59% | top2=88.98% | top3=99.15% | acc=66.59% | bal_acc=65.36% | macro_f1=0.6660 | qwk=0.8144 | mae=0.3995 | weighted_f1=0.6522 | precision_macro=0.6931 | recall_macro=0.6536
 No improvement. Bad epochs: 2/15

Epoch 11/60 | Time 0m 49s
  Train | loss=1.2568 | top1=76.64% | top2=95.19% | top3=99.74%
  Valid | loss=1.3087 | top1=65.50% | top2=87.89% | top3=97.94% | acc=65.50% | bal_acc=65.55% | macro_f1=0.6739 | qwk=0.7962 | mae=0.4128 | weighted_f1=0.6517 | precision_macro=0.7124 | recall_macro=0.6555
 No improvement. Bad epochs: 3/15

Epoch 12/60 | Time 0m 49s
  Train | loss=1.2483 | top1=78.70% | top2=95.83% | top3=99.62%
  Valid | loss=1.2995 | top1=67.43% | top2=90.92% | top3=98.55% | acc=67.43% | bal_acc=66.94% | macro_f1=0.6873 | qwk=0.8174 | mae=0.3886 | weighted_f1=0.6674 | precision_macro=0.7155 | recall_macro=0.6694
 No improvement. Bad epochs: 4/15

Epoch 13/60 | Time 0m 49s
  Train | loss=1.2431 | top1=80.37% | top2=96.38% | top3=99.72%
  Valid | loss=1.3145 | top1=65.62% | top2=87.89% | top3=97.94% | acc=65.62% | bal_acc=68.24% | macro_f1=0.6859 | qwk=0.8215 | mae=0.3923 | weighted_f1=0.6609 | precision_macro=0.6903 | recall_macro=0.6824
 No improvement. Bad epochs: 5/15

Epoch 14/60 | Time 0m 49s
  Train | loss=1.2365 | top1=82.24% | top2=97.02% | top3=99.83%
  Valid | loss=1.3262 | top1=65.01% | top2=87.65% | top3=98.67% | acc=65.01% | bal_acc=62.70% | macro_f1=0.6459 | qwk=0.7972 | mae=0.4225 | weighted_f1=0.6376 | precision_macro=0.6854 | recall_macro=0.6270
 No improvement. Bad epochs: 6/15

Epoch 15/60 | Time 0m 49s
  Train | loss=1.2308 | top1=83.49% | top2=97.61% | top3=99.81%
  Valid | loss=1.3193 | top1=65.38% | top2=87.89% | top3=97.58% | acc=65.38% | bal_acc=66.65% | macro_f1=0.6857 | qwk=0.8059 | mae=0.4056 | weighted_f1=0.6618 | precision_macro=0.7112 | recall_macro=0.6665
 No improvement. Bad epochs: 7/15

Epoch 16/60 | Time 0m 49s
  Train | loss=1.2241 | top1=85.58% | top2=97.87% | top3=99.91%
  Valid | loss=1.3182 | top1=67.07% | top2=88.62% | top3=97.22% | acc=67.07% | bal_acc=69.25% | macro_f1=0.6890 | qwk=0.8101 | mae=0.3947 | weighted_f1=0.6678 | precision_macro=0.6871 | recall_macro=0.6925
 No improvement. Bad epochs: 8/15

Epoch 17/60 | Time 0m 49s
  Train | loss=1.2226 | top1=85.86% | top2=98.06% | top3=99.91%
  Valid | loss=1.3272 | top1=65.86% | top2=87.77% | top3=97.34% | acc=65.86% | bal_acc=67.55% | macro_f1=0.6822 | qwk=0.8116 | mae=0.3971 | weighted_f1=0.6612 | precision_macro=0.6934 | recall_macro=0.6755
 No improvement. Bad epochs: 9/15

Epoch 18/60 | Time 0m 49s
  Train | loss=1.2138 | top1=88.44% | top2=99.08% | top3=99.93%
  Valid | loss=1.3310 | top1=62.95% | top2=87.53% | top3=97.34% | acc=62.95% | bal_acc=67.32% | macro_f1=0.6680 | qwk=0.8129 | mae=0.4201 | weighted_f1=0.6377 | precision_macro=0.6714 | recall_macro=0.6732
 No improvement. Bad epochs: 10/15

Epoch 19/60 | Time 0m 49s
  Train | loss=1.2103 | top1=89.36% | top2=98.89% | top3=99.95%
  Valid | loss=1.3244 | top1=66.10% | top2=88.14% | top3=97.34% | acc=66.10% | bal_acc=68.19% | macro_f1=0.6773 | qwk=0.8138 | mae=0.4007 | weighted_f1=0.6580 | precision_macro=0.6740 | recall_macro=0.6819
 No improvement. Bad epochs: 11/15

Epoch 20/60 | Time 0m 49s
  Train | loss=1.2044 | top1=91.17% | top2=99.15% | top3=99.93%
  Valid | loss=1.3192 | top1=65.62% | top2=88.50% | top3=98.55% | acc=65.62% | bal_acc=67.23% | macro_f1=0.6773 | qwk=0.8177 | mae=0.3971 | weighted_f1=0.6589 | precision_macro=0.6827 | recall_macro=0.6723
 No improvement. Bad epochs: 12/15

Epoch 21/60 | Time 0m 49s
  Train | loss=1.2021 | top1=91.76% | top2=99.15% | top3=100.00%
  Valid | loss=1.3249 | top1=62.95% | top2=89.23% | top3=98.43% | acc=62.95% | bal_acc=64.40% | macro_f1=0.6644 | qwk=0.8099 | mae=0.4189 | weighted_f1=0.6375 | precision_macro=0.6913 | recall_macro=0.6440
 No improvement. Bad epochs: 13/15

Epoch 22/60 | Time 0m 49s
  Train | loss=1.1987 | top1=92.77% | top2=99.34% | top3=99.97%
  Valid | loss=1.3292 | top1=64.16% | top2=87.53% | top3=96.25% | acc=64.16% | bal_acc=66.11% | macro_f1=0.6707 | qwk=0.8096 | mae=0.4080 | weighted_f1=0.6496 | precision_macro=0.6922 | recall_macro=0.6611
 No improvement. Bad epochs: 14/15

Epoch 23/60 | Time 0m 49s
  Train | loss=1.1941 | top1=93.99% | top2=99.60% | top3=100.00%
  Valid | loss=1.3191 | top1=64.77% | top2=88.26% | top3=98.31% | acc=64.77% | bal_acc=66.81% | macro_f1=0.6820 | qwk=0.8162 | mae=0.4007 | weighted_f1=0.6555 | precision_macro=0.7007 | recall_macro=0.6681
 No improvement. Bad epochs: 15/15
 Early stopping triggered at epoch 23.

Loading best model (epoch=8, qwk=0.8219)

Test | loss=1.2932 | top1=68.84% | top2=90.46% | top3=99.09% | acc=68.84% | bal_acc=66.95% | macro_f1=0.6806 | qwk=0.8331 | mae=0.3678 | weighted_f1=0.6734 | precision_macro=0.7021 | recall_macro=0.6695
     ovr_roc_auc_macro=0.9045 | ovr_pr_auc_macro=0.7535
Checkpoint: /root/autodl-tmp/MedVisionLab/Knee/checkpoints/best_convnext_t_none_sord_ce_convnext_t_all_5seed_koa_baseline_sord_seed5.pt
