COMMAND: /root/miniconda3/envs/medvision/bin/python -u /root/autodl-tmp/MedVisionLab/tools/train_convnext_t_experiment.py --dataset koa --data-root /root/autodl-tmp/Knee_Osteoarthritis --attention none --loss dast --seed 1 --epochs 60 --patience 15 --batch-size 32 --image-size 224 --num-workers 4 --early-delta 0.0001 --base-lr 0.0001 --koa-backbone-lr 0.0001 --koa-head-lr 0.001 --weight-decay 0.0001 --dast-tau 1.0 --dast-gamma 2.0 --sord-tau 1.0 --label-smoothing 0.1 --run-tag convnext_t_all_5seed_koa_sensitivity_tau1p0_gamma2p0_seed1
==========================================================================================
Starting ConvNeXt-T experiment on KOA...
Using device: cuda
CUDA device: NVIDIA GeForce RTX 3090
Config | seed=1, attention=none, loss=dast, epochs=60, patience=15, batch_size=32, image_size=224, pretrained=True
Backbone: ConvNeXt-T | stage3=features[5] | stage3_channels=384
Data root: /root/autodl-tmp/Knee_Osteoarthritis
Class order: ['0_Normal', '1_Doubtful', '2_Mild', '3_Moderate', '4_Severe']
Split sizes | train=5778, valid=826, test=1656
Train class counts: [2286, 1046, 1516, 757, 173]
Optimizer: AdamW | backbone=0.0001, attention+head=0.001, weight_decay=0.0001
Trainable parameters: 27,823,973

Epoch 01/60 | Time 0m 50s
  Train | loss=0.8606 | top1=41.99% | top2=66.13% | top3=86.17%
  Valid | loss=0.7582 | top1=49.88% | top2=75.79% | top3=93.70% | acc=49.88% | bal_acc=31.62% | macro_f1=0.2876 | qwk=0.5688 | mae=0.7022 | weighted_f1=0.4333 | precision_macro=0.3165 | recall_macro=0.3162
 Validation improved. Saved best model (qwk=0.5688)

Epoch 02/60 | Time 0m 49s
  Train | loss=0.7123 | top1=55.30% | top2=81.22% | top3=96.12%
  Valid | loss=0.6547 | top1=59.44% | top2=85.71% | top3=97.58% | acc=59.44% | bal_acc=48.36% | macro_f1=0.4793 | qwk=0.7148 | mae=0.5291 | weighted_f1=0.5678 | precision_macro=0.6348 | recall_macro=0.4836
 Validation improved. Saved best model (qwk=0.7148)

Epoch 03/60 | Time 0m 49s
  Train | loss=0.6477 | top1=62.27% | top2=86.81% | top3=98.17%
  Valid | loss=0.6307 | top1=63.56% | top2=87.65% | top3=98.06% | acc=63.56% | bal_acc=61.85% | macro_f1=0.6278 | qwk=0.7883 | mae=0.4479 | weighted_f1=0.6186 | precision_macro=0.6655 | recall_macro=0.6185
 Validation improved. Saved best model (qwk=0.7883)

Epoch 04/60 | Time 0m 49s
  Train | loss=0.6152 | top1=66.08% | top2=89.06% | top3=98.94%
  Valid | loss=0.6160 | top1=66.10% | top2=89.47% | top3=98.79% | acc=66.10% | bal_acc=58.42% | macro_f1=0.5889 | qwk=0.7771 | mae=0.4358 | weighted_f1=0.6035 | precision_macro=0.7053 | recall_macro=0.5842
 No improvement. Bad epochs: 1/15

Epoch 05/60 | Time 0m 49s
  Train | loss=0.6022 | top1=67.58% | top2=89.93% | top3=98.94%
  Valid | loss=0.6086 | top1=66.46% | top2=88.01% | top3=98.18% | acc=66.46% | bal_acc=67.17% | macro_f1=0.6905 | qwk=0.8086 | mae=0.3947 | weighted_f1=0.6705 | precision_macro=0.7183 | recall_macro=0.6717
 Validation improved. Saved best model (qwk=0.8086)

Epoch 06/60 | Time 0m 49s
  Train | loss=0.5881 | top1=69.11% | top2=91.19% | top3=99.19%
  Valid | loss=0.6092 | top1=66.83% | top2=89.35% | top3=98.55% | acc=66.83% | bal_acc=66.82% | macro_f1=0.6729 | qwk=0.7958 | mae=0.4080 | weighted_f1=0.6606 | precision_macro=0.7009 | recall_macro=0.6682
 No improvement. Bad epochs: 1/15

Epoch 07/60 | Time 0m 49s
  Train | loss=0.5743 | top1=70.37% | top2=92.30% | top3=99.31%
  Valid | loss=0.6195 | top1=64.65% | top2=87.29% | top3=97.58% | acc=64.65% | bal_acc=70.36% | macro_f1=0.6938 | qwk=0.8065 | mae=0.4104 | weighted_f1=0.6570 | precision_macro=0.6996 | recall_macro=0.7036
 No improvement. Bad epochs: 2/15

Epoch 08/60 | Time 0m 49s
  Train | loss=0.5574 | top1=72.40% | top2=93.27% | top3=99.34%
  Valid | loss=0.6280 | top1=66.83% | top2=89.10% | top3=98.91% | acc=66.83% | bal_acc=64.78% | macro_f1=0.6637 | qwk=0.8037 | mae=0.4092 | weighted_f1=0.6426 | precision_macro=0.7067 | recall_macro=0.6478
 No improvement. Bad epochs: 3/15

Epoch 09/60 | Time 0m 49s
  Train | loss=0.5499 | top1=73.92% | top2=93.35% | top3=99.48%
  Valid | loss=0.6429 | top1=67.31% | top2=88.86% | top3=99.15% | acc=67.31% | bal_acc=65.99% | macro_f1=0.6847 | qwk=0.8093 | mae=0.3983 | weighted_f1=0.6613 | precision_macro=0.7301 | recall_macro=0.6599
 Validation improved. Saved best model (qwk=0.8093)

Epoch 10/60 | Time 0m 49s
  Train | loss=0.5363 | top1=76.08% | top2=94.24% | top3=99.60%
  Valid | loss=0.6123 | top1=66.59% | top2=88.26% | top3=98.67% | acc=66.59% | bal_acc=69.88% | macro_f1=0.6949 | qwk=0.8012 | mae=0.4019 | weighted_f1=0.6703 | precision_macro=0.7067 | recall_macro=0.6988
 No improvement. Bad epochs: 1/15

Epoch 11/60 | Time 0m 49s
  Train | loss=0.5243 | top1=77.97% | top2=95.26% | top3=99.64%
  Valid | loss=0.6247 | top1=64.53% | top2=88.14% | top3=97.09% | acc=64.53% | bal_acc=66.89% | macro_f1=0.6732 | qwk=0.8082 | mae=0.4104 | weighted_f1=0.6529 | precision_macro=0.6841 | recall_macro=0.6689
 No improvement. Bad epochs: 2/15

Epoch 12/60 | Time 0m 49s
  Train | loss=0.5121 | top1=79.60% | top2=95.67% | top3=99.67%
  Valid | loss=0.6547 | top1=66.34% | top2=88.14% | top3=98.91% | acc=66.34% | bal_acc=64.10% | macro_f1=0.6537 | qwk=0.7899 | mae=0.4274 | weighted_f1=0.6394 | precision_macro=0.6971 | recall_macro=0.6410
 No improvement. Bad epochs: 3/15

Epoch 13/60 | Time 0m 49s
  Train | loss=0.5053 | top1=80.24% | top2=96.14% | top3=99.78%
  Valid | loss=0.6450 | top1=68.40% | top2=90.07% | top3=98.43% | acc=68.40% | bal_acc=68.26% | macro_f1=0.6788 | qwk=0.8221 | mae=0.3850 | weighted_f1=0.6666 | precision_macro=0.6893 | recall_macro=0.6826
 Validation improved. Saved best model (qwk=0.8221)

Epoch 14/60 | Time 0m 49s
  Train | loss=0.4942 | top1=81.88% | top2=96.47% | top3=99.83%
  Valid | loss=0.6291 | top1=68.04% | top2=90.19% | top3=98.67% | acc=68.04% | bal_acc=66.68% | macro_f1=0.6700 | qwk=0.8177 | mae=0.3838 | weighted_f1=0.6644 | precision_macro=0.6908 | recall_macro=0.6668
 No improvement. Bad epochs: 1/15

Epoch 15/60 | Time 0m 49s
  Train | loss=0.4795 | top1=83.82% | top2=97.46% | top3=99.91%
  Valid | loss=0.6743 | top1=64.65% | top2=86.44% | top3=95.88% | acc=64.65% | bal_acc=68.54% | macro_f1=0.6776 | qwk=0.7990 | mae=0.4189 | weighted_f1=0.6531 | precision_macro=0.6799 | recall_macro=0.6854
 No improvement. Bad epochs: 2/15

Epoch 16/60 | Time 0m 49s
  Train | loss=0.4653 | top1=86.57% | top2=97.94% | top3=99.81%
  Valid | loss=0.6397 | top1=67.80% | top2=89.23% | top3=98.55% | acc=67.80% | bal_acc=68.13% | macro_f1=0.6904 | qwk=0.8197 | mae=0.3826 | weighted_f1=0.6726 | precision_macro=0.7033 | recall_macro=0.6813
 No improvement. Bad epochs: 3/15

Epoch 17/60 | Time 0m 49s
  Train | loss=0.4528 | top1=88.21% | top2=98.23% | top3=99.88%
  Valid | loss=0.6373 | top1=68.64% | top2=90.19% | top3=98.67% | acc=68.64% | bal_acc=68.98% | macro_f1=0.6990 | qwk=0.8276 | mae=0.3705 | weighted_f1=0.6841 | precision_macro=0.7114 | recall_macro=0.6898
 Validation improved. Saved best model (qwk=0.8276)

Epoch 18/60 | Time 0m 49s
  Train | loss=0.4375 | top1=90.55% | top2=98.84% | top3=99.91%
  Valid | loss=0.6424 | top1=67.55% | top2=91.16% | top3=98.67% | acc=67.55% | bal_acc=69.07% | macro_f1=0.7006 | qwk=0.8128 | mae=0.3886 | weighted_f1=0.6772 | precision_macro=0.7125 | recall_macro=0.6907
 No improvement. Bad epochs: 1/15

Epoch 19/60 | Time 0m 49s
  Train | loss=0.4284 | top1=92.45% | top2=99.15% | top3=99.91%
  Valid | loss=0.6830 | top1=66.34% | top2=89.71% | top3=98.79% | acc=66.34% | bal_acc=65.26% | macro_f1=0.6528 | qwk=0.8083 | mae=0.4092 | weighted_f1=0.6466 | precision_macro=0.6680 | recall_macro=0.6526
 No improvement. Bad epochs: 2/15

Epoch 20/60 | Time 0m 49s
  Train | loss=0.4195 | top1=93.16% | top2=99.36% | top3=99.97%
  Valid | loss=0.6933 | top1=67.43% | top2=89.83% | top3=98.43% | acc=67.43% | bal_acc=67.06% | macro_f1=0.6717 | qwk=0.8134 | mae=0.3983 | weighted_f1=0.6587 | precision_macro=0.6831 | recall_macro=0.6706
 No improvement. Bad epochs: 3/15

Epoch 21/60 | Time 0m 49s
  Train | loss=0.4152 | top1=93.79% | top2=99.45% | top3=100.00%
  Valid | loss=0.6679 | top1=67.80% | top2=90.07% | top3=98.79% | acc=67.80% | bal_acc=67.88% | macro_f1=0.6888 | qwk=0.8177 | mae=0.3850 | weighted_f1=0.6730 | precision_macro=0.7037 | recall_macro=0.6788
 No improvement. Bad epochs: 4/15

Epoch 22/60 | Time 0m 49s
  Train | loss=0.4108 | top1=94.43% | top2=99.52% | top3=100.00%
  Valid | loss=0.6579 | top1=67.68% | top2=89.71% | top3=97.82% | acc=67.68% | bal_acc=69.32% | macro_f1=0.6977 | qwk=0.8090 | mae=0.3910 | weighted_f1=0.6773 | precision_macro=0.7031 | recall_macro=0.6932
 No improvement. Bad epochs: 5/15

Epoch 23/60 | Time 0m 49s
  Train | loss=0.3994 | top1=96.26% | top2=99.57% | top3=100.00%
  Valid | loss=0.6818 | top1=65.13% | top2=88.62% | top3=97.22% | acc=65.13% | bal_acc=68.39% | macro_f1=0.6905 | qwk=0.8076 | mae=0.4080 | weighted_f1=0.6587 | precision_macro=0.7010 | recall_macro=0.6839
 No improvement. Bad epochs: 6/15

Epoch 24/60 | Time 0m 49s
  Train | loss=0.4006 | top1=95.95% | top2=99.55% | top3=99.97%
  Valid | loss=0.6967 | top1=66.10% | top2=89.35% | top3=97.94% | acc=66.10% | bal_acc=66.99% | macro_f1=0.6583 | qwk=0.8088 | mae=0.4104 | weighted_f1=0.6490 | precision_macro=0.6543 | recall_macro=0.6699
 No improvement. Bad epochs: 7/15

Epoch 25/60 | Time 0m 49s
  Train | loss=0.3948 | top1=96.52% | top2=99.74% | top3=100.00%
  Valid | loss=0.6638 | top1=67.68% | top2=90.56% | top3=98.06% | acc=67.68% | bal_acc=67.80% | macro_f1=0.6904 | qwk=0.8193 | mae=0.3838 | weighted_f1=0.6731 | precision_macro=0.7067 | recall_macro=0.6780
 No improvement. Bad epochs: 8/15

Epoch 26/60 | Time 0m 49s
  Train | loss=0.3934 | top1=96.87% | top2=99.67% | top3=99.98%
  Valid | loss=0.6762 | top1=66.95% | top2=90.19% | top3=98.55% | acc=66.95% | bal_acc=67.64% | macro_f1=0.6920 | qwk=0.8109 | mae=0.3923 | weighted_f1=0.6709 | precision_macro=0.7138 | recall_macro=0.6764
 No improvement. Bad epochs: 9/15

Epoch 27/60 | Time 0m 49s
  Train | loss=0.3858 | top1=97.73% | top2=99.76% | top3=100.00%
  Valid | loss=0.6855 | top1=68.64% | top2=87.89% | top3=97.09% | acc=68.64% | bal_acc=69.21% | macro_f1=0.6953 | qwk=0.8100 | mae=0.3862 | weighted_f1=0.6800 | precision_macro=0.7049 | recall_macro=0.6921
 No improvement. Bad epochs: 10/15

Epoch 28/60 | Time 0m 49s
  Train | loss=0.3830 | top1=98.04% | top2=99.79% | top3=99.98%
  Valid | loss=0.6775 | top1=67.43% | top2=88.62% | top3=97.46% | acc=67.43% | bal_acc=68.62% | macro_f1=0.7002 | qwk=0.8147 | mae=0.3862 | weighted_f1=0.6753 | precision_macro=0.7179 | recall_macro=0.6862
 No improvement. Bad epochs: 11/15

Epoch 29/60 | Time 0m 49s
  Train | loss=0.3867 | top1=97.61% | top2=99.71% | top3=99.93%
  Valid | loss=0.7231 | top1=67.80% | top2=89.10% | top3=97.94% | acc=67.80% | bal_acc=67.55% | macro_f1=0.6905 | qwk=0.8003 | mae=0.4056 | weighted_f1=0.6608 | precision_macro=0.7205 | recall_macro=0.6755
 No improvement. Bad epochs: 12/15

Epoch 30/60 | Time 0m 49s
  Train | loss=0.3841 | top1=97.78% | top2=99.81% | top3=100.00%
  Valid | loss=0.6807 | top1=66.71% | top2=88.14% | top3=96.49% | acc=66.71% | bal_acc=68.40% | macro_f1=0.6844 | qwk=0.8038 | mae=0.4031 | weighted_f1=0.6648 | precision_macro=0.6889 | recall_macro=0.6840
 No improvement. Bad epochs: 13/15

Epoch 31/60 | Time 0m 49s
  Train | loss=0.3777 | top1=98.46% | top2=99.90% | top3=100.00%
  Valid | loss=0.6896 | top1=66.59% | top2=87.65% | top3=97.82% | acc=66.59% | bal_acc=67.20% | macro_f1=0.6819 | qwk=0.8072 | mae=0.4007 | weighted_f1=0.6645 | precision_macro=0.6961 | recall_macro=0.6720
 No improvement. Bad epochs: 14/15

Epoch 32/60 | Time 0m 49s
  Train | loss=0.3766 | top1=98.53% | top2=99.91% | top3=99.98%
  Valid | loss=0.6850 | top1=66.59% | top2=89.10% | top3=97.46% | acc=66.59% | bal_acc=68.09% | macro_f1=0.6833 | qwk=0.8108 | mae=0.4019 | weighted_f1=0.6581 | precision_macro=0.6884 | recall_macro=0.6809
 No improvement. Bad epochs: 15/15
 Early stopping triggered at epoch 32.

Loading best model (epoch=17, qwk=0.8276)

Test | loss=0.6384 | top1=68.84% | top2=89.86% | top3=98.97% | acc=68.84% | bal_acc=67.95% | macro_f1=0.6925 | qwk=0.8321 | mae=0.3678 | weighted_f1=0.6799 | precision_macro=0.7110 | recall_macro=0.6795
     ovr_roc_auc_macro=0.8995 | ovr_pr_auc_macro=0.7492
Checkpoint: /root/autodl-tmp/MedVisionLab/Knee/checkpoints/best_convnext_t_none_dast_convnext_t_all_5seed_koa_sensitivity_tau1p0_gamma2p0_seed1.pt
