COMMAND: /root/miniconda3/envs/medvision/bin/python -u /root/autodl-tmp/MedVisionLab/tools/train_convnext_t_experiment.py --dataset adni --data-root /root/autodl-tmp/Augmented_Alzheimer_MRI/OriginalDataset --attention none --loss ce --seed 9 --epochs 40 --patience 7 --batch-size 32 --image-size 224 --num-workers 2 --early-delta 0.0001 --base-lr 0.0001 --koa-backbone-lr 0.0001 --koa-head-lr 0.001 --weight-decay 0.0001 --dast-tau 1.0 --dast-gamma 1.5 --sord-tau 1.0 --label-smoothing 0.1 --run-tag convnext_t_baseline_ce_rerun_5seed_adni_baseline_ce_seed9
==========================================================================================
Starting ConvNeXt-T experiment on ADNI...
Using device: cuda
CUDA device: NVIDIA GeForce RTX 4090
Config | seed=9, attention=none, loss=ce, epochs=40, patience=7, batch_size=32, image_size=224, pretrained=True
Backbone: ConvNeXt-T | stage3=features[5] | stage3_channels=384
Data root: /root/autodl-tmp/Augmented_Alzheimer_MRI/OriginalDataset
Class order: ['NonDemented', 'VeryMildDemented', 'MildDemented', 'ModerateDemented']
Split sizes | train=4608, valid=512, test=1280
Train class counts: [2304, 1613, 645, 46]
Optimizer: matched progressive Adam | stem=1e-05, stage1=1.25e-05, downsample1=1.6666667e-05, stage2=1.6666667e-05, downsample2=2.5e-05, stage3=2.5e-05, downsample3=5e-05, stage4=5e-05, norm=0.0001, head=0.0001
Trainable parameters: 27,823,204

Epoch 01/40 | Time 0m 16s
  Train | loss=1.1242 | top1=48.03% | top2=80.49% | top3=97.22%
  Valid | loss=0.9907 | top1=55.47% | top2=84.96% | top3=99.02% | acc=55.47% | bal_acc=30.55% | macro_f1=0.2783 | qwk=0.1442 | mae=0.5547 | weighted_f1=0.4918 | precision_macro=0.2697 | recall_macro=0.3055
 Validation improved. Saved best model (macro_f1=0.2783)

Epoch 02/40 | Time 0m 16s
  Train | loss=0.9218 | top1=56.84% | top2=85.76% | top3=99.00%
  Valid | loss=0.8489 | top1=58.20% | top2=88.48% | top3=99.02% | acc=58.20% | bal_acc=33.21% | macro_f1=0.3176 | qwk=0.3608 | mae=0.4727 | weighted_f1=0.5317 | precision_macro=0.5237 | recall_macro=0.3321
 Validation improved. Saved best model (macro_f1=0.3176)

Epoch 03/40 | Time 0m 16s
  Train | loss=0.7929 | top1=63.09% | top2=89.41% | top3=99.02%
  Valid | loss=0.7466 | top1=65.04% | top2=90.82% | top3=99.02% | acc=65.04% | bal_acc=39.54% | macro_f1=0.4020 | qwk=0.4792 | mae=0.3984 | weighted_f1=0.6136 | precision_macro=0.5171 | recall_macro=0.3954
 Validation improved. Saved best model (macro_f1=0.4020)

Epoch 04/40 | Time 0m 16s
  Train | loss=0.6723 | top1=69.90% | top2=92.10% | top3=99.35%
  Valid | loss=0.5481 | top1=76.17% | top2=96.88% | top3=100.00% | acc=76.17% | bal_acc=66.11% | macro_f1=0.7015 | qwk=0.7068 | mae=0.2695 | weighted_f1=0.7556 | precision_macro=0.8128 | recall_macro=0.6611
 Validation improved. Saved best model (macro_f1=0.7015)

Epoch 05/40 | Time 0m 16s
  Train | loss=0.4690 | top1=81.21% | top2=96.29% | top3=99.80%
  Valid | loss=0.4244 | top1=84.18% | top2=98.05% | top3=100.00% | acc=84.18% | bal_acc=74.86% | macro_f1=0.7626 | qwk=0.8159 | mae=0.1797 | weighted_f1=0.8396 | precision_macro=0.8606 | recall_macro=0.7486
 Validation improved. Saved best model (macro_f1=0.7626)

Epoch 06/40 | Time 0m 16s
  Train | loss=0.3064 | top1=88.61% | top2=98.33% | top3=99.89%
  Valid | loss=0.3649 | top1=85.16% | top2=98.63% | top3=100.00% | acc=85.16% | bal_acc=85.45% | macro_f1=0.8383 | qwk=0.8121 | mae=0.1797 | weighted_f1=0.8563 | precision_macro=0.8657 | recall_macro=0.8545
 Validation improved. Saved best model (macro_f1=0.8383)

Epoch 07/40 | Time 0m 16s
  Train | loss=0.2215 | top1=91.93% | top2=99.13% | top3=99.98%
  Valid | loss=0.1700 | top1=94.73% | top2=99.80% | top3=100.00% | acc=94.73% | bal_acc=91.83% | macro_f1=0.9328 | qwk=0.9435 | mae=0.0566 | weighted_f1=0.9471 | precision_macro=0.9541 | recall_macro=0.9183
 Validation improved. Saved best model (macro_f1=0.9328)

Epoch 08/40 | Time 0m 16s
  Train | loss=0.1439 | top1=95.72% | top2=99.48% | top3=99.98%
  Valid | loss=0.1359 | top1=95.31% | top2=99.80% | top3=100.00% | acc=95.31% | bal_acc=91.38% | macro_f1=0.9374 | qwk=0.9427 | mae=0.0527 | weighted_f1=0.9529 | precision_macro=0.9672 | recall_macro=0.9138
 Validation improved. Saved best model (macro_f1=0.9374)

Epoch 09/40 | Time 0m 16s
  Train | loss=0.1207 | top1=95.86% | top2=99.70% | top3=99.98%
  Valid | loss=0.1010 | top1=96.09% | top2=99.61% | top3=100.00% | acc=96.09% | bal_acc=97.67% | macro_f1=0.9740 | qwk=0.9604 | mae=0.0410 | weighted_f1=0.9609 | precision_macro=0.9714 | recall_macro=0.9767
 Validation improved. Saved best model (macro_f1=0.9740)

Epoch 10/40 | Time 0m 16s
  Train | loss=0.0868 | top1=97.22% | top2=99.83% | top3=99.96%
  Valid | loss=0.1967 | top1=93.55% | top2=99.61% | top3=100.00% | acc=93.55% | bal_acc=95.31% | macro_f1=0.9442 | qwk=0.9353 | mae=0.0684 | weighted_f1=0.9347 | precision_macro=0.9414 | recall_macro=0.9531
 No improvement. Bad epochs: 1/7

Epoch 11/40 | Time 0m 16s
  Train | loss=0.0666 | top1=97.63% | top2=99.87% | top3=99.98%
  Valid | loss=0.1507 | top1=95.90% | top2=99.61% | top3=100.00% | acc=95.90% | bal_acc=97.49% | macro_f1=0.9730 | qwk=0.9582 | mae=0.0430 | weighted_f1=0.9591 | precision_macro=0.9716 | recall_macro=0.9749
 No improvement. Bad epochs: 2/7

Epoch 12/40 | Time 0m 16s
  Train | loss=0.0741 | top1=97.50% | top2=99.83% | top3=100.00%
  Valid | loss=0.0799 | top1=98.05% | top2=99.61% | top3=100.00% | acc=98.05% | bal_acc=98.81% | macro_f1=0.9861 | qwk=0.9725 | mae=0.0234 | weighted_f1=0.9805 | precision_macro=0.9841 | recall_macro=0.9881
 Validation improved. Saved best model (macro_f1=0.9861)

Epoch 13/40 | Time 0m 16s
  Train | loss=0.0449 | top1=98.63% | top2=99.87% | top3=100.00%
  Valid | loss=0.0898 | top1=97.07% | top2=99.80% | top3=100.00% | acc=97.07% | bal_acc=97.04% | macro_f1=0.9749 | qwk=0.9633 | mae=0.0332 | weighted_f1=0.9706 | precision_macro=0.9798 | recall_macro=0.9704
 No improvement. Bad epochs: 1/7

Epoch 14/40 | Time 0m 16s
  Train | loss=0.0418 | top1=98.74% | top2=99.87% | top3=100.00%
  Valid | loss=0.0737 | top1=98.83% | top2=99.80% | top3=100.00% | acc=98.83% | bal_acc=99.25% | macro_f1=0.9918 | qwk=0.9845 | mae=0.0137 | weighted_f1=0.9883 | precision_macro=0.9913 | recall_macro=0.9925
 Validation improved. Saved best model (macro_f1=0.9918)

Epoch 15/40 | Time 0m 16s
  Train | loss=0.0342 | top1=99.15% | top2=99.93% | top3=100.00%
  Valid | loss=0.0602 | top1=98.44% | top2=99.61% | top3=100.00% | acc=98.44% | bal_acc=99.09% | macro_f1=0.9883 | qwk=0.9810 | mae=0.0176 | weighted_f1=0.9844 | precision_macro=0.9857 | recall_macro=0.9909
 No improvement. Bad epochs: 1/7

Epoch 16/40 | Time 0m 16s
  Train | loss=0.0308 | top1=99.07% | top2=99.98% | top3=100.00%
  Valid | loss=0.0801 | top1=97.66% | top2=100.00% | top3=100.00% | acc=97.66% | bal_acc=97.83% | macro_f1=0.9821 | qwk=0.9739 | mae=0.0254 | weighted_f1=0.9765 | precision_macro=0.9862 | recall_macro=0.9783
 No improvement. Bad epochs: 2/7

Epoch 17/40 | Time 0m 16s
  Train | loss=0.0288 | top1=99.15% | top2=99.93% | top3=100.00%
  Valid | loss=0.0693 | top1=98.05% | top2=99.80% | top3=100.00% | acc=98.05% | bal_acc=98.73% | macro_f1=0.9871 | qwk=0.9776 | mae=0.0215 | weighted_f1=0.9804 | precision_macro=0.9870 | recall_macro=0.9873
 No improvement. Bad epochs: 3/7

Epoch 18/40 | Time 0m 16s
  Train | loss=0.0280 | top1=99.11% | top2=99.98% | top3=99.98%
  Valid | loss=0.0565 | top1=98.24% | top2=99.80% | top3=100.00% | acc=98.24% | bal_acc=98.79% | macro_f1=0.9881 | qwk=0.9843 | mae=0.0176 | weighted_f1=0.9825 | precision_macro=0.9885 | recall_macro=0.9879
 No improvement. Bad epochs: 4/7

Epoch 19/40 | Time 0m 16s
  Train | loss=0.0258 | top1=99.35% | top2=99.93% | top3=100.00%
  Valid | loss=0.0569 | top1=98.24% | top2=99.80% | top3=100.00% | acc=98.24% | bal_acc=98.75% | macro_f1=0.9871 | qwk=0.9792 | mae=0.0195 | weighted_f1=0.9824 | precision_macro=0.9867 | recall_macro=0.9875
 No improvement. Bad epochs: 5/7

Epoch 20/40 | Time 0m 16s
  Train | loss=0.0250 | top1=99.28% | top2=99.98% | top3=100.00%
  Valid | loss=0.0828 | top1=98.24% | top2=99.80% | top3=100.00% | acc=98.24% | bal_acc=98.79% | macro_f1=0.9881 | qwk=0.9843 | mae=0.0176 | weighted_f1=0.9825 | precision_macro=0.9885 | recall_macro=0.9879
 No improvement. Bad epochs: 6/7

Epoch 21/40 | Time 0m 16s
  Train | loss=0.0209 | top1=99.35% | top2=99.98% | top3=100.00%
  Valid | loss=0.0602 | top1=98.05% | top2=99.80% | top3=99.80% | acc=98.05% | bal_acc=98.81% | macro_f1=0.9648 | qwk=0.9726 | mae=0.0234 | weighted_f1=0.9805 | precision_macro=0.9454 | recall_macro=0.9881
 No improvement. Bad epochs: 7/7
 Early stopping triggered at epoch 21.

Loading best model (epoch=14, macro_f1=0.9918)

Test | loss=0.0525 | top1=97.97% | top2=99.92% | top3=100.00% | acc=97.97% | bal_acc=98.48% | macro_f1=0.9827 | qwk=0.9822 | mae=0.0203 | weighted_f1=0.9797 | precision_macro=0.9807 | recall_macro=0.9848
     ovr_roc_auc_macro=0.9994 | ovr_pr_auc_macro=0.9988
Checkpoint: /root/autodl-tmp/MedVisionLab/Alzheimer_MRI_Loss/checkpoints/best_convnext_t_none_ce_convnext_t_baseline_ce_rerun_5seed_adni_baseline_ce_seed9.pt
