COMMAND: /root/miniconda3/envs/medvision/bin/python -u /root/autodl-tmp/MedVisionLab/tools/train_convnext_t_experiment.py --dataset adni --data-root /root/autodl-tmp/Augmented_Alzheimer_MRI/OriginalDataset --attention none --loss ce --seed 1 --epochs 40 --patience 7 --batch-size 32 --image-size 224 --num-workers 2 --early-delta 0.0001 --base-lr 0.0001 --koa-backbone-lr 0.0001 --koa-head-lr 0.001 --weight-decay 0.0001 --dast-tau 1.0 --dast-gamma 1.5 --sord-tau 1.0 --label-smoothing 0.1 --run-tag convnext_t_baseline_ce_rerun_5seed_adni_baseline_ce_seed1
==========================================================================================
Starting ConvNeXt-T experiment on ADNI...
Using device: cuda
CUDA device: NVIDIA GeForce RTX 4090
Config | seed=1, attention=none, loss=ce, epochs=40, patience=7, batch_size=32, image_size=224, pretrained=True
Backbone: ConvNeXt-T | stage3=features[5] | stage3_channels=384
Data root: /root/autodl-tmp/Augmented_Alzheimer_MRI/OriginalDataset
Class order: ['NonDemented', 'VeryMildDemented', 'MildDemented', 'ModerateDemented']
Split sizes | train=4608, valid=512, test=1280
Train class counts: [2304, 1613, 645, 46]
Optimizer: matched progressive Adam | stem=1e-05, stage1=1.25e-05, downsample1=1.6666667e-05, stage2=1.6666667e-05, downsample2=2.5e-05, stage3=2.5e-05, downsample3=5e-05, stage4=5e-05, norm=0.0001, head=0.0001
Trainable parameters: 27,823,204

Epoch 01/40 | Time 0m 16s
  Train | loss=1.1015 | top1=46.14% | top2=83.22% | top3=97.79%
  Valid | loss=0.9790 | top1=55.47% | top2=84.96% | top3=99.02% | acc=55.47% | bal_acc=31.14% | macro_f1=0.2854 | qwk=0.2533 | mae=0.5137 | weighted_f1=0.5032 | precision_macro=0.2652 | recall_macro=0.3114
 Validation improved. Saved best model (macro_f1=0.2854)

Epoch 02/40 | Time 0m 16s
  Train | loss=0.9121 | top1=55.95% | top2=86.59% | top3=99.00%
  Valid | loss=0.8254 | top1=59.57% | top2=89.06% | top3=99.02% | acc=59.57% | bal_acc=37.03% | macro_f1=0.3701 | qwk=0.4311 | mae=0.4375 | weighted_f1=0.5758 | precision_macro=0.4730 | recall_macro=0.3703
 Validation improved. Saved best model (macro_f1=0.3701)

Epoch 03/40 | Time 0m 16s
  Train | loss=0.7942 | top1=63.32% | top2=89.67% | top3=99.00%
  Valid | loss=0.7226 | top1=67.77% | top2=91.21% | top3=99.02% | acc=67.77% | bal_acc=46.96% | macro_f1=0.4783 | qwk=0.6220 | mae=0.3340 | weighted_f1=0.6772 | precision_macro=0.5231 | recall_macro=0.4696
 Validation improved. Saved best model (macro_f1=0.4783)

Epoch 04/40 | Time 0m 16s
  Train | loss=0.6421 | top1=72.40% | top2=93.38% | top3=99.26%
  Valid | loss=0.5370 | top1=77.15% | top2=95.51% | top3=99.41% | acc=77.15% | bal_acc=56.80% | macro_f1=0.5566 | qwk=0.6862 | mae=0.2676 | weighted_f1=0.7649 | precision_macro=0.5524 | recall_macro=0.5680
 Validation improved. Saved best model (macro_f1=0.5566)

Epoch 05/40 | Time 0m 16s
  Train | loss=0.4769 | top1=80.03% | top2=96.33% | top3=99.76%
  Valid | loss=0.3762 | top1=85.55% | top2=98.44% | top3=99.61% | acc=85.55% | bal_acc=84.78% | macro_f1=0.8526 | qwk=0.8372 | mae=0.1602 | weighted_f1=0.8562 | precision_macro=0.8691 | recall_macro=0.8478
 Validation improved. Saved best model (macro_f1=0.8526)

Epoch 06/40 | Time 0m 16s
  Train | loss=0.3163 | top1=87.78% | top2=98.24% | top3=99.98%
  Valid | loss=0.2776 | top1=88.87% | top2=99.02% | top3=99.80% | acc=88.87% | bal_acc=90.51% | macro_f1=0.9172 | qwk=0.8753 | mae=0.1211 | weighted_f1=0.8870 | precision_macro=0.9355 | recall_macro=0.9051
 Validation improved. Saved best model (macro_f1=0.9172)

Epoch 07/40 | Time 0m 16s
  Train | loss=0.1997 | top1=93.34% | top2=99.33% | top3=100.00%
  Valid | loss=0.1737 | top1=93.36% | top2=99.02% | top3=100.00% | acc=93.36% | bal_acc=95.43% | macro_f1=0.9060 | qwk=0.9126 | mae=0.0781 | weighted_f1=0.9341 | precision_macro=0.8707 | recall_macro=0.9543
 No improvement. Bad epochs: 1/7

Epoch 08/40 | Time 0m 16s
  Train | loss=0.1424 | top1=95.14% | top2=99.61% | top3=99.98%
  Valid | loss=0.1509 | top1=95.90% | top2=99.61% | top3=100.00% | acc=95.90% | bal_acc=97.07% | macro_f1=0.9655 | qwk=0.9593 | mae=0.0430 | weighted_f1=0.9588 | precision_macro=0.9615 | recall_macro=0.9707
 Validation improved. Saved best model (macro_f1=0.9655)

Epoch 09/40 | Time 0m 16s
  Train | loss=0.0981 | top1=96.68% | top2=99.76% | top3=99.98%
  Valid | loss=0.0946 | top1=97.46% | top2=99.80% | top3=100.00% | acc=97.46% | bal_acc=98.27% | macro_f1=0.9577 | qwk=0.9778 | mae=0.0254 | weighted_f1=0.9747 | precision_macro=0.9365 | recall_macro=0.9827
 No improvement. Bad epochs: 1/7

Epoch 10/40 | Time 0m 16s
  Train | loss=0.0826 | top1=97.57% | top2=99.78% | top3=100.00%
  Valid | loss=0.0792 | top1=97.66% | top2=100.00% | top3=100.00% | acc=97.66% | bal_acc=98.66% | macro_f1=0.9858 | qwk=0.9792 | mae=0.0234 | weighted_f1=0.9766 | precision_macro=0.9851 | recall_macro=0.9866
 Validation improved. Saved best model (macro_f1=0.9858)

Epoch 11/40 | Time 0m 16s
  Train | loss=0.0740 | top1=97.59% | top2=99.91% | top3=100.00%
  Valid | loss=0.0733 | top1=97.07% | top2=100.00% | top3=100.00% | acc=97.07% | bal_acc=97.53% | macro_f1=0.9788 | qwk=0.9634 | mae=0.0332 | weighted_f1=0.9707 | precision_macro=0.9825 | recall_macro=0.9753
 No improvement. Bad epochs: 1/7

Epoch 12/40 | Time 0m 16s
  Train | loss=0.0464 | top1=98.48% | top2=99.89% | top3=100.00%
  Valid | loss=0.0617 | top1=98.24% | top2=100.00% | top3=100.00% | acc=98.24% | bal_acc=98.87% | macro_f1=0.9882 | qwk=0.9843 | mae=0.0176 | weighted_f1=0.9825 | precision_macro=0.9880 | recall_macro=0.9887
 Validation improved. Saved best model (macro_f1=0.9882)

Epoch 13/40 | Time 0m 16s
  Train | loss=0.0442 | top1=98.68% | top2=99.91% | top3=100.00%
  Valid | loss=0.0552 | top1=97.66% | top2=99.80% | top3=100.00% | acc=97.66% | bal_acc=98.28% | macro_f1=0.9847 | qwk=0.9740 | mae=0.0254 | weighted_f1=0.9766 | precision_macro=0.9866 | recall_macro=0.9828
 No improvement. Bad epochs: 1/7

Epoch 14/40 | Time 0m 16s
  Train | loss=0.0465 | top1=98.42% | top2=99.93% | top3=100.00%
  Valid | loss=0.1409 | top1=96.29% | top2=99.61% | top3=100.00% | acc=96.29% | bal_acc=97.47% | macro_f1=0.9759 | qwk=0.9674 | mae=0.0371 | weighted_f1=0.9626 | precision_macro=0.9781 | recall_macro=0.9747
 No improvement. Bad epochs: 2/7

Epoch 15/40 | Time 0m 16s
  Train | loss=0.0365 | top1=98.96% | top2=99.91% | top3=100.00%
  Valid | loss=0.0439 | top1=98.63% | top2=100.00% | top3=100.00% | acc=98.63% | bal_acc=99.11% | macro_f1=0.9904 | qwk=0.9879 | mae=0.0137 | weighted_f1=0.9863 | precision_macro=0.9899 | recall_macro=0.9911
 Validation improved. Saved best model (macro_f1=0.9904)

Epoch 16/40 | Time 0m 16s
  Train | loss=0.0346 | top1=98.94% | top2=99.91% | top3=100.00%
  Valid | loss=0.0285 | top1=99.22% | top2=100.00% | top3=100.00% | acc=99.22% | bal_acc=99.53% | macro_f1=0.9953 | qwk=0.9931 | mae=0.0078 | weighted_f1=0.9922 | precision_macro=0.9953 | recall_macro=0.9953
 Validation improved. Saved best model (macro_f1=0.9953)

Epoch 17/40 | Time 0m 16s
  Train | loss=0.0332 | top1=99.15% | top2=99.96% | top3=100.00%
  Valid | loss=0.0442 | top1=98.24% | top2=100.00% | top3=100.00% | acc=98.24% | bal_acc=98.83% | macro_f1=0.9881 | qwk=0.9843 | mae=0.0176 | weighted_f1=0.9825 | precision_macro=0.9882 | recall_macro=0.9883
 No improvement. Bad epochs: 1/7

Epoch 18/40 | Time 0m 16s
  Train | loss=0.0178 | top1=99.63% | top2=99.96% | top3=100.00%
  Valid | loss=0.0413 | top1=98.83% | top2=100.00% | top3=100.00% | acc=98.83% | bal_acc=99.12% | macro_f1=0.9917 | qwk=0.9896 | mae=0.0117 | weighted_f1=0.9883 | precision_macro=0.9922 | recall_macro=0.9912
 No improvement. Bad epochs: 2/7

Epoch 19/40 | Time 0m 16s
  Train | loss=0.0199 | top1=99.35% | top2=100.00% | top3=100.00%
  Valid | loss=0.0608 | top1=98.24% | top2=100.00% | top3=100.00% | acc=98.24% | bal_acc=98.74% | macro_f1=0.9880 | qwk=0.9845 | mae=0.0176 | weighted_f1=0.9823 | precision_macro=0.9890 | recall_macro=0.9874
 No improvement. Bad epochs: 3/7

Epoch 20/40 | Time 0m 16s
  Train | loss=0.0175 | top1=99.54% | top2=99.96% | top3=100.00%
  Valid | loss=0.0632 | top1=97.85% | top2=100.00% | top3=100.00% | acc=97.85% | bal_acc=98.09% | macro_f1=0.9846 | qwk=0.9757 | mae=0.0234 | weighted_f1=0.9785 | precision_macro=0.9886 | recall_macro=0.9809
 No improvement. Bad epochs: 4/7

Epoch 21/40 | Time 0m 16s
  Train | loss=0.0267 | top1=99.26% | top2=99.98% | top3=100.00%
  Valid | loss=0.0291 | top1=99.02% | top2=100.00% | top3=100.00% | acc=99.02% | bal_acc=99.43% | macro_f1=0.9941 | qwk=0.9913 | mae=0.0098 | weighted_f1=0.9902 | precision_macro=0.9939 | recall_macro=0.9943
 No improvement. Bad epochs: 5/7

Epoch 22/40 | Time 0m 16s
  Train | loss=0.0170 | top1=99.41% | top2=99.98% | top3=100.00%
  Valid | loss=0.0181 | top1=99.41% | top2=100.00% | top3=100.00% | acc=99.41% | bal_acc=99.67% | macro_f1=0.9964 | qwk=0.9948 | mae=0.0059 | weighted_f1=0.9941 | precision_macro=0.9962 | recall_macro=0.9967
 Validation improved. Saved best model (macro_f1=0.9964)

Epoch 23/40 | Time 0m 16s
  Train | loss=0.0154 | top1=99.57% | top2=99.98% | top3=100.00%
  Valid | loss=0.0431 | top1=98.63% | top2=100.00% | top3=100.00% | acc=98.63% | bal_acc=99.06% | macro_f1=0.9917 | qwk=0.9879 | mae=0.0137 | weighted_f1=0.9863 | precision_macro=0.9928 | recall_macro=0.9906
 No improvement. Bad epochs: 1/7

Epoch 24/40 | Time 0m 16s
  Train | loss=0.0142 | top1=99.59% | top2=99.98% | top3=100.00%
  Valid | loss=0.0195 | top1=99.41% | top2=100.00% | top3=100.00% | acc=99.41% | bal_acc=99.67% | macro_f1=0.9964 | qwk=0.9948 | mae=0.0059 | weighted_f1=0.9941 | precision_macro=0.9962 | recall_macro=0.9967
 No improvement. Bad epochs: 2/7

Epoch 25/40 | Time 0m 16s
  Train | loss=0.0135 | top1=99.59% | top2=99.98% | top3=100.00%
  Valid | loss=0.0312 | top1=99.41% | top2=100.00% | top3=100.00% | acc=99.41% | bal_acc=99.71% | macro_f1=0.9964 | qwk=0.9948 | mae=0.0059 | weighted_f1=0.9941 | precision_macro=0.9959 | recall_macro=0.9971
 No improvement. Bad epochs: 3/7

Epoch 26/40 | Time 0m 16s
  Train | loss=0.0153 | top1=99.61% | top2=99.91% | top3=99.98%
  Valid | loss=0.0265 | top1=99.22% | top2=100.00% | top3=100.00% | acc=99.22% | bal_acc=99.44% | macro_f1=0.9952 | qwk=0.9931 | mae=0.0078 | weighted_f1=0.9922 | precision_macro=0.9962 | recall_macro=0.9944
 No improvement. Bad epochs: 4/7

Epoch 27/40 | Time 0m 16s
  Train | loss=0.0124 | top1=99.59% | top2=99.98% | top3=100.00%
  Valid | loss=0.0412 | top1=98.83% | top2=100.00% | top3=100.00% | acc=98.83% | bal_acc=99.16% | macro_f1=0.9928 | qwk=0.9896 | mae=0.0117 | weighted_f1=0.9882 | precision_macro=0.9943 | recall_macro=0.9916
 No improvement. Bad epochs: 5/7

Epoch 28/40 | Time 0m 16s
  Train | loss=0.0115 | top1=99.63% | top2=100.00% | top3=100.00%
  Valid | loss=0.0152 | top1=99.41% | top2=100.00% | top3=100.00% | acc=99.41% | bal_acc=99.62% | macro_f1=0.9964 | qwk=0.9948 | mae=0.0059 | weighted_f1=0.9941 | precision_macro=0.9966 | recall_macro=0.9962
 No improvement. Bad epochs: 6/7

Epoch 29/40 | Time 0m 16s
  Train | loss=0.0084 | top1=99.83% | top2=99.98% | top3=100.00%
  Valid | loss=0.0185 | top1=99.22% | top2=100.00% | top3=100.00% | acc=99.22% | bal_acc=99.48% | macro_f1=0.9952 | qwk=0.9931 | mae=0.0078 | weighted_f1=0.9922 | precision_macro=0.9957 | recall_macro=0.9948
 No improvement. Bad epochs: 7/7
 Early stopping triggered at epoch 29.

Loading best model (epoch=22, macro_f1=0.9964)

Test | loss=0.0253 | top1=99.14% | top2=99.92% | top3=100.00% | acc=99.14% | bal_acc=99.22% | macro_f1=0.9934 | qwk=0.9903 | mae=0.0094 | weighted_f1=0.9914 | precision_macro=0.9946 | recall_macro=0.9922
     ovr_roc_auc_macro=0.9998 | ovr_pr_auc_macro=0.9995
Checkpoint: /root/autodl-tmp/MedVisionLab/Alzheimer_MRI_Loss/checkpoints/best_convnext_t_none_ce_convnext_t_baseline_ce_rerun_5seed_adni_baseline_ce_seed1.pt
