COMMAND: /root/miniconda3/envs/medvision/bin/python -u /root/autodl-tmp/MedVisionLab/tools/train_convnext_t_experiment.py --dataset koa --data-root /root/autodl-tmp/Knee_Osteoarthritis --attention none --loss ce --seed 1 --epochs 40 --patience 7 --batch-size 32 --image-size 224 --num-workers 4 --early-delta 0.0001 --base-lr 0.0001 --koa-backbone-lr 0.0001 --koa-head-lr 0.001 --weight-decay 0.0001 --dast-tau 1.0 --dast-gamma 1.5 --sord-tau 1.0 --label-smoothing 0.1 --run-tag convnext_t_baseline_ce_rerun_5seed_koa_baseline_ce_seed1
==========================================================================================
Starting ConvNeXt-T experiment on KOA...
Using device: cuda
CUDA device: NVIDIA GeForce RTX 4090
Config | seed=1, attention=none, loss=ce, epochs=40, patience=7, batch_size=32, image_size=224, pretrained=True
Backbone: ConvNeXt-T | stage3=features[5] | stage3_channels=384
Data root: /root/autodl-tmp/Knee_Osteoarthritis
Class order: ['0_Normal', '1_Doubtful', '2_Mild', '3_Moderate', '4_Severe']
Split sizes | train=5778, valid=826, test=1656
Train class counts: [2286, 1046, 1516, 757, 173]
Optimizer: AdamW | backbone=0.0001, attention+head=0.001, weight_decay=0.0001
Trainable parameters: 27,823,973

Epoch 01/40 | Time 0m 20s
  Train | loss=1.3445 | top1=42.25% | top2=67.01% | top3=85.76%
  Valid | loss=1.1433 | top1=50.85% | top2=77.12% | top3=94.43% | acc=50.85% | bal_acc=33.58% | macro_f1=0.3007 | qwk=0.5790 | mae=0.6961 | weighted_f1=0.4386 | precision_macro=0.2866 | recall_macro=0.3358
 Validation improved. Saved best model (qwk=0.5790)

Epoch 02/40 | Time 0m 20s
  Train | loss=1.0129 | top1=57.13% | top2=81.48% | top3=96.76%
  Valid | loss=0.8743 | top1=63.20% | top2=85.47% | top3=97.46% | acc=63.20% | bal_acc=61.95% | macro_f1=0.5833 | qwk=0.7268 | mae=0.5133 | weighted_f1=0.5764 | precision_macro=0.6559 | recall_macro=0.6195
 Validation improved. Saved best model (qwk=0.7268)

Epoch 03/40 | Time 0m 20s
  Train | loss=0.8420 | top1=64.35% | top2=87.26% | top3=98.32%
  Valid | loss=0.8108 | top1=66.10% | top2=87.29% | top3=98.06% | acc=66.10% | bal_acc=65.57% | macro_f1=0.6542 | qwk=0.7749 | mae=0.4467 | weighted_f1=0.6372 | precision_macro=0.6766 | recall_macro=0.6557
 Validation improved. Saved best model (qwk=0.7749)

Epoch 04/40 | Time 0m 20s
  Train | loss=0.7816 | top1=67.03% | top2=88.68% | top3=98.96%
  Valid | loss=0.7825 | top1=67.55% | top2=90.68% | top3=99.03% | acc=67.55% | bal_acc=63.23% | macro_f1=0.6205 | qwk=0.7891 | mae=0.4213 | weighted_f1=0.6125 | precision_macro=0.6762 | recall_macro=0.6323
 Validation improved. Saved best model (qwk=0.7891)

Epoch 05/40 | Time 0m 20s
  Train | loss=0.7327 | top1=68.78% | top2=90.08% | top3=99.00%
  Valid | loss=0.7849 | top1=66.83% | top2=89.47% | top3=98.43% | acc=66.83% | bal_acc=63.20% | macro_f1=0.6542 | qwk=0.8064 | mae=0.3971 | weighted_f1=0.6669 | precision_macro=0.7087 | recall_macro=0.6320
 Validation improved. Saved best model (qwk=0.8064)

Epoch 06/40 | Time 0m 20s
  Train | loss=0.6864 | top1=71.06% | top2=92.07% | top3=99.38%
  Valid | loss=0.7745 | top1=67.68% | top2=88.98% | top3=98.79% | acc=67.68% | bal_acc=67.46% | macro_f1=0.6717 | qwk=0.8130 | mae=0.3910 | weighted_f1=0.6695 | precision_macro=0.6812 | recall_macro=0.6746
 Validation improved. Saved best model (qwk=0.8130)

Epoch 07/40 | Time 0m 20s
  Train | loss=0.6532 | top1=72.24% | top2=92.59% | top3=99.57%
  Valid | loss=0.8106 | top1=65.50% | top2=89.23% | top3=98.55% | acc=65.50% | bal_acc=70.77% | macro_f1=0.6941 | qwk=0.8173 | mae=0.3995 | weighted_f1=0.6621 | precision_macro=0.6917 | recall_macro=0.7077
 Validation improved. Saved best model (qwk=0.8173)

Epoch 08/40 | Time 0m 20s
  Train | loss=0.5970 | top1=74.77% | top2=93.53% | top3=99.65%
  Valid | loss=0.8691 | top1=65.98% | top2=87.89% | top3=98.67% | acc=65.98% | bal_acc=64.66% | macro_f1=0.6575 | qwk=0.7989 | mae=0.4189 | weighted_f1=0.6413 | precision_macro=0.6945 | recall_macro=0.6466
 No improvement. Bad epochs: 1/7

Epoch 09/40 | Time 0m 20s
  Train | loss=0.5689 | top1=76.31% | top2=94.10% | top3=99.65%
  Valid | loss=0.9125 | top1=65.38% | top2=89.10% | top3=98.55% | acc=65.38% | bal_acc=61.64% | macro_f1=0.6431 | qwk=0.7893 | mae=0.4286 | weighted_f1=0.6317 | precision_macro=0.6999 | recall_macro=0.6164
 No improvement. Bad epochs: 2/7

Epoch 10/40 | Time 0m 20s
  Train | loss=0.5208 | top1=78.38% | top2=95.34% | top3=99.83%
  Valid | loss=0.8706 | top1=65.38% | top2=88.14% | top3=98.79% | acc=65.38% | bal_acc=68.70% | macro_f1=0.6914 | qwk=0.7911 | mae=0.4165 | weighted_f1=0.6610 | precision_macro=0.7051 | recall_macro=0.6870
 No improvement. Bad epochs: 3/7

Epoch 11/40 | Time 0m 20s
  Train | loss=0.4792 | top1=80.70% | top2=95.55% | top3=99.81%
  Valid | loss=0.8918 | top1=64.04% | top2=88.74% | top3=98.18% | acc=64.04% | bal_acc=62.62% | macro_f1=0.6495 | qwk=0.7919 | mae=0.4274 | weighted_f1=0.6439 | precision_macro=0.6863 | recall_macro=0.6262
 No improvement. Bad epochs: 4/7

Epoch 12/40 | Time 0m 20s
  Train | loss=0.4376 | top1=82.17% | top2=96.37% | top3=99.81%
  Valid | loss=1.0061 | top1=66.34% | top2=89.59% | top3=99.27% | acc=66.34% | bal_acc=65.19% | macro_f1=0.6462 | qwk=0.7917 | mae=0.4298 | weighted_f1=0.6287 | precision_macro=0.6730 | recall_macro=0.6519
 No improvement. Bad epochs: 5/7

Epoch 13/40 | Time 0m 20s
  Train | loss=0.3997 | top1=84.35% | top2=97.18% | top3=99.88%
  Valid | loss=0.9422 | top1=69.25% | top2=89.47% | top3=98.55% | acc=69.25% | bal_acc=70.54% | macro_f1=0.7015 | qwk=0.8272 | mae=0.3705 | weighted_f1=0.6818 | precision_macro=0.7047 | recall_macro=0.7054
 Validation improved. Saved best model (qwk=0.8272)

Epoch 14/40 | Time 0m 20s
  Train | loss=0.3513 | top1=86.22% | top2=97.63% | top3=99.98%
  Valid | loss=1.0514 | top1=65.74% | top2=89.95% | top3=99.39% | acc=65.74% | bal_acc=64.01% | macro_f1=0.6508 | qwk=0.7830 | mae=0.4310 | weighted_f1=0.6296 | precision_macro=0.6973 | recall_macro=0.6401
 No improvement. Bad epochs: 1/7

Epoch 15/40 | Time 0m 20s
  Train | loss=0.3046 | top1=88.01% | top2=98.06% | top3=99.97%
  Valid | loss=1.1312 | top1=65.86% | top2=90.31% | top3=98.79% | acc=65.86% | bal_acc=65.29% | macro_f1=0.6605 | qwk=0.7936 | mae=0.4201 | weighted_f1=0.6516 | precision_macro=0.6747 | recall_macro=0.6529
 No improvement. Bad epochs: 2/7

Epoch 16/40 | Time 0m 20s
  Train | loss=0.2495 | top1=90.50% | top2=98.51% | top3=99.91%
  Valid | loss=1.2427 | top1=62.95% | top2=89.47% | top3=98.91% | acc=62.95% | bal_acc=63.87% | macro_f1=0.6469 | qwk=0.7856 | mae=0.4431 | weighted_f1=0.6278 | precision_macro=0.6601 | recall_macro=0.6387
 No improvement. Bad epochs: 3/7

Epoch 17/40 | Time 0m 20s
  Train | loss=0.2161 | top1=91.99% | top2=98.79% | top3=99.97%
  Valid | loss=1.2366 | top1=64.89% | top2=88.62% | top3=98.91% | acc=64.89% | bal_acc=64.87% | macro_f1=0.6449 | qwk=0.8002 | mae=0.4225 | weighted_f1=0.6342 | precision_macro=0.6500 | recall_macro=0.6487
 No improvement. Bad epochs: 4/7

Epoch 18/40 | Time 0m 20s
  Train | loss=0.1799 | top1=93.68% | top2=99.19% | top3=99.97%
  Valid | loss=1.3451 | top1=66.22% | top2=89.10% | top3=98.18% | acc=66.22% | bal_acc=67.26% | macro_f1=0.6586 | qwk=0.8073 | mae=0.4092 | weighted_f1=0.6499 | precision_macro=0.6509 | recall_macro=0.6726
 No improvement. Bad epochs: 5/7

Epoch 19/40 | Time 0m 20s
  Train | loss=0.1678 | top1=93.94% | top2=99.15% | top3=99.98%
  Valid | loss=1.3467 | top1=65.86% | top2=89.10% | top3=99.03% | acc=65.86% | bal_acc=65.30% | macro_f1=0.6713 | qwk=0.8082 | mae=0.4019 | weighted_f1=0.6592 | precision_macro=0.6936 | recall_macro=0.6530
 No improvement. Bad epochs: 6/7

Epoch 20/40 | Time 0m 20s
  Train | loss=0.1156 | top1=95.90% | top2=99.55% | top3=99.98%
  Valid | loss=1.5670 | top1=64.04% | top2=88.38% | top3=98.55% | acc=64.04% | bal_acc=67.00% | macro_f1=0.6542 | qwk=0.7997 | mae=0.4262 | weighted_f1=0.6439 | precision_macro=0.6439 | recall_macro=0.6700
 No improvement. Bad epochs: 7/7
 Early stopping triggered at epoch 20.

Loading best model (epoch=13, qwk=0.8272)

Test | loss=0.8724 | top1=69.93% | top2=90.94% | top3=99.46% | acc=69.93% | bal_acc=68.42% | macro_f1=0.6842 | qwk=0.8343 | mae=0.3623 | weighted_f1=0.6805 | precision_macro=0.7006 | recall_macro=0.6842
     ovr_roc_auc_macro=0.9087 | ovr_pr_auc_macro=0.7563
Checkpoint: /root/autodl-tmp/MedVisionLab/Knee/checkpoints/best_convnext_t_none_ce_convnext_t_baseline_ce_rerun_5seed_koa_baseline_ce_seed1.pt
