COMMAND: /root/miniconda3/envs/medvision/bin/python -u /root/autodl-tmp/MedVisionLab/Alzheimer_MRI_Loss/ResNet_baseline.py
==========================================================================================
BASELINE_LR_PROFILE: matched_mesc
==========================================================================================
Script: ResNet_baseline
Run tag: resnet50_kl_match_ce_5seed_adni_baseline_kl_match_ce_seed1
Module: Baseline (matched_mesc LR profile) | Insert after: none
Device: cuda
CUDA: NVIDIA GeForce RTX 4090
Data root: /root/autodl-tmp/Augmented_Alzheimer_MRI/OriginalDataset
Class order: ['NonDemented', 'VeryMildDemented', 'MildDemented', 'ModerateDemented'] (used for labels/QWK/MAE/ordinal losses)
Config | seed=1, batch_size=32, epochs=60, num_workers=2, image_size=224, base_lr=0.0001, test_ratio=0.2, val_ratio_within_train=0.1, patience=15
Optimizer LR divisors | conv1=/10, bn1=/10, layer1=/8, layer2=/6, layer3=/4, layer4=/2, fc=/1
Losses to run: ['kl_match_ce']
==========================================================================================
Split sizes | train=4608, valid=512, test=1280
Classes (4): ['NonDemented', 'VeryMildDemented', 'MildDemented', 'ModerateDemented']
Train class counts: [2304, 1613, 645, 46]
Valid class counts: [256, 179, 72, 5]
Test class counts : [640, 448, 179, 13]
Loading torchvision ResNet50 pretrained weights once...
Pretrained state keys: 320

##########################################################################################
Starting loss: kl_match_ce
##########################################################################################
Model params: 23,516,228 | pretrained loaded: 320/320 | feat_dim=2048
Criterion: KLModulatedOrdinalSoftTargetLoss
Criterion trainable params: 0
Criterion hparams | none
Optimizer max LRs | conv1=1e-05, bn1=1e-05, layer1=1.25e-05, layer2=1.6666667e-05, layer3=2.5e-05, layer4=5e-05, fc=0.0001
Epoch 01/60 | Time 0m8s
  Train | loss=0.3301 | top1=42.14% | top2=77.06% | top3=90.60%
  Valid | loss=0.2805 | top1=50.20% | top2=84.96% | top3=97.85% | acc=50.20% | bal_acc=27.49% | macro_f1=0.2485 | weighted_f1=0.4436 | precision_macro=0.2355 | recall_macro=0.2749 | qwk=0.0954 | mae=0.6016
        ovr_roc_auc_macro=0.5866 | ovr_pr_auc_macro=0.2858
  -> best macro_f1 updated to 0.2485 (epoch 1)
Epoch 02/60 | Time 0m7s
  Train | loss=0.2383 | top1=51.65% | top2=85.00% | top3=98.83%
  Valid | loss=0.2232 | top1=52.15% | top2=84.96% | top3=99.02% | acc=52.15% | bal_acc=28.26% | macro_f1=0.2527 | weighted_f1=0.4542 | precision_macro=0.2420 | recall_macro=0.2826 | qwk=0.1619 | mae=0.5723
        ovr_roc_auc_macro=0.6636 | ovr_pr_auc_macro=0.3346
  -> best macro_f1 updated to 0.2527 (epoch 2)
Epoch 03/60 | Time 0m7s
  Train | loss=0.2045 | top1=53.04% | top2=85.00% | top3=99.00%
  Valid | loss=0.1989 | top1=53.32% | top2=84.96% | top3=99.02% | acc=53.32% | bal_acc=29.68% | macro_f1=0.2712 | weighted_f1=0.4815 | precision_macro=0.2517 | recall_macro=0.2968 | qwk=0.2598 | mae=0.5293
        ovr_roc_auc_macro=0.7359 | ovr_pr_auc_macro=0.3860
  -> best macro_f1 updated to 0.2712 (epoch 3)
Epoch 04/60 | Time 0m7s
  Train | loss=0.1904 | top1=55.45% | top2=85.00% | top3=99.00%
  Valid | loss=0.1859 | top1=56.25% | top2=85.35% | top3=99.02% | acc=56.25% | bal_acc=32.41% | macro_f1=0.2977 | weighted_f1=0.5212 | precision_macro=0.2764 | recall_macro=0.3241 | qwk=0.3520 | mae=0.4746
        ovr_roc_auc_macro=0.7703 | ovr_pr_auc_macro=0.4228
  -> best macro_f1 updated to 0.2977 (epoch 4)
Epoch 05/60 | Time 0m7s
  Train | loss=0.1815 | top1=57.53% | top2=85.81% | top3=99.00%
  Valid | loss=0.1795 | top1=55.86% | top2=88.09% | top3=99.02% | acc=55.86% | bal_acc=33.14% | macro_f1=0.3016 | weighted_f1=0.5235 | precision_macro=0.2889 | recall_macro=0.3314 | qwk=0.3825 | mae=0.4629
        ovr_roc_auc_macro=0.7870 | ovr_pr_auc_macro=0.4392
  -> best macro_f1 updated to 0.3016 (epoch 5)
Epoch 06/60 | Time 0m7s
  Train | loss=0.1740 | top1=58.72% | top2=86.76% | top3=99.00%
  Valid | loss=0.1707 | top1=56.45% | top2=90.04% | top3=99.02% | acc=56.45% | bal_acc=33.52% | macro_f1=0.3052 | weighted_f1=0.5296 | precision_macro=0.2930 | recall_macro=0.3352 | qwk=0.3912 | mae=0.4570
        ovr_roc_auc_macro=0.8115 | ovr_pr_auc_macro=0.4674
  -> best macro_f1 updated to 0.3052 (epoch 6)
Epoch 07/60 | Time 0m7s
  Train | loss=0.1660 | top1=59.96% | top2=88.74% | top3=99.00%
  Valid | loss=0.1652 | top1=60.16% | top2=89.84% | top3=99.02% | acc=60.16% | bal_acc=34.61% | macro_f1=0.3225 | weighted_f1=0.5584 | precision_macro=0.3765 | recall_macro=0.3461 | qwk=0.4416 | mae=0.4277
        ovr_roc_auc_macro=0.8362 | ovr_pr_auc_macro=0.5384
  -> best macro_f1 updated to 0.3225 (epoch 7)
Epoch 08/60 | Time 0m7s
  Train | loss=0.1593 | top1=61.98% | top2=89.47% | top3=99.00%
  Valid | loss=0.1531 | top1=63.28% | top2=90.62% | top3=99.02% | acc=63.28% | bal_acc=37.63% | macro_f1=0.3693 | weighted_f1=0.5976 | precision_macro=0.4648 | recall_macro=0.3763 | qwk=0.4840 | mae=0.4004
        ovr_roc_auc_macro=0.8548 | ovr_pr_auc_macro=0.5461
  -> best macro_f1 updated to 0.3693 (epoch 8)
Epoch 09/60 | Time 0m7s
  Train | loss=0.1491 | top1=64.19% | top2=90.67% | top3=99.02%
  Valid | loss=0.1515 | top1=66.60% | top2=91.02% | top3=99.41% | acc=66.60% | bal_acc=45.00% | macro_f1=0.4534 | weighted_f1=0.6611 | precision_macro=0.4818 | recall_macro=0.4500 | qwk=0.5659 | mae=0.3613
        ovr_roc_auc_macro=0.8588 | ovr_pr_auc_macro=0.6060
  -> best macro_f1 updated to 0.4534 (epoch 9)
Epoch 10/60 | Time 0m7s
  Train | loss=0.1381 | top1=66.78% | top2=92.40% | top3=99.13%
  Valid | loss=0.1432 | top1=69.53% | top2=91.41% | top3=99.61% | acc=69.53% | bal_acc=50.62% | macro_f1=0.4923 | weighted_f1=0.6978 | precision_macro=0.4840 | recall_macro=0.5062 | qwk=0.6232 | mae=0.3457
        ovr_roc_auc_macro=0.8801 | ovr_pr_auc_macro=0.7011
  -> best macro_f1 updated to 0.4923 (epoch 10)
Epoch 11/60 | Time 0m7s
  Train | loss=0.1261 | top1=70.99% | top2=93.51% | top3=99.48%
  Valid | loss=0.1189 | top1=71.29% | top2=93.95% | top3=99.80% | acc=71.29% | bal_acc=47.81% | macro_f1=0.4843 | weighted_f1=0.7051 | precision_macro=0.5201 | recall_macro=0.4781 | qwk=0.6563 | mae=0.3008
        ovr_roc_auc_macro=0.9034 | ovr_pr_auc_macro=0.7078
Epoch 12/60 | Time 0m7s
  Train | loss=0.1083 | top1=74.96% | top2=95.44% | top3=99.67%
  Valid | loss=0.1117 | top1=74.41% | top2=95.51% | top3=99.41% | acc=74.41% | bal_acc=55.39% | macro_f1=0.5398 | weighted_f1=0.7429 | precision_macro=0.5294 | recall_macro=0.5539 | qwk=0.6840 | mae=0.2891
        ovr_roc_auc_macro=0.9155 | ovr_pr_auc_macro=0.7921
  -> best macro_f1 updated to 0.5398 (epoch 12)
Epoch 13/60 | Time 0m7s
  Train | loss=0.0939 | top1=77.76% | top2=96.57% | top3=99.80%
  Valid | loss=0.0993 | top1=78.12% | top2=96.09% | top3=99.22% | acc=78.12% | bal_acc=58.17% | macro_f1=0.5668 | weighted_f1=0.7796 | precision_macro=0.5559 | recall_macro=0.5817 | qwk=0.7641 | mae=0.2344
        ovr_roc_auc_macro=0.9362 | ovr_pr_auc_macro=0.8017
  -> best macro_f1 updated to 0.5668 (epoch 13)
Epoch 14/60 | Time 0m7s
  Train | loss=0.0856 | top1=80.34% | top2=97.16% | top3=99.85%
  Valid | loss=0.0850 | top1=80.47% | top2=97.46% | top3=100.00% | acc=80.47% | bal_acc=71.35% | macro_f1=0.7661 | weighted_f1=0.8029 | precision_macro=0.8579 | recall_macro=0.7135 | qwk=0.8000 | mae=0.1992
        ovr_roc_auc_macro=0.9465 | ovr_pr_auc_macro=0.8216
  -> best macro_f1 updated to 0.7661 (epoch 14)
Epoch 15/60 | Time 0m7s
  Train | loss=0.0737 | top1=83.72% | top2=98.13% | top3=99.89%
  Valid | loss=0.0711 | top1=84.96% | top2=98.44% | top3=100.00% | acc=84.96% | bal_acc=80.65% | macro_f1=0.8438 | weighted_f1=0.8460 | precision_macro=0.8946 | recall_macro=0.8065 | qwk=0.8411 | mae=0.1582
        ovr_roc_auc_macro=0.9659 | ovr_pr_auc_macro=0.9099
  -> best macro_f1 updated to 0.8438 (epoch 15)
Epoch 16/60 | Time 0m7s
  Train | loss=0.0643 | top1=86.46% | top2=98.46% | top3=99.98%
  Valid | loss=0.0678 | top1=85.74% | top2=99.61% | top3=100.00% | acc=85.74% | bal_acc=82.05% | macro_f1=0.8555 | weighted_f1=0.8583 | precision_macro=0.9056 | recall_macro=0.8205 | qwk=0.8595 | mae=0.1445
        ovr_roc_auc_macro=0.9654 | ovr_pr_auc_macro=0.9298
  -> best macro_f1 updated to 0.8555 (epoch 16)
Epoch 17/60 | Time 0m7s
  Train | loss=0.0541 | top1=89.00% | top2=98.89% | top3=99.91%
  Valid | loss=0.0545 | top1=87.50% | top2=99.22% | top3=100.00% | acc=87.50% | bal_acc=84.51% | macro_f1=0.8756 | weighted_f1=0.8761 | precision_macro=0.9162 | recall_macro=0.8451 | qwk=0.8783 | mae=0.1270
        ovr_roc_auc_macro=0.9790 | ovr_pr_auc_macro=0.9590
  -> best macro_f1 updated to 0.8756 (epoch 17)
Epoch 18/60 | Time 0m7s
  Train | loss=0.0448 | top1=91.67% | top2=99.41% | top3=100.00%
  Valid | loss=0.0515 | top1=88.28% | top2=99.41% | top3=100.00% | acc=88.28% | bal_acc=84.41% | macro_f1=0.8758 | weighted_f1=0.8838 | precision_macro=0.9210 | recall_macro=0.8441 | qwk=0.8842 | mae=0.1191
        ovr_roc_auc_macro=0.9820 | ovr_pr_auc_macro=0.9608
  -> best macro_f1 updated to 0.8758 (epoch 18)
Epoch 19/60 | Time 0m7s
  Train | loss=0.0409 | top1=92.75% | top2=99.41% | top3=100.00%
  Valid | loss=0.0485 | top1=89.65% | top2=99.41% | top3=100.00% | acc=89.65% | bal_acc=91.24% | macro_f1=0.8963 | weighted_f1=0.8976 | precision_macro=0.8882 | recall_macro=0.9124 | qwk=0.9058 | mae=0.1035
        ovr_roc_auc_macro=0.9850 | ovr_pr_auc_macro=0.9718
  -> best macro_f1 updated to 0.8963 (epoch 19)
Epoch 20/60 | Time 0m7s
  Train | loss=0.0358 | top1=93.97% | top2=99.61% | top3=99.96%
  Valid | loss=0.0413 | top1=92.38% | top2=99.02% | top3=100.00% | acc=92.38% | bal_acc=94.15% | macro_f1=0.9163 | weighted_f1=0.9244 | precision_macro=0.8956 | recall_macro=0.9415 | qwk=0.9277 | mae=0.0781
        ovr_roc_auc_macro=0.9906 | ovr_pr_auc_macro=0.9814
  -> best macro_f1 updated to 0.9163 (epoch 20)
Epoch 21/60 | Time 0m7s
  Train | loss=0.0306 | top1=94.57% | top2=99.80% | top3=100.00%
  Valid | loss=0.0344 | top1=94.34% | top2=99.61% | top3=100.00% | acc=94.34% | bal_acc=94.63% | macro_f1=0.9308 | weighted_f1=0.9436 | precision_macro=0.9214 | recall_macro=0.9463 | qwk=0.9436 | mae=0.0586
        ovr_roc_auc_macro=0.9931 | ovr_pr_auc_macro=0.9849
  -> best macro_f1 updated to 0.9308 (epoch 21)
Epoch 22/60 | Time 0m7s
  Train | loss=0.0290 | top1=95.29% | top2=99.57% | top3=99.96%
  Valid | loss=0.0328 | top1=94.53% | top2=99.41% | top3=100.00% | acc=94.53% | bal_acc=95.77% | macro_f1=0.9351 | weighted_f1=0.9458 | precision_macro=0.9175 | recall_macro=0.9577 | qwk=0.9513 | mae=0.0547
        ovr_roc_auc_macro=0.9941 | ovr_pr_auc_macro=0.9888
  -> best macro_f1 updated to 0.9351 (epoch 22)
Epoch 23/60 | Time 0m7s
  Train | loss=0.0229 | top1=96.90% | top2=99.89% | top3=100.00%
  Valid | loss=0.0338 | top1=93.75% | top2=99.80% | top3=100.00% | acc=93.75% | bal_acc=93.42% | macro_f1=0.9239 | weighted_f1=0.9369 | precision_macro=0.9204 | recall_macro=0.9342 | qwk=0.9334 | mae=0.0664
        ovr_roc_auc_macro=0.9960 | ovr_pr_auc_macro=0.9916
Epoch 24/60 | Time 0m7s
  Train | loss=0.0201 | top1=97.09% | top2=99.93% | top3=100.00%
  Valid | loss=0.0385 | top1=91.41% | top2=99.61% | top3=100.00% | acc=91.41% | bal_acc=94.33% | macro_f1=0.9183 | weighted_f1=0.9153 | precision_macro=0.9037 | recall_macro=0.9433 | qwk=0.9224 | mae=0.0859
        ovr_roc_auc_macro=0.9954 | ovr_pr_auc_macro=0.9911
Epoch 25/60 | Time 0m7s
  Train | loss=0.0190 | top1=97.53% | top2=99.80% | top3=100.00%
  Valid | loss=0.0259 | top1=95.12% | top2=99.61% | top3=100.00% | acc=95.12% | bal_acc=96.43% | macro_f1=0.9413 | weighted_f1=0.9516 | precision_macro=0.9236 | recall_macro=0.9643 | qwk=0.9513 | mae=0.0508
        ovr_roc_auc_macro=0.9969 | ovr_pr_auc_macro=0.9940
  -> best macro_f1 updated to 0.9413 (epoch 25)
Epoch 26/60 | Time 0m7s
  Train | loss=0.0163 | top1=97.68% | top2=99.96% | top3=100.00%
  Valid | loss=0.0273 | top1=95.90% | top2=99.02% | top3=100.00% | acc=95.90% | bal_acc=92.13% | macro_f1=0.9398 | weighted_f1=0.9592 | precision_macro=0.9645 | recall_macro=0.9213 | qwk=0.9579 | mae=0.0430
        ovr_roc_auc_macro=0.9958 | ovr_pr_auc_macro=0.9910
Epoch 27/60 | Time 0m7s
  Train | loss=0.0156 | top1=97.83% | top2=99.91% | top3=99.98%
  Valid | loss=0.0223 | top1=96.68% | top2=99.61% | top3=100.00% | acc=96.68% | bal_acc=97.34% | macro_f1=0.9532 | weighted_f1=0.9669 | precision_macro=0.9368 | recall_macro=0.9734 | qwk=0.9603 | mae=0.0371
        ovr_roc_auc_macro=0.9969 | ovr_pr_auc_macro=0.9946
  -> best macro_f1 updated to 0.9532 (epoch 27)
Epoch 28/60 | Time 0m7s
  Train | loss=0.0130 | top1=98.46% | top2=99.98% | top3=100.00%
  Valid | loss=0.0226 | top1=96.29% | top2=99.41% | top3=100.00% | acc=96.29% | bal_acc=97.39% | macro_f1=0.9708 | weighted_f1=0.9630 | precision_macro=0.9678 | recall_macro=0.9739 | qwk=0.9517 | mae=0.0430
        ovr_roc_auc_macro=0.9965 | ovr_pr_auc_macro=0.9942
  -> best macro_f1 updated to 0.9708 (epoch 28)
Epoch 29/60 | Time 0m7s
  Train | loss=0.0116 | top1=98.65% | top2=99.93% | top3=100.00%
  Valid | loss=0.0209 | top1=96.48% | top2=99.80% | top3=100.00% | acc=96.48% | bal_acc=96.82% | macro_f1=0.9508 | weighted_f1=0.9648 | precision_macro=0.9376 | recall_macro=0.9682 | qwk=0.9535 | mae=0.0410
        ovr_roc_auc_macro=0.9957 | ovr_pr_auc_macro=0.9938
Epoch 30/60 | Time 0m7s
  Train | loss=0.0101 | top1=98.70% | top2=99.96% | top3=100.00%
  Valid | loss=0.0173 | top1=97.85% | top2=99.61% | top3=100.00% | acc=97.85% | bal_acc=97.93% | macro_f1=0.9823 | weighted_f1=0.9785 | precision_macro=0.9860 | recall_macro=0.9793 | qwk=0.9701 | mae=0.0254
        ovr_roc_auc_macro=0.9976 | ovr_pr_auc_macro=0.9950
  -> best macro_f1 updated to 0.9823 (epoch 30)
Epoch 31/60 | Time 0m7s
  Train | loss=0.0090 | top1=98.89% | top2=99.96% | top3=100.00%
  Valid | loss=0.0184 | top1=97.85% | top2=99.41% | top3=100.00% | acc=97.85% | bal_acc=98.26% | macro_f1=0.9591 | weighted_f1=0.9786 | precision_macro=0.9395 | recall_macro=0.9826 | qwk=0.9709 | mae=0.0254
        ovr_roc_auc_macro=0.9970 | ovr_pr_auc_macro=0.9953
Epoch 32/60 | Time 0m7s
  Train | loss=0.0089 | top1=98.91% | top2=99.93% | top3=100.00%
  Valid | loss=0.0151 | top1=98.24% | top2=99.22% | top3=100.00% | acc=98.24% | bal_acc=98.25% | macro_f1=0.9837 | weighted_f1=0.9824 | precision_macro=0.9849 | recall_macro=0.9825 | qwk=0.9688 | mae=0.0234
        ovr_roc_auc_macro=0.9970 | ovr_pr_auc_macro=0.9951
  -> best macro_f1 updated to 0.9837 (epoch 32)
Epoch 33/60 | Time 0m7s
  Train | loss=0.0074 | top1=99.15% | top2=100.00% | top3=100.00%
  Valid | loss=0.0164 | top1=97.85% | top2=99.22% | top3=100.00% | acc=97.85% | bal_acc=98.51% | macro_f1=0.9839 | weighted_f1=0.9785 | precision_macro=0.9827 | recall_macro=0.9851 | qwk=0.9655 | mae=0.0273
        ovr_roc_auc_macro=0.9970 | ovr_pr_auc_macro=0.9957
  -> best macro_f1 updated to 0.9839 (epoch 33)
Epoch 34/60 | Time 0m7s
  Train | loss=0.0068 | top1=99.31% | top2=99.98% | top3=100.00%
  Valid | loss=0.0143 | top1=98.24% | top2=99.02% | top3=100.00% | acc=98.24% | bal_acc=98.58% | macro_f1=0.9860 | weighted_f1=0.9824 | precision_macro=0.9863 | recall_macro=0.9858 | qwk=0.9739 | mae=0.0215
        ovr_roc_auc_macro=0.9968 | ovr_pr_auc_macro=0.9955
  -> best macro_f1 updated to 0.9860 (epoch 34)
Epoch 35/60 | Time 0m7s
  Train | loss=0.0064 | top1=99.26% | top2=99.96% | top3=100.00%
  Valid | loss=0.0162 | top1=98.05% | top2=99.22% | top3=100.00% | acc=98.05% | bal_acc=97.65% | macro_f1=0.9810 | weighted_f1=0.9804 | precision_macro=0.9859 | recall_macro=0.9765 | qwk=0.9668 | mae=0.0254
        ovr_roc_auc_macro=0.9957 | ovr_pr_auc_macro=0.9929
Epoch 36/60 | Time 0m8s
  Train | loss=0.0062 | top1=99.26% | top2=100.00% | top3=100.00%
  Valid | loss=0.0145 | top1=97.27% | top2=99.02% | top3=100.00% | acc=97.27% | bal_acc=97.67% | macro_f1=0.9800 | weighted_f1=0.9727 | precision_macro=0.9835 | recall_macro=0.9767 | qwk=0.9651 | mae=0.0312
        ovr_roc_auc_macro=0.9972 | ovr_pr_auc_macro=0.9948
Epoch 37/60 | Time 0m7s
  Train | loss=0.0055 | top1=99.39% | top2=100.00% | top3=100.00%
  Valid | loss=0.0144 | top1=97.07% | top2=99.61% | top3=100.00% | acc=97.07% | bal_acc=98.24% | macro_f1=0.9790 | weighted_f1=0.9708 | precision_macro=0.9763 | recall_macro=0.9824 | qwk=0.9635 | mae=0.0332
        ovr_roc_auc_macro=0.9989 | ovr_pr_auc_macro=0.9978
Epoch 38/60 | Time 0m7s
  Train | loss=0.0057 | top1=99.33% | top2=99.93% | top3=100.00%
  Valid | loss=0.0132 | top1=97.85% | top2=99.61% | top3=100.00% | acc=97.85% | bal_acc=98.05% | macro_f1=0.9823 | weighted_f1=0.9785 | precision_macro=0.9843 | recall_macro=0.9805 | qwk=0.9704 | mae=0.0254
        ovr_roc_auc_macro=0.9976 | ovr_pr_auc_macro=0.9959
Epoch 39/60 | Time 0m7s
  Train | loss=0.0044 | top1=99.61% | top2=100.00% | top3=100.00%
  Valid | loss=0.0094 | top1=98.63% | top2=99.80% | top3=100.00% | acc=98.63% | bal_acc=98.78% | macro_f1=0.9882 | weighted_f1=0.9863 | precision_macro=0.9887 | recall_macro=0.9878 | qwk=0.9826 | mae=0.0156
        ovr_roc_auc_macro=0.9985 | ovr_pr_auc_macro=0.9973
  -> best macro_f1 updated to 0.9882 (epoch 39)
Epoch 40/60 | Time 0m7s
  Train | loss=0.0037 | top1=99.65% | top2=100.00% | top3=100.00%
  Valid | loss=0.0116 | top1=98.24% | top2=99.61% | top3=100.00% | acc=98.24% | bal_acc=98.54% | macro_f1=0.9848 | weighted_f1=0.9824 | precision_macro=0.9842 | recall_macro=0.9854 | qwk=0.9740 | mae=0.0215
        ovr_roc_auc_macro=0.9979 | ovr_pr_auc_macro=0.9965
Epoch 41/60 | Time 0m7s
  Train | loss=0.0034 | top1=99.74% | top2=99.98% | top3=100.00%
  Valid | loss=0.0109 | top1=98.44% | top2=99.61% | top3=100.00% | acc=98.44% | bal_acc=98.39% | macro_f1=0.9859 | weighted_f1=0.9844 | precision_macro=0.9880 | recall_macro=0.9839 | qwk=0.9756 | mae=0.0195
        ovr_roc_auc_macro=0.9980 | ovr_pr_auc_macro=0.9968
Epoch 42/60 | Time 0m7s
  Train | loss=0.0037 | top1=99.72% | top2=100.00% | top3=100.00%
  Valid | loss=0.0084 | top1=99.22% | top2=99.80% | top3=100.00% | acc=99.22% | bal_acc=99.32% | macro_f1=0.9930 | weighted_f1=0.9922 | precision_macro=0.9928 | recall_macro=0.9932 | qwk=0.9879 | mae=0.0098
        ovr_roc_auc_macro=0.9984 | ovr_pr_auc_macro=0.9972
  -> best macro_f1 updated to 0.9930 (epoch 42)
Epoch 43/60 | Time 0m7s
  Train | loss=0.0032 | top1=99.80% | top2=99.98% | top3=100.00%
  Valid | loss=0.0098 | top1=99.02% | top2=99.80% | top3=100.00% | acc=99.02% | bal_acc=99.18% | macro_f1=0.9930 | weighted_f1=0.9902 | precision_macro=0.9943 | recall_macro=0.9918 | qwk=0.9861 | mae=0.0117
        ovr_roc_auc_macro=0.9983 | ovr_pr_auc_macro=0.9971
Epoch 44/60 | Time 0m7s
  Train | loss=0.0035 | top1=99.65% | top2=100.00% | top3=100.00%
  Valid | loss=0.0118 | top1=98.05% | top2=99.80% | top3=100.00% | acc=98.05% | bal_acc=98.27% | macro_f1=0.9845 | weighted_f1=0.9804 | precision_macro=0.9864 | recall_macro=0.9827 | qwk=0.9775 | mae=0.0215
        ovr_roc_auc_macro=0.9989 | ovr_pr_auc_macro=0.9981
Epoch 45/60 | Time 0m7s
  Train | loss=0.0026 | top1=99.80% | top2=100.00% | top3=100.00%
  Valid | loss=0.0089 | top1=98.44% | top2=99.80% | top3=100.00% | acc=98.44% | bal_acc=98.84% | macro_f1=0.9882 | weighted_f1=0.9844 | precision_macro=0.9880 | recall_macro=0.9884 | qwk=0.9809 | mae=0.0176
        ovr_roc_auc_macro=0.9997 | ovr_pr_auc_macro=0.9992
Epoch 46/60 | Time 0m7s
  Train | loss=0.0028 | top1=99.76% | top2=99.98% | top3=100.00%
  Valid | loss=0.0075 | top1=99.41% | top2=99.61% | top3=100.00% | acc=99.41% | bal_acc=99.21% | macro_f1=0.9943 | weighted_f1=0.9941 | precision_macro=0.9967 | recall_macro=0.9921 | qwk=0.9843 | mae=0.0098
        ovr_roc_auc_macro=0.9984 | ovr_pr_auc_macro=0.9969
  -> best macro_f1 updated to 0.9943 (epoch 46)
Epoch 47/60 | Time 0m7s
  Train | loss=0.0021 | top1=99.89% | top2=100.00% | top3=100.00%
  Valid | loss=0.0064 | top1=99.22% | top2=99.61% | top3=100.00% | acc=99.22% | bal_acc=99.36% | macro_f1=0.9930 | weighted_f1=0.9922 | precision_macro=0.9924 | recall_macro=0.9936 | qwk=0.9879 | mae=0.0098
        ovr_roc_auc_macro=0.9999 | ovr_pr_auc_macro=0.9998
Epoch 48/60 | Time 0m7s
  Train | loss=0.0020 | top1=99.91% | top2=100.00% | top3=100.00%
  Valid | loss=0.0066 | top1=99.22% | top2=99.80% | top3=100.00% | acc=99.22% | bal_acc=99.36% | macro_f1=0.9940 | weighted_f1=0.9922 | precision_macro=0.9945 | recall_macro=0.9936 | qwk=0.9930 | mae=0.0078
        ovr_roc_auc_macro=0.9999 | ovr_pr_auc_macro=0.9998
Epoch 49/60 | Time 0m7s
  Train | loss=0.0026 | top1=99.78% | top2=99.98% | top3=100.00%
  Valid | loss=0.0075 | top1=98.83% | top2=99.41% | top3=100.00% | acc=98.83% | bal_acc=98.91% | macro_f1=0.9906 | weighted_f1=0.9883 | precision_macro=0.9922 | recall_macro=0.9891 | qwk=0.9843 | mae=0.0137
        ovr_roc_auc_macro=0.9998 | ovr_pr_auc_macro=0.9992
Epoch 50/60 | Time 0m8s
  Train | loss=0.0019 | top1=99.89% | top2=100.00% | top3=100.00%
  Valid | loss=0.0072 | top1=99.02% | top2=99.61% | top3=100.00% | acc=99.02% | bal_acc=98.97% | macro_f1=0.9917 | weighted_f1=0.9902 | precision_macro=0.9939 | recall_macro=0.9897 | qwk=0.9861 | mae=0.0117
        ovr_roc_auc_macro=0.9986 | ovr_pr_auc_macro=0.9974
Epoch 51/60 | Time 0m7s
  Train | loss=0.0020 | top1=99.87% | top2=100.00% | top3=100.00%
  Valid | loss=0.0063 | top1=99.22% | top2=99.61% | top3=100.00% | acc=99.22% | bal_acc=99.11% | macro_f1=0.9929 | weighted_f1=0.9922 | precision_macro=0.9949 | recall_macro=0.9911 | qwk=0.9878 | mae=0.0098
        ovr_roc_auc_macro=0.9999 | ovr_pr_auc_macro=0.9993
Epoch 52/60 | Time 0m7s
  Train | loss=0.0021 | top1=99.80% | top2=100.00% | top3=100.00%
  Valid | loss=0.0068 | top1=99.02% | top2=100.00% | top3=100.00% | acc=99.02% | bal_acc=99.22% | macro_f1=0.9916 | weighted_f1=0.9903 | precision_macro=0.9910 | recall_macro=0.9922 | qwk=0.9913 | mae=0.0098
        ovr_roc_auc_macro=0.9999 | ovr_pr_auc_macro=0.9997
Epoch 53/60 | Time 0m7s
  Train | loss=0.0021 | top1=99.85% | top2=100.00% | top3=100.00%
  Valid | loss=0.0072 | top1=99.02% | top2=99.61% | top3=100.00% | acc=99.02% | bal_acc=98.76% | macro_f1=0.9905 | weighted_f1=0.9902 | precision_macro=0.9936 | recall_macro=0.9876 | qwk=0.9860 | mae=0.0117
        ovr_roc_auc_macro=0.9993 | ovr_pr_auc_macro=0.9981
Epoch 54/60 | Time 0m7s
  Train | loss=0.0019 | top1=99.87% | top2=100.00% | top3=100.00%
  Valid | loss=0.0062 | top1=99.41% | top2=99.80% | top3=100.00% | acc=99.41% | bal_acc=99.46% | macro_f1=0.9952 | weighted_f1=0.9942 | precision_macro=0.9959 | recall_macro=0.9946 | qwk=0.9948 | mae=0.0059
        ovr_roc_auc_macro=0.9999 | ovr_pr_auc_macro=0.9998
  -> best macro_f1 updated to 0.9952 (epoch 54)
Epoch 55/60 | Time 0m7s
  Train | loss=0.0017 | top1=99.96% | top2=100.00% | top3=100.00%
  Valid | loss=0.0066 | top1=98.83% | top2=99.61% | top3=100.00% | acc=98.83% | bal_acc=98.67% | macro_f1=0.9893 | weighted_f1=0.9883 | precision_macro=0.9922 | recall_macro=0.9867 | qwk=0.9843 | mae=0.0137
        ovr_roc_auc_macro=0.9999 | ovr_pr_auc_macro=0.9998
Epoch 56/60 | Time 0m7s
  Train | loss=0.0016 | top1=99.98% | top2=100.00% | top3=100.00%
  Valid | loss=0.0054 | top1=99.61% | top2=100.00% | top3=100.00% | acc=99.61% | bal_acc=99.80% | macro_f1=0.9976 | weighted_f1=0.9961 | precision_macro=0.9972 | recall_macro=0.9980 | qwk=0.9965 | mae=0.0039
        ovr_roc_auc_macro=0.9999 | ovr_pr_auc_macro=0.9999
  -> best macro_f1 updated to 0.9976 (epoch 56)
Epoch 57/60 | Time 0m7s
  Train | loss=0.0017 | top1=99.93% | top2=100.00% | top3=100.00%
  Valid | loss=0.0055 | top1=99.61% | top2=100.00% | top3=100.00% | acc=99.61% | bal_acc=99.80% | macro_f1=0.9976 | weighted_f1=0.9961 | precision_macro=0.9972 | recall_macro=0.9980 | qwk=0.9965 | mae=0.0039
        ovr_roc_auc_macro=1.0000 | ovr_pr_auc_macro=0.9999
Epoch 58/60 | Time 0m7s
  Train | loss=0.0018 | top1=99.83% | top2=100.00% | top3=100.00%
  Valid | loss=0.0058 | top1=99.22% | top2=99.80% | top3=100.00% | acc=99.22% | bal_acc=99.11% | macro_f1=0.9927 | weighted_f1=0.9922 | precision_macro=0.9945 | recall_macro=0.9911 | qwk=0.9930 | mae=0.0078
        ovr_roc_auc_macro=1.0000 | ovr_pr_auc_macro=0.9999
Epoch 59/60 | Time 0m7s
  Train | loss=0.0017 | top1=99.91% | top2=100.00% | top3=100.00%
  Valid | loss=0.0059 | top1=99.41% | top2=100.00% | top3=100.00% | acc=99.41% | bal_acc=99.71% | macro_f1=0.9954 | weighted_f1=0.9941 | precision_macro=0.9938 | recall_macro=0.9971 | qwk=0.9896 | mae=0.0078
        ovr_roc_auc_macro=0.9999 | ovr_pr_auc_macro=0.9999
Epoch 60/60 | Time 0m7s
  Train | loss=0.0016 | top1=99.96% | top2=100.00% | top3=100.00%
  Valid | loss=0.0058 | top1=99.41% | top2=100.00% | top3=100.00% | acc=99.41% | bal_acc=99.46% | macro_f1=0.9952 | weighted_f1=0.9942 | precision_macro=0.9959 | recall_macro=0.9946 | qwk=0.9948 | mae=0.0059
        ovr_roc_auc_macro=1.0000 | ovr_pr_auc_macro=0.9999

[TEST] loss=kl_match_ce
  Test | loss=0.0068 | top1=98.67% | top2=99.77% | top3=100.00% | acc=98.67% | bal_acc=96.66% | macro_f1=0.9782 | weighted_f1=0.9867 | precision_macro=0.9907 | recall_macro=0.9666 | qwk=0.9860 | mae=0.0141
        ovr_roc_auc_macro=0.9993 | ovr_pr_auc_macro=0.9983

==========================================================================================
Summary CSV saved: /root/autodl-tmp/MedVisionLab/Alzheimer_MRI_Loss/logs/ResNet_baseline_resnet50_kl_match_ce_5seed_adni_baseline_kl_match_ce_seed1_20260808_160757_summary.csv
Top results by test_macro_f1:
  kl_match_ce: macro_f1=0.9782, acc=98.67%, bal_acc=96.66%
Log file saved: /root/autodl-tmp/MedVisionLab/Alzheimer_MRI_Loss/logs/ResNet_baseline_resnet50_kl_match_ce_5seed_adni_baseline_kl_match_ce_seed1_20260808_160757.log
==========================================================================================
