COMMAND: /root/miniconda3/envs/medvision/bin/python -u /root/autodl-tmp/MedVisionLab/tools/run_training_with_mecsb.py --variant median --script /root/autodl-tmp/MedVisionLab/Knee/ResNet_layer3+MECS+CE.py
==========================================================================================
==========================================================================================
Injected attention module: MECS_VersionB
Routing representation    : median-anchored dynamic router
Original training script : /root/autodl-tmp/MedVisionLab/Knee/ResNet_layer3+MECS+CE.py
Dataset                  : KOA
Insert after             : layer3
MESC channels            : 1024
Original source modified : no
==========================================================================================
Starting ResNet(layer3)+MECS+KL-Match Soft CE Knee Osteoarthritis Baseline...
Using device: cuda
CUDA device: NVIDIA GeForce RTX 4090
Run tag: resnet50_kl_match_ce_5seed_koa_mesc_kl_match_ce_seed9
Config | seed=9, batch_size=32, epochs=60, image_size=224
Class mapping from folders: {'0': 0, '1': 1, '2': 2, '3': 3, '4': 4}

Train samples: 5778
Train class distribution:
  0_Normal: 2286
  1_Doubtful: 1046
  2_Mild: 1516
  3_Moderate: 757
  4_Severe: 173

Valid samples: 826
Valid class distribution:
  0_Normal: 328
  1_Doubtful: 153
  2_Mild: 212
  3_Moderate: 106
  4_Severe: 27

Test samples: 1656
Test class distribution:
  0_Normal: 639
  1_Doubtful: 296
  2_Mild: 447
  3_Moderate: 223
  4_Severe: 51

AutoTest samples: 1526
AutoTest class distribution:
  0_Normal: 604
  1_Doubtful: 275
  2_Mild: 403
  3_Moderate: 200
  4_Severe: 44

Split sizes | train=5778, valid=826, test=1656, auto_test=1526
Loading ResNet50 with MECS module at layer3...
Trainable parameters: 27,305,297

[INFO] Class counts in training set: [2286 1046 1516  757  173]
[INFO] Using KL-Match Soft CE (no tunable loss hyperparameters).
Starting training...

Epoch 01/60 | Time 0m 11s
  Train | loss=0.4223 | top1=40.53% | top2=62.11% | top3=84.21%
  Valid | loss=0.3559 | top1=44.95% | top2=69.11% | top3=86.92% | acc=45.28% | bal_acc=25.28% | macro_f1=0.1990 | qwk=0.4139 | mae=0.8559 | weighted_f1=0.3452 | precision_macro=0.1995 | recall_macro=0.2528
         ovr_roc_auc_macro=0.7614 | ovr_pr_auc_macro=0.4258
 Initial best model saved to /root/autodl-tmp/MedVisionLab/Knee/checkpoints/best_resnet50_mecs_layer3_knee_oa_kl_match_ce_resnet50_kl_match_ce_5seed_koa_mesc_kl_match_ce_seed9.pt (QWK=0.4139)

Epoch 02/60 | Time 0m 10s
  Train | loss=0.3095 | top1=50.52% | top2=75.65% | top3=93.11%
  Valid | loss=0.2604 | top1=56.43% | top2=80.82% | top3=94.23% | acc=56.78% | bal_acc=43.49% | macro_f1=0.4123 | qwk=0.6873 | mae=0.5751 | weighted_f1=0.5160 | precision_macro=0.5730 | recall_macro=0.4349
         ovr_roc_auc_macro=0.8179 | ovr_pr_auc_macro=0.5458
 Validation improved. Saved best model to /root/autodl-tmp/MedVisionLab/Knee/checkpoints/best_resnet50_mecs_layer3_knee_oa_kl_match_ce_resnet50_kl_match_ce_5seed_koa_mesc_kl_match_ce_seed9.pt (QWK=0.6873)

Epoch 03/60 | Time 0m 10s
  Train | loss=0.2405 | top1=58.15% | top2=82.46% | top3=97.02%
  Valid | loss=0.2629 | top1=57.26% | top2=82.45% | top3=95.07% | acc=57.14% | bal_acc=57.80% | macro_f1=0.5628 | qwk=0.7035 | mae=0.5666 | weighted_f1=0.5486 | precision_macro=0.5750 | recall_macro=0.5780
         ovr_roc_auc_macro=0.8457 | ovr_pr_auc_macro=0.6460
 Validation improved. Saved best model to /root/autodl-tmp/MedVisionLab/Knee/checkpoints/best_resnet50_mecs_layer3_knee_oa_kl_match_ce_resnet50_kl_match_ce_5seed_koa_mesc_kl_match_ce_seed9.pt (QWK=0.7035)

Epoch 04/60 | Time 0m 10s
  Train | loss=0.2104 | top1=62.72% | top2=86.35% | top3=98.17%
  Valid | loss=0.2097 | top1=63.74% | top2=85.94% | top3=98.20% | acc=63.56% | bal_acc=63.63% | macro_f1=0.6391 | qwk=0.7698 | mae=0.4673 | weighted_f1=0.6117 | precision_macro=0.6618 | recall_macro=0.6363
         ovr_roc_auc_macro=0.8726 | ovr_pr_auc_macro=0.6783
 Validation improved. Saved best model to /root/autodl-tmp/MedVisionLab/Knee/checkpoints/best_resnet50_mecs_layer3_knee_oa_kl_match_ce_resnet50_kl_match_ce_5seed_koa_mesc_kl_match_ce_seed9.pt (QWK=0.7698)

Epoch 05/60 | Time 0m 10s
  Train | loss=0.1949 | top1=65.23% | top2=87.40% | top3=98.26%
  Valid | loss=0.3417 | top1=59.77% | top2=82.93% | top3=97.96% | acc=59.56% | bal_acc=58.09% | macro_f1=0.5536 | qwk=0.6990 | mae=0.5811 | weighted_f1=0.5233 | precision_macro=0.6252 | recall_macro=0.5809
         ovr_roc_auc_macro=0.8510 | ovr_pr_auc_macro=0.6696
 No improvement. Bad epochs: 1/15

Epoch 06/60 | Time 0m 10s
  Train | loss=0.1825 | top1=66.89% | top2=89.23% | top3=98.60%
  Valid | loss=0.1939 | top1=64.94% | top2=87.68% | top3=98.44% | acc=64.77% | bal_acc=62.69% | macro_f1=0.6192 | qwk=0.7754 | mae=0.4504 | weighted_f1=0.6020 | precision_macro=0.6439 | recall_macro=0.6269
         ovr_roc_auc_macro=0.8725 | ovr_pr_auc_macro=0.7026
 Validation improved. Saved best model to /root/autodl-tmp/MedVisionLab/Knee/checkpoints/best_resnet50_mecs_layer3_knee_oa_kl_match_ce_resnet50_kl_match_ce_5seed_koa_mesc_kl_match_ce_seed9.pt (QWK=0.7754)

Epoch 07/60 | Time 0m 10s
  Train | loss=0.1694 | top1=68.72% | top2=90.24% | top3=99.00%
  Valid | loss=0.2130 | top1=62.35% | top2=85.22% | top3=97.24% | acc=62.11% | bal_acc=63.92% | macro_f1=0.6139 | qwk=0.7444 | mae=0.4903 | weighted_f1=0.6013 | precision_macro=0.6408 | recall_macro=0.6392
         ovr_roc_auc_macro=0.8738 | ovr_pr_auc_macro=0.7014
 No improvement. Bad epochs: 1/15

Epoch 08/60 | Time 0m 10s
  Train | loss=0.1565 | top1=70.13% | top2=91.28% | top3=99.10%
  Valid | loss=0.2064 | top1=61.36% | top2=88.10% | top3=98.44% | acc=61.14% | bal_acc=63.83% | macro_f1=0.6139 | qwk=0.7936 | mae=0.4625 | weighted_f1=0.5989 | precision_macro=0.6293 | recall_macro=0.6383
         ovr_roc_auc_macro=0.8792 | ovr_pr_auc_macro=0.7165
 Validation improved. Saved best model to /root/autodl-tmp/MedVisionLab/Knee/checkpoints/best_resnet50_mecs_layer3_knee_oa_kl_match_ce_resnet50_kl_match_ce_5seed_koa_mesc_kl_match_ce_seed9.pt (QWK=0.7936)

Epoch 09/60 | Time 0m 10s
  Train | loss=0.1464 | top1=70.52% | top2=92.32% | top3=99.30%
  Valid | loss=0.1873 | top1=63.51% | top2=88.29% | top3=98.32% | acc=63.44% | bal_acc=64.58% | macro_f1=0.6589 | qwk=0.8009 | mae=0.4262 | weighted_f1=0.6376 | precision_macro=0.6782 | recall_macro=0.6458
         ovr_roc_auc_macro=0.8811 | ovr_pr_auc_macro=0.7221
 Validation improved. Saved best model to /root/autodl-tmp/MedVisionLab/Knee/checkpoints/best_resnet50_mecs_layer3_knee_oa_kl_match_ce_resnet50_kl_match_ce_5seed_koa_mesc_kl_match_ce_seed9.pt (QWK=0.8009)

Epoch 10/60 | Time 0m 10s
  Train | loss=0.1414 | top1=72.24% | top2=92.64% | top3=99.27%
  Valid | loss=0.1898 | top1=65.73% | top2=87.81% | top3=98.68% | acc=65.62% | bal_acc=63.90% | macro_f1=0.6608 | qwk=0.8018 | mae=0.4140 | weighted_f1=0.6439 | precision_macro=0.6956 | recall_macro=0.6390
         ovr_roc_auc_macro=0.8813 | ovr_pr_auc_macro=0.7136
 Validation improved. Saved best model to /root/autodl-tmp/MedVisionLab/Knee/checkpoints/best_resnet50_mecs_layer3_knee_oa_kl_match_ce_resnet50_kl_match_ce_5seed_koa_mesc_kl_match_ce_seed9.pt (QWK=0.8018)

Epoch 11/60 | Time 0m 10s
  Train | loss=0.1311 | top1=73.98% | top2=93.56% | top3=99.37%
  Valid | loss=0.2103 | top1=64.37% | top2=88.94% | top3=98.44% | acc=64.16% | bal_acc=65.38% | macro_f1=0.6323 | qwk=0.8060 | mae=0.4322 | weighted_f1=0.6205 | precision_macro=0.6496 | recall_macro=0.6538
         ovr_roc_auc_macro=0.8860 | ovr_pr_auc_macro=0.7293
 Validation improved. Saved best model to /root/autodl-tmp/MedVisionLab/Knee/checkpoints/best_resnet50_mecs_layer3_knee_oa_kl_match_ce_resnet50_kl_match_ce_5seed_koa_mesc_kl_match_ce_seed9.pt (QWK=0.8060)

Epoch 12/60 | Time 0m 10s
  Train | loss=0.1315 | top1=74.07% | top2=93.53% | top3=99.26%
  Valid | loss=0.2135 | top1=63.17% | top2=87.86% | top3=98.68% | acc=62.95% | bal_acc=61.74% | macro_f1=0.6111 | qwk=0.7793 | mae=0.4588 | weighted_f1=0.6085 | precision_macro=0.6453 | recall_macro=0.6174
         ovr_roc_auc_macro=0.8714 | ovr_pr_auc_macro=0.6945
 No improvement. Bad epochs: 1/15

Epoch 13/60 | Time 0m 10s
  Train | loss=0.1211 | top1=75.35% | top2=94.60% | top3=99.62%
  Valid | loss=0.1929 | top1=66.66% | top2=86.51% | top3=98.20% | acc=66.59% | bal_acc=66.18% | macro_f1=0.6702 | qwk=0.7960 | mae=0.4177 | weighted_f1=0.6530 | precision_macro=0.6914 | recall_macro=0.6618
         ovr_roc_auc_macro=0.8849 | ovr_pr_auc_macro=0.7175
 No improvement. Bad epochs: 2/15

Epoch 14/60 | Time 0m 10s
  Train | loss=0.1153 | top1=76.55% | top2=95.14% | top3=99.62%
  Valid | loss=0.1898 | top1=65.60% | top2=88.82% | top3=98.80% | acc=65.38% | bal_acc=67.09% | macro_f1=0.6518 | qwk=0.8224 | mae=0.4031 | weighted_f1=0.6492 | precision_macro=0.6578 | recall_macro=0.6709
         ovr_roc_auc_macro=0.8882 | ovr_pr_auc_macro=0.7285
 Validation improved. Saved best model to /root/autodl-tmp/MedVisionLab/Knee/checkpoints/best_resnet50_mecs_layer3_knee_oa_kl_match_ce_resnet50_kl_match_ce_5seed_koa_mesc_kl_match_ce_seed9.pt (QWK=0.8224)

Epoch 15/60 | Time 0m 10s
  Train | loss=0.1116 | top1=77.58% | top2=95.24% | top3=99.48%
  Valid | loss=0.1941 | top1=65.93% | top2=88.46% | top3=97.84% | acc=65.74% | bal_acc=67.59% | macro_f1=0.6565 | qwk=0.8067 | mae=0.4128 | weighted_f1=0.6498 | precision_macro=0.6508 | recall_macro=0.6759
         ovr_roc_auc_macro=0.8835 | ovr_pr_auc_macro=0.7107
 No improvement. Bad epochs: 1/15

Epoch 16/60 | Time 0m 10s
  Train | loss=0.0995 | top1=78.85% | top2=96.28% | top3=99.76%
  Valid | loss=0.2265 | top1=57.61% | top2=82.69% | top3=96.51% | acc=57.38% | bal_acc=62.49% | macro_f1=0.6181 | qwk=0.7280 | mae=0.5218 | weighted_f1=0.5790 | precision_macro=0.6458 | recall_macro=0.6249
         ovr_roc_auc_macro=0.8655 | ovr_pr_auc_macro=0.6780
 No improvement. Bad epochs: 2/15

Epoch 17/60 | Time 0m 10s
  Train | loss=0.0921 | top1=80.01% | top2=97.13% | top3=99.81%
  Valid | loss=0.2175 | top1=66.81% | top2=88.10% | top3=98.44% | acc=66.71% | bal_acc=65.25% | macro_f1=0.6578 | qwk=0.8047 | mae=0.4104 | weighted_f1=0.6511 | precision_macro=0.6766 | recall_macro=0.6525
         ovr_roc_auc_macro=0.8778 | ovr_pr_auc_macro=0.7102
 No improvement. Bad epochs: 3/15

Epoch 18/60 | Time 0m 10s
  Train | loss=0.0899 | top1=80.78% | top2=97.03% | top3=99.71%
  Valid | loss=0.2047 | top1=59.14% | top2=86.42% | top3=97.48% | acc=58.96% | bal_acc=64.08% | macro_f1=0.6275 | qwk=0.7711 | mae=0.4794 | weighted_f1=0.5987 | precision_macro=0.6293 | recall_macro=0.6408
         ovr_roc_auc_macro=0.8744 | ovr_pr_auc_macro=0.7011
 No improvement. Bad epochs: 4/15

Epoch 19/60 | Time 0m 10s
  Train | loss=0.0874 | top1=81.74% | top2=97.19% | top3=99.79%
  Valid | loss=0.1894 | top1=66.63% | top2=89.28% | top3=97.60% | acc=66.59% | bal_acc=64.59% | macro_f1=0.6536 | qwk=0.8014 | mae=0.4104 | weighted_f1=0.6430 | precision_macro=0.6811 | recall_macro=0.6459
         ovr_roc_auc_macro=0.8812 | ovr_pr_auc_macro=0.7147
 No improvement. Bad epochs: 5/15

Epoch 20/60 | Time 0m 10s
  Train | loss=0.0771 | top1=83.71% | top2=97.69% | top3=99.88%
  Valid | loss=0.1971 | top1=63.27% | top2=87.23% | top3=97.72% | acc=63.20% | bal_acc=62.69% | macro_f1=0.6235 | qwk=0.7787 | mae=0.4504 | weighted_f1=0.6181 | precision_macro=0.6356 | recall_macro=0.6269
         ovr_roc_auc_macro=0.8768 | ovr_pr_auc_macro=0.6973
 No improvement. Bad epochs: 6/15

Epoch 21/60 | Time 0m 10s
  Train | loss=0.0698 | top1=84.99% | top2=98.48% | top3=99.95%
  Valid | loss=0.1993 | top1=64.37% | top2=89.30% | top3=97.72% | acc=64.16% | bal_acc=66.67% | macro_f1=0.6477 | qwk=0.8138 | mae=0.4140 | weighted_f1=0.6440 | precision_macro=0.6419 | recall_macro=0.6667
         ovr_roc_auc_macro=0.8844 | ovr_pr_auc_macro=0.7169
 No improvement. Bad epochs: 7/15

Epoch 22/60 | Time 0m 10s
  Train | loss=0.0666 | top1=85.41% | top2=98.50% | top3=99.91%
  Valid | loss=0.2171 | top1=66.17% | top2=88.70% | top3=98.80% | acc=65.98% | bal_acc=66.69% | macro_f1=0.6561 | qwk=0.8127 | mae=0.4080 | weighted_f1=0.6496 | precision_macro=0.6655 | recall_macro=0.6669
         ovr_roc_auc_macro=0.8782 | ovr_pr_auc_macro=0.7158
 No improvement. Bad epochs: 8/15

Epoch 23/60 | Time 0m 10s
  Train | loss=0.0604 | top1=87.37% | top2=98.69% | top3=99.91%
  Valid | loss=0.2633 | top1=54.54% | top2=82.09% | top3=95.07% | acc=54.24% | bal_acc=63.48% | macro_f1=0.6094 | qwk=0.7241 | mae=0.5315 | weighted_f1=0.5427 | precision_macro=0.6701 | recall_macro=0.6348
         ovr_roc_auc_macro=0.8711 | ovr_pr_auc_macro=0.6899
 No improvement. Bad epochs: 9/15

Epoch 24/60 | Time 0m 10s
  Train | loss=0.0562 | top1=87.83% | top2=99.02% | top3=99.95%
  Valid | loss=0.2041 | top1=64.76% | top2=87.50% | top3=96.75% | acc=64.53% | bal_acc=68.39% | macro_f1=0.6623 | qwk=0.8094 | mae=0.4153 | weighted_f1=0.6459 | precision_macro=0.6519 | recall_macro=0.6839
         ovr_roc_auc_macro=0.8813 | ovr_pr_auc_macro=0.6996
 No improvement. Bad epochs: 10/15

Epoch 25/60 | Time 0m 10s
  Train | loss=0.0525 | top1=89.17% | top2=99.07% | top3=99.97%
  Valid | loss=0.2141 | top1=61.85% | top2=87.50% | top3=97.72% | acc=61.74% | bal_acc=65.27% | macro_f1=0.6473 | qwk=0.8103 | mae=0.4298 | weighted_f1=0.6306 | precision_macro=0.6543 | recall_macro=0.6527
         ovr_roc_auc_macro=0.8739 | ovr_pr_auc_macro=0.6981
 No improvement. Bad epochs: 11/15

Epoch 26/60 | Time 0m 10s
  Train | loss=0.0505 | top1=88.98% | top2=98.96% | top3=99.93%
  Valid | loss=0.2148 | top1=63.51% | top2=85.16% | top3=96.51% | acc=63.44% | bal_acc=64.93% | macro_f1=0.6589 | qwk=0.8001 | mae=0.4249 | weighted_f1=0.6405 | precision_macro=0.6746 | recall_macro=0.6493
         ovr_roc_auc_macro=0.8798 | ovr_pr_auc_macro=0.7082
 No improvement. Bad epochs: 12/15

Epoch 27/60 | Time 0m 10s
  Train | loss=0.0458 | top1=90.42% | top2=99.37% | top3=99.95%
  Valid | loss=0.2539 | top1=57.50% | top2=83.84% | top3=95.31% | acc=57.38% | bal_acc=61.63% | macro_f1=0.6134 | qwk=0.7516 | mae=0.4952 | weighted_f1=0.5798 | precision_macro=0.6476 | recall_macro=0.6163
         ovr_roc_auc_macro=0.8694 | ovr_pr_auc_macro=0.6831
 No improvement. Bad epochs: 13/15

Epoch 28/60 | Time 0m 10s
  Train | loss=0.0420 | top1=91.38% | top2=99.21% | top3=99.97%
  Valid | loss=0.2220 | top1=62.15% | top2=88.31% | top3=97.72% | acc=61.99% | bal_acc=65.58% | macro_f1=0.6599 | qwk=0.8012 | mae=0.4334 | weighted_f1=0.6319 | precision_macro=0.6737 | recall_macro=0.6558
         ovr_roc_auc_macro=0.8722 | ovr_pr_auc_macro=0.6851
 No improvement. Bad epochs: 14/15

Epoch 29/60 | Time 0m 10s
  Train | loss=0.0373 | top1=92.77% | top2=99.46% | top3=99.93%
  Valid | loss=0.2237 | top1=63.08% | top2=87.35% | top3=96.27% | acc=62.95% | bal_acc=64.97% | macro_f1=0.6550 | qwk=0.7868 | mae=0.4419 | weighted_f1=0.6367 | precision_macro=0.6646 | recall_macro=0.6497
         ovr_roc_auc_macro=0.8719 | ovr_pr_auc_macro=0.6986
 No improvement. Bad epochs: 15/15
⏹ Early stopping triggered.
 Training stopped early at epoch 29.

Loading best model and evaluating on test set...
Best validation QWK: 0.8224

Test | loss=0.1801 | top1=66.81% | top2=89.48% | top3=99.10% | acc=66.67% | bal_acc=67.47% | macro_f1=0.6583 | qwk=0.8275 | mae=0.3913 | weighted_f1=0.6556 | precision_macro=0.6603 | recall_macro=0.6747
     ovr_roc_auc_macro=0.8982 | ovr_pr_auc_macro=0.7189

Evaluating on auto_test set...

AutoTest | loss=0.1730 | top1=67.74% | top2=90.10% | top3=99.02% | acc=67.56% | bal_acc=67.95% | macro_f1=0.6653 | qwk=0.8344 | mae=0.3768 | weighted_f1=0.6643 | precision_macro=0.6691 | recall_macro=0.6795
         ovr_roc_auc_macro=0.8998 | ovr_pr_auc_macro=0.7172

ResNet(layer3)+MECS+KL-Match Soft CE Knee Osteoarthritis baseline completed!
